/*---------------------------------------------------------------------------*\
| =========                 |                                                 |
| \\      /  F ield         | OpenFOAM: The Open Source CFD Toolbox           |
|  \\    /   O peration     | Version:  v1706                                 |
|   \\  /    A nd           | Web:      www.OpenFOAM.com                      |
|    \\/     M anipulation  |                                                 |
\*---------------------------------------------------------------------------*/
Build  : v1706
Arch   : "LSB;label=32;scalar=64"
Exec   : dsmcFoam+
Date   : Jun 12 2026
Time   : 22:06:08
Host   : "SuperXCX-ROG"
PID    : 1164112
/*---------------------------------------------------------------------------*\
| =========                 |                                                 |
| \\      /  F ield         | OpenFOAM: The Open Source CFD Toolbox           |
|  \\    /   O peration     | Version:  v1706                                 |
|   \\  /    A nd           | Web:      www.OpenFOAM.com                      |
|    \\/     M anipulation  |                                                 |
\*---------------------------------------------------------------------------*/
Build  : v1706
Arch   : "LSB;label=32;scalar=64"
Exec   : dsmcFoam+
Date   : Jun 12 2026
Time   : 22:06:08
Host   : "SuperXCX-ROG"
PID    : 1164113
/*---------------------------------------------------------------------------*\
| =========                 |                                                 |
| \\      /  F ield         | OpenFOAM: The Open Source CFD Toolbox           |
|  \\    /   O peration     | Version:  v1706                                 |
|   \\  /    A nd           | Web:      www.OpenFOAM.com                      |
|    \\/     M anipulation  |                                                 |
\*---------------------------------------------------------------------------*/
Build  : v1706
Arch   : "LSB;label=32;scalar=64"
Exec   : dsmcFoam+
Date   : Jun 12 2026
Time   : 22:06:08
Host   : "SuperXCX-ROG"
PID    : 1164114
/*---------------------------------------------------------------------------*\
| =========                 |                                                 |
| \\      /  F ield         | OpenFOAM: The Open Source CFD Toolbox           |
|  \\    /   O peration     | Version:  v1706                                 |
|   \\  /    A nd           | Web:      www.OpenFOAM.com                      |
|    \\/     M anipulation  |                                                 |
\*---------------------------------------------------------------------------*/
Build  : v1706
Arch   : "LSB;label=32;scalar=64"
Exec   : dsmcFoam+
Date   : Jun 12 2026
Time   : 22:06:08
Host   : "SuperXCX-ROG"
PID    : 1164115
/*---------------------------------------------------------------------------*\
| =========                 |                                                 |
| \\      /  F ield         | OpenFOAM: The Open Source CFD Toolbox           |
|  \\    /   O peration     | Version:  v1706                                 |
|   \\  /    A nd           | Web:      www.OpenFOAM.com                      |
|    \\/     M anipulation  |                                                 |
\*---------------------------------------------------------------------------*/
Build  : v1706
Arch   : "LSB;label=32;scalar=64"
Exec   : dsmcFoam+
Date   : Jun 12 2026
Time   : 22:06:08
Host   : "SuperXCX-ROG"
PID    : 1164116
/*---------------------------------------------------------------------------*\
| =========                 |                                                 |
| \\      /  F ield         | OpenFOAM: The Open Source CFD Toolbox           |
|  \\    /   O peration     | Version:  v1706                                 |
|   \\  /    A nd           | Web:      www.OpenFOAM.com                      |
|    \\/     M anipulation  |                                                 |
\*---------------------------------------------------------------------------*/
Build  : v1706
Arch   : "LSB;label=32;scalar=64"
Exec   : dsmcFoam+
Date   : Jun 12 2026
Time   : 22:06:08
Host   : "SuperXCX-ROG"
PID    : 1164117
/*---------------------------------------------------------------------------*\
| =========                 |                                                 |
| \\      /  F ield         | OpenFOAM: The Open Source CFD Toolbox           |
|  \\    /   O peration     | Version:  v1706                                 |
|   \\  /    A nd           | Web:      www.OpenFOAM.com                      |
|    \\/     M anipulation  |                                                 |
\*---------------------------------------------------------------------------*/
Build  : v1706
Arch   : "LSB;label=32;scalar=64"
Exec   : dsmcFoam+
Date   : Jun 12 2026
Time   : 22:06:08
Host   : "SuperXCX-ROG"
PID    : 1164118
/*---------------------------------------------------------------------------*\
| =========                 |                                                 |
| \\      /  F ield         | OpenFOAM: The Open Source CFD Toolbox           |
|  \\    /   O peration     | Version:  v1706                                 |
|   \\  /    A nd           | Web:      www.OpenFOAM.com                      |
|    \\/     M anipulation  |                                                 |
\*---------------------------------------------------------------------------*/
Build  : v1706
Arch   : "LSB;label=32;scalar=64"
Exec   : dsmcFoam+
Date   : Jun 12 2026
Time   : 22:06:08
Host   : "SuperXCX-ROG"
PID    : 1164119
Case   : /home/superxcx/code/OpenFoam/OF-1706/hyStrath_dlb/run/hyStrath/dsmcFoam+/xcx_test/pal-phd-3.3.1-cylinder-react/timecompare/ourmesh/mpi8replicatedmesh
nProcs : 1
sigFpe : Enabling floating point exception trapping (FOAM_SIGFPE).
Case   : /home/superxcx/code/OpenFoam/OF-1706/hyStrath_dlb/run/hyStrath/dsmcFoam+/xcx_test/pal-phd-3.3.1-cylinder-react/timecompare/ourmesh/mpi8replicatedmesh
nProcs : 1
sigFpe : Enabling floating point exception trapping (FOAM_SIGFPE).
Case   : /home/superxcx/code/OpenFoam/OF-1706/hyStrath_dlb/run/hyStrath/dsmcFoam+/xcx_test/pal-phd-3.3.1-cylinder-react/timecompare/ourmesh/mpi8replicatedmesh
nProcs : 1
sigFpe : Enabling floating point exception trapping (FOAM_SIGFPE).
Case   : /home/superxcx/code/OpenFoam/OF-1706/hyStrath_dlb/run/hyStrath/dsmcFoam+/xcx_test/pal-phd-3.3.1-cylinder-react/timecompare/ourmesh/mpi8replicatedmesh
nProcs : 1
sigFpe : Enabling floating point exception trapping (FOAM_SIGFPE).
Case   : /home/superxcx/code/OpenFoam/OF-1706/hyStrath_dlb/run/hyStrath/dsmcFoam+/xcx_test/pal-phd-3.3.1-cylinder-react/timecompare/ourmesh/mpi8replicatedmesh
nProcs : 1
sigFpe : Enabling floating point exception trapping (FOAM_SIGFPE).
Case   : /home/superxcx/code/OpenFoam/OF-1706/hyStrath_dlb/run/hyStrath/dsmcFoam+/xcx_test/pal-phd-3.3.1-cylinder-react/timecompare/ourmesh/mpi8replicatedmesh
nProcs : 1
sigFpe : Enabling floating point exception trapping (FOAM_SIGFPE).
Case   : /home/superxcx/code/OpenFoam/OF-1706/hyStrath_dlb/run/hyStrath/dsmcFoam+/xcx_test/pal-phd-3.3.1-cylinder-react/timecompare/ourmesh/mpi8replicatedmesh
nProcs : 1
sigFpe : Enabling floating point exception trapping (FOAM_SIGFPE).
fileModificationChecking : Monitoring run-time modified files using timeStampMaster (fileModificationSkew 10)
allowSystemOperations : Allowing user-supplied system call operations

fileModificationChecking : Monitoring run-time modified files using timeStampMaster (fileModificationSkew 10)
allowSystemOperations : Allowing user-supplied system call operations

fileModificationChecking : Monitoring run-time modified files using timeStampMaster (fileModificationSkew 10)
allowSystemOperations : Allowing user-supplied system call operations

fileModificationChecking : Monitoring run-time modified files using timeStampMaster (fileModificationSkew 10)
allowSystemOperations : Allowing user-supplied system call operations

fileModificationChecking : Monitoring run-time modified files using timeStampMaster (fileModificationSkew 10)
allowSystemOperations : Allowing user-supplied system call operations

// * * * * * * * * * * * * * * * * * * * * * * * * * * * * * * * * * * * * * //
Create time

fileModificationChecking : Monitoring run-time modified files using timeStampMaster (fileModificationSkew 10)
allowSystemOperations : Allowing user-supplied system call operations

// * * * * * * * * * * * * * * * * * * * * * * * * * * * * * * * * * * * * * //
Create time

// * * * * * * * * * * * * * * * * * * * * * * * * * * * * * * * * * * * * * //
Create time

// * * * * * * * * * * * * * * * * * * * * * * * * * * * * * * * * * * * * * //
Create time

fileModificationChecking : Monitoring run-time modified files using timeStampMaster (fileModificationSkew 10)
allowSystemOperations : Allowing user-supplied system call operations

// * * * * * * * * * * * * * * * * * * * * * * * * * * * * * * * * * * * * * //
Create time

// * * * * * * * * * * * * * * * * * * * * * * * * * * * * * * * * * * * * * //
Create time

Case   : /home/superxcx/code/OpenFoam/OF-1706/hyStrath_dlb/run/hyStrath/dsmcFoam+/xcx_test/pal-phd-3.3.1-cylinder-react/timecompare/ourmesh/mpi8replicatedmesh
nProcs : 1
sigFpe : Enabling floating point exception trapping (FOAM_SIGFPE).
fileModificationChecking : Monitoring run-time modified files using timeStampMaster (fileModificationSkew 10)
allowSystemOperations : Allowing user-supplied system call operations

// * * * * * * * * * * * * * * * * * * * * * * * * * * * * * * * * * * * * * //
Create time

// * * * * * * * * * * * * * * * * * * * * * * * * * * * * * * * * * * * * * //
Create time

Create mesh for time = 0

Create mesh for time = 0

Create mesh for time = 0

Create mesh for time = 0

Create mesh for time = 0

Create mesh for time = 0

Create mesh for time = 0

Create mesh for time = 0

Selecting dynamicFvMesh staticFvMesh
Selecting dynamicFvMesh staticFvMesh
Selecting dynamicFvMesh staticFvMesh
Selecting dynamicFvMesh staticFvMesh
Selecting dynamicFvMesh staticFvMesh
Selecting dynamicFvMesh staticFvMesh
Selecting dynamicFvMesh staticFvMesh
Selecting dynamicFvMesh staticFvMesh

Constructing dsmcCloud 

Constructing dsmcCloud 

Constructing dsmcCloud 

Constructing dsmcCloud 

Constructing dsmcCloud 

Constructing dsmcCloud 

Constructing dsmcCloud 

Constructing dsmcCloud 
Selecting the coordinate system model:	dsmcCartesian

Selecting the time-step model:	dsmcConstantTimeStepModel

Constant time-step model:
- time-step [sec]	1e-07

Selecting the porous measurement model:	dsmcNoPorousMediumMeasurements


Creating dsmcControllers

Creating fields: 

Selecting field: dsmcVolFields

TimeData Statistics: 
 measurement option: write
 nSamples: 1, time interval: 1e-07
 nAverages: 10000, time interval: 0.001
 total no. of sampling steps: 0
 total no. of averaging Steps: 0


Selecting the coordinate system model:	dsmcCartesian

Selecting the time-step model:	dsmcConstantTimeStepModel

Constant time-step model:
- time-step [sec]	1e-07

Selecting the porous measurement model:	dsmcNoPorousMediumMeasurements


Creating dsmcControllers

Creating fields: 

Selecting field: dsmcVolFields

TimeData Statistics: 
 measurement option: write
 nSamples: 1, time interval: 1e-07
 nAverages: 10000, time interval: 0.001
 total no. of sampling steps: 0
 total no. of averaging Steps: 0


Selecting the coordinate system model:	dsmcCartesian

Selecting the time-step model:	dsmcConstantTimeStepModel

Constant time-step model:
- time-step [sec]	1e-07

Selecting the porous measurement model:	dsmcNoPorousMediumMeasurements

Selecting the coordinate system model:	dsmcCartesian

Selecting the time-step model:	dsmcConstantTimeStepModel

Selecting the coordinate system model:	dsmcCartesian

Selecting the time-step model:	dsmcConstantTimeStepModel

Constant time-step model:
- time-step [sec]	1e-07

Selecting the porous measurement model:	dsmcNoPorousMediumMeasurements

Constant time-step model:
- time-step [sec]	1e-07

Selecting the porous measurement model:	dsmcNoPorousMediumMeasurements


Creating dsmcControllers


Creating dsmcControllers

Creating fields: 

Selecting field: dsmcVolFields
Creating fields: 

Selecting field: dsmcVolFields

TimeData Statistics: 

TimeData Statistics: 
 measurement option: write
 measurement option: write
 nSamples: 1, time interval: 1e-07
 nAverages: 10000, time interval: 0.001
 total no. of sampling steps: 0
 total no. of averaging Steps: 0


 nSamples: 1, time interval: 1e-07
 nAverages: 10000, time interval: 0.001
 total no. of sampling steps: 0
 total no. of averaging Steps: 0



Creating dsmcControllers

Creating fields: 

Selecting field: dsmcVolFields

TimeData Statistics: 
 measurement option: write
 nSamples: 1, time interval: 1e-07
 nAverages: 10000, time interval: 0.001
 total no. of sampling steps: 0
 total no. of averaging Steps: 0


Selecting the coordinate system model:	dsmcCartesian

Selecting the time-step model:	dsmcConstantTimeStepModel

Constant time-step model:
- time-step [sec]	1e-07

Selecting the porous measurement model:	dsmcNoPorousMediumMeasurements

Selecting the coordinate system model:	dsmcCartesian

Selecting the time-step model:	dsmcConstantTimeStepModel


Creating dsmcControllers

Constant time-step model:
- time-step [sec]	1e-07

Selecting the porous measurement model:	dsmcNoPorousMediumMeasurements

Creating fields: 

Selecting field: dsmcVolFields

TimeData Statistics: 
 measurement option: write
 nSamples: 1, time interval: 1e-07
 nAverages: 10000, time interval: 0.001
 total no. of sampling steps: 0
 total no. of averaging Steps: 0


Creating the boundary models: 

Selecting dsmcPatchBoundaryModel dsmcDeletionPatch
Selecting dsmcPatchBoundaryModel dsmcDeletionPatch
Selecting dsmcPatchBoundaryModel dsmcDiffuseWallPatch
Selecting dsmcGeneralBoundaryModel dsmcFreeStreamInflowPatch

Creating dsmcControllers

Creating fields: 

Selecting field: dsmcVolFields

TimeData Statistics: 
 measurement option: write
 nSamples: 1, time interval: 1e-07
 nAverages: 10000, time interval: 0.001
 total no. of sampling steps: 0
 total no. of averaging Steps: 0


Selecting the coordinate system model:	dsmcCartesian

Selecting the time-step model:	dsmcConstantTimeStepModel

Constant time-step model:
- time-step [sec]	1e-07

Selecting the porous measurement model:	dsmcNoPorousMediumMeasurements

Selecting BinaryCollisionModel LarsenBorgnakkeVariableHardSphere

Creating dsmcReactions

There are no chemical reactions defined.

Creating dsmcControllers

Creating fields: 

Selecting field: dsmcVolFields

TimeData Statistics: 
 measurement option: write
 nSamples: 1, time interval: 1e-07
 nAverages: 10000, time interval: 0.001
 total no. of sampling steps: 0
 total no. of averaging Steps: 0


Creating the boundary models: 

Selecting dsmcPatchBoundaryModel dsmcDeletionPatch
Selecting dsmcPatchBoundaryModel dsmcDeletionPatch
Selecting dsmcPatchBoundaryModel dsmcDiffuseWallPatch
Selecting dsmcGeneralBoundaryModel dsmcFreeStreamInflowPatch
Selecting BinaryCollisionModel LarsenBorgnakkeVariableHardSphere

Creating dsmcReactions

There are no chemical reactions defined.
Creating the boundary models: 

Selecting dsmcPatchBoundaryModel dsmcDeletionPatch
Selecting dsmcPatchBoundaryModel dsmcDeletionPatch
Selecting dsmcPatchBoundaryModel dsmcDiffuseWallPatch
Selecting dsmcGeneralBoundaryModel dsmcFreeStreamInflowPatch
Creating the boundary models: 

Selecting dsmcPatchBoundaryModel dsmcDeletionPatch
Selecting dsmcPatchBoundaryModel dsmcDeletionPatch
Selecting dsmcPatchBoundaryModel dsmcDiffuseWallPatch
Selecting dsmcGeneralBoundaryModel dsmcFreeStreamInflowPatch
Creating the boundary models: 

Selecting dsmcPatchBoundaryModel dsmcDeletionPatch
Selecting dsmcPatchBoundaryModel dsmcDeletionPatch
Selecting dsmcPatchBoundaryModel dsmcDiffuseWallPatch
Selecting dsmcGeneralBoundaryModel dsmcFreeStreamInflowPatch
Creating the boundary models: 

Selecting dsmcPatchBoundaryModel dsmcDeletionPatch
Selecting dsmcPatchBoundaryModel dsmcDeletionPatch
Selecting dsmcPatchBoundaryModel dsmcDiffuseWallPatch
Selecting dsmcGeneralBoundaryModel dsmcFreeStreamInflowPatch
Selecting BinaryCollisionModel LarsenBorgnakkeVariableHardSphere

Creating dsmcReactions

There are no chemical reactions defined.
Selecting BinaryCollisionModel LarsenBorgnakkeVariableHardSphere

Creating dsmcReactions

There are no chemical reactions defined.
Selecting BinaryCollisionModel LarsenBorgnakkeVariableHardSphere

Creating dsmcReactions

There are no chemical reactions defined.
Creating the boundary models: 

Selecting dsmcPatchBoundaryModel dsmcDeletionPatch
Selecting dsmcPatchBoundaryModel dsmcDeletionPatch
Selecting dsmcPatchBoundaryModel dsmcDiffuseWallPatch
Selecting dsmcGeneralBoundaryModel dsmcFreeStreamInflowPatch
Selecting BinaryCollisionModel LarsenBorgnakkeVariableHardSphere

Creating dsmcReactions

There are no chemical reactions defined.
Creating the boundary models: 

Selecting dsmcPatchBoundaryModel dsmcDeletionPatch
Selecting dsmcPatchBoundaryModel dsmcDeletionPatch
Selecting dsmcPatchBoundaryModel dsmcDiffuseWallPatch
Selecting dsmcGeneralBoundaryModel dsmcFreeStreamInflowPatch
Selecting BinaryCollisionModel LarsenBorgnakkeVariableHardSphere

Creating dsmcReactions

There are no chemical reactions defined.
Selecting BinaryCollisionModel LarsenBorgnakkeVariableHardSphere

Creating dsmcReactions

There are no chemical reactions defined.

Constructing constant properties for
	N2
	O2
	NO
	N
	O

Constructing constant properties for
	N2
	O2
	NO
	N
	O

Constructing constant properties for
	N2
	O2
	NO
	N
	O

Constructing constant properties for
	N2
	O2
	NO
	N
	O
Selecting collisionPartnerSelectionModel noTimeCounter
Collision profile: collisionReduceOnlyOnOutput defaulted to true for replicatedMesh run
Collision profile: collisionOutputGlobalReduce defaulted to false for replicatedMesh run

Initialising the measurement fields

Initialising dsmcVolFields field

Constructing constant properties for
	N2
	O2
	NO
	N
	O

Constructing constant properties for
	N2
	O2
	NO
	N
	O
Selecting collisionPartnerSelectionModel noTimeCounter
Collision profile: collisionReduceOnlyOnOutput defaulted to true for replicatedMesh run
Collision profile: collisionOutputGlobalReduce defaulted to false for replicatedMesh run

Initialising the measurement fields

Initialising dsmcVolFields field
Selecting collisionPartnerSelectionModel noTimeCounter
Collision profile: collisionReduceOnlyOnOutput defaulted to true for replicatedMesh run
Collision profile: collisionOutputGlobalReduce defaulted to false for replicatedMesh run

Initialising the measurement fields

Initialising dsmcVolFields field
Selecting collisionPartnerSelectionModel noTimeCounter
Collision profile: collisionReduceOnlyOnOutput defaulted to true for replicatedMesh run
Collision profile: collisionOutputGlobalReduce defaulted to false for replicatedMesh run

Initialising the measurement fields

Initialising dsmcVolFields field

Constructing constant properties for
	N2
	O2
	NO
	N
	O
Selecting collisionPartnerSelectionModel noTimeCounter
Collision profile: collisionReduceOnlyOnOutput defaulted to true for replicatedMesh run
Collision profile: collisionOutputGlobalReduce defaulted to false for replicatedMesh run

Initialising the measurement fields

Initialising dsmcVolFields field

Constructing constant properties for
	N2
	O2
	NO
	N
	O
Selecting collisionPartnerSelectionModel noTimeCounter
Collision profile: collisionReduceOnlyOnOutput defaulted to true for replicatedMesh run
Collision profile: collisionOutputGlobalReduce defaulted to false for replicatedMesh run

Initialising the measurement fields

Initialising dsmcVolFields field
Selecting collisionPartnerSelectionModel noTimeCounter
Collision profile: collisionReduceOnlyOnOutput defaulted to true for replicatedMesh run
Collision profile: collisionOutputGlobalReduce defaulted to false for replicatedMesh run

Initialising the measurement fields

Initialising dsmcVolFields field
Selecting collisionPartnerSelectionModel noTimeCounter
Collision profile: collisionReduceOnlyOnOutput defaulted to true for replicatedMesh run
Collision profile: collisionOutputGlobalReduce defaulted to false for replicatedMesh run

Initialising the measurement fields

Initialising dsmcVolFields field
Replicated mesh: METIS decomposition complete, 104151 cells -> 8 ranks
Replicated mesh: rank 0 owns 13019 / 104151 cells
Local mesh: 13019 owned + 310 halo = 13329 / 104151 cells
Replicated mesh: no-Alltoall async migration enabled
Replicated mesh: flatTransfer=1 found=1
Replicated mesh: flat POD transfer enabled
Replicated mesh: writeMode=gathered
Phase C auto DLB: enabled (ParMETIS AdaptiveRepart), imbalanceThreshold=1.5, dlbSteps=50, sarSteps=10, triggerMode=legacyWindow, minGapSteps=50, checkCollective=allgather, particleGate=1, particleGateThreshold=1.5, skipPostDiag=0
Replicated mesh: initialized with 8 MPI ranks, migrate interval 10

Starting time loop

Replicated mesh: initial particle distribution

Replicated mesh: rank 0 kept 251361 parcels, deleted 1806661 non-owned parcels
Time = 1e-06

    Collision global reduction skipped (rank 0 local diagnostics)
    Collisions                      = 349
    Collision candidates           = 363
    Collision acceptance rate      = 0.9614325069

    Number of DSMC particles        = 2065840
    Number of stuck particles       = 0
    Number of free particles        = 2065840
    Average linear kinetic energy   = 1.111310867e-18
    Average rotational energy       = 2.629858019e-21
    Average vibrational energy      = 8.377772758e-24
    Average electronic energy       = 0
    Total energy                    = 1.150620307

Stage 1.0  ExecutionTime = 8.77 s  ClockTime = 11 s  Iteration 10 (0.22 s)

Time = 2e-06

    Collision global reduction skipped (rank 0 local diagnostics)
    Collisions                      = 495
    Collision candidates           = 572
    Collision acceptance rate      = 0.8653846154

    Number of DSMC particles        = 2074004
    Number of stuck particles       = 0
    Number of free particles        = 2074004
    Average linear kinetic energy   = 1.107087077e-18
    Average rotational energy       = 2.683363772e-21
    Average vibrational energy      = 1.699616148e-23
    Average electronic energy       = 0
    Total energy                    = 1.150851792

Stage 1.0  ExecutionTime = 9.75 s  ClockTime = 12 s  Iteration 20 (0.25 s)

Time = 3e-06

    Collision global reduction skipped (rank 0 local diagnostics)
    Collisions                      = 559
    Collision candidates           = 700
    Collision acceptance rate      = 0.7985714286

    Number of DSMC particles        = 2082069
    Number of stuck particles       = 0
    Number of free particles        = 2082069
    Average linear kinetic energy   = 1.102994007e-18
    Average rotational energy       = 2.750499018e-21
    Average vibrational energy      = 2.85220702e-23
    Average electronic energy       = 0
    Total energy                    = 1.151147871

Stage 1.0  ExecutionTime = 10.8 s  ClockTime = 13 s  Iteration 30 (0.28 s)

Time = 4e-06

    Collision global reduction skipped (rank 0 local diagnostics)
    Collisions                      = 673
    Collision candidates           = 893
    Collision acceptance rate      = 0.7536394177

    Number of DSMC particles        = 2090230
    Number of stuck particles       = 0
    Number of free particles        = 2090230
    Average linear kinetic energy   = 1.098937518e-18
    Average rotational energy       = 2.832147629e-21
    Average vibrational energy      = 4.127245384e-23
    Average electronic energy       = 0
    Total energy                    = 1.151519138

Stage 1.0  ExecutionTime = 11.83 s  ClockTime = 14 s  Iteration 40 (0.27 s)

Time = 5e-06

    Collision global reduction skipped (rank 0 local diagnostics)
    Collisions                      = 695
    Collision candidates           = 974
    Collision acceptance rate      = 0.7135523614


Phase C auto DLB triggered (threshold) at step 50: sar=-0.119211609 loadImbalance=1.634391862 threshold=1.5 particleMaxMin=1.585019197
Phase C ParMETIS weights: particles=2098388 activeCells=103911 maxCellParticles=56
Phase C ParMETIS: alpha=0.8 ncon=1 ubvec=[1.049999952] moveRatio=0.9667564102 (moveT=3.789069892s, collT=0.130293716s)
Phase C ParMETIS: AdaptiveRepart (104151 cells, 1 constraints, ubvec=1.049999952)
Replicated mesh: rank 0 owns 8857 / 104151 cells
Local mesh: 8857 owned + 271 halo = 9128 / 104151 cells
Phase C ParMETIS AdaptiveRepart: 94713 / 104151 cells changed (0.909381571)
Phase C auto DLB complete: rebalance #1

    Number of DSMC particles        = 2098388
    Number of stuck particles       = 0
    Number of free particles        = 2098388
    Average linear kinetic energy   = 1.094991815e-18
    Average rotational energy       = 2.937854785e-21
    Average vibrational energy      = 5.417881467e-23
    Average electronic energy       = 0
    Total energy                    = 1.151998066

Stage 1.0  ExecutionTime = 13.14 s  ClockTime = 15 s  Iteration 50 (0.45 s)

Time = 6e-06

    Collision global reduction skipped (rank 0 local diagnostics)
    Collisions                      = 356
    Collision candidates           = 362
    Collision acceptance rate      = 0.9834254144

    Number of DSMC particles        = 2106510
    Number of stuck particles       = 0
    Number of free particles        = 2106510
    Average linear kinetic energy   = 1.091007877e-18
    Average rotational energy       = 3.003991439e-21
    Average vibrational energy      = 6.380476716e-23
    Average electronic energy       = 0
    Total energy                    = 1.152340673

Stage 1.0  ExecutionTime = 14.14 s  ClockTime = 16 s  Iteration 60 (0.26 s)

Time = 7e-06

    Collision global reduction skipped (rank 0 local diagnostics)
    Collisions                      = 564
    Collision candidates           = 601
    Collision acceptance rate      = 0.9384359401

    Number of DSMC particles        = 2114822
    Number of stuck particles       = 0
    Number of free particles        = 2114822
    Average linear kinetic energy   = 1.087295915e-18
    Average rotational energy       = 3.157575807e-21
    Average vibrational energy      = 8.114234843e-23
    Average electronic energy       = 0
    Total energy                    = 1.153143317

Stage 1.0  ExecutionTime = 15.17 s  ClockTime = 18 s  Iteration 70 (0.28 s)

Time = 8e-06

    Collision global reduction skipped (rank 0 local diagnostics)
    Collisions                      = 493
    Collision candidates           = 572
    Collision acceptance rate      = 0.8618881119

    Number of DSMC particles        = 2122792
    Number of stuck particles       = 0
    Number of free particles        = 2122792
    Average linear kinetic energy   = 1.083669445e-18
    Average rotational energy       = 3.346295404e-21
    Average vibrational energy      = 1.067884313e-22
    Average electronic energy       = 0
    Total energy                    = 1.153867503

Stage 1.0  ExecutionTime = 16.2 s  ClockTime = 19 s  Iteration 80 (0.26 s)

Time = 9e-06

    Collision global reduction skipped (rank 0 local diagnostics)
    Collisions                      = 594
    Collision candidates           = 692
    Collision acceptance rate      = 0.8583815029

    Number of DSMC particles        = 2130938
    Number of stuck particles       = 0
    Number of free particles        = 2130938
    Average linear kinetic energy   = 1.080236572e-18
    Average rotational energy       = 3.577281677e-21
    Average vibrational energy      = 1.326917439e-22
    Average electronic energy       = 0
    Total energy                    = 1.154911442

Stage 1.0  ExecutionTime = 17.32 s  ClockTime = 20 s  Iteration 90 (0.3 s)

Time = 1e-05

    Collision global reduction skipped (rank 0 local diagnostics)
    Collisions                      = 573
    Collision candidates           = 699
    Collision acceptance rate      = 0.8197424893

    Number of DSMC particles        = 2138976
    Number of stuck particles       = 0
    Number of free particles        = 2138976
    Average linear kinetic energy   = 1.076860632e-18
    Average rotational energy       = 3.812659088e-21
    Average vibrational energy      = 1.59572186e-22
    Average electronic energy       = 0
    Total energy                    = 1.155937778

Stage 1.0  ExecutionTime = 18.55 s  ClockTime = 21 s  Iteration 100 (0.28 s)

Time = 1.1e-05

    Collision global reduction skipped (rank 0 local diagnostics)
    Collisions                      = 568
    Collision candidates           = 683
    Collision acceptance rate      = 0.831625183

    Number of DSMC particles        = 2147081
    Number of stuck particles       = 0
    Number of free particles        = 2147081
    Average linear kinetic energy   = 1.073544149e-18
    Average rotational energy       = 4.092893359e-21
    Average vibrational energy      = 1.96075493e-22
    Average electronic energy       = 0
    Total energy                    = 1.157097504

Stage 1.0  ExecutionTime = 19.74 s  ClockTime = 22 s  Iteration 110 (0.27 s)

Time = 1.2e-05

    Collision global reduction skipped (rank 0 local diagnostics)
    Collisions                      = 588
    Collision candidates           = 735
    Collision acceptance rate      = 0.8

    Number of DSMC particles        = 2155229
    Number of stuck particles       = 0
    Number of free particles        = 2155229
    Average linear kinetic energy   = 1.070250489e-18
    Average rotational energy       = 4.394836417e-21
    Average vibrational energy      = 2.338690528e-22
    Average electronic energy       = 0
    Total energy                    = 1.158305406

Stage 1.0  ExecutionTime = 20.88 s  ClockTime = 24 s  Iteration 120 (0.28 s)

Time = 1.3e-05

    Collision global reduction skipped (rank 0 local diagnostics)
    Collisions                      = 573
    Collision candidates           = 734
    Collision acceptance rate      = 0.780653951

    Number of DSMC particles        = 2163352
    Number of stuck particles       = 0
    Number of free particles        = 2163352
    Average linear kinetic energy   = 1.067017273e-18
    Average rotational energy       = 4.73429053e-21
    Average vibrational energy      = 2.787038136e-22
    Average electronic energy       = 0
    Total energy                    = 1.159589412

Stage 1.0  ExecutionTime = 22.06 s  ClockTime = 23 s  Iteration 130 (0.28 s)

Time = 1.4e-05

    Collision global reduction skipped (rank 0 local diagnostics)
    Collisions                      = 605
    Collision candidates           = 773
    Collision acceptance rate      = 0.7826649418

    Number of DSMC particles        = 2171377
    Number of stuck particles       = 0
    Number of free particles        = 2171377
    Average linear kinetic energy   = 1.063965094e-18
    Average rotational energy       = 5.067596732e-21
    Average vibrational energy      = 3.313693336e-22
    Average electronic energy       = 0
    Total energy                    = 1.160996262

Stage 1.0  ExecutionTime = 23.28 s  ClockTime = 24 s  Iteration 140 (0.33 s)

Time = 1.5e-05

    Collision global reduction skipped (rank 0 local diagnostics)
    Collisions                      = 586
    Collision candidates           = 752
    Collision acceptance rate      = 0.7792553191

    Number of DSMC particles        = 2179441
    Number of stuck particles       = 0
    Number of free particles        = 2179441
    Average linear kinetic energy   = 1.060890728e-18
    Average rotational energy       = 5.415683755e-21
    Average vibrational energy      = 3.830157596e-22
    Average electronic energy       = 0
    Total energy                    = 1.162393336

Stage 1.0  ExecutionTime = 24.54 s  ClockTime = 25 s  Iteration 150 (0.37 s)

Time = 1.6e-05

    Collision global reduction skipped (rank 0 local diagnostics)
    Collisions                      = 589
    Collision candidates           = 781
    Collision acceptance rate      = 0.7541613316

    Number of DSMC particles        = 2187561
    Number of stuck particles       = 0
    Number of free particles        = 2187561
    Average linear kinetic energy   = 1.057920127e-18
    Average rotational energy       = 5.786170789e-21
    Average vibrational energy      = 4.374424907e-22
    Average electronic energy       = 0
    Total energy                    = 1.163939672

Stage 1.0  ExecutionTime = 25.81 s  ClockTime = 27 s  Iteration 160 (0.35 s)

Time = 1.7e-05

    Collision global reduction skipped (rank 0 local diagnostics)
    Collisions                      = 609
    Collision candidates           = 810
    Collision acceptance rate      = 0.7518518519

    Number of DSMC particles        = 2195853
    Number of stuck particles       = 0
    Number of free particles        = 2195853
    Average linear kinetic energy   = 1.054952255e-18
    Average rotational energy       = 6.187696695e-21
    Average vibrational energy      = 5.00847842e-22
    Average electronic energy       = 0
    Total energy                    = 1.165603567

Stage 1.0  ExecutionTime = 27.16 s  ClockTime = 28 s  Iteration 170 (0.41 s)

Time = 1.8e-05

    Collision global reduction skipped (rank 0 local diagnostics)
    Collisions                      = 602
    Collision candidates           = 801
    Collision acceptance rate      = 0.7515605493

    Number of DSMC particles        = 2204004
    Number of stuck particles       = 0
    Number of free particles        = 2204004
    Average linear kinetic energy   = 1.052154361e-18
    Average rotational energy       = 6.589344713e-21
    Average vibrational energy      = 5.615197597e-22
    Average electronic energy       = 0
    Total energy                    = 1.167356477

Stage 1.0  ExecutionTime = 28.48 s  ClockTime = 30 s  Iteration 180 (0.38 s)

Time = 1.9e-05

    Collision global reduction skipped (rank 0 local diagnostics)
    Collisions                      = 596
    Collision candidates           = 819
    Collision acceptance rate      = 0.7277167277

    Number of DSMC particles        = 2212201
    Number of stuck particles       = 0
    Number of free particles        = 2212201
    Average linear kinetic energy   = 1.049373391e-18
    Average rotational energy       = 7.026495225e-21
    Average vibrational energy      = 6.233760249e-22
    Average electronic energy       = 0
    Total energy                    = 1.169173959

Stage 1.0  ExecutionTime = 29.84 s  ClockTime = 31 s  Iteration 190 (0.39 s)

Time = 2e-05

    Collision global reduction skipped (rank 0 local diagnostics)
    Collisions                      = 596
    Collision candidates           = 818
    Collision acceptance rate      = 0.728606357

    Number of DSMC particles        = 2220239
    Number of stuck particles       = 0
    Number of free particles        = 2220239
    Average linear kinetic energy   = 1.046625912e-18
    Average rotational energy       = 7.465632688e-21
    Average vibrational energy      = 6.945474065e-22
    Average electronic energy       = 0
    Total energy                    = 1.170938609

Stage 1.0  ExecutionTime = 31.25 s  ClockTime = 33 s  Iteration 200 (0.4 s)

Time = 2.1e-05

    Collision global reduction skipped (rank 0 local diagnostics)
    Collisions                      = 557
    Collision candidates           = 762
    Collision acceptance rate      = 0.7309711286

    Number of DSMC particles        = 2228394
    Number of stuck particles       = 0
    Number of free particles        = 2228394
    Average linear kinetic energy   = 1.043928066e-18
    Average rotational energy       = 7.919248914e-21
    Average vibrational energy      = 7.705057583e-22
    Average electronic energy       = 0
    Total energy                    = 1.172823618

Stage 1.0  ExecutionTime = 32.7 s  ClockTime = 34 s  Iteration 210 (0.49 s)

Time = 2.2e-05

    Collision global reduction skipped (rank 0 local diagnostics)
    Collisions                      = 591
    Collision candidates           = 793
    Collision acceptance rate      = 0.7452711223

    Number of DSMC particles        = 2236416
    Number of stuck particles       = 0
    Number of free particles        = 2236416
    Average linear kinetic energy   = 1.04125347e-18
    Average rotational energy       = 8.394122512e-21
    Average vibrational energy      = 8.459751164e-22
    Average electronic energy       = 0
    Total energy                    = 1.174670311

Stage 1.0  ExecutionTime = 34.15 s  ClockTime = 36 s  Iteration 220 (0.44 s)

Time = 2.3e-05

    Collision global reduction skipped (rank 0 local diagnostics)
    Collisions                      = 593
    Collision candidates           = 814
    Collision acceptance rate      = 0.7285012285

    Number of DSMC particles        = 2244400
    Number of stuck particles       = 0
    Number of free particles        = 2244400
    Average linear kinetic energy   = 1.038632205e-18
    Average rotational energy       = 8.889470667e-21
    Average vibrational energy      = 9.211925268e-22
    Average electronic energy       = 0
    Total energy                    = 1.176562586

Stage 1.0  ExecutionTime = 35.63 s  ClockTime = 37 s  Iteration 230 (0.48 s)

Time = 2.4e-05

    Collision global reduction skipped (rank 0 local diagnostics)
    Collisions                      = 583
    Collision candidates           = 810
    Collision acceptance rate      = 0.7197530864

    Number of DSMC particles        = 2252670
    Number of stuck particles       = 0
    Number of free particles        = 2252670
    Average linear kinetic energy   = 1.036080996e-18
    Average rotational energy       = 9.372518403e-21
    Average vibrational energy      = 1.005912323e-21
    Average electronic energy       = 0
    Total energy                    = 1.178663878

Stage 1.0  ExecutionTime = 37.15 s  ClockTime = 39 s  Iteration 240 (0.5 s)

Time = 2.5e-05

    Collision global reduction skipped (rank 0 local diagnostics)
    Collisions                      = 598
    Collision candidates           = 816
    Collision acceptance rate      = 0.7328431373

    Number of DSMC particles        = 2260673
    Number of stuck particles       = 0
    Number of free particles        = 2260673
    Average linear kinetic energy   = 1.033552098e-18
    Average rotational energy       = 9.857506544e-21
    Average vibrational energy      = 1.093360151e-21
    Average electronic energy       = 0
    Total energy                    = 1.180639825

Stage 1.0  ExecutionTime = 38.7 s  ClockTime = 41 s  Iteration 250 (0.48 s)

Time = 2.6e-05

    Collision global reduction skipped (rank 0 local diagnostics)
    Collisions                      = 588
    Collision candidates           = 829
    Collision acceptance rate      = 0.7092882992

    Number of DSMC particles        = 2268787
    Number of stuck particles       = 0
    Number of free particles        = 2268787
    Average linear kinetic energy   = 1.031056257e-18
    Average rotational energy       = 1.035157935e-20
    Average vibrational energy      = 1.183052897e-21
    Average electronic energy       = 0
    Total energy                    = 1.182708328

Stage 1.0  ExecutionTime = 40.36 s  ClockTime = 42 s  Iteration 260 (0.52 s)

Time = 2.7e-05

    Collision global reduction skipped (rank 0 local diagnostics)
    Collisions                      = 560
    Collision candidates           = 809
    Collision acceptance rate      = 0.6922126082

    Number of DSMC particles        = 2276946
    Number of stuck particles       = 0
    Number of free particles        = 2276946
    Average linear kinetic energy   = 1.028594442e-18
    Average rotational energy       = 1.087554728e-20
    Average vibrational energy      = 1.287692706e-21
    Average electronic energy       = 0
    Total energy                    = 1.184874521

Stage 1.0  ExecutionTime = 41.99 s  ClockTime = 44 s  Iteration 270 (0.53 s)

Time = 2.8e-05

    Collision global reduction skipped (rank 0 local diagnostics)
    Collisions                      = 585
    Collision candidates           = 829
    Collision acceptance rate      = 0.7056694813

    Number of DSMC particles        = 2285107
    Number of stuck particles       = 0
    Number of free particles        = 2285107
    Average linear kinetic energy   = 1.02621187e-18
    Average rotational energy       = 1.137221177e-20
    Average vibrational energy      = 1.382234966e-21
    Average electronic energy       = 0
    Total energy                    = 1.187074601

Stage 1.0  ExecutionTime = 43.65 s  ClockTime = 46 s  Iteration 280 (0.51 s)

Time = 2.9e-05

    Collision global reduction skipped (rank 0 local diagnostics)
    Collisions                      = 623
    Collision candidates           = 870
    Collision acceptance rate      = 0.716091954

    Number of DSMC particles        = 2293227
    Number of stuck particles       = 0
    Number of free particles        = 2293227
    Average linear kinetic energy   = 1.023852619e-18
    Average rotational energy       = 1.192103019e-20
    Average vibrational energy      = 1.483672141e-21
    Average electronic energy       = 0
    Total energy                    = 1.189333247

Stage 1.0  ExecutionTime = 45.34 s  ClockTime = 48 s  Iteration 290 (0.51 s)

Time = 3e-05

    Collision global reduction skipped (rank 0 local diagnostics)
    Collisions                      = 596
    Collision candidates           = 853
    Collision acceptance rate      = 0.6987104338

    Number of DSMC particles        = 2301381
    Number of stuck particles       = 0
    Number of free particles        = 2301381
    Average linear kinetic energy   = 1.021494926e-18
    Average rotational energy       = 1.246732702e-20
    Average vibrational energy      = 1.587257843e-21
    Average electronic energy       = 0
    Total energy                    = 1.191596984

Stage 1.0  ExecutionTime = 47.06 s  ClockTime = 50 s  Iteration 300 (0.57 s)

Time = 3.1e-05

    Collision global reduction skipped (rank 0 local diagnostics)
    Collisions                      = 606
    Collision candidates           = 867
    Collision acceptance rate      = 0.6989619377

    Number of DSMC particles        = 2309529
    Number of stuck particles       = 0
    Number of free particles        = 2309529
    Average linear kinetic energy   = 1.019217773e-18
    Average rotational energy       = 1.298441519e-20
    Average vibrational energy      = 1.691500481e-21
    Average electronic energy       = 0
    Total energy                    = 1.193903729

Stage 1.0  ExecutionTime = 48.89 s  ClockTime = 52 s  Iteration 310 (0.64 s)

Time = 3.2e-05

    Collision global reduction skipped (rank 0 local diagnostics)
    Collisions                      = 593
    Collision candidates           = 865
    Collision acceptance rate      = 0.6855491329

    Number of DSMC particles        = 2317668
    Number of stuck particles       = 0
    Number of free particles        = 2317668
    Average linear kinetic energy   = 1.016964408e-18
    Average rotational energy       = 1.352908073e-20
    Average vibrational energy      = 1.800344098e-21
    Average electronic energy       = 0
    Total energy                    = 1.196257191

Stage 1.0  ExecutionTime = 50.66 s  ClockTime = 54 s  Iteration 320 (0.6 s)

Time = 3.3e-05

    Collision global reduction skipped (rank 0 local diagnostics)
    Collisions                      = 602
    Collision candidates           = 850
    Collision acceptance rate      = 0.7082352941

    Number of DSMC particles        = 2325794
    Number of stuck particles       = 0
    Number of free particles        = 2325794
    Average linear kinetic energy   = 1.01469265e-18
    Average rotational energy       = 1.408808104e-20
    Average vibrational energy      = 1.915189569e-21
    Average electronic energy       = 0
    Total energy                    = 1.198593194

Stage 1.0  ExecutionTime = 52.45 s  ClockTime = 53 s  Iteration 330 (0.62 s)

Time = 3.4e-05

    Collision global reduction skipped (rank 0 local diagnostics)
    Collisions                      = 608
    Collision candidates           = 846
    Collision acceptance rate      = 0.7186761229

    Number of DSMC particles        = 2333959
    Number of stuck particles       = 0
    Number of free particles        = 2333959
    Average linear kinetic energy   = 1.01247248e-18
    Average rotational energy       = 1.465322172e-20
    Average vibrational energy      = 2.031075762e-21
    Average electronic energy       = 0
    Total energy                    = 1.201004862

Stage 1.0  ExecutionTime = 54.26 s  ClockTime = 55 s  Iteration 340 (0.56 s)

Time = 3.5e-05

    Collision global reduction skipped (rank 0 local diagnostics)
    Collisions                      = 650
    Collision candidates           = 925
    Collision acceptance rate      = 0.7027027027

    Number of DSMC particles        = 2342141
    Number of stuck particles       = 0
    Number of free particles        = 2342141
    Average linear kinetic energy   = 1.010309102e-18
    Average rotational energy       = 1.520257574e-20
    Average vibrational energy      = 2.153902652e-21
    Average electronic energy       = 0
    Total energy                    = 1.203468845

Stage 1.0  ExecutionTime = 56.12 s  ClockTime = 57 s  Iteration 350 (0.63 s)

Time = 3.6e-05

    Collision global reduction skipped (rank 0 local diagnostics)
    Collisions                      = 631
    Collision candidates           = 898
    Collision acceptance rate      = 0.7026726058

    Number of DSMC particles        = 2350184
    Number of stuck particles       = 0
    Number of free particles        = 2350184
    Average linear kinetic energy   = 1.008238156e-18
    Average rotational energy       = 1.572355539e-20
    Average vibrational energy      = 2.2697547e-21
    Average electronic energy       = 0
    Total energy                    = 1.205916386

Stage 1.0  ExecutionTime = 58.02 s  ClockTime = 59 s  Iteration 360 (0.62 s)

Time = 3.7e-05

    Collision global reduction skipped (rank 0 local diagnostics)
    Collisions                      = 602
    Collision candidates           = 865
    Collision acceptance rate      = 0.6959537572

    Number of DSMC particles        = 2358290
    Number of stuck particles       = 0
    Number of free particles        = 2358290
    Average linear kinetic energy   = 1.006027767e-18
    Average rotational energy       = 1.632527672e-20
    Average vibrational energy      = 2.401814947e-21
    Average electronic energy       = 0
    Total energy                    = 1.208334568

Stage 1.0  ExecutionTime = 59.94 s  ClockTime = 61 s  Iteration 370 (0.66 s)

Time = 3.8e-05

    Collision global reduction skipped (rank 0 local diagnostics)
    Collisions                      = 605
    Collision candidates           = 884
    Collision acceptance rate      = 0.6843891403

    Number of DSMC particles        = 2366454
    Number of stuck particles       = 0
    Number of free particles        = 2366454
    Average linear kinetic energy   = 1.003914228e-18
    Average rotational energy       = 1.691853784e-20
    Average vibrational energy      = 2.534301757e-21
    Average electronic energy       = 0
    Total energy                    = 1.210875546

Stage 1.0  ExecutionTime = 61.86 s  ClockTime = 63 s  Iteration 380 (0.62 s)

Time = 3.9e-05

    Collision global reduction skipped (rank 0 local diagnostics)
    Collisions                      = 633
    Collision candidates           = 875
    Collision acceptance rate      = 0.7234285714

    Number of DSMC particles        = 2374545
    Number of stuck particles       = 0
    Number of free particles        = 2374545
    Average linear kinetic energy   = 1.001815153e-18
    Average rotational energy       = 1.749724071e-20
    Average vibrational energy      = 2.671123105e-21
    Average electronic energy       = 0
    Total energy                    = 1.213372926

Stage 1.0  ExecutionTime = 63.79 s  ClockTime = 65 s  Iteration 390 (0.67 s)

Time = 4e-05

    Collision global reduction skipped (rank 0 local diagnostics)
    Collisions                      = 596
    Collision candidates           = 856
    Collision acceptance rate      = 0.6962616822

    Number of DSMC particles        = 2382703
    Number of stuck particles       = 0
    Number of free particles        = 2382703
    Average linear kinetic energy   = 9.997850386e-19
    Average rotational energy       = 1.803595925e-20
    Average vibrational energy      = 2.802988091e-21
    Average electronic energy       = 0
    Total energy                    = 1.215921917

Stage 1.0  ExecutionTime = 65.79 s  ClockTime = 67 s  Iteration 400 (0.65 s)

Time = 4.1e-05

    Collision global reduction skipped (rank 0 local diagnostics)
    Collisions                      = 577
    Collision candidates           = 836
    Collision acceptance rate      = 0.6901913876

    Number of DSMC particles        = 2390573
    Number of stuck particles       = 0
    Number of free particles        = 2390573
    Average linear kinetic energy   = 9.977190617e-19
    Average rotational energy       = 1.863727907e-20
    Average vibrational energy      = 2.938172561e-21
    Average electronic energy       = 0
    Total energy                    = 1.218348971

Stage 1.0  ExecutionTime = 67.8 s  ClockTime = 70 s  Iteration 410 (0.69 s)

Time = 4.2e-05

    Collision global reduction skipped (rank 0 local diagnostics)
    Collisions                      = 543
    Collision candidates           = 823
    Collision acceptance rate      = 0.659781288

    Number of DSMC particles        = 2398726
    Number of stuck particles       = 0
    Number of free particles        = 2398726
    Average linear kinetic energy   = 9.956807904e-19
    Average rotational energy       = 1.922065504e-20
    Average vibrational energy      = 3.080004739e-21
    Average electronic energy       = 0
    Total energy                    = 1.220929286

Stage 1.0  ExecutionTime = 69.89 s  ClockTime = 72 s  Iteration 420 (0.73 s)

Time = 4.3e-05

    Collision global reduction skipped (rank 0 local diagnostics)
    Collisions                      = 595
    Collision candidates           = 864
    Collision acceptance rate      = 0.6886574074

    Number of DSMC particles        = 2406835
    Number of stuck particles       = 0
    Number of free particles        = 2406835
    Average linear kinetic energy   = 9.937228196e-19
    Average rotational energy       = 1.976541777e-20
    Average vibrational energy      = 3.228499951e-21
    Average electronic energy       = 0
    Total energy                    = 1.223534714

Stage 1.0  ExecutionTime = 71.97 s  ClockTime = 74 s  Iteration 430 (0.72 s)

Time = 4.4e-05

    Collision global reduction skipped (rank 0 local diagnostics)
    Collisions                      = 575
    Collision candidates           = 869
    Collision acceptance rate      = 0.6616800921

    Number of DSMC particles        = 2414934
    Number of stuck particles       = 0
    Number of free particles        = 2414934
    Average linear kinetic energy   = 9.917576671e-19
    Average rotational energy       = 2.033125698e-20
    Average vibrational energy      = 3.376441722e-21
    Average electronic energy       = 0
    Total energy                    = 1.226140919

Stage 1.0  ExecutionTime = 74.08 s  ClockTime = 76 s  Iteration 440 (0.73 s)

Time = 4.5e-05

    Collision global reduction skipped (rank 0 local diagnostics)
    Collisions                      = 576
    Collision candidates           = 862
    Collision acceptance rate      = 0.6682134571

    Number of DSMC particles        = 2423105
    Number of stuck particles       = 0
    Number of free particles        = 2423105
    Average linear kinetic energy   = 9.898336963e-19
    Average rotational energy       = 2.092634459e-20
    Average vibrational energy      = 3.539559107e-21
    Average electronic energy       = 0
    Total energy                    = 1.228877216

Stage 1.0  ExecutionTime = 76.24 s  ClockTime = 79 s  Iteration 450 (0.79 s)

Time = 4.6e-05

    Collision global reduction skipped (rank 0 local diagnostics)
    Collisions                      = 622
    Collision candidates           = 902
    Collision acceptance rate      = 0.689578714

    Number of DSMC particles        = 2431442
    Number of stuck particles       = 0
    Number of free particles        = 2431442
    Average linear kinetic energy   = 9.880037731e-19
    Average rotational energy       = 2.14834603e-20
    Average vibrational energy      = 3.700689566e-21
    Average electronic energy       = 0
    Total energy                    = 1.231753835

Stage 1.0  ExecutionTime = 78.38 s  ClockTime = 81 s  Iteration 460 (0.74 s)

Time = 4.7e-05

    Collision global reduction skipped (rank 0 local diagnostics)
    Collisions                      = 607
    Collision candidates           = 891
    Collision acceptance rate      = 0.6812570146

    Number of DSMC particles        = 2439421
    Number of stuck particles       = 0
    Number of free particles        = 2439421
    Average linear kinetic energy   = 9.861161418e-19
    Average rotational energy       = 2.20687424e-20
    Average vibrational energy      = 3.858262356e-21
    Average electronic energy       = 0
    Total energy                    = 1.234399652

Stage 1.0  ExecutionTime = 80.55 s  ClockTime = 83 s  Iteration 470 (0.75 s)

Time = 4.8e-05

    Collision global reduction skipped (rank 0 local diagnostics)
    Collisions                      = 620
    Collision candidates           = 905
    Collision acceptance rate      = 0.6850828729

    Number of DSMC particles        = 2447578
    Number of stuck particles       = 0
    Number of free particles        = 2447578
    Average linear kinetic energy   = 9.842697665e-19
    Average rotational energy       = 2.26233818e-20
    Average vibrational energy      = 4.005349458e-21
    Average electronic energy       = 0
    Total energy                    = 1.237126462

Stage 1.0  ExecutionTime = 82.74 s  ClockTime = 83 s  Iteration 480 (0.73 s)

Time = 4.9e-05

    Collision global reduction skipped (rank 0 local diagnostics)
    Collisions                      = 607
    Collision candidates           = 907
    Collision acceptance rate      = 0.6692392503

    Number of DSMC particles        = 2455703
    Number of stuck particles       = 0
    Number of free particles        = 2455703
    Average linear kinetic energy   = 9.824471935e-19
    Average rotational energy       = 2.318016232e-20
    Average vibrational energy      = 4.170302856e-21
    Average electronic energy       = 0
    Total energy                    = 1.23988157

Stage 1.0  ExecutionTime = 84.96 s  ClockTime = 86 s  Iteration 490 (0.76 s)

Time = 5e-05

    Collision global reduction skipped (rank 0 local diagnostics)
    Collisions                      = 600
    Collision candidates           = 878
    Collision acceptance rate      = 0.6833712984

    Number of DSMC particles        = 2463773
    Number of stuck particles       = 0
    Number of free particles        = 2463773
    Average linear kinetic energy   = 9.806144405e-19
    Average rotational energy       = 2.377450453e-20
    Average vibrational energy      = 4.342874328e-21
    Average electronic energy       = 0
    Total energy                    = 1.24264311

Stage 1.0  ExecutionTime = 87.19 s  ClockTime = 88 s  Iteration 500 (0.79 s)

End stage 1


DSMC solver profile summary
    solver profile steps          = 500
    move+collide wall [s]         = 83.98431521
    move only [s]                 = 69.21700316
    buildCellOccupancy [s]        = 10.13078389
    collision phase [s]           = 4.66468599
    post fields/output [s]        = 0.923268979
    total profiled [s]            = 84.93574202
    full evolve wall [s]          = 84.84078044
    move+collide cpu [s]          = 77.47
    move only cpu [s]             = 63.9
    buildCellOccupancy cpu [s]    = 9.36
    collision phase cpu [s]       = 4.17
    post fields/output cpu [s]    = 0.98
    total profiled cpu [s]        = 78.41
    full evolve cpu [s]           = 78.34
    collision localLoop max [s] = 4.495540566
    collision reduce max [s]    = 0
    collision sigmaBC max [s]   = 0.165588477
    collision total max [s]     = 4.662270679
    collision accounted max [s] = 4.661129043
    collision residual max [s]  = 0.001238724
    collision subphase max sum [s] = 4.661129043
    collision cumulative global collisions = 9666254
    collision cumulative global candidates  = 17561306
    collision cumulative acceptance        = 0.5504291082
    OpenMP enabled                = 0
    OpenMP max threads            = 1
    OpenMP move                   = 0 (static, chunk 64)
    OpenMP collision              = dynamic, chunk 8


Replicated mesh profiling summary:
    migration calls             = 52
    migration wall time [s]     = 3.05022667
    local particles (final)     = 270585
    migration wall max [s]      = 3.125185615
    migration pack max [s]      = 0.831009002
    migration local prep max [s]= 0.077702953
    migration size exchange max [s] = 0
    migration request post max [s] = 0.010871032
    migration wait max [s]      = 2.376743131
    migration deserialize max [s] = 0.142837953
    migration post max [s]      = 0.012716307
    migration candidate gather max [s] = 0.142815603
    migration accounted max [s] = 3.125185615
    migration residual max [s]  = 4.440892099e-16
    updateParticleCounts max [s]= 0.046793448
    migration subphase max sum [s] = 3.594695981
    particles per rank          = min 270585 max 343928 max/min 1.271053458
    rank wall time (evolve, 500 steps): min 57.69 max 77.12 max/min 1.336800139
    Phase C auto DLB checks      = 500
    Phase C auto DLB rebalances = 1
    Phase C auto DLB triggered checks = 1
    Phase C auto DLB wall max [s]= 1.439589894
    Phase C auto DLB check max [s]= 1.232899304
    Phase C ParMETIS max [s]     = 0.064663983
    Phase C migration max [s]    = 0.174369201
    Phase C cellOwner write max [s] = 0
    Phase C post-diagnostic max [s] = 0.000413773
    Phase C auto DLB accounted max [s] = 1.472346261
    Phase C auto DLB residual max [s] = -0.032756367

Total Iterations = 500
End main

