/*---------------------------------------------------------------------------*\
| =========                 |                                                 |
| \\      /  F ield         | OpenFOAM: The Open Source CFD Toolbox           |
|  \\    /   O peration     | Version:  v1706                                 |
|   \\  /    A nd           | Web:      www.OpenFOAM.com                      |
|    \\/     M anipulation  |                                                 |
\*---------------------------------------------------------------------------*/
Build  : v1706
Arch   : "LSB;label=32;scalar=64"
Exec   : dsmcFoam+
Date   : Jun 16 2026
Time   : 07:55:22
Host   : "SuperXCX-ROG"
PID    : 445666
/*---------------------------------------------------------------------------*\
| =========                 |                                                 |
| \\      /  F ield         | OpenFOAM: The Open Source CFD Toolbox           |
|  \\    /   O peration     | Version:  v1706                                 |
|   \\  /    A nd           | Web:      www.OpenFOAM.com                      |
|    \\/     M anipulation  |                                                 |
\*---------------------------------------------------------------------------*/
Build  : v1706
Arch   : "LSB;label=32;scalar=64"
Exec   : dsmcFoam+
Date   : Jun 16 2026
Time   : 07:55:22
Host   : "SuperXCX-ROG"
PID    : 445669
/*---------------------------------------------------------------------------*\
| =========                 |                                                 |
| \\      /  F ield         | OpenFOAM: The Open Source CFD Toolbox           |
|  \\    /   O peration     | Version:  v1706                                 |
|   \\  /    A nd           | Web:      www.OpenFOAM.com                      |
|    \\/     M anipulation  |                                                 |
\*---------------------------------------------------------------------------*/
Build  : v1706
Arch   : "LSB;label=32;scalar=64"
Exec   : dsmcFoam+
Date   : Jun 16 2026
Time   : 07:55:22
Host   : "SuperXCX-ROG"
PID    : 445665
/*---------------------------------------------------------------------------*\
| =========                 |                                                 |
| \\      /  F ield         | OpenFOAM: The Open Source CFD Toolbox           |
|  \\    /   O peration     | Version:  v1706                                 |
|   \\  /    A nd           | Web:      www.OpenFOAM.com                      |
|    \\/     M anipulation  |                                                 |
\*---------------------------------------------------------------------------*/
Build  : v1706
Arch   : "LSB;label=32;scalar=64"
Exec   : dsmcFoam+
Date   : Jun 16 2026
Time   : 07:55:22
Host   : "SuperXCX-ROG"
PID    : 445664
/*---------------------------------------------------------------------------*\
| =========                 |                                                 |
| \\      /  F ield         | OpenFOAM: The Open Source CFD Toolbox           |
|  \\    /   O peration     | Version:  v1706                                 |
|   \\  /    A nd           | Web:      www.OpenFOAM.com                      |
|    \\/     M anipulation  |                                                 |
\*---------------------------------------------------------------------------*/
Build  : v1706
Arch   : "LSB;label=32;scalar=64"
Exec   : dsmcFoam+
Date   : Jun 16 2026
Time   : 07:55:22
Host   : "SuperXCX-ROG"
PID    : 445667
/*---------------------------------------------------------------------------*\
| =========                 |                                                 |
| \\      /  F ield         | OpenFOAM: The Open Source CFD Toolbox           |
|  \\    /   O peration     | Version:  v1706                                 |
|   \\  /    A nd           | Web:      www.OpenFOAM.com                      |
|    \\/     M anipulation  |                                                 |
\*---------------------------------------------------------------------------*/
Build  : v1706
Arch   : "LSB;label=32;scalar=64"
Exec   : dsmcFoam+
Date   : Jun 16 2026
Time   : 07:55:22
Host   : "SuperXCX-ROG"
PID    : 445668
Case   : /home/superxcx/code/OpenFoam/OF-1706/hyStrath_dlb/run/hyStrath/dsmcFoam+/xcx_test/zb-cylinder-react/mpi8
nProcs : 1
sigFpe : Enabling floating point exception trapping (FOAM_SIGFPE).
fileModificationChecking : Monitoring run-time modified files using timeStampMaster (fileModificationSkew 10)
allowSystemOperations : Allowing user-supplied system call operations

Case   : /home/superxcx/code/OpenFoam/OF-1706/hyStrath_dlb/run/hyStrath/dsmcFoam+/xcx_test/zb-cylinder-react/mpi8
nProcs : 1
sigFpe : Enabling floating point exception trapping (FOAM_SIGFPE).
fileModificationChecking : Monitoring run-time modified files using timeStampMaster (fileModificationSkew 10)
allowSystemOperations : Allowing user-supplied system call operations

// * * * * * * * * * * * * * * * * * * * * * * * * * * * * * * * * * * * * * //
Create time

// * * * * * * * * * * * * * * * * * * * * * * * * * * * * * * * * * * * * * //
Create time

/*---------------------------------------------------------------------------*\
| =========                 |                                                 |
| \\      /  F ield         | OpenFOAM: The Open Source CFD Toolbox           |
|  \\    /   O peration     | Version:  v1706                                 |
|   \\  /    A nd           | Web:      www.OpenFOAM.com                      |
|    \\/     M anipulation  |                                                 |
\*---------------------------------------------------------------------------*/
Build  : v1706
Arch   : "LSB;label=32;scalar=64"
Exec   : dsmcFoam+
Date   : Jun 16 2026
Time   : 07:55:22
Host   : "SuperXCX-ROG"
PID    : 445663
Case   : /home/superxcx/code/OpenFoam/OF-1706/hyStrath_dlb/run/hyStrath/dsmcFoam+/xcx_test/zb-cylinder-react/mpi8
nProcs : 1
sigFpe : Enabling floating point exception trapping (FOAM_SIGFPE).
fileModificationChecking : Monitoring run-time modified files using timeStampMaster (fileModificationSkew 10)
allowSystemOperations : Allowing user-supplied system call operations

// * * * * * * * * * * * * * * * * * * * * * * * * * * * * * * * * * * * * * //
Create time

Case   : /home/superxcx/code/OpenFoam/OF-1706/hyStrath_dlb/run/hyStrath/dsmcFoam+/xcx_test/zb-cylinder-react/mpi8
nProcs : 1
sigFpe : Enabling floating point exception trapping (FOAM_SIGFPE).
fileModificationChecking : Monitoring run-time modified files using timeStampMaster (fileModificationSkew 10)
allowSystemOperations : Allowing user-supplied system call operations

// * * * * * * * * * * * * * * * * * * * * * * * * * * * * * * * * * * * * * //
Create time

Case   : /home/superxcx/code/OpenFoam/OF-1706/hyStrath_dlb/run/hyStrath/dsmcFoam+/xcx_test/zb-cylinder-react/mpi8
nProcs : 1
sigFpe : Enabling floating point exception trapping (FOAM_SIGFPE).
fileModificationChecking : Monitoring run-time modified files using timeStampMaster (fileModificationSkew 10)
allowSystemOperations : Allowing user-supplied system call operations

// * * * * * * * * * * * * * * * * * * * * * * * * * * * * * * * * * * * * * //
Create time

/*---------------------------------------------------------------------------*\
| =========                 |                                                 |
| \\      /  F ield         | OpenFOAM: The Open Source CFD Toolbox           |
|  \\    /   O peration     | Version:  v1706                                 |
|   \\  /    A nd           | Web:      www.OpenFOAM.com                      |
|    \\/     M anipulation  |                                                 |
\*---------------------------------------------------------------------------*/
Build  : v1706
Arch   : "LSB;label=32;scalar=64"
Exec   : dsmcFoam+
Date   : Jun 16 2026
Time   : 07:55:22
Host   : "SuperXCX-ROG"
PID    : 445662
Case   : /home/superxcx/code/OpenFoam/OF-1706/hyStrath_dlb/run/hyStrath/dsmcFoam+/xcx_test/zb-cylinder-react/mpi8
nProcs : 1
sigFpe : Enabling floating point exception trapping (FOAM_SIGFPE).
fileModificationChecking : Monitoring run-time modified files using timeStampMaster (fileModificationSkew 10)
allowSystemOperations : Allowing user-supplied system call operations

// * * * * * * * * * * * * * * * * * * * * * * * * * * * * * * * * * * * * * //
Create time

Case   : /home/superxcx/code/OpenFoam/OF-1706/hyStrath_dlb/run/hyStrath/dsmcFoam+/xcx_test/zb-cylinder-react/mpi8
nProcs : 1
sigFpe : Enabling floating point exception trapping (FOAM_SIGFPE).
fileModificationChecking : Monitoring run-time modified files using timeStampMaster (fileModificationSkew 10)
allowSystemOperations : Allowing user-supplied system call operations

// * * * * * * * * * * * * * * * * * * * * * * * * * * * * * * * * * * * * * //
Create time

Case   : /home/superxcx/code/OpenFoam/OF-1706/hyStrath_dlb/run/hyStrath/dsmcFoam+/xcx_test/zb-cylinder-react/mpi8
nProcs : 1
Create mesh for time = 0

Create mesh for time = 0

sigFpe : Enabling floating point exception trapping (FOAM_SIGFPE).
fileModificationChecking : Monitoring run-time modified files using timeStampMaster (fileModificationSkew 10)
allowSystemOperations : Allowing user-supplied system call operations

Create mesh for time = 0

// * * * * * * * * * * * * * * * * * * * * * * * * * * * * * * * * * * * * * //
Create time

Selecting dynamicFvMesh dynamicRefineFvMesh
Create mesh for time = 0

Create mesh for time = 0

Selecting dynamicFvMesh dynamicRefineFvMesh
Selecting dynamicFvMesh dynamicRefineFvMesh
Selecting dynamicFvMesh dynamicRefineFvMesh
Selecting dynamicFvMesh dynamicRefineFvMesh
Create mesh for time = 0

Create mesh for time = 0

Selecting dynamicFvMesh dynamicRefineFvMesh
Selecting dynamicFvMesh dynamicRefineFvMesh
Create mesh for time = 0

Selecting dynamicFvMesh dynamicRefineFvMesh

Constructing dsmcCloud 

Constructing dsmcCloud 

Constructing dsmcCloud 

Constructing dsmcCloud 

Constructing dsmcCloud 

Constructing dsmcCloud 

Constructing dsmcCloud 

Constructing dsmcCloud 
Selecting the coordinate system model:	dsmcCartesian

Selecting the time-step model:	dsmcConstantTimeStepModel

Constant time-step model:
- time-step [sec]	6.64005e-08

Selecting the porous measurement model:	dsmcNoPorousMediumMeasurements


Creating dsmcControllers

Creating fields: 

Selecting field: dsmcVolFields

TimeData Statistics: 
 measurement option: write
 nSamples: 1, time interval: 6.64005e-08
 nAverages: 15060, time interval: 0.00099999153
 total no. of sampling steps: 0
 total no. of averaging Steps: 0


Selecting the coordinate system model:	dsmcCartesian

Selecting the time-step model:	dsmcConstantTimeStepModel

Constant time-step model:
- time-step [sec]	6.64005e-08

Selecting the porous measurement model:	dsmcNoPorousMediumMeasurements

Selecting the coordinate system model:	dsmcCartesian

Selecting the time-step model:	dsmcConstantTimeStepModel

Constant time-step model:
- time-step [sec]	6.64005e-08

Selecting the porous measurement model:	dsmcNoPorousMediumMeasurements

Selecting the coordinate system model:	dsmcCartesian

Selecting the time-step model:	dsmcConstantTimeStepModel

Constant time-step model:
- time-step [sec]	6.64005e-08

Selecting the porous measurement model:	dsmcNoPorousMediumMeasurements


Creating dsmcControllers

Creating fields: 

Selecting field: dsmcVolFields

TimeData Statistics: 
 measurement option: write
 nSamples: 1, time interval: 6.64005e-08
 nAverages: 15060, time interval: 0.00099999153
 total no. of sampling steps: 0
 total no. of averaging Steps: 0



Creating dsmcControllers

Creating fields: 

Selecting field: dsmcVolFields

Creating dsmcControllers


TimeData Statistics: 
 measurement option: write
 nSamples: 1, time interval: 6.64005e-08
 nAverages: 15060, time interval: 0.00099999153
 total no. of sampling steps: 0
 total no. of averaging Steps: 0


Creating fields: 

Selecting field: dsmcVolFields

TimeData Statistics: 
 measurement option: write
 nSamples: 1, time interval: 6.64005e-08
 nAverages: 15060, time interval: 0.00099999153
 total no. of sampling steps: 0
 total no. of averaging Steps: 0


Selecting the coordinate system model:	dsmcCartesian

Selecting the time-step model:	dsmcConstantTimeStepModel

Constant time-step model:
- time-step [sec]	6.64005e-08

Selecting the porous measurement model:	dsmcNoPorousMediumMeasurements

Selecting the coordinate system model:	dsmcCartesian

Selecting the time-step model:	dsmcConstantTimeStepModel

Constant time-step model:
- time-step [sec]	6.64005e-08

Selecting the porous measurement model:	dsmcNoPorousMediumMeasurements


Creating dsmcControllers

Creating fields: 

Selecting field: dsmcVolFields

TimeData Statistics: 
 measurement option: write
 nSamples: 1, time interval: 6.64005e-08
 nAverages: 15060, time interval: 0.00099999153
 total no. of sampling steps: 0
 total no. of averaging Steps: 0



Creating dsmcControllers

Creating fields: 

Selecting field: dsmcVolFields

TimeData Statistics: 
 measurement option: write
 nSamples: 1, time interval: 6.64005e-08
 nAverages: 15060, time interval: 0.00099999153
 total no. of sampling steps: 0
 total no. of averaging Steps: 0


Selecting the coordinate system model:	dsmcCartesian

Selecting the time-step model:	dsmcConstantTimeStepModel

Constant time-step model:
- time-step [sec]	6.64005e-08

Selecting the porous measurement model:	dsmcNoPorousMediumMeasurements

Selecting field: dsmcVolFields

TimeData Statistics: 
 measurement option: write
 nSamples: 1, time interval: 6.64005e-08
 nAverages: 15060, time interval: 0.00099999153
 total no. of sampling steps: 0
 total no. of averaging Steps: 0



Creating dsmcControllers

Creating fields: 

Selecting field: dsmcVolFields

TimeData Statistics: 
 measurement option: write
 nSamples: 1, time interval: 6.64005e-08
 nAverages: 15060, time interval: 0.00099999153
 total no. of sampling steps: 0
 total no. of averaging Steps: 0


Selecting the coordinate system model:	dsmcCartesian

Selecting the time-step model:	dsmcConstantTimeStepModel

Constant time-step model:
- time-step [sec]	6.64005e-08

Selecting the porous measurement model:	dsmcNoPorousMediumMeasurements

Selecting field: dsmcVolFields

TimeData Statistics: 
 measurement option: write
 nSamples: 1, time interval: 6.64005e-08
 nAverages: 15060, time interval: 0.00099999153
 total no. of sampling steps: 0
 total no. of averaging Steps: 0


Selecting field: dsmcVolFields

TimeData Statistics: 
 measurement option: write
 nSamples: 1, time interval: 6.64005e-08
 nAverages: 15060, time interval: 0.00099999153
 total no. of sampling steps: 0
 total no. of averaging Steps: 0



Creating dsmcControllers

Selecting field: dsmcVolFields

TimeData Statistics: 
 measurement option: write
 nSamples: 1, time interval: 6.64005e-08
 nAverages: 15060, time interval: 0.00099999153
 total no. of sampling steps: 0
 total no. of averaging Steps: 0


Creating fields: 

Selecting field: dsmcVolFields

TimeData Statistics: 
 measurement option: write
 nSamples: 1, time interval: 6.64005e-08
 nAverages: 15060, time interval: 0.00099999153
 total no. of sampling steps: 0
 total no. of averaging Steps: 0


Selecting field: dsmcVolFields

TimeData Statistics: 
 measurement option: write
 nSamples: 1, time interval: 6.64005e-08
 nAverages: 15060, time interval: 0.00099999153
 total no. of sampling steps: 0
 total no. of averaging Steps: 0


Selecting field: dsmcVolFields

TimeData Statistics: 
 measurement option: write
 nSamples: 1, time interval: 6.64005e-08
 nAverages: 15060, time interval: 0.00099999153
 total no. of sampling steps: 0
 total no. of averaging Steps: 0


Selecting field: dsmcVolFields

TimeData Statistics: 
 measurement option: write
 nSamples: 1, time interval: 6.64005e-08
 nAverages: 15060, time interval: 0.00099999153
 total no. of sampling steps: 0
 total no. of averaging Steps: 0


Selecting field: dsmcVolFields

TimeData Statistics: 
 measurement option: write
 nSamples: 1, time interval: 6.64005e-08
 nAverages: 15060, time interval: 0.00099999153
 total no. of sampling steps: 0
 total no. of averaging Steps: 0


Selecting field: dsmcVolFields

TimeData Statistics: 
 measurement option: write
 nSamples: 1, time interval: 6.64005e-08
 nAverages: 15060, time interval: 0.00099999153
 total no. of sampling steps: 0
 total no. of averaging Steps: 0


Selecting field: dsmcVolFields

TimeData Statistics: 
 measurement option: write
 nSamples: 1, time interval: 6.64005e-08
 nAverages: 15060, time interval: 0.00099999153
 total no. of sampling steps: 0
 total no. of averaging Steps: 0


Selecting field: dsmcVolFields

TimeData Statistics: 
 measurement option: write
 nSamples: 1, time interval: 6.64005e-08
 nAverages: 15060, time interval: 0.00099999153
 total no. of sampling steps: 0
 total no. of averaging Steps: 0


Selecting field: dsmcVolFields

TimeData Statistics: 
 measurement option: write
 nSamples: 1, time interval: 6.64005e-08
 nAverages: 15060, time interval: 0.00099999153
 total no. of sampling steps: 0
 total no. of averaging Steps: 0


Selecting field: dsmcVolFields

TimeData Statistics: 
 measurement option: write
 nSamples: 1, time interval: 6.64005e-08
 nAverages: 15060, time interval: 0.00099999153
 total no. of sampling steps: 0
 total no. of averaging Steps: 0


Selecting field: dsmcVolFields

TimeData Statistics: 
 measurement option: write
 nSamples: 1, time interval: 6.64005e-08
 nAverages: 15060, time interval: 0.00099999153
 total no. of sampling steps: 0
 total no. of averaging Steps: 0


Selecting field: dsmcVolFields

TimeData Statistics: 
 measurement option: write
 nSamples: 1, time interval: 6.64005e-08
 nAverages: 15060, time interval: 0.00099999153
 total no. of sampling steps: 0
 total no. of averaging Steps: 0


Selecting field: dsmcVolFields

TimeData Statistics: 
 measurement option: write
 nSamples: 1, time interval: 6.64005e-08
 nAverages: 15060, time interval: 0.00099999153
 total no. of sampling steps: 0
 total no. of averaging Steps: 0


Selecting field: dsmcVolFields

TimeData Statistics: 
 measurement option: write
 nSamples: 1, time interval: 6.64005e-08
 nAverages: 15060, time interval: 0.00099999153
 total no. of sampling steps: 0
 total no. of averaging Steps: 0


Selecting field: dsmcVolFields

TimeData Statistics: 
 measurement option: write
 nSamples: 1, time interval: 6.64005e-08
 nAverages: 15060, time interval: 0.00099999153
 total no. of sampling steps: 0
 total no. of averaging Steps: 0


Selecting field: dsmcVolFields

TimeData Statistics: 
 measurement option: write
 nSamples: 1, time interval: 6.64005e-08
 nAverages: 15060, time interval: 0.00099999153
 total no. of sampling steps: 0
 total no. of averaging Steps: 0


Selecting field: dsmcVolFields

TimeData Statistics: 
 measurement option: write
 nSamples: 1, time interval: 6.64005e-08
 nAverages: 15060, time interval: 0.00099999153
 total no. of sampling steps: 0
 total no. of averaging Steps: 0


Selecting field: dsmcVolFields

TimeData Statistics: 
 measurement option: write
 nSamples: 1, time interval: 6.64005e-08
 nAverages: 15060, time interval: 0.00099999153
 total no. of sampling steps: 0
 total no. of averaging Steps: 0


Selecting field: dsmcVolFields

TimeData Statistics: 
 measurement option: write
 nSamples: 1, time interval: 6.64005e-08
 nAverages: 15060, time interval: 0.00099999153
 total no. of sampling steps: 0
 total no. of averaging Steps: 0


Selecting field: dsmcVolFields

TimeData Statistics: 
 measurement option: write
 nSamples: 1, time interval: 6.64005e-08
 nAverages: 15060, time interval: 0.00099999153
 total no. of sampling steps: 0
 total no. of averaging Steps: 0


Selecting field: dsmcVolFields

TimeData Statistics: 
 measurement option: write
 nSamples: 1, time interval: 6.64005e-08
 nAverages: 15060, time interval: 0.00099999153
 total no. of sampling steps: 0
 total no. of averaging Steps: 0


Selecting field: dsmcVolFields

TimeData Statistics: 
 measurement option: write
 nSamples: 1, time interval: 6.64005e-08
 nAverages: 15060, time interval: 0.00099999153
 total no. of sampling steps: 0
 total no. of averaging Steps: 0


Selecting field: dsmcVolFields

TimeData Statistics: 
 measurement option: write
 nSamples: 1, time interval: 6.64005e-08
 nAverages: 15060, time interval: 0.00099999153
 total no. of sampling steps: 0
 total no. of averaging Steps: 0


Selecting field: dsmcVolFields

TimeData Statistics: 
 measurement option: write
 nSamples: 1, time interval: 6.64005e-08
 nAverages: 15060, time interval: 0.00099999153
 total no. of sampling steps: 0
 total no. of averaging Steps: 0


Selecting field: dsmcVolFields

TimeData Statistics: 
 measurement option: write
 nSamples: 1, time interval: 6.64005e-08
 nAverages: 15060, time interval: 0.00099999153
 total no. of sampling steps: 0
 total no. of averaging Steps: 0


Selecting field: dsmcVolFields

TimeData Statistics: 
 measurement option: write
 nSamples: 1, time interval: 6.64005e-08
 nAverages: 15060, time interval: 0.00099999153
 total no. of sampling steps: 0
 total no. of averaging Steps: 0


Selecting field: dsmcVolFields

TimeData Statistics: 
 measurement option: write
 nSamples: 1, time interval: 6.64005e-08
 nAverages: 15060, time interval: 0.00099999153
 total no. of sampling steps: 0
 total no. of averaging Steps: 0


Selecting field: dsmcVolFields

TimeData Statistics: 
 measurement option: write
 nSamples: 1, time interval: 6.64005e-08
 nAverages: 15060, time interval: 0.00099999153
 total no. of sampling steps: 0
 total no. of averaging Steps: 0


Selecting field: dsmcVolFields

TimeData Statistics: 
 measurement option: write
 nSamples: 1, time interval: 6.64005e-08
 nAverages: 15060, time interval: 0.00099999153
 total no. of sampling steps: 0
 total no. of averaging Steps: 0


Selecting field: dsmcVolFields

TimeData Statistics: 
 measurement option: write
 nSamples: 1, time interval: 6.64005e-08
 nAverages: 15060, time interval: 0.00099999153
 total no. of sampling steps: 0
 total no. of averaging Steps: 0


Selecting field: dsmcVolFields

TimeData Statistics: 
 measurement option: write
 nSamples: 1, time interval: 6.64005e-08
 nAverages: 15060, time interval: 0.00099999153
 total no. of sampling steps: 0
 total no. of averaging Steps: 0


Selecting field: dsmcVolFields

TimeData Statistics: 
 measurement option: write
 nSamples: 1, time interval: 6.64005e-08
 nAverages: 15060, time interval: 0.00099999153
 total no. of sampling steps: 0
 total no. of averaging Steps: 0


Selecting field: dsmcVolFields

TimeData Statistics: 
 measurement option: write
 nSamples: 1, time interval: 6.64005e-08
 nAverages: 15060, time interval: 0.00099999153
 total no. of sampling steps: 0
 total no. of averaging Steps: 0


Selecting field: dsmcVolFields

TimeData Statistics: 
 measurement option: write
 nSamples: 1, time interval: 6.64005e-08
 nAverages: 15060, time interval: 0.00099999153
 total no. of sampling steps: 0
 total no. of averaging Steps: 0


Selecting field: dsmcVolFields

TimeData Statistics: 
 measurement option: write
 nSamples: 1, time interval: 6.64005e-08
 nAverages: 15060, time interval: 0.00099999153
 total no. of sampling steps: 0
 total no. of averaging Steps: 0


Creating the boundary models: 

Selecting dsmcPatchBoundaryModel dsmcDeletionPatch
Selecting dsmcPatchBoundaryModel dsmcDeletionPatch
Selecting dsmcPatchBoundaryModel dsmcDiffuseWallPatch
Selecting dsmcGeneralBoundaryModel dsmcFreeStreamInflowPatch
Selecting field: dsmcVolFields

TimeData Statistics: 
 measurement option: write
 nSamples: 1, time interval: 6.64005e-08
 nAverages: 15060, time interval: 0.00099999153
 total no. of sampling steps: 0
 total no. of averaging Steps: 0


Selecting BinaryCollisionModel LarsenBorgnakkeVariableHardSphere

Creating dsmcReactions

Selecting the reaction model dissociationQK
Selecting the reaction model dissociationExchangeQK
Selecting the reaction model dissociationQK
Selecting the reaction model dissociationQK
Selecting the reaction model dissociationQK
Selecting the reaction model dissociationQK
Selecting the reaction model dissociationQK
Selecting the reaction model dissociationExchangeQK
Selecting the reaction model dissociationQK
Selecting the reaction model dissociationExchangeQK
Selecting the reaction model dissociationExchangeQK
Selecting the reaction model dissociationQK
Number of reactions created: 12
Creating the boundary models: 

Selecting dsmcPatchBoundaryModel dsmcDeletionPatch
Selecting dsmcPatchBoundaryModel dsmcDeletionPatch
Selecting dsmcPatchBoundaryModel dsmcDiffuseWallPatch
Selecting dsmcGeneralBoundaryModel dsmcFreeStreamInflowPatch
Creating the boundary models: 

Selecting dsmcPatchBoundaryModel dsmcDeletionPatch
Selecting dsmcPatchBoundaryModel dsmcDeletionPatch
Selecting dsmcPatchBoundaryModel dsmcDiffuseWallPatch
Selecting dsmcGeneralBoundaryModel dsmcFreeStreamInflowPatch
Selecting field: dsmcVolFields

TimeData Statistics: 
 measurement option: write
 nSamples: 1, time interval: 6.64005e-08
 nAverages: 15060, time interval: 0.00099999153
 total no. of sampling steps: 0
 total no. of averaging Steps: 0


Creating the boundary models: 

Selecting dsmcPatchBoundaryModel dsmcDeletionPatch
Selecting dsmcPatchBoundaryModel dsmcDeletionPatch
Selecting dsmcPatchBoundaryModel dsmcDiffuseWallPatch
Selecting dsmcGeneralBoundaryModel dsmcFreeStreamInflowPatch
Selecting BinaryCollisionModel LarsenBorgnakkeVariableHardSphere

Creating dsmcReactions

Selecting the reaction model dissociationQK
Selecting the reaction model dissociationExchangeQK
Selecting the reaction model dissociationQK
Selecting the reaction model dissociationQK
Selecting the reaction model dissociationQK
Selecting the reaction model dissociationQK
Selecting the reaction model dissociationQK
Selecting the reaction model dissociationExchangeQK
Selecting BinaryCollisionModel LarsenBorgnakkeVariableHardSphere
Selecting the reaction model dissociationQK
Selecting the reaction model dissociationExchangeQK
Selecting the reaction model dissociationExchangeQK
Selecting the reaction model dissociationQK
Number of reactions created: 12

Creating dsmcReactions

Selecting the reaction model dissociationQK
Selecting the reaction model dissociationExchangeQK
Selecting the reaction model dissociationQK
Selecting the reaction model dissociationQK
Selecting the reaction model dissociationQK
Selecting the reaction model dissociationQK
Selecting the reaction model dissociationQK
Creating the boundary models: 

Selecting dsmcPatchBoundaryModel dsmcDeletionPatch
Selecting the reaction model dissociationExchangeQK
Selecting the reaction model dissociationQK
Selecting the reaction model dissociationExchangeQK
Selecting the reaction model dissociationExchangeQK
Selecting the reaction model dissociationQK
Selecting dsmcPatchBoundaryModel dsmcDeletionPatch
Number of reactions created: 12
Selecting dsmcPatchBoundaryModel dsmcDiffuseWallPatch
Selecting dsmcGeneralBoundaryModel dsmcFreeStreamInflowPatch
Selecting BinaryCollisionModel LarsenBorgnakkeVariableHardSphere

Creating dsmcReactions

Selecting the reaction model dissociationQK
Selecting the reaction model dissociationExchangeQK
Selecting the reaction model dissociationQK
Selecting the reaction model dissociationQK
Selecting the reaction model dissociationQK
Selecting the reaction model dissociationQK
Selecting the reaction model dissociationQK
Selecting the reaction model dissociationExchangeQK
Selecting the reaction model dissociationQK
Selecting the reaction model dissociationExchangeQK
Selecting the reaction model dissociationExchangeQK
Selecting the reaction model dissociationQK
Number of reactions created: 12
Creating the boundary models: 

Selecting dsmcPatchBoundaryModel dsmcDeletionPatch
Selecting dsmcPatchBoundaryModel dsmcDeletionPatch
Selecting dsmcPatchBoundaryModel dsmcDiffuseWallPatch
Selecting dsmcGeneralBoundaryModel dsmcFreeStreamInflowPatch
Selecting BinaryCollisionModel LarsenBorgnakkeVariableHardSphere

Creating dsmcReactions

Selecting the reaction model dissociationQK
Selecting the reaction model dissociationExchangeQK
Selecting the reaction model dissociationQK
Selecting the reaction model dissociationQK
Selecting the reaction model dissociationQK
Selecting the reaction model dissociationQK
Selecting the reaction model dissociationQK
Selecting the reaction model dissociationExchangeQK
Selecting the reaction model dissociationQK
Selecting the reaction model dissociationExchangeQK
Selecting the reaction model dissociationExchangeQK
Selecting the reaction model dissociationQK
Number of reactions created: 12
Selecting BinaryCollisionModel LarsenBorgnakkeVariableHardSphere

Creating dsmcReactions

Selecting the reaction model dissociationQK
Selecting the reaction model dissociationExchangeQK
Selecting the reaction model dissociationQK
Selecting the reaction model dissociationQK
Selecting the reaction model dissociationQK
Selecting the reaction model dissociationQK
Selecting the reaction model dissociationQK
Selecting the reaction model dissociationExchangeQK
Selecting the reaction model dissociationQK
Selecting the reaction model dissociationExchangeQK
Selecting the reaction model dissociationExchangeQK
Selecting the reaction model dissociationQK
Number of reactions created: 12
Creating the boundary models: 

Selecting dsmcPatchBoundaryModel dsmcDeletionPatch
Selecting dsmcPatchBoundaryModel dsmcDeletionPatch
Selecting dsmcPatchBoundaryModel dsmcDiffuseWallPatch
Selecting dsmcGeneralBoundaryModel dsmcFreeStreamInflowPatch
Creating the boundary models: 

Selecting dsmcPatchBoundaryModel dsmcDeletionPatch
Selecting dsmcPatchBoundaryModel dsmcDeletionPatch
Selecting dsmcPatchBoundaryModel dsmcDiffuseWallPatch
Selecting dsmcGeneralBoundaryModel dsmcFreeStreamInflowPatch
Selecting BinaryCollisionModel LarsenBorgnakkeVariableHardSphere

Creating dsmcReactions

Selecting the reaction model dissociationQK
Selecting the reaction model dissociationExchangeQK
Selecting the reaction model dissociationQK
Selecting the reaction model dissociationQK
Selecting the reaction model dissociationQK
Selecting the reaction model dissociationQK
Selecting the reaction model dissociationQK
Selecting the reaction model dissociationExchangeQK
Selecting the reaction model dissociationQK
Selecting the reaction model dissociationExchangeQK
Selecting the reaction model dissociationExchangeQK
Selecting the reaction model dissociationQK
Number of reactions created: 12
Selecting BinaryCollisionModel LarsenBorgnakkeVariableHardSphere

Creating dsmcReactions

Selecting the reaction model dissociationQK
Selecting the reaction model dissociationExchangeQK
Selecting the reaction model dissociationQK
Selecting the reaction model dissociationQK
Selecting the reaction model dissociationQK
Selecting the reaction model dissociationQK
Selecting the reaction model dissociationQK
Selecting the reaction model dissociationExchangeQK
Selecting the reaction model dissociationQK
Selecting the reaction model dissociationExchangeQK
Selecting the reaction model dissociationExchangeQK
Selecting the reaction model dissociationQK
Number of reactions created: 12

Constructing constant properties for
	N2
	O2
	NO
	N
	O

Constructing constant properties for
	N2
	O2
	NO
	N
	O

Constructing constant properties for
	N2
	O2
	NO
	N
	O

Constructing constant properties for
	N2
	O2
	NO
	N
	O

Constructing constant properties for
	N2
	O2
	NO
	N
	O
Selecting collisionPartnerSelectionModel noTimeCounter
Collision profile: collisionReduceOnlyOnOutput defaulted to true for replicatedMesh run
Collision profile: collisionOutputGlobalReduce defaulted to false for replicatedMesh run

Initialising the measurement fields

Initialising dsmcVolFields field
Initialising dsmcVolFields field
Initialising dsmcVolFields field
Initialising dsmcVolFields field
Initialising dsmcVolFields field
Initialising dsmcVolFields field
Selecting collisionPartnerSelectionModel noTimeCounter
Collision profile: collisionReduceOnlyOnOutput defaulted to true for replicatedMesh run
Collision profile: collisionOutputGlobalReduce defaulted to false for replicatedMesh run

Initialising the measurement fields

Initialising dsmcVolFields field
Selecting collisionPartnerSelectionModel noTimeCounter
Collision profile: collisionReduceOnlyOnOutput defaulted to true for replicatedMesh run
Collision profile: collisionOutputGlobalReduce defaulted to false for replicatedMesh run

Initialising the measurement fields

Initialising dsmcVolFields field
Initialising dsmcVolFields field

Constructing constant properties for
	N2
	O2
	NO
	N
	O

Constructing constant properties for
	N2
	O2
	NO
	N
	O
Initialising dsmcVolFields field
Initialising dsmcVolFields field
Initialising dsmcVolFields field
Initialising dsmcVolFields field
Initialising dsmcVolFields field
Initialising dsmcVolFields field
Initialising dsmcVolFields field
Initialising dsmcVolFields field
Initialising dsmcVolFields field
Selecting collisionPartnerSelectionModel noTimeCounter
Collision profile: collisionReduceOnlyOnOutput defaulted to true for replicatedMesh run
Collision profile: collisionOutputGlobalReduce defaulted to false for replicatedMesh run

Initialising the measurement fields

Initialising dsmcVolFields field
Initialising dsmcVolFields field
Initialising dsmcVolFields field
Initialising dsmcVolFields field
Initialising dsmcVolFields field
Initialising dsmcVolFields field

Constructing constant properties for
	N2
	O2
	NO
	N
	O
Selecting collisionPartnerSelectionModel noTimeCounter
Collision profile: collisionReduceOnlyOnOutput defaulted to true for replicatedMesh run
Collision profile: collisionOutputGlobalReduce defaulted to false for replicatedMesh run

Initialising the measurement fields

Initialising dsmcVolFields field
Initialising dsmcVolFields field
Initialising dsmcVolFields field
Initialising dsmcVolFields field
Initialising dsmcVolFields field
Initialising dsmcVolFields field
Selecting collisionPartnerSelectionModel noTimeCounter
Collision profile: collisionReduceOnlyOnOutput defaulted to true for replicatedMesh run
Collision profile: collisionOutputGlobalReduce defaulted to false for replicatedMesh run

Initialising the measurement fields

Initialising dsmcVolFields field
Initialising dsmcVolFields field
Initialising dsmcVolFields field
Initialising dsmcVolFields field
Initialising dsmcVolFields field
Initialising dsmcVolFields field
Selecting collisionPartnerSelectionModel noTimeCounter
Collision profile: collisionReduceOnlyOnOutput defaulted to true for replicatedMesh run
Collision profile: collisionOutputGlobalReduce defaulted to false for replicatedMesh run

Initialising the measurement fields

Initialising dsmcVolFields field
Initialising dsmcVolFields field
Initialising dsmcVolFields field
Initialising dsmcVolFields field
Initialising dsmcVolFields field
Initialising dsmcVolFields field
Selecting collisionPartnerSelectionModel noTimeCounter
Collision profile: collisionReduceOnlyOnOutput defaulted to true for replicatedMesh run
Collision profile: collisionOutputGlobalReduce defaulted to false for replicatedMesh run

Initialising the measurement fields

Initialising dsmcVolFields field
Initialising dsmcVolFields field
Initialising dsmcVolFields field
Initialising dsmcVolFields field
Initialising dsmcVolFields field
Initialising dsmcVolFields field
Replicated mesh: METIS decomposition complete, 60000 cells -> 8 ranks
Replicated mesh: rank 0 owns 7384 / 60000 cells
Local mesh: 7384 owned + 356 halo = 7740 / 60000 cells
Replicated mesh: flatTransfer=1 found=1
Replicated mesh: flat POD transfer enabled
Replicated mesh: writeMode=gathered
Phase C auto DLB: enabled (ParMETIS AdaptiveRepart), imbalanceThreshold=1.5, dlbSteps=50, sarSteps=50, triggerMode=legacyWindow, minGapSteps=50, checkCollective=allgather, particleGate=0, particleGateThreshold=1.5, skipPostDiag=0, adaptiveAlpha=0
Replicated mesh: initialized with 8 MPI ranks, migrate interval 10

Starting time loop

Replicated mesh: initial particle distribution

Replicated mesh: rank 0 kept 257851 parcels, deleted 1051233 non-owned parcels
Time = 6.64005e-07

    Collision global reduction skipped (rank 0 local diagnostics)
    Collisions                      = 4055
    Collision candidates           = 5198
    Collision acceptance rate      = 0.7801077337

    Number of DSMC particles        = 1330294
    Number of stuck particles       = 0
    Number of free particles        = 1330294
    Average linear kinetic energy   = 1.893445804e-19
    Average rotational energy       = 1.328589598e-21
    Average vibrational energy      = 0
    Average electronic energy       = 0
    Total energy                    = 0.001521908244

Stage 1.0  ExecutionTime = 6.18 s  ClockTime = 7 s  Iteration 10 (0.14 s)

Time = 1.32801e-06

    Collision global reduction skipped (rank 0 local diagnostics)
    Collisions                      = 4246
    Collision candidates           = 5700
    Collision acceptance rate      = 0.7449122807

    Number of DSMC particles        = 1353938
    Number of stuck particles       = 0
    Number of free particles        = 1353938
    Average linear kinetic energy   = 1.865921355e-19
    Average rotational energy       = 1.54691995e-21
    Average vibrational energy      = 1.61035622e-25
    Average electronic energy       = 0
    Total energy                    = 0.001528373007

Stage 1.0  ExecutionTime = 7.63 s  ClockTime = 8 s  Iteration 20 (0.16 s)

Time = 1.992015e-06

    Collision global reduction skipped (rank 0 local diagnostics)
    Collisions                      = 4123
    Collision candidates           = 5852
    Collision acceptance rate      = 0.7045454545

    Number of DSMC particles        = 1377423
    Number of stuck particles       = 0
    Number of free particles        = 1377423
    Average linear kinetic energy   = 1.841233889e-19
    Average rotational energy       = 1.858376809e-21
    Average vibrational energy      = 2.487413845e-25
    Average electronic energy       = 0
    Total energy                    = 0.001537055426

Stage 1.0  ExecutionTime = 9.07 s  ClockTime = 10 s  Iteration 30 (0.15 s)

Time = 2.65602e-06

    Collision global reduction skipped (rank 0 local diagnostics)
    Collisions                      = 4173
    Collision candidates           = 6020
    Collision acceptance rate      = 0.6931893688

    Number of DSMC particles        = 1401008
    Number of stuck particles       = 0
    Number of free particles        = 1401008
    Average linear kinetic energy   = 1.818880786e-19
    Average rotational energy       = 2.237405096e-21
    Average vibrational energy      = 3.557149024e-25
    Average electronic energy       = 0
    Total energy                    = 0.001547770644

Stage 1.0  ExecutionTime = 10.64 s  ClockTime = 12 s  Iteration 40 (0.17 s)

Time = 3.320025e-06

    Collision global reduction skipped (rank 0 local diagnostics)
    Collisions                      = 4136
    Collision candidates           = 6110
    Collision acceptance rate      = 0.6769230769


Phase C auto DLB triggered (threshold) at step 50: sar=0 loadImbalance=1.521531441 threshold=1.5 particleMaxMin=1
Phase C ParMETIS weights: particles=1424485 activeCells=60000 maxCellParticles=245
Phase C ParMETIS: alpha=1 ncon=1 ubvec=[1.049999952] moveRatio=0.9078327376 (moveT=6.194173375s, collT=0.628860339s)
Phase C ParMETIS: AdaptiveRepart (60000 cells, 1 constraints, ubvec=1.049999952)
Replicated mesh: rank 0 owns 8704 / 60000 cells
Local mesh: 8704 owned + 532 halo = 9236 / 60000 cells
Phase C ParMETIS AdaptiveRepart: 57654 / 60000 cells changed (0.9609)
Phase C auto DLB complete: rebalance #1

    Number of DSMC particles        = 1424485
    Number of stuck particles       = 0
    Number of free particles        = 1424485
    Average linear kinetic energy   = 1.798505652e-19
    Average rotational energy       = 2.677145212e-21
    Average vibrational energy      = 4.373154368e-25
    Average electronic energy       = 0
    Total energy                    = 0.001560051651

Stage 1.0  ExecutionTime = 12.42 s  ClockTime = 13 s  Iteration 50 (0.29 s)

Time = 3.98403e-06

    Collision global reduction skipped (rank 0 local diagnostics)
    Collisions                      = 39671
    Collision candidates           = 73824
    Collision acceptance rate      = 0.5373726701

    Number of DSMC particles        = 1447747
    Number of stuck particles       = 0
    Number of free particles        = 1447747
    Average linear kinetic energy   = 1.779570553e-19
    Average rotational energy       = 3.082796563e-21
    Average vibrational energy      = 6.130375262e-25
    Average electronic energy       = 0
    Total energy                    = 0.00157260474

Stage 1.0  ExecutionTime = 13.92 s  ClockTime = 15 s  Iteration 60 (0.16 s)

Time = 4.648035e-06

    Collision global reduction skipped (rank 0 local diagnostics)
    Collisions                      = 46709
    Collision candidates           = 89297
    Collision acceptance rate      = 0.5230746834

    Number of DSMC particles        = 1471172
    Number of stuck particles       = 0
    Number of free particles        = 1471172
    Average linear kinetic energy   = 1.761451505e-19
    Average rotational energy       = 3.587988843e-21
    Average vibrational energy      = 7.721632912e-25
    Average electronic energy       = 0
    Total energy                    = 0.001586516989

Stage 1.0  ExecutionTime = 15.63 s  ClockTime = 15 s  Iteration 70 (0.18 s)

Time = 5.31204e-06

    Collision global reduction skipped (rank 0 local diagnostics)
    Collisions                      = 51959
    Collision candidates           = 101026
    Collision acceptance rate      = 0.5143131471

    Number of DSMC particles        = 1494383
    Number of stuck particles       = 0
    Number of free particles        = 1494383
    Average linear kinetic energy   = 1.745241736e-19
    Average rotational energy       = 4.100908384e-21
    Average vibrational energy      = 9.266739226e-25
    Average electronic energy       = 0
    Total energy                    = 0.001601614024

Stage 1.0  ExecutionTime = 17.42 s  ClockTime = 17 s  Iteration 80 (0.18 s)

Time = 5.976045e-06

    Collision global reduction skipped (rank 0 local diagnostics)
    Collisions                      = 57739
    Collision candidates           = 113306
    Collision acceptance rate      = 0.5095846645

    Number of DSMC particles        = 1517829
    Number of stuck particles       = 0
    Number of free particles        = 1517829
    Average linear kinetic energy   = 1.730124592e-19
    Average rotational energy       = 4.609643501e-21
    Average vibrational energy      = 1.025107126e-24
    Average electronic energy       = 0
    Total energy                    = 0.001617609207

Stage 1.0  ExecutionTime = 19.33 s  ClockTime = 19 s  Iteration 90 (0.19 s)

Time = 6.64005e-06

    Collision global reduction skipped (rank 0 local diagnostics)
    Collisions                      = 62286
    Collision candidates           = 124186
    Collision acceptance rate      = 0.5015541204


Phase C auto DLB triggered (threshold) at step 100: sar=0 loadImbalance=1.777845657 threshold=1.5 particleMaxMin=1
Phase C ParMETIS weights: particles=1540784 activeCells=60000 maxCellParticles=319
Phase C ParMETIS: alpha=1 ncon=1 ubvec=[1.049999952] moveRatio=0.8217910048 (moveT=12.63578991s, collT=2.74012664s)
Phase C ParMETIS: AdaptiveRepart (60000 cells, 1 constraints, ubvec=1.049999952)
Replicated mesh: rank 0 owns 7656 / 60000 cells
Local mesh: 7656 owned + 453 halo = 8109 / 60000 cells
Phase C ParMETIS AdaptiveRepart: 38572 / 60000 cells changed (0.6428666667)
Phase C auto DLB complete: rebalance #2

    Number of DSMC particles        = 1540784
    Number of stuck particles       = 0
    Number of free particles        = 1540784
    Average linear kinetic energy   = 1.715724524e-19
    Average rotational energy       = 5.138708197e-21
    Average vibrational energy      = 2.081247544e-24
    Average electronic energy       = 0
    Total energy                    = 0.001633661614

Stage 1.0  ExecutionTime = 21.54 s  ClockTime = 21 s  Iteration 100 (0.33 s)

Time = 7.304055e-06

    Collision global reduction skipped (rank 0 local diagnostics)
    Collisions                      = 60011
    Collision candidates           = 119576
    Collision acceptance rate      = 0.5018649227

    Number of DSMC particles        = 1563999
    Number of stuck particles       = 0
    Number of free particles        = 1563999
    Average linear kinetic energy   = 1.702850594e-19
    Average rotational energy       = 5.577814223e-21
    Average vibrational energy      = 2.228903717e-24
    Average electronic energy       = 0
    Total energy                    = 0.001650317067

Stage 1.0  ExecutionTime = 23.51 s  ClockTime = 24 s  Iteration 110 (0.2 s)

Time = 7.96806e-06

    Collision global reduction skipped (rank 0 local diagnostics)
    Collisions                      = 65058
    Collision candidates           = 130178
    Collision acceptance rate      = 0.4997618645

    Number of DSMC particles        = 1586483
    Number of stuck particles       = 0
    Number of free particles        = 1586483
    Average linear kinetic energy   = 1.68963887e-19
    Average rotational energy       = 6.070018378e-21
    Average vibrational energy      = 3.060037048e-24
    Average electronic energy       = 0
    Total energy                    = 0.00166615902

Stage 1.0  ExecutionTime = 25.67 s  ClockTime = 26 s  Iteration 120 (0.21 s)

Time = 8.632065e-06

    Collision global reduction skipped (rank 0 local diagnostics)
    Collisions                      = 69644
    Collision candidates           = 139681
    Collision acceptance rate      = 0.4985932231

    Number of DSMC particles        = 1608937
    Number of stuck particles       = 0
    Number of free particles        = 1608937
    Average linear kinetic energy   = 1.677124678e-19
    Average rotational energy       = 6.543233544e-21
    Average vibrational energy      = 3.694674824e-24
    Average electronic energy       = 0
    Total energy                    = 0.001682234339

Stage 1.0  ExecutionTime = 27.86 s  ClockTime = 28 s  Iteration 130 (0.21 s)

Time = 9.29607e-06

    Collision global reduction skipped (rank 0 local diagnostics)
    Collisions                      = 73514
    Collision candidates           = 148549
    Collision acceptance rate      = 0.4948804771

    Number of DSMC particles        = 1631511
    Number of stuck particles       = 0
    Number of free particles        = 1631511
    Average linear kinetic energy   = 1.665016754e-19
    Average rotational energy       = 7.050122807e-21
    Average vibrational energy      = 4.292214312e-24
    Average electronic energy       = 0
    Total energy                    = 0.001698952023

Stage 1.0  ExecutionTime = 30.23 s  ClockTime = 31 s  Iteration 140 (0.23 s)

Time = 9.960075e-06

    Collision global reduction skipped (rank 0 local diagnostics)
    Collisions                      = 78243
    Collision candidates           = 157321
    Collision acceptance rate      = 0.4973461903


Phase C auto DLB triggered (threshold) at step 150: sar=0 loadImbalance=2.009392453 threshold=1.5 particleMaxMin=1
Phase C ParMETIS weights: particles=1653741 activeCells=60000 maxCellParticles=336
Phase C ParMETIS: alpha=1 ncon=1 ubvec=[1.049999952] moveRatio=0.7784938877 (moveT=20.15027672s, collT=5.733390498s)
Phase C ParMETIS: AdaptiveRepart (60000 cells, 1 constraints, ubvec=1.049999952)
Replicated mesh: rank 0 owns 5872 / 60000 cells
Local mesh: 5872 owned + 321 halo = 6193 / 60000 cells
Phase C ParMETIS AdaptiveRepart: 59227 / 60000 cells changed (0.9871166667)
Phase C auto DLB complete: rebalance #3

    Number of DSMC particles        = 1653741
    Number of stuck particles       = 0
    Number of free particles        = 1653741
    Average linear kinetic energy   = 1.653693792e-19
    Average rotational energy       = 7.537345612e-21
    Average vibrational energy      = 4.676586507e-24
    Average electronic energy       = 0
    Total energy                    = 0.001715704043

Stage 1.0  ExecutionTime = 32.84 s  ClockTime = 33 s  Iteration 150 (0.4 s)

Time = 1.062408e-05

    Collision global reduction skipped (rank 0 local diagnostics)
    Collisions                      = 9941
    Collision candidates           = 15415
    Collision acceptance rate      = 0.6448913396

    Number of DSMC particles        = 1675739
    Number of stuck particles       = 0
    Number of free particles        = 1675739
    Average linear kinetic energy   = 1.6438516e-19
    Average rotational energy       = 7.894209796e-21
    Average vibrational energy      = 5.571048919e-24
    Average electronic energy       = 0
    Total energy                    = 0.001732227566

Stage 1.0  ExecutionTime = 34.8 s  ClockTime = 35 s  Iteration 160 (1.01 s)

Time = 1.1288085e-05

    Collision global reduction skipped (rank 0 local diagnostics)
    Collisions                      = 10672
    Collision candidates           = 17570
    Collision acceptance rate      = 0.6073989755

    Number of DSMC particles        = 1697520
    Number of stuck particles       = 0
    Number of free particles        = 1697520
    Average linear kinetic energy   = 1.633575424e-19
    Average rotational energy       = 8.357613467e-21
    Average vibrational energy      = 6.470572808e-24
    Average electronic energy       = 0
    Total energy                    = 0.001749005371

Stage 1.0  ExecutionTime = 36.9 s  ClockTime = 38 s  Iteration 170 (1.01 s)

Time = 1.195209e-05

    Collision global reduction skipped (rank 0 local diagnostics)
    Collisions                      = 11378
    Collision candidates           = 19200
    Collision acceptance rate      = 0.5926041667

    Number of DSMC particles        = 1719306
    Number of stuck particles       = 0
    Number of free particles        = 1719306
    Average linear kinetic energy   = 1.623754773e-19
    Average rotational energy       = 8.820192984e-21
    Average vibrational energy      = 7.26649146e-24
    Average electronic energy       = 0
    Total energy                    = 0.001766101419

Stage 1.0  ExecutionTime = 39.13 s  ClockTime = 40 s  Iteration 180 (1.05 s)

Time = 1.2616095e-05

    Collision global reduction skipped (rank 0 local diagnostics)
    Collisions                      = 12218
    Collision candidates           = 20642
    Collision acceptance rate      = 0.5919000097

    Number of DSMC particles        = 1740690
    Number of stuck particles       = 0
    Number of free particles        = 1740690
    Average linear kinetic energy   = 1.61403536e-19
    Average rotational energy       = 9.304136163e-21
    Average vibrational energy      = 7.776355328e-24
    Average electronic energy       = 0
    Total energy                    = 0.001782976044

Stage 1.0  ExecutionTime = 41.46 s  ClockTime = 42 s  Iteration 190 (1.1 s)

Time = 1.32801e-05

    Collision global reduction skipped (rank 0 local diagnostics)
    Collisions                      = 12829
    Collision candidates           = 22108
    Collision acceptance rate      = 0.5802876787


Phase C auto DLB triggered (threshold) at step 200: sar=0 loadImbalance=1.832203523 threshold=1.5 particleMaxMin=1
Phase C ParMETIS weights: particles=1761621 activeCells=60000 maxCellParticles=349
Phase C ParMETIS: alpha=1 ncon=1 ubvec=[1.049999952] moveRatio=0.7890121924 (moveT=24.82752119s, collT=6.639066309s)
Phase C ParMETIS: AdaptiveRepart (60000 cells, 1 constraints, ubvec=1.049999952)
Replicated mesh: rank 0 owns 2842 / 60000 cells
Local mesh: 2842 owned + 285 halo = 3127 / 60000 cells
Phase C ParMETIS AdaptiveRepart: 57494 / 60000 cells changed (0.9582333333)
Phase C auto DLB complete: rebalance #4

    Number of DSMC particles        = 1761621
    Number of stuck particles       = 0
    Number of free particles        = 1761621
    Average linear kinetic energy   = 1.604738243e-19
    Average rotational energy       = 9.743843287e-21
    Average vibrational energy      = 8.752343569e-24
    Average electronic energy       = 0
    Total energy                    = 0.001799246617

Stage 1.0  ExecutionTime = 44.2 s  ClockTime = 45 s  Iteration 200 (1.32 s)

Time = 1.3944105e-05

    Collision global reduction skipped (rank 0 local diagnostics)
    Collisions                      = 68205
    Collision candidates           = 128678
    Collision acceptance rate      = 0.5300439858

    Number of DSMC particles        = 1782507
    Number of stuck particles       = 0
    Number of free particles        = 1782507
    Average linear kinetic energy   = 1.597182935e-19
    Average rotational energy       = 1.00504709e-20
    Average vibrational energy      = 9.715098244e-24
    Average electronic energy       = 0
    Total energy                    = 0.001815787969

Stage 1.0  ExecutionTime = 46.25 s  ClockTime = 47 s  Iteration 210 (0.49 s)

Time = 1.460811e-05

    Collision global reduction skipped (rank 0 local diagnostics)
    Collisions                      = 70255
    Collision candidates           = 135026
    Collision acceptance rate      = 0.5203072001

    Number of DSMC particles        = 1802833
    Number of stuck particles       = 0
    Number of free particles        = 1802833
    Average linear kinetic energy   = 1.588628436e-19
    Average rotational energy       = 1.046701649e-20
    Average vibrational energy      = 1.087452574e-23
    Average electronic energy       = 0
    Total energy                    = 0.001831758387

Stage 1.0  ExecutionTime = 48.52 s  ClockTime = 48 s  Iteration 220 (0.58 s)

Time = 1.5272115e-05

    Collision global reduction skipped (rank 0 local diagnostics)
    Collisions                      = 71816
    Collision candidates           = 139779
    Collision acceptance rate      = 0.5137824709

    Number of DSMC particles        = 1823022
    Number of stuck particles       = 0
    Number of free particles        = 1823022
    Average linear kinetic energy   = 1.580123609e-19
    Average rotational energy       = 1.08956317e-20
    Average vibrational energy      = 1.112173238e-23
    Average electronic energy       = 0
    Total energy                    = 0.00184765957

Stage 1.0  ExecutionTime = 50.96 s  ClockTime = 51 s  Iteration 230 (0.58 s)

Time = 1.593612e-05

    Collision global reduction skipped (rank 0 local diagnostics)
    Collisions                      = 73669
    Collision candidates           = 144257
    Collision acceptance rate      = 0.5106788579

    Number of DSMC particles        = 1843040
    Number of stuck particles       = 0
    Number of free particles        = 1843040
    Average linear kinetic energy   = 1.572279367e-19
    Average rotational energy       = 1.127155808e-20
    Average vibrational energy      = 1.135564099e-23
    Average electronic energy       = 0
    Total energy                    = 0.001863433426

Stage 1.0  ExecutionTime = 53.45 s  ClockTime = 53 s  Iteration 240 (0.61 s)

Time = 1.6600125e-05

    Collision global reduction skipped (rank 0 local diagnostics)
    Collisions                      = 74943
    Collision candidates           = 147570
    Collision acceptance rate      = 0.5078471234


Phase C auto DLB triggered (threshold) at step 250: sar=0 loadImbalance=1.915630049 threshold=1.5 particleMaxMin=1
Phase C ParMETIS weights: particles=1862809 activeCells=60000 maxCellParticles=359
Phase C ParMETIS: alpha=1 ncon=1 ubvec=[1.049999952] moveRatio=0.754682405 (moveT=30.62851196s, collT=9.956125705s)
Phase C ParMETIS: AdaptiveRepart (60000 cells, 1 constraints, ubvec=1.049999952)
Replicated mesh: rank 0 owns 5780 / 60000 cells
Local mesh: 5780 owned + 292 halo = 6072 / 60000 cells
Phase C ParMETIS AdaptiveRepart: 50354 / 60000 cells changed (0.8392333333)
Phase C auto DLB complete: rebalance #5

    Number of DSMC particles        = 1862809
    Number of stuck particles       = 0
    Number of free particles        = 1862809
    Average linear kinetic energy   = 1.564419081e-19
    Average rotational energy       = 1.165548439e-20
    Average vibrational energy      = 1.27053947e-23
    Average electronic energy       = 0
    Total energy                    = 0.00187894202

Stage 1.0  ExecutionTime = 56.29 s  ClockTime = 56 s  Iteration 250 (0.89 s)

Time = 1.726413e-05

    Collision global reduction skipped (rank 0 local diagnostics)
    Collisions                      = 16887
    Collision candidates           = 27987
    Collision acceptance rate      = 0.603387287

    Number of DSMC particles        = 1882707
    Number of stuck particles       = 0
    Number of free particles        = 1882707
    Average linear kinetic energy   = 1.556908026e-19
    Average rotational energy       = 1.201127447e-20
    Average vibrational energy      = 1.337206657e-23
    Average electronic energy       = 0
    Total energy                    = 0.001894554301

Stage 1.0  ExecutionTime = 58.65 s  ClockTime = 59 s  Iteration 260 (1.07 s)

Time = 1.7928135e-05

    Collision global reduction skipped (rank 0 local diagnostics)
    Collisions                      = 17385
    Collision candidates           = 29613
    Collision acceptance rate      = 0.5870732449

    Number of DSMC particles        = 1902027
    Number of stuck particles       = 0
    Number of free particles        = 1902027
    Average linear kinetic energy   = 1.549348133e-19
    Average rotational energy       = 1.236240584e-20
    Average vibrational energy      = 1.414463105e-23
    Average electronic energy       = 0
    Total energy                    = 0.001909384388

Stage 1.0  ExecutionTime = 61.16 s  ClockTime = 62 s  Iteration 270 (1.06 s)

Time = 1.859214e-05

    Collision global reduction skipped (rank 0 local diagnostics)
    Collisions                      = 18336
    Collision candidates           = 31071
    Collision acceptance rate      = 0.5901322777

    Number of DSMC particles        = 1921089
    Number of stuck particles       = 0
    Number of free particles        = 1921089
    Average linear kinetic energy   = 1.541952019e-19
    Average rotational energy       = 1.271985541e-20
    Average vibrational energy      = 1.488688583e-23
    Average electronic energy       = 0
    Total energy                    = 0.001924123677

Stage 1.0  ExecutionTime = 63.83 s  ClockTime = 64 s  Iteration 280 (1.16 s)

Time = 1.9256145e-05

    Collision global reduction skipped (rank 0 local diagnostics)
    Collisions                      = 19020
    Collision candidates           = 32642
    Collision acceptance rate      = 0.5826848845

    Number of DSMC particles        = 1940123
    Number of stuck particles       = 0
    Number of free particles        = 1940123
    Average linear kinetic energy   = 1.53471119e-19
    Average rotational energy       = 1.308154787e-20
    Average vibrational energy      = 1.624902101e-23
    Average electronic energy       = 0
    Total energy                    = 0.001938985108

Stage 1.0  ExecutionTime = 66.65 s  ClockTime = 67 s  Iteration 290 (1.16 s)

Time = 1.992015e-05

    Collision global reduction skipped (rank 0 local diagnostics)
    Collisions                      = 19806
    Collision candidates           = 34054
    Collision acceptance rate      = 0.5816056851


Phase C auto DLB triggered (threshold) at step 300: sar=0 loadImbalance=1.764506766 threshold=1.5 particleMaxMin=1
Phase C auto DLB skipped near end at step 300: remainingSteps=0 minRemainingSteps=50
    Number of DSMC particles        = 1958847
    Number of stuck particles       = 0
    Number of free particles        = 1958847
    Average linear kinetic energy   = 1.527890569e-19
    Average rotational energy       = 1.341798869e-20
    Average vibrational energy      = 1.732556469e-23
    Average electronic energy       = 0
    Total energy                    = 0.001953648664

Stage 1.0  ExecutionTime = 69.7 s  ClockTime = 71 s  Iteration 300 (1.33 s)

End stage 1


DSMC solver profile summary
    solver profile steps          = 300
    move+collide wall [s]         = 62.210052
    move only [s]                 = 43.30551924
    buildCellOccupancy [s]        = 4.534247594
    collision phase [s]           = 11.48729018
    post fields/output [s]        = 0.215536864
    total profiled [s]            = 59.54259388
    full evolve wall [s]          = 62.42188458
    move+collide cpu [s]          = 59.11
    move only cpu [s]             = 41.18
    buildCellOccupancy cpu [s]    = 4.24
    collision phase cpu [s]       = 10.86
    post fields/output cpu [s]    = 0.27
    total profiled cpu [s]        = 56.55
    full evolve cpu [s]           = 59.33
    collision localLoop max [s] = 11.46621001
    collision reduce max [s]    = 0
    collision sigmaBC max [s]   = 0.020012998
    collision total max [s]     = 11.48596032
    collision accounted max [s] = 11.48539235
    collision residual max [s]  = 0.00066088
    collision subphase max sum [s] = 11.48622301
    collision cumulative global collisions = 40780000
    collision cumulative global candidates  = 74422059
    collision cumulative acceptance        = 0.5479558151
    OpenMP enabled                = 0
    OpenMP max threads            = 1
    OpenMP move                   = 0 (static, chunk 64)
    OpenMP collision              = dynamic, chunk 8


Replicated mesh profiling summary:
    migration calls             = 36
    migration wall time [s]     = 3.324724608
    local particles (final)     = 265454
    migration wall max [s]      = 3.360279869
    migration pack max [s]      = 0.555586299
    migration local prep max [s]= 0.2471386
    migration size exchange max [s] = 2.250693878
    migration request post max [s] = 0.048227692
    migration wait max [s]      = 0.078226887
    migration deserialize max [s] = 0.302886072
    migration post max [s]      = 0.006038921
    migration candidate gather max [s] = 0.190361815
    migration accounted max [s] = 3.360279869
    migration residual max [s]  = 8.881784197e-16
    updateParticleCounts max [s]= 0.021964531
    migration subphase max sum [s] = 3.679160164
    particles per rank          = min 223302 max 272974 max/min 1.222443149
    rank wall time (evolve, 300 steps): min 43.67 max 56.37 max/min 1.290817495
    Phase C auto DLB checks      = 300
    Phase C auto DLB rebalances = 5
    Phase C auto DLB triggered checks = 5
    Phase C auto DLB wall max [s]= 5.43824471
    Phase C auto DLB check max [s]= 4.659641272
    Phase C ParMETIS max [s]     = 0.169417976
    Phase C migration max [s]    = 0.645470535
    Phase C cellOwner write max [s] = 0
    Phase C post-diagnostic max [s] = 0.000418345
    Phase C auto DLB accounted max [s] = 5.474948128
    Phase C auto DLB residual max [s] = -0.036703418

Total Iterations = 300
End main

