/*---------------------------------------------------------------------------*\
| =========                 |                                                 |
| \\      /  F ield         | OpenFOAM: The Open Source CFD Toolbox           |
|  \\    /   O peration     | Version:  v1706                                 |
|   \\  /    A nd           | Web:      www.OpenFOAM.com                      |
|    \\/     M anipulation  |                                                 |
\*---------------------------------------------------------------------------*/
Build  : v1706
Arch   : "LSB;label=32;scalar=64"
Exec   : dsmcFoam+
Date   : Jun 16 2026
Time   : 07:43:47
Host   : "SuperXCX-ROG"
PID    : 438491
/*---------------------------------------------------------------------------*\
| =========                 |                                                 |
| \\      /  F ield         | OpenFOAM: The Open Source CFD Toolbox           |
|  \\    /   O peration     | Version:  v1706                                 |
|   \\  /    A nd           | Web:      www.OpenFOAM.com                      |
|    \\/     M anipulation  |                                                 |
\*---------------------------------------------------------------------------*/
Build  : v1706
Arch   : "LSB;label=32;scalar=64"
Exec   : dsmcFoam+
Date   : Jun 16 2026
Time   : 07:43:47
Host   : "SuperXCX-ROG"
PID    : 438492
/*---------------------------------------------------------------------------*\
| =========                 |                                                 |
| \\      /  F ield         | OpenFOAM: The Open Source CFD Toolbox           |
|  \\    /   O peration     | Version:  v1706                                 |
|   \\  /    A nd           | Web:      www.OpenFOAM.com                      |
|    \\/     M anipulation  |                                                 |
\*---------------------------------------------------------------------------*/
Build  : v1706
Arch   : "LSB;label=32;scalar=64"
Exec   : dsmcFoam+
Date   : Jun 16 2026
Time   : 07:43:47
Host   : "SuperXCX-ROG"
PID    : 438493
/*---------------------------------------------------------------------------*\
| =========                 |                                                 |
| \\      /  F ield         | OpenFOAM: The Open Source CFD Toolbox           |
|  \\    /   O peration     | Version:  v1706                                 |
|   \\  /    A nd           | Web:      www.OpenFOAM.com                      |
|    \\/     M anipulation  |                                                 |
\*---------------------------------------------------------------------------*/
Build  : v1706
Arch   : "LSB;label=32;scalar=64"
Exec   : dsmcFoam+
Date   : Jun 16 2026
Time   : 07:43:47
Host   : "SuperXCX-ROG"
PID    : 438494
/*---------------------------------------------------------------------------*\
| =========                 |                                                 |
| \\      /  F ield         | OpenFOAM: The Open Source CFD Toolbox           |
|  \\    /   O peration     | Version:  v1706                                 |
|   \\  /    A nd           | Web:      www.OpenFOAM.com                      |
|    \\/     M anipulation  |                                                 |
\*---------------------------------------------------------------------------*/
Build  : v1706
Arch   : "LSB;label=32;scalar=64"
Exec   : dsmcFoam+
Date   : Jun 16 2026
Time   : 07:43:47
Host   : "SuperXCX-ROG"
PID    : 438495
/*---------------------------------------------------------------------------*\
| =========                 |                                                 |
| \\      /  F ield         | OpenFOAM: The Open Source CFD Toolbox           |
|  \\    /   O peration     | Version:  v1706                                 |
|   \\  /    A nd           | Web:      www.OpenFOAM.com                      |
|    \\/     M anipulation  |                                                 |
\*---------------------------------------------------------------------------*/
Build  : v1706
Arch   : "LSB;label=32;scalar=64"
Exec   : dsmcFoam+
Date   : Jun 16 2026
Time   : 07:43:47
Host   : "SuperXCX-ROG"
PID    : 438496
/*---------------------------------------------------------------------------*\
| =========                 |                                                 |
| \\      /  F ield         | OpenFOAM: The Open Source CFD Toolbox           |
|  \\    /   O peration     | Version:  v1706                                 |
|   \\  /    A nd           | Web:      www.OpenFOAM.com                      |
|    \\/     M anipulation  |                                                 |
\*---------------------------------------------------------------------------*/
Build  : v1706
Arch   : "LSB;label=32;scalar=64"
Exec   : dsmcFoam+
Date   : Jun 16 2026
Time   : 07:43:47
Host   : "SuperXCX-ROG"
PID    : 438497
/*---------------------------------------------------------------------------*\
| =========                 |                                                 |
| \\      /  F ield         | OpenFOAM: The Open Source CFD Toolbox           |
|  \\    /   O peration     | Version:  v1706                                 |
|   \\  /    A nd           | Web:      www.OpenFOAM.com                      |
|    \\/     M anipulation  |                                                 |
\*---------------------------------------------------------------------------*/
Build  : v1706
Arch   : "LSB;label=32;scalar=64"
Exec   : dsmcFoam+
Date   : Jun 16 2026
Time   : 07:43:47
Host   : "SuperXCX-ROG"
PID    : 438498
Case   : /home/superxcx/code/OpenFoam/OF-1706/hyStrath_dlb/run/hyStrath/dsmcFoam+/xcx_test/zb-cylinder-react/mpi8
nProcs : 1
sigFpe : Enabling floating point exception trapping (FOAM_SIGFPE).
Case   : /home/superxcx/code/OpenFoam/OF-1706/hyStrath_dlb/run/hyStrath/dsmcFoam+/xcx_test/zb-cylinder-react/mpi8
nProcs : 1
Case   : /home/superxcx/code/OpenFoam/OF-1706/hyStrath_dlb/run/hyStrath/dsmcFoam+/xcx_test/zb-cylinder-react/mpi8
nProcs : 1
sigFpe : Enabling floating point exception trapping (FOAM_SIGFPE).
Case   : /home/superxcx/code/OpenFoam/OF-1706/hyStrath_dlb/run/hyStrath/dsmcFoam+/xcx_test/zb-cylinder-react/mpi8
nProcs : 1
sigFpe : Enabling floating point exception trapping (FOAM_SIGFPE).
Case   : /home/superxcx/code/OpenFoam/OF-1706/hyStrath_dlb/run/hyStrath/dsmcFoam+/xcx_test/zb-cylinder-react/mpi8
nProcs : 1
sigFpe : Enabling floating point exception trapping (FOAM_SIGFPE).
Case   : /home/superxcx/code/OpenFoam/OF-1706/hyStrath_dlb/run/hyStrath/dsmcFoam+/xcx_test/zb-cylinder-react/mpi8
nProcs : 1
sigFpe : Enabling floating point exception trapping (FOAM_SIGFPE).
fileModificationChecking : Monitoring run-time modified files using timeStampMaster (fileModificationSkew 10)
allowSystemOperations : Allowing user-supplied system call operations

Case   : /home/superxcx/code/OpenFoam/OF-1706/hyStrath_dlb/run/hyStrath/dsmcFoam+/xcx_test/zb-cylinder-react/mpi8
nProcs : 1
sigFpe : Enabling floating point exception trapping (FOAM_SIGFPE).
fileModificationChecking : Monitoring run-time modified files using timeStampMaster (fileModificationSkew 10)
allowSystemOperations : Allowing user-supplied system call operations

Case   : /home/superxcx/code/OpenFoam/OF-1706/hyStrath_dlb/run/hyStrath/dsmcFoam+/xcx_test/zb-cylinder-react/mpi8
nProcs : 1
sigFpe : Enabling floating point exception trapping (FOAM_SIGFPE).
fileModificationChecking : Monitoring run-time modified files using timeStampMaster (fileModificationSkew 10)
allowSystemOperations : Allowing user-supplied system call operations

fileModificationChecking : Monitoring run-time modified files using timeStampMaster (fileModificationSkew 10)
allowSystemOperations : Allowing user-supplied system call operations

// * * * * * * * * * * * * * * * * * * * * * * * * * * * * * * * * * * * * * //
Create time

sigFpe : Enabling floating point exception trapping (FOAM_SIGFPE).
fileModificationChecking : Monitoring run-time modified files using timeStampMaster (fileModificationSkew 10)
allowSystemOperations : Allowing user-supplied system call operations

// * * * * * * * * * * * * * * * * * * * * * * * * * * * * * * * * * * * * * //
Create time

fileModificationChecking : Monitoring run-time modified files using timeStampMaster (fileModificationSkew 10)
allowSystemOperations : Allowing user-supplied system call operations

// * * * * * * * * * * * * * * * * * * * * * * * * * * * * * * * * * * * * * //
Create time

fileModificationChecking : Monitoring run-time modified files using timeStampMaster (fileModificationSkew 10)
allowSystemOperations : Allowing user-supplied system call operations

// * * * * * * * * * * * * * * * * * * * * * * * * * * * * * * * * * * * * * //
Create time

// * * * * * * * * * * * * * * * * * * * * * * * * * * * * * * * * * * * * * //
Create time

// * * * * * * * * * * * * * * * * * * * * * * * * * * * * * * * * * * * * * //
Create time

// * * * * * * * * * * * * * * * * * * * * * * * * * * * * * * * * * * * * * //
Create time

fileModificationChecking : Monitoring run-time modified files using timeStampMaster (fileModificationSkew 10)
allowSystemOperations : Allowing user-supplied system call operations

// * * * * * * * * * * * * * * * * * * * * * * * * * * * * * * * * * * * * * //
Create time

Create mesh for time = 0

Create mesh for time = 0

Create mesh for time = 0

Create mesh for time = 0

Create mesh for time = 0

Create mesh for time = 0

Create mesh for time = 0

Create mesh for time = 0

Selecting dynamicFvMesh dynamicRefineFvMesh
Selecting dynamicFvMesh dynamicRefineFvMesh
Selecting dynamicFvMesh dynamicRefineFvMesh
Selecting dynamicFvMesh dynamicRefineFvMesh
Selecting dynamicFvMesh dynamicRefineFvMesh
Selecting dynamicFvMesh dynamicRefineFvMesh
Selecting dynamicFvMesh dynamicRefineFvMesh
Selecting dynamicFvMesh dynamicRefineFvMesh

Constructing dsmcCloud 

Constructing dsmcCloud 

Constructing dsmcCloud 

Constructing dsmcCloud 

Constructing dsmcCloud 

Constructing dsmcCloud 

Constructing dsmcCloud 

Constructing dsmcCloud 
Selecting the coordinate system model:	dsmcCartesian

Selecting the time-step model:	dsmcConstantTimeStepModel

Constant time-step model:
- time-step [sec]	6.64005e-08

Selecting the porous measurement model:	dsmcNoPorousMediumMeasurements

Selecting the coordinate system model:	dsmcCartesian

Selecting the time-step model:	dsmcConstantTimeStepModel

Constant time-step model:
- time-step [sec]	6.64005e-08

Selecting the porous measurement model:	dsmcNoPorousMediumMeasurements

Selecting the coordinate system model:	dsmcCartesian

Selecting the time-step model:	dsmcConstantTimeStepModel

Constant time-step model:
- time-step [sec]	6.64005e-08

Selecting the porous measurement model:	dsmcNoPorousMediumMeasurements


Creating dsmcControllers

Selecting the coordinate system model:	dsmcCartesian

Selecting the time-step model:	dsmcConstantTimeStepModel

Selecting the coordinate system model:	dsmcCartesian

Selecting the time-step model:	dsmcConstantTimeStepModel

Constant time-step model:
- time-step [sec]	6.64005e-08

Selecting the porous measurement model:	dsmcNoPorousMediumMeasurements

Constant time-step model:
- time-step [sec]	6.64005e-08

Selecting the porous measurement model:	dsmcNoPorousMediumMeasurements

Selecting the coordinate system model:	dsmcCartesian

Selecting the time-step model:	dsmcConstantTimeStepModel

Constant time-step model:
- time-step [sec]	6.64005e-08

Selecting the porous measurement model:	dsmcNoPorousMediumMeasurements

Creating fields: 

Selecting field: dsmcVolFields

TimeData Statistics: 
 measurement option: write
 nSamples: 1, time interval: 6.64005e-08
 nAverages: 15060, time interval: 0.00099999153
 total no. of sampling steps: 0
 total no. of averaging Steps: 0



Creating dsmcControllers


Creating dsmcControllers

Creating fields: 

Selecting field: dsmcVolFields
Creating fields: 

Selecting field: dsmcVolFields

TimeData Statistics: 
 measurement option: write
 nSamples: 1, time interval: 6.64005e-08
 nAverages: 15060, time interval: 0.00099999153
 total no. of sampling steps: 0
 total no. of averaging Steps: 0



TimeData Statistics: 
 measurement option: write
 nSamples: 1, time interval: 6.64005e-08
 nAverages: 15060, time interval: 0.00099999153
 total no. of sampling steps: 0
 total no. of averaging Steps: 0



Creating dsmcControllers


Creating dsmcControllers


Creating dsmcControllers

Creating fields: 

Selecting field: dsmcVolFields

TimeData Statistics: 
 measurement option: write
 nSamples: 1, time interval: 6.64005e-08
 nAverages: 15060, time interval: 0.00099999153
 total no. of sampling steps: 0
 total no. of averaging Steps: 0


Creating fields: 

Selecting field: dsmcVolFields

TimeData Statistics: 
 measurement option: write
 nSamples: 1, time interval: 6.64005e-08
 nAverages: 15060, time interval: 0.00099999153
 total no. of sampling steps: 0
 total no. of averaging Steps: 0


--> FOAM Warning : 
    From function bool Foam::rmDir(const fileName &, const bool)
    in file POSIX.C at line 1047
    failed to remove directory "/home/superxcx/code/OpenFoam/OF-1706/hyStrath_dlb/run/hyStrath/dsmcFoam+/xcx_test/zb-cylinder-react/mpi8/fieldMeasurements"
Creating fields: 

Selecting field: dsmcVolFields

TimeData Statistics: 
 measurement option: write
 nSamples: 1, time interval: 6.64005e-08
 nAverages: 15060, time interval: 0.00099999153
 total no. of sampling steps: 0
 total no. of averaging Steps: 0


Selecting the coordinate system model:	dsmcCartesian

Selecting the time-step model:	dsmcConstantTimeStepModel

Constant time-step model:
- time-step [sec]	6.64005e-08

Selecting the porous measurement model:	dsmcNoPorousMediumMeasurements


Creating dsmcControllers

Selecting the coordinate system model:	dsmcCartesian

Selecting the time-step model:	dsmcConstantTimeStepModel

Constant time-step model:
- time-step [sec]	6.64005e-08

Selecting the porous measurement model:	dsmcNoPorousMediumMeasurements

Creating fields: 

Selecting field: dsmcVolFields

TimeData Statistics: 
 measurement option: write
 nSamples: 1, time interval: 6.64005e-08
 nAverages: 15060, time interval: 0.00099999153
 total no. of sampling steps: 0
 total no. of averaging Steps: 0



Creating dsmcControllers

Creating fields: 

Selecting field: dsmcVolFields

TimeData Statistics: 
 measurement option: write
 nSamples: 1, time interval: 6.64005e-08
 nAverages: 15060, time interval: 0.00099999153
 total no. of sampling steps: 0
 total no. of averaging Steps: 0


Selecting field: dsmcVolFields

TimeData Statistics: 
 measurement option: write
 nSamples: 1, time interval: 6.64005e-08
 nAverages: 15060, time interval: 0.00099999153
 total no. of sampling steps: 0
 total no. of averaging Steps: 0


Selecting field: dsmcVolFields

TimeData Statistics: 
 measurement option: write
 nSamples: 1, time interval: 6.64005e-08
 nAverages: 15060, time interval: 0.00099999153
 total no. of sampling steps: 0
 total no. of averaging Steps: 0


Selecting field: dsmcVolFields

TimeData Statistics: 
 measurement option: write
 nSamples: 1, time interval: 6.64005e-08
 nAverages: 15060, time interval: 0.00099999153
 total no. of sampling steps: 0
 total no. of averaging Steps: 0


Selecting field: dsmcVolFields

TimeData Statistics: 
 measurement option: write
 nSamples: 1, time interval: 6.64005e-08
 nAverages: 15060, time interval: 0.00099999153
 total no. of sampling steps: 0
 total no. of averaging Steps: 0


Selecting field: dsmcVolFields

TimeData Statistics: 
 measurement option: write
 nSamples: 1, time interval: 6.64005e-08
 nAverages: 15060, time interval: 0.00099999153
 total no. of sampling steps: 0
 total no. of averaging Steps: 0


Selecting field: dsmcVolFields

TimeData Statistics: 
 measurement option: write
 nSamples: 1, time interval: 6.64005e-08
 nAverages: 15060, time interval: 0.00099999153
 total no. of sampling steps: 0
 total no. of averaging Steps: 0


Selecting field: dsmcVolFields

TimeData Statistics: 
 measurement option: write
 nSamples: 1, time interval: 6.64005e-08
 nAverages: 15060, time interval: 0.00099999153
 total no. of sampling steps: 0
 total no. of averaging Steps: 0


Selecting field: dsmcVolFields

TimeData Statistics: 
 measurement option: write
 nSamples: 1, time interval: 6.64005e-08
 nAverages: 15060, time interval: 0.00099999153
 total no. of sampling steps: 0
 total no. of averaging Steps: 0


Selecting field: dsmcVolFields

TimeData Statistics: 
 measurement option: write
 nSamples: 1, time interval: 6.64005e-08
 nAverages: 15060, time interval: 0.00099999153
 total no. of sampling steps: 0
 total no. of averaging Steps: 0


Selecting field: dsmcVolFields

TimeData Statistics: 
 measurement option: write
 nSamples: 1, time interval: 6.64005e-08
 nAverages: 15060, time interval: 0.00099999153
 total no. of sampling steps: 0
 total no. of averaging Steps: 0


Selecting field: dsmcVolFields

TimeData Statistics: 
 measurement option: write
 nSamples: 1, time interval: 6.64005e-08
 nAverages: 15060, time interval: 0.00099999153
 total no. of sampling steps: 0
 total no. of averaging Steps: 0


Selecting field: dsmcVolFields

TimeData Statistics: 
 measurement option: write
 nSamples: 1, time interval: 6.64005e-08
 nAverages: 15060, time interval: 0.00099999153
 total no. of sampling steps: 0
 total no. of averaging Steps: 0


Selecting field: dsmcVolFields

TimeData Statistics: 
 measurement option: write
 nSamples: 1, time interval: 6.64005e-08
 nAverages: 15060, time interval: 0.00099999153
 total no. of sampling steps: 0
 total no. of averaging Steps: 0


Selecting field: dsmcVolFields

TimeData Statistics: 
 measurement option: write
 nSamples: 1, time interval: 6.64005e-08
 nAverages: 15060, time interval: 0.00099999153
 total no. of sampling steps: 0
 total no. of averaging Steps: 0


Selecting field: dsmcVolFields

TimeData Statistics: 
 measurement option: write
 nSamples: 1, time interval: 6.64005e-08
 nAverages: 15060, time interval: 0.00099999153
 total no. of sampling steps: 0
 total no. of averaging Steps: 0


Selecting field: dsmcVolFields

TimeData Statistics: 
 measurement option: write
 nSamples: 1, time interval: 6.64005e-08
 nAverages: 15060, time interval: 0.00099999153
 total no. of sampling steps: 0
 total no. of averaging Steps: 0


Selecting field: dsmcVolFields

TimeData Statistics: 
 measurement option: write
 nSamples: 1, time interval: 6.64005e-08
 nAverages: 15060, time interval: 0.00099999153
 total no. of sampling steps: 0
 total no. of averaging Steps: 0


Selecting field: dsmcVolFields

TimeData Statistics: 
 measurement option: write
 nSamples: 1, time interval: 6.64005e-08
 nAverages: 15060, time interval: 0.00099999153
 total no. of sampling steps: 0
 total no. of averaging Steps: 0


Selecting field: dsmcVolFields

TimeData Statistics: 
 measurement option: write
 nSamples: 1, time interval: 6.64005e-08
 nAverages: 15060, time interval: 0.00099999153
 total no. of sampling steps: 0
 total no. of averaging Steps: 0


Selecting field: dsmcVolFields

TimeData Statistics: 
 measurement option: write
 nSamples: 1, time interval: 6.64005e-08
 nAverages: 15060, time interval: 0.00099999153
 total no. of sampling steps: 0
 total no. of averaging Steps: 0


Selecting field: dsmcVolFields

TimeData Statistics: 
 measurement option: write
 nSamples: 1, time interval: 6.64005e-08
 nAverages: 15060, time interval: 0.00099999153
 total no. of sampling steps: 0
 total no. of averaging Steps: 0


Selecting field: dsmcVolFields

TimeData Statistics: 
 measurement option: write
 nSamples: 1, time interval: 6.64005e-08
 nAverages: 15060, time interval: 0.00099999153
 total no. of sampling steps: 0
 total no. of averaging Steps: 0


Selecting field: dsmcVolFields

TimeData Statistics: 
 measurement option: write
 nSamples: 1, time interval: 6.64005e-08
 nAverages: 15060, time interval: 0.00099999153
 total no. of sampling steps: 0
 total no. of averaging Steps: 0


Selecting field: dsmcVolFields

TimeData Statistics: 
 measurement option: write
 nSamples: 1, time interval: 6.64005e-08
 nAverages: 15060, time interval: 0.00099999153
 total no. of sampling steps: 0
 total no. of averaging Steps: 0


Selecting field: dsmcVolFields

TimeData Statistics: 
 measurement option: write
 nSamples: 1, time interval: 6.64005e-08
 nAverages: 15060, time interval: 0.00099999153
 total no. of sampling steps: 0
 total no. of averaging Steps: 0


Selecting field: dsmcVolFields

TimeData Statistics: 
 measurement option: write
 nSamples: 1, time interval: 6.64005e-08
 nAverages: 15060, time interval: 0.00099999153
 total no. of sampling steps: 0
 total no. of averaging Steps: 0


Selecting field: dsmcVolFields

TimeData Statistics: 
 measurement option: write
 nSamples: 1, time interval: 6.64005e-08
 nAverages: 15060, time interval: 0.00099999153
 total no. of sampling steps: 0
 total no. of averaging Steps: 0


Selecting field: dsmcVolFields

TimeData Statistics: 
 measurement option: write
 nSamples: 1, time interval: 6.64005e-08
 nAverages: 15060, time interval: 0.00099999153
 total no. of sampling steps: 0
 total no. of averaging Steps: 0


Selecting field: dsmcVolFields

TimeData Statistics: 
 measurement option: write
 nSamples: 1, time interval: 6.64005e-08
 nAverages: 15060, time interval: 0.00099999153
 total no. of sampling steps: 0
 total no. of averaging Steps: 0


Selecting field: dsmcVolFields

TimeData Statistics: 
 measurement option: write
 nSamples: 1, time interval: 6.64005e-08
 nAverages: 15060, time interval: 0.00099999153
 total no. of sampling steps: 0
 total no. of averaging Steps: 0


Selecting field: dsmcVolFields

TimeData Statistics: 
 measurement option: write
 nSamples: 1, time interval: 6.64005e-08
 nAverages: 15060, time interval: 0.00099999153
 total no. of sampling steps: 0
 total no. of averaging Steps: 0


Selecting field: dsmcVolFields

TimeData Statistics: 
 measurement option: write
 nSamples: 1, time interval: 6.64005e-08
 nAverages: 15060, time interval: 0.00099999153
 total no. of sampling steps: 0
 total no. of averaging Steps: 0


Selecting field: dsmcVolFields

TimeData Statistics: 
 measurement option: write
 nSamples: 1, time interval: 6.64005e-08
 nAverages: 15060, time interval: 0.00099999153
 total no. of sampling steps: 0
 total no. of averaging Steps: 0


Selecting field: dsmcVolFields

TimeData Statistics: 
 measurement option: write
 nSamples: 1, time interval: 6.64005e-08
 nAverages: 15060, time interval: 0.00099999153
 total no. of sampling steps: 0
 total no. of averaging Steps: 0


Selecting field: dsmcVolFields

TimeData Statistics: 
 measurement option: write
 nSamples: 1, time interval: 6.64005e-08
 nAverages: 15060, time interval: 0.00099999153
 total no. of sampling steps: 0
 total no. of averaging Steps: 0


Selecting field: dsmcVolFields

TimeData Statistics: 
 measurement option: write
 nSamples: 1, time interval: 6.64005e-08
 nAverages: 15060, time interval: 0.00099999153
 total no. of sampling steps: 0
 total no. of averaging Steps: 0


Selecting field: dsmcVolFields

TimeData Statistics: 
 measurement option: write
 nSamples: 1, time interval: 6.64005e-08
 nAverages: 15060, time interval: 0.00099999153
 total no. of sampling steps: 0
 total no. of averaging Steps: 0


Selecting field: dsmcVolFields

TimeData Statistics: 
 measurement option: write
 nSamples: 1, time interval: 6.64005e-08
 nAverages: 15060, time interval: 0.00099999153
 total no. of sampling steps: 0
 total no. of averaging Steps: 0


Selecting field: dsmcVolFields

TimeData Statistics: 
 measurement option: write
 nSamples: 1, time interval: 6.64005e-08
 nAverages: 15060, time interval: 0.00099999153
 total no. of sampling steps: 0
 total no. of averaging Steps: 0


Selecting field: dsmcVolFields

TimeData Statistics: 
 measurement option: write
 nSamples: 1, time interval: 6.64005e-08
 nAverages: 15060, time interval: 0.00099999153
 total no. of sampling steps: 0
 total no. of averaging Steps: 0


Creating the boundary models: 

Selecting dsmcPatchBoundaryModel dsmcDeletionPatch
Creating the boundary models: 

Selecting dsmcPatchBoundaryModel dsmcDeletionPatch
Selecting dsmcPatchBoundaryModel dsmcDeletionPatch
Selecting dsmcPatchBoundaryModel dsmcDiffuseWallPatch
Creating the boundary models: 

Selecting dsmcPatchBoundaryModel dsmcDeletionPatch
Selecting dsmcPatchBoundaryModel dsmcDeletionPatch
Selecting dsmcPatchBoundaryModel dsmcDiffuseWallPatch
Selecting dsmcPatchBoundaryModel dsmcDeletionPatch
Selecting dsmcPatchBoundaryModel dsmcDiffuseWallPatch
Selecting dsmcGeneralBoundaryModel dsmcFreeStreamInflowPatch
Selecting dsmcGeneralBoundaryModel dsmcFreeStreamInflowPatch
Selecting dsmcGeneralBoundaryModel dsmcFreeStreamInflowPatch
Creating the boundary models: 

Selecting dsmcPatchBoundaryModel dsmcDeletionPatch
Selecting dsmcPatchBoundaryModel dsmcDeletionPatch
Selecting dsmcPatchBoundaryModel dsmcDiffuseWallPatch
Selecting dsmcGeneralBoundaryModel dsmcFreeStreamInflowPatch
Creating the boundary models: 

Selecting dsmcPatchBoundaryModel dsmcDeletionPatch
Selecting dsmcPatchBoundaryModel dsmcDeletionPatch
Selecting dsmcPatchBoundaryModel dsmcDiffuseWallPatch
Selecting dsmcGeneralBoundaryModel dsmcFreeStreamInflowPatch
Creating the boundary models: 

Selecting dsmcPatchBoundaryModel dsmcDeletionPatch
Selecting dsmcPatchBoundaryModel dsmcDeletionPatch
Selecting dsmcPatchBoundaryModel dsmcDiffuseWallPatch
Selecting dsmcGeneralBoundaryModel dsmcFreeStreamInflowPatch
Selecting BinaryCollisionModel LarsenBorgnakkeVariableHardSphere
Selecting BinaryCollisionModel LarsenBorgnakkeVariableHardSphere
Selecting BinaryCollisionModel LarsenBorgnakkeVariableHardSphere

Creating dsmcReactions

Selecting the reaction model dissociationQK

Creating dsmcReactions

Selecting the reaction model dissociationQK

Creating dsmcReactions

Selecting the reaction model dissociationQK
Selecting the reaction model dissociationExchangeQK
Selecting the reaction model dissociationExchangeQK
Selecting the reaction model dissociationQK
Selecting the reaction model dissociationQK
Selecting the reaction model dissociationQK
Selecting the reaction model dissociationQK
Selecting the reaction model dissociationQK
Selecting the reaction model dissociationExchangeQK
Selecting the reaction model dissociationQK
Selecting the reaction model dissociationQK
Selecting the reaction model dissociationQK
Selecting the reaction model dissociationQK
Selecting the reaction model dissociationQK
Selecting the reaction model dissociationExchangeQK
Selecting the reaction model dissociationQK
Selecting the reaction model dissociationQK
Selecting the reaction model dissociationQK
Selecting the reaction model dissociationQK
Selecting the reaction model dissociationQK
Selecting the reaction model dissociationExchangeQK
Selecting the reaction model dissociationQK
Selecting the reaction model dissociationExchangeQK
Selecting the reaction model dissociationExchangeQK
Selecting the reaction model dissociationQK
Selecting the reaction model dissociationExchangeQK
Selecting the reaction model dissociationExchangeQK
Selecting the reaction model dissociationQK
Selecting the reaction model dissociationExchangeQK
Selecting the reaction model dissociationQK
Selecting the reaction model dissociationExchangeQK
Number of reactions created: 12
Selecting the reaction model dissociationQK
Selecting the reaction model dissociationExchangeQK
Number of reactions created: 12
Selecting the reaction model dissociationQK
Number of reactions created: 12
Selecting BinaryCollisionModel LarsenBorgnakkeVariableHardSphere

Creating dsmcReactions

Selecting the reaction model dissociationQK
Selecting the reaction model dissociationExchangeQK
Selecting the reaction model dissociationQK
Selecting the reaction model dissociationQK
Selecting the reaction model dissociationQK
Selecting the reaction model dissociationQK
Selecting the reaction model dissociationQK
Selecting the reaction model dissociationExchangeQK
Selecting the reaction model dissociationQK
Selecting the reaction model dissociationExchangeQK
Selecting the reaction model dissociationExchangeQK
Selecting the reaction model dissociationQK
Number of reactions created: 12
Selecting BinaryCollisionModel LarsenBorgnakkeVariableHardSphere

Creating dsmcReactions

Selecting the reaction model dissociationQK
Selecting the reaction model dissociationExchangeQK
Selecting the reaction model dissociationQK
Selecting the reaction model dissociationQK
Selecting the reaction model dissociationQK
Selecting the reaction model dissociationQK
Selecting the reaction model dissociationQK
Selecting the reaction model dissociationExchangeQK
Selecting the reaction model dissociationQK
Selecting the reaction model dissociationExchangeQK
Selecting the reaction model dissociationExchangeQK
Selecting the reaction model dissociationQK
Number of reactions created: 12
Selecting BinaryCollisionModel LarsenBorgnakkeVariableHardSphere

Creating dsmcReactions

Selecting the reaction model dissociationQK
Selecting the reaction model dissociationExchangeQK
Selecting the reaction model dissociationQK
Selecting the reaction model dissociationQK
Selecting the reaction model dissociationQK
Selecting the reaction model dissociationQK
Selecting the reaction model dissociationQK
Selecting the reaction model dissociationExchangeQK
Selecting the reaction model dissociationQK
Selecting the reaction model dissociationExchangeQK
Selecting the reaction model dissociationExchangeQK
Selecting the reaction model dissociationQK
Number of reactions created: 12
Creating the boundary models: 

Selecting dsmcPatchBoundaryModel dsmcDeletionPatch
Selecting dsmcPatchBoundaryModel dsmcDeletionPatch
Selecting dsmcPatchBoundaryModel dsmcDiffuseWallPatch
Selecting dsmcGeneralBoundaryModel dsmcFreeStreamInflowPatch
Creating the boundary models: 

Selecting dsmcPatchBoundaryModel dsmcDeletionPatch
Selecting dsmcPatchBoundaryModel dsmcDeletionPatch
Selecting dsmcPatchBoundaryModel dsmcDiffuseWallPatch
Selecting dsmcGeneralBoundaryModel dsmcFreeStreamInflowPatch
Selecting BinaryCollisionModel LarsenBorgnakkeVariableHardSphere

Creating dsmcReactions

Selecting the reaction model dissociationQK
Selecting the reaction model dissociationExchangeQK
Selecting the reaction model dissociationQK
Selecting the reaction model dissociationQK
Selecting the reaction model dissociationQK
Selecting the reaction model dissociationQK
Selecting the reaction model dissociationQK
Selecting the reaction model dissociationExchangeQK
Selecting the reaction model dissociationQK
Selecting the reaction model dissociationExchangeQK
Selecting the reaction model dissociationExchangeQK
Selecting the reaction model dissociationQK
Number of reactions created: 12
Selecting BinaryCollisionModel LarsenBorgnakkeVariableHardSphere

Creating dsmcReactions

Selecting the reaction model dissociationQK
Selecting the reaction model dissociationExchangeQK
Selecting the reaction model dissociationQK
Selecting the reaction model dissociationQK
Selecting the reaction model dissociationQK
Selecting the reaction model dissociationQK
Selecting the reaction model dissociationQK
Selecting the reaction model dissociationExchangeQK
Selecting the reaction model dissociationQK
Selecting the reaction model dissociationExchangeQK
Selecting the reaction model dissociationExchangeQK
Selecting the reaction model dissociationQK
Number of reactions created: 12

Constructing constant properties for
	N2
	O2
	NO
	N
	O

Constructing constant properties for
	N2
	O2
	NO
	N
	O

Constructing constant properties for
	N2
	O2
	NO
	N
	O

Constructing constant properties for
	N2
	O2
	NO
	N
	O

Constructing constant properties for
	N2
	O2
	NO
	N
	O

Constructing constant properties for
	N2

Constructing constant properties for
	N2
	O2
	NO
	N
	O
	O2
	NO
	N
	O

Constructing constant properties for
	N2
	O2
	NO
	N
	O
Selecting collisionPartnerSelectionModel noTimeCounter
Collision profile: collisionReduceOnlyOnOutput defaulted to true for replicatedMesh run
Collision profile: collisionOutputGlobalReduce defaulted to false for replicatedMesh run

Initialising the measurement fields

Selecting collisionPartnerSelectionModel noTimeCounter
Collision profile: collisionReduceOnlyOnOutput defaulted to true for replicatedMesh run
Collision profile: collisionOutputGlobalReduce defaulted to false for replicatedMesh run

Initialising the measurement fields

Initialising dsmcVolFields field
Initialising dsmcVolFields field
Initialising dsmcVolFields field
Initialising dsmcVolFields field
Initialising dsmcVolFields field
Initialising dsmcVolFields field
Initialising dsmcVolFields field
Initialising dsmcVolFields field
Initialising dsmcVolFields field
Initialising dsmcVolFields field
Initialising dsmcVolFields field
Initialising dsmcVolFields field
Selecting collisionPartnerSelectionModel noTimeCounter
Collision profile: collisionReduceOnlyOnOutput defaulted to true for replicatedMesh run
Collision profile: collisionOutputGlobalReduce defaulted to false for replicatedMesh run

Initialising the measurement fields

Initialising dsmcVolFields field
Selecting collisionPartnerSelectionModel noTimeCounter
Collision profile: collisionReduceOnlyOnOutput defaulted to true for replicatedMesh run
Collision profile: collisionOutputGlobalReduce defaulted to false for replicatedMesh run

Initialising the measurement fields

Initialising dsmcVolFields field
Initialising dsmcVolFields field
Initialising dsmcVolFields field
Initialising dsmcVolFields field
Initialising dsmcVolFields field
Initialising dsmcVolFields field
Initialising dsmcVolFields field
Initialising dsmcVolFields field
Initialising dsmcVolFields field
Initialising dsmcVolFields field
Initialising dsmcVolFields field
Selecting collisionPartnerSelectionModel noTimeCounter
Collision profile: collisionReduceOnlyOnOutput defaulted to true for replicatedMesh run
Collision profile: collisionOutputGlobalReduce defaulted to false for replicatedMesh run

Initialising the measurement fields

Initialising dsmcVolFields field
Selecting collisionPartnerSelectionModel noTimeCounter
Collision profile: collisionReduceOnlyOnOutput defaulted to true for replicatedMesh run
Collision profile: collisionOutputGlobalReduce defaulted to false for replicatedMesh run

Initialising the measurement fields

Initialising dsmcVolFields field
Initialising dsmcVolFields field
Initialising dsmcVolFields field
Initialising dsmcVolFields field
Initialising dsmcVolFields field
Initialising dsmcVolFields field
Initialising dsmcVolFields field
Initialising dsmcVolFields field
Selecting collisionPartnerSelectionModel noTimeCounter
Collision profile: collisionReduceOnlyOnOutput defaulted to true for replicatedMesh run
Collision profile: collisionOutputGlobalReduce defaulted to false for replicatedMesh run

Initialising the measurement fields

Initialising dsmcVolFields field
Initialising dsmcVolFields field
Initialising dsmcVolFields field
Initialising dsmcVolFields field
Initialising dsmcVolFields field
Initialising dsmcVolFields field
Initialising dsmcVolFields field
Initialising dsmcVolFields field
Initialising dsmcVolFields field
Selecting collisionPartnerSelectionModel noTimeCounter
Collision profile: collisionReduceOnlyOnOutput defaulted to true for replicatedMesh run
Collision profile: collisionOutputGlobalReduce defaulted to false for replicatedMesh run

Initialising the measurement fields

Initialising dsmcVolFields field
Initialising dsmcVolFields field
Initialising dsmcVolFields field
Initialising dsmcVolFields field
Initialising dsmcVolFields field
Initialising dsmcVolFields field
Replicated mesh: METIS decomposition complete, 60000 cells -> 8 ranks
Replicated mesh: rank 0 owns 7384 / 60000 cells
Local mesh: 7384 owned + 356 halo = 7740 / 60000 cells
Replicated mesh: no-Alltoall async migration enabled
Replicated mesh: flatTransfer=1 found=1
Replicated mesh: flat POD transfer enabled
Replicated mesh: writeMode=gathered
Phase C auto DLB: enabled (ParMETIS AdaptiveRepart), imbalanceThreshold=1.5, dlbSteps=50, sarSteps=100, triggerMode=legacyWindow, minGapSteps=50, checkCollective=allgather, particleGate=0, particleGateThreshold=1.5, skipPostDiag=0, adaptiveAlpha=0
Replicated mesh: initialized with 8 MPI ranks, migrate interval 10

Starting time loop

Replicated mesh: initial particle distribution

Replicated mesh: rank 0 kept 257866 parcels, deleted 1051233 non-owned parcels
Time = 6.64005e-07

    Collision global reduction skipped (rank 0 local diagnostics)
    Collisions                      = 4082
    Collision candidates           = 5185
    Collision acceptance rate      = 0.787270974

    Number of DSMC particles        = 1330300
    Number of stuck particles       = 0
    Number of free particles        = 1330300
    Average linear kinetic energy   = 1.893447527e-19
    Average rotational energy       = 1.326270074e-21
    Average vibrational energy      = 7.024159363e-26
    Average electronic energy       = 0
    Total energy                    = 0.00152189853

Stage 1.0  ExecutionTime = 6.64 s  ClockTime = 6 s  Iteration 10 (0.19 s)

Time = 1.32801e-06

    Collision global reduction skipped (rank 0 local diagnostics)
    Collisions                      = 4163
    Collision candidates           = 5633
    Collision acceptance rate      = 0.7390378129

    Number of DSMC particles        = 1353960
    Number of stuck particles       = 0
    Number of free particles        = 1353960
    Average linear kinetic energy   = 1.865920015e-19
    Average rotational energy       = 1.544199483e-21
    Average vibrational energy      = 9.201886023e-26
    Average electronic energy       = 0
    Total energy                    = 0.001528374092

Stage 1.0  ExecutionTime = 8.1 s  ClockTime = 7 s  Iteration 20 (0.15 s)

Time = 1.992015e-06

    Collision global reduction skipped (rank 0 local diagnostics)
    Collisions                      = 4142
    Collision candidates           = 5872
    Collision acceptance rate      = 0.7053814714

    Number of DSMC particles        = 1377514
    Number of stuck particles       = 0
    Number of free particles        = 1377514
    Average linear kinetic energy   = 1.841194264e-19
    Average rotational energy       = 1.862143998e-21
    Average vibrational energy      = 6.783407791e-26
    Average electronic energy       = 0
    Total energy                    = 0.001537153863

Stage 1.0  ExecutionTime = 9.63 s  ClockTime = 9 s  Iteration 30 (0.16 s)

Time = 2.65602e-06

    Collision global reduction skipped (rank 0 local diagnostics)
    Collisions                      = 4165
    Collision candidates           = 6035
    Collision acceptance rate      = 0.6901408451

    Number of DSMC particles        = 1401073
    Number of stuck particles       = 0
    Number of free particles        = 1401073
    Average linear kinetic energy   = 1.818911e-19
    Average rotational energy       = 2.241345994e-21
    Average vibrational energy      = 1.778491999e-25
    Average electronic energy       = 0
    Total energy                    = 0.001547899486

Stage 1.0  ExecutionTime = 11.33 s  ClockTime = 10 s  Iteration 40 (0.17 s)

Time = 3.320025e-06

    Collision global reduction skipped (rank 0 local diagnostics)
    Collisions                      = 4198
    Collision candidates           = 6116
    Collision acceptance rate      = 0.6863963375

    Number of DSMC particles        = 1424415
    Number of stuck particles       = 0
    Number of free particles        = 1424415
    Average linear kinetic energy   = 1.798533379e-19
    Average rotational energy       = 2.674292748e-21
    Average vibrational energy      = 5.572265656e-25
    Average electronic energy       = 0
    Total energy                    = 0.001559975332

Stage 1.0  ExecutionTime = 13 s  ClockTime = 12 s  Iteration 50 (0.18 s)

Time = 3.98403e-06

    Collision global reduction skipped (rank 0 local diagnostics)
    Collisions                      = 4179
    Collision candidates           = 6178
    Collision acceptance rate      = 0.6764325024

    Number of DSMC particles        = 1447730
    Number of stuck particles       = 0
    Number of free particles        = 1447730
    Average linear kinetic energy   = 1.779476367e-19
    Average rotational energy       = 3.147743625e-21
    Average vibrational energy      = 6.127967718e-25
    Average electronic energy       = 0
    Total energy                    = 0.001573068613

Stage 1.0  ExecutionTime = 14.74 s  ClockTime = 14 s  Iteration 60 (0.17 s)

Time = 4.648035e-06

    Collision global reduction skipped (rank 0 local diagnostics)
    Collisions                      = 4179
    Collision candidates           = 6207
    Collision acceptance rate      = 0.6732721121

    Number of DSMC particles        = 1471325
    Number of stuck particles       = 0
    Number of free particles        = 1471325
    Average linear kinetic energy   = 1.762004435e-19
    Average rotational energy       = 3.633365238e-21
    Average vibrational energy      = 6.771854478e-25
    Average electronic energy       = 0
    Total energy                    = 0.00158756985

Stage 1.0  ExecutionTime = 16.55 s  ClockTime = 16 s  Iteration 70 (0.21 s)

Time = 5.31204e-06

    Collision global reduction skipped (rank 0 local diagnostics)
    Collisions                      = 4157
    Collision candidates           = 6220
    Collision acceptance rate      = 0.6683279743

    Number of DSMC particles        = 1494414
    Number of stuck particles       = 0
    Number of free particles        = 1494414
    Average linear kinetic energy   = 1.745767345e-19
    Average rotational energy       = 4.129325819e-21
    Average vibrational energy      = 9.585191085e-25
    Average electronic energy       = 0
    Total energy                    = 0.001602373626

Stage 1.0  ExecutionTime = 18.47 s  ClockTime = 18 s  Iteration 80 (0.2 s)

Time = 5.976045e-06

    Collision global reduction skipped (rank 0 local diagnostics)
    Collisions                      = 4182
    Collision candidates           = 6360
    Collision acceptance rate      = 0.6575471698

    Number of DSMC particles        = 1517757
    Number of stuck particles       = 0
    Number of free particles        = 1517757
    Average linear kinetic energy   = 1.730517266e-19
    Average rotational energy       = 4.63993346e-21
    Average vibrational energy      = 1.231085655e-24
    Average electronic energy       = 0
    Total energy                    = 0.001618167776

Stage 1.0  ExecutionTime = 20.42 s  ClockTime = 20 s  Iteration 90 (0.2 s)

Time = 6.64005e-06

    Collision global reduction skipped (rank 0 local diagnostics)
    Collisions                      = 4125
    Collision candidates           = 6436
    Collision acceptance rate      = 0.640926041

    Number of DSMC particles        = 1540915
    Number of stuck particles       = 0
    Number of free particles        = 1540915
    Average linear kinetic energy   = 1.716216121e-19
    Average rotational energy       = 5.15842743e-21
    Average vibrational energy      = 1.423778653e-24
    Average electronic energy       = 0
    Total energy                    = 0.001634431251

Stage 1.0  ExecutionTime = 22.46 s  ClockTime = 22 s  Iteration 100 (0.22 s)

Time = 7.304055e-06

    Collision global reduction skipped (rank 0 local diagnostics)
    Collisions                      = 4178
    Collision candidates           = 6380
    Collision acceptance rate      = 0.6548589342

    Number of DSMC particles        = 1563983
    Number of stuck particles       = 0
    Number of free particles        = 1563983
    Average linear kinetic energy   = 1.702709819e-19
    Average rotational energy       = 5.657989859e-21
    Average vibrational energy      = 1.870218451e-24
    Average electronic energy       = 0
    Total energy                    = 0.001650917076

Stage 1.0  ExecutionTime = 24.57 s  ClockTime = 24 s  Iteration 110 (0.23 s)

Time = 7.96806e-06

    Collision global reduction skipped (rank 0 local diagnostics)
    Collisions                      = 4107
    Collision candidates           = 6427
    Collision acceptance rate      = 0.6390228723

    Number of DSMC particles        = 1586395
    Number of stuck particles       = 0
    Number of free particles        = 1586395
    Average linear kinetic energy   = 1.689867363e-19
    Average rotational energy       = 6.16224083e-21
    Average vibrational energy      = 2.323361731e-24
    Average electronic energy       = 0
    Total energy                    = 0.001667154884

Stage 1.0  ExecutionTime = 26.78 s  ClockTime = 27 s  Iteration 120 (0.28 s)

Time = 8.632065e-06

    Collision global reduction skipped (rank 0 local diagnostics)
    Collisions                      = 4188
    Collision candidates           = 6437
    Collision acceptance rate      = 0.6506136399

    Number of DSMC particles        = 1609239
    Number of stuck particles       = 0
    Number of free particles        = 1609239
    Average linear kinetic energy   = 1.677677466e-19
    Average rotational energy       = 6.656609761e-21
    Average vibrational energy      = 2.686831473e-24
    Average electronic energy       = 0
    Total energy                    = 0.001684168804

Stage 1.0  ExecutionTime = 29.06 s  ClockTime = 29 s  Iteration 130 (0.35 s)

Time = 9.29607e-06

    Collision global reduction skipped (rank 0 local diagnostics)
    Collisions                      = 4211
    Collision candidates           = 6525
    Collision acceptance rate      = 0.6453639847

    Number of DSMC particles        = 1631474
    Number of stuck particles       = 0
    Number of free particles        = 1631474
    Average linear kinetic energy   = 1.666096011e-19
    Average rotational energy       = 7.129090166e-21
    Average vibrational energy      = 3.813701261e-24
    Average electronic energy       = 0
    Total energy                    = 0.001700738277

Stage 1.0  ExecutionTime = 31.5 s  ClockTime = 30 s  Iteration 140 (0.43 s)

Time = 9.960075e-06

    Collision global reduction skipped (rank 0 local diagnostics)
    Collisions                      = 4201
    Collision candidates           = 6525
    Collision acceptance rate      = 0.6438314176

    Number of DSMC particles        = 1653967
    Number of stuck particles       = 0
    Number of free particles        = 1653967
    Average linear kinetic energy   = 1.654951419e-19
    Average rotational energy       = 7.605131855e-21
    Average vibrational energy      = 5.001925962e-24
    Average electronic energy       = 0
    Total energy                    = 0.001717862481

Stage 1.0  ExecutionTime = 34.09 s  ClockTime = 33 s  Iteration 150 (0.54 s)

Time = 1.062408e-05

    Collision global reduction skipped (rank 0 local diagnostics)
    Collisions                      = 4199
    Collision candidates           = 6554
    Collision acceptance rate      = 0.6406774489

    Number of DSMC particles        = 1676107
    Number of stuck particles       = 0
    Number of free particles        = 1676107
    Average linear kinetic energy   = 1.644520152e-19
    Average rotational energy       = 8.060686011e-21
    Average vibrational energy      = 6.059175631e-24
    Average electronic energy       = 0
    Total energy                    = 0.001734959411

Stage 1.0  ExecutionTime = 36.65 s  ClockTime = 35 s  Iteration 160 (0.5 s)

Time = 1.1288085e-05

    Collision global reduction skipped (rank 0 local diagnostics)
    Collisions                      = 4130
    Collision candidates           = 6565
    Collision acceptance rate      = 0.6290936786

    Number of DSMC particles        = 1697487
    Number of stuck particles       = 0
    Number of free particles        = 1697487
    Average linear kinetic energy   = 1.634681903e-19
    Average rotational energy       = 8.51067639e-21
    Average vibrational energy      = 6.579101805e-24
    Average electronic energy       = 0
    Total energy                    = 0.001751658351

Stage 1.0  ExecutionTime = 39.38 s  ClockTime = 38 s  Iteration 170 (0.63 s)

Time = 1.195209e-05

    Collision global reduction skipped (rank 0 local diagnostics)
    Collisions                      = 4262
    Collision candidates           = 6573
    Collision acceptance rate      = 0.6484101628

    Number of DSMC particles        = 1719214
    Number of stuck particles       = 0
    Number of free particles        = 1719214
    Average linear kinetic energy   = 1.62495307e-19
    Average rotational energy       = 8.960073702e-21
    Average vibrational energy      = 7.310189901e-24
    Average electronic energy       = 0
    Total energy                    = 0.001768686352

Stage 1.0  ExecutionTime = 42.17 s  ClockTime = 41 s  Iteration 180 (0.68 s)

Time = 1.2616095e-05

    Collision global reduction skipped (rank 0 local diagnostics)
    Collisions                      = 4188
    Collision candidates           = 6610
    Collision acceptance rate      = 0.6335854766

    Number of DSMC particles        = 1740300
    Number of stuck particles       = 0
    Number of free particles        = 1740300
    Average linear kinetic energy   = 1.615369368e-19
    Average rotational energy       = 9.413687223e-21
    Average vibrational energy      = 8.06219314e-24
    Average electronic energy       = 0
    Total energy                    = 0.001785116409

Stage 1.0  ExecutionTime = 45.08 s  ClockTime = 44 s  Iteration 190 (0.76 s)

Time = 1.32801e-05

    Collision global reduction skipped (rank 0 local diagnostics)
    Collisions                      = 4091
    Collision candidates           = 6564
    Collision acceptance rate      = 0.6232480195


Phase C auto DLB triggered (SAR+threshold) at step 200: sar=2.737807332 loadImbalance=1.801322675 threshold=1.5 particleMaxMin=1
Phase C ParMETIS weights: particles=1761440 activeCells=60000 maxCellParticles=339
Phase C ParMETIS: alpha=1 ncon=1 ubvec=[1.049999952] moveRatio=0.9241876209 (moveT=32.05369435s, collT=2.629408547s)
Phase C ParMETIS: AdaptiveRepart (60000 cells, 1 constraints, ubvec=1.049999952)
Replicated mesh: rank 0 owns 6335 / 60000 cells
Local mesh: 6335 owned + 423 halo = 6758 / 60000 cells
Phase C ParMETIS AdaptiveRepart: 45520 / 60000 cells changed (0.7586666667)
Phase C auto DLB complete: rebalance #1

    Number of DSMC particles        = 1761440
    Number of stuck particles       = 0
    Number of free particles        = 1761440
    Average linear kinetic energy   = 1.606521156e-19
    Average rotational energy       = 9.830367712e-21
    Average vibrational energy      = 8.910555389e-24
    Average electronic energy       = 0
    Total energy                    = 0.001801862165

Stage 1.0  ExecutionTime = 48.29 s  ClockTime = 48 s  Iteration 200 (1.06 s)

Time = 1.3944105e-05

    Collision global reduction skipped (rank 0 local diagnostics)
    Collisions                      = 76799
    Collision candidates           = 138494
    Collision acceptance rate      = 0.5545294381

    Number of DSMC particles        = 1782044
    Number of stuck particles       = 0
    Number of free particles        = 1782044
    Average linear kinetic energy   = 1.599180301e-19
    Average rotational energy       = 1.007785917e-20
    Average vibrational energy      = 8.83304424e-24
    Average electronic energy       = 0
    Total energy                    = 0.001817735372

Stage 1.0  ExecutionTime = 50.35 s  ClockTime = 50 s  Iteration 210 (0.28 s)

Time = 1.460811e-05

    Collision global reduction skipped (rank 0 local diagnostics)
    Collisions                      = 80585
    Collision candidates           = 149528
    Collision acceptance rate      = 0.5389291638

    Number of DSMC particles        = 1802523
    Number of stuck particles       = 0
    Number of free particles        = 1802523
    Average linear kinetic energy   = 1.590803377e-19
    Average rotational energy       = 1.047504916e-20
    Average vibrational energy      = 9.672553455e-24
    Average electronic energy       = 0
    Total energy                    = 0.001833869518

Stage 1.0  ExecutionTime = 52.78 s  ClockTime = 52 s  Iteration 220 (0.25 s)

Time = 1.5272115e-05

    Collision global reduction skipped (rank 0 local diagnostics)
    Collisions                      = 83160
    Collision candidates           = 157672
    Collision acceptance rate      = 0.5274240195

    Number of DSMC particles        = 1822589
    Number of stuck particles       = 0
    Number of free particles        = 1822589
    Average linear kinetic energy   = 1.581910078e-19
    Average rotational energy       = 1.092451549e-20
    Average vibrational energy      = 1.077824798e-23
    Average electronic energy       = 0
    Total energy                    = 0.00184948642

Stage 1.0  ExecutionTime = 55.2 s  ClockTime = 55 s  Iteration 230 (0.25 s)

Time = 1.593612e-05

    Collision global reduction skipped (rank 0 local diagnostics)
    Collisions                      = 86101
    Collision candidates           = 164756
    Collision acceptance rate      = 0.5225970526

    Number of DSMC particles        = 1842530
    Number of stuck particles       = 0
    Number of free particles        = 1842530
    Average linear kinetic energy   = 1.573660414e-19
    Average rotational energy       = 1.131279391e-20
    Average vibrational energy      = 1.171707292e-23
    Average electronic energy       = 0
    Total energy                    = 0.001864904421

Stage 1.0  ExecutionTime = 57.71 s  ClockTime = 58 s  Iteration 240 (0.25 s)

Time = 1.6600125e-05

    Collision global reduction skipped (rank 0 local diagnostics)
    Collisions                      = 89424
    Collision candidates           = 170935
    Collision acceptance rate      = 0.5231462252

    Number of DSMC particles        = 1862557
    Number of stuck particles       = 0
    Number of free particles        = 1862557
    Average linear kinetic energy   = 1.56584367e-19
    Average rotational energy       = 1.169024132e-20
    Average vibrational energy      = 1.277687425e-23
    Average electronic energy       = 0
    Total energy                    = 0.001880669084

Stage 1.0  ExecutionTime = 60.35 s  ClockTime = 60 s  Iteration 250 (0.26 s)

Time = 1.726413e-05

    Collision global reduction skipped (rank 0 local diagnostics)
    Collisions                      = 90635
    Collision candidates           = 175219
    Collision acceptance rate      = 0.5172669631

    Number of DSMC particles        = 1882680
    Number of stuck particles       = 0
    Number of free particles        = 1882680
    Average linear kinetic energy   = 1.558247263e-19
    Average rotational energy       = 1.205696929e-20
    Average vibrational energy      = 1.313625393e-23
    Average electronic energy       = 0
    Total energy                    = 0.001896553452

Stage 1.0  ExecutionTime = 63.02 s  ClockTime = 62 s  Iteration 260 (0.27 s)

Time = 1.7928135e-05

    Collision global reduction skipped (rank 0 local diagnostics)
    Collisions                      = 92641
    Collision candidates           = 180399
    Collision acceptance rate      = 0.5135338888

    Number of DSMC particles        = 1901780
    Number of stuck particles       = 0
    Number of free particles        = 1901780
    Average linear kinetic energy   = 1.550710546e-19
    Average rotational energy       = 1.244357452e-20
    Average vibrational energy      = 1.437781546e-23
    Average electronic energy       = 0
    Total energy                    = 0.001911619889

Stage 1.0  ExecutionTime = 65.79 s  ClockTime = 65 s  Iteration 270 (0.29 s)

Time = 1.859214e-05

    Collision global reduction skipped (rank 0 local diagnostics)
    Collisions                      = 94911
    Collision candidates           = 185480
    Collision acceptance rate      = 0.511704766

    Number of DSMC particles        = 1920636
    Number of stuck particles       = 0
    Number of free particles        = 1920636
    Average linear kinetic energy   = 1.543557678e-19
    Average rotational energy       = 1.279824567e-20
    Average vibrational energy      = 1.594617985e-23
    Average electronic energy       = 0
    Total energy                    = 0.001926435856

Stage 1.0  ExecutionTime = 68.72 s  ClockTime = 68 s  Iteration 280 (0.28 s)

Time = 1.9256145e-05

    Collision global reduction skipped (rank 0 local diagnostics)
    Collisions                      = 97611
    Collision candidates           = 190201
    Collision acceptance rate      = 0.5131991945

    Number of DSMC particles        = 1939609
    Number of stuck particles       = 0
    Number of free particles        = 1939609
    Average linear kinetic energy   = 1.536639031e-19
    Average rotational energy       = 1.313700415e-20
    Average vibrational energy      = 1.691281996e-23
    Average electronic energy       = 0
    Total energy                    = 0.00194136807

Stage 1.0  ExecutionTime = 71.71 s  ClockTime = 71 s  Iteration 290 (0.33 s)

Time = 1.992015e-05

    Collision global reduction skipped (rank 0 local diagnostics)
    Collisions                      = 100154
    Collision candidates           = 195735
    Collision acceptance rate      = 0.5116816103


Phase C auto DLB triggered (threshold) at step 300: sar=0 loadImbalance=1.657178005 threshold=1.5 particleMaxMin=1
Phase C ParMETIS weights: particles=1958157 activeCells=60000 maxCellParticles=372
Phase C ParMETIS: alpha=1 ncon=1 ubvec=[1.049999952] moveRatio=0.8221596412 (moveT=49.08263276s, collT=10.617005s)
Phase C ParMETIS: AdaptiveRepart (60000 cells, 1 constraints, ubvec=1.049999952)
Replicated mesh: rank 0 owns 3616 / 60000 cells
Local mesh: 3616 owned + 268 halo = 3884 / 60000 cells
Phase C ParMETIS AdaptiveRepart: 18775 / 60000 cells changed (0.3129166667)
Phase C auto DLB complete: rebalance #2

    Number of DSMC particles        = 1958157
    Number of stuck particles       = 0
    Number of free particles        = 1958157
    Average linear kinetic energy   = 1.529738978e-19
    Average rotational energy       = 1.348591203e-20
    Average vibrational energy      = 1.803939708e-23
    Average electronic energy       = 0
    Total energy                    = 0.001955938595

Stage 1.0  ExecutionTime = 74.94 s  ClockTime = 74 s  Iteration 300 (0.5 s)

End stage 1


DSMC solver profile summary
    solver profile steps          = 300
    move+collide wall [s]         = 69.60279215
    move only [s]                 = 49.08263276
    buildCellOccupancy [s]        = 7.588610289
    collision phase [s]           = 12.27803045
    post fields/output [s]        = 0.219449417
    total profiled [s]            = 69.16872291
    full evolve wall [s]          = 69.80916433
    move+collide cpu [s]          = 66.34
    move only cpu [s]             = 46.84
    buildCellOccupancy cpu [s]    = 7.27
    collision phase cpu [s]       = 11.8
    post fields/output cpu [s]    = 0.29
    total profiled cpu [s]        = 66.2
    full evolve cpu [s]           = 66.46
    collision localLoop max [s] = 12.25704449
    collision reduce max [s]    = 0
    collision sigmaBC max [s]   = 0.021351023
    collision total max [s]     = 12.2767763
    collision accounted max [s] = 12.27582585
    collision residual max [s]  = 0.000950454
    collision subphase max sum [s] = 12.27839552
    collision cumulative global collisions = 41545464
    collision cumulative global candidates  = 77267107
    collision cumulative acceptance        = 0.5376862887
    OpenMP enabled                = 0
    OpenMP max threads            = 1
    OpenMP move                   = 0 (static, chunk 64)
    OpenMP collision              = dynamic, chunk 8


Replicated mesh profiling summary:
    migration calls             = 33
    migration wall time [s]     = 2.034961852
    local particles (final)     = 246854
    migration wall max [s]      = 3.660696632
    migration pack max [s]      = 0.765220907
    migration local prep max [s]= 0.23155596
    migration size exchange max [s] = 0
    migration request post max [s] = 0.010513963
    migration wait max [s]      = 2.603656365
    migration deserialize max [s] = 0.297707099
    migration post max [s]      = 0.012880867
    migration candidate gather max [s] = 0.210745265
    migration accounted max [s] = 3.660696632
    migration residual max [s]  = 8.881784197e-16
    updateParticleCounts max [s]= 0.029421188
    migration subphase max sum [s] = 4.132280426
    particles per rank          = min 229376 max 256868 max/min 1.119855608
    rank wall time (evolve, 300 steps): min 45.15 max 65.38 max/min 1.448062016
    Phase C auto DLB checks      = 300
    Phase C auto DLB rebalances = 2
    Phase C auto DLB triggered checks = 2
    Phase C auto DLB wall max [s]= 3.395839158
    Phase C auto DLB check max [s]= 3.023023314
    Phase C ParMETIS max [s]     = 0.097238926
    Phase C migration max [s]    = 0.324337869
    Phase C cellOwner write max [s] = 0
    Phase C post-diagnostic max [s] = 0.000207788
    Phase C auto DLB accounted max [s] = 3.444807897
    Phase C auto DLB residual max [s] = -0.048968739

Total Iterations = 300
End main

