/*---------------------------------------------------------------------------*\
| =========                 |                                                 |
| \\      /  F ield         | OpenFOAM: The Open Source CFD Toolbox           |
|  \\    /   O peration     | Version:  v1706                                 |
|   \\  /    A nd           | Web:      www.OpenFOAM.com                      |
|    \\/     M anipulation  |                                                 |
\*---------------------------------------------------------------------------*/
Build  : v1706
Arch   : "LSB;label=32;scalar=64"
Exec   : dsmcFoam+
Date   : Jun 21 2026
Time   : 00:09:45
Host   : "SuperXCX-ROG"
PID    : 286656
Case   : /home/superxcx/code/OpenFoam/OF-1706/hyStrath_dlb/run/hyStrath/dsmcFoam+/xcx_test/zb-cylinder-react/omp8
nProcs : 1
sigFpe : Enabling floating point exception trapping (FOAM_SIGFPE).
fileModificationChecking : Monitoring run-time modified files using timeStampMaster (fileModificationSkew 10)
allowSystemOperations : Allowing user-supplied system call operations

// * * * * * * * * * * * * * * * * * * * * * * * * * * * * * * * * * * * * * //
Create time

Create mesh for time = 0

Selecting dynamicFvMesh dynamicRefineFvMesh

Constructing dsmcCloud 
Selecting the coordinate system model:	dsmcCartesian

Selecting the time-step model:	dsmcConstantTimeStepModel

Constant time-step model:
- time-step [sec]	6.640048894e-08

Selecting the porous measurement model:	dsmcNoPorousMediumMeasurements


Creating dsmcControllers

Creating fields: 

Selecting field: dsmcVolFields

TimeData Statistics: 
 measurement option: write
 nSamples: 1, time interval: 6.640048894e-08
 nAverages: 15060, time interval: 0.0009999913634
 total no. of sampling steps: 0
 total no. of averaging Steps: 0


Selecting field: dsmcVolFields

TimeData Statistics: 
 measurement option: write
 nSamples: 1, time interval: 6.640048894e-08
 nAverages: 15060, time interval: 0.0009999913634
 total no. of sampling steps: 0
 total no. of averaging Steps: 0


Selecting field: dsmcVolFields

TimeData Statistics: 
 measurement option: write
 nSamples: 1, time interval: 6.640048894e-08
 nAverages: 15060, time interval: 0.0009999913634
 total no. of sampling steps: 0
 total no. of averaging Steps: 0


Selecting field: dsmcVolFields

TimeData Statistics: 
 measurement option: write
 nSamples: 1, time interval: 6.640048894e-08
 nAverages: 15060, time interval: 0.0009999913634
 total no. of sampling steps: 0
 total no. of averaging Steps: 0


Selecting field: dsmcVolFields

TimeData Statistics: 
 measurement option: write
 nSamples: 1, time interval: 6.640048894e-08
 nAverages: 15060, time interval: 0.0009999913634
 total no. of sampling steps: 0
 total no. of averaging Steps: 0


Selecting field: dsmcVolFields

TimeData Statistics: 
 measurement option: write
 nSamples: 1, time interval: 6.640048894e-08
 nAverages: 15060, time interval: 0.0009999913634
 total no. of sampling steps: 0
 total no. of averaging Steps: 0


Creating the boundary models: 

Selecting dsmcPatchBoundaryModel dsmcDeletionPatch
Selecting dsmcPatchBoundaryModel dsmcDeletionPatch
Selecting dsmcPatchBoundaryModel dsmcDiffuseWallPatch
Selecting dsmcGeneralBoundaryModel dsmcFreeStreamInflowPatch
Selecting BinaryCollisionModel LarsenBorgnakkeVariableHardSphere

Creating dsmcReactions

Selecting the reaction model dissociationQK
Selecting the reaction model dissociationExchangeQK
Selecting the reaction model dissociationQK
Selecting the reaction model dissociationQK
Selecting the reaction model dissociationQK
Selecting the reaction model dissociationQK
Selecting the reaction model dissociationQK
Selecting the reaction model dissociationExchangeQK
Selecting the reaction model dissociationQK
Selecting the reaction model dissociationExchangeQK
Selecting the reaction model dissociationExchangeQK
Selecting the reaction model dissociationQK
Number of reactions created: 12

Constructing constant properties for
	N2
	O2
	NO
	N
	O
Selecting collisionPartnerSelectionModel noTimeCounter

Initialising the measurement fields

Initialising dsmcVolFields field
Initialising dsmcVolFields field
Initialising dsmcVolFields field
Initialising dsmcVolFields field
Initialising dsmcVolFields field
Initialising dsmcVolFields field

Starting time loop

OpenMP move parcel snapshot: parcels=1313514 cloudSize=1313514 ordered=0 hasOrdered=0 priorSize=0 appended=6769 canReuse=0 offsetsOk=0 threads=8 null=0 duplicate=0 badCells=0 badTetFaces=0 badTetPts=0 firstBad(i cell tetFace tetPt)=(-1 -1 -1 -1)
#0  Foam::error::printStack(Foam::Ostream&)#0  Foam::error::printStack(Foam::Ostream&)#0  Foam::error::printStack(Foam::Ostream&) at ??:?
 at ??:?
 at ??:?
#1  Foam::sigSegv::sigHandler(int)#1  Foam::sigSegv::sigHandler(int)#1  Foam::sigSegv::sigHandler(int) at ??:?
 at #2  ???:?
 at ??:?
#2  ?#2  ? in "/lib/x86_64-linux-gnu/libc.so.6"
#3  double Foam::particle::trackToFace<Foam::dsmcParcel::trackingData>(Foam::Vector<double> const&, Foam::dsmcParcel::trackingData&, bool) in "/lib/x86_64-linux-gnu/libc.so.6"
#3  double Foam::particle::trackToFace<Foam::dsmcParcel::trackingData>(Foam::Vector<double> const&, Foam::dsmcParcel::trackingData&, bool) in "/lib/x86_64-linux-gnu/libc.so.6"
#3  double Foam::particle::trackToFace<Foam::dsmcParcel::trackingData>(Foam::Vector<double> const&, Foam::dsmcParcel::trackingData&, bool) at ??:?
#4  Foam::dsmcParcel::move(Foam::dsmcParcel::trackingData&, double) at ??:?
#4  Foam::dsmcParcel::move(Foam::dsmcParcel::trackingData&, double) at ??:?
#4  Foam::dsmcParcel::move(Foam::dsmcParcel::trackingData&, double) at ??:?
#5  ? at ??:?
#5  ? at ??:?
#5  ? at dsmcCloud.C:?
#6  __kmp_invoke_microtask at dsmcCloud.C:?
#6  __kmp_invoke_microtask at dsmcCloud.C:?
#6  __kmp_invoke_microtask at ??:?
#7  ? at ??:?
#7  ? at ??:?
#7  ? at  at /localdisk/promo-build/20250422/tmp/lin_32e-rtl_int_5_nor_dyn.rel.c0.s0.tcm1.t1..h1-anompclxlin01/../../src/kmp_runtime.cpp:8336
#8  ?/localdisk/promo-build/20250422/tmp/lin_32e-rtl_int_5_nor_dyn.rel.c0.s0.tcm1.t1..h1-anompclxlin01/../../src/kmp_runtime.cpp:8336
#8  ? at /localdisk/promo-build/20250422/tmp/lin_32e-rtl_int_5_nor_dyn.rel.c0.s0.tcm1.t1..h1-anompclxlin01/../../src/kmp_runtime.cpp:8336
#8  ? at /localdisk/promo-build/20250422/tmp/lin_32e-rtl_int_5_nor_dyn.rel.c0.s0.tcm1.t1..h1-anompclxlin01/../../src/kmp_runtime.cpp:6638
#9  ? at /localdisk/promo-build/20250422/tmp/lin_32e-rtl_int_5_nor_dyn.rel.c0.s0.tcm1.t1..h1-anompclxlin01/../../src/kmp_runtime.cpp:6638
#9  ? at /localdisk/promo-build/20250422/tmp/lin_32e-rtl_int_5_nor_dyn.rel.c0.s0.tcm1.t1..h1-anompclxlin01/../../src/kmp_runtime.cpp:6638
#9  ? at /localdisk/promo-build/20250422/tmp/lin_32e-rtl_int_5_nor_dyn.rel.c0.s0.tcm1.t1..h1-anompclxlin01/../../src/z_Linux_util.cpp:740
#10  ? at /localdisk/promo-build/20250422/tmp/lin_32e-rtl_int_5_nor_dyn.rel.c0.s0.tcm1.t1..h1-anompclxlin01/../../src/z_Linux_util.cpp:740
#10  ? at /localdisk/promo-build/20250422/tmp/lin_32e-rtl_int_5_nor_dyn.rel.c0.s0.tcm1.t1..h1-anompclxlin01/../../src/z_Linux_util.cpp:740
#10  ? in "/lib/x86_64-linux-gnu/libc.so.6"
#11  ? in "/lib/x86_64-linux-gnu/li in "/lib/x86bc.so.6"
_64-linux-gnu/libc.so.6"
##11  11  ? in "?/lib/x86_64-linux-gnu/libc.so.6"
/usr/bin/timeout: the monitored command dumped core
real 12.03
user 3.89
sys 2.07
