/*---------------------------------------------------------------------------*\
| =========                 |                                                 |
| \\      /  F ield         | OpenFOAM: The Open Source CFD Toolbox           |
|  \\    /   O peration     | Version:  v1706                                 |
|   \\  /    A nd           | Web:      www.OpenFOAM.com                      |
|    \\/     M anipulation  |                                                 |
\*---------------------------------------------------------------------------*/
Build  : v1706
Arch   : "LSB;label=32;scalar=64"
Exec   : dsmcFoam+ -case run/hyStrath/dsmcFoam+/xcx_test/pal-phd-3.3.1-cylinder-react/timecompare/ourmesh/mpi8replicatedmesh
Date   : Jun 11 2026
Time   : 23:10:11
Host   : "SuperXCX-ROG"
PID    : 755099
/*---------------------------------------------------------------------------*\
| =========                 |                                                 |
| \\      /  F ield         | OpenFOAM: The Open Source CFD Toolbox           |
|  \\    /   O peration     | Version:  v1706                                 |
|   \\  /    A nd           | Web:      www.OpenFOAM.com                      |
|    \\/     M anipulation  |                                                 |
\*---------------------------------------------------------------------------*/
Build  : v1706
Arch   : "LSB;label=32;scalar=64"
Exec   : dsmcFoam+ -case run/hyStrath/dsmcFoam+/xcx_test/pal-phd-3.3.1-cylinder-react/timecompare/ourmesh/mpi8replicatedmesh
Date   : Jun 11 2026
Time   : 23:10:11
Host   : "SuperXCX-ROG"
PID    : 755100
/*---------------------------------------------------------------------------*\
| =========                 |                                                 |
| \\      /  F ield         | OpenFOAM: The Open Source CFD Toolbox           |
|  \\    /   O peration     | Version:  v1706                                 |
|   \\  /    A nd           | Web:      www.OpenFOAM.com                      |
|    \\/     M anipulation  |                                                 |
\*---------------------------------------------------------------------------*/
Build  : v1706
Arch   : "LSB;label=32;scalar=64"
Exec   : dsmcFoam+ -case run/hyStrath/dsmcFoam+/xcx_test/pal-phd-3.3.1-cylinder-react/timecompare/ourmesh/mpi8replicatedmesh
Date   : Jun 11 2026
Time   : 23:10:11
Host   : "SuperXCX-ROG"
PID    : 755101
/*---------------------------------------------------------------------------*\
| =========                 |                                                 |
| \\      /  F ield         | OpenFOAM: The Open Source CFD Toolbox           |
|  \\    /   O peration     | Version:  v1706                                 |
|   \\  /    A nd           | Web:      www.OpenFOAM.com                      |
|    \\/     M anipulation  |                                                 |
\*---------------------------------------------------------------------------*/
Build  : v1706
Arch   : "LSB;label=32;scalar=64"
Exec   : dsmcFoam+ -case run/hyStrath/dsmcFoam+/xcx_test/pal-phd-3.3.1-cylinder-react/timecompare/ourmesh/mpi8replicatedmesh
Date   : Jun 11 2026
Time   : 23:10:11
Host   : "SuperXCX-ROG"
PID    : 755102
/*---------------------------------------------------------------------------*\
| =========                 |                                                 |
| \\      /  F ield         | OpenFOAM: The Open Source CFD Toolbox           |
|  \\    /   O peration     | Version:  v1706                                 |
|   \\  /    A nd           | Web:      www.OpenFOAM.com                      |
|    \\/     M anipulation  |                                                 |
\*---------------------------------------------------------------------------*/
Build  : v1706
Arch   : "LSB;label=32;scalar=64"
Exec   : dsmcFoam+ -case run/hyStrath/dsmcFoam+/xcx_test/pal-phd-3.3.1-cylinder-react/timecompare/ourmesh/mpi8replicatedmesh
Date   : Jun 11 2026
Time   : 23:10:11
Host   : "SuperXCX-ROG"
PID    : 755103
/*---------------------------------------------------------------------------*\
| =========                 |                                                 |
| \\      /  F ield         | OpenFOAM: The Open Source CFD Toolbox           |
|  \\    /   O peration     | Version:  v1706                                 |
|   \\  /    A nd           | Web:      www.OpenFOAM.com                      |
|    \\/     M anipulation  |                                                 |
\*---------------------------------------------------------------------------*/
Build  : v1706
Arch   : "LSB;label=32;scalar=64"
Exec   : dsmcFoam+ -case run/hyStrath/dsmcFoam+/xcx_test/pal-phd-3.3.1-cylinder-react/timecompare/ourmesh/mpi8replicatedmesh
Date   : Jun 11 2026
Time   : 23:10:11
Host   : "SuperXCX-ROG"
PID    : 755104
/*---------------------------------------------------------------------------*\
| =========                 |                                                 |
| \\      /  F ield         | OpenFOAM: The Open Source CFD Toolbox           |
|  \\    /   O peration     | Version:  v1706                                 |
|   \\  /    A nd           | Web:      www.OpenFOAM.com                      |
|    \\/     M anipulation  |                                                 |
\*---------------------------------------------------------------------------*/
Build  : v1706
Arch   : "LSB;label=32;scalar=64"
Exec   : dsmcFoam+ -case run/hyStrath/dsmcFoam+/xcx_test/pal-phd-3.3.1-cylinder-react/timecompare/ourmesh/mpi8replicatedmesh
Date   : Jun 11 2026
Time   : 23:10:11
Host   : "SuperXCX-ROG"
PID    : 755105
/*---------------------------------------------------------------------------*\
| =========                 |                                                 |
| \\      /  F ield         | OpenFOAM: The Open Source CFD Toolbox           |
|  \\    /   O peration     | Version:  v1706                                 |
|   \\  /    A nd           | Web:      www.OpenFOAM.com                      |
|    \\/     M anipulation  |                                                 |
\*---------------------------------------------------------------------------*/
Build  : v1706
Arch   : "LSB;label=32;scalar=64"
Exec   : dsmcFoam+ -case run/hyStrath/dsmcFoam+/xcx_test/pal-phd-3.3.1-cylinder-react/timecompare/ourmesh/mpi8replicatedmesh
Date   : Jun 11 2026
Time   : 23:10:11
Host   : "SuperXCX-ROG"
PID    : 755106
Case   : run/hyStrath/dsmcFoam+/xcx_test/pal-phd-3.3.1-cylinder-react/timecompare/ourmesh/mpi8replicatedmesh
nProcs : 1
Case   : run/hyStrath/dsmcFoam+/xcx_test/pal-phd-3.3.1-cylinder-react/timecompare/ourmesh/mpi8replicatedmesh
nProcs : 1
sigFpe : Enabling floating point exception trapping (FOAM_SIGFPE).
Case   : run/hyStrath/dsmcFoam+/xcx_test/pal-phd-3.3.1-cylinder-react/timecompare/ourmesh/mpi8replicatedmesh
nProcs : 1
sigFpe : Enabling floating point exception trapping (FOAM_SIGFPE).
Case   : run/hyStrath/dsmcFoam+/xcx_test/pal-phd-3.3.1-cylinder-react/timecompare/ourmesh/mpi8replicatedmesh
nProcs : 1
sigFpe : Enabling floating point exception trapping (FOAM_SIGFPE).
Case   : run/hyStrath/dsmcFoam+/xcx_test/pal-phd-3.3.1-cylinder-react/timecompare/ourmesh/mpi8replicatedmesh
nProcs : 1
sigFpe : Enabling floating point exception trapping (FOAM_SIGFPE).
Case   : run/hyStrath/dsmcFoam+/xcx_test/pal-phd-3.3.1-cylinder-react/timecompare/ourmesh/mpi8replicatedmesh
nProcs : 1
sigFpe : Enabling floating point exception trapping (FOAM_SIGFPE).
Case   : run/hyStrath/dsmcFoam+/xcx_test/pal-phd-3.3.1-cylinder-react/timecompare/ourmesh/mpi8replicatedmesh
nProcs : 1
sigFpe : Enabling floating point exception trapping (FOAM_SIGFPE).
Case   : run/hyStrath/dsmcFoam+/xcx_test/pal-phd-3.3.1-cylinder-react/timecompare/ourmesh/mpi8replicatedmesh
nProcs : 1
sigFpe : Enabling floating point exception trapping (FOAM_SIGFPE).
sigFpe : Enabling floating point exception trapping (FOAM_SIGFPE).
fileModificationChecking : Monitoring run-time modified files using timeStampMaster (fileModificationSkew 10)
allowSystemOperations : Allowing user-supplied system call operations

fileModificationChecking : Monitoring run-time modified files using timeStampMaster (fileModificationSkew 10)
allowSystemOperations : Allowing user-supplied system call operations

fileModificationChecking : Monitoring run-time modified files using timeStampMaster (fileModificationSkew 10)
allowSystemOperations : Allowing user-supplied system call operations

fileModificationChecking : Monitoring run-time modified files using timeStampMaster (fileModificationSkew 10)
allowSystemOperations : Allowing user-supplied system call operations

// * * * * * * * * * * * * * * * * * * * * * * * * * * * * * * * * * * * * * //
Create time

fileModificationChecking : Monitoring run-time modified files using timeStampMaster (fileModificationSkew 10)
allowSystemOperations : Allowing user-supplied system call operations

// * * * * * * * * * * * * * * * * * * * * * * * * * * * * * * * * * * * * * //
Create time

fileModificationChecking : Monitoring run-time modified files using timeStampMaster (fileModificationSkew 10)
allowSystemOperations : Allowing user-supplied system call operations

// * * * * * * * * * * * * * * * * * * * * * * * * * * * * * * * * * * * * * //
Create time

fileModificationChecking : Monitoring run-time modified files using timeStampMaster (fileModificationSkew 10)
allowSystemOperations : Allowing user-supplied system call operations

// * * * * * * * * * * * * * * * * * * * * * * * * * * * * * * * * * * * * * //
Create time

// * * * * * * * * * * * * * * * * * * * * * * * * * * * * * * * * * * * * * //
Create time

// * * * * * * * * * * * * * * * * * * * * * * * * * * * * * * * * * * * * * //
Create time

// * * * * * * * * * * * * * * * * * * * * * * * * * * * * * * * * * * * * * //
Create time

fileModificationChecking : Monitoring run-time modified files using timeStampMaster (fileModificationSkew 10)
allowSystemOperations : Allowing user-supplied system call operations

// * * * * * * * * * * * * * * * * * * * * * * * * * * * * * * * * * * * * * //
Create time

Create mesh for time = 0

Create mesh for time = 0

Selecting dynamicFvMesh staticFvMesh
Create mesh for time = 0

Create mesh for time = 0

Selecting dynamicFvMesh staticFvMesh
Create mesh for time = 0

Selecting dynamicFvMesh staticFvMesh
Create mesh for time = 0

Selecting dynamicFvMesh staticFvMesh
Create mesh for time = 0

Selecting dynamicFvMesh staticFvMesh
Create mesh for time = 0

Selecting dynamicFvMesh staticFvMesh
Selecting dynamicFvMesh staticFvMesh
Selecting dynamicFvMesh staticFvMesh

Constructing dsmcCloud 

Constructing dsmcCloud 

Constructing dsmcCloud 

Constructing dsmcCloud 

Constructing dsmcCloud 

Constructing dsmcCloud 

Constructing dsmcCloud 

Constructing dsmcCloud 
Selecting the coordinate system model:	dsmcCartesian

Selecting the time-step model:	dsmcConstantTimeStepModel

Constant time-step model:
- time-step [sec]	1e-07

Selecting the porous measurement model:	dsmcNoPorousMediumMeasurements


Creating dsmcControllers

Creating fields: 

Selecting field: dsmcVolFields

TimeData Statistics: 
 measurement option: write
 nSamples: 1, time interval: 1e-07
 nAverages: 10000, time interval: 0.001
 total no. of sampling steps: 0
 total no. of averaging Steps: 0


Selecting the coordinate system model:	dsmcCartesian

Selecting the time-step model:	dsmcConstantTimeStepModel

Constant time-step model:
- time-step [sec]	1e-07

Selecting the porous measurement model:	dsmcNoPorousMediumMeasurements

Selecting the coordinate system model:	dsmcCartesian

Selecting the time-step model:	dsmcConstantTimeStepModel

Selecting the coordinate system model:	dsmcCartesian

Selecting the time-step model:	dsmcConstantTimeStepModel

Constant time-step model:
- time-step [sec]	1e-07

Selecting the porous measurement model:	dsmcNoPorousMediumMeasurements


Creating dsmcControllers

Constant time-step model:
- time-step [sec]	1e-07

Selecting the porous measurement model:	dsmcNoPorousMediumMeasurements

Creating fields: 

Selecting field: dsmcVolFields

TimeData Statistics: 
 measurement option: write
 nSamples: 1, time interval: 1e-07
 nAverages: 10000, time interval: 0.001
 total no. of sampling steps: 0
 total no. of averaging Steps: 0


Selecting the coordinate system model:	dsmcCartesian

Selecting the time-step model:	dsmcConstantTimeStepModel


Creating dsmcControllers


Creating dsmcControllers

Creating fields: 

Selecting field: dsmcVolFields

TimeData Statistics: 
 measurement option: write
 nSamples: 1, time interval: 1e-07
 nAverages: 10000, time interval: 0.001
 total no. of sampling steps: 0
 total no. of averaging Steps: 0


Creating fields: 

Selecting field: dsmcVolFields

TimeData Statistics: 
 measurement option: write
 nSamples: 1, time interval: 1e-07
 nAverages: 10000, time interval: 0.001
 total no. of sampling steps: 0
 total no. of averaging Steps: 0


Constant time-step model:
- time-step [sec]	1e-07

Selecting the porous measurement model:	dsmcNoPorousMediumMeasurements

Selecting the coordinate system model:	dsmcCartesian

Selecting the time-step model:	dsmcConstantTimeStepModel

Constant time-step model:
- time-step [sec]	1e-07

Selecting the porous measurement model:	dsmcNoPorousMediumMeasurements


Creating dsmcControllers

Creating fields: 

Selecting field: dsmcVolFields

TimeData Statistics: 
 measurement option: write
 nSamples: 1, time interval: 1e-07
 nAverages: 10000, time interval: 0.001
 total no. of sampling steps: 0
 total no. of averaging Steps: 0



Creating dsmcControllers

Creating fields: 

Selecting field: dsmcVolFields

TimeData Statistics: 
 measurement option: write
 nSamples: 1, time interval: 1e-07
 nAverages: 10000, time interval: 0.001
 total no. of sampling steps: 0
 total no. of averaging Steps: 0


Selecting the coordinate system model:	dsmcCartesian

Selecting the time-step model:	dsmcConstantTimeStepModel

Constant time-step model:
- time-step [sec]	1e-07

Selecting the porous measurement model:	dsmcNoPorousMediumMeasurements


Creating dsmcControllers

Creating fields: 

Selecting field: dsmcVolFields

TimeData Statistics: 
 measurement option: write
 nSamples: 1, time interval: 1e-07
 nAverages: 10000, time interval: 0.001
 total no. of sampling steps: 0
 total no. of averaging Steps: 0


Selecting the coordinate system model:	dsmcCartesian

Selecting the time-step model:	dsmcConstantTimeStepModel

Constant time-step model:
- time-step [sec]	1e-07

Selecting the porous measurement model:	dsmcNoPorousMediumMeasurements


Creating dsmcControllers

Creating the boundary models: 

Selecting dsmcPatchBoundaryModel dsmcDeletionPatch
Selecting dsmcPatchBoundaryModel dsmcDeletionPatch
Selecting dsmcPatchBoundaryModel dsmcDiffuseWallPatch
Selecting dsmcGeneralBoundaryModel dsmcFreeStreamInflowPatch
Creating fields: 

Selecting field: dsmcVolFields

TimeData Statistics: 
 measurement option: write
 nSamples: 1, time interval: 1e-07
 nAverages: 10000, time interval: 0.001
 total no. of sampling steps: 0
 total no. of averaging Steps: 0


Selecting BinaryCollisionModel LarsenBorgnakkeVariableHardSphere

Creating dsmcReactions

There are no chemical reactions defined.
Creating the boundary models: 

Selecting dsmcPatchBoundaryModel dsmcDeletionPatch
Selecting dsmcPatchBoundaryModel dsmcDeletionPatch
Selecting dsmcPatchBoundaryModel dsmcDiffuseWallPatch
Selecting dsmcGeneralBoundaryModel dsmcFreeStreamInflowPatch
Creating the boundary models: 

Selecting dsmcPatchBoundaryModel dsmcDeletionPatch
Selecting dsmcPatchBoundaryModel dsmcDeletionPatch
Selecting dsmcPatchBoundaryModel dsmcDiffuseWallPatch
Selecting dsmcGeneralBoundaryModel dsmcFreeStreamInflowPatch
Creating the boundary models: 

Selecting dsmcPatchBoundaryModel dsmcDeletionPatch
Selecting dsmcPatchBoundaryModel dsmcDeletionPatch
Selecting dsmcPatchBoundaryModel dsmcDiffuseWallPatch
Selecting dsmcGeneralBoundaryModel dsmcFreeStreamInflowPatch
Selecting BinaryCollisionModel LarsenBorgnakkeVariableHardSphere

Creating dsmcReactions

There are no chemical reactions defined.
Creating the boundary models: 

Selecting dsmcPatchBoundaryModel dsmcDeletionPatch
Selecting dsmcPatchBoundaryModel dsmcDeletionPatch
Selecting dsmcPatchBoundaryModel dsmcDiffuseWallPatch
Selecting dsmcGeneralBoundaryModel dsmcFreeStreamInflowPatch
Creating the boundary models: 

Selecting dsmcPatchBoundaryModel dsmcDeletionPatch
Selecting BinaryCollisionModel LarsenBorgnakkeVariableHardSphere
Selecting dsmcPatchBoundaryModel dsmcDeletionPatch
Selecting dsmcPatchBoundaryModel dsmcDiffuseWallPatch
Selecting dsmcGeneralBoundaryModel dsmcFreeStreamInflowPatch

Creating dsmcReactions

There are no chemical reactions defined.
Selecting BinaryCollisionModel LarsenBorgnakkeVariableHardSphere

Creating dsmcReactions

There are no chemical reactions defined.
Creating the boundary models: 

Selecting dsmcPatchBoundaryModel dsmcDeletionPatch
Selecting dsmcPatchBoundaryModel dsmcDeletionPatch
Selecting dsmcPatchBoundaryModel dsmcDiffuseWallPatch
Selecting dsmcGeneralBoundaryModel dsmcFreeStreamInflowPatch
Selecting BinaryCollisionModel LarsenBorgnakkeVariableHardSphere

Creating dsmcReactions

There are no chemical reactions defined.
Selecting BinaryCollisionModel LarsenBorgnakkeVariableHardSphere

Creating dsmcReactions

There are no chemical reactions defined.
Selecting BinaryCollisionModel LarsenBorgnakkeVariableHardSphere

Creating dsmcReactions

There are no chemical reactions defined.
Creating the boundary models: 

Selecting dsmcPatchBoundaryModel dsmcDeletionPatch
Selecting dsmcPatchBoundaryModel dsmcDeletionPatch
Selecting dsmcPatchBoundaryModel dsmcDiffuseWallPatch
Selecting dsmcGeneralBoundaryModel dsmcFreeStreamInflowPatch
Selecting BinaryCollisionModel LarsenBorgnakkeVariableHardSphere

Creating dsmcReactions

There are no chemical reactions defined.

Constructing constant properties for
	N2
	O2
	NO
	N
	O

Constructing constant properties for
	N2
	O2
	NO
	N
	O

Constructing constant properties for
	N2
	O2
	NO
	N
	O

Constructing constant properties for
	N2
	O2
	NO
	N
	O

Constructing constant properties for
	N2
	O2
	NO
	N
	O

Constructing constant properties for
	N2
	O2
	NO
	N
	O
Selecting collisionPartnerSelectionModel noTimeCounter

Initialising the measurement fields

Initialising dsmcVolFields field

Constructing constant properties for
	N2
	O2
	NO
	N
	O
Selecting collisionPartnerSelectionModel noTimeCounter

Initialising the measurement fields

Initialising dsmcVolFields field

Constructing constant properties for
	N2
	O2
	NO
	N
	O
Selecting collisionPartnerSelectionModel noTimeCounter

Initialising the measurement fields

Initialising dsmcVolFields field
Selecting collisionPartnerSelectionModel noTimeCounter

Initialising the measurement fields

Initialising dsmcVolFields field
Selecting collisionPartnerSelectionModel noTimeCounter

Initialising the measurement fields

Initialising dsmcVolFields field
Selecting collisionPartnerSelectionModel noTimeCounter

Initialising the measurement fields

Initialising dsmcVolFields field
Selecting collisionPartnerSelectionModel noTimeCounter

Initialising the measurement fields

Initialising dsmcVolFields field
Selecting collisionPartnerSelectionModel noTimeCounter

Initialising the measurement fields

Initialising dsmcVolFields field
Replicated mesh: METIS decomposition complete, 104151 cells -> 8 ranks
Replicated mesh: rank 0 owns 13019 / 104151 cells
Local mesh: 13019 owned + 310 halo = 13329 / 104151 cells
Replicated mesh: no-Alltoall async migration enabled
Replicated mesh: flatTransfer=1 found=1
Replicated mesh: flat POD transfer enabled
Replicated mesh: writeMode=gathered
Phase C auto DLB: enabled (ParMETIS AdaptiveRepart), imbalanceThreshold=1.5, dlbSteps=50, sarSteps=10, triggerMode=legacyWindow, minGapSteps=50, checkCollective=allgather, skipFixedKPostDiag=0
Replicated mesh: initialized with 8 MPI ranks, migrate interval 10

Starting time loop

Replicated mesh: initial particle distribution

Replicated mesh: rank 0 kept 251360 parcels, deleted 1806661 non-owned parcels
Time = 1e-06

    Collisions                      = 2871
    Collision candidates           = 2971
    Collision acceptance rate      = 0.9663412992

    Number of DSMC particles        = 2065861
    Number of stuck particles       = 0
    Number of free particles        = 2065861
    Average linear kinetic energy   = 1.111304552e-18
    Average rotational energy       = 2.629229523e-21
    Average vibrational energy      = 8.979908034e-24
    Average electronic energy       = 0
    Total energy                    = 1.150625454

Stage 1.0  ExecutionTime = 8.64 s  ClockTime = 7 s  Iteration 10 (0.12 s)

Time = 2e-06

    Collisions                      = 4256
    Collision candidates           = 4843
    Collision acceptance rate      = 0.8787941359

    Number of DSMC particles        = 2073980
    Number of stuck particles       = 0
    Number of free particles        = 2073980
    Average linear kinetic energy   = 1.107073579e-18
    Average rotational energy       = 2.682474581e-21
    Average vibrational energy      = 1.890038207e-23
    Average electronic energy       = 0
    Total energy                    = 1.15082553

Stage 1.0  ExecutionTime = 9.75 s  ClockTime = 8 s  Iteration 20 (0.12 s)

Time = 3e-06

    Collisions                      = 4735
    Collision candidates           = 5865
    Collision acceptance rate      = 0.8073316283

    Number of DSMC particles        = 2082053
    Number of stuck particles       = 0
    Number of free particles        = 2082053
    Average linear kinetic energy   = 1.10298362e-18
    Average rotational energy       = 2.74608108e-21
    Average vibrational energy      = 2.785958763e-23
    Average electronic energy       = 0
    Total energy                    = 1.151122923

Stage 1.0  ExecutionTime = 10.86 s  ClockTime = 10 s  Iteration 30 (0.12 s)

Time = 4e-06

    Collisions                      = 5268
    Collision candidates           = 7046
    Collision acceptance rate      = 0.7476582458

    Number of DSMC particles        = 2090215
    Number of stuck particles       = 0
    Number of free particles        = 2090215
    Average linear kinetic energy   = 1.098922724e-18
    Average rotational energy       = 2.840158773e-21
    Average vibrational energy      = 3.989154187e-23
    Average electronic energy       = 0
    Total energy                    = 1.151502343

Stage 1.0  ExecutionTime = 12.03 s  ClockTime = 11 s  Iteration 40 (0.14 s)

Time = 5e-06

    Collisions                      = 5954
    Collision candidates           = 8362
    Collision acceptance rate      = 0.7120306147

    Number of DSMC particles        = 2098395
    Number of stuck particles       = 0
    Number of free particles        = 2098395
    Average linear kinetic energy   = 1.095022669e-18
    Average rotational energy       = 2.948648039e-21
    Average vibrational energy      = 5.60130658e-23
    Average electronic energy       = 0
    Total energy                    = 1.15204753

Stage 1.0  ExecutionTime = 13.16 s  ClockTime = 12 s  Iteration 50 (0.13 s)

Time = 6e-06

    Collisions                      = 6384
    Collision candidates           = 9371
    Collision acceptance rate      = 0.681250667


Phase C auto DLB triggered (SAR) at step 60: sar=0.0009717651667 loadImbalance=1.085883829 threshold=1.5
Phase C ParMETIS weights: particles=2106522 activeCells=103961 maxCellParticles=58
Phase C ParMETIS: alpha=0.8 ncon=2 ubvec=[1.049999952,1.5] moveRatio=0.7687239852 (moveT=4.708840287s, collT=1.416687702s)
Phase C ParMETIS: AdaptiveRepart (104151 cells, 2 constraints, ubvec=1.049999952)
Replicated mesh: rank 0 owns 11047 / 104151 cells
Local mesh: 11047 owned + 359 halo = 11406 / 104151 cells
Phase C ParMETIS AdaptiveRepart: 79991 / 104151 cells changed (0.7680291116)
Phase C auto DLB complete: rebalance #1

    Number of DSMC particles        = 2106522
    Number of stuck particles       = 0
    Number of free particles        = 2106522
    Average linear kinetic energy   = 1.091228464e-18
    Average rotational energy       = 3.091994072e-21
    Average vibrational energy      = 7.222772921e-23
    Average electronic energy       = 0
    Total energy                    = 1.152681135

Stage 1.0  ExecutionTime = 14.52 s  ClockTime = 14 s  Iteration 60 (0.31 s)

Time = 7e-06

    Collisions                      = 5479
    Collision candidates           = 7532
    Collision acceptance rate      = 0.7274296336

    Number of DSMC particles        = 2114791
    Number of stuck particles       = 0
    Number of free particles        = 2114791
    Average linear kinetic energy   = 1.087383567e-18
    Average rotational energy       = 3.160919509e-21
    Average vibrational energy      = 8.405889055e-23
    Average electronic energy       = 0
    Total energy                    = 1.153225716

Stage 1.0  ExecutionTime = 15.65 s  ClockTime = 15 s  Iteration 70 (0.13 s)

Time = 8e-06

    Collisions                      = 6951
    Collision candidates           = 10040
    Collision acceptance rate      = 0.6923306773

    Number of DSMC particles        = 2122792
    Number of stuck particles       = 0
    Number of free particles        = 2122792
    Average linear kinetic energy   = 1.083670262e-18
    Average rotational energy       = 3.337991708e-21
    Average vibrational energy      = 1.043922257e-22
    Average electronic energy       = 0
    Total energy                    = 1.153857014

Stage 1.0  ExecutionTime = 16.83 s  ClockTime = 16 s  Iteration 80 (0.14 s)

Time = 9e-06

    Collisions                      = 7727
    Collision candidates           = 11630
    Collision acceptance rate      = 0.6644024076

    Number of DSMC particles        = 2130940
    Number of stuck particles       = 0
    Number of free particles        = 2130940
    Average linear kinetic energy   = 1.080170774e-18
    Average rotational energy       = 3.552231873e-21
    Average vibrational energy      = 1.307627303e-22
    Average electronic energy       = 0
    Total energy                    = 1.154813675

Stage 1.0  ExecutionTime = 18.03 s  ClockTime = 17 s  Iteration 90 (0.13 s)

Time = 1e-05

    Collisions                      = 8632
    Collision candidates           = 13177
    Collision acceptance rate      = 0.6550808226

    Number of DSMC particles        = 2138965
    Number of stuck particles       = 0
    Number of free particles        = 2138965
    Average linear kinetic energy   = 1.076791173e-18
    Average rotational energy       = 3.807684639e-21
    Average vibrational energy      = 1.586881046e-22
    Average electronic energy       = 0
    Total energy                    = 1.155851282

Stage 1.0  ExecutionTime = 19.22 s  ClockTime = 19 s  Iteration 100 (0.14 s)

Time = 1.1e-05

    Collisions                      = 9374
    Collision candidates           = 14602
    Collision acceptance rate      = 0.6419668539

    Number of DSMC particles        = 2147034
    Number of stuck particles       = 0
    Number of free particles        = 2147034
    Average linear kinetic energy   = 1.073466313e-18
    Average rotational energy       = 4.079590974e-21
    Average vibrational energy      = 1.873832298e-22
    Average electronic energy       = 0
    Total energy                    = 1.156965005

Stage 1.0  ExecutionTime = 20.45 s  ClockTime = 20 s  Iteration 110 (0.13 s)

Time = 1.2e-05

    Collisions                      = 10047
    Collision candidates           = 16245
    Collision acceptance rate      = 0.6184672207

    Number of DSMC particles        = 2155212
    Number of stuck particles       = 0
    Number of free particles        = 2155212
    Average linear kinetic energy   = 1.070186692e-18
    Average rotational energy       = 4.378026682e-21
    Average vibrational energy      = 2.316966165e-22
    Average electronic energy       = 0
    Total energy                    = 1.158207065

Stage 1.0  ExecutionTime = 21.72 s  ClockTime = 21 s  Iteration 120 (0.14 s)

Time = 1.3e-05

    Collisions                      = 10805
    Collision candidates           = 17627
    Collision acceptance rate      = 0.6129800874

    Number of DSMC particles        = 2163311
    Number of stuck particles       = 0
    Number of free particles        = 2163311
    Average linear kinetic energy   = 1.066996666e-18
    Average rotational energy       = 4.696669877e-21
    Average vibrational energy      = 2.700170824e-22
    Average electronic energy       = 0
    Total energy                    = 1.159495057

Stage 1.0  ExecutionTime = 23.01 s  ClockTime = 23 s  Iteration 130 (0.15 s)

Time = 1.4e-05

    Collisions                      = 11625
    Collision candidates           = 19506
    Collision acceptance rate      = 0.5959704706

    Number of DSMC particles        = 2171411
    Number of stuck particles       = 0
    Number of free particles        = 2171411
    Average linear kinetic energy   = 1.063914837e-18
    Average rotational energy       = 5.039712157e-21
    Average vibrational energy      = 3.170363019e-22
    Average electronic energy       = 0
    Total energy                    = 1.160914041

Stage 1.0  ExecutionTime = 24.32 s  ClockTime = 24 s  Iteration 140 (0.15 s)

Time = 1.5e-05

    Collisions                      = 12401
    Collision candidates           = 20980
    Collision acceptance rate      = 0.5910867493

    Number of DSMC particles        = 2179440
    Number of stuck particles       = 0
    Number of free particles        = 2179440
    Average linear kinetic energy   = 1.060879457e-18
    Average rotational energy       = 5.388847141e-21
    Average vibrational energy      = 3.653894368e-22
    Average electronic energy       = 0
    Total energy                    = 1.162332069

Stage 1.0  ExecutionTime = 25.66 s  ClockTime = 26 s  Iteration 150 (0.15 s)

Time = 1.6e-05

    Collisions                      = 13166
    Collision candidates           = 22432
    Collision acceptance rate      = 0.5869293866

    Number of DSMC particles        = 2187604
    Number of stuck particles       = 0
    Number of free particles        = 2187604
    Average linear kinetic energy   = 1.057836399e-18
    Average rotational energy       = 5.765138706e-21
    Average vibrational energy      = 4.277704138e-22
    Average electronic energy       = 0
    Total energy                    = 1.163837385

Stage 1.0  ExecutionTime = 27.1 s  ClockTime = 27 s  Iteration 160 (0.18 s)

Time = 1.7e-05

    Collisions                      = 13802
    Collision candidates           = 23850
    Collision acceptance rate      = 0.5787002096

    Number of DSMC particles        = 2195862
    Number of stuck particles       = 0
    Number of free particles        = 2195862
    Average linear kinetic energy   = 1.054933382e-18
    Average rotational energy       = 6.148809657e-21
    Average vibrational energy      = 4.887442287e-22
    Average electronic energy       = 0
    Total energy                    = 1.165531639

Stage 1.0  ExecutionTime = 28.51 s  ClockTime = 29 s  Iteration 170 (0.16 s)

Time = 1.8e-05

    Collisions                      = 14623
    Collision candidates           = 25350
    Collision acceptance rate      = 0.5768441815

    Number of DSMC particles        = 2203985
    Number of stuck particles       = 0
    Number of free particles        = 2203985
    Average linear kinetic energy   = 1.052093222e-18
    Average rotational energy       = 6.549537897e-21
    Average vibrational energy      = 5.500371321e-22
    Average electronic energy       = 0
    Total energy                    = 1.167222518

Stage 1.0  ExecutionTime = 29.94 s  ClockTime = 31 s  Iteration 180 (0.15 s)

Time = 1.9e-05

    Collisions                      = 15213
    Collision candidates           = 26732
    Collision acceptance rate      = 0.5690932216


Phase C auto DLB triggered (SAR) at step 190: sar=0.0003974561923 loadImbalance=1.051136513 threshold=1.5
Phase C ParMETIS weights: particles=2212158 activeCells=104096 maxCellParticles=72
Phase C ParMETIS: alpha=0.8 ncon=2 ubvec=[1.049999952,1.5] moveRatio=0.7295840337 (moveT=15.27392162s, collT=5.66118786s)
Phase C ParMETIS: AdaptiveRepart (104151 cells, 2 constraints, ubvec=1.049999952)
Replicated mesh: rank 0 owns 11026 / 104151 cells
Local mesh: 11026 owned + 354 halo = 11380 / 104151 cells
Phase C ParMETIS AdaptiveRepart: 106 / 104151 cells changed (0.00101775307)
Phase C auto DLB complete: rebalance #2

    Number of DSMC particles        = 2212158
    Number of stuck particles       = 0
    Number of free particles        = 2212158
    Average linear kinetic energy   = 1.049308557e-18
    Average rotational energy       = 6.972123922e-21
    Average vibrational energy      = 6.168186959e-22
    Average electronic energy       = 0
    Total energy                    = 1.169012129

Stage 1.0  ExecutionTime = 31.46 s  ClockTime = 32 s  Iteration 190 (0.24 s)

Time = 2e-05

    Collisions                      = 16158
    Collision candidates           = 28270
    Collision acceptance rate      = 0.5715599576

    Number of DSMC particles        = 2220240
    Number of stuck particles       = 0
    Number of free particles        = 2220240
    Average linear kinetic energy   = 1.046570621e-18
    Average rotational energy       = 7.413692097e-21
    Average vibrational energy      = 6.83271891e-22
    Average electronic energy       = 0
    Total energy                    = 1.170807579

Stage 1.0  ExecutionTime = 33.04 s  ClockTime = 31 s  Iteration 200 (0.18 s)

Time = 2.1e-05

    Collisions                      = 16646
    Collision candidates           = 29631
    Collision acceptance rate      = 0.5617765178

    Number of DSMC particles        = 2228452
    Number of stuck particles       = 0
    Number of free particles        = 2228452
    Average linear kinetic energy   = 1.043844347e-18
    Average rotational energy       = 7.850380773e-21
    Average vibrational energy      = 7.604700175e-22
    Average electronic energy       = 0
    Total energy                    = 1.172672946

Stage 1.0  ExecutionTime = 34.61 s  ClockTime = 33 s  Iteration 210 (0.18 s)

Time = 2.2e-05

    Collisions                      = 17355
    Collision candidates           = 31067
    Collision acceptance rate      = 0.5586313452

    Number of DSMC particles        = 2236454
    Number of stuck particles       = 0
    Number of free particles        = 2236454
    Average linear kinetic energy   = 1.041191204e-18
    Average rotational energy       = 8.318574799e-21
    Average vibrational energy      = 8.335834929e-22
    Average electronic energy       = 0
    Total energy                    = 1.174522307

Stage 1.0  ExecutionTime = 36.21 s  ClockTime = 34 s  Iteration 220 (0.19 s)

Time = 2.3e-05

    Collisions                      = 18082
    Collision candidates           = 32517
    Collision acceptance rate      = 0.556078359

    Number of DSMC particles        = 2244497
    Number of stuck particles       = 0
    Number of free particles        = 2244497
    Average linear kinetic energy   = 1.038582113e-18
    Average rotational energy       = 8.806477832e-21
    Average vibrational energy      = 9.195441103e-22
    Average electronic energy       = 0
    Total energy                    = 1.176462232

Stage 1.0  ExecutionTime = 37.88 s  ClockTime = 36 s  Iteration 230 (0.18 s)

Time = 2.4e-05

    Collisions                      = 18753
    Collision candidates           = 34089
    Collision acceptance rate      = 0.5501188067

    Number of DSMC particles        = 2252622
    Number of stuck particles       = 0
    Number of free particles        = 2252622
    Average linear kinetic energy   = 1.036022379e-18
    Average rotational energy       = 9.305794547e-21
    Average vibrational energy      = 1.003607919e-21
    Average electronic energy       = 0
    Total energy                    = 1.178494995

Stage 1.0  ExecutionTime = 39.51 s  ClockTime = 38 s  Iteration 240 (0.17 s)

Time = 2.5e-05

    Collisions                      = 19474
    Collision candidates           = 35387
    Collision acceptance rate      = 0.5503150875

    Number of DSMC particles        = 2260763
    Number of stuck particles       = 0
    Number of free particles        = 2260763
    Average linear kinetic energy   = 1.03351018e-18
    Average rotational energy       = 9.816621321e-21
    Average vibrational energy      = 1.085948128e-21
    Average electronic energy       = 0
    Total energy                    = 1.180584851

Stage 1.0  ExecutionTime = 41.21 s  ClockTime = 40 s  Iteration 250 (0.19 s)

Time = 2.6e-05

    Collisions                      = 20211
    Collision candidates           = 36769
    Collision acceptance rate      = 0.549674998

    Number of DSMC particles        = 2268766
    Number of stuck particles       = 0
    Number of free particles        = 2268766
    Average linear kinetic energy   = 1.031059847e-18
    Average rotational energy       = 1.032699476e-20
    Average vibrational energy      = 1.177743013e-21
    Average electronic energy       = 0
    Total energy                    = 1.182667542

Stage 1.0  ExecutionTime = 42.9 s  ClockTime = 42 s  Iteration 260 (0.2 s)

Time = 2.7e-05

    Collisions                      = 20941
    Collision candidates           = 38356
    Collision acceptance rate      = 0.5459641256

    Number of DSMC particles        = 2277000
    Number of stuck particles       = 0
    Number of free particles        = 2277000
    Average linear kinetic energy   = 1.028633835e-18
    Average rotational energy       = 1.085886645e-20
    Average vibrational energy      = 1.270694701e-21
    Average electronic energy       = 0
    Total energy                    = 1.184909126

Stage 1.0  ExecutionTime = 44.63 s  ClockTime = 44 s  Iteration 270 (0.2 s)

Time = 2.8e-05

    Collisions                      = 21687
    Collision candidates           = 39626
    Collision acceptance rate      = 0.5472921819


Phase C auto DLB triggered (SAR) at step 280: sar=0.000587269125 loadImbalance=1.055578733 threshold=1.5
Phase C ParMETIS weights: particles=2285082 activeCells=104103 maxCellParticles=81
Phase C ParMETIS: alpha=0.8 ncon=2 ubvec=[1.049999952,1.5] moveRatio=0.729040491 (moveT=24.60163911s, collT=9.143590974s)
Phase C ParMETIS: AdaptiveRepart (104151 cells, 2 constraints, ubvec=1.049999952)
Replicated mesh: rank 0 owns 11010 / 104151 cells
Local mesh: 11010 owned + 351 halo = 11361 / 104151 cells
Phase C ParMETIS AdaptiveRepart: 42 / 104151 cells changed (0.0004032606504)
Phase C auto DLB complete: rebalance #3

    Number of DSMC particles        = 2285082
    Number of stuck particles       = 0
    Number of free particles        = 2285082
    Average linear kinetic energy   = 1.026184094e-18
    Average rotational energy       = 1.138376191e-20
    Average vibrational energy      = 1.374896974e-21
    Average electronic energy       = 0
    Total energy                    = 1.187034692

Stage 1.0  ExecutionTime = 46.52 s  ClockTime = 46 s  Iteration 280 (0.3 s)

Time = 2.9e-05

    Collisions                      = 22148
    Collision candidates           = 41060
    Collision acceptance rate      = 0.5394057477

    Number of DSMC particles        = 2293209
    Number of stuck particles       = 0
    Number of free particles        = 2293209
    Average linear kinetic energy   = 1.023788955e-18
    Average rotational energy       = 1.192999708e-20
    Average vibrational energy      = 1.466856859e-21
    Average electronic energy       = 0
    Total energy                    = 1.189241916

Stage 1.0  ExecutionTime = 48.41 s  ClockTime = 48 s  Iteration 290 (0.22 s)

Time = 3e-05

    Collisions                      = 23006
    Collision candidates           = 42295
    Collision acceptance rate      = 0.5439413642

    Number of DSMC particles        = 2301455
    Number of stuck particles       = 0
    Number of free particles        = 2301455
    Average linear kinetic energy   = 1.02144373e-18
    Average rotational energy       = 1.247634331e-20
    Average vibrational energy      = 1.577201269e-21
    Average electronic energy       = 0
    Total energy                    = 1.19157519

Stage 1.0  ExecutionTime = 50.24 s  ClockTime = 50 s  Iteration 300 (0.2 s)

Time = 3.1e-05

    Collisions                      = 23694
    Collision candidates           = 43779
    Collision acceptance rate      = 0.5412183924

    Number of DSMC particles        = 2309515
    Number of stuck particles       = 0
    Number of free particles        = 2309515
    Average linear kinetic energy   = 1.019156213e-18
    Average rotational energy       = 1.302549022e-20
    Average vibrational energy      = 1.680377765e-21
    Average electronic energy       = 0
    Total energy                    = 1.193859992

Stage 1.0  ExecutionTime = 52.13 s  ClockTime = 52 s  Iteration 310 (0.21 s)

Time = 3.2e-05

    Collisions                      = 24212
    Collision candidates           = 45040
    Collision acceptance rate      = 0.5375666075

    Number of DSMC particles        = 2317732
    Number of stuck particles       = 0
    Number of free particles        = 2317732
    Average linear kinetic energy   = 1.016879326e-18
    Average rotational energy       = 1.355992778e-20
    Average vibrational energy      = 1.792362676e-21
    Average electronic energy       = 0
    Total energy                    = 1.196218124

Stage 1.0  ExecutionTime = 54.12 s  ClockTime = 54 s  Iteration 320 (0.23 s)

Time = 3.3e-05

    Collisions                      = 24982
    Collision candidates           = 46443
    Collision acceptance rate      = 0.5379066813

    Number of DSMC particles        = 2325880
    Number of stuck particles       = 0
    Number of free particles        = 2325880
    Average linear kinetic energy   = 1.01463187e-18
    Average rotational energy       = 1.411479935e-20
    Average vibrational energy      = 1.904828813e-21
    Average electronic energy       = 0
    Total energy                    = 1.198585853

Stage 1.0  ExecutionTime = 56.08 s  ClockTime = 56 s  Iteration 330 (0.23 s)

Time = 3.4e-05

    Collisions                      = 25525
    Collision candidates           = 47879
    Collision acceptance rate      = 0.5331147267

    Number of DSMC particles        = 2333959
    Number of stuck particles       = 0
    Number of free particles        = 2333959
    Average linear kinetic energy   = 1.012425059e-18
    Average rotational energy       = 1.465494593e-20
    Average vibrational energy      = 2.018461723e-21
    Average electronic energy       = 0
    Total energy                    = 1.200936814

Stage 1.0  ExecutionTime = 58.18 s  ClockTime = 59 s  Iteration 340 (0.24 s)

Time = 3.5e-05

    Collisions                      = 26148
    Collision candidates           = 49056
    Collision acceptance rate      = 0.5330234834

    Number of DSMC particles        = 2342156
    Number of stuck particles       = 0
    Number of free particles        = 2342156
    Average linear kinetic energy   = 1.010257145e-18
    Average rotational energy       = 1.522850052e-20
    Average vibrational energy      = 2.140309784e-21
    Average electronic energy       = 0
    Total energy                    = 1.203430148

Stage 1.0  ExecutionTime = 60.22 s  ClockTime = 61 s  Iteration 350 (0.23 s)

Time = 3.6e-05

    Collisions                      = 27050
    Collision candidates           = 50395
    Collision acceptance rate      = 0.5367595992

    Number of DSMC particles        = 2350251
    Number of stuck particles       = 0
    Number of free particles        = 2350251
    Average linear kinetic energy   = 1.008100459e-18
    Average rotational energy       = 1.578103391e-20
    Average vibrational energy      = 2.267136576e-21
    Average electronic energy       = 0
    Total energy                    = 1.205853421

Stage 1.0  ExecutionTime = 62.28 s  ClockTime = 60 s  Iteration 360 (0.24 s)

Time = 3.7e-05

    Collisions                      = 27579
    Collision candidates           = 51753
    Collision acceptance rate      = 0.5328966437

    Number of DSMC particles        = 2358294
    Number of stuck particles       = 0
    Number of free particles        = 2358294
    Average linear kinetic energy   = 1.005951632e-18
    Average rotational energy       = 1.636792848e-20
    Average vibrational energy      = 2.400016902e-21
    Average electronic energy       = 0
    Total energy                    = 1.208295015

Stage 1.0  ExecutionTime = 64.37 s  ClockTime = 62 s  Iteration 370 (0.23 s)

Time = 3.8e-05

    Collisions                      = 28329
    Collision candidates           = 53275
    Collision acceptance rate      = 0.5317503519

    Number of DSMC particles        = 2366478
    Number of stuck particles       = 0
    Number of free particles        = 2366478
    Average linear kinetic energy   = 1.003815858e-18
    Average rotational energy       = 1.697331065e-20
    Average vibrational energy      = 2.53682445e-21
    Average electronic energy       = 0
    Total energy                    = 1.210839225

Stage 1.0  ExecutionTime = 66.63 s  ClockTime = 65 s  Iteration 380 (0.25 s)

Time = 3.9e-05

    Collisions                      = 29038
    Collision candidates           = 54795
    Collision acceptance rate      = 0.529938863

    Number of DSMC particles        = 2374513
    Number of stuck particles       = 0
    Number of free particles        = 2374513
    Average linear kinetic energy   = 1.001706101e-18
    Average rotational energy       = 1.753835805e-20
    Average vibrational energy      = 2.680258521e-21
    Average electronic energy       = 0
    Total energy                    = 1.213286763

Stage 1.0  ExecutionTime = 68.83 s  ClockTime = 67 s  Iteration 390 (0.24 s)

Time = 4e-05

    Collisions                      = 29463
    Collision candidates           = 56135
    Collision acceptance rate      = 0.5248597132

    Number of DSMC particles        = 2382635
    Number of stuck particles       = 0
    Number of free particles        = 2382635
    Average linear kinetic energy   = 9.996647826e-19
    Average rotational energy       = 1.808562294e-20
    Average vibrational energy      = 2.811386657e-21
    Average electronic energy       = 0
    Total energy                    = 1.215813123

Stage 1.0  ExecutionTime = 71.03 s  ClockTime = 70 s  Iteration 400 (0.25 s)

Time = 4.1e-05

    Collisions                      = 30256
    Collision candidates           = 57467
    Collision acceptance rate      = 0.5264934658

    Number of DSMC particles        = 2390580
    Number of stuck particles       = 0
    Number of free particles        = 2390580
    Average linear kinetic energy   = 9.975990914e-19
    Average rotational energy       = 1.863933695e-20
    Average vibrational energy      = 2.960285031e-21
    Average electronic energy       = 0
    Total energy                    = 1.21823803

Stage 1.0  ExecutionTime = 73.2 s  ClockTime = 72 s  Iteration 410 (0.24 s)

Time = 4.2e-05

    Collisions                      = 30756
    Collision candidates           = 58303
    Collision acceptance rate      = 0.5275200247

    Number of DSMC particles        = 2398600
    Number of stuck particles       = 0
    Number of free particles        = 2398600
    Average linear kinetic energy   = 9.956485265e-19
    Average rotational energy       = 1.919600431e-20
    Average vibrational energy      = 3.098962599e-21
    Average electronic energy       = 0
    Total energy                    = 1.220819632

Stage 1.0  ExecutionTime = 75.43 s  ClockTime = 75 s  Iteration 420 (0.24 s)

Time = 4.3e-05

    Collisions                      = 31218
    Collision candidates           = 59461
    Collision acceptance rate      = 0.5250163973

    Number of DSMC particles        = 2406834
    Number of stuck particles       = 0
    Number of free particles        = 2406834
    Average linear kinetic energy   = 9.93706763e-19
    Average rotational energy       = 1.976333455e-20
    Average vibrational energy      = 3.238743824e-21
    Average electronic energy       = 0
    Total energy                    = 1.223524704

Stage 1.0  ExecutionTime = 77.82 s  ClockTime = 77 s  Iteration 430 (0.26 s)

Time = 4.4e-05

    Collisions                      = 31631
    Collision candidates           = 60582
    Collision acceptance rate      = 0.5221187812


Phase C auto DLB triggered (SAR) at step 440: sar=0.0005119398417 loadImbalance=1.048143456 threshold=1.5
Phase C ParMETIS weights: particles=2415008 activeCells=104111 maxCellParticles=96
Phase C ParMETIS: alpha=0.8 ncon=2 ubvec=[1.049999952,1.5] moveRatio=0.7063388142 (moveT=44.02595277s, collT=18.30384121s)
Phase C ParMETIS: AdaptiveRepart (104151 cells, 2 constraints, ubvec=1.049999952)
Replicated mesh: rank 0 owns 11015 / 104151 cells
Local mesh: 11015 owned + 351 halo = 11366 / 104151 cells
Phase C ParMETIS AdaptiveRepart: 5 / 104151 cells changed (4.800722029e-05)
Phase C auto DLB complete: rebalance #4

    Number of DSMC particles        = 2415008
    Number of stuck particles       = 0
    Number of free particles        = 2415008
    Average linear kinetic energy   = 9.917595496e-19
    Average rotational energy       = 2.034807948e-20
    Average vibrational energy      = 3.391614723e-21
    Average electronic energy       = 0
    Total energy                    = 1.226219399

Stage 1.0  ExecutionTime = 80.24 s  ClockTime = 80 s  Iteration 440 (0.36 s)

Time = 4.5e-05

    Collisions                      = 32585
    Collision candidates           = 62033
    Collision acceptance rate      = 0.525284929

    Number of DSMC particles        = 2423089
    Number of stuck particles       = 0
    Number of free particles        = 2423089
    Average linear kinetic energy   = 9.898614644e-19
    Average rotational energy       = 2.090584638e-20
    Average vibrational energy      = 3.539036188e-21
    Average electronic energy       = 0
    Total energy                    = 1.228877276

Stage 1.0  ExecutionTime = 82.56 s  ClockTime = 82 s  Iteration 450 (0.27 s)

Time = 4.6e-05

    Collisions                      = 33036
    Collision candidates           = 63096
    Collision acceptance rate      = 0.5235831114

    Number of DSMC particles        = 2431257
    Number of stuck particles       = 0
    Number of free particles        = 2431257
    Average linear kinetic energy   = 9.879660423e-19
    Average rotational energy       = 2.145794863e-20
    Average vibrational energy      = 3.684386207e-21
    Average electronic energy       = 0
    Total energy                    = 1.231563417

Stage 1.0  ExecutionTime = 84.92 s  ClockTime = 85 s  Iteration 460 (0.27 s)

Time = 4.7e-05

    Collisions                      = 33317
    Collision candidates           = 64091
    Collision acceptance rate      = 0.519838979

    Number of DSMC particles        = 2439302
    Number of stuck particles       = 0
    Number of free particles        = 2439302
    Average linear kinetic energy   = 9.860862169e-19
    Average rotational energy       = 2.202259689e-20
    Average vibrational energy      = 3.83626477e-21
    Average electronic energy       = 0
    Total energy                    = 1.234219827

Stage 1.0  ExecutionTime = 87.4 s  ClockTime = 88 s  Iteration 470 (0.28 s)

Time = 4.8e-05

    Collisions                      = 34142
    Collision candidates           = 65524
    Collision acceptance rate      = 0.5210609853

    Number of DSMC particles        = 2447451
    Number of stuck particles       = 0
    Number of free particles        = 2447451
    Average linear kinetic energy   = 9.84245219e-19
    Average rotational energy       = 2.259058968e-20
    Average vibrational energy      = 3.987151565e-21
    Average electronic energy       = 0
    Total energy                    = 1.236969832

Stage 1.0  ExecutionTime = 89.87 s  ClockTime = 90 s  Iteration 480 (0.28 s)

Time = 4.9e-05

    Collisions                      = 34513
    Collision candidates           = 66456
    Collision acceptance rate      = 0.5193361021

    Number of DSMC particles        = 2455515
    Number of stuck particles       = 0
    Number of free particles        = 2455515
    Average linear kinetic energy   = 9.824120928e-19
    Average rotational energy       = 2.317141485e-20
    Average vibrational energy      = 4.136002429e-21
    Average electronic energy       = 0
    Total energy                    = 1.239690701

Stage 1.0  ExecutionTime = 92.35 s  ClockTime = 90 s  Iteration 490 (0.29 s)

Time = 5e-05

    Collisions                      = 35032
    Collision candidates           = 67614
    Collision acceptance rate      = 0.5181175496

    Number of DSMC particles        = 2463648
    Number of stuck particles       = 0
    Number of free particles        = 2463648
    Average linear kinetic energy   = 9.806099224e-19
    Average rotational energy       = 2.373503153e-20
    Average vibrational energy      = 4.305394872e-21
    Average electronic energy       = 0
    Total energy                    = 1.242479707

Stage 1.0  ExecutionTime = 94.87 s  ClockTime = 93 s  Iteration 500 (0.28 s)

End stage 1


DSMC solver profile summary
    solver profile steps          = 500
    move+collide wall [s]         = 89.90622009
    move only [s]                 = 72.96709882
    buildCellOccupancy [s]        = 10.62819078
    collision phase [s]           = 28.61970972
    post fields/output [s]        = 4.934335804
    total profiled [s]            = 117.1493351
    full evolve wall [s]          = 94.801022
    move+collide cpu [s]          = 81.78
    move only cpu [s]             = 66.29
    buildCellOccupancy cpu [s]    = 9.69
    collision phase cpu [s]       = 26.03
    post fields/output cpu [s]    = 4.56
    total profiled cpu [s]        = 106.57
    full evolve cpu [s]           = 86.21
    OpenMP enabled                = 0
    OpenMP max threads            = 1
    OpenMP move                   = 0 (static, chunk 64)
    OpenMP collision              = dynamic, chunk 8


Replicated mesh profiling summary:
    migration calls             = 55
    migration wall time [s]     = 3.457363967
    local particles (final)     = 264854
    particles per rank          = min 259487 max 368040 max/min 1.418336949
    rank wall time (evolve, 500 steps): min 81.1 max 81.3 max/min 1.002466091
    Phase C auto DLB checks      = 500
    Phase C auto DLB rebalances = 4
    Phase C auto DLB triggered checks = 4
    Phase C auto DLB wall max [s]= 0.459584355
    Phase C auto DLB check max [s]= 0.035269049
    Phase C ParMETIS max [s]     = 0.230740985
    Phase C migration max [s]    = 0.278418076
    Phase C cellOwner write max [s] = 0
    Phase C post-diagnostic max [s] = 0.000754767
    Phase C auto DLB accounted max [s] = 0.545182877
    Phase C auto DLB residual max [s] = -0.085598522

Total Iterations = 500
End main

