/*---------------------------------------------------------------------------*\
| =========                 |                                                 |
| \\      /  F ield         | OpenFOAM: The Open Source CFD Toolbox           |
|  \\    /   O peration     | Version:  v1706                                 |
|   \\  /    A nd           | Web:      www.OpenFOAM.com                      |
|    \\/     M anipulation  |                                                 |
\*---------------------------------------------------------------------------*/
Build  : v1706
Arch   : "LSB;label=32;scalar=64"
Exec   : dsmcFoam+
Date   : Jun 17 2026
Time   : 01:23:38
Host   : "SuperXCX-ROG"
PID    : 6274
/*---------------------------------------------------------------------------*\
| =========                 |                                                 |
| \\      /  F ield         | OpenFOAM: The Open Source CFD Toolbox           |
|  \\    /   O peration     | Version:  v1706                                 |
|   \\  /    A nd           | Web:      www.OpenFOAM.com                      |
|    \\/     M anipulation  |                                                 |
\*---------------------------------------------------------------------------*/
Build  : v1706
Arch   : "LSB;label=32;scalar=64"
Exec   : dsmcFoam+
Date   : Jun 17 2026
Time   : 01:23:38
Host   : "SuperXCX-ROG"
PID    : 6277
Case   : /home/superxcx/code/OpenFoam/OF-1706/hyStrath_dlb/run/hyStrath/dsmcFoam+/xcx_test/zb-cylinder-react/mpi8
nProcs : 1
sigFpe : Enabling floating point exception trapping (FOAM_SIGFPE).
Case   : /home/superxcx/code/OpenFoam/OF-1706/hyStrath_dlb/run/hyStrath/dsmcFoam+/xcx_test/zb-cylinder-react/mpi8
nProcs : 1
sigFpe : Enabling floating point exception trapping (FOAM_SIGFPE).
fileModificationChecking : Monitoring run-time modified files using timeStampMaster (fileModificationSkew 10)
allowSystemOperations : Allowing user-supplied system call operations

fileModificationChecking : Monitoring run-time modified files using timeStampMaster (fileModificationSkew 10)
allowSystemOperations : Allowing user-supplied system call operations

// * * * * * * * * * * * * * * * * * * * * * * * * * * * * * * * * * * * * * //
Create time

// * * * * * * * * * * * * * * * * * * * * * * * * * * * * * * * * * * * * * //
Create time

Create mesh for time = 0

Create mesh for time = 0

Selecting dynamicFvMesh dynamicRefineFvMesh
Selecting dynamicFvMesh dynamicRefineFvMesh
/*---------------------------------------------------------------------------*\
| =========                 |                                                 |
| \\      /  F ield         | OpenFOAM: The Open Source CFD Toolbox           |
|  \\    /   O peration     | Version:  v1706                                 |
|   \\  /    A nd           | Web:      www.OpenFOAM.com                      |
|    \\/     M anipulation  |                                                 |
\*---------------------------------------------------------------------------*/
Build  : v1706
Arch   : "LSB;label=32;scalar=64"
Exec   : dsmcFoam+
Date   : Jun 17 2026
Time   : 01:23:38
Host   : "SuperXCX-ROG"
PID    : 6272
/*---------------------------------------------------------------------------*\
| =========                 |                                                 |
| \\      /  F ield         | OpenFOAM: The Open Source CFD Toolbox           |
|  \\    /   O peration     | Version:  v1706                                 |
|   \\  /    A nd           | Web:      www.OpenFOAM.com                      |
|    \\/     M anipulation  |                                                 |
\*---------------------------------------------------------------------------*/
Build  : v1706
Arch   : "LSB;label=32;scalar=64"
Exec   : dsmcFoam+
Date   : Jun 17 2026
Time   : 01:23:38
Host   : "SuperXCX-ROG"
PID    : 6275
Case   : /home/superxcx/code/OpenFoam/OF-1706/hyStrath_dlb/run/hyStrath/dsmcFoam+/xcx_test/zb-cylinder-react/mpi8
nProcs : 1
/*---------------------------------------------------------------------------*\
| =========                 |                                                 |
| \\      /  F ield         | OpenFOAM: The Open Source CFD Toolbox           |
|  \\    /   O peration     | Version:  v1706                                 |
|   \\  /    A nd           | Web:      www.OpenFOAM.com                      |
|    \\/     M anipulation  |                                                 |
\*---------------------------------------------------------------------------*/
Build  : v1706
Arch   : "LSB;label=32;scalar=64"
Exec   : dsmcFoam+
Date   : Jun 17 2026
Time   : 01:23:38
Host   : "SuperXCX-ROG"
PID    : 6276
/*---------------------------------------------------------------------------*\
| =========                 |                                                 |
| \\      /  F ield         | OpenFOAM: The Open Source CFD Toolbox           |
|  \\    /   O peration     | Version:  v1706                                 |
|   \\  /    A nd           | Web:      www.OpenFOAM.com                      |
|    \\/     M anipulation  |                                                 |
\*---------------------------------------------------------------------------*/
Build  : v1706
Arch   : "LSB;label=32;scalar=64"
Exec   : dsmcFoam+
Date   : Jun 17 2026
Time   : 01:23:38
Host   : "SuperXCX-ROG"
PID    : 6278
sigFpe : Enabling floating point exception trapping (FOAM_SIGFPE).
fileModificationChecking : Monitoring run-time modified files using timeStampMaster (fileModificationSkew 10)
allowSystemOperations : Allowing user-supplied system call operations

// * * * * * * * * * * * * * * * * * * * * * * * * * * * * * * * * * * * * * //
Create time

Case   : /home/superxcx/code/OpenFoam/OF-1706/hyStrath_dlb/run/hyStrath/dsmcFoam+/xcx_test/zb-cylinder-react/mpi8
nProcs : 1
sigFpe : Enabling floating point exception trapping (FOAM_SIGFPE).
fileModificationChecking : Monitoring run-time modified files using timeStampMaster (fileModificationSkew 10)
allowSystemOperations : Allowing user-supplied system call operations

// * * * * * * * * * * * * * * * * * * * * * * * * * * * * * * * * * * * * * //
Create time

Case   : /home/superxcx/code/OpenFoam/OF-1706/hyStrath_dlb/run/hyStrath/dsmcFoam+/xcx_test/zb-cylinder-react/mpi8
nProcs : 1
Case   : /home/superxcx/code/OpenFoam/OF-1706/hyStrath_dlb/run/hyStrath/dsmcFoam+/xcx_test/zb-cylinder-react/mpi8
nProcs : 1
sigFpe : Enabling floating point exception trapping (FOAM_SIGFPE).
fileModificationChecking : Monitoring run-time modified files using timeStampMaster (fileModificationSkew 10)
allowSystemOperations : Allowing user-supplied system call operations

// * * * * * * * * * * * * * * * * * * * * * * * * * * * * * * * * * * * * * //
Create time

sigFpe : Enabling floating point exception trapping (FOAM_SIGFPE).
fileModificationChecking : Monitoring run-time modified files using timeStampMaster (fileModificationSkew 10)
allowSystemOperations : Allowing user-supplied system call operations

// * * * * * * * * * * * * * * * * * * * * * * * * * * * * * * * * * * * * * //
Create time

Create mesh for time = 0

Create mesh for time = 0

/*---------------------------------------------------------------------------*\
| =========                 |                                                 |
| \\      /  F ield         | OpenFOAM: The Open Source CFD Toolbox           |
|  \\    /   O peration     | Version:  v1706                                 |
|   \\  /    A nd           | Web:      www.OpenFOAM.com                      |
|    \\/     M anipulation  |                                                 |
\*---------------------------------------------------------------------------*/
Build  : v1706
Arch   : "LSB;label=32;scalar=64"
Exec   : dsmcFoam+
Date   : Jun 17 2026
Time   : 01:23:38
Host   : "SuperXCX-ROG"
PID    : 6279
Selecting dynamicFvMesh dynamicRefineFvMesh
Selecting dynamicFvMesh dynamicRefineFvMesh
Create mesh for time = 0

Create mesh for time = 0

Case   : /home/superxcx/code/OpenFoam/OF-1706/hyStrath_dlb/run/hyStrath/dsmcFoam+/xcx_test/zb-cylinder-react/mpi8
nProcs : 1
sigFpe : Enabling floating point exception trapping (FOAM_SIGFPE).
Selecting dynamicFvMesh dynamicRefineFvMesh
fileModificationChecking : Monitoring run-time modified files using timeStampMaster (fileModificationSkew 10)
allowSystemOperations : Allowing user-supplied system call operations

// * * * * * * * * * * * * * * * * * * * * * * * * * * * * * * * * * * * * * //
Create time

Selecting dynamicFvMesh dynamicRefineFvMesh
Create mesh for time = 0

Selecting dynamicFvMesh dynamicRefineFvMesh
/*---------------------------------------------------------------------------*\
| =========                 |                                                 |
| \\      /  F ield         | OpenFOAM: The Open Source CFD Toolbox           |
|  \\    /   O peration     | Version:  v1706                                 |
|   \\  /    A nd           | Web:      www.OpenFOAM.com                      |
|    \\/     M anipulation  |                                                 |
\*---------------------------------------------------------------------------*/
Build  : v1706
Arch   : "LSB;label=32;scalar=64"
Exec   : dsmcFoam+
Date   : Jun 17 2026
Time   : 01:23:38
Host   : "SuperXCX-ROG"
PID    : 6273
Case   : /home/superxcx/code/OpenFoam/OF-1706/hyStrath_dlb/run/hyStrath/dsmcFoam+/xcx_test/zb-cylinder-react/mpi8
nProcs : 1
sigFpe : Enabling floating point exception trapping (FOAM_SIGFPE).
fileModificationChecking : Monitoring run-time modified files using timeStampMaster (fileModificationSkew 10)
allowSystemOperations : Allowing user-supplied system call operations

// * * * * * * * * * * * * * * * * * * * * * * * * * * * * * * * * * * * * * //
Create time

Create mesh for time = 0

Selecting dynamicFvMesh dynamicRefineFvMesh

Constructing dsmcCloud 

Constructing dsmcCloud 

Constructing dsmcCloud 

Constructing dsmcCloud 

Constructing dsmcCloud 

Constructing dsmcCloud 

Constructing dsmcCloud 

Constructing dsmcCloud 
Selecting the coordinate system model:	dsmcCartesian

Selecting the coordinate system model:	dsmcCartesian

Selecting the time-step model:	dsmcConstantTimeStepModel

Selecting the time-step model:	dsmcConstantTimeStepModel

Constant time-step model:
- time-step [sec]	6.64005e-08

Selecting the porous measurement model:	dsmcNoPorousMediumMeasurements

Constant time-step model:
- time-step [sec]	6.64005e-08

Selecting the porous measurement model:	dsmcNoPorousMediumMeasurements


Creating dsmcControllers


Creating dsmcControllers

Creating fields: 

Selecting field: dsmcVolFields
Creating fields: 

Selecting field: dsmcVolFields

TimeData Statistics: 

TimeData Statistics: 
 measurement option: write
 measurement option: write
 nSamples: 1, time interval: 6.64005e-08
 nAverages: 15060, time interval: 0.00099999153
 total no. of sampling steps: 0
 total no. of averaging Steps: 0


 nSamples: 1, time interval: 6.64005e-08
 nAverages: 15060, time interval: 0.00099999153
 total no. of sampling steps: 0
 total no. of averaging Steps: 0


Selecting field: dsmcVolFields

TimeData Statistics: 
 measurement option: write
 nSamples: 1, time interval: 6.64005e-08
 nAverages: 15060, time interval: 0.00099999153
 total no. of sampling steps: 0
 total no. of averaging Steps: 0


Selecting field: dsmcVolFields

TimeData Statistics: 
 measurement option: write
 nSamples: 1, time interval: 6.64005e-08
 nAverages: 15060, time interval: 0.00099999153
 total no. of sampling steps: 0
 total no. of averaging Steps: 0


Selecting field: dsmcVolFields

TimeData Statistics: 
 measurement option: write
 nSamples: 1, time interval: 6.64005e-08
 nAverages: 15060, time interval: 0.00099999153
 total no. of sampling steps: 0
 total no. of averaging Steps: 0


Selecting field: dsmcVolFields

TimeData Statistics: 
 measurement option: write
 nSamples: 1, time interval: 6.64005e-08
 nAverages: 15060, time interval: 0.00099999153
 total no. of sampling steps: 0
 total no. of averaging Steps: 0


Selecting field: dsmcVolFields

TimeData Statistics: 
 measurement option: write
 nSamples: 1, time interval: 6.64005e-08
 nAverages: 15060, time interval: 0.00099999153
 total no. of sampling steps: 0
 total no. of averaging Steps: 0


Selecting field: dsmcVolFields

TimeData Statistics: 
 measurement option: write
 nSamples: 1, time interval: 6.64005e-08
 nAverages: 15060, time interval: 0.00099999153
 total no. of sampling steps: 0
 total no. of averaging Steps: 0


Selecting field: dsmcVolFields

TimeData Statistics: 
 measurement option: write
 nSamples: 1, time interval: 6.64005e-08
 nAverages: 15060, time interval: 0.00099999153
 total no. of sampling steps: 0
 total no. of averaging Steps: 0


Selecting the coordinate system model:	dsmcCartesian

Selecting the time-step model:	dsmcConstantTimeStepModel

Constant time-step model:
- time-step [sec]	6.64005e-08

Selecting the porous measurement model:	dsmcNoPorousMediumMeasurements

Selecting field: dsmcVolFields

TimeData Statistics: 
 measurement option: write
 nSamples: 1, time interval: 6.64005e-08
 nAverages: 15060, time interval: 0.00099999153
 total no. of sampling steps: 0
 total no. of averaging Steps: 0



Creating dsmcControllers

Creating fields: 

Selecting field: dsmcVolFields

TimeData Statistics: 
 measurement option: write
 nSamples: 1, time interval: 6.64005e-08
 nAverages: 15060, time interval: 0.00099999153
 total no. of sampling steps: 0
 total no. of averaging Steps: 0


Selecting field: dsmcVolFields

TimeData Statistics: 
 measurement option: write
 nSamples: 1, time interval: 6.64005e-08
 nAverages: 15060, time interval: 0.00099999153
 total no. of sampling steps: 0
 total no. of averaging Steps: 0


Selecting field: dsmcVolFields

TimeData Statistics: 
 measurement option: write
 nSamples: 1, time interval: 6.64005e-08
 nAverages: 15060, time interval: 0.00099999153
 total no. of sampling steps: 0
 total no. of averaging Steps: 0


Selecting field: dsmcVolFields

TimeData Statistics: 
 measurement option: write
 nSamples: 1, time interval: 6.64005e-08
 nAverages: 15060, time interval: 0.00099999153
 total no. of sampling steps: 0
 total no. of averaging Steps: 0


Creating the boundary models: 

Selecting dsmcPatchBoundaryModel dsmcDeletionPatch
Selecting dsmcPatchBoundaryModel dsmcDeletionPatch
Selecting dsmcPatchBoundaryModel dsmcDiffuseWallPatch
Selecting dsmcGeneralBoundaryModel dsmcFreeStreamInflowPatch
Creating the boundary models: 

Selecting dsmcPatchBoundaryModel dsmcDeletionPatch
Selecting dsmcPatchBoundaryModel dsmcDeletionPatch
Selecting dsmcPatchBoundaryModel dsmcDiffuseWallPatch
Selecting dsmcGeneralBoundaryModel dsmcFreeStreamInflowPatch
Selecting BinaryCollisionModel LarsenBorgnakkeVariableHardSphere

Creating dsmcReactions

Selecting the reaction model dissociationQK
Selecting the reaction model dissociationExchangeQK
Selecting the reaction model dissociationQK
Selecting the reaction model dissociationQK
Selecting the reaction model dissociationQK
Selecting the reaction model dissociationQK
Selecting the reaction model dissociationQK
Selecting the reaction model dissociationExchangeQK
Selecting the reaction model dissociationQK
Selecting the reaction model dissociationExchangeQK
Selecting the reaction model dissociationExchangeQK
Selecting the reaction model dissociationQK
Number of reactions created: 12
Selecting field: dsmcVolFields

TimeData Statistics: 
 measurement option: write
 nSamples: 1, time interval: 6.64005e-08
 nAverages: 15060, time interval: 0.00099999153
 total no. of sampling steps: 0
 total no. of averaging Steps: 0


Selecting BinaryCollisionModel LarsenBorgnakkeVariableHardSphere

Creating dsmcReactions

Selecting the reaction model dissociationQK
Selecting the reaction model dissociationExchangeQK
Selecting the reaction model dissociationQK
Selecting the reaction model dissociationQK
Selecting the reaction model dissociationQK
Selecting the reaction model dissociationQK
Selecting the reaction model dissociationQK
Selecting the reaction model dissociationExchangeQK
Selecting the reaction model dissociationQK
Selecting the reaction model dissociationExchangeQK
Selecting the reaction model dissociationExchangeQK
Selecting the reaction model dissociationQK
Number of reactions created: 12
Selecting the coordinate system model:	dsmcCartesian

Selecting the time-step model:	dsmcConstantTimeStepModel

Constant time-step model:
- time-step [sec]	6.64005e-08

Selecting the porous measurement model:	dsmcNoPorousMediumMeasurements


Creating dsmcControllers

Creating fields: 

Selecting field: dsmcVolFields

TimeData Statistics: 
 measurement option: write
 nSamples: 1, time interval: 6.64005e-08
 nAverages: 15060, time interval: 0.00099999153
 total no. of sampling steps: 0
 total no. of averaging Steps: 0


Selecting field: dsmcVolFields

TimeData Statistics: 
 measurement option: write
 nSamples: 1, time interval: 6.64005e-08
 nAverages: 15060, time interval: 0.00099999153
 total no. of sampling steps: 0
 total no. of averaging Steps: 0


Selecting the coordinate system model:	dsmcCartesian

Selecting the time-step model:	dsmcConstantTimeStepModel

Constant time-step model:
- time-step [sec]	6.64005e-08

Selecting the porous measurement model:	dsmcNoPorousMediumMeasurements


Creating dsmcControllers

Creating fields: 

Selecting field: dsmcVolFields

TimeData Statistics: 
 measurement option: write
 nSamples: 1, time interval: 6.64005e-08
 nAverages: 15060, time interval: 0.00099999153
 total no. of sampling steps: 0
 total no. of averaging Steps: 0


Selecting field: dsmcVolFields

TimeData Statistics: 
 measurement option: write
 nSamples: 1, time interval: 6.64005e-08
 nAverages: 15060, time interval: 0.00099999153
 total no. of sampling steps: 0
 total no. of averaging Steps: 0


Selecting the coordinate system model:	dsmcCartesian

Selecting the time-step model:	dsmcConstantTimeStepModel

Selecting field: dsmcVolFields

TimeData Statistics: 
 measurement option: write
 nSamples: 1, time interval: 6.64005e-08
 nAverages: 15060, time interval: 0.00099999153
 total no. of sampling steps: 0
 total no. of averaging Steps: 0


Constant time-step model:
- time-step [sec]	6.64005e-08

Selecting the porous measurement model:	dsmcNoPorousMediumMeasurements


Creating dsmcControllers

Creating fields: 

Selecting field: dsmcVolFields

TimeData Statistics: 
 measurement option: write
 nSamples: 1, time interval: 6.64005e-08
 nAverages: 15060, time interval: 0.00099999153
 total no. of sampling steps: 0
 total no. of averaging Steps: 0


Selecting field: dsmcVolFields

TimeData Statistics: 
 measurement option: write
 nSamples: 1, time interval: 6.64005e-08
 nAverages: 15060, time interval: 0.00099999153
 total no. of sampling steps: 0
 total no. of averaging Steps: 0


Selecting field: dsmcVolFields

TimeData Statistics: 
 measurement option: write
 nSamples: 1, time interval: 6.64005e-08
 nAverages: 15060, time interval: 0.00099999153
 total no. of sampling steps: 0
 total no. of averaging Steps: 0


Selecting field: dsmcVolFields

TimeData Statistics: 
 measurement option: write
 nSamples: 1, time interval: 6.64005e-08
 nAverages: 15060, time interval: 0.00099999153
 total no. of sampling steps: 0
 total no. of averaging Steps: 0


Selecting field: dsmcVolFields

TimeData Statistics: 
 measurement option: write
 nSamples: 1, time interval: 6.64005e-08
 nAverages: 15060, time interval: 0.00099999153
 total no. of sampling steps: 0
 total no. of averaging Steps: 0


Selecting field: dsmcVolFields

TimeData Statistics: 
 measurement option: write
 nSamples: 1, time interval: 6.64005e-08
 nAverages: 15060, time interval: 0.00099999153
 total no. of sampling steps: 0
 total no. of averaging Steps: 0


Selecting field: dsmcVolFields

TimeData Statistics: 
 measurement option: write
 nSamples: 1, time interval: 6.64005e-08
 nAverages: 15060, time interval: 0.00099999153
 total no. of sampling steps: 0
 total no. of averaging Steps: 0


Selecting field: dsmcVolFields

TimeData Statistics: 
 measurement option: write
 nSamples: 1, time interval: 6.64005e-08
 nAverages: 15060, time interval: 0.00099999153
 total no. of sampling steps: 0
 total no. of averaging Steps: 0


Selecting field: dsmcVolFields

TimeData Statistics: 
 measurement option: write
 nSamples: 1, time interval: 6.64005e-08
 nAverages: 15060, time interval: 0.00099999153
 total no. of sampling steps: 0
 total no. of averaging Steps: 0


Creating the boundary models: 

Selecting dsmcPatchBoundaryModel dsmcDeletionPatch
Selecting dsmcPatchBoundaryModel dsmcDeletionPatch
Selecting dsmcPatchBoundaryModel dsmcDiffuseWallPatch
Selecting dsmcGeneralBoundaryModel dsmcFreeStreamInflowPatch
Selecting the coordinate system model:	dsmcCartesian

Selecting the time-step model:	dsmcConstantTimeStepModel

Constant time-step model:
- time-step [sec]	6.64005e-08

Selecting the porous measurement model:	dsmcNoPorousMediumMeasurements

Selecting BinaryCollisionModel LarsenBorgnakkeVariableHardSphere

Creating dsmcReactions

Selecting the reaction model dissociationQK
Selecting the reaction model dissociationExchangeQK
Selecting the reaction model dissociationQK
Selecting the reaction model dissociationQK
Selecting the reaction model dissociationQK
Selecting the reaction model dissociationQK
Selecting the reaction model dissociationQK
Selecting the reaction model dissociationExchangeQK
Selecting the reaction model dissociationQK
Selecting the reaction model dissociationExchangeQK
Selecting the reaction model dissociationExchangeQK
Selecting the reaction model dissociationQK
Number of reactions created: 12

Creating dsmcControllers

Creating fields: 

Selecting field: dsmcVolFields

TimeData Statistics: 
 measurement option: write
 nSamples: 1, time interval: 6.64005e-08
 nAverages: 15060, time interval: 0.00099999153
 total no. of sampling steps: 0
 total no. of averaging Steps: 0


Selecting field: dsmcVolFields

TimeData Statistics: 
 measurement option: write
 nSamples: 1, time interval: 6.64005e-08
 nAverages: 15060, time interval: 0.00099999153
 total no. of sampling steps: 0
 total no. of averaging Steps: 0


Selecting field: dsmcVolFields

TimeData Statistics: 
 measurement option: write
 nSamples: 1, time interval: 6.64005e-08
 nAverages: 15060, time interval: 0.00099999153
 total no. of sampling steps: 0
 total no. of averaging Steps: 0


Selecting field: dsmcVolFields

TimeData Statistics: 
 measurement option: write
 nSamples: 1, time interval: 6.64005e-08
 nAverages: 15060, time interval: 0.00099999153
 total no. of sampling steps: 0
 total no. of averaging Steps: 0


Selecting field: dsmcVolFields

TimeData Statistics: 
 measurement option: write
 nSamples: 1, time interval: 6.64005e-08
 nAverages: 15060, time interval: 0.00099999153
 total no. of sampling steps: 0
 total no. of averaging Steps: 0


Creating the boundary models: 

Selecting dsmcPatchBoundaryModel dsmcDeletionPatch
Selecting dsmcPatchBoundaryModel dsmcDeletionPatch
Selecting dsmcPatchBoundaryModel dsmcDiffuseWallPatch
Selecting dsmcGeneralBoundaryModel dsmcFreeStreamInflowPatch
Selecting field: dsmcVolFields

TimeData Statistics: 
 measurement option: write
 nSamples: 1, time interval: 6.64005e-08
 nAverages: 15060, time interval: 0.00099999153
 total no. of sampling steps: 0
 total no. of averaging Steps: 0


Selecting BinaryCollisionModel LarsenBorgnakkeVariableHardSphere

Creating dsmcReactions

Selecting the reaction model dissociationQK
Selecting the reaction model dissociationExchangeQK
Selecting the reaction model dissociationQK
Selecting the reaction model dissociationQK
Selecting the reaction model dissociationQK
Selecting the reaction model dissociationQK
Selecting the reaction model dissociationQK
Selecting the reaction model dissociationExchangeQK
Selecting the reaction model dissociationQK
Selecting the reaction model dissociationExchangeQK
Selecting the reaction model dissociationExchangeQK
Selecting the reaction model dissociationQK
Number of reactions created: 12
Selecting field: dsmcVolFields

TimeData Statistics: 
 measurement option: write
 nSamples: 1, time interval: 6.64005e-08
 nAverages: 15060, time interval: 0.00099999153
 total no. of sampling steps: 0
 total no. of averaging Steps: 0


Selecting field: dsmcVolFields

TimeData Statistics: 
 measurement option: write
 nSamples: 1, time interval: 6.64005e-08
 nAverages: 15060, time interval: 0.00099999153
 total no. of sampling steps: 0
 total no. of averaging Steps: 0


Selecting field: dsmcVolFields

TimeData Statistics: 
 measurement option: write
 nSamples: 1, time interval: 6.64005e-08
 nAverages: 15060, time interval: 0.00099999153
 total no. of sampling steps: 0
 total no. of averaging Steps: 0


Selecting field: dsmcVolFields

TimeData Statistics: 
 measurement option: write
 nSamples: 1, time interval: 6.64005e-08
 nAverages: 15060, time interval: 0.00099999153
 total no. of sampling steps: 0
 total no. of averaging Steps: 0


Selecting the coordinate system model:	dsmcCartesian

Selecting the time-step model:	dsmcConstantTimeStepModel

Selecting field: dsmcVolFields

TimeData Statistics: 
Constant time-step model:
- time-step [sec]	6.64005e-08

Selecting the porous measurement model:	dsmcNoPorousMediumMeasurements

 measurement option: write
 nSamples: 1, time interval: 6.64005e-08
 nAverages: 15060, time interval: 0.00099999153
 total no. of sampling steps: 0
 total no. of averaging Steps: 0



Creating dsmcControllers

Creating fields: 

Selecting field: dsmcVolFields

TimeData Statistics: 
 measurement option: write
 nSamples: 1, time interval: 6.64005e-08
 nAverages: 15060, time interval: 0.00099999153
 total no. of sampling steps: 0
 total no. of averaging Steps: 0


Creating the boundary models: 

Selecting dsmcPatchBoundaryModel dsmcDeletionPatch
Selecting dsmcPatchBoundaryModel dsmcDeletionPatch
Selecting dsmcPatchBoundaryModel dsmcDiffuseWallPatch
Selecting dsmcGeneralBoundaryModel dsmcFreeStreamInflowPatch
Selecting BinaryCollisionModel LarsenBorgnakkeVariableHardSphere

Creating dsmcReactions

Selecting the reaction model dissociationQK
Selecting the reaction model dissociationExchangeQK
Selecting the reaction model dissociationQK
Selecting the reaction model dissociationQK
Selecting the reaction model dissociationQK
Selecting the reaction model dissociationQK
Selecting the reaction model dissociationQK
Selecting the reaction model dissociationExchangeQK
Selecting the reaction model dissociationQK
Selecting the reaction model dissociationExchangeQK
Selecting the reaction model dissociationExchangeQK
Selecting the reaction model dissociationQK
Number of reactions created: 12
Creating the boundary models: 

Selecting dsmcPatchBoundaryModel dsmcDeletionPatch
Selecting dsmcPatchBoundaryModel dsmcDeletionPatch
Selecting dsmcPatchBoundaryModel dsmcDiffuseWallPatch
Selecting dsmcGeneralBoundaryModel dsmcFreeStreamInflowPatch
Selecting field: dsmcVolFields

TimeData Statistics: 
 measurement option: write
 nSamples: 1, time interval: 6.64005e-08
 nAverages: 15060, time interval: 0.00099999153
 total no. of sampling steps: 0
 total no. of averaging Steps: 0


Selecting BinaryCollisionModel LarsenBorgnakkeVariableHardSphere

Creating dsmcReactions

Selecting the reaction model dissociationQK
Selecting the reaction model dissociationExchangeQK
Selecting the reaction model dissociationQK
Selecting the reaction model dissociationQK
Selecting the reaction model dissociationQK
Selecting the reaction model dissociationQK
Selecting the reaction model dissociationQK
Selecting the reaction model dissociationExchangeQK
Selecting the reaction model dissociationQK
Selecting the reaction model dissociationExchangeQK
Selecting the reaction model dissociationExchangeQK
Selecting the reaction model dissociationQK
Number of reactions created: 12
Selecting field: dsmcVolFields

TimeData Statistics: 
 measurement option: write
 nSamples: 1, time interval: 6.64005e-08
 nAverages: 15060, time interval: 0.00099999153
 total no. of sampling steps: 0
 total no. of averaging Steps: 0


Selecting field: dsmcVolFields

TimeData Statistics: 
 measurement option: write
 nSamples: 1, time interval: 6.64005e-08
 nAverages: 15060, time interval: 0.00099999153
 total no. of sampling steps: 0
 total no. of averaging Steps: 0


Selecting field: dsmcVolFields

TimeData Statistics: 
 measurement option: write
 nSamples: 1, time interval: 6.64005e-08
 nAverages: 15060, time interval: 0.00099999153
 total no. of sampling steps: 0
 total no. of averaging Steps: 0


Creating the boundary models: 

Selecting dsmcPatchBoundaryModel dsmcDeletionPatch
Selecting dsmcPatchBoundaryModel dsmcDeletionPatch
Selecting dsmcPatchBoundaryModel dsmcDiffuseWallPatch
Selecting dsmcGeneralBoundaryModel dsmcFreeStreamInflowPatch
Selecting BinaryCollisionModel LarsenBorgnakkeVariableHardSphere

Creating dsmcReactions

Selecting the reaction model dissociationQK
Selecting the reaction model dissociationExchangeQK
Selecting the reaction model dissociationQK
Selecting the reaction model dissociationQK
Selecting the reaction model dissociationQK
Selecting the reaction model dissociationQK
Selecting the reaction model dissociationQK
Selecting the reaction model dissociationExchangeQK
Selecting the reaction model dissociationQK
Selecting the reaction model dissociationExchangeQK
Selecting the reaction model dissociationExchangeQK
Selecting the reaction model dissociationQK
Number of reactions created: 12
Selecting field: dsmcVolFields

TimeData Statistics: 
 measurement option: write
 nSamples: 1, time interval: 6.64005e-08
 nAverages: 15060, time interval: 0.00099999153
 total no. of sampling steps: 0
 total no. of averaging Steps: 0


Selecting field: dsmcVolFields

TimeData Statistics: 
 measurement option: write
 nSamples: 1, time interval: 6.64005e-08
 nAverages: 15060, time interval: 0.00099999153
 total no. of sampling steps: 0
 total no. of averaging Steps: 0


Selecting field: dsmcVolFields

TimeData Statistics: 
 measurement option: write
 nSamples: 1, time interval: 6.64005e-08
 nAverages: 15060, time interval: 0.00099999153
 total no. of sampling steps: 0
 total no. of averaging Steps: 0


Creating the boundary models: 

Selecting dsmcPatchBoundaryModel dsmcDeletionPatch
Selecting dsmcPatchBoundaryModel dsmcDeletionPatch
Selecting dsmcPatchBoundaryModel dsmcDiffuseWallPatch
Selecting dsmcGeneralBoundaryModel dsmcFreeStreamInflowPatch
Selecting BinaryCollisionModel LarsenBorgnakkeVariableHardSphere

Creating dsmcReactions

Selecting the reaction model dissociationQK
Selecting the reaction model dissociationExchangeQK
Selecting the reaction model dissociationQK
Selecting the reaction model dissociationQK
Selecting the reaction model dissociationQK
Selecting the reaction model dissociationQK
Selecting the reaction model dissociationQK
Selecting the reaction model dissociationExchangeQK
Selecting the reaction model dissociationQK
Selecting the reaction model dissociationExchangeQK
Selecting the reaction model dissociationExchangeQK
Selecting the reaction model dissociationQK
Number of reactions created: 12

Constructing constant properties for
	N2
	O2
	NO
	N
	O
Selecting collisionPartnerSelectionModel noTimeCounter
Collision profile: collisionReduceOnlyOnOutput defaulted to true for replicatedMesh run
Collision profile: collisionOutputGlobalReduce defaulted to false for replicatedMesh run

Initialising the measurement fields

Initialising dsmcVolFields field
Initialising dsmcVolFields field
Initialising dsmcVolFields field
Initialising dsmcVolFields field
Initialising dsmcVolFields field
Initialising dsmcVolFields field

Constructing constant properties for
	N2
	O2
	NO
	N
	O
Selecting collisionPartnerSelectionModel noTimeCounter
Collision profile: collisionReduceOnlyOnOutput defaulted to true for replicatedMesh run
Collision profile: collisionOutputGlobalReduce defaulted to false for replicatedMesh run

Initialising the measurement fields

Initialising dsmcVolFields field
Initialising dsmcVolFields field
Initialising dsmcVolFields field
Initialising dsmcVolFields field
Initialising dsmcVolFields field
Initialising dsmcVolFields field

Constructing constant properties for
	N2
	O2
	NO
	N
	O

Constructing constant properties for
	N2
	O2
	NO
	N
	O
Selecting collisionPartnerSelectionModel noTimeCounter
Collision profile: collisionReduceOnlyOnOutput defaulted to true for replicatedMesh run
Collision profile: collisionOutputGlobalReduce defaulted to false for replicatedMesh run

Initialising the measurement fields

Initialising dsmcVolFields field
Initialising dsmcVolFields field
Initialising dsmcVolFields field
Initialising dsmcVolFields field
Initialising dsmcVolFields field
Initialising dsmcVolFields field

Constructing constant properties for
	N2
	O2
	NO
	N
	O
Selecting collisionPartnerSelectionModel noTimeCounter
Collision profile: collisionReduceOnlyOnOutput defaulted to true for replicatedMesh run
Collision profile: collisionOutputGlobalReduce defaulted to false for replicatedMesh run

Initialising the measurement fields

Initialising dsmcVolFields field
Initialising dsmcVolFields field
Initialising dsmcVolFields field
Initialising dsmcVolFields field
Initialising dsmcVolFields field
Initialising dsmcVolFields field

Constructing constant properties for
	N2
	O2
	NO
	N
	O
Selecting collisionPartnerSelectionModel noTimeCounter
Collision profile: collisionReduceOnlyOnOutput defaulted to true for replicatedMesh run
Collision profile: collisionOutputGlobalReduce defaulted to false for replicatedMesh run

Initialising the measurement fields

Initialising dsmcVolFields field
Initialising dsmcVolFields field
Initialising dsmcVolFields field
Initialising dsmcVolFields field
Initialising dsmcVolFields field
Initialising dsmcVolFields field
Selecting collisionPartnerSelectionModel noTimeCounter
Collision profile: collisionReduceOnlyOnOutput defaulted to true for replicatedMesh run
Collision profile: collisionOutputGlobalReduce defaulted to false for replicatedMesh run

Initialising the measurement fields

Initialising dsmcVolFields field
Initialising dsmcVolFields field
Initialising dsmcVolFields field
Initialising dsmcVolFields field
Initialising dsmcVolFields field
Initialising dsmcVolFields field

Constructing constant properties for
	N2
	O2
	NO
	N
	O
Selecting collisionPartnerSelectionModel noTimeCounter
Collision profile: collisionReduceOnlyOnOutput defaulted to true for replicatedMesh run
Collision profile: collisionOutputGlobalReduce defaulted to false for replicatedMesh run

Initialising the measurement fields

Initialising dsmcVolFields field
Initialising dsmcVolFields field
Initialising dsmcVolFields field
Initialising dsmcVolFields field
Initialising dsmcVolFields field
Initialising dsmcVolFields field

Constructing constant properties for
	N2
	O2
	NO
	N
	O
Selecting collisionPartnerSelectionModel noTimeCounter
Collision profile: collisionReduceOnlyOnOutput defaulted to true for replicatedMesh run
Collision profile: collisionOutputGlobalReduce defaulted to false for replicatedMesh run

Initialising the measurement fields

Initialising dsmcVolFields field
Initialising dsmcVolFields field
Initialising dsmcVolFields field
Initialising dsmcVolFields field
Initialising dsmcVolFields field
Initialising dsmcVolFields field
Replicated mesh: METIS decomposition complete, 60000 cells -> 8 ranks
Replicated mesh: rank 0 owns 7384 / 60000 cells
Local mesh: 7384 owned + 356 halo = 7740 / 60000 cells
Replicated mesh: flatTransfer=1 found=1
Replicated mesh: flat POD transfer enabled
Replicated mesh: gatherCandidates=0
Replicated mesh: writeMode=gathered
Phase C auto DLB: enabled (ParMETIS AdaptiveRepart), imbalanceThreshold=1.5, dlbSteps=50, sarSteps=50, triggerMode=legacyWindow, minGapSteps=50, checkCollective=allgather, particleGate=0, particleGateThreshold=1.5, skipPostDiag=0, adaptiveAlpha=0
Replicated mesh: initialized with 8 MPI ranks, migrate interval 10

Starting time loop

Replicated mesh: initial particle distribution

Replicated mesh: rank 0 kept 257850 parcels, deleted 1051233 non-owned parcels
Time = 6.64005e-07

    Collision global reduction skipped (rank 0 local diagnostics)
    Collisions                      = 4084
    Collision candidates           = 5151
    Collision acceptance rate      = 0.7928557562

    Number of DSMC particles        = 1330304
    Number of stuck particles       = 0
    Number of free particles        = 1330304
    Average linear kinetic energy   = 1.893411711e-19
    Average rotational energy       = 1.325597841e-21
    Average vibrational energy      = 9.365517656e-26
    Average electronic energy       = 0
    Total energy                    = 0.00152186934

Stage 1.0  ExecutionTime = 4.87 s  ClockTime = 5 s  Iteration 10 (0.22 s)

Time = 1.32801e-06

    Collision global reduction skipped (rank 0 local diagnostics)
    Collisions                      = 4108
    Collision candidates           = 5622
    Collision acceptance rate      = 0.7307008182

    Number of DSMC particles        = 1353953
    Number of stuck particles       = 0
    Number of free particles        = 1353953
    Average linear kinetic energy   = 1.865927784e-19
    Average rotational energy       = 1.549580772e-21
    Average vibrational energy      = 1.724036916e-25
    Average electronic energy       = 0
    Total energy                    = 0.00152841687

Stage 1.0  ExecutionTime = 6.13 s  ClockTime = 7 s  Iteration 20 (0.13 s)

Time = 1.992015e-06

    Collision global reduction skipped (rank 0 local diagnostics)
    Collisions                      = 4161
    Collision candidates           = 5876
    Collision acceptance rate      = 0.7081347856

    Number of DSMC particles        = 1377377
    Number of stuck particles       = 0
    Number of free particles        = 1377377
    Average linear kinetic energy   = 1.84121799e-19
    Average rotational energy       = 1.855800826e-21
    Average vibrational energy      = 2.599261869e-25
    Average electronic energy       = 0
    Total energy                    = 0.001536969759

Stage 1.0  ExecutionTime = 7.52 s  ClockTime = 8 s  Iteration 30 (0.2 s)

Time = 2.65602e-06

    Collision global reduction skipped (rank 0 local diagnostics)
    Collisions                      = 4151
    Collision candidates           = 6016
    Collision acceptance rate      = 0.6899933511

    Number of DSMC particles        = 1400995
    Number of stuck particles       = 0
    Number of free particles        = 1400995
    Average linear kinetic energy   = 1.819022058e-19
    Average rotational energy       = 2.243972137e-21
    Average vibrational energy      = 3.000091217e-25
    Average electronic energy       = 0
    Total energy                    = 0.001547929769

Stage 1.0  ExecutionTime = 8.97 s  ClockTime = 10 s  Iteration 40 (0.14 s)

Time = 3.320025e-06

    Collision global reduction skipped (rank 0 local diagnostics)
    Collisions                      = 4170
    Collision candidates           = 6105
    Collision acceptance rate      = 0.683046683


Phase C auto DLB triggered (threshold) at step 50: sar=0 loadImbalance=1.570712791 threshold=1.5 particleMaxMin=1
Phase C ParMETIS weights: particles=1424348 activeCells=60000 maxCellParticles=247
Phase C ParMETIS: alpha=1 ncon=1 ubvec=[1.049999952] moveRatio=0.9091452191 (moveT=5.319114126s, collT=0.531561887s)
Phase C ParMETIS: AdaptiveRepart (60000 cells, 1 constraints, ubvec=1.049999952)
Replicated mesh: rank 0 owns 7227 / 60000 cells
Local mesh: 7227 owned + 360 halo = 7587 / 60000 cells
Phase C ParMETIS AdaptiveRepart: 52498 / 60000 cells changed (0.8749666667)
Phase C auto DLB complete: rebalance #1

    Number of DSMC particles        = 1424348
    Number of stuck particles       = 0
    Number of free particles        = 1424348
    Average linear kinetic energy   = 1.798659207e-19
    Average rotational energy       = 2.680150932e-21
    Average vibrational energy      = 3.169581756e-25
    Average electronic energy       = 0
    Total energy                    = 0.001560057501

Stage 1.0  ExecutionTime = 10.6 s  ClockTime = 11 s  Iteration 50 (0.27 s)

Time = 3.98403e-06

    Collision global reduction skipped (rank 0 local diagnostics)
    Collisions                      = 8582
    Collision candidates           = 13574
    Collision acceptance rate      = 0.6322381023

    Number of DSMC particles        = 1447617
    Number of stuck particles       = 0
    Number of free particles        = 1447617
    Average linear kinetic energy   = 1.779565936e-19
    Average rotational energy       = 3.076768824e-21
    Average vibrational energy      = 4.624779838e-25
    Average electronic energy       = 0
    Total energy                    = 0.001572405855

Stage 1.0  ExecutionTime = 11.93 s  ClockTime = 13 s  Iteration 60 (0.54 s)

Time = 4.648035e-06

    Collision global reduction skipped (rank 0 local diagnostics)
    Collisions                      = 9843
    Collision candidates           = 16372
    Collision acceptance rate      = 0.6012093819

    Number of DSMC particles        = 1471230
    Number of stuck particles       = 0
    Number of free particles        = 1471230
    Average linear kinetic energy   = 1.761801212e-19
    Average rotational energy       = 3.586723746e-21
    Average vibrational energy      = 7.297907774e-25
    Average electronic energy       = 0
    Total energy                    = 0.001586876693

Stage 1.0  ExecutionTime = 13.32 s  ClockTime = 14 s  Iteration 70 (0.45 s)

Time = 5.31204e-06

    Collision global reduction skipped (rank 0 local diagnostics)
    Collisions                      = 10893
    Collision candidates           = 18775
    Collision acceptance rate      = 0.5801864181

    Number of DSMC particles        = 1494278
    Number of stuck particles       = 0
    Number of free particles        = 1494278
    Average linear kinetic energy   = 1.745466734e-19
    Average rotational energy       = 4.116687312e-21
    Average vibrational energy      = 7.810678318e-25
    Average electronic energy       = 0
    Total energy                    = 0.001601843378

Stage 1.0  ExecutionTime = 14.92 s  ClockTime = 16 s  Iteration 80 (0.59 s)

Time = 5.976045e-06

    Collision global reduction skipped (rank 0 local diagnostics)
    Collisions                      = 12058
    Collision candidates           = 21125
    Collision acceptance rate      = 0.5707928994

    Number of DSMC particles        = 1517770
    Number of stuck particles       = 0
    Number of free particles        = 1517770
    Average linear kinetic energy   = 1.730349065e-19
    Average rotational energy       = 4.643247415e-21
    Average vibrational energy      = 1.240981275e-24
    Average electronic energy       = 0
    Total energy                    = 0.001618058732

Stage 1.0  ExecutionTime = 16.7 s  ClockTime = 17 s  Iteration 90 (0.75 s)

Time = 6.64005e-06

    Collision global reduction skipped (rank 0 local diagnostics)
    Collisions                      = 13000
    Collision candidates           = 23301
    Collision acceptance rate      = 0.5579159693


Phase C auto DLB triggered (threshold) at step 100: sar=0 loadImbalance=1.905959798 threshold=1.5 particleMaxMin=1
Phase C ParMETIS weights: particles=1540777 activeCells=59999 maxCellParticles=316
Phase C ParMETIS: alpha=1 ncon=1 ubvec=[1.049999952] moveRatio=0.8841215425 (moveT=9.155993401s, collT=1.20004133s)
Phase C ParMETIS: AdaptiveRepart (60000 cells, 1 constraints, ubvec=1.049999952)
Replicated mesh: rank 0 owns 10041 / 60000 cells
Local mesh: 10041 owned + 918 halo = 10959 / 60000 cells
Phase C ParMETIS AdaptiveRepart: 46789 / 60000 cells changed (0.7798166667)
Phase C auto DLB complete: rebalance #2

    Number of DSMC particles        = 1540777
    Number of stuck particles       = 0
    Number of free particles        = 1540777
    Average linear kinetic energy   = 1.715917684e-19
    Average rotational energy       = 5.16458171e-21
    Average vibrational energy      = 1.838671883e-24
    Average electronic energy       = 0
    Total energy                    = 0.001634069711

Stage 1.0  ExecutionTime = 18.74 s  ClockTime = 19 s  Iteration 100 (0.99 s)

Time = 7.304055e-06

    Collision global reduction skipped (rank 0 local diagnostics)
    Collisions                      = 10637
    Collision candidates           = 18398
    Collision acceptance rate      = 0.5781606696

    Number of DSMC particles        = 1563791
    Number of stuck particles       = 0
    Number of free particles        = 1563791
    Average linear kinetic energy   = 1.703047471e-19
    Average rotational energy       = 5.54863625e-21
    Average vibrational energy      = 2.259191839e-24
    Average electronic energy       = 0
    Total energy                    = 0.001650008827

Stage 1.0  ExecutionTime = 20.47 s  ClockTime = 21 s  Iteration 110 (0.5 s)

Time = 7.96806e-06

    Collision global reduction skipped (rank 0 local diagnostics)
    Collisions                      = 11296
    Collision candidates           = 20979
    Collision acceptance rate      = 0.5384432051

    Number of DSMC particles        = 1586592
    Number of stuck particles       = 0
    Number of free particles        = 1586592
    Average linear kinetic energy   = 1.689569637e-19
    Average rotational energy       = 6.043563997e-21
    Average vibrational energy      = 2.275690941e-24
    Average electronic energy       = 0
    Total energy                    = 0.001665948287

Stage 1.0  ExecutionTime = 22.35 s  ClockTime = 23 s  Iteration 120 (0.57 s)

Time = 8.632065e-06

    Collision global reduction skipped (rank 0 local diagnostics)
    Collisions                      = 11762
    Collision candidates           = 22455
    Collision acceptance rate      = 0.5238031619

    Number of DSMC particles        = 1609115
    Number of stuck particles       = 0
    Number of free particles        = 1609115
    Average linear kinetic energy   = 1.677047517e-19
    Average rotational energy       = 6.530043363e-21
    Average vibrational energy      = 2.475674312e-24
    Average electronic energy       = 0
    Total energy                    = 0.001682206836

Stage 1.0  ExecutionTime = 24.35 s  ClockTime = 25 s  Iteration 130 (0.57 s)

Time = 9.29607e-06

    Collision global reduction skipped (rank 0 local diagnostics)
    Collisions                      = 12059
    Collision candidates           = 23459
    Collision acceptance rate      = 0.514045782

    Number of DSMC particles        = 1631532
    Number of stuck particles       = 0
    Number of free particles        = 1631532
    Average linear kinetic energy   = 1.664746731e-19
    Average rotational energy       = 7.039477945e-21
    Average vibrational energy      = 2.955793932e-24
    Average electronic energy       = 0
    Total energy                    = 0.001698592275

Stage 1.0  ExecutionTime = 26.48 s  ClockTime = 27 s  Iteration 140 (0.59 s)

Time = 9.960075e-06

    Collision global reduction skipped (rank 0 local diagnostics)
    Collisions                      = 12339
    Collision candidates           = 24315
    Collision acceptance rate      = 0.5074645281


Phase C auto DLB triggered (threshold) at step 150: sar=0 loadImbalance=1.893887569 threshold=1.5 particleMaxMin=1
Phase C ParMETIS weights: particles=1653621 activeCells=60000 maxCellParticles=328
Phase C ParMETIS: alpha=1 ncon=1 ubvec=[1.049999952] moveRatio=0.8938903808 (moveT=15.38614844s, collT=1.826418974s)
Phase C ParMETIS: AdaptiveRepart (60000 cells, 1 constraints, ubvec=1.049999952)
Replicated mesh: rank 0 owns 8010 / 60000 cells
Local mesh: 8010 owned + 538 halo = 8548 / 60000 cells
Phase C ParMETIS AdaptiveRepart: 46705 / 60000 cells changed (0.7784166667)
Phase C auto DLB complete: rebalance #3

    Number of DSMC particles        = 1653621
    Number of stuck particles       = 0
    Number of free particles        = 1653621
    Average linear kinetic energy   = 1.653746856e-19
    Average rotational energy       = 7.519214025e-21
    Average vibrational energy      = 3.245613446e-24
    Average electronic energy       = 0
    Total energy                    = 0.001715438102

Stage 1.0  ExecutionTime = 28.75 s  ClockTime = 29 s  Iteration 150 (0.7 s)

Time = 1.062408e-05

    Collision global reduction skipped (rank 0 local diagnostics)
    Collisions                      = 3382
    Collision candidates           = 4698
    Collision acceptance rate      = 0.7198808003

    Number of DSMC particles        = 1676088
    Number of stuck particles       = 0
    Number of free particles        = 1676088
    Average linear kinetic energy   = 1.644056463e-19
    Average rotational energy       = 7.826702752e-21
    Average vibrational energy      = 3.69296247e-24
    Average electronic energy       = 0
    Total energy                    = 0.001732096579

Stage 1.0  ExecutionTime = 30.6 s  ClockTime = 31 s  Iteration 160 (0.84 s)

Time = 1.1288085e-05

    Collision global reduction skipped (rank 0 local diagnostics)
    Collisions                      = 3553
    Collision candidates           = 5274
    Collision acceptance rate      = 0.6736822146

    Number of DSMC particles        = 1697761
    Number of stuck particles       = 0
    Number of free particles        = 1697761
    Average linear kinetic energy   = 1.633008838e-19
    Average rotational energy       = 8.281030605e-21
    Average vibrational energy      = 4.405178132e-24
    Average electronic energy       = 0
    Total energy                    = 0.001747875369

Stage 1.0  ExecutionTime = 32.5 s  ClockTime = 33 s  Iteration 170 (0.84 s)

Time = 1.195209e-05

    Collision global reduction skipped (rank 0 local diagnostics)
    Collisions                      = 3719
    Collision candidates           = 5829
    Collision acceptance rate      = 0.6380168125

    Number of DSMC particles        = 1719214
    Number of stuck particles       = 0
    Number of free particles        = 1719214
    Average linear kinetic energy   = 1.622534555e-19
    Average rotational energy       = 8.741242628e-21
    Average vibrational energy      = 4.920171866e-24
    Average electronic energy       = 0
    Total energy                    = 0.001763909627

Stage 1.0  ExecutionTime = 34.55 s  ClockTime = 35 s  Iteration 180 (0.97 s)

Time = 1.2616095e-05

    Collision global reduction skipped (rank 0 local diagnostics)
    Collisions                      = 3865
    Collision candidates           = 6326
    Collision acceptance rate      = 0.6109705975

    Number of DSMC particles        = 1740749
    Number of stuck particles       = 0
    Number of free particles        = 1740749
    Average linear kinetic energy   = 1.61294635e-19
    Average rotational energy       = 9.169626867e-21
    Average vibrational energy      = 5.42262843e-24
    Average electronic energy       = 0
    Total energy                    = 0.001780469596

Stage 1.0  ExecutionTime = 36.76 s  ClockTime = 37 s  Iteration 190 (1.04 s)

Time = 1.32801e-05

    Collision global reduction skipped (rank 0 local diagnostics)
    Collisions                      = 4108
    Collision candidates           = 6878
    Collision acceptance rate      = 0.5972666473


Phase C auto DLB triggered (threshold) at step 200: sar=0 loadImbalance=1.750139568 threshold=1.5 particleMaxMin=1
Phase C ParMETIS weights: particles=1761527 activeCells=60000 maxCellParticles=339
Phase C ParMETIS: alpha=1 ncon=1 ubvec=[1.049999952] moveRatio=0.8983269036 (moveT=19.93273383s, collT=2.255996965s)
Phase C ParMETIS: AdaptiveRepart (60000 cells, 1 constraints, ubvec=1.049999952)
Replicated mesh: rank 0 owns 7667 / 60000 cells
Local mesh: 7667 owned + 480 halo = 8147 / 60000 cells
Phase C ParMETIS AdaptiveRepart: 31783 / 60000 cells changed (0.5297166667)
Phase C auto DLB complete: rebalance #4

    Number of DSMC particles        = 1761527
    Number of stuck particles       = 0
    Number of free particles        = 1761527
    Average linear kinetic energy   = 1.603564114e-19
    Average rotational energy       = 9.593743662e-21
    Average vibrational energy      = 5.880185612e-24
    Average electronic energy       = 0
    Total energy                    = 0.001796292869

Stage 1.0  ExecutionTime = 39.21 s  ClockTime = 40 s  Iteration 200 (1.24 s)

Time = 1.3944105e-05

    Collision global reduction skipped (rank 0 local diagnostics)
    Collisions                      = 3335
    Collision candidates           = 4835
    Collision acceptance rate      = 0.689762151

    Number of DSMC particles        = 1782386
    Number of stuck particles       = 0
    Number of free particles        = 1782386
    Average linear kinetic energy   = 1.59487536e-19
    Average rotational energy       = 1.001643842e-20
    Average vibrational energy      = 6.780536641e-24
    Average electronic energy       = 0
    Total energy                    = 0.001812801579

Stage 1.0  ExecutionTime = 41.49 s  ClockTime = 42 s  Iteration 210 (1.03 s)

Time = 1.460811e-05

    Collision global reduction skipped (rank 0 local diagnostics)
    Collisions                      = 3424
    Collision candidates           = 5122
    Collision acceptance rate      = 0.6684888715

    Number of DSMC particles        = 1802895
    Number of stuck particles       = 0
    Number of free particles        = 1802895
    Average linear kinetic energy   = 1.586619823e-19
    Average rotational energy       = 1.047507359e-20
    Average vibrational energy      = 7.135711242e-24
    Average electronic energy       = 0
    Total energy                    = 0.001829695304

Stage 1.0  ExecutionTime = 43.82 s  ClockTime = 44 s  Iteration 220 (1 s)

Time = 1.5272115e-05

    Collision global reduction skipped (rank 0 local diagnostics)
    Collisions                      = 3408
    Collision candidates           = 5256
    Collision acceptance rate      = 0.6484018265

    Number of DSMC particles        = 1823191
    Number of stuck particles       = 0
    Number of free particles        = 1823191
    Average linear kinetic energy   = 1.579176271e-19
    Average rotational energy       = 1.08785092e-20
    Average vibrational energy      = 8.395502083e-24
    Average electronic energy       = 0
    Total energy                    = 0.001846577419

Stage 1.0  ExecutionTime = 46.31 s  ClockTime = 47 s  Iteration 230 (1.08 s)

Time = 1.593612e-05

    Collision global reduction skipped (rank 0 local diagnostics)
    Collisions                      = 3429
    Collision candidates           = 5355
    Collision acceptance rate      = 0.6403361345

    Number of DSMC particles        = 1843055
    Number of stuck particles       = 0
    Number of free particles        = 1843055
    Average linear kinetic energy   = 1.571516813e-19
    Average rotational energy       = 1.129331598e-20
    Average vibrational energy      = 9.596789301e-24
    Average electronic energy       = 0
    Total energy                    = 0.001862826491

Stage 1.0  ExecutionTime = 48.85 s  ClockTime = 49 s  Iteration 240 (1.14 s)

Time = 1.6600125e-05

    Collision global reduction skipped (rank 0 local diagnostics)
    Collisions                      = 3414
    Collision candidates           = 5497
    Collision acceptance rate      = 0.621066036


Phase C auto DLB triggered (threshold) at step 250: sar=0 loadImbalance=1.708666537 threshold=1.5 particleMaxMin=1
Phase C ParMETIS weights: particles=1862989 activeCells=60000 maxCellParticles=359
Phase C ParMETIS: alpha=1 ncon=1 ubvec=[1.049999952] moveRatio=0.9043728326 (moveT=25.37371711s, collT=2.682982732s)
Phase C ParMETIS: AdaptiveRepart (60000 cells, 1 constraints, ubvec=1.049999952)
Replicated mesh: rank 0 owns 5045 / 60000 cells
Local mesh: 5045 owned + 343 halo = 5388 / 60000 cells
Phase C ParMETIS AdaptiveRepart: 20907 / 60000 cells changed (0.34845)
Phase C auto DLB complete: rebalance #5

    Number of DSMC particles        = 1862989
    Number of stuck particles       = 0
    Number of free particles        = 1862989
    Average linear kinetic energy   = 1.56392078e-19
    Average rotational energy       = 1.168393969e-20
    Average vibrational energy      = 1.057910967e-23
    Average electronic energy       = 0
    Total energy                    = 0.001878860885

Stage 1.0  ExecutionTime = 51.67 s  ClockTime = 52 s  Iteration 250 (1.37 s)

Time = 1.726413e-05

    Collision global reduction skipped (rank 0 local diagnostics)
    Collisions                      = 21819
    Collision candidates           = 36759
    Collision acceptance rate      = 0.5935689219

    Number of DSMC particles        = 1882442
    Number of stuck particles       = 0
    Number of free particles        = 1882442
    Average linear kinetic energy   = 1.557122297e-19
    Average rotational energy       = 1.198334119e-20
    Average vibrational energy      = 1.1609765e-23
    Average electronic energy       = 0
    Total energy                    = 0.001894194243

Stage 1.0  ExecutionTime = 54.14 s  ClockTime = 55 s  Iteration 260 (1.17 s)

Time = 1.7928135e-05

    Collision global reduction skipped (rank 0 local diagnostics)
    Collisions                      = 22608
    Collision candidates           = 38776
    Collision acceptance rate      = 0.5830410563

    Number of DSMC particles        = 1901985
    Number of stuck particles       = 0
    Number of free particles        = 1901985
    Average linear kinetic energy   = 1.549994584e-19
    Average rotational energy       = 1.235029107e-20
    Average vibrational energy      = 1.257864822e-23
    Average electronic energy       = 0
    Total energy                    = 0.001909923826

Stage 1.0  ExecutionTime = 56.76 s  ClockTime = 57 s  Iteration 270 (1.14 s)

Time = 1.859214e-05

    Collision global reduction skipped (rank 0 local diagnostics)
    Collisions                      = 23456
    Collision candidates           = 40779
    Collision acceptance rate      = 0.5751980186

    Number of DSMC particles        = 1921440
    Number of stuck particles       = 0
    Number of free particles        = 1921440
    Average linear kinetic energy   = 1.543014985e-19
    Average rotational energy       = 1.268777182e-20
    Average vibrational energy      = 1.352862967e-23
    Average electronic energy       = 0
    Total energy                    = 0.001925315148

Stage 1.0  ExecutionTime = 59.4 s  ClockTime = 60 s  Iteration 280 (1.11 s)

Time = 1.9256145e-05

    Collision global reduction skipped (rank 0 local diagnostics)
    Collisions                      = 24466
    Collision candidates           = 42479
    Collision acceptance rate      = 0.5759551779

    Number of DSMC particles        = 1940292
    Number of stuck particles       = 0
    Number of free particles        = 1940292
    Average linear kinetic energy   = 1.536037407e-19
    Average rotational energy       = 1.303769311e-20
    Average vibrational energy      = 1.503292329e-23
    Average electronic energy       = 0
    Total energy                    = 0.001940173255

Stage 1.0  ExecutionTime = 62.11 s  ClockTime = 63 s  Iteration 290 (1.16 s)

Time = 1.992015e-05

    Collision global reduction skipped (rank 0 local diagnostics)
    Collisions                      = 25366
    Collision candidates           = 44129
    Collision acceptance rate      = 0.5748147477


Phase C auto DLB triggered (threshold) at step 300: sar=0 loadImbalance=2.16454663 threshold=1.5 particleMaxMin=1
Phase C auto DLB skipped near end at step 300: remainingSteps=0 minRemainingSteps=50
    Number of DSMC particles        = 1959149
    Number of stuck particles       = 0
    Number of free particles        = 1959149
    Average linear kinetic energy   = 1.52949729e-19
    Average rotational energy       = 1.33433154e-20
    Average vibrational energy      = 1.615060057e-23
    Average electronic energy       = 0
    Total energy                    = 0.001954946958

Stage 1.0  ExecutionTime = 64.91 s  ClockTime = 66 s  Iteration 300 (1.16 s)

End stage 1


DSMC solver profile summary
    solver profile steps          = 300
    move+collide wall [s]         = 56.35535167
    move only [s]                 = 43.00641876
    buildCellOccupancy [s]        = 4.665883792
    collision phase [s]           = 10.5959248
    post fields/output [s]        = 0.181581266
    total profiled [s]            = 58.44980861
    full evolve wall [s]          = 56.53195911
    move+collide cpu [s]          = 56.36
    move only cpu [s]             = 43.03
    buildCellOccupancy cpu [s]    = 4.63
    collision phase cpu [s]       = 10.65
    post fields/output cpu [s]    = 0.28
    total profiled cpu [s]        = 58.59
    full evolve cpu [s]           = 56.54
    collision localLoop max [s] = 10.57720089
    collision reduce max [s]    = 0
    collision sigmaBC max [s]   = 0.017051073
    collision total max [s]     = 10.59474723
    collision accounted max [s] = 10.59425196
    collision residual max [s]  = 0.000543001
    collision subphase max sum [s] = 10.59425196
    collision cumulative global collisions = 40738907
    collision cumulative global candidates  = 74597649
    collision cumulative acceptance        = 0.5461151597
    OpenMP enabled                = 0
    OpenMP max threads            = 1
    OpenMP move                   = 0 (static, chunk 64)
    OpenMP collision              = dynamic, chunk 8


Replicated mesh profiling summary:
    migration calls             = 36
    migration wall time [s]     = 3.058505831
    local particles (final)     = 268229
    migration wall max [s]      = 3.058505831
    migration pack max [s]      = 0.531101956
    migration local prep max [s]= 0.177345521
    migration size exchange max [s] = 2.234161471
    migration request post max [s] = 0.042639239
    migration wait max [s]      = 0.070885106
    migration deserialize max [s] = 0.234006227
    migration post max [s]      = 0.005806633
    migration candidate gather max [s] = 3.488e-06
    migration accounted max [s] = 3.058505831
    migration residual max [s]  = 4.440892099e-16
    updateParticleCounts max [s]= 0.232906396
    migration subphase max sum [s] = 3.295949641
    particles per rank          = min 222675 max 268229 max/min 1.204576176
    rank wall time (evolve, 300 steps): min 41.34 max 54.37 max/min 1.315191098
    Phase C auto DLB checks      = 300
    Phase C auto DLB rebalances = 5
    Phase C auto DLB triggered checks = 5
    Phase C auto DLB wall max [s]= 4.673208182
    Phase C auto DLB check max [s]= 4.069275326
    Phase C ParMETIS max [s]     = 0.190361063
    Phase C migration max [s]    = 0.492410573
    Phase C cellOwner write max [s] = 0
    Phase C post-diagnostic max [s] = 0.00050638
    Phase C auto DLB accounted max [s] = 4.752553342
    Phase C auto DLB residual max [s] = -0.07934516

Total Iterations = 300
End main

