case=zb
mode=MPI4xOMP2
np=4
OMP_NUM_THREADS=2
case_dir=/home/superxcx/code/OpenFoam/OF-1706/hyStrath_dlb/doc/worklog/v2506/detail_mix/zb_4mode_300step_moveordered_20260622/cases/MPI4xOMP2
controlDict=/home/superxcx/code/OpenFoam/OF-1706/hyStrath_dlb/doc/worklog/v2506/detail_mix/zb_4mode_300step_moveordered_20260622/controlDicts/zb_MPI4xOMP2_controlDict
decomposeParDict=/home/superxcx/code/OpenFoam/OF-1706/hyStrath_dlb/doc/worklog/v2506/detail_mix/zb_4mode_300step_moveordered_20260622/controlDicts/zb_MPI4xOMP2_decomposeParDict
start=2026-06-22T02:37:44+08:00
/*---------------------------------------------------------------------------*\
| =========                 |                                                 |
| \\      /  F ield         | OpenFOAM: The Open Source CFD Toolbox           |
|  \\    /   O peration     | Version:  v1706                                 |
|   \\  /    A nd           | Web:      www.OpenFOAM.com                      |
|    \\/     M anipulation  |                                                 |
\*---------------------------------------------------------------------------*/
Build  : v1706
Arch   : "LSB;label=32;scalar=64"
Exec   : dsmcFoam+
Date   : Jun 22 2026
Time   : 02:37:44
Host   : "SuperXCX-ROG"
PID    : 985355
/*---------------------------------------------------------------------------*\
| =========                 |                                                 |
| \\      /  F ield         | OpenFOAM: The Open Source CFD Toolbox           |
|  \\    /   O peration     | Version:  v1706                                 |
|   \\  /    A nd           | Web:      www.OpenFOAM.com                      |
|    \\/     M anipulation  |                                                 |
\*---------------------------------------------------------------------------*/
Build  : v1706
Arch   : "LSB;label=32;scalar=64"
Exec   : dsmcFoam+
Date   : Jun 22 2026
Time   : 02:37:44
Host   : "SuperXCX-ROG"
PID    : 985357
/*---------------------------------------------------------------------------*\
| =========                 |                                                 |
| \\      /  F ield         | OpenFOAM: The Open Source CFD Toolbox           |
|  \\    /   O peration     | Version:  v1706                                 |
|   \\  /    A nd           | Web:      www.OpenFOAM.com                      |
|    \\/     M anipulation  |                                                 |
\*---------------------------------------------------------------------------*/
Build  : v1706
Arch   : "LSB;label=32;scalar=64"
Exec   : dsmcFoam+
Date   : Jun 22 2026
Time   : 02:37:44
Host   : "SuperXCX-ROG"
PID    : 985354
/*---------------------------------------------------------------------------*\
| =========                 |                                                 |
| \\      /  F ield         | OpenFOAM: The Open Source CFD Toolbox           |
|  \\    /   O peration     | Version:  v1706                                 |
|   \\  /    A nd           | Web:      www.OpenFOAM.com                      |
|    \\/     M anipulation  |                                                 |
\*---------------------------------------------------------------------------*/
Build  : v1706
Arch   : "LSB;label=32;scalar=64"
Exec   : dsmcFoam+
Date   : Jun 22 2026
Time   : 02:37:44
Host   : "SuperXCX-ROG"
PID    : 985356
Case   : /home/superxcx/code/OpenFoam/OF-1706/hyStrath_dlb/doc/worklog/v2506/detail_mix/zb_4mode_300step_moveordered_20260622/cases/MPI4xOMP2
nProcs : 1
sigFpe : Enabling floating point exception trapping (FOAM_SIGFPE).
Case   : /home/superxcx/code/OpenFoam/OF-1706/hyStrath_dlb/doc/worklog/v2506/detail_mix/zb_4mode_300step_moveordered_20260622/cases/MPI4xOMP2
nProcs : 1
sigFpe : Enabling floating point exception trapping (FOAM_SIGFPE).
Case   : /home/superxcx/code/OpenFoam/OF-1706/hyStrath_dlb/doc/worklog/v2506/detail_mix/zb_4mode_300step_moveordered_20260622/cases/MPI4xOMP2
nProcs : 1
sigFpe : Enabling floating point exception trapping (FOAM_SIGFPE).
Case   : /home/superxcx/code/OpenFoam/OF-1706/hyStrath_dlb/doc/worklog/v2506/detail_mix/zb_4mode_300step_moveordered_20260622/cases/MPI4xOMP2
nProcs : 1
sigFpe : Enabling floating point exception trapping (FOAM_SIGFPE).
fileModificationChecking : Monitoring run-time modified files using timeStampMaster (fileModificationSkew 10)
allowSystemOperations : Allowing user-supplied system call operations

fileModificationChecking : Monitoring run-time modified files using timeStampMaster (fileModificationSkew 10)
allowSystemOperations : Allowing user-supplied system call operations

fileModificationChecking : Monitoring run-time modified files using timeStampMaster (fileModificationSkew 10)
allowSystemOperations : Allowing user-supplied system call operations

fileModificationChecking : Monitoring run-time modified files using timeStampMaster (fileModificationSkew 10)
allowSystemOperations : Allowing user-supplied system call operations

// * * * * * * * * * * * * * * * * * * * * * * * * * * * * * * * * * * * * * //
Create time

// * * * * * * * * * * * * * * * * * * * * * * * * * * * * * * * * * * * * * //
Create time

// * * * * * * * * * * * * * * * * * * * * * * * * * * * * * * * * * * * * * //
Create time

// * * * * * * * * * * * * * * * * * * * * * * * * * * * * * * * * * * * * * //
Create time

Create mesh for time = 0

Create mesh for time = 0

Create mesh for time = 0

Selecting dynamicFvMesh dynamicRefineFvMesh
Create mesh for time = 0

Selecting dynamicFvMesh dynamicRefineFvMesh
Selecting dynamicFvMesh dynamicRefineFvMesh
Selecting dynamicFvMesh dynamicRefineFvMesh

Constructing dsmcCloud 

Constructing dsmcCloud 

Constructing dsmcCloud 

Constructing dsmcCloud 
Selecting the coordinate system model:	dsmcCartesian

Selecting the time-step model:	dsmcConstantTimeStepModel

Constant time-step model:
- time-step [sec]	6.640048894e-08

Selecting the porous measurement model:	dsmcNoPorousMediumMeasurements


Creating dsmcControllers

Creating fields: 

Selecting field: dsmcVolFields

TimeData Statistics: 
 measurement option: write
 nSamples: 1, time interval: 6.640048894e-08
 nAverages: 15060, time interval: 0.0009999913634
 total no. of sampling steps: 0
 total no. of averaging Steps: 0


Selecting the coordinate system model:	dsmcCartesian

Selecting the time-step model:	dsmcConstantTimeStepModel

Constant time-step model:
- time-step [sec]	6.640048894e-08

Selecting the porous measurement model:	dsmcNoPorousMediumMeasurements


Creating dsmcControllers

Creating fields: 

Selecting field: dsmcVolFields

TimeData Statistics: 
 measurement option: write
 nSamples: 1, time interval: 6.640048894e-08
 nAverages: 15060, time interval: 0.0009999913634
 total no. of sampling steps: 0
 total no. of averaging Steps: 0


Selecting the coordinate system model:	dsmcCartesian

Selecting the time-step model:	dsmcConstantTimeStepModel

Constant time-step model:
- time-step [sec]	6.640048894e-08

Selecting the porous measurement model:	dsmcNoPorousMediumMeasurements

Selecting the coordinate system model:	dsmcCartesian

Selecting the time-step model:	dsmcConstantTimeStepModel

Constant time-step model:
- time-step [sec]	6.640048894e-08

Selecting the porous measurement model:	dsmcNoPorousMediumMeasurements


Creating dsmcControllers

Creating fields: 

Selecting field: dsmcVolFields

TimeData Statistics: 
 measurement option: write

Creating dsmcControllers

 nSamples: 1, time interval: 6.640048894e-08
 nAverages: 15060, time interval: 0.0009999913634
 total no. of sampling steps: 0
 total no. of averaging Steps: 0


Creating fields: 

Selecting field: dsmcVolFields

TimeData Statistics: 
 measurement option: write
 nSamples: 1, time interval: 6.640048894e-08
 nAverages: 15060, time interval: 0.0009999913634
 total no. of sampling steps: 0
 total no. of averaging Steps: 0


Selecting field: dsmcVolFields

TimeData Statistics: 
 measurement option: write
 nSamples: 1, time interval: 6.640048894e-08
 nAverages: 15060, time interval: 0.0009999913634
 total no. of sampling steps: 0
 total no. of averaging Steps: 0


Selecting field: dsmcVolFields

TimeData Statistics: 
 measurement option: write
 nSamples: 1, time interval: 6.640048894e-08
 nAverages: 15060, time interval: 0.0009999913634
 total no. of sampling steps: 0
 total no. of averaging Steps: 0


Selecting field: dsmcVolFields

TimeData Statistics: 
 measurement option: write
 nSamples: 1, time interval: 6.640048894e-08
 nAverages: 15060, time interval: 0.0009999913634
 total no. of sampling steps: 0
 total no. of averaging Steps: 0


Selecting field: dsmcVolFields

TimeData Statistics: 
 measurement option: write
 nSamples: 1, time interval: 6.640048894e-08
 nAverages: 15060, time interval: 0.0009999913634
 total no. of sampling steps: 0
 total no. of averaging Steps: 0


Selecting field: dsmcVolFields

TimeData Statistics: 
 measurement option: write
 nSamples: 1, time interval: 6.640048894e-08
 nAverages: 15060, time interval: 0.0009999913634
 total no. of sampling steps: 0
 total no. of averaging Steps: 0


Selecting field: dsmcVolFields

TimeData Statistics: 
 measurement option: write
 nSamples: 1, time interval: 6.640048894e-08
 nAverages: 15060, time interval: 0.0009999913634
 total no. of sampling steps: 0
 total no. of averaging Steps: 0


Selecting field: dsmcVolFields

TimeData Statistics: 
 measurement option: write
 nSamples: 1, time interval: 6.640048894e-08
 nAverages: 15060, time interval: 0.0009999913634
 total no. of sampling steps: 0
 total no. of averaging Steps: 0


Selecting field: dsmcVolFields

TimeData Statistics: 
 measurement option: write
 nSamples: 1, time interval: 6.640048894e-08
 nAverages: 15060, time interval: 0.0009999913634
 total no. of sampling steps: 0
 total no. of averaging Steps: 0


Selecting field: dsmcVolFields

TimeData Statistics: 
 measurement option: write
 nSamples: 1, time interval: 6.640048894e-08
 nAverages: 15060, time interval: 0.0009999913634
 total no. of sampling steps: 0
 total no. of averaging Steps: 0


Selecting field: dsmcVolFields

TimeData Statistics: 
 measurement option: write
 nSamples: 1, time interval: 6.640048894e-08
 nAverages: 15060, time interval: 0.0009999913634
 total no. of sampling steps: 0
 total no. of averaging Steps: 0


Selecting field: dsmcVolFields

TimeData Statistics: 
 measurement option: write
 nSamples: 1, time interval: 6.640048894e-08
 nAverages: 15060, time interval: 0.0009999913634
 total no. of sampling steps: 0
 total no. of averaging Steps: 0


Selecting field: dsmcVolFields

TimeData Statistics: 
 measurement option: write
 nSamples: 1, time interval: 6.640048894e-08
 nAverages: 15060, time interval: 0.0009999913634
 total no. of sampling steps: 0
 total no. of averaging Steps: 0


Selecting field: dsmcVolFields

TimeData Statistics: 
 measurement option: write
 nSamples: 1, time interval: 6.640048894e-08
 nAverages: 15060, time interval: 0.0009999913634
 total no. of sampling steps: 0
 total no. of averaging Steps: 0


Selecting field: dsmcVolFields

TimeData Statistics: 
 measurement option: write
 nSamples: 1, time interval: 6.640048894e-08
 nAverages: 15060, time interval: 0.0009999913634
 total no. of sampling steps: 0
 total no. of averaging Steps: 0


Selecting field: dsmcVolFields

TimeData Statistics: 
 measurement option: write
 nSamples: 1, time interval: 6.640048894e-08
 nAverages: 15060, time interval: 0.0009999913634
 total no. of sampling steps: 0
 total no. of averaging Steps: 0


Selecting field: dsmcVolFields

TimeData Statistics: 
 measurement option: write
 nSamples: 1, time interval: 6.640048894e-08
 nAverages: 15060, time interval: 0.0009999913634
 total no. of sampling steps: 0
 total no. of averaging Steps: 0


Selecting field: dsmcVolFields

TimeData Statistics: 
 measurement option: write
 nSamples: 1, time interval: 6.640048894e-08
 nAverages: 15060, time interval: 0.0009999913634
 total no. of sampling steps: 0
 total no. of averaging Steps: 0


Selecting field: dsmcVolFields

TimeData Statistics: 
 measurement option: write
 nSamples: 1, time interval: 6.640048894e-08
 nAverages: 15060, time interval: 0.0009999913634
 total no. of sampling steps: 0
 total no. of averaging Steps: 0


Selecting field: dsmcVolFields

TimeData Statistics: 
 measurement option: write
 nSamples: 1, time interval: 6.640048894e-08
 nAverages: 15060, time interval: 0.0009999913634
 total no. of sampling steps: 0
 total no. of averaging Steps: 0


Selecting field: dsmcVolFields

TimeData Statistics: 
 measurement option: write
 nSamples: 1, time interval: 6.640048894e-08
 nAverages: 15060, time interval: 0.0009999913634
 total no. of sampling steps: 0
 total no. of averaging Steps: 0


Creating the boundary models: 

Selecting dsmcPatchBoundaryModel dsmcDeletionPatch
Selecting dsmcPatchBoundaryModel dsmcDeletionPatch
Selecting dsmcPatchBoundaryModel dsmcDiffuseWallPatch
Selecting dsmcGeneralBoundaryModel dsmcFreeStreamInflowPatch
Selecting BinaryCollisionModel LarsenBorgnakkeVariableHardSphere

Creating dsmcReactions

Selecting the reaction model dissociationQK
Selecting the reaction model dissociationExchangeQK
Selecting the reaction model dissociationQK
Selecting the reaction model dissociationQK
Selecting the reaction model dissociationQK
Selecting the reaction model dissociationQK
Selecting the reaction model dissociationQK
Selecting the reaction model dissociationExchangeQK
Selecting the reaction model dissociationQK
Creating the boundary models: 

Selecting dsmcPatchBoundaryModel dsmcDeletionPatch
Selecting the reaction model dissociationExchangeQK
Selecting the reaction model dissociationExchangeQK
Selecting dsmcPatchBoundaryModel dsmcDeletionPatch
Selecting dsmcPatchBoundaryModel dsmcDiffuseWallPatch
Selecting dsmcGeneralBoundaryModel dsmcFreeStreamInflowPatch
Selecting the reaction model dissociationQK
Number of reactions created: 12
Selecting BinaryCollisionModel LarsenBorgnakkeVariableHardSphere

Creating dsmcReactions

Selecting the reaction model dissociationQK
Selecting the reaction model dissociationExchangeQK
Selecting the reaction model dissociationQK
Selecting the reaction model dissociationQK
Selecting the reaction model dissociationQK
Selecting the reaction model dissociationQK
Selecting the reaction model dissociationQK
Selecting the reaction model dissociationExchangeQK
Selecting the reaction model dissociationQK
Selecting the reaction model dissociationExchangeQK
Selecting the reaction model dissociationExchangeQK
Selecting the reaction model dissociationQK
Number of reactions created: 12
Creating the boundary models: 

Selecting dsmcPatchBoundaryModel dsmcDeletionPatch
Selecting dsmcPatchBoundaryModel dsmcDeletionPatch
Selecting dsmcPatchBoundaryModel dsmcDiffuseWallPatch
Selecting dsmcGeneralBoundaryModel dsmcFreeStreamInflowPatch
Creating the boundary models: 

Selecting dsmcPatchBoundaryModel dsmcDeletionPatch
Selecting dsmcPatchBoundaryModel dsmcDeletionPatch
Selecting dsmcPatchBoundaryModel dsmcDiffuseWallPatch
Selecting dsmcGeneralBoundaryModel dsmcFreeStreamInflowPatch
Selecting BinaryCollisionModel LarsenBorgnakkeVariableHardSphere

Creating dsmcReactions

Selecting the reaction model dissociationQK
Selecting the reaction model dissociationExchangeQK
Selecting the reaction model dissociationQK
Selecting the reaction model dissociationQK
Selecting the reaction model dissociationQK
Selecting the reaction model dissociationQK
Selecting the reaction model dissociationQK
Selecting the reaction model dissociationExchangeQK
Selecting the reaction model dissociationQK
Selecting the reaction model dissociationExchangeQK
Selecting the reaction model dissociationExchangeQK
Selecting the reaction model dissociationQK
Number of reactions created: 12
Selecting BinaryCollisionModel LarsenBorgnakkeVariableHardSphere

Creating dsmcReactions

Selecting the reaction model dissociationQK
Selecting the reaction model dissociationExchangeQK
Selecting the reaction model dissociationQK
Selecting the reaction model dissociationQK
Selecting the reaction model dissociationQK
Selecting the reaction model dissociationQK
Selecting the reaction model dissociationQK
Selecting the reaction model dissociationExchangeQK
Selecting the reaction model dissociationQK
Selecting the reaction model dissociationExchangeQK
Selecting the reaction model dissociationExchangeQK
Selecting the reaction model dissociationQK
Number of reactions created: 12

Constructing constant properties for
	N2
	O2
	NO
	N
	O

Constructing constant properties for
	N2
	O2
	NO
	N
	O

Constructing constant properties for
	N2
	O2
	NO
	N
	O
Selecting collisionPartnerSelectionModel noTimeCounter
Collision profile: collisionReduceOnlyOnOutput defaulted to true for replicatedMesh run
Collision profile: collisionOutputGlobalReduce defaulted to false for replicatedMesh run

Initialising the measurement fields

Initialising dsmcVolFields field
Initialising dsmcVolFields field

Constructing constant properties for
	N2
	O2
	NO
	N
	O
Initialising dsmcVolFields field
Initialising dsmcVolFields field
Initialising dsmcVolFields field
Initialising dsmcVolFields field
Selecting collisionPartnerSelectionModel noTimeCounter
Collision profile: collisionReduceOnlyOnOutput defaulted to true for replicatedMesh run
Collision profile: collisionOutputGlobalReduce defaulted to false for replicatedMesh run

Initialising the measurement fields

Initialising dsmcVolFields field
Initialising dsmcVolFields field
Initialising dsmcVolFields field
Initialising dsmcVolFields field
Initialising dsmcVolFields field
Initialising dsmcVolFields field
Selecting collisionPartnerSelectionModel noTimeCounter
Collision profile: collisionReduceOnlyOnOutput defaulted to true for replicatedMesh run
Collision profile: collisionOutputGlobalReduce defaulted to false for replicatedMesh run

Initialising the measurement fields

Initialising dsmcVolFields field
Initialising dsmcVolFields field
Initialising dsmcVolFields field
Initialising dsmcVolFields field
Initialising dsmcVolFields field
Initialising dsmcVolFields field
Selecting collisionPartnerSelectionModel noTimeCounter
Collision profile: collisionReduceOnlyOnOutput defaulted to true for replicatedMesh run
Collision profile: collisionOutputGlobalReduce defaulted to false for replicatedMesh run

Initialising the measurement fields

Initialising dsmcVolFields field
Initialising dsmcVolFields field
Initialising dsmcVolFields field
Initialising dsmcVolFields field
Initialising dsmcVolFields field
Initialising dsmcVolFields field
Replicated mesh: METIS decomposition complete, 60000 cells -> 4 ranks
Replicated mesh: rank 0 owns 15022 / 60000 cells
Local mesh: 15022 owned + 492 halo = 15514 / 60000 cells
Replicated mesh: flatTransfer=1 found=1
Replicated mesh: flat POD transfer enabled
Replicated mesh: gatherCandidates=0
Replicated mesh: overlapSizeExchange=0
Replicated mesh: writeMode=processor
Phase C auto DLB: enabled (ParMETIS AdaptiveRepart), imbalanceThreshold=1.5, dlbSteps=50, sarSteps=50, triggerMode=legacyWindow, minGapSteps=50, checkCollective=allgather, particleGate=0, particleGateThreshold=1.5, skipPostDiag=0, adaptiveAlpha=0
Replicated mesh: initialized with 4 MPI ranks, migrate interval 1

Starting time loop

Replicated mesh: initial particle distribution

Replicated mesh: rank 0 kept 201681 parcels, deleted 1105064 non-owned parcels
Time = 6.640048894e-07

    Collision global reduction skipped (rank 0 local diagnostics)
    Collisions                      = 8024
    Collision candidates           = 12400
    Collision acceptance rate      = 0.6470967742

    Number of DSMC particles        = 1330310
    Number of stuck particles       = 0
    Number of free particles        = 1330310
    Average linear kinetic energy   = 1.893481071e-19
    Average rotational energy       = 1.330688008e-21
    Average vibrational energy      = 7.024106562e-26
    Average electronic energy       = 0
    Total energy                    = 0.001521972008

Stage 1.0  ExecutionTime = 7.39 s  ClockTime = 7 s  Iteration 10 (0.35 s)

Time = 1.328009779e-06

    Collision global reduction skipped (rank 0 local diagnostics)
    Collisions                      = 16296
    Collision candidates           = 27936
    Collision acceptance rate      = 0.5833333333

    Number of DSMC particles        = 1353920
    Number of stuck particles       = 0
    Number of free particles        = 1353920
    Average linear kinetic energy   = 1.866040377e-19
    Average rotational energy       = 1.559421268e-21
    Average vibrational energy      = 2.070485524e-25
    Average electronic energy       = 0
    Total energy                    = 0.001528551304

Stage 1.0  ExecutionTime = 10.8 s  ClockTime = 8 s  Iteration 20 (0.38 s)

Time = 1.992014668e-06

    Collision global reduction skipped (rank 0 local diagnostics)
    Collisions                      = 25518
    Collision candidates           = 46146
    Collision acceptance rate      = 0.5529840073

    Number of DSMC particles        = 1377425
    Number of stuck particles       = 0
    Number of free particles        = 1377425
    Average linear kinetic energy   = 1.841355349e-19
    Average rotational energy       = 1.882609444e-21
    Average vibrational energy      = 2.484804145e-25
    Average electronic energy       = 0
    Total energy                    = 0.001537358308

Stage 1.0  ExecutionTime = 14.09 s  ClockTime = 10 s  Iteration 30 (0.36 s)

Time = 2.656019558e-06

    Collision global reduction skipped (rank 0 local diagnostics)
    Collisions                      = 35131
    Collision candidates           = 64691
    Collision acceptance rate      = 0.5430585398

    Number of DSMC particles        = 1400933
    Number of stuck particles       = 0
    Number of free particles        = 1400933
    Average linear kinetic energy   = 1.819271223e-19
    Average rotational energy       = 2.274479192e-21
    Average vibrational energy      = 2.445670878e-25
    Average electronic energy       = 0
    Total energy                    = 0.001548326669

Stage 1.0  ExecutionTime = 17.33 s  ClockTime = 12 s  Iteration 40 (0.34 s)

Time = 3.320024447e-06

    Collision global reduction skipped (rank 0 local diagnostics)
    Collisions                      = 44469
    Collision candidates           = 83501
    Collision acceptance rate      = 0.5325564963

    Number of DSMC particles        = 1424385
    Number of stuck particles       = 0
    Number of free particles        = 1424385
    Average linear kinetic energy   = 1.799019925e-19
    Average rotational energy       = 2.714033005e-21
    Average vibrational energy      = 5.135036879e-25
    Average electronic energy       = 0
    Total energy                    = 0.001560697553

Stage 1.0  ExecutionTime = 20.63 s  ClockTime = 14 s  Iteration 50 (0.37 s)

Time = 3.984029336e-06

    Collision global reduction skipped (rank 0 local diagnostics)
    Collisions                      = 52953
    Collision candidates           = 101635
    Collision acceptance rate      = 0.5210114626

    Number of DSMC particles        = 1447648
    Number of stuck particles       = 0
    Number of free particles        = 1447648
    Average linear kinetic energy   = 1.780164788e-19
    Average rotational energy       = 3.198836032e-21
    Average vibrational energy      = 6.556153357e-25
    Average electronic energy       = 0
    Total energy                    = 0.001574021623

Stage 1.0  ExecutionTime = 24.05 s  ClockTime = 16 s  Iteration 60 (0.42 s)

Time = 4.648034226e-06

    Collision global reduction skipped (rank 0 local diagnostics)
    Collisions                      = 61613
    Collision candidates           = 118745
    Collision acceptance rate      = 0.5188681629

    Number of DSMC particles        = 1471251
    Number of stuck particles       = 0
    Number of free particles        = 1471251
    Average linear kinetic energy   = 1.762829151e-19
    Average rotational energy       = 3.705947244e-21
    Average vibrational energy      = 7.925605967e-25
    Average electronic energy       = 0
    Total energy                    = 0.001588859758

Stage 1.0  ExecutionTime = 27.77 s  ClockTime = 18 s  Iteration 70 (0.45 s)

Time = 5.312039115e-06

    Collision global reduction skipped (rank 0 local diagnostics)
    Collisions                      = 70122
    Collision candidates           = 136083
    Collision acceptance rate      = 0.5152884637

    Number of DSMC particles        = 1494387
    Number of stuck particles       = 0
    Number of free particles        = 1494387
    Average linear kinetic energy   = 1.746649893e-19
    Average rotational energy       = 4.209875504e-21
    Average vibrational energy      = 1.10299595e-24
    Average electronic energy       = 0
    Total energy                    = 0.001603859525

Stage 1.0  ExecutionTime = 31.47 s  ClockTime = 20 s  Iteration 80 (0.44 s)

Time = 5.976044005e-06

    Collision global reduction skipped (rank 0 local diagnostics)
    Collisions                      = 77356
    Collision candidates           = 152171
    Collision acceptance rate      = 0.5083491598

    Number of DSMC particles        = 1517888
    Number of stuck particles       = 0
    Number of free particles        = 1517888
    Average linear kinetic energy   = 1.731469562e-19
    Average rotational energy       = 4.724156035e-21
    Average vibrational energy      = 1.619445488e-24
    Average electronic energy       = 0
    Total energy                    = 0.00161994531

Stage 1.0  ExecutionTime = 35.28 s  ClockTime = 22 s  Iteration 90 (0.44 s)

Time = 6.640048894e-06

    Collision global reduction skipped (rank 0 local diagnostics)
    Collisions                      = 85076
    Collision candidates           = 167656
    Collision acceptance rate      = 0.5074438135

    Number of DSMC particles        = 1540860
    Number of stuck particles       = 0
    Number of free particles        = 1540860
    Average linear kinetic energy   = 1.717159297e-19
    Average rotational energy       = 5.226453781e-21
    Average vibrational energy      = 1.918498324e-24
    Average electronic energy       = 0
    Total energy                    = 0.001635878383

Stage 1.0  ExecutionTime = 39.15 s  ClockTime = 24 s  Iteration 100 (0.5 s)

Time = 7.304053783e-06

    Collision global reduction skipped (rank 0 local diagnostics)
    Collisions                      = 92006
    Collision candidates           = 181731
    Collision acceptance rate      = 0.5062757592

    Number of DSMC particles        = 1563726
    Number of stuck particles       = 0
    Number of free particles        = 1563726
    Average linear kinetic energy   = 1.703605518e-19
    Average rotational energy       = 5.73732043e-21
    Average vibrational energy      = 2.458243667e-24
    Average electronic energy       = 0
    Total energy                    = 0.001652235992

Stage 1.0  ExecutionTime = 43.24 s  ClockTime = 26 s  Iteration 110 (0.51 s)

Time = 7.968058673e-06

    Collision global reduction skipped (rank 0 local diagnostics)
    Collisions                      = 98557
    Collision candidates           = 195946
    Collision acceptance rate      = 0.502980413

    Number of DSMC particles        = 1586553
    Number of stuck particles       = 0
    Number of free particles        = 1586553
    Average linear kinetic energy   = 1.690904932e-19
    Average rotational energy       = 6.248374555e-21
    Average vibrational energy      = 2.942561585e-24
    Average electronic energy       = 0
    Total energy                    = 0.001669134451

Stage 1.0  ExecutionTime = 47.49 s  ClockTime = 28 s  Iteration 120 (0.51 s)

Time = 8.632063562e-06

    Collision global reduction skipped (rank 0 local diagnostics)
    Collisions                      = 105133
    Collision candidates           = 208873
    Collision acceptance rate      = 0.5033345622

    Number of DSMC particles        = 1609143
    Number of stuck particles       = 0
    Number of free particles        = 1609143
    Average linear kinetic energy   = 1.678726998e-19
    Average rotational energy       = 6.751780615e-21
    Average vibrational energy      = 3.317083648e-24
    Average electronic energy       = 0
    Total energy                    = 0.001686006588

Stage 1.0  ExecutionTime = 51.88 s  ClockTime = 31 s  Iteration 130 (0.55 s)

Time = 9.296068452e-06

    Collision global reduction skipped (rank 0 local diagnostics)
    Collisions                      = 110819
    Collision candidates           = 221351
    Collision acceptance rate      = 0.5006482916

    Number of DSMC particles        = 1631640
    Number of stuck particles       = 0
    Number of free particles        = 1631640
    Average linear kinetic energy   = 1.667419909e-19
    Average rotational energy       = 7.219850533e-21
    Average vibrational energy      = 3.805418466e-24
    Average electronic energy       = 0
    Total energy                    = 0.001703095849

Stage 1.0  ExecutionTime = 56.44 s  ClockTime = 31 s  Iteration 140 (0.55 s)

Time = 9.960073341e-06

    Collision global reduction skipped (rank 0 local diagnostics)
    Collisions                      = 116295
    Collision candidates           = 234212
    Collision acceptance rate      = 0.4965373252


Phase C auto DLB triggered (SAR) at step 150: sar=0.3371837028 loadImbalance=1.177582395 threshold=1.5 particleMaxMin=1
Phase C ParMETIS weights: particles=1653737 activeCells=60000 maxCellParticles=326
Phase C ParMETIS: alpha=1 ncon=1 ubvec=[1.049999952] moveRatio=0.751824641 (moveT=18.27963769s, collT=6.034060871s)
Phase C ParMETIS: AdaptiveRepart (60000 cells, 1 constraints, ubvec=1.049999952)
Replicated mesh: rank 0 owns 19054 / 60000 cells
Local mesh: 19054 owned + 547 halo = 19601 / 60000 cells
Phase C ParMETIS AdaptiveRepart: 57847 / 60000 cells changed (0.9641166667)
Phase C auto DLB complete: rebalance #1

    Number of DSMC particles        = 1653737
    Number of stuck particles       = 0
    Number of free particles        = 1653737
    Average linear kinetic energy   = 1.656306118e-19
    Average rotational energy       = 7.70976121e-21
    Average vibrational energy      = 4.582641917e-24
    Average electronic energy       = 0
    Total energy                    = 0.001720001801

Stage 1.0  ExecutionTime = 61.95 s  ClockTime = 34 s  Iteration 150 (1.12 s)

Time = 1.062407823e-05

    Collision global reduction skipped (rank 0 local diagnostics)
    Collisions                      = 6031
    Collision candidates           = 7246
    Collision acceptance rate      = 0.8323212807

    Number of DSMC particles        = 1675914
    Number of stuck particles       = 0
    Number of free particles        = 1675914
    Average linear kinetic energy   = 1.646410755e-19
    Average rotational energy       = 8.075168696e-21
    Average vibrational energy      = 4.994749431e-24
    Average electronic energy       = 0
    Total energy                    = 0.001736795655

Stage 1.0  ExecutionTime = 66.13 s  ClockTime = 36 s  Iteration 160 (0.62 s)

Time = 1.128808312e-05

    Collision global reduction skipped (rank 0 local diagnostics)
    Collisions                      = 6362
    Collision candidates           = 8257
    Collision acceptance rate      = 0.7704977595

    Number of DSMC particles        = 1697575
    Number of stuck particles       = 0
    Number of free particles        = 1697575
    Average linear kinetic energy   = 1.635918454e-19
    Average rotational energy       = 8.56672437e-21
    Average vibrational energy      = 5.892500256e-24
    Average electronic energy       = 0
    Total energy                    = 0.001753572522

Stage 1.0  ExecutionTime = 70.59 s  ClockTime = 39 s  Iteration 170 (0.59 s)

Time = 1.195208801e-05

    Collision global reduction skipped (rank 0 local diagnostics)
    Collisions                      = 6375
    Collision candidates           = 8665
    Collision acceptance rate      = 0.7357184074

    Number of DSMC particles        = 1719130
    Number of stuck particles       = 0
    Number of free particles        = 1719130
    Average linear kinetic energy   = 1.626224064e-19
    Average rotational energy       = 9.041121614e-21
    Average vibrational energy      = 7.148527737e-24
    Average electronic energy       = 0
    Total energy                    = 0.001770745261

Stage 1.0  ExecutionTime = 75.22 s  ClockTime = 41 s  Iteration 180 (0.73 s)

Time = 1.26160929e-05

    Collision global reduction skipped (rank 0 local diagnostics)
    Collisions                      = 6325
    Collision candidates           = 8920
    Collision acceptance rate      = 0.7090807175

    Number of DSMC particles        = 1740427
    Number of stuck particles       = 0
    Number of free particles        = 1740427
    Average linear kinetic energy   = 1.616553454e-19
    Average rotational energy       = 9.506618038e-21
    Average vibrational energy      = 8.053584752e-24
    Average electronic energy       = 0
    Total energy                    = 0.001787453516

Stage 1.0  ExecutionTime = 80.03 s  ClockTime = 44 s  Iteration 190 (0.66 s)

Time = 1.328009779e-05

    Collision global reduction skipped (rank 0 local diagnostics)
    Collisions                      = 6440
    Collision candidates           = 9206
    Collision acceptance rate      = 0.6995437758

    Number of DSMC particles        = 1761591
    Number of stuck particles       = 0
    Number of free particles        = 1761591
    Average linear kinetic energy   = 1.607561604e-19
    Average rotational energy       = 9.942135728e-21
    Average vibrational energy      = 8.821995725e-24
    Average electronic energy       = 0
    Total energy                    = 0.001804296738

Stage 1.0  ExecutionTime = 85.29 s  ClockTime = 47 s  Iteration 200 (0.73 s)

Time = 1.394410268e-05

    Collision global reduction skipped (rank 0 local diagnostics)
    Collisions                      = 6606
    Collision candidates           = 9471
    Collision acceptance rate      = 0.6974976243

    Number of DSMC particles        = 1782241
    Number of stuck particles       = 0
    Number of free particles        = 1782241
    Average linear kinetic energy   = 1.598975715e-19
    Average rotational energy       = 1.037161236e-20
    Average vibrational energy      = 1.010705201e-23
    Average electronic energy       = 0
    Total energy                    = 0.001820872402

Stage 1.0  ExecutionTime = 90.47 s  ClockTime = 49 s  Iteration 210 (0.73 s)

Time = 1.460810757e-05

    Collision global reduction skipped (rank 0 local diagnostics)
    Collisions                      = 6458
    Collision candidates           = 9482
    Collision acceptance rate      = 0.6810799409

    Number of DSMC particles        = 1802320
    Number of stuck particles       = 0
    Number of free particles        = 1802320
    Average linear kinetic energy   = 1.590620142e-19
    Average rotational energy       = 1.07972236e-20
    Average vibrational energy      = 1.087343841e-23
    Average electronic energy       = 0
    Total energy                    = 0.001836961793

Stage 1.0  ExecutionTime = 96.13 s  ClockTime = 52 s  Iteration 220 (0.8 s)

Time = 1.527211246e-05

    Collision global reduction skipped (rank 0 local diagnostics)
    Collisions                      = 6540
    Collision candidates           = 9775
    Collision acceptance rate      = 0.6690537084

    Number of DSMC particles        = 1822420
    Number of stuck particles       = 0
    Number of free particles        = 1822420
    Average linear kinetic energy   = 1.582725283e-19
    Average rotational energy       = 1.119940277e-20
    Average vibrational energy      = 1.205931963e-23
    Average electronic energy       = 0
    Total energy                    = 0.001853226082

Stage 1.0  ExecutionTime = 102.07 s  ClockTime = 56 s  Iteration 230 (0.82 s)

Time = 1.593611735e-05

    Collision global reduction skipped (rank 0 local diagnostics)
    Collisions                      = 6437
    Collision candidates           = 9874
    Collision acceptance rate      = 0.6519141179

    Number of DSMC particles        = 1842486
    Number of stuck particles       = 0
    Number of free particles        = 1842486
    Average linear kinetic energy   = 1.574845114e-19
    Average rotational energy       = 1.160602678e-20
    Average vibrational energy      = 1.301787872e-23
    Average electronic energy       = 0
    Total energy                    = 0.001869425607

Stage 1.0  ExecutionTime = 107.91 s  ClockTime = 59 s  Iteration 240 (0.83 s)

Time = 1.660012224e-05

    Collision global reduction skipped (rank 0 local diagnostics)
    Collisions                      = 6457
    Collision candidates           = 9888
    Collision acceptance rate      = 0.653013754


Phase C auto DLB triggered (SAR) at step 250: sar=0.7979913155 loadImbalance=1.320784689 threshold=1.5 particleMaxMin=1
Phase C ParMETIS weights: particles=1862121 activeCells=60000 maxCellParticles=361
Phase C ParMETIS: alpha=1 ncon=1 ubvec=[1.049999952] moveRatio=0.8384428799 (moveT=35.84000452s, collT=6.905906238s)
Phase C ParMETIS: AdaptiveRepart (60000 cells, 1 constraints, ubvec=1.049999952)
Replicated mesh: rank 0 owns 14596 / 60000 cells
Local mesh: 14596 owned + 563 halo = 15159 / 60000 cells
Phase C ParMETIS AdaptiveRepart: 56967 / 60000 cells changed (0.94945)
Phase C auto DLB complete: rebalance #2

    Number of DSMC particles        = 1862121
    Number of stuck particles       = 0
    Number of free particles        = 1862121
    Average linear kinetic energy   = 1.567465957e-19
    Average rotational energy       = 1.19789008e-20
    Average vibrational energy      = 1.423491114e-23
    Average electronic energy       = 0
    Total energy                    = 0.001885282785

Stage 1.0  ExecutionTime = 114.56 s  ClockTime = 60 s  Iteration 250 (1.31 s)

Time = 1.726412712e-05

    Collision global reduction skipped (rank 0 local diagnostics)
    Collisions                      = 7610
    Collision candidates           = 9715
    Collision acceptance rate      = 0.7833247555

    Number of DSMC particles        = 1881689
    Number of stuck particles       = 0
    Number of free particles        = 1881689
    Average linear kinetic energy   = 1.560556978e-19
    Average rotational energy       = 1.228039057e-20
    Average vibrational energy      = 1.531084279e-23
    Average electronic energy       = 0
    Total energy                    = 0.001900709856

Stage 1.0  ExecutionTime = 119.37 s  ClockTime = 63 s  Iteration 260 (0.66 s)

Time = 1.792813201e-05

    Collision global reduction skipped (rank 0 local diagnostics)
    Collisions                      = 7915
    Collision candidates           = 10801
    Collision acceptance rate      = 0.7328025183

    Number of DSMC particles        = 1901041
    Number of stuck particles       = 0
    Number of free particles        = 1901041
    Average linear kinetic energy   = 1.553066281e-19
    Average rotational energy       = 1.268029822e-20
    Average vibrational energy      = 1.737290131e-23
    Average electronic energy       = 0
    Total energy                    = 0.001916298366

Stage 1.0  ExecutionTime = 124.34 s  ClockTime = 65 s  Iteration 270 (0.68 s)

Time = 1.85921369e-05

    Collision global reduction skipped (rank 0 local diagnostics)
    Collisions                      = 7893
    Collision candidates           = 11203
    Collision acceptance rate      = 0.7045434259

    Number of DSMC particles        = 1920221
    Number of stuck particles       = 0
    Number of free particles        = 1920221
    Average linear kinetic energy   = 1.545606122e-19
    Average rotational energy       = 1.306514092e-20
    Average vibrational energy      = 1.825148002e-23
    Average electronic energy       = 0
    Total energy                    = 0.001931481229

Stage 1.0  ExecutionTime = 129.91 s  ClockTime = 68 s  Iteration 280 (0.72 s)

Time = 1.925614179e-05

    Collision global reduction skipped (rank 0 local diagnostics)
    Collisions                      = 8002
    Collision candidates           = 11555
    Collision acceptance rate      = 0.6925140632

    Number of DSMC particles        = 1939136
    Number of stuck particles       = 0
    Number of free particles        = 1939136
    Average linear kinetic energy   = 1.538652288e-19
    Average rotational energy       = 1.342748177e-20
    Average vibrational energy      = 1.882690759e-23
    Average electronic energy       = 0
    Total energy                    = 0.001946638953

Stage 1.0  ExecutionTime = 135.25 s  ClockTime = 71 s  Iteration 290 (0.75 s)

Time = 1.992014668e-05

    Collision global reduction skipped (rank 0 local diagnostics)
    Collisions                      = 7932
    Collision candidates           = 11713
    Collision acceptance rate      = 0.6771962776

    Number of DSMC particles        = 1957618
    Number of stuck particles       = 0
    Number of free particles        = 1957618
    Average linear kinetic energy   = 1.532320476e-19
    Average rotational energy       = 1.374165107e-20
    Average vibrational energy      = 2.002407908e-23
    Average electronic energy       = 0
    Total energy                    = 0.001961459506

Stage 1.0  ExecutionTime = 141.31 s  ClockTime = 75 s  Iteration 300 (1.01 s)

End stage 1


DSMC solver profile summary
    solver profile steps          = 300
    move+collide wall [s]         = 72.70172788
    move only [s]                 = 50.47179903
    buildCellOccupancy [s]        = 3.783466216
    collision phase [s]           = 10.16495652
    post fields/output [s]        = 0.269471949
    total profiled [s]            = 64.68969372
    full evolve wall [s]          = 72.95704877
    move+collide cpu [s]          = 133.75
    move only cpu [s]             = 93.02
    buildCellOccupancy cpu [s]    = 6.39
    collision phase cpu [s]       = 18.95
    post fields/output cpu [s]    = 0.55
    total profiled cpu [s]        = 118.91
    full evolve cpu [s]           = 134.13
    collision localLoop max [s] = 10.14265336
    collision reduce max [s]    = 0
    collision sigmaBC max [s]   = 0.025630181
    collision total max [s]     = 10.16379271
    collision accounted max [s] = 10.16317987
    collision residual max [s]  = 0.000688096
    collision subphase max sum [s] = 10.16828354
    collision cumulative global collisions = 42556760
    collision cumulative global candidates  = 77509178
    collision cumulative acceptance        = 0.5490544617
    OpenMP enabled                = 1
    OpenMP max threads            = 2
    OpenMP move                   = 1 (static, chunk 64)
    OpenMP collision              = dynamic, chunk 8


Replicated mesh profiling summary:
    migration calls             = 303
    migration wall time [s]     = 17.42757121
    local particles (final)     = 473595
    migration wall max [s]      = 26.08465073
    migration pack max [s]      = 3.463869395
    migration local prep max [s]= 0.484939238
    migration size exchange max [s] = 21.2621019
    migration request post max [s] = 0.355398009
    migration wait max [s]      = 0.438434666
    migration deserialize max [s] = 0.641740595
    migration post max [s]      = 0.135321525
    migration candidate gather max [s] = 6.047e-05
    migration accounted max [s] = 26.08465073
    migration residual max [s]  = 1.776356839e-15
    updateParticleCounts max [s]= 0.488531671
    migration subphase max sum [s] = 26.7818658
    particles per rank          = min 473595 max 508701 max/min 1.074126627
    rank wall time (evolve, 300 steps): min 131.12 max 132.29 max/min 1.008923124
    Phase C auto DLB checks      = 300
    Phase C auto DLB rebalances = 2
    Phase C auto DLB triggered checks = 2
    Phase C auto DLB wall max [s]= 1.102738815
    Phase C auto DLB check max [s]= 0.272653397
    Phase C ParMETIS max [s]     = 0.211732187
    Phase C migration max [s]    = 0.708194761
    Phase C cellOwner write max [s] = 0
    Phase C post-diagnostic max [s] = 0.00016563
    Phase C auto DLB accounted max [s] = 1.192745975
    Phase C auto DLB residual max [s] = -0.09000716

Total Iterations = 300
End main

real 74.94
user 542.45
sys 25.38
