/*---------------------------------------------------------------------------*\
| =========                 |                                                 |
| \\      /  F ield         | OpenFOAM: The Open Source CFD Toolbox           |
|  \\    /   O peration     | Version:  v1706                                 |
|   \\  /    A nd           | Web:      www.OpenFOAM.com                      |
|    \\/     M anipulation  |                                                 |
\*---------------------------------------------------------------------------*/
Build  : v1706
Arch   : "LSB;label=32;scalar=64"
Exec   : dsmcFoam+
Date   : Jun 12 2026
Time   : 23:34:51
Host   : "SuperXCX-ROG"
PID    : 1186026
/*---------------------------------------------------------------------------*\
| =========                 |                                                 |
| \\      /  F ield         | OpenFOAM: The Open Source CFD Toolbox           |
|  \\    /   O peration     | Version:  v1706                                 |
|   \\  /    A nd           | Web:      www.OpenFOAM.com                      |
|    \\/     M anipulation  |                                                 |
\*---------------------------------------------------------------------------*/
Build  : v1706
Arch   : "LSB;label=32;scalar=64"
Exec   : dsmcFoam+
Date   : Jun 12 2026
Time   : 23:34:51
Host   : "SuperXCX-ROG"
PID    : 1186027
/*---------------------------------------------------------------------------*\
| =========                 |                                                 |
| \\      /  F ield         | OpenFOAM: The Open Source CFD Toolbox           |
|  \\    /   O peration     | Version:  v1706                                 |
|   \\  /    A nd           | Web:      www.OpenFOAM.com                      |
|    \\/     M anipulation  |                                                 |
\*---------------------------------------------------------------------------*/
Build  : v1706
Arch   : "LSB;label=32;scalar=64"
Exec   : dsmcFoam+
Date   : Jun 12 2026
Time   : 23:34:51
Host   : "SuperXCX-ROG"
PID    : 1186029
/*---------------------------------------------------------------------------*\
| =========                 |                                                 |
| \\      /  F ield         | OpenFOAM: The Open Source CFD Toolbox           |
|  \\    /   O peration     | Version:  v1706                                 |
|   \\  /    A nd           | Web:      www.OpenFOAM.com                      |
|    \\/     M anipulation  |                                                 |
\*---------------------------------------------------------------------------*/
Build  : v1706
Arch   : "LSB;label=32;scalar=64"
Exec   : dsmcFoam+
Date   : Jun 12 2026
Time   : 23:34:51
Host   : "SuperXCX-ROG"
PID    : 1186030
/*---------------------------------------------------------------------------*\
| =========                 |                                                 |
| \\      /  F ield         | OpenFOAM: The Open Source CFD Toolbox           |
|  \\    /   O peration     | Version:  v1706                                 |
|   \\  /    A nd           | Web:      www.OpenFOAM.com                      |
|    \\/     M anipulation  |                                                 |
\*---------------------------------------------------------------------------*/
Build  : v1706
Arch   : "LSB;label=32;scalar=64"
Exec   : dsmcFoam+
Date   : Jun 12 2026
Time   : 23:34:51
Host   : "SuperXCX-ROG"
PID    : 1186031
Case   : /home/superxcx/code/OpenFoam/OF-1706/hyStrath_dlb/run/hyStrath/dsmcFoam+/xcx_test/pal-phd-3.3.1-cylinder-react/timecompare/ourmesh/mpi8replicatedmesh
nProcs : 1
/*---------------------------------------------------------------------------*\
| =========                 |                                                 |
| \\      /  F ield         | OpenFOAM: The Open Source CFD Toolbox           |
|  \\    /   O peration     | Version:  v1706                                 |
|   \\  /    A nd           | Web:      www.OpenFOAM.com                      |
|    \\/     M anipulation  |                                                 |
\*---------------------------------------------------------------------------*/
Build  : v1706
Arch   : "LSB;label=32;scalar=64"
Exec   : dsmcFoam+
Date   : Jun 12 2026
Time   : 23:34:51
Host   : "SuperXCX-ROG"
PID    : 1186032
Case   : /home/superxcx/code/OpenFoam/OF-1706/hyStrath_dlb/run/hyStrath/dsmcFoam+/xcx_test/pal-phd-3.3.1-cylinder-react/timecompare/ourmesh/mpi8replicatedmesh
nProcs : 1
sigFpe : Enabling floating point exception trapping (FOAM_SIGFPE).
fileModificationChecking : Monitoring run-time modified files using timeStampMaster (fileModificationSkew 10)
allowSystemOperations : Allowing user-supplied system call operations

/*---------------------------------------------------------------------------*\
| =========                 |                                                 |
| \\      /  F ield         | OpenFOAM: The Open Source CFD Toolbox           |
|  \\    /   O peration     | Version:  v1706                                 |
|   \\  /    A nd           | Web:      www.OpenFOAM.com                      |
|    \\/     M anipulation  |                                                 |
\*---------------------------------------------------------------------------*/
Build  : v1706
Arch   : "LSB;label=32;scalar=64"
Exec   : dsmcFoam+
Date   : Jun 12 2026
Time   : 23:34:51
Host   : "SuperXCX-ROG"
PID    : 1186033
Case   : /home/superxcx/code/OpenFoam/OF-1706/hyStrath_dlb/run/hyStrath/dsmcFoam+/xcx_test/pal-phd-3.3.1-cylinder-react/timecompare/ourmesh/mpi8replicatedmesh
nProcs : 1
sigFpe : Enabling floating point exception trapping (FOAM_SIGFPE).
fileModificationChecking : Monitoring run-time modified files using timeStampMaster (fileModificationSkew 10)
allowSystemOperations : Allowing user-supplied system call operations

Case   : /home/superxcx/code/OpenFoam/OF-1706/hyStrath_dlb/run/hyStrath/dsmcFoam+/xcx_test/pal-phd-3.3.1-cylinder-react/timecompare/ourmesh/mpi8replicatedmesh
nProcs : 1
sigFpe : Enabling floating point exception trapping (FOAM_SIGFPE).
Case   : /home/superxcx/code/OpenFoam/OF-1706/hyStrath_dlb/run/hyStrath/dsmcFoam+/xcx_test/pal-phd-3.3.1-cylinder-react/timecompare/ourmesh/mpi8replicatedmesh
nProcs : 1
/*---------------------------------------------------------------------------*\
| =========                 |                                                 |
| \\      /  F ield         | OpenFOAM: The Open Source CFD Toolbox           |
|  \\    /   O peration     | Version:  v1706                                 |
|   \\  /    A nd           | Web:      www.OpenFOAM.com                      |
|    \\/     M anipulation  |                                                 |
\*---------------------------------------------------------------------------*/
Build  : v1706
Arch   : "LSB;label=32;scalar=64"
Exec   : dsmcFoam+
Date   : Jun 12 2026
Time   : 23:34:51
Host   : "SuperXCX-ROG"
PID    : 1186028
Case   : /home/superxcx/code/OpenFoam/OF-1706/hyStrath_dlb/run/hyStrath/dsmcFoam+/xcx_test/pal-phd-3.3.1-cylinder-react/timecompare/ourmesh/mpi8replicatedmesh
nProcs : 1
sigFpe : Enabling floating point exception trapping (FOAM_SIGFPE).
sigFpe : Enabling floating point exception trapping (FOAM_SIGFPE).
fileModificationChecking : Monitoring run-time modified files using timeStampMaster (fileModificationSkew 10)
allowSystemOperations : Allowing user-supplied system call operations

fileModificationChecking : Monitoring run-time modified files using timeStampMaster (fileModificationSkew 10)
allowSystemOperations : Allowing user-supplied system call operations

// * * * * * * * * * * * * * * * * * * * * * * * * * * * * * * * * * * * * * //
Create time

// * * * * * * * * * * * * * * * * * * * * * * * * * * * * * * * * * * * * * //
Create time

fileModificationChecking : Monitoring run-time modified files using timeStampMaster (fileModificationSkew 10)
allowSystemOperations : Allowing user-supplied system call operations

sigFpe : Enabling floating point exception trapping (FOAM_SIGFPE).
Case   : /home/superxcx/code/OpenFoam/OF-1706/hyStrath_dlb/run/hyStrath/dsmcFoam+/xcx_test/pal-phd-3.3.1-cylinder-react/timecompare/ourmesh/mpi8replicatedmesh
nProcs : 1
// * * * * * * * * * * * * * * * * * * * * * * * * * * * * * * * * * * * * * //
Create time

fileModificationChecking : Monitoring run-time modified files using timeStampMaster (fileModificationSkew 10)
allowSystemOperations : Allowing user-supplied system call operations

sigFpe : Enabling floating point exception trapping (FOAM_SIGFPE).
// * * * * * * * * * * * * * * * * * * * * * * * * * * * * * * * * * * * * * //
Create time

// * * * * * * * * * * * * * * * * * * * * * * * * * * * * * * * * * * * * * //
Create time

fileModificationChecking : Monitoring run-time modified files using timeStampMaster (fileModificationSkew 10)
allowSystemOperations : Allowing user-supplied system call operations

// * * * * * * * * * * * * * * * * * * * * * * * * * * * * * * * * * * * * * //
Create time

// * * * * * * * * * * * * * * * * * * * * * * * * * * * * * * * * * * * * * //
Create time

Case   : /home/superxcx/code/OpenFoam/OF-1706/hyStrath_dlb/run/hyStrath/dsmcFoam+/xcx_test/pal-phd-3.3.1-cylinder-react/timecompare/ourmesh/mpi8replicatedmesh
nProcs : 1
sigFpe : Enabling floating point exception trapping (FOAM_SIGFPE).
fileModificationChecking : Monitoring run-time modified files using timeStampMaster (fileModificationSkew 10)
allowSystemOperations : Allowing user-supplied system call operations

// * * * * * * * * * * * * * * * * * * * * * * * * * * * * * * * * * * * * * //
Create time

Create mesh for time = 0

Create mesh for time = 0

Create mesh for time = 0

Create mesh for time = 0

Create mesh for time = 0

Create mesh for time = 0

Create mesh for time = 0

Create mesh for time = 0

Selecting dynamicFvMesh staticFvMesh
Selecting dynamicFvMesh staticFvMesh
Selecting dynamicFvMesh staticFvMesh
Selecting dynamicFvMesh staticFvMesh
Selecting dynamicFvMesh staticFvMesh
Selecting dynamicFvMesh staticFvMesh
Selecting dynamicFvMesh staticFvMesh
Selecting dynamicFvMesh staticFvMesh

Constructing dsmcCloud 

Constructing dsmcCloud 

Constructing dsmcCloud 

Constructing dsmcCloud 

Constructing dsmcCloud 

Constructing dsmcCloud 

Constructing dsmcCloud 

Constructing dsmcCloud 
Selecting the coordinate system model:	dsmcCartesian

Selecting the time-step model:	dsmcConstantTimeStepModel

Constant time-step model:
- time-step [sec]	1e-07

Selecting the porous measurement model:	dsmcNoPorousMediumMeasurements


Creating dsmcControllers

Creating fields: 

Selecting field: dsmcVolFields

TimeData Statistics: 
 measurement option: write
 nSamples: 1, time interval: 1e-07
 nAverages: 10000, time interval: 0.001
 total no. of sampling steps: 0
 total no. of averaging Steps: 0


Creating the boundary models: 

Selecting dsmcPatchBoundaryModel dsmcDeletionPatch
Selecting dsmcPatchBoundaryModel dsmcDeletionPatch
Selecting dsmcPatchBoundaryModel dsmcDiffuseWallPatch
Selecting dsmcGeneralBoundaryModel dsmcFreeStreamInflowPatch
Selecting BinaryCollisionModel LarsenBorgnakkeVariableHardSphere

Creating dsmcReactions

There are no chemical reactions defined.
Selecting the coordinate system model:	dsmcCartesian

Selecting the time-step model:	dsmcConstantTimeStepModel

Constant time-step model:
- time-step [sec]	1e-07

Selecting the porous measurement model:	dsmcNoPorousMediumMeasurements


Creating dsmcControllers

Creating fields: 

Selecting field: dsmcVolFields

TimeData Statistics: 
 measurement option: write
 nSamples: 1, time interval: 1e-07
 nAverages: 10000, time interval: 0.001
 total no. of sampling steps: 0
 total no. of averaging Steps: 0


Selecting the coordinate system model:	dsmcCartesian

Selecting the time-step model:	dsmcConstantTimeStepModel

Constant time-step model:
- time-step [sec]	1e-07

Selecting the porous measurement model:	dsmcNoPorousMediumMeasurements


Creating dsmcControllers

Creating fields: 

Selecting field: dsmcVolFields

TimeData Statistics: 
 measurement option: write
 nSamples: 1, time interval: 1e-07
 nAverages: 10000, time interval: 0.001
 total no. of sampling steps: 0
 total no. of averaging Steps: 0


Selecting the coordinate system model:	dsmcCartesian

Selecting the time-step model:	dsmcConstantTimeStepModel

Constant time-step model:
- time-step [sec]	1e-07

Selecting the porous measurement model:	dsmcNoPorousMediumMeasurements

Selecting the coordinate system model:	dsmcCartesian

Selecting the time-step model:	dsmcConstantTimeStepModel

Constant time-step model:
- time-step [sec]	1e-07

Selecting the porous measurement model:	dsmcNoPorousMediumMeasurements


Creating dsmcControllers

Creating fields: 

Selecting field: dsmcVolFields

TimeData Statistics: 
 measurement option: write
 nSamples: 1, time interval: 1e-07
 nAverages: 10000, time interval: 0.001
 total no. of sampling steps: 0
 total no. of averaging Steps: 0


Creating the boundary models: 

Selecting dsmcPatchBoundaryModel dsmcDeletionPatch
Selecting dsmcPatchBoundaryModel dsmcDeletionPatch
Selecting dsmcPatchBoundaryModel dsmcDiffuseWallPatch
Selecting dsmcGeneralBoundaryModel dsmcFreeStreamInflowPatch

Creating dsmcControllers

Creating fields: 

Selecting field: dsmcVolFields

TimeData Statistics: 
 measurement option: write
 nSamples: 1, time interval: 1e-07
 nAverages: 10000, time interval: 0.001
 total no. of sampling steps: 0
 total no. of averaging Steps: 0


Selecting the coordinate system model:	dsmcCartesian

Selecting the time-step model:	dsmcConstantTimeStepModel

Constant time-step model:
- time-step [sec]	1e-07

Selecting the porous measurement model:	dsmcNoPorousMediumMeasurements

Selecting BinaryCollisionModel LarsenBorgnakkeVariableHardSphere

Creating dsmcReactions

There are no chemical reactions defined.

Creating dsmcControllers

Creating fields: 

Selecting field: dsmcVolFields

TimeData Statistics: 
 measurement option: write
 nSamples: 1, time interval: 1e-07
 nAverages: 10000, time interval: 0.001
 total no. of sampling steps: 0
 total no. of averaging Steps: 0


Creating the boundary models: 

Selecting dsmcPatchBoundaryModel dsmcDeletionPatch
Selecting dsmcPatchBoundaryModel dsmcDeletionPatch
Selecting dsmcPatchBoundaryModel dsmcDiffuseWallPatch
Selecting dsmcGeneralBoundaryModel dsmcFreeStreamInflowPatch
Selecting BinaryCollisionModel LarsenBorgnakkeVariableHardSphere

Creating dsmcReactions

There are no chemical reactions defined.
Selecting the coordinate system model:	dsmcCartesian

Selecting the time-step model:	dsmcConstantTimeStepModel

Constant time-step model:
- time-step [sec]	1e-07

Selecting the porous measurement model:	dsmcNoPorousMediumMeasurements


Creating dsmcControllers

Creating fields: 

Selecting field: dsmcVolFields

TimeData Statistics: 
 measurement option: write
 nSamples: 1, time interval: 1e-07
 nAverages: 10000, time interval: 0.001
 total no. of sampling steps: 0
 total no. of averaging Steps: 0


Creating the boundary models: 

Selecting dsmcPatchBoundaryModel dsmcDeletionPatch
Selecting dsmcPatchBoundaryModel dsmcDeletionPatch
Selecting dsmcPatchBoundaryModel dsmcDiffuseWallPatch
Selecting dsmcGeneralBoundaryModel dsmcFreeStreamInflowPatch
Selecting the coordinate system model:	dsmcCartesian

Selecting the time-step model:	dsmcConstantTimeStepModel

Constant time-step model:
- time-step [sec]	1e-07

Selecting the porous measurement model:	dsmcNoPorousMediumMeasurements

Selecting BinaryCollisionModel LarsenBorgnakkeVariableHardSphere

Creating dsmcReactions

There are no chemical reactions defined.

Creating dsmcControllers

Creating the boundary models: 

Selecting dsmcPatchBoundaryModel dsmcDeletionPatch
Selecting dsmcPatchBoundaryModel dsmcDeletionPatch
Selecting dsmcPatchBoundaryModel dsmcDiffuseWallPatch
Selecting dsmcGeneralBoundaryModel dsmcFreeStreamInflowPatch
Creating fields: 

Selecting field: dsmcVolFields

TimeData Statistics: 
 measurement option: write
 nSamples: 1, time interval: 1e-07
 nAverages: 10000, time interval: 0.001
 total no. of sampling steps: 0
 total no. of averaging Steps: 0


Selecting BinaryCollisionModel LarsenBorgnakkeVariableHardSphere

Creating dsmcReactions

There are no chemical reactions defined.
Creating the boundary models: 

Selecting dsmcPatchBoundaryModel dsmcDeletionPatch
Selecting dsmcPatchBoundaryModel dsmcDeletionPatch
Selecting dsmcPatchBoundaryModel dsmcDiffuseWallPatch
Selecting dsmcGeneralBoundaryModel dsmcFreeStreamInflowPatch
Selecting BinaryCollisionModel LarsenBorgnakkeVariableHardSphere

Creating dsmcReactions

There are no chemical reactions defined.
Creating the boundary models: 

Selecting dsmcPatchBoundaryModel dsmcDeletionPatch
Selecting dsmcPatchBoundaryModel dsmcDeletionPatch
Selecting dsmcPatchBoundaryModel dsmcDiffuseWallPatch
Selecting dsmcGeneralBoundaryModel dsmcFreeStreamInflowPatch
Selecting BinaryCollisionModel LarsenBorgnakkeVariableHardSphere

Creating dsmcReactions

There are no chemical reactions defined.
Creating the boundary models: 

Selecting dsmcPatchBoundaryModel dsmcDeletionPatch
Selecting dsmcPatchBoundaryModel dsmcDeletionPatch
Selecting dsmcPatchBoundaryModel dsmcDiffuseWallPatch
Selecting dsmcGeneralBoundaryModel dsmcFreeStreamInflowPatch
Selecting BinaryCollisionModel LarsenBorgnakkeVariableHardSphere

Creating dsmcReactions

There are no chemical reactions defined.

Constructing constant properties for
	N2
	O2
	NO
	N
	O

Constructing constant properties for
	N2
	O2
	NO
	N
	O

Constructing constant properties for
	N2
	O2
	NO
	N
	O
Selecting collisionPartnerSelectionModel noTimeCounter
Collision profile: collisionReduceOnlyOnOutput defaulted to true for replicatedMesh run
Collision profile: collisionOutputGlobalReduce defaulted to false for replicatedMesh run

Initialising the measurement fields

Initialising dsmcVolFields field

Constructing constant properties for
	N2
	O2
	NO
	N
	O
Selecting collisionPartnerSelectionModel noTimeCounter
Collision profile: collisionReduceOnlyOnOutput defaulted to true for replicatedMesh run
Collision profile: collisionOutputGlobalReduce defaulted to false for replicatedMesh run

Initialising the measurement fields

Initialising dsmcVolFields field

Constructing constant properties for
	N2
	O2
	NO
	N
	O
Selecting collisionPartnerSelectionModel noTimeCounter
Collision profile: collisionReduceOnlyOnOutput defaulted to true for replicatedMesh run
Collision profile: collisionOutputGlobalReduce defaulted to false for replicatedMesh run

Initialising the measurement fields

Initialising dsmcVolFields field
Selecting collisionPartnerSelectionModel noTimeCounter
Collision profile: collisionReduceOnlyOnOutput defaulted to true for replicatedMesh run
Collision profile: collisionOutputGlobalReduce defaulted to false for replicatedMesh run

Initialising the measurement fields

Initialising dsmcVolFields field

Constructing constant properties for
	N2
	O2
	NO
	N
	O
Selecting collisionPartnerSelectionModel noTimeCounter
Collision profile: collisionReduceOnlyOnOutput defaulted to true for replicatedMesh run
Collision profile: collisionOutputGlobalReduce defaulted to false for replicatedMesh run

Initialising the measurement fields

Initialising dsmcVolFields field

Constructing constant properties for
	N2
	O2
	NO
	N
	O
Selecting collisionPartnerSelectionModel noTimeCounter
Collision profile: collisionReduceOnlyOnOutput defaulted to true for replicatedMesh run
Collision profile: collisionOutputGlobalReduce defaulted to false for replicatedMesh run

Initialising the measurement fields

Initialising dsmcVolFields field
Selecting collisionPartnerSelectionModel noTimeCounter
Collision profile: collisionReduceOnlyOnOutput defaulted to true for replicatedMesh run
Collision profile: collisionOutputGlobalReduce defaulted to false for replicatedMesh run

Initialising the measurement fields

Initialising dsmcVolFields field

Constructing constant properties for
	N2
	O2
	NO
	N
	O
Selecting collisionPartnerSelectionModel noTimeCounter
Collision profile: collisionReduceOnlyOnOutput defaulted to true for replicatedMesh run
Collision profile: collisionOutputGlobalReduce defaulted to false for replicatedMesh run

Initialising the measurement fields

Initialising dsmcVolFields field
Replicated mesh: METIS decomposition complete, 104151 cells -> 8 ranks
Replicated mesh: rank 0 owns 13019 / 104151 cells
Local mesh: 13019 owned + 310 halo = 13329 / 104151 cells
Replicated mesh: no-Alltoall async migration enabled
Replicated mesh: flatTransfer=1 found=1
Replicated mesh: flat POD transfer enabled
Replicated mesh: writeMode=gathered
Phase C auto DLB: enabled (ParMETIS AdaptiveRepart), imbalanceThreshold=1.5, dlbSteps=50, sarSteps=10, triggerMode=legacyWindow, minGapSteps=50, checkCollective=allgather, particleGate=1, particleGateThreshold=1.5, skipPostDiag=0
Phase C auto DLB: forced trigger steps 8(120 170 220 270 320 370 420 470)
Replicated mesh: initialized with 8 MPI ranks, migrate interval 10

Starting time loop

Replicated mesh: initial particle distribution

Replicated mesh: rank 0 kept 251352 parcels, deleted 1806661 non-owned parcels
Time = 1e-06

    Collision global reduction skipped (rank 0 local diagnostics)
    Collisions                      = 351
    Collision candidates           = 365
    Collision acceptance rate      = 0.9616438356

    Number of DSMC particles        = 2065842
    Number of stuck particles       = 0
    Number of free particles        = 2065842
    Average linear kinetic energy   = 1.11130736e-18
    Average rotational energy       = 2.629331405e-21
    Average vibrational energy      = 8.792131674e-24
    Average electronic energy       = 0
    Total energy                    = 1.150617682

Stage 1.0  ExecutionTime = 8.47 s  ClockTime = 10 s  Iteration 10 (0.26 s)

Time = 2e-06

    Collision global reduction skipped (rank 0 local diagnostics)
    Collisions                      = 520
    Collision candidates           = 582
    Collision acceptance rate      = 0.8934707904

    Number of DSMC particles        = 2074000
    Number of stuck particles       = 0
    Number of free particles        = 2074000
    Average linear kinetic energy   = 1.107063218e-18
    Average rotational energy       = 2.683873718e-21
    Average vibrational energy      = 1.815189284e-23
    Average electronic energy       = 0
    Total energy                    = 1.150826558

Stage 1.0  ExecutionTime = 9.5 s  ClockTime = 12 s  Iteration 20 (0.29 s)

Time = 3e-06

    Collision global reduction skipped (rank 0 local diagnostics)
    Collisions                      = 601
    Collision candidates           = 729
    Collision acceptance rate      = 0.8244170096

    Number of DSMC particles        = 2082051
    Number of stuck particles       = 0
    Number of free particles        = 2082051
    Average linear kinetic energy   = 1.102983259e-18
    Average rotational energy       = 2.751321338e-21
    Average vibrational energy      = 2.798875704e-23
    Average electronic energy       = 0
    Total energy                    = 1.151127031

Stage 1.0  ExecutionTime = 10.51 s  ClockTime = 13 s  Iteration 30 (0.3 s)

Time = 4e-06

    Collision global reduction skipped (rank 0 local diagnostics)
    Collisions                      = 635
    Collision candidates           = 821
    Collision acceptance rate      = 0.7734470158

    Number of DSMC particles        = 2090231
    Number of stuck particles       = 0
    Number of free particles        = 2090231
    Average linear kinetic energy   = 1.098940051e-18
    Average rotational energy       = 2.826973467e-21
    Average vibrational energy      = 3.717526307e-23
    Average electronic energy       = 0
    Total energy                    = 1.151512647

Stage 1.0  ExecutionTime = 11.57 s  ClockTime = 14 s  Iteration 40 (0.31 s)

Time = 5e-06

    Collision global reduction skipped (rank 0 local diagnostics)
    Collisions                      = 745
    Collision candidates           = 1042
    Collision acceptance rate      = 0.7149712092

    Number of DSMC particles        = 2098354
    Number of stuck particles       = 0
    Number of free particles        = 2098354
    Average linear kinetic energy   = 1.094998784e-18
    Average rotational energy       = 2.948561232e-21
    Average vibrational energy      = 5.245323688e-23
    Average electronic energy       = 0
    Total energy                    = 1.151996134

Stage 1.0  ExecutionTime = 12.63 s  ClockTime = 15 s  Iteration 50 (0.27 s)

Time = 6e-06

    Collision global reduction skipped (rank 0 local diagnostics)
    Collisions                      = 832
    Collision candidates           = 1193
    Collision acceptance rate      = 0.6974015088

    Number of DSMC particles        = 2106499
    Number of stuck particles       = 0
    Number of free particles        = 2106499
    Average linear kinetic energy   = 1.091203051e-18
    Average rotational energy       = 3.084401919e-21
    Average vibrational energy      = 7.10847243e-23
    Average electronic energy       = 0
    Total energy                    = 1.152632582

Stage 1.0  ExecutionTime = 13.68 s  ClockTime = 16 s  Iteration 60 (0.29 s)

Time = 7e-06

    Collision global reduction skipped (rank 0 local diagnostics)
    Collisions                      = 879
    Collision candidates           = 1309
    Collision acceptance rate      = 0.6715049656

    Number of DSMC particles        = 2114781
    Number of stuck particles       = 0
    Number of free particles        = 2114781
    Average linear kinetic energy   = 1.087521461e-18
    Average rotational energy       = 3.246102591e-21
    Average vibrational energy      = 9.590275742e-23
    Average electronic energy       = 0
    Total energy                    = 1.153468666

Stage 1.0  ExecutionTime = 14.76 s  ClockTime = 17 s  Iteration 70 (0.22 s)

Time = 8e-06

    Collision global reduction skipped (rank 0 local diagnostics)
    Collisions                      = 936
    Collision candidates           = 1422
    Collision acceptance rate      = 0.6582278481

    Number of DSMC particles        = 2122821
    Number of stuck particles       = 0
    Number of free particles        = 2122821
    Average linear kinetic energy   = 1.083946948e-18
    Average rotational energy       = 3.430273418e-21
    Average vibrational energy      = 1.151147565e-22
    Average electronic energy       = 0
    Total energy                    = 1.154275785

Stage 1.0  ExecutionTime = 15.86 s  ClockTime = 16 s  Iteration 80 (0.27 s)

Time = 9e-06

    Collision global reduction skipped (rank 0 local diagnostics)
    Collisions                      = 1050
    Collision candidates           = 1633
    Collision acceptance rate      = 0.642988365

    Number of DSMC particles        = 2130915
    Number of stuck particles       = 0
    Number of free particles        = 2130915
    Average linear kinetic energy   = 1.080477629e-18
    Average rotational energy       = 3.656465545e-21
    Average vibrational energy      = 1.439548442e-22
    Average electronic energy       = 0
    Total energy                    = 1.15525218

Stage 1.0  ExecutionTime = 17 s  ClockTime = 17 s  Iteration 90 (0.32 s)

Time = 1e-05

    Collision global reduction skipped (rank 0 local diagnostics)
    Collisions                      = 1105
    Collision candidates           = 1782
    Collision acceptance rate      = 0.6200897868

    Number of DSMC particles        = 2138968
    Number of stuck particles       = 0
    Number of free particles        = 2138968
    Average linear kinetic energy   = 1.077064846e-18
    Average rotational energy       = 3.889941681e-21
    Average vibrational energy      = 1.774637184e-22
    Average electronic energy       = 0
    Total energy                    = 1.156253645

Stage 1.0  ExecutionTime = 18.14 s  ClockTime = 18 s  Iteration 100 (0.31 s)

Time = 1.1e-05

    Collision global reduction skipped (rank 0 local diagnostics)
    Collisions                      = 1172
    Collision candidates           = 1908
    Collision acceptance rate      = 0.6142557652

    Number of DSMC particles        = 2147060
    Number of stuck particles       = 0
    Number of free particles        = 2147060
    Average linear kinetic energy   = 1.073777027e-18
    Average rotational energy       = 4.175347603e-21
    Average vibrational energy      = 2.120173445e-22
    Average electronic energy       = 0
    Total energy                    = 1.157441819

Stage 1.0  ExecutionTime = 19.34 s  ClockTime = 20 s  Iteration 110 (0.32 s)

Time = 1.2e-05

    Collision global reduction skipped (rank 0 local diagnostics)
    Collisions                      = 1217
    Collision candidates           = 2028
    Collision acceptance rate      = 0.6000986193


Phase C auto DLB triggered (forced) at step 120
Phase C ParMETIS weights: particles=2155169 activeCells=104098 maxCellParticles=63
Phase C ParMETIS: alpha=0.8 ncon=2 ubvec=[1.049999952,1.5] moveRatio=0.9635294091 (moveT=9.709600885s, collT=0.367518499s)
Phase C ParMETIS: AdaptiveRepart (104151 cells, 2 constraints, ubvec=1.049999952)
Replicated mesh: rank 0 owns 13768 / 104151 cells
Local mesh: 13768 owned + 260 halo = 14028 / 104151 cells
Phase C ParMETIS AdaptiveRepart: 88131 / 104151 cells changed (0.8461848662)
Phase C auto DLB complete: rebalance #1

    Number of DSMC particles        = 2155169
    Number of stuck particles       = 0
    Number of free particles        = 2155169
    Average linear kinetic energy   = 1.070483469e-18
    Average rotational energy       = 4.48834489e-21
    Average vibrational energy      = 2.477778688e-22
    Average electronic energy       = 0
    Total energy                    = 1.158639966

Stage 1.0  ExecutionTime = 20.78 s  ClockTime = 21 s  Iteration 120 (0.48 s)

Time = 1.3e-05

    Collision global reduction skipped (rank 0 local diagnostics)
    Collisions                      = 1635
    Collision candidates           = 2766
    Collision acceptance rate      = 0.5911062907

    Number of DSMC particles        = 2163267
    Number of stuck particles       = 0
    Number of free particles        = 2163267
    Average linear kinetic energy   = 1.067252666e-18
    Average rotational energy       = 4.566011284e-21
    Average vibrational energy      = 2.599906363e-22
    Average electronic energy       = 0
    Total energy                    = 1.159596202

Stage 1.0  ExecutionTime = 21.92 s  ClockTime = 23 s  Iteration 130 (0.34 s)

Time = 1.4e-05

    Collision global reduction skipped (rank 0 local diagnostics)
    Collisions                      = 2062
    Collision candidates           = 3434
    Collision acceptance rate      = 0.6004659289

    Number of DSMC particles        = 2171351
    Number of stuck particles       = 0
    Number of free particles        = 2171351
    Average linear kinetic energy   = 1.063902099e-18
    Average rotational energy       = 4.844072118e-21
    Average vibrational energy      = 3.020479808e-22
    Average electronic energy       = 0
    Total energy                    = 1.16063946

Stage 1.0  ExecutionTime = 23.11 s  ClockTime = 24 s  Iteration 140 (0.39 s)

Time = 1.5e-05

    Collision global reduction skipped (rank 0 local diagnostics)
    Collisions                      = 2165
    Collision candidates           = 3806
    Collision acceptance rate      = 0.5688386758

    Number of DSMC particles        = 2179424
    Number of stuck particles       = 0
    Number of free particles        = 2179424
    Average linear kinetic energy   = 1.060663178e-18
    Average rotational energy       = 5.195353764e-21
    Average vibrational energy      = 3.493161747e-22
    Average electronic energy       = 0
    Total energy                    = 1.161859487

Stage 1.0  ExecutionTime = 24.29 s  ClockTime = 25 s  Iteration 150 (0.39 s)

Time = 1.6e-05

    Collision global reduction skipped (rank 0 local diagnostics)
    Collisions                      = 2364
    Collision candidates           = 4178
    Collision acceptance rate      = 0.565820967

    Number of DSMC particles        = 2187559
    Number of stuck particles       = 0
    Number of free particles        = 2187559
    Average linear kinetic energy   = 1.057561139e-18
    Average rotational energy       = 5.575938373e-21
    Average vibrational energy      = 4.05364626e-22
    Average electronic energy       = 0
    Total energy                    = 1.16328092

Stage 1.0  ExecutionTime = 25.48 s  ClockTime = 26 s  Iteration 160 (0.36 s)

Time = 1.7e-05

    Collision global reduction skipped (rank 0 local diagnostics)
    Collisions                      = 2558
    Collision candidates           = 4424
    Collision acceptance rate      = 0.5782097649


Phase C auto DLB triggered (forced) at step 170
Phase C ParMETIS weights: particles=2195892 activeCells=104104 maxCellParticles=63
Phase C ParMETIS: alpha=0.8 ncon=2 ubvec=[1.049999952,1.5] moveRatio=0.9594878447 (moveT=13.60431753s, collT=0.574410846s)
Phase C ParMETIS: AdaptiveRepart (104151 cells, 2 constraints, ubvec=1.049999952)
Replicated mesh: rank 0 owns 13785 / 104151 cells
Local mesh: 13785 owned + 258 halo = 14043 / 104151 cells
Phase C ParMETIS AdaptiveRepart: 128 / 104151 cells changed (0.001228984839)
Phase C auto DLB complete: rebalance #2

    Number of DSMC particles        = 2195892
    Number of stuck particles       = 0
    Number of free particles        = 2195892
    Average linear kinetic energy   = 1.054689999e-18
    Average rotational energy       = 5.988904174e-21
    Average vibrational energy      = 4.607284251e-22
    Average electronic energy       = 0
    Total energy                    = 1.165074013

Stage 1.0  ExecutionTime = 26.75 s  ClockTime = 28 s  Iteration 170 (0.4 s)

Time = 1.8e-05

    Collision global reduction skipped (rank 0 local diagnostics)
    Collisions                      = 2739
    Collision candidates           = 4819
    Collision acceptance rate      = 0.5683751816

    Number of DSMC particles        = 2203972
    Number of stuck particles       = 0
    Number of free particles        = 2203972
    Average linear kinetic energy   = 1.051852381e-18
    Average rotational energy       = 6.38849404e-21
    Average vibrational energy      = 5.270436923e-22
    Average electronic energy       = 0
    Total energy                    = 1.166747423

Stage 1.0  ExecutionTime = 28.08 s  ClockTime = 29 s  Iteration 180 (0.49 s)

Time = 1.9e-05

    Collision global reduction skipped (rank 0 local diagnostics)
    Collisions                      = 2915
    Collision candidates           = 5247
    Collision acceptance rate      = 0.5555555556

    Number of DSMC particles        = 2212144
    Number of stuck particles       = 0
    Number of free particles        = 2212144
    Average linear kinetic energy   = 1.049070056e-18
    Average rotational energy       = 6.838588751e-21
    Average vibrational energy      = 5.853011165e-22
    Average electronic energy       = 0
    Total energy                    = 1.168558372

Stage 1.0  ExecutionTime = 29.4 s  ClockTime = 31 s  Iteration 190 (0.4 s)

Time = 2e-05

    Collision global reduction skipped (rank 0 local diagnostics)
    Collisions                      = 3082
    Collision candidates           = 5636
    Collision acceptance rate      = 0.5468417317

    Number of DSMC particles        = 2220228
    Number of stuck particles       = 0
    Number of free particles        = 2220228
    Average linear kinetic energy   = 1.046285542e-18
    Average rotational energy       = 7.307328441e-21
    Average vibrational energy      = 6.519591904e-22
    Average electronic energy       = 0
    Total energy                    = 1.170331945

Stage 1.0  ExecutionTime = 30.73 s  ClockTime = 32 s  Iteration 200 (0.38 s)

Time = 2.1e-05

    Collision global reduction skipped (rank 0 local diagnostics)
    Collisions                      = 3249
    Collision candidates           = 5983
    Collision acceptance rate      = 0.5430386094

    Number of DSMC particles        = 2228417
    Number of stuck particles       = 0
    Number of free particles        = 2228417
    Average linear kinetic energy   = 1.043515765e-18
    Average rotational energy       = 7.805002075e-21
    Average vibrational energy      = 7.317134846e-22
    Average electronic energy       = 0
    Total energy                    = 1.172205817

Stage 1.0  ExecutionTime = 32.14 s  ClockTime = 34 s  Iteration 210 (0.42 s)

Time = 2.2e-05

    Collision global reduction skipped (rank 0 local diagnostics)
    Collisions                      = 3508
    Collision candidates           = 6418
    Collision acceptance rate      = 0.546587722


Phase C auto DLB triggered (forced) at step 220
Phase C ParMETIS weights: particles=2236384 activeCells=104114 maxCellParticles=74
Phase C ParMETIS: alpha=0.8 ncon=2 ubvec=[1.049999952,1.5] moveRatio=0.9549034389 (moveT=18.22042834s, collT=0.860483507s)
Phase C ParMETIS: AdaptiveRepart (104151 cells, 2 constraints, ubvec=1.049999952)
Replicated mesh: rank 0 owns 13787 / 104151 cells
Local mesh: 13787 owned + 258 halo = 14045 / 104151 cells
Phase C ParMETIS AdaptiveRepart: 108 / 104151 cells changed (0.001036955958)
Phase C auto DLB complete: rebalance #3

    Number of DSMC particles        = 2236384
    Number of stuck particles       = 0
    Number of free particles        = 2236384
    Average linear kinetic energy   = 1.040832423e-18
    Average rotational energy       = 8.294875087e-21
    Average vibrational energy      = 8.089538847e-22
    Average electronic energy       = 0
    Total energy                    = 1.174030318

Stage 1.0  ExecutionTime = 33.76 s  ClockTime = 35 s  Iteration 220 (0.4 s)

Time = 2.3e-05

    Collision global reduction skipped (rank 0 local diagnostics)
    Collisions                      = 3661
    Collision candidates           = 6718
    Collision acceptance rate      = 0.5449538553

    Number of DSMC particles        = 2244480
    Number of stuck particles       = 0
    Number of free particles        = 2244480
    Average linear kinetic energy   = 1.038218432e-18
    Average rotational energy       = 8.778237895e-21
    Average vibrational energy      = 8.909602315e-22
    Average electronic energy       = 0
    Total energy                    = 1.175981414

Stage 1.0  ExecutionTime = 35.2 s  ClockTime = 37 s  Iteration 230 (0.42 s)

Time = 2.4e-05

    Collision global reduction skipped (rank 0 local diagnostics)
    Collisions                      = 3642
    Collision candidates           = 6938
    Collision acceptance rate      = 0.5249351398

    Number of DSMC particles        = 2252497
    Number of stuck particles       = 0
    Number of free particles        = 2252497
    Average linear kinetic energy   = 1.035715979e-18
    Average rotational energy       = 9.271037232e-21
    Average vibrational energy      = 9.715564549e-22
    Average electronic energy       = 0
    Total energy                    = 1.178009273

Stage 1.0  ExecutionTime = 36.7 s  ClockTime = 39 s  Iteration 240 (0.41 s)

Time = 2.5e-05

    Collision global reduction skipped (rank 0 local diagnostics)
    Collisions                      = 3909
    Collision candidates           = 7254
    Collision acceptance rate      = 0.5388751034

    Number of DSMC particles        = 2260669
    Number of stuck particles       = 0
    Number of free particles        = 2260669
    Average linear kinetic energy   = 1.033180026e-18
    Average rotational energy       = 9.792592415e-21
    Average vibrational energy      = 1.062480973e-21
    Average electronic energy       = 0
    Total energy                    = 1.180108892

Stage 1.0  ExecutionTime = 38.21 s  ClockTime = 40 s  Iteration 250 (0.41 s)

Time = 2.6e-05

    Collision global reduction skipped (rank 0 local diagnostics)
    Collisions                      = 4115
    Collision candidates           = 7704
    Collision acceptance rate      = 0.5341381101

    Number of DSMC particles        = 2268731
    Number of stuck particles       = 0
    Number of free particles        = 2268731
    Average linear kinetic energy   = 1.030728876e-18
    Average rotational energy       = 1.029541329e-20
    Average vibrational energy      = 1.144365646e-21
    Average electronic energy       = 0
    Total energy                    = 1.182200168

Stage 1.0  ExecutionTime = 39.77 s  ClockTime = 42 s  Iteration 260 (0.49 s)

Time = 2.7e-05

    Collision global reduction skipped (rank 0 local diagnostics)
    Collisions                      = 4256
    Collision candidates           = 8126
    Collision acceptance rate      = 0.523750923


Phase C auto DLB triggered (forced) at step 270
Phase C ParMETIS weights: particles=2276822 activeCells=104097 maxCellParticles=78
Phase C ParMETIS: alpha=0.8 ncon=2 ubvec=[1.049999952,1.5] moveRatio=0.950846062 (moveT=23.1597067s, collT=1.19723984s)
Phase C ParMETIS: AdaptiveRepart (104151 cells, 2 constraints, ubvec=1.049999952)
Replicated mesh: rank 0 owns 13775 / 104151 cells
Local mesh: 13775 owned + 257 halo = 14032 / 104151 cells
Phase C ParMETIS AdaptiveRepart: 23 / 104151 cells changed (0.0002208332133)
Phase C auto DLB complete: rebalance #4

    Number of DSMC particles        = 2276822
    Number of stuck particles       = 0
    Number of free particles        = 2276822
    Average linear kinetic energy   = 1.028258333e-18
    Average rotational energy       = 1.081971283e-20
    Average vibrational energy      = 1.236572318e-21
    Average electronic energy       = 0
    Total energy                    = 1.184305605

Stage 1.0  ExecutionTime = 41.45 s  ClockTime = 44 s  Iteration 270 (0.52 s)

Time = 2.8e-05

    Collision global reduction skipped (rank 0 local diagnostics)
    Collisions                      = 4522
    Collision candidates           = 8585
    Collision acceptance rate      = 0.5267326733

    Number of DSMC particles        = 2285029
    Number of stuck particles       = 0
    Number of free particles        = 2285029
    Average linear kinetic energy   = 1.025828186e-18
    Average rotational energy       = 1.135841932e-20
    Average vibrational energy      = 1.338212373e-21
    Average electronic energy       = 0
    Total energy                    = 1.186529663

Stage 1.0  ExecutionTime = 43.05 s  ClockTime = 45 s  Iteration 280 (0.37 s)

Time = 2.9e-05

    Collision global reduction skipped (rank 0 local diagnostics)
    Collisions                      = 4654
    Collision candidates           = 8971
    Collision acceptance rate      = 0.5187827444

    Number of DSMC particles        = 2293138
    Number of stuck particles       = 0
    Number of free particles        = 2293138
    Average linear kinetic energy   = 1.023385499e-18
    Average rotational energy       = 1.190723915e-20
    Average vibrational energy      = 1.448596494e-21
    Average electronic energy       = 0
    Total energy                    = 1.188695475

Stage 1.0  ExecutionTime = 44.66 s  ClockTime = 47 s  Iteration 290 (0.45 s)

Time = 3e-05

    Collision global reduction skipped (rank 0 local diagnostics)
    Collisions                      = 4781
    Collision candidates           = 9272
    Collision acceptance rate      = 0.5156384814

    Number of DSMC particles        = 2301422
    Number of stuck particles       = 0
    Number of free particles        = 2301422
    Average linear kinetic energy   = 1.02107538e-18
    Average rotational energy       = 1.246403714e-20
    Average vibrational energy      = 1.554399434e-21
    Average electronic energy       = 0
    Total energy                    = 1.191093841

Stage 1.0  ExecutionTime = 46.31 s  ClockTime = 46 s  Iteration 300 (0.43 s)

Time = 3.1e-05

    Collision global reduction skipped (rank 0 local diagnostics)
    Collisions                      = 4990
    Collision candidates           = 9625
    Collision acceptance rate      = 0.5184415584

    Number of DSMC particles        = 2309429
    Number of stuck particles       = 0
    Number of free particles        = 2309429
    Average linear kinetic energy   = 1.018799588e-18
    Average rotational energy       = 1.300570241e-20
    Average vibrational energy      = 1.674884109e-21
    Average electronic energy       = 0
    Total energy                    = 1.193374543

Stage 1.0  ExecutionTime = 47.95 s  ClockTime = 48 s  Iteration 310 (0.4 s)

Time = 3.2e-05

    Collision global reduction skipped (rank 0 local diagnostics)
    Collisions                      = 5031
    Collision candidates           = 9958
    Collision acceptance rate      = 0.5052219321


Phase C auto DLB triggered (forced) at step 320
Phase C ParMETIS weights: particles=2317703 activeCells=104103 maxCellParticles=92
Phase C ParMETIS: alpha=0.8 ncon=2 ubvec=[1.049999952,1.5] moveRatio=0.9480986085 (moveT=28.72508601s, collT=1.572486155s)
Phase C ParMETIS: AdaptiveRepart (104151 cells, 2 constraints, ubvec=1.049999952)
Replicated mesh: rank 0 owns 13775 / 104151 cells
Local mesh: 13775 owned + 257 halo = 14032 / 104151 cells
Phase C ParMETIS AdaptiveRepart: 0 / 104151 cells changed (0)
Phase C auto DLB complete: rebalance #5

    Number of DSMC particles        = 2317703
    Number of stuck particles       = 0
    Number of free particles        = 2317703
    Average linear kinetic energy   = 1.016538945e-18
    Average rotational energy       = 1.353594959e-20
    Average vibrational energy      = 1.785744254e-21
    Average electronic energy       = 0
    Total energy                    = 1.195773249

Stage 1.0  ExecutionTime = 49.7 s  ClockTime = 50 s  Iteration 320 (0.54 s)

Time = 3.3e-05

    Collision global reduction skipped (rank 0 local diagnostics)
    Collisions                      = 5292
    Collision candidates           = 10333
    Collision acceptance rate      = 0.5121455531

    Number of DSMC particles        = 2325800
    Number of stuck particles       = 0
    Number of free particles        = 2325800
    Average linear kinetic energy   = 1.01427211e-18
    Average rotational energy       = 1.409312295e-20
    Average vibrational energy      = 1.905005139e-21
    Average electronic energy       = 0
    Total energy                    = 1.19810126

Stage 1.0  ExecutionTime = 51.39 s  ClockTime = 52 s  Iteration 330 (0.43 s)

Time = 3.4e-05

    Collision global reduction skipped (rank 0 local diagnostics)
    Collisions                      = 5393
    Collision candidates           = 10574
    Collision acceptance rate      = 0.5100245886

    Number of DSMC particles        = 2333909
    Number of stuck particles       = 0
    Number of free particles        = 2333909
    Average linear kinetic energy   = 1.012076736e-18
    Average rotational energy       = 1.462345235e-20
    Average vibrational energy      = 2.02871708e-21
    Average electronic energy       = 0
    Total energy                    = 1.200479825

Stage 1.0  ExecutionTime = 53.05 s  ClockTime = 54 s  Iteration 340 (0.39 s)

Time = 3.5e-05

    Collision global reduction skipped (rank 0 local diagnostics)
    Collisions                      = 5571
    Collision candidates           = 10961
    Collision acceptance rate      = 0.5082565459

    Number of DSMC particles        = 2341992
    Number of stuck particles       = 0
    Number of free particles        = 2341992
    Average linear kinetic energy   = 1.009913796e-18
    Average rotational energy       = 1.517349216e-20
    Average vibrational energy      = 2.154215817e-21
    Average electronic energy       = 0
    Total energy                    = 1.202895692

Stage 1.0  ExecutionTime = 54.76 s  ClockTime = 56 s  Iteration 350 (0.38 s)

Time = 3.6e-05

    Collision global reduction skipped (rank 0 local diagnostics)
    Collisions                      = 5625
    Collision candidates           = 11161
    Collision acceptance rate      = 0.5039870979

    Number of DSMC particles        = 2350238
    Number of stuck particles       = 0
    Number of free particles        = 2350238
    Average linear kinetic energy   = 1.00769896e-18
    Average rotational energy       = 1.577077631e-20
    Average vibrational energy      = 2.278301165e-21
    Average electronic energy       = 0
    Total energy                    = 1.205376008

Stage 1.0  ExecutionTime = 56.58 s  ClockTime = 58 s  Iteration 360 (0.51 s)

Time = 3.7e-05

    Collision global reduction skipped (rank 0 local diagnostics)
    Collisions                      = 5840
    Collision candidates           = 11637
    Collision acceptance rate      = 0.5018475552


Phase C auto DLB triggered (forced) at step 370
Phase C ParMETIS weights: particles=2358202 activeCells=104105 maxCellParticles=89
Phase C ParMETIS: alpha=0.8 ncon=2 ubvec=[1.049999952,1.5] moveRatio=0.9457061366 (moveT=34.50277741s, collT=1.980836342s)
Phase C ParMETIS: AdaptiveRepart (104151 cells, 2 constraints, ubvec=1.049999952)
Replicated mesh: rank 0 owns 13775 / 104151 cells
Local mesh: 13775 owned + 257 halo = 14032 / 104151 cells
Phase C ParMETIS AdaptiveRepart: 0 / 104151 cells changed (0)
Phase C auto DLB complete: rebalance #6

    Number of DSMC particles        = 2358202
    Number of stuck particles       = 0
    Number of free particles        = 2358202
    Average linear kinetic energy   = 1.00556175e-18
    Average rotational energy       = 1.635642684e-20
    Average vibrational energy      = 2.406343558e-21
    Average electronic energy       = 0
    Total energy                    = 1.207782066

Stage 1.0  ExecutionTime = 58.41 s  ClockTime = 60 s  Iteration 370 (0.55 s)

Time = 3.8e-05

    Collision global reduction skipped (rank 0 local diagnostics)
    Collisions                      = 5885
    Collision candidates           = 11704
    Collision acceptance rate      = 0.5028195489

    Number of DSMC particles        = 2366387
    Number of stuck particles       = 0
    Number of free particles        = 2366387
    Average linear kinetic energy   = 1.00346882e-18
    Average rotational energy       = 1.688253187e-20
    Average vibrational energy      = 2.538068083e-21
    Average electronic energy       = 0
    Total energy                    = 1.210276112

Stage 1.0  ExecutionTime = 60.24 s  ClockTime = 62 s  Iteration 380 (0.46 s)

Time = 3.9e-05

    Collision global reduction skipped (rank 0 local diagnostics)
    Collisions                      = 6035
    Collision candidates           = 12028
    Collision acceptance rate      = 0.5017459262

    Number of DSMC particles        = 2374544
    Number of stuck particles       = 0
    Number of free particles        = 2374544
    Average linear kinetic energy   = 1.001366779e-18
    Average rotational energy       = 1.745671514e-20
    Average vibrational energy      = 2.668405554e-21
    Average electronic energy       = 0
    Total energy                    = 1.212788731

Stage 1.0  ExecutionTime = 62.07 s  ClockTime = 64 s  Iteration 390 (0.51 s)

Time = 4e-05

    Collision global reduction skipped (rank 0 local diagnostics)
    Collisions                      = 6285
    Collision candidates           = 12396
    Collision acceptance rate      = 0.507018393

    Number of DSMC particles        = 2382617
    Number of stuck particles       = 0
    Number of free particles        = 2382617
    Average linear kinetic energy   = 9.992737233e-19
    Average rotational energy       = 1.80215645e-20
    Average vibrational energy      = 2.801110167e-21
    Average electronic energy       = 0
    Total energy                    = 1.21524951

Stage 1.0  ExecutionTime = 63.91 s  ClockTime = 66 s  Iteration 400 (0.51 s)

Time = 4.1e-05

    Collision global reduction skipped (rank 0 local diagnostics)
    Collisions                      = 6477
    Collision candidates           = 12659
    Collision acceptance rate      = 0.5116517892

    Number of DSMC particles        = 2390496
    Number of stuck particles       = 0
    Number of free particles        = 2390496
    Average linear kinetic energy   = 9.972355897e-19
    Average rotational energy       = 1.857536706e-20
    Average vibrational energy      = 2.940835337e-21
    Average electronic energy       = 0
    Total energy                    = 1.217661042

Stage 1.0  ExecutionTime = 65.85 s  ClockTime = 68 s  Iteration 410 (0.54 s)

Time = 4.2e-05

    Collision global reduction skipped (rank 0 local diagnostics)
    Collisions                      = 6562
    Collision candidates           = 12931
    Collision acceptance rate      = 0.5074626866


Phase C auto DLB triggered (forced) at step 420
Phase C ParMETIS weights: particles=2398546 activeCells=104103 maxCellParticles=91
Phase C ParMETIS: alpha=0.8 ncon=2 ubvec=[1.049999952,1.5] moveRatio=0.943760479 (moveT=40.58729482s, collT=2.418632768s)
Phase C ParMETIS: AdaptiveRepart (104151 cells, 2 constraints, ubvec=1.049999952)
Replicated mesh: rank 0 owns 13775 / 104151 cells
Local mesh: 13775 owned + 257 halo = 14032 / 104151 cells
Phase C ParMETIS AdaptiveRepart: 0 / 104151 cells changed (0)
Phase C auto DLB complete: rebalance #7

    Number of DSMC particles        = 2398546
    Number of stuck particles       = 0
    Number of free particles        = 2398546
    Average linear kinetic energy   = 9.952280608e-19
    Average rotational energy       = 1.91756641e-20
    Average vibrational energy      = 3.081101698e-21
    Average electronic energy       = 0
    Total energy                    = 1.22024208

Stage 1.0  ExecutionTime = 67.84 s  ClockTime = 70 s  Iteration 420 (0.61 s)

Time = 4.3e-05

    Collision global reduction skipped (rank 0 local diagnostics)
    Collisions                      = 6760
    Collision candidates           = 13209
    Collision acceptance rate      = 0.5117722765

    Number of DSMC particles        = 2406704
    Number of stuck particles       = 0
    Number of free particles        = 2406704
    Average linear kinetic energy   = 9.932739665e-19
    Average rotational energy       = 1.975680209e-20
    Average vibrational energy      = 3.232288675e-21
    Average electronic energy       = 0
    Total energy                    = 1.222922182

Stage 1.0  ExecutionTime = 69.86 s  ClockTime = 72 s  Iteration 430 (0.61 s)

Time = 4.4e-05

    Collision global reduction skipped (rank 0 local diagnostics)
    Collisions                      = 6798
    Collision candidates           = 13535
    Collision acceptance rate      = 0.5022534171

    Number of DSMC particles        = 2414947
    Number of stuck particles       = 0
    Number of free particles        = 2414947
    Average linear kinetic energy   = 9.913399042e-19
    Average rotational energy       = 2.03536061e-20
    Average vibrational energy      = 3.378990382e-21
    Average electronic energy       = 0
    Total energy                    = 1.225673145

Stage 1.0  ExecutionTime = 71.85 s  ClockTime = 74 s  Iteration 440 (0.58 s)

Time = 4.5e-05

    Collision global reduction skipped (rank 0 local diagnostics)
    Collisions                      = 6835
    Collision candidates           = 13749
    Collision acceptance rate      = 0.4971270638

    Number of DSMC particles        = 2422959
    Number of stuck particles       = 0
    Number of free particles        = 2422959
    Average linear kinetic energy   = 9.894156571e-19
    Average rotational energy       = 2.091417035e-20
    Average vibrational energy      = 3.535225456e-21
    Average electronic energy       = 0
    Total energy                    = 1.228276727

Stage 1.0  ExecutionTime = 73.89 s  ClockTime = 76 s  Iteration 450 (0.61 s)

Time = 4.6e-05

    Collision global reduction skipped (rank 0 local diagnostics)
    Collisions                      = 7224
    Collision candidates           = 14119
    Collision acceptance rate      = 0.5116509668

    Number of DSMC particles        = 2431096
    Number of stuck particles       = 0
    Number of free particles        = 2431096
    Average linear kinetic energy   = 9.875234783e-19
    Average rotational energy       = 2.147257208e-20
    Average vibrational energy      = 3.685301127e-21
    Average electronic energy       = 0
    Total energy                    = 1.230962791

Stage 1.0  ExecutionTime = 75.95 s  ClockTime = 76 s  Iteration 460 (0.64 s)

Time = 4.7e-05

    Collision global reduction skipped (rank 0 local diagnostics)
    Collisions                      = 7233
    Collision candidates           = 14339
    Collision acceptance rate      = 0.5044284818


Phase C auto DLB triggered (forced) at step 470
Phase C ParMETIS weights: particles=2439248 activeCells=104098 maxCellParticles=101
Phase C ParMETIS: alpha=0.8 ncon=2 ubvec=[1.049999952,1.5] moveRatio=0.9418657658 (moveT=46.93298124s, collT=2.896817171s)
Phase C ParMETIS: AdaptiveRepart (104151 cells, 2 constraints, ubvec=1.049999952)
Replicated mesh: rank 0 owns 13775 / 104151 cells
Local mesh: 13775 owned + 257 halo = 14032 / 104151 cells
Phase C ParMETIS AdaptiveRepart: 114 / 104151 cells changed (0.001094564623)
Phase C auto DLB complete: rebalance #8

    Number of DSMC particles        = 2439248
    Number of stuck particles       = 0
    Number of free particles        = 2439248
    Average linear kinetic energy   = 9.856755099e-19
    Average rotational energy       = 2.202070338e-20
    Average vibrational energy      = 3.835086697e-21
    Average electronic energy       = 0
    Total energy                    = 1.23368785

Stage 1.0  ExecutionTime = 78.15 s  ClockTime = 78 s  Iteration 470 (0.73 s)

Time = 4.8e-05

    Collision global reduction skipped (rank 0 local diagnostics)
    Collisions                      = 7390
    Collision candidates           = 14629
    Collision acceptance rate      = 0.5051609816

    Number of DSMC particles        = 2447414
    Number of stuck particles       = 0
    Number of free particles        = 2447414
    Average linear kinetic energy   = 9.837774294e-19
    Average rotational energy       = 2.26172458e-20
    Average vibrational energy      = 4.000677176e-21
    Average electronic energy       = 0
    Total energy                    = 1.236427865

Stage 1.0  ExecutionTime = 80.29 s  ClockTime = 81 s  Iteration 480 (0.59 s)

Time = 4.9e-05

    Collision global reduction skipped (rank 0 local diagnostics)
    Collisions                      = 7592
    Collision candidates           = 14979
    Collision acceptance rate      = 0.5068429134

    Number of DSMC particles        = 2455480
    Number of stuck particles       = 0
    Number of free particles        = 2455480
    Average linear kinetic energy   = 9.819446355e-19
    Average rotational energy       = 2.316658197e-20
    Average vibrational energy      = 4.172387938e-21
    Average electronic energy       = 0
    Total energy                    = 1.239137854

Stage 1.0  ExecutionTime = 82.44 s  ClockTime = 83 s  Iteration 490 (0.6 s)

Time = 5e-05

    Collision global reduction skipped (rank 0 local diagnostics)
    Collisions                      = 7571
    Collision candidates           = 15215
    Collision acceptance rate      = 0.4976010516

    Number of DSMC particles        = 2463575
    Number of stuck particles       = 0
    Number of free particles        = 2463575
    Average linear kinetic energy   = 9.80133236e-19
    Average rotational energy       = 2.372798572e-20
    Average vibrational energy      = 4.330246948e-21
    Average electronic energy       = 0
    Total energy                    = 1.241877649

Stage 1.0  ExecutionTime = 84.6 s  ClockTime = 85 s  Iteration 500 (0.61 s)

End stage 1


DSMC solver profile summary
    solver profile steps          = 500
    move+collide wall [s]         = 81.52390108
    move only [s]                 = 65.12548298
    buildCellOccupancy [s]        = 10.37490256
    collision phase [s]           = 4.409779295
    post fields/output [s]        = 1.213604287
    total profiled [s]            = 81.12376912
    full evolve wall [s]          = 82.69961835
    move+collide cpu [s]          = 75.2
    move only cpu [s]             = 60.2
    buildCellOccupancy cpu [s]    = 9.5
    collision phase cpu [s]       = 4.06
    post fields/output cpu [s]    = 1.13
    total profiled cpu [s]        = 74.89
    full evolve cpu [s]           = 76.31
    collision localLoop max [s] = 4.252642285
    collision reduce max [s]    = 0
    collision sigmaBC max [s]   = 0.163083489
    collision total max [s]     = 4.407239723
    collision accounted max [s] = 4.405971729
    collision residual max [s]  = 0.001267994
    collision subphase max sum [s] = 4.415725774
    collision cumulative global collisions = 9584130
    collision cumulative global candidates  = 17276217
    collision cumulative acceptance        = 0.5547586025
    OpenMP enabled                = 0
    OpenMP max threads            = 1
    OpenMP move                   = 0 (static, chunk 64)
    OpenMP collision              = dynamic, chunk 8


Replicated mesh profiling summary:
    migration calls             = 56
    migration wall time [s]     = 2.948821335
    local particles (final)     = 323496
    migration wall max [s]      = 3.209079645
    migration pack max [s]      = 0.932988354
    migration local prep max [s]= 0.09082354
    migration size exchange max [s] = 0
    migration request post max [s] = 0.012473454
    migration wait max [s]      = 1.963206738
    migration deserialize max [s] = 0.155910279
    migration post max [s]      = 0.014673633
    migration candidate gather max [s] = 0.133684703
    migration accounted max [s] = 3.209079645
    migration residual max [s]  = 8.881784197e-16
    updateParticleCounts max [s]= 0.054078114
    migration subphase max sum [s] = 3.303760701
    particles per rank          = min 276809 max 338098 max/min 1.221412599
    rank wall time (evolve, 500 steps): min 59.36 max 73.01 max/min 1.22995283
    Phase C auto DLB checks      = 500
    Phase C auto DLB rebalances = 8
    Phase C auto DLB triggered checks = 8
    Phase C auto DLB wall max [s]= 16.17028558
    Phase C auto DLB check max [s]= 15.52048823
    Phase C ParMETIS max [s]     = 0.406947877
    Phase C migration max [s]    = 0.303593988
    Phase C cellOwner write max [s] = 0
    Phase C post-diagnostic max [s] = 0.053383498
    Phase C auto DLB accounted max [s] = 16.28441359
    Phase C auto DLB residual max [s] = -0.114128011

Total Iterations = 500
End main

