case=ourmesh
mode=MPI4xOMP2
rep=3
np=4
OMP_NUM_THREADS=2
case_dir=/home/superxcx/code/OpenFoam/OF-1706/hyStrath_dlb/run/hyStrath/dsmcFoam+/xcx_test/pal-phd-3.3.1-cylinder-react/timecompare/ourmesh/mix-mpi4omp2
controlDict=/home/superxcx/code/OpenFoam/OF-1706/hyStrath_dlb/doc/worklog/v2506/detail_mix/ourmesh_full_series_current_mpi8cfg_repeat3_20260618/controlDicts/ourmesh_MPI4xOMP2_rep3_controlDict
start=2026-06-18T00:34:24+08:00
/*---------------------------------------------------------------------------*\
| =========                 |                                                 |
| \\      /  F ield         | OpenFOAM: The Open Source CFD Toolbox           |
|  \\    /   O peration     | Version:  v1706                                 |
|   \\  /    A nd           | Web:      www.OpenFOAM.com                      |
|    \\/     M anipulation  |                                                 |
\*---------------------------------------------------------------------------*/
Build  : v1706
Arch   : "LSB;label=32;scalar=64"
Exec   : dsmcFoam+
Date   : Jun 18 2026
Time   : 00:34:24
Host   : "SuperXCX-ROG"
PID    : 38123
/*---------------------------------------------------------------------------*\
| =========                 |                                                 |
| \\      /  F ield         | OpenFOAM: The Open Source CFD Toolbox           |
|  \\    /   O peration     | Version:  v1706                                 |
|   \\  /    A nd           | Web:      www.OpenFOAM.com                      |
|    \\/     M anipulation  |                                                 |
\*---------------------------------------------------------------------------*/
Build  : v1706
Arch   : "LSB;label=32;scalar=64"
Exec   : dsmcFoam+
Date   : Jun 18 2026
Time   : 00:34:24
Host   : "SuperXCX-ROG"
PID    : 38124
Case   : /home/superxcx/code/OpenFoam/OF-1706/hyStrath_dlb/run/hyStrath/dsmcFoam+/xcx_test/pal-phd-3.3.1-cylinder-react/timecompare/ourmesh/mix-mpi4omp2
nProcs : 1
sigFpe : Enabling floating point exception trapping (FOAM_SIGFPE).
fileModificationChecking : Monitoring run-time modified files using timeStampMaster (fileModificationSkew 10)
allowSystemOperations : Allowing user-supplied system call operations

Case   : /home/superxcx/code/OpenFoam/OF-1706/hyStrath_dlb/run/hyStrath/dsmcFoam+/xcx_test/pal-phd-3.3.1-cylinder-react/timecompare/ourmesh/mix-mpi4omp2
nProcs : 1
sigFpe : Enabling floating point exception trapping (FOAM_SIGFPE).
fileModificationChecking : Monitoring run-time modified files using timeStampMaster (fileModificationSkew 10)
allowSystemOperations : Allowing user-supplied system call operations

// * * * * * * * * * * * * * * * * * * * * * * * * * * * * * * * * * * * * * //
Create time

// * * * * * * * * * * * * * * * * * * * * * * * * * * * * * * * * * * * * * //
Create time

Create mesh for time = 0

Create mesh for time = 0

Selecting dynamicFvMesh staticFvMesh
Selecting dynamicFvMesh staticFvMesh
/*---------------------------------------------------------------------------*\
| =========                 |                                                 |
| \\      /  F ield         | OpenFOAM: The Open Source CFD Toolbox           |
|  \\    /   O peration     | Version:  v1706                                 |
|   \\  /    A nd           | Web:      www.OpenFOAM.com                      |
|    \\/     M anipulation  |                                                 |
\*---------------------------------------------------------------------------*/
Build  : v1706
Arch   : "LSB;label=32;scalar=64"
Exec   : dsmcFoam+
Date   : Jun 18 2026
Time   : 00:34:24
Host   : "SuperXCX-ROG"
PID    : 38122
/*---------------------------------------------------------------------------*\
| =========                 |                                                 |
| \\      /  F ield         | OpenFOAM: The Open Source CFD Toolbox           |
|  \\    /   O peration     | Version:  v1706                                 |
|   \\  /    A nd           | Web:      www.OpenFOAM.com                      |
|    \\/     M anipulation  |                                                 |
\*---------------------------------------------------------------------------*/
Build  : v1706
Arch   : "LSB;label=32;scalar=64"
Exec   : dsmcFoam+
Date   : Jun 18 2026
Time   : 00:34:24
Host   : "SuperXCX-ROG"
PID    : 38121
Case   : /home/superxcx/code/OpenFoam/OF-1706/hyStrath_dlb/run/hyStrath/dsmcFoam+/xcx_test/pal-phd-3.3.1-cylinder-react/timecompare/ourmesh/mix-mpi4omp2
nProcs : 1
sigFpe : Enabling floating point exception trapping (FOAM_SIGFPE).
Case   : /home/superxcx/code/OpenFoam/OF-1706/hyStrath_dlb/run/hyStrath/dsmcFoam+/xcx_test/pal-phd-3.3.1-cylinder-react/timecompare/ourmesh/mix-mpi4omp2
nProcs : 1
sigFpe : Enabling floating point exception trapping (FOAM_SIGFPE).
fileModificationChecking : Monitoring run-time modified files using timeStampMaster (fileModificationSkew 10)
allowSystemOperations : Allowing user-supplied system call operations

// * * * * * * * * * * * * * * * * * * * * * * * * * * * * * * * * * * * * * //
Create time

fileModificationChecking : Monitoring run-time modified files using timeStampMaster (fileModificationSkew 10)
allowSystemOperations : Allowing user-supplied system call operations

// * * * * * * * * * * * * * * * * * * * * * * * * * * * * * * * * * * * * * //
Create time

Create mesh for time = 0

Create mesh for time = 0

Selecting dynamicFvMesh staticFvMesh
Selecting dynamicFvMesh staticFvMesh

Constructing dsmcCloud 

Constructing dsmcCloud 

Constructing dsmcCloud 

Constructing dsmcCloud 
Selecting the coordinate system model:	dsmcCartesian

Selecting the time-step model:	dsmcConstantTimeStepModel

Constant time-step model:
- time-step [sec]	1e-07

Selecting the porous measurement model:	dsmcNoPorousMediumMeasurements


Creating dsmcControllers

Creating fields: 

Selecting field: dsmcVolFields

TimeData Statistics: 
 measurement option: write
 nSamples: 1, time interval: 1e-07
 nAverages: 10000, time interval: 0.001
 total no. of sampling steps: 0
 total no. of averaging Steps: 0


Selecting the coordinate system model:	dsmcCartesian

Selecting the time-step model:	dsmcConstantTimeStepModel

Constant time-step model:
- time-step [sec]	1e-07

Selecting the porous measurement model:	dsmcNoPorousMediumMeasurements


Creating dsmcControllers

Creating fields: 

Selecting field: dsmcVolFields

TimeData Statistics: 
 measurement option: write
 nSamples: 1, time interval: 1e-07
 nAverages: 10000, time interval: 0.001
 total no. of sampling steps: 0
 total no. of averaging Steps: 0


Selecting the coordinate system model:	dsmcCartesian

Selecting the time-step model:	dsmcConstantTimeStepModel

Constant time-step model:
- time-step [sec]	1e-07

Selecting the porous measurement model:	dsmcNoPorousMediumMeasurements

Creating the boundary models: 

Selecting dsmcPatchBoundaryModel dsmcDeletionPatch
Selecting dsmcPatchBoundaryModel dsmcDeletionPatch
Selecting dsmcPatchBoundaryModel dsmcDiffuseWallPatch
Selecting dsmcGeneralBoundaryModel dsmcFreeStreamInflowPatch

Creating dsmcControllers

Selecting the coordinate system model:	dsmcCartesian

Selecting the time-step model:	dsmcConstantTimeStepModel

Creating fields: 

Selecting field: dsmcVolFields

TimeData Statistics: 
 measurement option: write
 nSamples: 1, time interval: 1e-07
 nAverages: 10000, time interval: 0.001
 total no. of sampling steps: 0
 total no. of averaging Steps: 0


Constant time-step model:
- time-step [sec]	1e-07

Selecting the porous measurement model:	dsmcNoPorousMediumMeasurements


Creating dsmcControllers

Creating fields: 

Selecting field: dsmcVolFields

TimeData Statistics: 
 measurement option: write
 nSamples: 1, time interval: 1e-07
 nAverages: 10000, time interval: 0.001
 total no. of sampling steps: 0
 total no. of averaging Steps: 0


Selecting BinaryCollisionModel LarsenBorgnakkeVariableHardSphere

Creating dsmcReactions

There are no chemical reactions defined.
Creating the boundary models: 

Selecting dsmcPatchBoundaryModel dsmcDeletionPatch
Selecting dsmcPatchBoundaryModel dsmcDeletionPatch
Selecting dsmcPatchBoundaryModel dsmcDiffuseWallPatch
Selecting dsmcGeneralBoundaryModel dsmcFreeStreamInflowPatch
Selecting BinaryCollisionModel LarsenBorgnakkeVariableHardSphere

Creating dsmcReactions

There are no chemical reactions defined.
Creating the boundary models: 

Selecting dsmcPatchBoundaryModel dsmcDeletionPatch
Selecting dsmcPatchBoundaryModel dsmcDeletionPatch
Selecting dsmcPatchBoundaryModel dsmcDiffuseWallPatch
Selecting dsmcGeneralBoundaryModel dsmcFreeStreamInflowPatch
Creating the boundary models: 

Selecting dsmcPatchBoundaryModel dsmcDeletionPatch
Selecting dsmcPatchBoundaryModel dsmcDeletionPatch
Selecting dsmcPatchBoundaryModel dsmcDiffuseWallPatch
Selecting dsmcGeneralBoundaryModel dsmcFreeStreamInflowPatch
Selecting BinaryCollisionModel LarsenBorgnakkeVariableHardSphere

Creating dsmcReactions

There are no chemical reactions defined.
Selecting BinaryCollisionModel LarsenBorgnakkeVariableHardSphere

Creating dsmcReactions

There are no chemical reactions defined.

Constructing constant properties for
	N2
	O2
	NO
	N
	O

Constructing constant properties for
	N2
	O2
	NO
	N
	O

Constructing constant properties for
	N2
	O2
	NO
	N
	O
Selecting collisionPartnerSelectionModel noTimeCounter
Collision profile: collisionReduceOnlyOnOutput defaulted to true for replicatedMesh run
Collision profile: collisionOutputGlobalReduce defaulted to false for replicatedMesh run

Initialising the measurement fields

Initialising dsmcVolFields field

Constructing constant properties for
	N2
	O2
	NO
	N
	O
Selecting collisionPartnerSelectionModel noTimeCounter
Collision profile: collisionReduceOnlyOnOutput defaulted to true for replicatedMesh run
Collision profile: collisionOutputGlobalReduce defaulted to false for replicatedMesh run

Initialising the measurement fields

Initialising dsmcVolFields field
Selecting collisionPartnerSelectionModel noTimeCounter
Collision profile: collisionReduceOnlyOnOutput defaulted to true for replicatedMesh run
Collision profile: collisionOutputGlobalReduce defaulted to false for replicatedMesh run

Initialising the measurement fields

Initialising dsmcVolFields field
Selecting collisionPartnerSelectionModel noTimeCounter
Collision profile: collisionReduceOnlyOnOutput defaulted to true for replicatedMesh run
Collision profile: collisionOutputGlobalReduce defaulted to false for replicatedMesh run

Initialising the measurement fields

Initialising dsmcVolFields field
Replicated mesh: METIS decomposition complete, 104151 cells -> 4 ranks
Replicated mesh: rank 0 owns 26039 / 104151 cells
Local mesh: 26039 owned + 166 halo = 26205 / 104151 cells
Replicated mesh: no-Alltoall async migration enabled
Replicated mesh: flatTransfer=1 found=1
Replicated mesh: flat POD transfer enabled
Replicated mesh: gatherCandidates=0
Replicated mesh: overlapSizeExchange=0
Replicated mesh: writeMode=gathered
Phase C auto DLB: enabled (ParMETIS AdaptiveRepart), imbalanceThreshold=1.5, dlbSteps=50, sarSteps=10, triggerMode=legacyWindow, minGapSteps=50, checkCollective=allgather, particleGate=1, particleGateThreshold=1.5, skipPostDiag=0, adaptiveAlpha=0
Replicated mesh: initialized with 4 MPI ranks, migrate interval 10

Starting time loop

Replicated mesh: initial particle distribution

Replicated mesh: rank 0 kept 637597 parcels, deleted 1420258 non-owned parcels
Time = 1e-06

    Collision global reduction skipped (rank 0 local diagnostics)
    Collisions                      = 862
    Collision candidates           = 882
    Collision acceptance rate      = 0.977324263

    Number of DSMC particles        = 2065841
    Number of stuck particles       = 0
    Number of free particles        = 2065841
    Average linear kinetic energy   = 1.111299929e-18
    Average rotational energy       = 2.630632718e-21
    Average vibrational energy      = 8.920206754e-24
    Average electronic energy       = 0
    Total energy                    = 1.150610927

Stage 1.0  ExecutionTime = 7.29 s  ClockTime = 7 s  Iteration 10 (0.18 s)

Time = 2e-06

    Collision global reduction skipped (rank 0 local diagnostics)
    Collisions                      = 1316
    Collision candidates           = 1406
    Collision acceptance rate      = 0.9359886202

    Number of DSMC particles        = 2073955
    Number of stuck particles       = 0
    Number of free particles        = 2073955
    Average linear kinetic energy   = 1.107068493e-18
    Average rotational energy       = 2.682494455e-21
    Average vibrational energy      = 1.888593768e-23
    Average electronic energy       = 0
    Total energy                    = 1.150806389

Stage 1.0  ExecutionTime = 9.16 s  ClockTime = 8 s  Iteration 20 (0.21 s)

Time = 3e-06

    Collision global reduction skipped (rank 0 local diagnostics)
    Collisions                      = 1328
    Collision candidates           = 1529
    Collision acceptance rate      = 0.8685415304

    Number of DSMC particles        = 2082040
    Number of stuck particles       = 0
    Number of free particles        = 2082040
    Average linear kinetic energy   = 1.102988364e-18
    Average rotational energy       = 2.750835288e-21
    Average vibrational energy      = 2.875100642e-23
    Average electronic energy       = 0
    Total energy                    = 1.151126552

Stage 1.0  ExecutionTime = 11.05 s  ClockTime = 9 s  Iteration 30 (0.18 s)

Time = 4e-06

    Collision global reduction skipped (rank 0 local diagnostics)
    Collisions                      = 1340
    Collision candidates           = 1591
    Collision acceptance rate      = 0.8422375864

    Number of DSMC particles        = 2090227
    Number of stuck particles       = 0
    Number of free particles        = 2090227
    Average linear kinetic energy   = 1.098933579e-18
    Average rotational energy       = 2.835097887e-21
    Average vibrational energy      = 4.144688542e-23
    Average electronic energy       = 0
    Total energy                    = 1.151516635

Stage 1.0  ExecutionTime = 13 s  ClockTime = 10 s  Iteration 40 (0.21 s)

Time = 5e-06

    Collision global reduction skipped (rank 0 local diagnostics)
    Collisions                      = 1421
    Collision candidates           = 1724
    Collision acceptance rate      = 0.8242459397

    Number of DSMC particles        = 2098374
    Number of stuck particles       = 0
    Number of free particles        = 2098374
    Average linear kinetic energy   = 1.095013612e-18
    Average rotational energy       = 2.945365125e-21
    Average vibrational energy      = 5.528237417e-23
    Average electronic energy       = 0
    Total energy                    = 1.152022287

Stage 1.0  ExecutionTime = 14.9 s  ClockTime = 11 s  Iteration 50 (0.19 s)

Time = 6e-06

    Collision global reduction skipped (rank 0 local diagnostics)
    Collisions                      = 1436
    Collision candidates           = 1804
    Collision acceptance rate      = 0.7960088692

    Number of DSMC particles        = 2106518
    Number of stuck particles       = 0
    Number of free particles        = 2106518
    Average linear kinetic energy   = 1.091213705e-18
    Average rotational energy       = 3.092992702e-21
    Average vibrational energy      = 7.104786474e-23
    Average electronic energy       = 0
    Total energy                    = 1.15266321

Stage 1.0  ExecutionTime = 16.88 s  ClockTime = 12 s  Iteration 60 (0.2 s)

Time = 7e-06

    Collision global reduction skipped (rank 0 local diagnostics)
    Collisions                      = 1417
    Collision candidates           = 1777
    Collision acceptance rate      = 0.7974113675

    Number of DSMC particles        = 2114801
    Number of stuck particles       = 0
    Number of free particles        = 2114801
    Average linear kinetic energy   = 1.087559761e-18
    Average rotational energy       = 3.25180499e-21
    Average vibrational energy      = 9.64704837e-23
    Average electronic energy       = 0
    Total energy                    = 1.153526703

Stage 1.0  ExecutionTime = 18.81 s  ClockTime = 13 s  Iteration 70 (0.2 s)

Time = 8e-06

    Collision global reduction skipped (rank 0 local diagnostics)
    Collisions                      = 1453
    Collision candidates           = 1839
    Collision acceptance rate      = 0.790103317

    Number of DSMC particles        = 2122798
    Number of stuck particles       = 0
    Number of free particles        = 2122798
    Average linear kinetic energy   = 1.083949528e-18
    Average rotational energy       = 3.443715063e-21
    Average vibrational energy      = 1.218919396e-22
    Average electronic energy       = 0
    Total energy                    = 1.154287476

Stage 1.0  ExecutionTime = 20.81 s  ClockTime = 14 s  Iteration 80 (0.21 s)

Time = 9e-06

    Collision global reduction skipped (rank 0 local diagnostics)
    Collisions                      = 1513
    Collision candidates           = 1979
    Collision acceptance rate      = 0.7645275392

    Number of DSMC particles        = 2130947
    Number of stuck particles       = 0
    Number of free particles        = 2130947
    Average linear kinetic energy   = 1.080469285e-18
    Average rotational energy       = 3.652496443e-21
    Average vibrational energy      = 1.524617474e-22
    Average electronic energy       = 0
    Total energy                    = 1.155265473

Stage 1.0  ExecutionTime = 22.84 s  ClockTime = 15 s  Iteration 90 (0.21 s)

Time = 1e-05

    Collision global reduction skipped (rank 0 local diagnostics)
    Collisions                      = 1410
    Collision candidates           = 1896
    Collision acceptance rate      = 0.7436708861

    Number of DSMC particles        = 2139017
    Number of stuck particles       = 0
    Number of free particles        = 2139017
    Average linear kinetic energy   = 1.077075551e-18
    Average rotational energy       = 3.909692809e-21
    Average vibrational energy      = 1.858964355e-22
    Average electronic energy       = 0
    Total energy                    = 1.156321724

Stage 1.0  ExecutionTime = 24.87 s  ClockTime = 16 s  Iteration 100 (0.21 s)

Time = 1.1e-05

    Collision global reduction skipped (rank 0 local diagnostics)
    Collisions                      = 1544
    Collision candidates           = 2026
    Collision acceptance rate      = 0.7620927937

    Number of DSMC particles        = 2147127
    Number of stuck particles       = 0
    Number of free particles        = 2147127
    Average linear kinetic energy   = 1.073744043e-18
    Average rotational energy       = 4.189332759e-21
    Average vibrational energy      = 2.176860862e-22
    Average electronic energy       = 0
    Total energy                    = 1.157463628

Stage 1.0  ExecutionTime = 26.94 s  ClockTime = 17 s  Iteration 110 (0.22 s)

Time = 1.2e-05

    Collision global reduction skipped (rank 0 local diagnostics)
    Collisions                      = 1545
    Collision candidates           = 2048
    Collision acceptance rate      = 0.7543945312

    Number of DSMC particles        = 2155189
    Number of stuck particles       = 0
    Number of free particles        = 2155189
    Average linear kinetic energy   = 1.070502853e-18
    Average rotational energy       = 4.489621208e-21
    Average vibrational energy      = 2.490510181e-22
    Average electronic energy       = 0
    Total energy                    = 1.158674354

Stage 1.0  ExecutionTime = 29.02 s  ClockTime = 18 s  Iteration 120 (0.22 s)

Time = 1.3e-05

    Collision global reduction skipped (rank 0 local diagnostics)
    Collisions                      = 1507
    Collision candidates           = 2037
    Collision acceptance rate      = 0.7398134512

    Number of DSMC particles        = 2163317
    Number of stuck particles       = 0
    Number of free particles        = 2163317
    Average linear kinetic energy   = 1.067273456e-18
    Average rotational energy       = 4.8119788e-21
    Average vibrational energy      = 2.899347322e-22
    Average electronic energy       = 0
    Total energy                    = 1.159943934

Stage 1.0  ExecutionTime = 31.14 s  ClockTime = 19 s  Iteration 130 (0.22 s)

Time = 1.4e-05

    Collision global reduction skipped (rank 0 local diagnostics)
    Collisions                      = 1607
    Collision candidates           = 2172
    Collision acceptance rate      = 0.7398710866

    Number of DSMC particles        = 2171331
    Number of stuck particles       = 0
    Number of free particles        = 2171331
    Average linear kinetic energy   = 1.064179807e-18
    Average rotational energy       = 5.156958929e-21
    Average vibrational energy      = 3.425967773e-22
    Average electronic energy       = 0
    Total energy                    = 1.16131398

Stage 1.0  ExecutionTime = 33.3 s  ClockTime = 20 s  Iteration 140 (0.22 s)

Time = 1.5e-05

    Collision global reduction skipped (rank 0 local diagnostics)
    Collisions                      = 1574
    Collision candidates           = 2175
    Collision acceptance rate      = 0.7236781609

    Number of DSMC particles        = 2179456
    Number of stuck particles       = 0
    Number of free particles        = 2179456
    Average linear kinetic energy   = 1.061130085e-18
    Average rotational energy       = 5.51378881e-21
    Average vibrational energy      = 3.967140851e-22
    Average electronic energy       = 0
    Total energy                    = 1.162784006

Stage 1.0  ExecutionTime = 35.47 s  ClockTime = 22 s  Iteration 150 (0.23 s)

Time = 1.6e-05

    Collision global reduction skipped (rank 0 local diagnostics)
    Collisions                      = 1609
    Collision candidates           = 2256
    Collision acceptance rate      = 0.7132092199

    Number of DSMC particles        = 2187626
    Number of stuck particles       = 0
    Number of free particles        = 2187626
    Average linear kinetic energy   = 1.058179879e-18
    Average rotational energy       = 5.891561797e-21
    Average vibrational energy      = 4.50073638e-22
    Average electronic energy       = 0
    Total energy                    = 1.164387471

Stage 1.0  ExecutionTime = 37.65 s  ClockTime = 23 s  Iteration 160 (0.23 s)

Time = 1.7e-05

    Collision global reduction skipped (rank 0 local diagnostics)
    Collisions                      = 1614
    Collision candidates           = 2252
    Collision acceptance rate      = 0.71669627

    Number of DSMC particles        = 2195870
    Number of stuck particles       = 0
    Number of free particles        = 2195870
    Average linear kinetic energy   = 1.05528075e-18
    Average rotational energy       = 6.288322228e-21
    Average vibrational energy      = 5.035459546e-22
    Average electronic energy       = 0
    Total energy                    = 1.1660867

Stage 1.0  ExecutionTime = 39.86 s  ClockTime = 24 s  Iteration 170 (0.23 s)

Time = 1.8e-05

    Collision global reduction skipped (rank 0 local diagnostics)
    Collisions                      = 1603
    Collision candidates           = 2280
    Collision acceptance rate      = 0.7030701754

    Number of DSMC particles        = 2204013
    Number of stuck particles       = 0
    Number of free particles        = 2204013
    Average linear kinetic energy   = 1.052461961e-18
    Average rotational energy       = 6.709247119e-21
    Average vibrational energy      = 5.685817739e-22
    Average electronic energy       = 0
    Total energy                    = 1.167840137

Stage 1.0  ExecutionTime = 42.12 s  ClockTime = 25 s  Iteration 180 (0.23 s)

Time = 1.9e-05

    Collision global reduction skipped (rank 0 local diagnostics)
    Collisions                      = 1695
    Collision candidates           = 2370
    Collision acceptance rate      = 0.7151898734

    Number of DSMC particles        = 2212123
    Number of stuck particles       = 0
    Number of free particles        = 2212123
    Average linear kinetic energy   = 1.049684284e-18
    Average rotational energy       = 7.149932092e-21
    Average vibrational energy      = 6.295121409e-22
    Average electronic energy       = 0
    Total energy                    = 1.169619917

Stage 1.0  ExecutionTime = 44.42 s  ClockTime = 26 s  Iteration 190 (0.22 s)

Time = 2e-05

    Collision global reduction skipped (rank 0 local diagnostics)
    Collisions                      = 1642
    Collision candidates           = 2333
    Collision acceptance rate      = 0.7038148307

    Number of DSMC particles        = 2220297
    Number of stuck particles       = 0
    Number of free particles        = 2220297
    Average linear kinetic energy   = 1.046928587e-18
    Average rotational energy       = 7.564179752e-21
    Average vibrational energy      = 7.071550486e-22
    Average electronic energy       = 0
    Total energy                    = 1.17142861

Stage 1.0  ExecutionTime = 46.85 s  ClockTime = 27 s  Iteration 200 (0.26 s)

Time = 2.1e-05

    Collision global reduction skipped (rank 0 local diagnostics)
    Collisions                      = 1666
    Collision candidates           = 2374
    Collision acceptance rate      = 0.701769166

    Number of DSMC particles        = 2228431
    Number of stuck particles       = 0
    Number of free particles        = 2228431
    Average linear kinetic energy   = 1.044232506e-18
    Average rotational energy       = 8.025291195e-21
    Average vibrational energy      = 7.718186099e-22
    Average electronic energy       = 0
    Total energy                    = 1.17330192

Stage 1.0  ExecutionTime = 49.17 s  ClockTime = 28 s  Iteration 210 (0.24 s)

Time = 2.2e-05

    Collision global reduction skipped (rank 0 local diagnostics)
    Collisions                      = 1743
    Collision candidates           = 2444
    Collision acceptance rate      = 0.7131751227

    Number of DSMC particles        = 2236419
    Number of stuck particles       = 0
    Number of free particles        = 2236419
    Average linear kinetic energy   = 1.041585083e-18
    Average rotational energy       = 8.488824599e-21
    Average vibrational energy      = 8.464540936e-22
    Average electronic energy       = 0
    Total energy                    = 1.175149133

Stage 1.0  ExecutionTime = 51.53 s  ClockTime = 29 s  Iteration 220 (0.24 s)

Time = 2.3e-05

    Collision global reduction skipped (rank 0 local diagnostics)
    Collisions                      = 1679
    Collision candidates           = 2439
    Collision acceptance rate      = 0.688396884

    Number of DSMC particles        = 2244463
    Number of stuck particles       = 0
    Number of free particles        = 2244463
    Average linear kinetic energy   = 1.038945923e-18
    Average rotational energy       = 8.965668365e-21
    Average vibrational energy      = 9.309092369e-22
    Average electronic energy       = 0
    Total energy                    = 1.177044093

Stage 1.0  ExecutionTime = 53.95 s  ClockTime = 30 s  Iteration 230 (0.27 s)

Time = 2.4e-05

    Collision global reduction skipped (rank 0 local diagnostics)
    Collisions                      = 1714
    Collision candidates           = 2456
    Collision acceptance rate      = 0.6978827362

    Number of DSMC particles        = 2252631
    Number of stuck particles       = 0
    Number of free particles        = 2252631
    Average linear kinetic energy   = 1.036410144e-18
    Average rotational energy       = 9.452375714e-21
    Average vibrational energy      = 1.009814315e-21
    Average electronic energy       = 0
    Total energy                    = 1.179108536

Stage 1.0  ExecutionTime = 56.37 s  ClockTime = 31 s  Iteration 240 (0.26 s)

Time = 2.5e-05

    Collision global reduction skipped (rank 0 local diagnostics)
    Collisions                      = 1769
    Collision candidates           = 2560
    Collision acceptance rate      = 0.691015625

    Number of DSMC particles        = 2260769
    Number of stuck particles       = 0
    Number of free particles        = 2260769
    Average linear kinetic energy   = 1.033879604e-18
    Average rotational energy       = 9.942432403e-21
    Average vibrational energy      = 1.093342054e-21
    Average electronic energy       = 0
    Total energy                    = 1.181156148

Stage 1.0  ExecutionTime = 58.82 s  ClockTime = 33 s  Iteration 250 (0.26 s)

Time = 2.6e-05

    Collision global reduction skipped (rank 0 local diagnostics)
    Collisions                      = 1807
    Collision candidates           = 2622
    Collision acceptance rate      = 0.6891685736

    Number of DSMC particles        = 2268908
    Number of stuck particles       = 0
    Number of free particles        = 2268908
    Average linear kinetic energy   = 1.031388032e-18
    Average rotational energy       = 1.046857038e-20
    Average vibrational energy      = 1.188710491e-21
    Average electronic energy       = 0
    Total energy                    = 1.183286927

Stage 1.0  ExecutionTime = 61.31 s  ClockTime = 34 s  Iteration 260 (0.27 s)

Time = 2.7e-05

    Collision global reduction skipped (rank 0 local diagnostics)
    Collisions                      = 1767
    Collision candidates           = 2624
    Collision acceptance rate      = 0.6733993902

    Number of DSMC particles        = 2276987
    Number of stuck particles       = 0
    Number of free particles        = 2276987
    Average linear kinetic energy   = 1.028921587e-18
    Average rotational energy       = 1.098700863e-20
    Average vibrational energy      = 1.284266049e-21
    Average electronic energy       = 0
    Total energy                    = 1.185391305

Stage 1.0  ExecutionTime = 63.72 s  ClockTime = 35 s  Iteration 270 (0.26 s)

Time = 2.8e-05

    Collision global reduction skipped (rank 0 local diagnostics)
    Collisions                      = 1840
    Collision candidates           = 2708
    Collision acceptance rate      = 0.6794682422

    Number of DSMC particles        = 2285079
    Number of stuck particles       = 0
    Number of free particles        = 2285079
    Average linear kinetic energy   = 1.026529209e-18
    Average rotational energy       = 1.150601459e-20
    Average vibrational energy      = 1.381028358e-21
    Average electronic energy       = 0
    Total energy                    = 1.187574125

Stage 1.0  ExecutionTime = 66.22 s  ClockTime = 36 s  Iteration 280 (0.26 s)

Time = 2.9e-05

    Collision global reduction skipped (rank 0 local diagnostics)
    Collisions                      = 1824
    Collision candidates           = 2689
    Collision acceptance rate      = 0.6783190777

    Number of DSMC particles        = 2293268
    Number of stuck particles       = 0
    Number of free particles        = 2293268
    Average linear kinetic energy   = 1.024178215e-18
    Average rotational energy       = 1.200163806e-20
    Average vibrational energy      = 1.487535264e-21
    Average electronic energy       = 0
    Total energy                    = 1.189824709

Stage 1.0  ExecutionTime = 68.73 s  ClockTime = 38 s  Iteration 290 (0.28 s)

Time = 3e-05

    Collision global reduction skipped (rank 0 local diagnostics)
    Collisions                      = 1876
    Collision candidates           = 2775
    Collision acceptance rate      = 0.676036036

    Number of DSMC particles        = 2301450
    Number of stuck particles       = 0
    Number of free particles        = 2301450
    Average linear kinetic energy   = 1.021825571e-18
    Average rotational energy       = 1.254083239e-20
    Average vibrational energy      = 1.59695025e-21
    Average electronic energy       = 0
    Total energy                    = 1.19210893

Stage 1.0  ExecutionTime = 71.23 s  ClockTime = 39 s  Iteration 300 (0.26 s)

Time = 3.1e-05

    Collision global reduction skipped (rank 0 local diagnostics)
    Collisions                      = 1856
    Collision candidates           = 2769
    Collision acceptance rate      = 0.6702780787

    Number of DSMC particles        = 2309543
    Number of stuck particles       = 0
    Number of free particles        = 2309543
    Average linear kinetic energy   = 1.019494555e-18
    Average rotational energy       = 1.310423662e-20
    Average vibrational energy      = 1.703592011e-21
    Average electronic energy       = 0
    Total energy                    = 1.194382915

Stage 1.0  ExecutionTime = 73.84 s  ClockTime = 40 s  Iteration 310 (0.27 s)

Time = 3.2e-05

    Collision global reduction skipped (rank 0 local diagnostics)
    Collisions                      = 1824
    Collision candidates           = 2821
    Collision acceptance rate      = 0.6465792272

    Number of DSMC particles        = 2317735
    Number of stuck particles       = 0
    Number of free particles        = 2317735
    Average linear kinetic energy   = 1.017240359e-18
    Average rotational energy       = 1.364517779e-20
    Average vibrational energy      = 1.810233317e-21
    Average electronic energy       = 0
    Total energy                    = 1.196757565

Stage 1.0  ExecutionTime = 76.54 s  ClockTime = 42 s  Iteration 320 (0.29 s)

Time = 3.3e-05

    Collision global reduction skipped (rank 0 local diagnostics)
    Collisions                      = 1896
    Collision candidates           = 2901
    Collision acceptance rate      = 0.6535677353

    Number of DSMC particles        = 2325827
    Number of stuck particles       = 0
    Number of free particles        = 2325827
    Average linear kinetic energy   = 1.015005835e-18
    Average rotational energy       = 1.420197686e-20
    Average vibrational energy      = 1.922611496e-21
    Average electronic energy       = 0
    Total energy                    = 1.19911549

Stage 1.0  ExecutionTime = 79.15 s  ClockTime = 43 s  Iteration 330 (0.29 s)

Time = 3.4e-05

    Collision global reduction skipped (rank 0 local diagnostics)
    Collisions                      = 1917
    Collision candidates           = 2912
    Collision acceptance rate      = 0.6583104396

    Number of DSMC particles        = 2333983
    Number of stuck particles       = 0
    Number of free particles        = 2333983
    Average linear kinetic energy   = 1.012775592e-18
    Average rotational energy       = 1.478550151e-20
    Average vibrational energy      = 2.034954064e-21
    Average electronic energy       = 0
    Total energy                    = 1.201529837

Stage 1.0  ExecutionTime = 81.76 s  ClockTime = 44 s  Iteration 340 (0.27 s)

Time = 3.5e-05

    Collision global reduction skipped (rank 0 local diagnostics)
    Collisions                      = 1907
    Collision candidates           = 2889
    Collision acceptance rate      = 0.6600899965

    Number of DSMC particles        = 2342186
    Number of stuck particles       = 0
    Number of free particles        = 2342186
    Average linear kinetic energy   = 1.010585142e-18
    Average rotational energy       = 1.532074641e-20
    Average vibrational energy      = 2.160884418e-21
    Average electronic energy       = 0
    Total energy                    = 1.203961801

Stage 1.0  ExecutionTime = 84.4 s  ClockTime = 46 s  Iteration 350 (0.3 s)

Time = 3.6e-05

    Collision global reduction skipped (rank 0 local diagnostics)
    Collisions                      = 1929
    Collision candidates           = 2880
    Collision acceptance rate      = 0.6697916667

    Number of DSMC particles        = 2350272
    Number of stuck particles       = 0
    Number of free particles        = 2350272
    Average linear kinetic energy   = 1.008433276e-18
    Average rotational energy       = 1.588396047e-20
    Average vibrational energy      = 2.298996584e-21
    Average electronic energy       = 0
    Total energy                    = 1.206413693

Stage 1.0  ExecutionTime = 87.08 s  ClockTime = 47 s  Iteration 360 (0.3 s)

Time = 3.7e-05

    Collision global reduction skipped (rank 0 local diagnostics)
    Collisions                      = 1987
    Collision candidates           = 3020
    Collision acceptance rate      = 0.6579470199

    Number of DSMC particles        = 2358343
    Number of stuck particles       = 0
    Number of free particles        = 2358343
    Average linear kinetic energy   = 1.006298838e-18
    Average rotational energy       = 1.645043639e-20
    Average vibrational energy      = 2.416239195e-21
    Average electronic energy       = 0
    Total energy                    = 1.208845956

Stage 1.0  ExecutionTime = 89.8 s  ClockTime = 49 s  Iteration 370 (0.3 s)

Time = 3.8e-05

    Collision global reduction skipped (rank 0 local diagnostics)
    Collisions                      = 1985
    Collision candidates           = 3038
    Collision acceptance rate      = 0.6533903884

    Number of DSMC particles        = 2366424
    Number of stuck particles       = 0
    Number of free particles        = 2366424
    Average linear kinetic energy   = 1.004172289e-18
    Average rotational energy       = 1.705365299e-20
    Average vibrational energy      = 2.529964351e-21
    Average electronic energy       = 0
    Total energy                    = 1.211320274

Stage 1.0  ExecutionTime = 92.57 s  ClockTime = 50 s  Iteration 380 (0.31 s)

Time = 3.9e-05

    Collision global reduction skipped (rank 0 local diagnostics)
    Collisions                      = 1948
    Collision candidates           = 2933
    Collision acceptance rate      = 0.6641663825

    Number of DSMC particles        = 2374542
    Number of stuck particles       = 0
    Number of free particles        = 2374542
    Average linear kinetic energy   = 1.002085806e-18
    Average rotational energy       = 1.763906548e-20
    Average vibrational energy      = 2.669146124e-21
    Average electronic energy       = 0
    Total energy                    = 1.213858768

Stage 1.0  ExecutionTime = 95.38 s  ClockTime = 51 s  Iteration 390 (0.31 s)

Time = 4e-05

    Collision global reduction skipped (rank 0 local diagnostics)
    Collisions                      = 1999
    Collision candidates           = 3059
    Collision acceptance rate      = 0.6534815299

    Number of DSMC particles        = 2382567
    Number of stuck particles       = 0
    Number of free particles        = 2382567
    Average linear kinetic energy   = 1.000045374e-18
    Average rotational energy       = 1.820976982e-20
    Average vibrational energy      = 2.808311175e-21
    Average electronic energy       = 0
    Total energy                    = 1.216376046

Stage 1.0  ExecutionTime = 98.2 s  ClockTime = 53 s  Iteration 400 (0.31 s)

Time = 4.1e-05

    Collision global reduction skipped (rank 0 local diagnostics)
    Collisions                      = 1999
    Collision candidates           = 3142
    Collision acceptance rate      = 0.6362189688

    Number of DSMC particles        = 2390535
    Number of stuck particles       = 0
    Number of free particles        = 2390535
    Average linear kinetic energy   = 9.980164492e-19
    Average rotational energy       = 1.876545054e-20
    Average vibrational energy      = 2.947561691e-21
    Average electronic energy       = 0
    Total energy                    = 1.218849484

Stage 1.0  ExecutionTime = 101.08 s  ClockTime = 54 s  Iteration 410 (0.33 s)

Time = 4.2e-05

    Collision global reduction skipped (rank 0 local diagnostics)
    Collisions                      = 2098
    Collision candidates           = 3218
    Collision acceptance rate      = 0.6519577377

    Number of DSMC particles        = 2398611
    Number of stuck particles       = 0
    Number of free particles        = 2398611
    Average linear kinetic energy   = 9.960292654e-19
    Average rotational energy       = 1.930996508e-20
    Average vibrational energy      = 3.095006093e-21
    Average electronic energy       = 0
    Total energy                    = 1.221413781

Stage 1.0  ExecutionTime = 103.95 s  ClockTime = 56 s  Iteration 420 (0.3 s)

Time = 4.3e-05

    Collision global reduction skipped (rank 0 local diagnostics)
    Collisions                      = 2107
    Collision candidates           = 3230
    Collision acceptance rate      = 0.6523219814

    Number of DSMC particles        = 2406730
    Number of stuck particles       = 0
    Number of free particles        = 2406730
    Average linear kinetic energy   = 9.941015234e-19
    Average rotational energy       = 1.986087666e-20
    Average vibrational energy      = 3.239424563e-21
    Average electronic energy       = 0
    Total energy                    = 1.224065074

Stage 1.0  ExecutionTime = 106.88 s  ClockTime = 57 s  Iteration 430 (0.32 s)

Time = 4.4e-05

    Collision global reduction skipped (rank 0 local diagnostics)
    Collisions                      = 2138
    Collision candidates           = 3359
    Collision acceptance rate      = 0.636498958

    Number of DSMC particles        = 2414860
    Number of stuck particles       = 0
    Number of free particles        = 2414860
    Average linear kinetic energy   = 9.921215747e-19
    Average rotational energy       = 2.042988729e-20
    Average vibrational energy      = 3.393434964e-21
    Average electronic energy       = 0
    Total energy                    = 1.226682347

Stage 1.0  ExecutionTime = 109.72 s  ClockTime = 59 s  Iteration 440 (0.32 s)

Time = 4.5e-05

    Collision global reduction skipped (rank 0 local diagnostics)
    Collisions                      = 2081
    Collision candidates           = 3340
    Collision acceptance rate      = 0.6230538922

    Number of DSMC particles        = 2423075
    Number of stuck particles       = 0
    Number of free particles        = 2423075
    Average linear kinetic energy   = 9.901561658e-19
    Average rotational energy       = 2.105664151e-20
    Average vibrational energy      = 3.537739959e-21
    Average electronic energy       = 0
    Total energy                    = 1.229408341

Stage 1.0  ExecutionTime = 112.74 s  ClockTime = 59 s  Iteration 450 (0.32 s)

Time = 4.6e-05

    Collision global reduction skipped (rank 0 local diagnostics)
    Collisions                      = 2231
    Collision candidates           = 3403
    Collision acceptance rate      = 0.6555980018

    Number of DSMC particles        = 2431307
    Number of stuck particles       = 0
    Number of free particles        = 2431307
    Average linear kinetic energy   = 9.882579907e-19
    Average rotational energy       = 2.160206479e-20
    Average vibrational energy      = 3.689929967e-21
    Average electronic energy       = 0
    Total energy                    = 1.232125587

Stage 1.0  ExecutionTime = 115.73 s  ClockTime = 61 s  Iteration 460 (0.32 s)

Time = 4.7e-05

    Collision global reduction skipped (rank 0 local diagnostics)
    Collisions                      = 2126
    Collision candidates           = 3395
    Collision acceptance rate      = 0.6262150221

    Number of DSMC particles        = 2439336
    Number of stuck particles       = 0
    Number of free particles        = 2439336
    Average linear kinetic energy   = 9.863631687e-19
    Average rotational energy       = 2.216426956e-20
    Average vibrational energy      = 3.837571038e-21
    Average electronic energy       = 0
    Total energy                    = 1.234749206

Stage 1.0  ExecutionTime = 118.71 s  ClockTime = 62 s  Iteration 470 (0.33 s)

Time = 4.8e-05

    Collision global reduction skipped (rank 0 local diagnostics)
    Collisions                      = 2202
    Collision candidates           = 3492
    Collision acceptance rate      = 0.6305841924

    Number of DSMC particles        = 2447448
    Number of stuck particles       = 0
    Number of free particles        = 2447448
    Average linear kinetic energy   = 9.844697062e-19
    Average rotational energy       = 2.274674899e-20
    Average vibrational energy      = 3.986442042e-21
    Average electronic energy       = 0
    Total energy                    = 1.237433254

Stage 1.0  ExecutionTime = 121.8 s  ClockTime = 64 s  Iteration 480 (0.37 s)

Time = 4.9e-05

    Collision global reduction skipped (rank 0 local diagnostics)
    Collisions                      = 2236
    Collision candidates           = 3535
    Collision acceptance rate      = 0.6325318246

    Number of DSMC particles        = 2455598
    Number of stuck particles       = 0
    Number of free particles        = 2455598
    Average linear kinetic energy   = 9.826857123e-19
    Average rotational energy       = 2.330111134e-20
    Average vibrational energy      = 4.128848281e-21
    Average electronic energy       = 0
    Total energy                    = 1.240219012

Stage 1.0  ExecutionTime = 124.89 s  ClockTime = 66 s  Iteration 490 (0.33 s)

Time = 5e-05

    Collision global reduction skipped (rank 0 local diagnostics)
    Collisions                      = 2310
    Collision candidates           = 3634
    Collision acceptance rate      = 0.6356631811

    Number of DSMC particles        = 2463625
    Number of stuck particles       = 0
    Number of free particles        = 2463625
    Average linear kinetic energy   = 9.808427501e-19
    Average rotational energy       = 2.387208233e-20
    Average vibrational energy      = 4.301648562e-21
    Average electronic energy       = 0
    Total energy                    = 1.242919114

Stage 1.0  ExecutionTime = 128.01 s  ClockTime = 67 s  Iteration 500 (0.34 s)

End stage 1


DSMC solver profile summary
    solver profile steps          = 500
    move+collide wall [s]         = 60.80964792
    move only [s]                 = 50.84091901
    buildCellOccupancy [s]        = 7.000878231
    collision phase [s]           = 3.222622783
    post fields/output [s]        = 0.721080444
    total profiled [s]            = 61.78550047
    full evolve wall [s]          = 61.49236945
    move+collide cpu [s]          = 118.5
    move only cpu [s]             = 99.39
    buildCellOccupancy cpu [s]    = 12.68
    collision phase cpu [s]       = 6.54
    post fields/output cpu [s]    = 1.49
    total profiled cpu [s]        = 120.1
    full evolve cpu [s]           = 119.82
    collision localLoop max [s] = 3.076165966
    collision reduce max [s]    = 0
    collision sigmaBC max [s]   = 0.143628871
    collision total max [s]     = 3.220949426
    collision accounted max [s] = 3.219794837
    collision residual max [s]  = 0.001219228
    collision subphase max sum [s] = 3.219794837
    collision cumulative global collisions = 9751716
    collision cumulative global candidates  = 17801253
    collision cumulative acceptance        = 0.5478106513
    OpenMP enabled                = 1
    OpenMP max threads            = 2
    OpenMP move                   = 1 (static, chunk 64)
    OpenMP collision              = dynamic, chunk 8


Replicated mesh profiling summary:
    migration calls             = 51
    migration wall time [s]     = 0.716270181
    local particles (final)     = 675548
    migration wall max [s]      = 2.162241631
    migration pack max [s]      = 0.473946951
    migration local prep max [s]= 0.059360953
    migration size exchange max [s] = 0
    migration request post max [s] = 0.01236592
    migration wait max [s]      = 1.736450706
    migration deserialize max [s] = 0.109730582
    migration post max [s]      = 0.026086907
    migration candidate gather max [s] = 1.5106e-05
    migration accounted max [s] = 2.162241631
    migration residual max [s]  = 2.220446049e-16
    updateParticleCounts max [s]= 0.114235173
    migration subphase max sum [s] = 2.417957125
    particles per rank          = min 547175 max 675548 max/min 1.234610499
    rank wall time (evolve, 500 steps): min 87.28 max 118.48 max/min 1.357470211
    Phase C auto DLB checks      = 500
    Phase C auto DLB rebalances = 0
    Phase C auto DLB triggered checks = 0
    Phase C auto DLB wall max [s]= 0.924118394
    Phase C auto DLB check max [s]= 0.924118394
    Phase C ParMETIS max [s]     = 0
    Phase C migration max [s]    = 0
    Phase C cellOwner write max [s] = 0
    Phase C post-diagnostic max [s] = 0
    Phase C auto DLB accounted max [s] = 0.924118394
    Phase C auto DLB residual max [s] = 0

Total Iterations = 500
End main

real 67.20
user 488.80
sys 16.14
