case=ourmesh
mode=MPI8_serialfast
rep=2
np=8
OMP_NUM_THREADS=1
case_dir=/home/superxcx/code/OpenFoam/OF-1706/hyStrath_dlb/run/hyStrath/dsmcFoam+/xcx_test/pal-phd-3.3.1-cylinder-react/timecompare/ourmesh/mpi8replicatedmesh
controlDict=/home/superxcx/code/OpenFoam/OF-1706/hyStrath_dlb/doc/worklog/v2506/detail_mix/mpi8_serial_collision_kernel_20260611/controlDicts/ourmesh_MPI8_serialfast_rep2_controlDict
start=2026-06-11T02:25:12+08:00
/*---------------------------------------------------------------------------*\
| =========                 |                                                 |
| \\      /  F ield         | OpenFOAM: The Open Source CFD Toolbox           |
|  \\    /   O peration     | Version:  v1706                                 |
|   \\  /    A nd           | Web:      www.OpenFOAM.com                      |
|    \\/     M anipulation  |                                                 |
\*---------------------------------------------------------------------------*/
Build  : v1706
Arch   : "LSB;label=32;scalar=64"
Exec   : dsmcFoam+ -case /home/superxcx/code/OpenFoam/OF-1706/hyStrath_dlb/run/hyStrath/dsmcFoam+/xcx_test/pal-phd-3.3.1-cylinder-react/timecompare/ourmesh/mpi8replicatedmesh
Date   : Jun 11 2026
Time   : 02:25:12
Host   : "SuperXCX-ROG"
PID    : 178554
/*---------------------------------------------------------------------------*\
| =========                 |                                                 |
| \\      /  F ield         | OpenFOAM: The Open Source CFD Toolbox           |
|  \\    /   O peration     | Version:  v1706                                 |
|   \\  /    A nd           | Web:      www.OpenFOAM.com                      |
|    \\/     M anipulation  |                                                 |
\*---------------------------------------------------------------------------*/
Build  : v1706
Arch   : "LSB;label=32;scalar=64"
Exec   : dsmcFoam+ -case /home/superxcx/code/OpenFoam/OF-1706/hyStrath_dlb/run/hyStrath/dsmcFoam+/xcx_test/pal-phd-3.3.1-cylinder-react/timecompare/ourmesh/mpi8replicatedmesh
Date   : Jun 11 2026
Time   : 02:25:12
Host   : "SuperXCX-ROG"
PID    : 178558
/*---------------------------------------------------------------------------*\
| =========                 |                                                 |
| \\      /  F ield         | OpenFOAM: The Open Source CFD Toolbox           |
|  \\    /   O peration     | Version:  v1706                                 |
|   \\  /    A nd           | Web:      www.OpenFOAM.com                      |
|    \\/     M anipulation  |                                                 |
\*---------------------------------------------------------------------------*/
Build  : v1706
Arch   : "LSB;label=32;scalar=64"
Exec   : dsmcFoam+ -case /home/superxcx/code/OpenFoam/OF-1706/hyStrath_dlb/run/hyStrath/dsmcFoam+/xcx_test/pal-phd-3.3.1-cylinder-react/timecompare/ourmesh/mpi8replicatedmesh
Date   : Jun 11 2026
Time   : 02:25:12
Host   : "SuperXCX-ROG"
PID    : 178555
Case   : /home/superxcx/code/OpenFoam/OF-1706/hyStrath_dlb/run/hyStrath/dsmcFoam+/xcx_test/pal-phd-3.3.1-cylinder-react/timecompare/ourmesh/mpi8replicatedmesh
nProcs : 1
sigFpe : Enabling floating point exception trapping (FOAM_SIGFPE).
Case   : /home/superxcx/code/OpenFoam/OF-1706/hyStrath_dlb/run/hyStrath/dsmcFoam+/xcx_test/pal-phd-3.3.1-cylinder-react/timecompare/ourmesh/mpi8replicatedmesh
nProcs : 1
sigFpe : Enabling floating point exception trapping (FOAM_SIGFPE).
fileModificationChecking : Monitoring run-time modified files using timeStampMaster (fileModificationSkew 10)
allowSystemOperations : Allowing user-supplied system call operations

/*---------------------------------------------------------------------------*\
| =========                 |                                                 |
| \\      /  F ield         | OpenFOAM: The Open Source CFD Toolbox           |
|  \\    /   O peration     | Version:  v1706                                 |
|   \\  /    A nd           | Web:      www.OpenFOAM.com                      |
|    \\/     M anipulation  |                                                 |
\*---------------------------------------------------------------------------*/
Build  : v1706
Arch   : "LSB;label=32;scalar=64"
Exec   : dsmcFoam+ -case /home/superxcx/code/OpenFoam/OF-1706/hyStrath_dlb/run/hyStrath/dsmcFoam+/xcx_test/pal-phd-3.3.1-cylinder-react/timecompare/ourmesh/mpi8replicatedmesh
Date   : Jun 11 2026
Time   : 02:25:12
Host   : "SuperXCX-ROG"
PID    : 178556
Case   : /home/superxcx/code/OpenFoam/OF-1706/hyStrath_dlb/run/hyStrath/dsmcFoam+/xcx_test/pal-phd-3.3.1-cylinder-react/timecompare/ourmesh/mpi8replicatedmesh
nProcs : 1
sigFpe : Enabling floating point exception trapping (FOAM_SIGFPE).
fileModificationChecking : Monitoring run-time modified files using timeStampMaster (fileModificationSkew 10)
allowSystemOperations : Allowing user-supplied system call operations

fileModificationChecking : Monitoring run-time modified files using timeStampMaster (fileModificationSkew 10)
allowSystemOperations : Allowing user-supplied system call operations

// * * * * * * * * * * * * * * * * * * * * * * * * * * * * * * * * * * * * * //
Create time

// * * * * * * * * * * * * * * * * * * * * * * * * * * * * * * * * * * * * * //
Create time

// * * * * * * * * * * * * * * * * * * * * * * * * * * * * * * * * * * * * * //
Create time

Case   : /home/superxcx/code/OpenFoam/OF-1706/hyStrath_dlb/run/hyStrath/dsmcFoam+/xcx_test/pal-phd-3.3.1-cylinder-react/timecompare/ourmesh/mpi8replicatedmesh
nProcs : 1
sigFpe : Enabling floating point exception trapping (FOAM_SIGFPE).
fileModificationChecking : Monitoring run-time modified files using timeStampMaster (fileModificationSkew 10)
allowSystemOperations : Allowing user-supplied system call operations

// * * * * * * * * * * * * * * * * * * * * * * * * * * * * * * * * * * * * * //
Create time

/*---------------------------------------------------------------------------*\
| =========                 |                                                 |
| \\      /  F ield         | OpenFOAM: The Open Source CFD Toolbox           |
|  \\    /   O peration     | Version:  v1706                                 |
|   \\  /    A nd           | Web:      www.OpenFOAM.com                      |
|    \\/     M anipulation  |                                                 |
\*---------------------------------------------------------------------------*/
Build  : v1706
Arch   : "LSB;label=32;scalar=64"
Exec   : dsmcFoam+ -case /home/superxcx/code/OpenFoam/OF-1706/hyStrath_dlb/run/hyStrath/dsmcFoam+/xcx_test/pal-phd-3.3.1-cylinder-react/timecompare/ourmesh/mpi8replicatedmesh
Date   : Jun 11 2026
Time   : 02:25:12
Host   : "SuperXCX-ROG"
PID    : 178560
/*---------------------------------------------------------------------------*\
| =========                 |                                                 |
| \\      /  F ield         | OpenFOAM: The Open Source CFD Toolbox           |
|  \\    /   O peration     | Version:  v1706                                 |
|   \\  /    A nd           | Web:      www.OpenFOAM.com                      |
|    \\/     M anipulation  |                                                 |
\*---------------------------------------------------------------------------*/
Build  : v1706
Arch   : "LSB;label=32;scalar=64"
Exec   : dsmcFoam+ -case /home/superxcx/code/OpenFoam/OF-1706/hyStrath_dlb/run/hyStrath/dsmcFoam+/xcx_test/pal-phd-3.3.1-cylinder-react/timecompare/ourmesh/mpi8replicatedmesh
Date   : Jun 11 2026
Time   : 02:25:12
Host   : "SuperXCX-ROG"
PID    : 178553
/*---------------------------------------------------------------------------*\
| =========                 |                                                 |
| \\      /  F ield         | OpenFOAM: The Open Source CFD Toolbox           |
|  \\    /   O peration     | Version:  v1706                                 |
|   \\  /    A nd           | Web:      www.OpenFOAM.com                      |
|    \\/     M anipulation  |                                                 |
\*---------------------------------------------------------------------------*/
Build  : v1706
Arch   : "LSB;label=32;scalar=64"
Exec   : dsmcFoam+ -case /home/superxcx/code/OpenFoam/OF-1706/hyStrath_dlb/run/hyStrath/dsmcFoam+/xcx_test/pal-phd-3.3.1-cylinder-react/timecompare/ourmesh/mpi8replicatedmesh
Date   : Jun 11 2026
Time   : 02:25:12
Host   : "SuperXCX-ROG"
PID    : 178557
Case   : /home/superxcx/code/OpenFoam/OF-1706/hyStrath_dlb/run/hyStrath/dsmcFoam+/xcx_test/pal-phd-3.3.1-cylinder-react/timecompare/ourmesh/mpi8replicatedmesh
nProcs : 1
sigFpe : Enabling floating point exception trapping (FOAM_SIGFPE).
Case   : /home/superxcx/code/OpenFoam/OF-1706/hyStrath_dlb/run/hyStrath/dsmcFoam+/xcx_test/pal-phd-3.3.1-cylinder-react/timecompare/ourmesh/mpi8replicatedmesh
nProcs : 1
Create mesh for time = 0

Create mesh for time = 0

Create mesh for time = 0

fileModificationChecking : Monitoring run-time modified files using timeStampMaster (fileModificationSkew 10)
allowSystemOperations : Allowing user-supplied system call operations

sigFpe : Enabling floating point exception trapping (FOAM_SIGFPE).
// * * * * * * * * * * * * * * * * * * * * * * * * * * * * * * * * * * * * * //
Create time

fileModificationChecking : Monitoring run-time modified files using timeStampMaster (fileModificationSkew 10)
allowSystemOperations : Allowing user-supplied system call operations

Create mesh for time = 0

// * * * * * * * * * * * * * * * * * * * * * * * * * * * * * * * * * * * * * //
Create time

Selecting dynamicFvMesh staticFvMesh
Selecting dynamicFvMesh staticFvMesh
Selecting dynamicFvMesh staticFvMesh
Case   : /home/superxcx/code/OpenFoam/OF-1706/hyStrath_dlb/run/hyStrath/dsmcFoam+/xcx_test/pal-phd-3.3.1-cylinder-react/timecompare/ourmesh/mpi8replicatedmesh
nProcs : 1
sigFpe : Enabling floating point exception trapping (FOAM_SIGFPE).
/*---------------------------------------------------------------------------*\
| =========                 |                                                 |
| \\      /  F ield         | OpenFOAM: The Open Source CFD Toolbox           |
|  \\    /   O peration     | Version:  v1706                                 |
|   \\  /    A nd           | Web:      www.OpenFOAM.com                      |
|    \\/     M anipulation  |                                                 |
\*---------------------------------------------------------------------------*/
Build  : v1706
Arch   : "LSB;label=32;scalar=64"
Exec   : dsmcFoam+ -case /home/superxcx/code/OpenFoam/OF-1706/hyStrath_dlb/run/hyStrath/dsmcFoam+/xcx_test/pal-phd-3.3.1-cylinder-react/timecompare/ourmesh/mpi8replicatedmesh
Date   : Jun 11 2026
Time   : 02:25:12
Host   : "SuperXCX-ROG"
PID    : 178559
fileModificationChecking : Monitoring run-time modified files using timeStampMaster (fileModificationSkew 10)
allowSystemOperations : Allowing user-supplied system call operations

// * * * * * * * * * * * * * * * * * * * * * * * * * * * * * * * * * * * * * //
Create time

Create mesh for time = 0

Create mesh for time = 0

Selecting dynamicFvMesh staticFvMesh
Case   : /home/superxcx/code/OpenFoam/OF-1706/hyStrath_dlb/run/hyStrath/dsmcFoam+/xcx_test/pal-phd-3.3.1-cylinder-react/timecompare/ourmesh/mpi8replicatedmesh
nProcs : 1
sigFpe : Enabling floating point exception trapping (FOAM_SIGFPE).
Create mesh for time = 0

fileModificationChecking : Monitoring run-time modified files using timeStampMaster (fileModificationSkew 10)
allowSystemOperations : Allowing user-supplied system call operations

// * * * * * * * * * * * * * * * * * * * * * * * * * * * * * * * * * * * * * //
Create time

Selecting dynamicFvMesh staticFvMesh
Selecting dynamicFvMesh staticFvMesh
Selecting dynamicFvMesh staticFvMesh
Create mesh for time = 0

Selecting dynamicFvMesh staticFvMesh

Constructing dsmcCloud 

Constructing dsmcCloud 

Constructing dsmcCloud 

Constructing dsmcCloud 

Constructing dsmcCloud 

Constructing dsmcCloud 

Constructing dsmcCloud 

Constructing dsmcCloud 
Selecting the coordinate system model:	dsmcCartesian

Selecting the time-step model:	dsmcConstantTimeStepModel

Constant time-step model:
- time-step [sec]	1e-07

Selecting the porous measurement model:	dsmcNoPorousMediumMeasurements

Selecting the coordinate system model:	dsmcCartesian

Selecting the time-step model:	dsmcConstantTimeStepModel

Constant time-step model:
- time-step [sec]	1e-07

Selecting the porous measurement model:	dsmcNoPorousMediumMeasurements

Selecting the coordinate system model:	dsmcCartesian

Selecting the time-step model:	dsmcConstantTimeStepModel


Creating dsmcControllers

Constant time-step model:
- time-step [sec]	1e-07

Selecting the porous measurement model:	dsmcNoPorousMediumMeasurements

Creating fields: 

Selecting field: dsmcVolFields

TimeData Statistics: 
 measurement option: write
 nSamples: 1, time interval: 1e-07
 nAverages: 10000, time interval: 0.001
 total no. of sampling steps: 0
 total no. of averaging Steps: 0



Creating dsmcControllers

Selecting the coordinate system model:	dsmcCartesian

Selecting the time-step model:	dsmcConstantTimeStepModel

Creating fields: 

Selecting field: dsmcVolFields

TimeData Statistics: 
 measurement option: write
 nSamples: 1, time interval: 1e-07
 nAverages: 10000, time interval: 0.001
 total no. of sampling steps: 0
 total no. of averaging Steps: 0



Creating dsmcControllers

Constant time-step model:
- time-step [sec]	1e-07

Selecting the porous measurement model:	dsmcNoPorousMediumMeasurements

Selecting the coordinate system model:	dsmcCartesian

Selecting the time-step model:	dsmcConstantTimeStepModel

Creating fields: 

Selecting field: dsmcVolFields
Selecting the coordinate system model:	dsmcCartesian

Selecting the time-step model:	dsmcConstantTimeStepModel


TimeData Statistics: 
 measurement option: write
 nSamples: 1, time interval: 1e-07
 nAverages: 10000, time interval: 0.001
 total no. of sampling steps: 0
 total no. of averaging Steps: 0


Constant time-step model:
- time-step [sec]	1e-07

Selecting the porous measurement model:	dsmcNoPorousMediumMeasurements

Constant time-step model:
- time-step [sec]	1e-07

Selecting the porous measurement model:	dsmcNoPorousMediumMeasurements

Selecting the coordinate system model:	dsmcCartesian

Selecting the time-step model:	dsmcConstantTimeStepModel


Creating dsmcControllers

Constant time-step model:
- time-step [sec]	1e-07

Selecting the porous measurement model:	dsmcNoPorousMediumMeasurements

Creating fields: 

Selecting field: dsmcVolFields

TimeData Statistics: 
 measurement option: write
 nSamples: 1, time interval: 1e-07
 nAverages: 10000, time interval: 0.001
 total no. of sampling steps: 0
 total no. of averaging Steps: 0



Creating dsmcControllers


Creating dsmcControllers

Creating fields: 

Selecting field: dsmcVolFields

TimeData Statistics: 
 measurement option: write
 nSamples: 1, time interval: 1e-07
 nAverages: 10000, time interval: 0.001
 total no. of sampling steps: 0
 total no. of averaging Steps: 0


Creating fields: 

Selecting field: dsmcVolFields

TimeData Statistics: 
 measurement option: write
 nSamples: 1, time interval: 1e-07
 nAverages: 10000, time interval: 0.001
 total no. of sampling steps: 0
 total no. of averaging Steps: 0


Selecting the coordinate system model:	dsmcCartesian

Selecting the time-step model:	dsmcConstantTimeStepModel

Constant time-step model:
- time-step [sec]	1e-07

Selecting the porous measurement model:	dsmcNoPorousMediumMeasurements


Creating dsmcControllers

Creating fields: 

Selecting field: dsmcVolFields

TimeData Statistics: 
 measurement option: write
 nSamples: 1, time interval: 1e-07
 nAverages: 10000, time interval: 0.001
 total no. of sampling steps: 0
 total no. of averaging Steps: 0



Creating dsmcControllers

Creating fields: 

Selecting field: dsmcVolFields

TimeData Statistics: 
 measurement option: write
 nSamples: 1, time interval: 1e-07
 nAverages: 10000, time interval: 0.001
 total no. of sampling steps: 0
 total no. of averaging Steps: 0


Creating the boundary models: 

Selecting dsmcPatchBoundaryModel dsmcDeletionPatch
Selecting dsmcPatchBoundaryModel dsmcDeletionPatch
Selecting dsmcPatchBoundaryModel dsmcDiffuseWallPatch
Selecting dsmcGeneralBoundaryModel dsmcFreeStreamInflowPatch
Creating the boundary models: 

Selecting dsmcPatchBoundaryModel dsmcDeletionPatch
Selecting dsmcPatchBoundaryModel dsmcDeletionPatch
Selecting dsmcPatchBoundaryModel dsmcDiffuseWallPatch
Selecting dsmcGeneralBoundaryModel dsmcFreeStreamInflowPatch
Creating the boundary models: 

Selecting dsmcPatchBoundaryModel dsmcDeletionPatch
Selecting dsmcPatchBoundaryModel dsmcDeletionPatch
Selecting dsmcPatchBoundaryModel dsmcDiffuseWallPatch
Selecting dsmcGeneralBoundaryModel dsmcFreeStreamInflowPatch
Selecting BinaryCollisionModel LarsenBorgnakkeVariableHardSphere

Creating dsmcReactions

There are no chemical reactions defined.
Creating the boundary models: 

Selecting dsmcPatchBoundaryModel dsmcDeletionPatch
Creating the boundary models: 

Selecting dsmcPatchBoundaryModel dsmcDeletionPatch
Selecting dsmcPatchBoundaryModel dsmcDeletionPatch
Selecting dsmcPatchBoundaryModel dsmcDiffuseWallPatch
Selecting dsmcPatchBoundaryModel dsmcDeletionPatch
Selecting dsmcPatchBoundaryModel dsmcDiffuseWallPatch
Selecting dsmcGeneralBoundaryModel dsmcFreeStreamInflowPatch
Selecting dsmcGeneralBoundaryModel dsmcFreeStreamInflowPatch
Creating the boundary models: 

Selecting dsmcPatchBoundaryModel dsmcDeletionPatch
Selecting dsmcPatchBoundaryModel dsmcDeletionPatch
Selecting dsmcPatchBoundaryModel dsmcDiffuseWallPatch
Selecting dsmcGeneralBoundaryModel dsmcFreeStreamInflowPatch
Selecting BinaryCollisionModel LarsenBorgnakkeVariableHardSphere

Creating dsmcReactions

There are no chemical reactions defined.
Selecting BinaryCollisionModel LarsenBorgnakkeVariableHardSphere

Creating dsmcReactions

There are no chemical reactions defined.
Creating the boundary models: 

Selecting dsmcPatchBoundaryModel dsmcDeletionPatch
Selecting dsmcPatchBoundaryModel dsmcDeletionPatch
Selecting dsmcPatchBoundaryModel dsmcDiffuseWallPatch
Selecting dsmcGeneralBoundaryModel dsmcFreeStreamInflowPatch
Selecting BinaryCollisionModel LarsenBorgnakkeVariableHardSphere

Creating dsmcReactions

There are no chemical reactions defined.
Selecting BinaryCollisionModel LarsenBorgnakkeVariableHardSphere

Creating dsmcReactions

There are no chemical reactions defined.
Creating the boundary models: 

Selecting dsmcPatchBoundaryModel dsmcDeletionPatch
Selecting dsmcPatchBoundaryModel dsmcDeletionPatch
Selecting dsmcPatchBoundaryModel dsmcDiffuseWallPatch
Selecting dsmcGeneralBoundaryModel dsmcFreeStreamInflowPatch
Selecting BinaryCollisionModel LarsenBorgnakkeVariableHardSphere

Creating dsmcReactions

There are no chemical reactions defined.
Selecting BinaryCollisionModel LarsenBorgnakkeVariableHardSphere

Creating dsmcReactions

There are no chemical reactions defined.
Selecting BinaryCollisionModel LarsenBorgnakkeVariableHardSphere

Creating dsmcReactions

There are no chemical reactions defined.

Constructing constant properties for
	N2
	O2
	NO
	N
	O

Constructing constant properties for
	N2
	O2
	NO
	N
	O

Constructing constant properties for
	N2
	O2
	NO
	N
	O

Constructing constant properties for
	N2
	O2
	NO
	N
	O

Constructing constant properties for
	N2
	O2
	NO
	N
	O
Selecting collisionPartnerSelectionModel noTimeCounter

Initialising the measurement fields

Initialising dsmcVolFields field

Constructing constant properties for
	N2
	O2
	NO
	N
	O

Constructing constant properties for
	N2
	O2
	NO
	N
	O

Constructing constant properties for
	N2
	O2
	NO
	N
	O
Selecting collisionPartnerSelectionModel noTimeCounter

Initialising the measurement fields

Initialising dsmcVolFields field
Selecting collisionPartnerSelectionModel noTimeCounter

Initialising the measurement fields

Initialising dsmcVolFields field
Selecting collisionPartnerSelectionModel noTimeCounter

Initialising the measurement fields

Initialising dsmcVolFields field
Selecting collisionPartnerSelectionModel noTimeCounter

Initialising the measurement fields

Initialising dsmcVolFields field
Selecting collisionPartnerSelectionModel noTimeCounter

Initialising the measurement fields

Initialising dsmcVolFields field
Selecting collisionPartnerSelectionModel noTimeCounter

Initialising the measurement fields

Initialising dsmcVolFields field
Selecting collisionPartnerSelectionModel noTimeCounter

Initialising the measurement fields

Initialising dsmcVolFields field
Replicated mesh: METIS decomposition complete, 104151 cells -> 8 ranks
Replicated mesh: rank 0 owns 13019 / 104151 cells
Local mesh: 13019 owned + 310 halo = 13329 / 104151 cells
Replicated mesh: no-Alltoall async migration enabled
Replicated mesh: flatTransfer=1 found=1
Replicated mesh: flat POD transfer enabled
Replicated mesh: writeMode=gathered
Phase C auto DLB: enabled (ParMETIS AdaptiveRepart), imbalanceThreshold=1.5, dlbSteps=50, sarSteps=10, triggerMode=legacyWindow, minGapSteps=50, checkCollective=allgather, skipFixedKPostDiag=0
Replicated mesh: initialized with 8 MPI ranks, migrate interval 10

Starting time loop

Replicated mesh: initial particle distribution

Replicated mesh: rank 0 kept 251354 parcels, deleted 1806661 non-owned parcels
Time = 1e-06

    Collisions                      = 2855
    Collision candidates           = 2944
    Collision acceptance rate      = 0.9697690217

    Number of DSMC particles        = 2065840
    Number of stuck particles       = 0
    Number of free particles        = 2065840
    Average linear kinetic energy   = 1.111302443e-18
    Average rotational energy       = 2.629679097e-21
    Average vibrational energy      = 9.858985438e-24
    Average electronic energy       = 0
    Total energy                    = 1.150612951

Stage 1.0  ExecutionTime = 8.9 s  ClockTime = 10 s  Iteration 10 (0.11 s)

Time = 2e-06

    Collisions                      = 4352
    Collision candidates           = 4960
    Collision acceptance rate      = 0.8774193548

    Number of DSMC particles        = 2073968
    Number of stuck particles       = 0
    Number of free particles        = 2073968
    Average linear kinetic energy   = 1.107077104e-18
    Average rotational energy       = 2.684697893e-21
    Average vibrational energy      = 1.806533175e-23
    Average electronic energy       = 0
    Total energy                    = 1.150823966

Stage 1.0  ExecutionTime = 10.03 s  ClockTime = 11 s  Iteration 20 (0.13 s)

Time = 3e-06

    Collisions                      = 4937
    Collision candidates           = 6106
    Collision acceptance rate      = 0.8085489682

    Number of DSMC particles        = 2082058
    Number of stuck particles       = 0
    Number of free particles        = 2082058
    Average linear kinetic energy   = 1.102979249e-18
    Average rotational energy       = 2.752797162e-21
    Average vibrational energy      = 2.727591063e-23
    Average electronic energy       = 0
    Total energy                    = 1.151127521

Stage 1.0  ExecutionTime = 11.22 s  ClockTime = 13 s  Iteration 30 (0.12 s)

Time = 4e-06

    Collisions                      = 5277
    Collision candidates           = 7077
    Collision acceptance rate      = 0.7456549385

    Number of DSMC particles        = 2090221
    Number of stuck particles       = 0
    Number of free particles        = 2090221
    Average linear kinetic energy   = 1.098922571e-18
    Average rotational energy       = 2.84020655e-21
    Average vibrational energy      = 3.94024251e-23
    Average electronic energy       = 0
    Total energy                    = 1.151505028

Stage 1.0  ExecutionTime = 12.4 s  ClockTime = 14 s  Iteration 40 (0.13 s)

Time = 5e-06

    Collisions                      = 5871
    Collision candidates           = 8291
    Collision acceptance rate      = 0.7081172356

    Number of DSMC particles        = 2098404
    Number of stuck particles       = 0
    Number of free particles        = 2098404
    Average linear kinetic energy   = 1.09498302e-18
    Average rotational energy       = 2.946904853e-21
    Average vibrational energy      = 5.443961526e-23
    Average electronic energy       = 0
    Total energy                    = 1.152007391

Stage 1.0  ExecutionTime = 13.62 s  ClockTime = 15 s  Iteration 50 (0.14 s)

Time = 6e-06

    Collisions                      = 6629
    Collision candidates           = 9599
    Collision acceptance rate      = 0.6905927701

    Number of DSMC particles        = 2106532
    Number of stuck particles       = 0
    Number of free particles        = 2106532
    Average linear kinetic energy   = 1.091183278e-18
    Average rotational energy       = 3.090376446e-21
    Average vibrational energy      = 7.2013243e-23
    Average electronic energy       = 0
    Total energy                    = 1.152637084

Stage 1.0  ExecutionTime = 14.88 s  ClockTime = 17 s  Iteration 60 (0.15 s)

Time = 7e-06

    Collisions                      = 7099
    Collision candidates           = 10622
    Collision acceptance rate      = 0.6683298814

    Number of DSMC particles        = 2114812
    Number of stuck particles       = 0
    Number of free particles        = 2114812
    Average linear kinetic energy   = 1.087521322e-18
    Average rotational energy       = 3.245412088e-21
    Average vibrational energy      = 9.196012355e-23
    Average electronic energy       = 0
    Total energy                    = 1.153480528

Stage 1.0  ExecutionTime = 16.12 s  ClockTime = 18 s  Iteration 70 (0.14 s)

Time = 8e-06

    Collisions                      = 7892
    Collision candidates           = 12149
    Collision acceptance rate      = 0.6496007902

    Number of DSMC particles        = 2122781
    Number of stuck particles       = 0
    Number of free particles        = 2122781
    Average linear kinetic energy   = 1.083916674e-18
    Average rotational energy       = 3.436243672e-21
    Average vibrational energy      = 1.204699776e-22
    Average electronic energy       = 0
    Total energy                    = 1.154233922

Stage 1.0  ExecutionTime = 17.41 s  ClockTime = 19 s  Iteration 80 (0.15 s)

Time = 9e-06

    Collisions                      = 8428
    Collision candidates           = 13270
    Collision acceptance rate      = 0.6351168048

    Number of DSMC particles        = 2130941
    Number of stuck particles       = 0
    Number of free particles        = 2130941
    Average linear kinetic energy   = 1.080464119e-18
    Average rotational energy       = 3.66105802e-21
    Average vibrational energy      = 1.472638693e-22
    Average electronic energy       = 0
    Total energy                    = 1.1552603

Stage 1.0  ExecutionTime = 18.74 s  ClockTime = 21 s  Iteration 90 (0.15 s)

Time = 1e-05

    Collisions                      = 9065
    Collision candidates           = 14506
    Collision acceptance rate      = 0.6249138288

    Number of DSMC particles        = 2138965
    Number of stuck particles       = 0
    Number of free particles        = 2138965
    Average linear kinetic energy   = 1.077043931e-18
    Average rotational energy       = 3.910500558e-21
    Average vibrational energy      = 1.795158185e-22
    Average electronic energy       = 0
    Total energy                    = 1.156253836

Stage 1.0  ExecutionTime = 20.09 s  ClockTime = 22 s  Iteration 100 (0.15 s)

Time = 1.1e-05

    Collisions                      = 9781
    Collision candidates           = 15858
    Collision acceptance rate      = 0.61678648


Phase C auto DLB triggered (SAR) at step 110: sar=0.0003118004306 loadImbalance=1.061312861 threshold=1.5
Phase C ParMETIS weights: particles=2147055 activeCells=104077 maxCellParticles=57
Phase C ParMETIS: alpha=0.8 ncon=2 ubvec=[1.049999952,1.5] moveRatio=0.7498383026 (moveT=9.252258162s, collT=3.086746301s)
Phase C ParMETIS: AdaptiveRepart (104151 cells, 2 constraints, ubvec=1.049999952)
Replicated mesh: rank 0 owns 14206 / 104151 cells
Local mesh: 14206 owned + 514 halo = 14720 / 104151 cells
Phase C ParMETIS AdaptiveRepart: 98274 / 104151 cells changed (0.9435723133)
Phase C auto DLB complete: rebalance #1

    Number of DSMC particles        = 2147055
    Number of stuck particles       = 0
    Number of free particles        = 2147055
    Average linear kinetic energy   = 1.073733766e-18
    Average rotational energy       = 4.180600797e-21
    Average vibrational energy      = 2.110628606e-22
    Average electronic energy       = 0
    Total energy                    = 1.157397297

Stage 1.0  ExecutionTime = 21.66 s  ClockTime = 24 s  Iteration 110 (0.38 s)

Time = 1.2e-05

    Collisions                      = 8225
    Collision candidates           = 12306
    Collision acceptance rate      = 0.6683731513

    Number of DSMC particles        = 2155202
    Number of stuck particles       = 0
    Number of free particles        = 2155202
    Average linear kinetic energy   = 1.070402023e-18
    Average rotational energy       = 4.281020304e-21
    Average vibrational energy      = 2.268980731e-22
    Average electronic energy       = 0
    Total energy                    = 1.158324027

Stage 1.0  ExecutionTime = 22.9 s  ClockTime = 25 s  Iteration 120 (0.14 s)

Time = 1.3e-05

    Collisions                      = 10348
    Collision candidates           = 15885
    Collision acceptance rate      = 0.6514321687

    Number of DSMC particles        = 2163321
    Number of stuck particles       = 0
    Number of free particles        = 2163321
    Average linear kinetic energy   = 1.066977248e-18
    Average rotational energy       = 4.534694604e-21
    Average vibrational energy      = 2.706772736e-22
    Average electronic energy       = 0
    Total energy                    = 1.159304924

Stage 1.0  ExecutionTime = 24.17 s  ClockTime = 27 s  Iteration 130 (0.14 s)

Time = 1.4e-05

    Collisions                      = 11082
    Collision candidates           = 17602
    Collision acceptance rate      = 0.6295875469

    Number of DSMC particles        = 2171382
    Number of stuck particles       = 0
    Number of free particles        = 2171382
    Average linear kinetic energy   = 1.063717084e-18
    Average rotational energy       = 4.866314805e-21
    Average vibrational energy      = 3.056070456e-22
    Average electronic energy       = 0
    Total energy                    = 1.160483174

Stage 1.0  ExecutionTime = 25.47 s  ClockTime = 28 s  Iteration 140 (0.15 s)

Time = 1.5e-05

    Collisions                      = 11909
    Collision candidates           = 19457
    Collision acceptance rate      = 0.6120676363

    Number of DSMC particles        = 2179481
    Number of stuck particles       = 0
    Number of free particles        = 2179481
    Average linear kinetic energy   = 1.060601203e-18
    Average rotational energy       = 5.210333895e-21
    Average vibrational energy      = 3.562471415e-22
    Average electronic energy       = 0
    Total energy                    = 1.161846214

Stage 1.0  ExecutionTime = 26.84 s  ClockTime = 30 s  Iteration 150 (0.15 s)

Time = 1.6e-05

    Collisions                      = 12761
    Collision candidates           = 20890
    Collision acceptance rate      = 0.6108664433

    Number of DSMC particles        = 2187654
    Number of stuck particles       = 0
    Number of free particles        = 2187654
    Average linear kinetic energy   = 1.057580796e-18
    Average rotational energy       = 5.590065447e-21
    Average vibrational energy      = 4.064967157e-22
    Average electronic energy       = 0
    Total energy                    = 1.163369631

Stage 1.0  ExecutionTime = 28.22 s  ClockTime = 31 s  Iteration 160 (0.16 s)

Time = 1.7e-05

    Collisions                      = 13526
    Collision candidates           = 22412
    Collision acceptance rate      = 0.6035159736

    Number of DSMC particles        = 2195839
    Number of stuck particles       = 0
    Number of free particles        = 2195839
    Average linear kinetic energy   = 1.054647717e-18
    Average rotational energy       = 5.989003058e-21
    Average vibrational energy      = 4.567575872e-22
    Average electronic energy       = 0
    Total energy                    = 1.164995221

Stage 1.0  ExecutionTime = 29.63 s  ClockTime = 30 s  Iteration 170 (0.16 s)

Time = 1.8e-05

    Collisions                      = 14150
    Collision candidates           = 23842
    Collision acceptance rate      = 0.593490479

    Number of DSMC particles        = 2204002
    Number of stuck particles       = 0
    Number of free particles        = 2204002
    Average linear kinetic energy   = 1.051804181e-18
    Average rotational energy       = 6.408306221e-21
    Average vibrational energy      = 5.191519867e-22
    Average electronic energy       = 0
    Total energy                    = 1.166723325

Stage 1.0  ExecutionTime = 31.06 s  ClockTime = 31 s  Iteration 180 (0.17 s)

Time = 1.9e-05

    Collisions                      = 14985
    Collision candidates           = 25344
    Collision acceptance rate      = 0.5912642045

    Number of DSMC particles        = 2212213
    Number of stuck particles       = 0
    Number of free particles        = 2212213
    Average linear kinetic energy   = 1.049006311e-18
    Average rotational energy       = 6.850876105e-21
    Average vibrational energy      = 5.834941549e-22
    Average electronic energy       = 0
    Total energy                    = 1.168535905

Stage 1.0  ExecutionTime = 32.53 s  ClockTime = 33 s  Iteration 190 (0.16 s)

Time = 2e-05

    Collisions                      = 15605
    Collision candidates           = 26887
    Collision acceptance rate      = 0.580392011

    Number of DSMC particles        = 2220224
    Number of stuck particles       = 0
    Number of free particles        = 2220224
    Average linear kinetic energy   = 1.046290499e-18
    Average rotational energy       = 7.306299573e-21
    Average vibrational energy      = 6.533163623e-22
    Average electronic energy       = 0
    Total energy                    = 1.170335704

Stage 1.0  ExecutionTime = 34.05 s  ClockTime = 35 s  Iteration 200 (0.17 s)

Time = 2.1e-05

    Collisions                      = 16491
    Collision candidates           = 28598
    Collision acceptance rate      = 0.5766487167

    Number of DSMC particles        = 2228454
    Number of stuck particles       = 0
    Number of free particles        = 2228454
    Average linear kinetic energy   = 1.043589601e-18
    Average rotational energy       = 7.806217884e-21
    Average vibrational energy      = 7.231270216e-22
    Average electronic energy       = 0
    Total energy                    = 1.172299337

Stage 1.0  ExecutionTime = 35.62 s  ClockTime = 36 s  Iteration 210 (0.19 s)

Time = 2.2e-05

    Collisions                      = 17370
    Collision candidates           = 30220
    Collision acceptance rate      = 0.5747849107

    Number of DSMC particles        = 2236456
    Number of stuck particles       = 0
    Number of free particles        = 2236456
    Average linear kinetic energy   = 1.040955381e-18
    Average rotational energy       = 8.267853499e-21
    Average vibrational energy      = 8.045933793e-22
    Average electronic energy       = 0
    Total energy                    = 1.174170518

Stage 1.0  ExecutionTime = 37.29 s  ClockTime = 38 s  Iteration 220 (0.18 s)

Time = 2.3e-05

    Collisions                      = 18203
    Collision candidates           = 31879
    Collision acceptance rate      = 0.5710028545

    Number of DSMC particles        = 2244498
    Number of stuck particles       = 0
    Number of free particles        = 2244498
    Average linear kinetic energy   = 1.03828884e-18
    Average rotational energy       = 8.774293878e-21
    Average vibrational energy      = 8.816509971e-22
    Average electronic energy       = 0
    Total energy                    = 1.176054987

Stage 1.0  ExecutionTime = 38.92 s  ClockTime = 40 s  Iteration 230 (0.18 s)

Time = 2.4e-05

    Collisions                      = 18784
    Collision candidates           = 33150
    Collision acceptance rate      = 0.5666365008

    Number of DSMC particles        = 2252605
    Number of stuck particles       = 0
    Number of free particles        = 2252605
    Average linear kinetic energy   = 1.035729584e-18
    Average rotational energy       = 9.262660042e-21
    Average vibrational energy      = 9.696154103e-22
    Average electronic energy       = 0
    Total energy                    = 1.178069457

Stage 1.0  ExecutionTime = 40.56 s  ClockTime = 42 s  Iteration 240 (0.18 s)

Time = 2.5e-05

    Collisions                      = 19288
    Collision candidates           = 34718
    Collision acceptance rate      = 0.5555619563

    Number of DSMC particles        = 2260686
    Number of stuck particles       = 0
    Number of free particles        = 2260686
    Average linear kinetic energy   = 1.033176236e-18
    Average rotational energy       = 9.794710783e-21
    Average vibrational energy      = 1.066040343e-21
    Average electronic energy       = 0
    Total energy                    = 1.1801199

Stage 1.0  ExecutionTime = 42.24 s  ClockTime = 44 s  Iteration 250 (0.19 s)

Time = 2.6e-05

    Collisions                      = 20214
    Collision candidates           = 36379
    Collision acceptance rate      = 0.5556502378

    Number of DSMC particles        = 2268808
    Number of stuck particles       = 0
    Number of free particles        = 2268808
    Average linear kinetic energy   = 1.030700138e-18
    Average rotational energy       = 1.031455447e-20
    Average vibrational energy      = 1.146257983e-21
    Average electronic energy       = 0
    Total energy                    = 1.182231551

Stage 1.0  ExecutionTime = 43.99 s  ClockTime = 46 s  Iteration 260 (0.18 s)

Time = 2.7e-05

    Collisions                      = 20851
    Collision candidates           = 37704
    Collision acceptance rate      = 0.5530182474

    Number of DSMC particles        = 2276877
    Number of stuck particles       = 0
    Number of free particles        = 2276877
    Average linear kinetic energy   = 1.028230688e-18
    Average rotational energy       = 1.083187788e-20
    Average vibrational energy      = 1.248434015e-21
    Average electronic energy       = 0
    Total energy                    = 1.184330094

Stage 1.0  ExecutionTime = 45.77 s  ClockTime = 48 s  Iteration 270 (0.2 s)

Time = 2.8e-05

    Collisions                      = 21733
    Collision candidates           = 39254
    Collision acceptance rate      = 0.5536505834

    Number of DSMC particles        = 2285023
    Number of stuck particles       = 0
    Number of free particles        = 2285023
    Average linear kinetic energy   = 1.02584916e-18
    Average rotational energy       = 1.132301922e-20
    Average vibrational energy      = 1.349374411e-21
    Average electronic energy       = 0
    Total energy                    = 1.186522818

Stage 1.0  ExecutionTime = 47.61 s  ClockTime = 50 s  Iteration 280 (0.21 s)

Time = 2.9e-05

    Collisions                      = 22280
    Collision candidates           = 40674
    Collision acceptance rate      = 0.5477700742

    Number of DSMC particles        = 2293179
    Number of stuck particles       = 0
    Number of free particles        = 2293179
    Average linear kinetic energy   = 1.023461279e-18
    Average rotational energy       = 1.18645792e-20
    Average vibrational energy      = 1.453226544e-21
    Average electronic energy       = 0
    Total energy                    = 1.188760012

Stage 1.0  ExecutionTime = 49.45 s  ClockTime = 52 s  Iteration 290 (0.22 s)

Time = 3e-05

    Collisions                      = 22817
    Collision candidates           = 41945
    Collision acceptance rate      = 0.543974252

    Number of DSMC particles        = 2301453
    Number of stuck particles       = 0
    Number of free particles        = 2301453
    Average linear kinetic energy   = 1.021113284e-18
    Average rotational energy       = 1.240547138e-20
    Average vibrational energy      = 1.552936724e-21
    Average electronic energy       = 0
    Total energy                    = 1.191084425

Stage 1.0  ExecutionTime = 51.32 s  ClockTime = 54 s  Iteration 300 (0.22 s)

Time = 3.1e-05

    Collisions                      = 23760
    Collision candidates           = 43370
    Collision acceptance rate      = 0.5478441319


Phase C auto DLB triggered (SAR) at step 310: sar=0.001778789779 loadImbalance=1.058070295 threshold=1.5
Phase C ParMETIS weights: particles=2309484 activeCells=104100 maxCellParticles=87
Phase C ParMETIS: alpha=0.8 ncon=2 ubvec=[1.049999952,1.5] moveRatio=0.8320564898 (moveT=33.79939959s, collT=6.822120709s)
Phase C ParMETIS: AdaptiveRepart (104151 cells, 2 constraints, ubvec=1.049999952)
Replicated mesh: rank 0 owns 14186 / 104151 cells
Local mesh: 14186 owned + 512 halo = 14698 / 104151 cells
Phase C ParMETIS AdaptiveRepart: 188 / 104151 cells changed (0.001805071483)
Phase C auto DLB complete: rebalance #2

    Number of DSMC particles        = 2309484
    Number of stuck particles       = 0
    Number of free particles        = 2309484
    Average linear kinetic energy   = 1.018836073e-18
    Average rotational energy       = 1.293772206e-20
    Average vibrational energy      = 1.669321805e-21
    Average electronic energy       = 0
    Total energy                    = 1.193360171

Stage 1.0  ExecutionTime = 53.31 s  ClockTime = 56 s  Iteration 310 (0.31 s)

Time = 3.2e-05

    Collisions                      = 24051
    Collision candidates           = 44743
    Collision acceptance rate      = 0.5375365979

    Number of DSMC particles        = 2317663
    Number of stuck particles       = 0
    Number of free particles        = 2317663
    Average linear kinetic energy   = 1.016559807e-18
    Average rotational energy       = 1.349665121e-20
    Average vibrational energy      = 1.782362943e-21
    Average electronic energy       = 0
    Total energy                    = 1.195727329

Stage 1.0  ExecutionTime = 55.24 s  ClockTime = 58 s  Iteration 320 (0.22 s)

Time = 3.3e-05

    Collisions                      = 25289
    Collision candidates           = 46306
    Collision acceptance rate      = 0.5461279316

    Number of DSMC particles        = 2325810
    Number of stuck particles       = 0
    Number of free particles        = 2325810
    Average linear kinetic energy   = 1.014307858e-18
    Average rotational energy       = 1.406154563e-20
    Average vibrational energy      = 1.895492617e-21
    Average electronic energy       = 0
    Total energy                    = 1.198100199

Stage 1.0  ExecutionTime = 57.23 s  ClockTime = 60 s  Iteration 330 (0.22 s)

Time = 3.4e-05

    Collisions                      = 25682
    Collision candidates           = 47521
    Collision acceptance rate      = 0.5404347552

    Number of DSMC particles        = 2333924
    Number of stuck particles       = 0
    Number of free particles        = 2333924
    Average linear kinetic energy   = 1.012099681e-18
    Average rotational energy       = 1.464711325e-20
    Average vibrational energy      = 2.005600336e-21
    Average electronic energy       = 0
    Total energy                    = 1.200514952

Stage 1.0  ExecutionTime = 59.21 s  ClockTime = 59 s  Iteration 340 (0.23 s)

Time = 3.5e-05

    Collisions                      = 26291
    Collision candidates           = 49050
    Collision acceptance rate      = 0.5360040775

    Number of DSMC particles        = 2342083
    Number of stuck particles       = 0
    Number of free particles        = 2342083
    Average linear kinetic energy   = 1.009894839e-18
    Average rotational energy       = 1.521485157e-20
    Average vibrational energy      = 2.128536491e-21
    Average electronic energy       = 0
    Total energy                    = 1.202938594

Stage 1.0  ExecutionTime = 61.25 s  ClockTime = 62 s  Iteration 350 (0.24 s)

Time = 3.6e-05

    Collisions                      = 26598
    Collision candidates           = 50252
    Collision acceptance rate      = 0.5292923665

    Number of DSMC particles        = 2350163
    Number of stuck particles       = 0
    Number of free particles        = 2350163
    Average linear kinetic energy   = 1.007690665e-18
    Average rotational energy       = 1.579364577e-20
    Average vibrational energy      = 2.25541898e-21
    Average electronic energy       = 0
    Total energy                    = 1.20532778

Stage 1.0  ExecutionTime = 63.3 s  ClockTime = 64 s  Iteration 360 (0.24 s)

Time = 3.7e-05

    Collisions                      = 27619
    Collision candidates           = 51706
    Collision acceptance rate      = 0.5341546436

    Number of DSMC particles        = 2358330
    Number of stuck particles       = 0
    Number of free particles        = 2358330
    Average linear kinetic energy   = 1.005529444e-18
    Average rotational energy       = 1.636707768e-20
    Average vibrational energy      = 2.388292668e-21
    Average electronic energy       = 0
    Total energy                    = 1.207800803

Stage 1.0  ExecutionTime = 65.38 s  ClockTime = 66 s  Iteration 370 (0.24 s)

Time = 3.8e-05

    Collisions                      = 28129
    Collision candidates           = 52940
    Collision acceptance rate      = 0.5313373631

    Number of DSMC particles        = 2366508
    Number of stuck particles       = 0
    Number of free particles        = 2366508
    Average linear kinetic energy   = 1.003430933e-18
    Average rotational energy       = 1.694180866e-20
    Average vibrational energy      = 2.515643488e-21
    Average electronic energy       = 0
    Total energy                    = 1.210336773

Stage 1.0  ExecutionTime = 67.57 s  ClockTime = 69 s  Iteration 380 (0.25 s)

Time = 3.9e-05

    Collisions                      = 28726
    Collision candidates           = 54288
    Collision acceptance rate      = 0.5291408783

    Number of DSMC particles        = 2374634
    Number of stuck particles       = 0
    Number of free particles        = 2374634
    Average linear kinetic energy   = 1.0014018e-18
    Average rotational energy       = 1.747759228e-20
    Average vibrational energy      = 2.639660267e-21
    Average electronic energy       = 0
    Total energy                    = 1.212866937

Stage 1.0  ExecutionTime = 69.75 s  ClockTime = 71 s  Iteration 390 (0.25 s)

Time = 4e-05

    Collisions                      = 28945
    Collision candidates           = 55371
    Collision acceptance rate      = 0.5227465641

    Number of DSMC particles        = 2382732
    Number of stuck particles       = 0
    Number of free particles        = 2382732
    Average linear kinetic energy   = 9.993783028e-19
    Average rotational energy       = 1.804041152e-20
    Average vibrational energy      = 2.777672654e-21
    Average electronic energy       = 0
    Total energy                    = 1.215427289

Stage 1.0  ExecutionTime = 71.95 s  ClockTime = 73 s  Iteration 400 (0.25 s)

Time = 4.1e-05

    Collisions                      = 30076
    Collision candidates           = 56683
    Collision acceptance rate      = 0.5306000035

    Number of DSMC particles        = 2390619
    Number of stuck particles       = 0
    Number of free particles        = 2390619
    Average linear kinetic energy   = 9.973859846e-19
    Average rotational energy       = 1.862424363e-20
    Average vibrational energy      = 2.915094992e-21
    Average electronic energy       = 0
    Total energy                    = 1.217931119

Stage 1.0  ExecutionTime = 74.2 s  ClockTime = 76 s  Iteration 410 (0.27 s)

Time = 4.2e-05

    Collisions                      = 30388
    Collision candidates           = 57864
    Collision acceptance rate      = 0.5251624499

    Number of DSMC particles        = 2398746
    Number of stuck particles       = 0
    Number of free particles        = 2398746
    Average linear kinetic energy   = 9.953471848e-19
    Average rotational energy       = 1.922501871e-20
    Average vibrational energy      = 3.0470334e-21
    Average electronic energy       = 0
    Total energy                    = 1.220505037

Stage 1.0  ExecutionTime = 76.48 s  ClockTime = 78 s  Iteration 420 (0.27 s)

Time = 4.3e-05

    Collisions                      = 31281
    Collision candidates           = 59389
    Collision acceptance rate      = 0.5267137012

    Number of DSMC particles        = 2406885
    Number of stuck particles       = 0
    Number of free particles        = 2406885
    Average linear kinetic energy   = 9.933839666e-19
    Average rotational energy       = 1.977797681e-20
    Average vibrational energy      = 3.205294659e-21
    Average electronic energy       = 0
    Total energy                    = 1.22313953

Stage 1.0  ExecutionTime = 78.82 s  ClockTime = 81 s  Iteration 430 (0.26 s)

Time = 4.4e-05

    Collisions                      = 31850
    Collision candidates           = 60730
    Collision acceptance rate      = 0.5244524946

    Number of DSMC particles        = 2414945
    Number of stuck particles       = 0
    Number of free particles        = 2414945
    Average linear kinetic energy   = 9.914331444e-19
    Average rotational energy       = 2.034039497e-20
    Average vibrational energy      = 3.339553807e-21
    Average electronic energy       = 0
    Total energy                    = 1.225721144

Stage 1.0  ExecutionTime = 81.22 s  ClockTime = 84 s  Iteration 440 (0.26 s)

Time = 4.5e-05

    Collisions                      = 32392
    Collision candidates           = 61971
    Collision acceptance rate      = 0.5226960998


Phase C auto DLB triggered (SAR) at step 450: sar=0.0002963148077 loadImbalance=1.044847136 threshold=1.5
Phase C ParMETIS weights: particles=2423122 activeCells=104101 maxCellParticles=93
Phase C ParMETIS: alpha=0.8 ncon=2 ubvec=[1.049999952,1.5] moveRatio=0.8632079949 (moveT=58.1211154s, collT=9.21041506s)
Phase C ParMETIS: AdaptiveRepart (104151 cells, 2 constraints, ubvec=1.049999952)
Replicated mesh: rank 0 owns 14174 / 104151 cells
Local mesh: 14174 owned + 512 halo = 14686 / 104151 cells
Phase C ParMETIS AdaptiveRepart: 22 / 104151 cells changed (0.0002112317693)
Phase C auto DLB complete: rebalance #3

    Number of DSMC particles        = 2423122
    Number of stuck particles       = 0
    Number of free particles        = 2423122
    Average linear kinetic energy   = 9.895361841e-19
    Average rotational energy       = 2.086697532e-20
    Average vibrational energy      = 3.488015153e-21
    Average electronic energy       = 0
    Total energy                    = 1.228391005

Stage 1.0  ExecutionTime = 83.72 s  ClockTime = 86 s  Iteration 450 (0.42 s)

Time = 4.6e-05

    Collisions                      = 32895
    Collision candidates           = 63052
    Collision acceptance rate      = 0.5217122375

    Number of DSMC particles        = 2431404
    Number of stuck particles       = 0
    Number of free particles        = 2431404
    Average linear kinetic energy   = 9.876405145e-19
    Average rotational energy       = 2.144992317e-20
    Average vibrational energy      = 3.645818537e-21
    Average electronic energy       = 0
    Total energy                    = 1.231185492

Stage 1.0  ExecutionTime = 86.17 s  ClockTime = 89 s  Iteration 460 (0.29 s)

Time = 4.7e-05

    Collisions                      = 33836
    Collision candidates           = 64325
    Collision acceptance rate      = 0.5260163234

    Number of DSMC particles        = 2439617
    Number of stuck particles       = 0
    Number of free particles        = 2439617
    Average linear kinetic energy   = 9.85764006e-19
    Average rotational energy       = 2.201190389e-20
    Average vibrational energy      = 3.797538454e-21
    Average electronic energy       = 0
    Total energy                    = 1.233925891

Stage 1.0  ExecutionTime = 88.62 s  ClockTime = 89 s  Iteration 470 (0.28 s)

Time = 4.8e-05

    Collisions                      = 34426
    Collision candidates           = 65449
    Collision acceptance rate      = 0.5259973414

    Number of DSMC particles        = 2447658
    Number of stuck particles       = 0
    Number of free particles        = 2447658
    Average linear kinetic energy   = 9.839370836e-19
    Average rotational energy       = 2.259365077e-20
    Average vibrational energy      = 3.956566706e-21
    Average electronic energy       = 0
    Total energy                    = 1.236663663

Stage 1.0  ExecutionTime = 91.12 s  ClockTime = 92 s  Iteration 480 (0.29 s)

Time = 4.9e-05

    Collisions                      = 34715
    Collision candidates           = 66784
    Collision acceptance rate      = 0.5198101342

    Number of DSMC particles        = 2455732
    Number of stuck particles       = 0
    Number of free particles        = 2455732
    Average linear kinetic energy   = 9.821223729e-19
    Average rotational energy       = 2.314645091e-20
    Average vibrational energy      = 4.121680251e-21
    Average electronic energy       = 0
    Total energy                    = 1.239396281

Stage 1.0  ExecutionTime = 93.81 s  ClockTime = 95 s  Iteration 490 (0.29 s)

Time = 5e-05

    Collisions                      = 35640
    Collision candidates           = 68270
    Collision acceptance rate      = 0.522044822

    Number of DSMC particles        = 2463869
    Number of stuck particles       = 0
    Number of free particles        = 2463869
    Average linear kinetic energy   = 9.802741577e-19
    Average rotational energy       = 2.374291514e-20
    Average vibrational energy      = 4.288751426e-21
    Average electronic energy       = 0
    Total energy                    = 1.242166731

Stage 1.0  ExecutionTime = 96.47 s  ClockTime = 97 s  Iteration 500 (0.3 s)

End stage 1


DSMC solver profile summary
    solver profile steps          = 500
    move+collide wall [s]         = 90.93311553
    move only [s]                 = 70.54072012
    buildCellOccupancy [s]        = 10.31369645
    collision phase [s]           = 28.46417826
    post fields/output [s]        = 5.295721334
    total profiled [s]            = 114.6143162
    full evolve wall [s]          = 96.21106636
    move+collide cpu [s]          = 82.7
    move only cpu [s]             = 64.1
    buildCellOccupancy cpu [s]    = 9.41
    collision phase cpu [s]       = 25.94
    post fields/output cpu [s]    = 4.92
    total profiled cpu [s]        = 104.37
    full evolve cpu [s]           = 87.48
    OpenMP enabled                = 0
    OpenMP max threads            = 1
    OpenMP move                   = 0 (static, chunk 64)
    OpenMP collision              = dynamic, chunk 8


Replicated mesh profiling summary:
    migration calls             = 54
    migration wall time [s]     = 1.889510342
    local particles (final)     = 337367
    particles per rank          = min 266279 max 374315 max/min 1.405724822
    rank wall time (evolve, 500 steps): min 82.1 max 82.25 max/min 1.00182704
    Phase C auto DLB checks      = 500
    Phase C auto DLB rebalances = 3
    Phase C auto DLB triggered checks = 3
    Phase C auto DLB wall max [s]= 0.430100214
    Phase C auto DLB check max [s]= 0.035389375
    Phase C ParMETIS max [s]     = 0.197376742
    Phase C migration max [s]    = 0.266653516
    Phase C cellOwner write max [s] = 0
    Phase C post-diagnostic max [s] = 0.00045729
    Phase C auto DLB accounted max [s] = 0.499876923
    Phase C auto DLB residual max [s] = -0.069776709

Total Iterations = 500
End main

end=2026-06-11T02:26:50+08:00
