case=ourmesh
mode=MPI8_serialfast
rep=3
np=8
OMP_NUM_THREADS=1
case_dir=/home/superxcx/code/OpenFoam/OF-1706/hyStrath_dlb/run/hyStrath/dsmcFoam+/xcx_test/pal-phd-3.3.1-cylinder-react/timecompare/ourmesh/mpi8replicatedmesh
controlDict=/home/superxcx/code/OpenFoam/OF-1706/hyStrath_dlb/doc/worklog/v2506/detail_mix/mpi8_serial_collision_kernel_20260611/controlDicts/ourmesh_MPI8_serialfast_rep3_controlDict
start=2026-06-11T02:26:50+08:00
/*---------------------------------------------------------------------------*\
| =========                 |                                                 |
| \\      /  F ield         | OpenFOAM: The Open Source CFD Toolbox           |
|  \\    /   O peration     | Version:  v1706                                 |
|   \\  /    A nd           | Web:      www.OpenFOAM.com                      |
|    \\/     M anipulation  |                                                 |
\*---------------------------------------------------------------------------*/
Build  : v1706
Arch   : "LSB;label=32;scalar=64"
Exec   : dsmcFoam+ -case /home/superxcx/code/OpenFoam/OF-1706/hyStrath_dlb/run/hyStrath/dsmcFoam+/xcx_test/pal-phd-3.3.1-cylinder-react/timecompare/ourmesh/mpi8replicatedmesh
Date   : Jun 11 2026
Time   : 02:26:50
Host   : "SuperXCX-ROG"
PID    : 179367
/*---------------------------------------------------------------------------*\
| =========                 |                                                 |
| \\      /  F ield         | OpenFOAM: The Open Source CFD Toolbox           |
|  \\    /   O peration     | Version:  v1706                                 |
|   \\  /    A nd           | Web:      www.OpenFOAM.com                      |
|    \\/     M anipulation  |                                                 |
\*---------------------------------------------------------------------------*/
Build  : v1706
Arch   : "LSB;label=32;scalar=64"
Exec   : dsmcFoam+ -case /home/superxcx/code/OpenFoam/OF-1706/hyStrath_dlb/run/hyStrath/dsmcFoam+/xcx_test/pal-phd-3.3.1-cylinder-react/timecompare/ourmesh/mpi8replicatedmesh
Date   : Jun 11 2026
Time   : 02:26:50
Host   : "SuperXCX-ROG"
PID    : 179366
/*---------------------------------------------------------------------------*\
| =========                 |                                                 |
| \\      /  F ield         | OpenFOAM: The Open Source CFD Toolbox           |
|  \\    /   O peration     | Version:  v1706                                 |
|   \\  /    A nd           | Web:      www.OpenFOAM.com                      |
|    \\/     M anipulation  |                                                 |
\*---------------------------------------------------------------------------*/
Build  : v1706
Arch   : "LSB;label=32;scalar=64"
Exec   : dsmcFoam+ -case /home/superxcx/code/OpenFoam/OF-1706/hyStrath_dlb/run/hyStrath/dsmcFoam+/xcx_test/pal-phd-3.3.1-cylinder-react/timecompare/ourmesh/mpi8replicatedmesh
Date   : Jun 11 2026
Time   : 02:26:50
Host   : "SuperXCX-ROG"
PID    : 179368
/*---------------------------------------------------------------------------*\
| =========                 |                                                 |
| \\      /  F ield         | OpenFOAM: The Open Source CFD Toolbox           |
|  \\    /   O peration     | Version:  v1706                                 |
|   \\  /    A nd           | Web:      www.OpenFOAM.com                      |
|    \\/     M anipulation  |                                                 |
\*---------------------------------------------------------------------------*/
Build  : v1706
Arch   : "LSB;label=32;scalar=64"
Exec   : dsmcFoam+ -case /home/superxcx/code/OpenFoam/OF-1706/hyStrath_dlb/run/hyStrath/dsmcFoam+/xcx_test/pal-phd-3.3.1-cylinder-react/timecompare/ourmesh/mpi8replicatedmesh
Date   : Jun 11 2026
Time   : 02:26:50
Host   : "SuperXCX-ROG"
PID    : 179371
/*---------------------------------------------------------------------------*\
| =========                 |                                                 |
| \\      /  F ield         | OpenFOAM: The Open Source CFD Toolbox           |
|  \\    /   O peration     | Version:  v1706                                 |
|   \\  /    A nd           | Web:      www.OpenFOAM.com                      |
|    \\/     M anipulation  |                                                 |
\*---------------------------------------------------------------------------*/
Build  : v1706
Arch   : "LSB;label=32;scalar=64"
Exec   : dsmcFoam+ -case /home/superxcx/code/OpenFoam/OF-1706/hyStrath_dlb/run/hyStrath/dsmcFoam+/xcx_test/pal-phd-3.3.1-cylinder-react/timecompare/ourmesh/mpi8replicatedmesh
Date   : Jun 11 2026
Time   : 02:26:50
Host   : "SuperXCX-ROG"
PID    : 179372
Case   : /home/superxcx/code/OpenFoam/OF-1706/hyStrath_dlb/run/hyStrath/dsmcFoam+/xcx_test/pal-phd-3.3.1-cylinder-react/timecompare/ourmesh/mpi8replicatedmesh
nProcs : 1
sigFpe : Enabling floating point exception trapping (FOAM_SIGFPE).
Case   : /home/superxcx/code/OpenFoam/OF-1706/hyStrath_dlb/run/hyStrath/dsmcFoam+/xcx_test/pal-phd-3.3.1-cylinder-react/timecompare/ourmesh/mpi8replicatedmesh
nProcs : 1
sigFpe : Enabling floating point exception trapping (FOAM_SIGFPE).
Case   : /home/superxcx/code/OpenFoam/OF-1706/hyStrath_dlb/run/hyStrath/dsmcFoam+/xcx_test/pal-phd-3.3.1-cylinder-react/timecompare/ourmesh/mpi8replicatedmesh
nProcs : 1
sigFpe : Enabling floating point exception trapping (FOAM_SIGFPE).
fileModificationChecking : Monitoring run-time modified files using timeStampMaster (fileModificationSkew 10)
allowSystemOperations : Allowing user-supplied system call operations

Case   : /home/superxcx/code/OpenFoam/OF-1706/hyStrath_dlb/run/hyStrath/dsmcFoam+/xcx_test/pal-phd-3.3.1-cylinder-react/timecompare/ourmesh/mpi8replicatedmesh
nProcs : 1
sigFpe : Enabling floating point exception trapping (FOAM_SIGFPE).
fileModificationChecking : Monitoring run-time modified files using timeStampMaster (fileModificationSkew 10)
allowSystemOperations : Allowing user-supplied system call operations

Case   : /home/superxcx/code/OpenFoam/OF-1706/hyStrath_dlb/run/hyStrath/dsmcFoam+/xcx_test/pal-phd-3.3.1-cylinder-react/timecompare/ourmesh/mpi8replicatedmesh
nProcs : 1
sigFpe : Enabling floating point exception trapping (FOAM_SIGFPE).
fileModificationChecking : Monitoring run-time modified files using timeStampMaster (fileModificationSkew 10)
allowSystemOperations : Allowing user-supplied system call operations

fileModificationChecking : Monitoring run-time modified files using timeStampMaster (fileModificationSkew 10)
allowSystemOperations : Allowing user-supplied system call operations

fileModificationChecking : Monitoring run-time modified files using timeStampMaster (fileModificationSkew 10)
allowSystemOperations : Allowing user-supplied system call operations

// * * * * * * * * * * * * * * * * * * * * * * * * * * * * * * * * * * * * * //
Create time

// * * * * * * * * * * * * * * * * * * * * * * * * * * * * * * * * * * * * * //
Create time

// * * * * * * * * * * * * * * * * * * * * * * * * * * * * * * * * * * * * * //
Create time

// * * * * * * * * * * * * * * * * * * * * * * * * * * * * * * * * * * * * * //
Create time

// * * * * * * * * * * * * * * * * * * * * * * * * * * * * * * * * * * * * * //
Create time

Create mesh for time = 0

Create mesh for time = 0

Selecting dynamicFvMesh staticFvMesh
Create mesh for time = 0

Create mesh for time = 0

Create mesh for time = 0

Selecting dynamicFvMesh staticFvMesh
Selecting dynamicFvMesh staticFvMesh
Selecting dynamicFvMesh staticFvMesh
Selecting dynamicFvMesh staticFvMesh
/*---------------------------------------------------------------------------*\
| =========                 |                                                 |
| \\      /  F ield         | OpenFOAM: The Open Source CFD Toolbox           |
|  \\    /   O peration     | Version:  v1706                                 |
|   \\  /    A nd           | Web:      www.OpenFOAM.com                      |
|    \\/     M anipulation  |                                                 |
\*---------------------------------------------------------------------------*/
Build  : v1706
Arch   : "LSB;label=32;scalar=64"
Exec   : dsmcFoam+ -case /home/superxcx/code/OpenFoam/OF-1706/hyStrath_dlb/run/hyStrath/dsmcFoam+/xcx_test/pal-phd-3.3.1-cylinder-react/timecompare/ourmesh/mpi8replicatedmesh
Date   : Jun 11 2026
Time   : 02:26:50
Host   : "SuperXCX-ROG"
PID    : 179365
Case   : /home/superxcx/code/OpenFoam/OF-1706/hyStrath_dlb/run/hyStrath/dsmcFoam+/xcx_test/pal-phd-3.3.1-cylinder-react/timecompare/ourmesh/mpi8replicatedmesh
nProcs : 1
sigFpe : Enabling floating point exception trapping (FOAM_SIGFPE).
fileModificationChecking : Monitoring run-time modified files using timeStampMaster (fileModificationSkew 10)
allowSystemOperations : Allowing user-supplied system call operations

// * * * * * * * * * * * * * * * * * * * * * * * * * * * * * * * * * * * * * //
Create time

Create mesh for time = 0

Selecting dynamicFvMesh staticFvMesh
/*---------------------------------------------------------------------------*\
| =========                 |                                                 |
| \\      /  F ield         | OpenFOAM: The Open Source CFD Toolbox           |
|  \\    /   O peration     | Version:  v1706                                 |
|   \\  /    A nd           | Web:      www.OpenFOAM.com                      |
|    \\/     M anipulation  |                                                 |
\*---------------------------------------------------------------------------*/
Build  : v1706
Arch   : "LSB;label=32;scalar=64"
Exec   : dsmcFoam+ -case /home/superxcx/code/OpenFoam/OF-1706/hyStrath_dlb/run/hyStrath/dsmcFoam+/xcx_test/pal-phd-3.3.1-cylinder-react/timecompare/ourmesh/mpi8replicatedmesh
Date   : Jun 11 2026
Time   : 02:26:50
Host   : "SuperXCX-ROG"
PID    : 179369
/*---------------------------------------------------------------------------*\
| =========                 |                                                 |
| \\      /  F ield         | OpenFOAM: The Open Source CFD Toolbox           |
|  \\    /   O peration     | Version:  v1706                                 |
|   \\  /    A nd           | Web:      www.OpenFOAM.com                      |
|    \\/     M anipulation  |                                                 |
\*---------------------------------------------------------------------------*/
Build  : v1706
Arch   : "LSB;label=32;scalar=64"
Exec   : dsmcFoam+ -case /home/superxcx/code/OpenFoam/OF-1706/hyStrath_dlb/run/hyStrath/dsmcFoam+/xcx_test/pal-phd-3.3.1-cylinder-react/timecompare/ourmesh/mpi8replicatedmesh
Date   : Jun 11 2026
Time   : 02:26:50
Host   : "SuperXCX-ROG"
PID    : 179370
Case   : /home/superxcx/code/OpenFoam/OF-1706/hyStrath_dlb/run/hyStrath/dsmcFoam+/xcx_test/pal-phd-3.3.1-cylinder-react/timecompare/ourmesh/mpi8replicatedmesh
nProcs : 1
sigFpe : Enabling floating point exception trapping (FOAM_SIGFPE).
fileModificationChecking : Monitoring run-time modified files using timeStampMaster (fileModificationSkew 10)
allowSystemOperations : Allowing user-supplied system call operations

// * * * * * * * * * * * * * * * * * * * * * * * * * * * * * * * * * * * * * //
Create time

Case   : /home/superxcx/code/OpenFoam/OF-1706/hyStrath_dlb/run/hyStrath/dsmcFoam+/xcx_test/pal-phd-3.3.1-cylinder-react/timecompare/ourmesh/mpi8replicatedmesh
nProcs : 1
sigFpe : Enabling floating point exception trapping (FOAM_SIGFPE).
fileModificationChecking : Monitoring run-time modified files using timeStampMaster (fileModificationSkew 10)
allowSystemOperations : Allowing user-supplied system call operations

// * * * * * * * * * * * * * * * * * * * * * * * * * * * * * * * * * * * * * //
Create time

Create mesh for time = 0

Create mesh for time = 0

Selecting dynamicFvMesh staticFvMesh
Selecting dynamicFvMesh staticFvMesh

Constructing dsmcCloud 

Constructing dsmcCloud 

Constructing dsmcCloud 

Constructing dsmcCloud 

Constructing dsmcCloud 

Constructing dsmcCloud 

Constructing dsmcCloud 

Constructing dsmcCloud 
Selecting the coordinate system model:	dsmcCartesian

Selecting the time-step model:	dsmcConstantTimeStepModel

Constant time-step model:
- time-step [sec]	1e-07

Selecting the porous measurement model:	dsmcNoPorousMediumMeasurements


Creating dsmcControllers

Creating fields: 

Selecting field: dsmcVolFields

TimeData Statistics: 
 measurement option: write
 nSamples: 1, time interval: 1e-07
 nAverages: 10000, time interval: 0.001
 total no. of sampling steps: 0
 total no. of averaging Steps: 0


Creating the boundary models: 

Selecting dsmcPatchBoundaryModel dsmcDeletionPatch
Selecting dsmcPatchBoundaryModel dsmcDeletionPatch
Selecting dsmcPatchBoundaryModel dsmcDiffuseWallPatch
Selecting dsmcGeneralBoundaryModel dsmcFreeStreamInflowPatch
Selecting BinaryCollisionModel LarsenBorgnakkeVariableHardSphere

Creating dsmcReactions

There are no chemical reactions defined.
Selecting the coordinate system model:	dsmcCartesian

Selecting the time-step model:	dsmcConstantTimeStepModel

Constant time-step model:
- time-step [sec]	1e-07

Selecting the porous measurement model:	dsmcNoPorousMediumMeasurements

Selecting the coordinate system model:	dsmcCartesian

Selecting the time-step model:	dsmcConstantTimeStepModel

Constant time-step model:
- time-step [sec]	1e-07

Selecting the porous measurement model:	dsmcNoPorousMediumMeasurements


Creating dsmcControllers

Creating fields: 

Selecting field: dsmcVolFields

TimeData Statistics: 
 measurement option: write
 nSamples: 1, time interval: 1e-07
 nAverages: 10000, time interval: 0.001
 total no. of sampling steps: 0
 total no. of averaging Steps: 0



Creating dsmcControllers

Creating fields: 

Selecting field: dsmcVolFields

TimeData Statistics: 
 measurement option: write
 nSamples: 1, time interval: 1e-07
 nAverages: 10000, time interval: 0.001
 total no. of sampling steps: 0
 total no. of averaging Steps: 0


Selecting the coordinate system model:	dsmcCartesian

Selecting the time-step model:	dsmcConstantTimeStepModel

Selecting the coordinate system model:	dsmcCartesian

Selecting the time-step model:	dsmcConstantTimeStepModel

Constant time-step model:
- time-step [sec]	1e-07

Selecting the porous measurement model:	dsmcNoPorousMediumMeasurements

Constant time-step model:
- time-step [sec]	1e-07

Selecting the porous measurement model:	dsmcNoPorousMediumMeasurements


Creating dsmcControllers


Creating dsmcControllers

--> FOAM Warning : 
    From function bool Foam::rmDir(const fileName &, const bool)
    in file POSIX.C at line 1047
    failed to remove directory "/home/superxcx/code/OpenFoam/OF-1706/hyStrath_dlb/run/hyStrath/dsmcFoam+/xcx_test/pal-phd-3.3.1-cylinder-react/timecompare/ourmesh/mpi8replicatedmesh/fieldMeasurements"
Creating fields: 

Selecting field: dsmcVolFields
Creating fields: 

Selecting field: dsmcVolFields

TimeData Statistics: 
 measurement option: write
 nSamples: 1, time interval: 1e-07
 nAverages: 10000, time interval: 0.001
 total no. of sampling steps: 0
 total no. of averaging Steps: 0



TimeData Statistics: 
 measurement option: write
 nSamples: 1, time interval: 1e-07
 nAverages: 10000, time interval: 0.001
 total no. of sampling steps: 0
 total no. of averaging Steps: 0


Selecting the coordinate system model:	dsmcCartesian

Selecting the time-step model:	dsmcConstantTimeStepModel

Constant time-step model:
- time-step [sec]	1e-07

Selecting the porous measurement model:	dsmcNoPorousMediumMeasurements

Selecting the coordinate system model:	dsmcCartesian

Selecting the time-step model:	dsmcConstantTimeStepModel

Constant time-step model:
- time-step [sec]	1e-07

Selecting the porous measurement model:	dsmcNoPorousMediumMeasurements


Creating dsmcControllers

Creating the boundary models: 

Selecting dsmcPatchBoundaryModel dsmcDeletionPatch
Creating the boundary models: 

Selecting dsmcPatchBoundaryModel dsmcDeletionPatch
Selecting dsmcPatchBoundaryModel dsmcDeletionPatch
Selecting dsmcPatchBoundaryModel dsmcDiffuseWallPatch
Selecting dsmcPatchBoundaryModel dsmcDeletionPatch
Selecting dsmcPatchBoundaryModel dsmcDiffuseWallPatch
Selecting dsmcGeneralBoundaryModel dsmcFreeStreamInflowPatch
Selecting dsmcGeneralBoundaryModel dsmcFreeStreamInflowPatch
Creating fields: 

Selecting field: dsmcVolFields

TimeData Statistics: 
 measurement option: write
 nSamples: 1, time interval: 1e-07
 nAverages: 10000, time interval: 0.001
 total no. of sampling steps: 0
 total no. of averaging Steps: 0



Creating dsmcControllers

Creating fields: 

Selecting field: dsmcVolFields

TimeData Statistics: 
 measurement option: write
 nSamples: 1, time interval: 1e-07
 nAverages: 10000, time interval: 0.001
 total no. of sampling steps: 0
 total no. of averaging Steps: 0


Selecting BinaryCollisionModel LarsenBorgnakkeVariableHardSphere

Creating dsmcReactions

There are no chemical reactions defined.
Selecting BinaryCollisionModel LarsenBorgnakkeVariableHardSphere

Creating dsmcReactions

There are no chemical reactions defined.
Selecting the coordinate system model:	dsmcCartesian

Selecting the time-step model:	dsmcConstantTimeStepModel

Creating the boundary models: 

Selecting dsmcPatchBoundaryModel dsmcDeletionPatch
Selecting dsmcPatchBoundaryModel dsmcDeletionPatch
Selecting dsmcPatchBoundaryModel dsmcDiffuseWallPatch
Selecting dsmcGeneralBoundaryModel dsmcFreeStreamInflowPatch
Constant time-step model:
- time-step [sec]	1e-07

Selecting the porous measurement model:	dsmcNoPorousMediumMeasurements

Creating the boundary models: 

Selecting dsmcPatchBoundaryModel dsmcDeletionPatch
Selecting dsmcPatchBoundaryModel dsmcDeletionPatch
Selecting dsmcPatchBoundaryModel dsmcDiffuseWallPatch
Selecting dsmcGeneralBoundaryModel dsmcFreeStreamInflowPatch

Creating dsmcControllers

Selecting BinaryCollisionModel LarsenBorgnakkeVariableHardSphere

Creating dsmcReactions

There are no chemical reactions defined.
Creating fields: 

Selecting field: dsmcVolFields

TimeData Statistics: 
 measurement option: write
 nSamples: 1, time interval: 1e-07
 nAverages: 10000, time interval: 0.001
 total no. of sampling steps: 0
 total no. of averaging Steps: 0


Selecting BinaryCollisionModel LarsenBorgnakkeVariableHardSphere

Creating dsmcReactions

There are no chemical reactions defined.
Creating the boundary models: 

Selecting dsmcPatchBoundaryModel dsmcDeletionPatch
Selecting dsmcPatchBoundaryModel dsmcDeletionPatch
Selecting dsmcPatchBoundaryModel dsmcDiffuseWallPatch
Selecting dsmcGeneralBoundaryModel dsmcFreeStreamInflowPatch
Creating the boundary models: 

Selecting dsmcPatchBoundaryModel dsmcDeletionPatch
Selecting dsmcPatchBoundaryModel dsmcDeletionPatch
Selecting dsmcPatchBoundaryModel dsmcDiffuseWallPatch
Selecting dsmcGeneralBoundaryModel dsmcFreeStreamInflowPatch
Selecting BinaryCollisionModel LarsenBorgnakkeVariableHardSphere

Creating dsmcReactions

There are no chemical reactions defined.
Selecting BinaryCollisionModel LarsenBorgnakkeVariableHardSphere

Creating dsmcReactions

There are no chemical reactions defined.
Creating the boundary models: 

Selecting dsmcPatchBoundaryModel dsmcDeletionPatch
Selecting dsmcPatchBoundaryModel dsmcDeletionPatch
Selecting dsmcPatchBoundaryModel dsmcDiffuseWallPatch
Selecting dsmcGeneralBoundaryModel dsmcFreeStreamInflowPatch
Selecting BinaryCollisionModel LarsenBorgnakkeVariableHardSphere

Creating dsmcReactions

There are no chemical reactions defined.

Constructing constant properties for
	N2
	O2
	NO
	N
	O

Constructing constant properties for
	N2
	O2
	NO
	N
	O
Selecting collisionPartnerSelectionModel noTimeCounter

Initialising the measurement fields

Initialising dsmcVolFields field

Constructing constant properties for
	N2
	O2
	NO
	N
	O

Constructing constant properties for
	N2
	O2
	NO
	N
	O

Constructing constant properties for
	N2
	O2
	NO
	N
	O

Constructing constant properties for
	N2
	O2
	NO
	N
	O

Constructing constant properties for
	N2
	O2
	NO
	N
	O
Selecting collisionPartnerSelectionModel noTimeCounter

Initialising the measurement fields

Initialising dsmcVolFields field

Constructing constant properties for
	N2
	O2
	NO
	N
	O
Selecting collisionPartnerSelectionModel noTimeCounter

Initialising the measurement fields

Initialising dsmcVolFields field
Selecting collisionPartnerSelectionModel noTimeCounter

Initialising the measurement fields

Initialising dsmcVolFields field
Selecting collisionPartnerSelectionModel noTimeCounter

Initialising the measurement fields

Initialising dsmcVolFields field
Selecting collisionPartnerSelectionModel noTimeCounter

Initialising the measurement fields

Initialising dsmcVolFields field
Selecting collisionPartnerSelectionModel noTimeCounter

Initialising the measurement fields

Initialising dsmcVolFields field
Selecting collisionPartnerSelectionModel noTimeCounter

Initialising the measurement fields

Initialising dsmcVolFields field
Replicated mesh: METIS decomposition complete, 104151 cells -> 8 ranks
Replicated mesh: rank 0 owns 13019 / 104151 cells
Local mesh: 13019 owned + 310 halo = 13329 / 104151 cells
Replicated mesh: no-Alltoall async migration enabled
Replicated mesh: flatTransfer=1 found=1
Replicated mesh: flat POD transfer enabled
Replicated mesh: writeMode=gathered
Phase C auto DLB: enabled (ParMETIS AdaptiveRepart), imbalanceThreshold=1.5, dlbSteps=50, sarSteps=10, triggerMode=legacyWindow, minGapSteps=50, checkCollective=allgather, skipFixedKPostDiag=0
Replicated mesh: initialized with 8 MPI ranks, migrate interval 10

Starting time loop

Replicated mesh: initial particle distribution

Replicated mesh: rank 0 kept 251345 parcels, deleted 1806661 non-owned parcels
Time = 1e-06

    Collisions                      = 2806
    Collision candidates           = 2911
    Collision acceptance rate      = 0.963929921

    Number of DSMC particles        = 2065852
    Number of stuck particles       = 0
    Number of free particles        = 2065852
    Average linear kinetic energy   = 1.111300245e-18
    Average rotational energy       = 2.629541185e-21
    Average vibrational energy      = 8.468535402e-24
    Average electronic energy       = 0
    Total energy                    = 1.150615786

Stage 1.0  ExecutionTime = 8.84 s  ClockTime = 10 s  Iteration 10 (0.14 s)

Time = 2e-06

    Collisions                      = 4453
    Collision candidates           = 5070
    Collision acceptance rate      = 0.8783037475

    Number of DSMC particles        = 2073992
    Number of stuck particles       = 0
    Number of free particles        = 2073992
    Average linear kinetic energy   = 1.107066675e-18
    Average rotational energy       = 2.680919851e-21
    Average vibrational energy      = 1.817871056e-23
    Average electronic energy       = 0
    Total energy                    = 1.150822668

Stage 1.0  ExecutionTime = 10.01 s  ClockTime = 11 s  Iteration 20 (0.15 s)

Time = 3e-06

    Collisions                      = 4823
    Collision candidates           = 5953
    Collision acceptance rate      = 0.8101797413

    Number of DSMC particles        = 2082016
    Number of stuck particles       = 0
    Number of free particles        = 2082016
    Average linear kinetic energy   = 1.102961949e-18
    Average rotational energy       = 2.751564613e-21
    Average vibrational energy      = 2.658537856e-23
    Average electronic energy       = 0
    Total energy                    = 1.151084289

Stage 1.0  ExecutionTime = 11.17 s  ClockTime = 13 s  Iteration 30 (0.13 s)

Time = 4e-06

    Collisions                      = 5300
    Collision candidates           = 7093
    Collision acceptance rate      = 0.7472155646

    Number of DSMC particles        = 2090218
    Number of stuck particles       = 0
    Number of free particles        = 2090218
    Average linear kinetic energy   = 1.098919678e-18
    Average rotational energy       = 2.838222108e-21
    Average vibrational energy      = 4.010970365e-23
    Average electronic energy       = 0
    Total energy                    = 1.151499016

Stage 1.0  ExecutionTime = 12.35 s  ClockTime = 14 s  Iteration 40 (0.13 s)

Time = 5e-06

    Collisions                      = 6016
    Collision candidates           = 8379
    Collision acceptance rate      = 0.7179854398

    Number of DSMC particles        = 2098403
    Number of stuck particles       = 0
    Number of free particles        = 2098403
    Average linear kinetic energy   = 1.094977298e-18
    Average rotational energy       = 2.953112182e-21
    Average vibrational energy      = 5.38720188e-23
    Average electronic energy       = 0
    Total energy                    = 1.152006756

Stage 1.0  ExecutionTime = 13.55 s  ClockTime = 15 s  Iteration 50 (0.14 s)

Time = 6e-06

    Collisions                      = 6663
    Collision candidates           = 9614
    Collision acceptance rate      = 0.6930517995

    Number of DSMC particles        = 2106508
    Number of stuck particles       = 0
    Number of free particles        = 2106508
    Average linear kinetic energy   = 1.091172556e-18
    Average rotational energy       = 3.090632008e-21
    Average vibrational energy      = 6.975280134e-23
    Average electronic energy       = 0
    Total energy                    = 1.152610547

Stage 1.0  ExecutionTime = 14.81 s  ClockTime = 17 s  Iteration 60 (0.14 s)

Time = 7e-06

    Collisions                      = 7090
    Collision candidates           = 10700
    Collision acceptance rate      = 0.6626168224

    Number of DSMC particles        = 2114795
    Number of stuck particles       = 0
    Number of free particles        = 2114795
    Average linear kinetic energy   = 1.087519614e-18
    Average rotational energy       = 3.260806099e-21
    Average vibrational energy      = 9.394172287e-23
    Average electronic energy       = 0
    Total energy                    = 1.153487822

Stage 1.0  ExecutionTime = 16.09 s  ClockTime = 18 s  Iteration 70 (0.14 s)

Time = 8e-06

    Collisions                      = 7826
    Collision candidates           = 12061
    Collision acceptance rate      = 0.648868253

    Number of DSMC particles        = 2122809
    Number of stuck particles       = 0
    Number of free particles        = 2122809
    Average linear kinetic energy   = 1.083862846e-18
    Average rotational energy       = 3.43895478e-21
    Average vibrational energy      = 1.207613364e-22
    Average electronic energy       = 0
    Total energy                    = 1.154195201

Stage 1.0  ExecutionTime = 17.38 s  ClockTime = 19 s  Iteration 80 (0.15 s)

Time = 9e-06

    Collisions                      = 8305
    Collision candidates           = 13154
    Collision acceptance rate      = 0.6313668846

    Number of DSMC particles        = 2130915
    Number of stuck particles       = 0
    Number of free particles        = 2130915
    Average linear kinetic energy   = 1.080455307e-18
    Average rotational energy       = 3.66037258e-21
    Average vibrational energy      = 1.450558124e-22
    Average electronic energy       = 0
    Total energy                    = 1.155233732

Stage 1.0  ExecutionTime = 18.69 s  ClockTime = 21 s  Iteration 90 (0.13 s)

Time = 1e-05

    Collisions                      = 9134
    Collision candidates           = 14670
    Collision acceptance rate      = 0.6226312202

    Number of DSMC particles        = 2138932
    Number of stuck particles       = 0
    Number of free particles        = 2138932
    Average linear kinetic energy   = 1.077029395e-18
    Average rotational energy       = 3.903861664e-21
    Average vibrational energy      = 1.755029958e-22
    Average electronic energy       = 0
    Total energy                    = 1.156209061

Stage 1.0  ExecutionTime = 20.1 s  ClockTime = 19 s  Iteration 100 (0.15 s)

Time = 1.1e-05

    Collisions                      = 9941
    Collision candidates           = 15975
    Collision acceptance rate      = 0.62228482

    Number of DSMC particles        = 2147041
    Number of stuck particles       = 0
    Number of free particles        = 2147041
    Average linear kinetic energy   = 1.073691248e-18
    Average rotational energy       = 4.187191313e-21
    Average vibrational energy      = 2.022267794e-22
    Average electronic energy       = 0
    Total energy                    = 1.157341695

Stage 1.0  ExecutionTime = 21.49 s  ClockTime = 21 s  Iteration 110 (0.16 s)

Time = 1.2e-05

    Collisions                      = 10471
    Collision candidates           = 17209
    Collision acceptance rate      = 0.6084606892


Phase C auto DLB triggered (SAR) at step 120: sar=6.568893333e-05 loadImbalance=1.057350676 threshold=1.5
Phase C ParMETIS weights: particles=2155197 activeCells=104094 maxCellParticles=63
Phase C ParMETIS: alpha=0.8 ncon=2 ubvec=[1.049999952,1.5] moveRatio=0.7500241444 (moveT=10.36661686s, collT=3.455093996s)
Phase C ParMETIS: AdaptiveRepart (104151 cells, 2 constraints, ubvec=1.049999952)
Replicated mesh: rank 0 owns 12799 / 104151 cells
Local mesh: 12799 owned + 343 halo = 13142 / 104151 cells
Phase C ParMETIS AdaptiveRepart: 84063 / 104151 cells changed (0.8071261918)
Phase C auto DLB complete: rebalance #1

    Number of DSMC particles        = 2155197
    Number of stuck particles       = 0
    Number of free particles        = 2155197
    Average linear kinetic energy   = 1.070412364e-18
    Average rotational energy       = 4.474887438e-21
    Average vibrational energy      = 2.433105675e-22
    Average electronic energy       = 0
    Total energy                    = 1.15855908

Stage 1.0  ExecutionTime = 23.12 s  ClockTime = 23 s  Iteration 120 (0.37 s)

Time = 1.3e-05

    Collisions                      = 9172
    Collision candidates           = 13826
    Collision acceptance rate      = 0.66338782

    Number of DSMC particles        = 2163279
    Number of stuck particles       = 0
    Number of free particles        = 2163279
    Average linear kinetic energy   = 1.067162949e-18
    Average rotational energy       = 4.577541977e-21
    Average vibrational energy      = 2.598895486e-22
    Average electronic energy       = 0
    Total energy                    = 1.159517955

Stage 1.0  ExecutionTime = 24.38 s  ClockTime = 24 s  Iteration 130 (0.14 s)

Time = 1.4e-05

    Collisions                      = 10915
    Collision candidates           = 17102
    Collision acceptance rate      = 0.6382294468

    Number of DSMC particles        = 2171335
    Number of stuck particles       = 0
    Number of free particles        = 2171335
    Average linear kinetic energy   = 1.063881863e-18
    Average rotational energy       = 4.869660686e-21
    Average vibrational energy      = 3.01101482e-22
    Average electronic energy       = 0
    Total energy                    = 1.160635691

Stage 1.0  ExecutionTime = 25.65 s  ClockTime = 26 s  Iteration 140 (0.14 s)

Time = 1.5e-05

    Collisions                      = 11774
    Collision candidates           = 19091
    Collision acceptance rate      = 0.6167303965

    Number of DSMC particles        = 2179445
    Number of stuck particles       = 0
    Number of free particles        = 2179445
    Average linear kinetic energy   = 1.060685395e-18
    Average rotational energy       = 5.21449335e-21
    Average vibrational energy      = 3.396697689e-22
    Average electronic energy       = 0
    Total energy                    = 1.161905237

Stage 1.0  ExecutionTime = 26.94 s  ClockTime = 27 s  Iteration 150 (0.14 s)

Time = 1.6e-05

    Collisions                      = 12781
    Collision candidates           = 20778
    Collision acceptance rate      = 0.6151217634

    Number of DSMC particles        = 2187590
    Number of stuck particles       = 0
    Number of free particles        = 2187590
    Average linear kinetic energy   = 1.057616564e-18
    Average rotational energy       = 5.594533619e-21
    Average vibrational energy      = 3.9153252e-22
    Average electronic energy       = 0
    Total energy                    = 1.163363238

Stage 1.0  ExecutionTime = 28.31 s  ClockTime = 28 s  Iteration 160 (0.16 s)

Time = 1.7e-05

    Collisions                      = 13359
    Collision candidates           = 22335
    Collision acceptance rate      = 0.5981195433

    Number of DSMC particles        = 2195861
    Number of stuck particles       = 0
    Number of free particles        = 2195861
    Average linear kinetic energy   = 1.054673147e-18
    Average rotational energy       = 5.993022059e-21
    Average vibrational energy      = 4.468238304e-22
    Average electronic energy       = 0
    Total energy                    = 1.165028319

Stage 1.0  ExecutionTime = 29.7 s  ClockTime = 30 s  Iteration 170 (0.16 s)

Time = 1.8e-05

    Collisions                      = 14122
    Collision candidates           = 23657
    Collision acceptance rate      = 0.5969480492

    Number of DSMC particles        = 2203983
    Number of stuck particles       = 0
    Number of free particles        = 2203983
    Average linear kinetic energy   = 1.051815718e-18
    Average rotational energy       = 6.428734064e-21
    Average vibrational energy      = 5.094868575e-22
    Average electronic energy       = 0
    Total energy                    = 1.166737842

Stage 1.0  ExecutionTime = 31.09 s  ClockTime = 32 s  Iteration 180 (0.17 s)

Time = 1.9e-05

    Collisions                      = 14891
    Collision candidates           = 25338
    Collision acceptance rate      = 0.5876943721

    Number of DSMC particles        = 2212149
    Number of stuck particles       = 0
    Number of free particles        = 2212149
    Average linear kinetic energy   = 1.048991304e-18
    Average rotational energy       = 6.883885704e-21
    Average vibrational energy      = 5.754807691e-22
    Average electronic energy       = 0
    Total energy                    = 1.168513147

Stage 1.0  ExecutionTime = 32.56 s  ClockTime = 33 s  Iteration 190 (0.16 s)

Time = 2e-05

    Collisions                      = 15688
    Collision candidates           = 26821
    Collision acceptance rate      = 0.5849148056

    Number of DSMC particles        = 2220215
    Number of stuck particles       = 0
    Number of free particles        = 2220215
    Average linear kinetic energy   = 1.046213504e-18
    Average rotational energy       = 7.310848021e-21
    Average vibrational energy      = 6.445776311e-22
    Average electronic energy       = 0
    Total energy                    = 1.170240835

Stage 1.0  ExecutionTime = 34.06 s  ClockTime = 35 s  Iteration 200 (0.17 s)

Time = 2.1e-05

    Collisions                      = 16294
    Collision candidates           = 28401
    Collision acceptance rate      = 0.5737121932

    Number of DSMC particles        = 2228339
    Number of stuck particles       = 0
    Number of free particles        = 2228339
    Average linear kinetic energy   = 1.043513059e-18
    Average rotational energy       = 7.785509679e-21
    Average vibrational energy      = 7.219486366e-22
    Average electronic energy       = 0
    Total energy                    = 1.172129174

Stage 1.0  ExecutionTime = 35.57 s  ClockTime = 36 s  Iteration 210 (0.17 s)

Time = 2.2e-05

    Collisions                      = 17104
    Collision candidates           = 29689
    Collision acceptance rate      = 0.5761056283

    Number of DSMC particles        = 2236420
    Number of stuck particles       = 0
    Number of free particles        = 2236420
    Average linear kinetic energy   = 1.040811115e-18
    Average rotational energy       = 8.265828215e-21
    Average vibrational energy      = 8.040777821e-22
    Average electronic energy       = 0
    Total energy                    = 1.173987457

Stage 1.0  ExecutionTime = 37.14 s  ClockTime = 38 s  Iteration 220 (0.19 s)

Time = 2.3e-05

    Collisions                      = 17825
    Collision candidates           = 31300
    Collision acceptance rate      = 0.5694888179


Phase C auto DLB triggered (SAR) at step 230: sar=5.249827274e-06 loadImbalance=1.043522084 threshold=1.5
Phase C ParMETIS weights: particles=2244415 activeCells=104112 maxCellParticles=70
Phase C ParMETIS: alpha=0.8 ncon=2 ubvec=[1.049999952,1.5] moveRatio=0.8196628584 (moveT=22.62500768s, collT=4.977813954s)
Phase C ParMETIS: AdaptiveRepart (104151 cells, 2 constraints, ubvec=1.049999952)
Replicated mesh: rank 0 owns 12801 / 104151 cells
Local mesh: 12801 owned + 341 halo = 13142 / 104151 cells
Phase C ParMETIS AdaptiveRepart: 44 / 104151 cells changed (0.0004224635385)
Phase C auto DLB complete: rebalance #2

    Number of DSMC particles        = 2244415
    Number of stuck particles       = 0
    Number of free particles        = 2244415
    Average linear kinetic energy   = 1.038202353e-18
    Average rotational energy       = 8.74602034e-21
    Average vibrational energy      = 8.835188741e-22
    Average electronic energy       = 0
    Total energy                    = 1.175884808

Stage 1.0  ExecutionTime = 38.83 s  ClockTime = 40 s  Iteration 230 (0.27 s)

Time = 2.4e-05

    Collisions                      = 18623
    Collision candidates           = 32837
    Collision acceptance rate      = 0.5671346347

    Number of DSMC particles        = 2252635
    Number of stuck particles       = 0
    Number of free particles        = 2252635
    Average linear kinetic energy   = 1.035686961e-18
    Average rotational energy       = 9.245835911e-21
    Average vibrational energy      = 9.618151172e-22
    Average electronic energy       = 0
    Total energy                    = 1.178009405

Stage 1.0  ExecutionTime = 40.45 s  ClockTime = 42 s  Iteration 240 (0.18 s)

Time = 2.5e-05

    Collisions                      = 19186
    Collision candidates           = 34442
    Collision acceptance rate      = 0.557052436

    Number of DSMC particles        = 2260732
    Number of stuck particles       = 0
    Number of free particles        = 2260732
    Average linear kinetic energy   = 1.033137525e-18
    Average rotational energy       = 9.770138654e-21
    Average vibrational energy      = 1.052080025e-21
    Average electronic energy       = 0
    Total energy                    = 1.1800566

Stage 1.0  ExecutionTime = 42.11 s  ClockTime = 44 s  Iteration 250 (0.19 s)

Time = 2.6e-05

    Collisions                      = 20296
    Collision candidates           = 36005
    Collision acceptance rate      = 0.5636994862

    Number of DSMC particles        = 2268796
    Number of stuck particles       = 0
    Number of free particles        = 2268796
    Average linear kinetic energy   = 1.030630997e-18
    Average rotational energy       = 1.026495563e-20
    Average vibrational energy      = 1.148528229e-21
    Average electronic energy       = 0
    Total energy                    = 1.182093175

Stage 1.0  ExecutionTime = 43.82 s  ClockTime = 46 s  Iteration 260 (0.2 s)

Time = 2.7e-05

    Collisions                      = 20679
    Collision candidates           = 37522
    Collision acceptance rate      = 0.5511166782

    Number of DSMC particles        = 2276908
    Number of stuck particles       = 0
    Number of free particles        = 2276908
    Average linear kinetic energy   = 1.028150507e-18
    Average rotational energy       = 1.080212383e-20
    Average vibrational energy      = 1.250914779e-21
    Average electronic energy       = 0
    Total energy                    = 1.184223887

Stage 1.0  ExecutionTime = 45.53 s  ClockTime = 47 s  Iteration 270 (0.19 s)

Time = 2.8e-05

    Collisions                      = 21520
    Collision candidates           = 38965
    Collision acceptance rate      = 0.5522905171

    Number of DSMC particles        = 2285046
    Number of stuck particles       = 0
    Number of free particles        = 2285046
    Average linear kinetic energy   = 1.025749397e-18
    Average rotational energy       = 1.134699665e-20
    Average vibrational energy      = 1.353766851e-21
    Average electronic energy       = 0
    Total energy                    = 1.186453193

Stage 1.0  ExecutionTime = 47.34 s  ClockTime = 49 s  Iteration 280 (0.2 s)

Time = 2.9e-05

    Collisions                      = 22087
    Collision candidates           = 40334
    Collision acceptance rate      = 0.547602519

    Number of DSMC particles        = 2293176
    Number of stuck particles       = 0
    Number of free particles        = 2293176
    Average linear kinetic energy   = 1.023389292e-18
    Average rotational energy       = 1.185210452e-20
    Average vibrational energy      = 1.452626196e-21
    Average electronic energy       = 0
    Total energy                    = 1.188660926

Stage 1.0  ExecutionTime = 49.15 s  ClockTime = 51 s  Iteration 290 (0.21 s)

Time = 3e-05

    Collisions                      = 22890
    Collision candidates           = 41847
    Collision acceptance rate      = 0.546992616

    Number of DSMC particles        = 2301380
    Number of stuck particles       = 0
    Number of free particles        = 2301380
    Average linear kinetic energy   = 1.021048068e-18
    Average rotational energy       = 1.238618563e-20
    Average vibrational energy      = 1.555617118e-21
    Average electronic energy       = 0
    Total energy                    = 1.190952494

Stage 1.0  ExecutionTime = 50.99 s  ClockTime = 50 s  Iteration 300 (0.21 s)

Time = 3.1e-05

    Collisions                      = 23473
    Collision candidates           = 43113
    Collision acceptance rate      = 0.5444529492

    Number of DSMC particles        = 2309529
    Number of stuck particles       = 0
    Number of free particles        = 2309529
    Average linear kinetic energy   = 1.018745454e-18
    Average rotational energy       = 1.292691722e-20
    Average vibrational energy      = 1.664257828e-21
    Average electronic energy       = 0
    Total energy                    = 1.193260456

Stage 1.0  ExecutionTime = 52.87 s  ClockTime = 52 s  Iteration 310 (0.22 s)

Time = 3.2e-05

    Collisions                      = 24160
    Collision candidates           = 44503
    Collision acceptance rate      = 0.5428847493

    Number of DSMC particles        = 2317634
    Number of stuck particles       = 0
    Number of free particles        = 2317634
    Average linear kinetic energy   = 1.016490877e-18
    Average rotational energy       = 1.349125686e-20
    Average vibrational energy      = 1.778305001e-21
    Average electronic energy       = 0
    Total energy                    = 1.195621537

Stage 1.0  ExecutionTime = 54.79 s  ClockTime = 55 s  Iteration 320 (0.22 s)

Time = 3.3e-05

    Collisions                      = 24950
    Collision candidates           = 46072
    Collision acceptance rate      = 0.5415436708

    Number of DSMC particles        = 2325786
    Number of stuck particles       = 0
    Number of free particles        = 2325786
    Average linear kinetic energy   = 1.01422956e-18
    Average rotational energy       = 1.407196982e-20
    Average vibrational energy      = 1.899635642e-21
    Average electronic energy       = 0
    Total energy                    = 1.198013724

Stage 1.0  ExecutionTime = 56.74 s  ClockTime = 57 s  Iteration 330 (0.22 s)

Time = 3.4e-05

    Collisions                      = 25573
    Collision candidates           = 47419
    Collision acceptance rate      = 0.5392985934

    Number of DSMC particles        = 2333874
    Number of stuck particles       = 0
    Number of free particles        = 2333874
    Average linear kinetic energy   = 1.012015549e-18
    Average rotational energy       = 1.464152185e-20
    Average vibrational energy      = 2.010596768e-21
    Average electronic energy       = 0
    Total energy                    = 1.200390362

Stage 1.0  ExecutionTime = 58.74 s  ClockTime = 59 s  Iteration 340 (0.24 s)

Time = 3.5e-05

    Collisions                      = 26057
    Collision candidates           = 48664
    Collision acceptance rate      = 0.5354471478

    Number of DSMC particles        = 2342099
    Number of stuck particles       = 0
    Number of free particles        = 2342099
    Average linear kinetic energy   = 1.00979369e-18
    Average rotational energy       = 1.52069521e-20
    Average vibrational energy      = 2.128341041e-21
    Average electronic energy       = 0
    Total energy                    = 1.202818882

Stage 1.0  ExecutionTime = 60.8 s  ClockTime = 61 s  Iteration 350 (0.24 s)

Time = 3.6e-05

    Collisions                      = 27208
    Collision candidates           = 50300
    Collision acceptance rate      = 0.5409145129

    Number of DSMC particles        = 2350291
    Number of stuck particles       = 0
    Number of free particles        = 2350291
    Average linear kinetic energy   = 1.007627624e-18
    Average rotational energy       = 1.575182932e-20
    Average vibrational energy      = 2.258788482e-21
    Average electronic energy       = 0
    Total energy                    = 1.205274165

Stage 1.0  ExecutionTime = 62.86 s  ClockTime = 63 s  Iteration 360 (0.22 s)

Time = 3.7e-05

    Collisions                      = 27295
    Collision candidates           = 51456
    Collision acceptance rate      = 0.5304532027


Phase C auto DLB triggered (SAR) at step 370: sar=0.0007957403681 loadImbalance=1.042204365 threshold=1.5
Phase C ParMETIS weights: particles=2358331 activeCells=104107 maxCellParticles=92
Phase C ParMETIS: alpha=0.8 ncon=2 ubvec=[1.049999952,1.5] moveRatio=0.8338690332 (moveT=42.08409423s, collT=8.384375706s)
Phase C ParMETIS: AdaptiveRepart (104151 cells, 2 constraints, ubvec=1.049999952)
Replicated mesh: rank 0 owns 12797 / 104151 cells
Local mesh: 12797 owned + 340 halo = 13137 / 104151 cells
Phase C ParMETIS AdaptiveRepart: 61 / 104151 cells changed (0.0005856880875)
Phase C auto DLB complete: rebalance #3

    Number of DSMC particles        = 2358331
    Number of stuck particles       = 0
    Number of free particles        = 2358331
    Average linear kinetic energy   = 1.005452731e-18
    Average rotational energy       = 1.633644987e-20
    Average vibrational energy      = 2.377300987e-21
    Average electronic energy       = 0
    Total energy                    = 1.207661782

Stage 1.0  ExecutionTime = 65.06 s  ClockTime = 66 s  Iteration 370 (0.33 s)

Time = 3.8e-05

    Collisions                      = 27939
    Collision candidates           = 52638
    Collision acceptance rate      = 0.5307762453

    Number of DSMC particles        = 2366510
    Number of stuck particles       = 0
    Number of free particles        = 2366510
    Average linear kinetic energy   = 1.003364266e-18
    Average rotational energy       = 1.689848129e-20
    Average vibrational energy      = 2.500711958e-21
    Average electronic energy       = 0
    Total energy                    = 1.210189977

Stage 1.0  ExecutionTime = 67.24 s  ClockTime = 68 s  Iteration 380 (0.26 s)

Time = 3.9e-05

    Collisions                      = 28852
    Collision candidates           = 53923
    Collision acceptance rate      = 0.5350592512

    Number of DSMC particles        = 2374570
    Number of stuck particles       = 0
    Number of free particles        = 2374570
    Average linear kinetic energy   = 1.00134004e-18
    Average rotational energy       = 1.746809445e-20
    Average vibrational energy      = 2.628847937e-21
    Average electronic energy       = 0
    Total energy                    = 1.212736808

Stage 1.0  ExecutionTime = 69.47 s  ClockTime = 71 s  Iteration 390 (0.25 s)

Time = 4e-05

    Collisions                      = 29226
    Collision candidates           = 55286
    Collision acceptance rate      = 0.528632927

    Number of DSMC particles        = 2382791
    Number of stuck particles       = 0
    Number of free particles        = 2382791
    Average linear kinetic energy   = 9.993219749e-19
    Average rotational energy       = 1.801755672e-20
    Average vibrational energy      = 2.756688184e-21
    Average electronic energy       = 0
    Total energy                    = 1.215338046

Stage 1.0  ExecutionTime = 71.72 s  ClockTime = 73 s  Iteration 400 (0.25 s)

Time = 4.1e-05

    Collisions                      = 30093
    Collision candidates           = 56623
    Collision acceptance rate      = 0.5314624799

    Number of DSMC particles        = 2390667
    Number of stuck particles       = 0
    Number of free particles        = 2390667
    Average linear kinetic energy   = 9.973145722e-19
    Average rotational energy       = 1.856960251e-20
    Average vibrational energy      = 2.897192267e-21
    Average electronic energy       = 0
    Total energy                    = 1.217783497

Stage 1.0  ExecutionTime = 73.97 s  ClockTime = 76 s  Iteration 410 (0.26 s)

Time = 4.2e-05

    Collisions                      = 30756
    Collision candidates           = 58282
    Collision acceptance rate      = 0.5277100992

    Number of DSMC particles        = 2398645
    Number of stuck particles       = 0
    Number of free particles        = 2398645
    Average linear kinetic energy   = 9.952605015e-19
    Average rotational energy       = 1.91314173e-20
    Average vibrational energy      = 3.045354613e-21
    Average electronic energy       = 0
    Total energy                    = 1.220235414

Stage 1.0  ExecutionTime = 76.27 s  ClockTime = 78 s  Iteration 420 (0.26 s)

Time = 4.3e-05

    Collisions                      = 31156
    Collision candidates           = 59279
    Collision acceptance rate      = 0.5255824154

    Number of DSMC particles        = 2406815
    Number of stuck particles       = 0
    Number of free particles        = 2406815
    Average linear kinetic energy   = 9.93284635e-19
    Average rotational energy       = 1.971510339e-20
    Average vibrational energy      = 3.192027079e-21
    Average electronic energy       = 0
    Total energy                    = 1.222892792

Stage 1.0  ExecutionTime = 78.6 s  ClockTime = 81 s  Iteration 430 (0.26 s)

Time = 4.4e-05

    Collisions                      = 31702
    Collision candidates           = 60483
    Collision acceptance rate      = 0.5241472811

    Number of DSMC particles        = 2414899
    Number of stuck particles       = 0
    Number of free particles        = 2414899
    Average linear kinetic energy   = 9.913384085e-19
    Average rotational energy       = 2.028234406e-20
    Average vibrational energy      = 3.346302132e-21
    Average electronic energy       = 0
    Total energy                    = 1.225521463

Stage 1.0  ExecutionTime = 80.98 s  ClockTime = 80 s  Iteration 440 (0.27 s)

Time = 4.5e-05

    Collisions                      = 32348
    Collision candidates           = 61701
    Collision acceptance rate      = 0.5242702711

    Number of DSMC particles        = 2423204
    Number of stuck particles       = 0
    Number of free particles        = 2423204
    Average linear kinetic energy   = 9.89388072e-19
    Average rotational energy       = 2.084944673e-20
    Average vibrational energy      = 3.50251062e-21
    Average electronic energy       = 0
    Total energy                    = 1.228249447

Stage 1.0  ExecutionTime = 83.35 s  ClockTime = 83 s  Iteration 450 (0.29 s)

Time = 4.6e-05

    Collisions                      = 32748
    Collision candidates           = 62502
    Collision acceptance rate      = 0.5239512336

    Number of DSMC particles        = 2431308
    Number of stuck particles       = 0
    Number of free particles        = 2431308
    Average linear kinetic energy   = 9.874802368e-19
    Average rotational energy       = 2.143982843e-20
    Average vibrational energy      = 3.668437274e-21
    Average electronic energy       = 0
    Total energy                    = 1.230957263

Stage 1.0  ExecutionTime = 85.76 s  ClockTime = 86 s  Iteration 460 (0.28 s)

Time = 4.7e-05

    Collisions                      = 33817
    Collision candidates           = 63917
    Collision acceptance rate      = 0.5290767714

    Number of DSMC particles        = 2439443
    Number of stuck particles       = 0
    Number of free particles        = 2439443
    Average linear kinetic energy   = 9.856178981e-19
    Average rotational energy       = 2.198371487e-20
    Average vibrational energy      = 3.817927922e-21
    Average electronic energy       = 0
    Total energy                    = 1.23365016

Stage 1.0  ExecutionTime = 88.22 s  ClockTime = 88 s  Iteration 470 (0.29 s)

Time = 4.8e-05

    Collisions                      = 34068
    Collision candidates           = 65416
    Collision acceptance rate      = 0.5207900208

    Number of DSMC particles        = 2447573
    Number of stuck particles       = 0
    Number of free particles        = 2447573
    Average linear kinetic energy   = 9.837453337e-19
    Average rotational energy       = 2.255595105e-20
    Average vibrational energy      = 3.965871269e-21
    Average electronic energy       = 0
    Total energy                    = 1.236351307

Stage 1.0  ExecutionTime = 90.69 s  ClockTime = 91 s  Iteration 480 (0.28 s)

Time = 4.9e-05

    Collisions                      = 34784
    Collision candidates           = 66591
    Collision acceptance rate      = 0.5223528705

    Number of DSMC particles        = 2455745
    Number of stuck particles       = 0
    Number of free particles        = 2455745
    Average linear kinetic energy   = 9.819840364e-19
    Average rotational energy       = 2.30698348e-20
    Average vibrational energy      = 4.121216634e-21
    Average electronic energy       = 0
    Total energy                    = 1.239138338

Stage 1.0  ExecutionTime = 93.2 s  ClockTime = 94 s  Iteration 490 (0.3 s)

Time = 5e-05

    Collisions                      = 35245
    Collision candidates           = 67885
    Collision acceptance rate      = 0.5191868601


Phase C auto DLB triggered (SAR) at step 500: sar=0.0002103090385 loadImbalance=1.03982401 threshold=1.5
Phase C ParMETIS weights: particles=2463740 activeCells=104103 maxCellParticles=99
Phase C ParMETIS: alpha=0.8 ncon=2 ubvec=[1.049999952,1.5] moveRatio=0.8254470433 (moveT=63.66118691s, collT=13.46209729s)
Phase C ParMETIS: AdaptiveRepart (104151 cells, 2 constraints, ubvec=1.049999952)
Replicated mesh: rank 0 owns 12801 / 104151 cells
Local mesh: 12801 owned + 340 halo = 13141 / 104151 cells
Phase C ParMETIS AdaptiveRepart: 122 / 104151 cells changed (0.001171376175)
Phase C auto DLB complete: rebalance #4

    Number of DSMC particles        = 2463740
    Number of stuck particles       = 0
    Number of free particles        = 2463740
    Average linear kinetic energy   = 9.800772497e-19
    Average rotational energy       = 2.369214396e-20
    Average vibrational energy      = 4.295893108e-21
    Average electronic energy       = 0
    Total energy                    = 1.241805385

Stage 1.0  ExecutionTime = 95.86 s  ClockTime = 97 s  Iteration 500 (0.42 s)

End stage 1


DSMC solver profile summary
    solver profile steps          = 500
    move+collide wall [s]         = 90.52496848
    move only [s]                 = 70.1436032
    buildCellOccupancy [s]        = 11.00838322
    collision phase [s]           = 22.61053878
    post fields/output [s]        = 5.220212718
    total profiled [s]            = 108.9827379
    full evolve wall [s]          = 95.73956853
    move+collide cpu [s]          = 82.41
    move only cpu [s]             = 63.77
    buildCellOccupancy cpu [s]    = 9.9
    collision phase cpu [s]       = 20.59
    post fields/output cpu [s]    = 4.87
    total profiled cpu [s]        = 99.13
    full evolve cpu [s]           = 87.07
    OpenMP enabled                = 0
    OpenMP max threads            = 1
    OpenMP move                   = 0 (static, chunk 64)
    OpenMP collision              = dynamic, chunk 8


Replicated mesh profiling summary:
    migration calls             = 55
    migration wall time [s]     = 2.352803548
    local particles (final)     = 300030
    particles per rank          = min 281184 max 327736 max/min 1.165557073
    rank wall time (evolve, 500 steps): min 81.56 max 81.87 max/min 1.003800883
    Phase C auto DLB checks      = 500
    Phase C auto DLB rebalances = 4
    Phase C auto DLB triggered checks = 4
    Phase C auto DLB wall max [s]= 0.509023997
    Phase C auto DLB check max [s]= 0.037332034
    Phase C ParMETIS max [s]     = 0.227519231
    Phase C migration max [s]    = 0.282515973
    Phase C cellOwner write max [s] = 0
    Phase C post-diagnostic max [s] = 0.000688201
    Phase C auto DLB accounted max [s] = 0.548055439
    Phase C auto DLB residual max [s] = -0.039031442

Total Iterations = 500
End main

end=2026-06-11T02:28:27+08:00
