case=ourmesh
mode=MPI8
steps=320
controlDict=/home/superxcx/code/OpenFoam/OF-1706/hyStrath_dlb/doc/worklog/v2506/detail_mix/mpi8_parmetis_fix_20260610/controlDict_ourmesh_mpi8_320step_nowrite_20260610
start=2026-06-10T22:31:09+08:00
/*---------------------------------------------------------------------------*\
| =========                 |                                                 |
| \\      /  F ield         | OpenFOAM: The Open Source CFD Toolbox           |
|  \\    /   O peration     | Version:  v1706                                 |
|   \\  /    A nd           | Web:      www.OpenFOAM.com                      |
|    \\/     M anipulation  |                                                 |
\*---------------------------------------------------------------------------*/
Build  : v1706
Arch   : "LSB;label=32;scalar=64"
Exec   : dsmcFoam+
Date   : Jun 10 2026
Time   : 22:31:09
Host   : "SuperXCX-ROG"
PID    : 64717
/*---------------------------------------------------------------------------*\
| =========                 |                                                 |
| \\      /  F ield         | OpenFOAM: The Open Source CFD Toolbox           |
|  \\    /   O peration     | Version:  v1706                                 |
|   \\  /    A nd           | Web:      www.OpenFOAM.com                      |
|    \\/     M anipulation  |                                                 |
\*---------------------------------------------------------------------------*/
Build  : v1706
Arch   : "LSB;label=32;scalar=64"
Exec   : dsmcFoam+
Date   : Jun 10 2026
Time   : 22:31:09
Host   : "SuperXCX-ROG"
PID    : 64718
/*---------------------------------------------------------------------------*\
| =========                 |                                                 |
| \\      /  F ield         | OpenFOAM: The Open Source CFD Toolbox           |
|  \\    /   O peration     | Version:  v1706                                 |
|   \\  /    A nd           | Web:      www.OpenFOAM.com                      |
|    \\/     M anipulation  |                                                 |
\*---------------------------------------------------------------------------*/
Build  : v1706
Arch   : "LSB;label=32;scalar=64"
Exec   : dsmcFoam+
Date   : Jun 10 2026
Time   : 22:31:09
Host   : "SuperXCX-ROG"
PID    : 64719
/*---------------------------------------------------------------------------*\
| =========                 |                                                 |
| \\      /  F ield         | OpenFOAM: The Open Source CFD Toolbox           |
|  \\    /   O peration     | Version:  v1706                                 |
|   \\  /    A nd           | Web:      www.OpenFOAM.com                      |
|    \\/     M anipulation  |                                                 |
\*---------------------------------------------------------------------------*/
Build  : v1706
Arch   : "LSB;label=32;scalar=64"
Exec   : dsmcFoam+
Date   : Jun 10 2026
Time   : 22:31:09
Host   : "SuperXCX-ROG"
PID    : 64720
/*---------------------------------------------------------------------------*\
| =========                 |                                                 |
| \\      /  F ield         | OpenFOAM: The Open Source CFD Toolbox           |
|  \\    /   O peration     | Version:  v1706                                 |
|   \\  /    A nd           | Web:      www.OpenFOAM.com                      |
|    \\/     M anipulation  |                                                 |
\*---------------------------------------------------------------------------*/
Build  : v1706
Arch   : "LSB;label=32;scalar=64"
Exec   : dsmcFoam+
Date   : Jun 10 2026
Time   : 22:31:09
Host   : "SuperXCX-ROG"
PID    : 64721
/*---------------------------------------------------------------------------*\
| =========                 |                                                 |
| \\      /  F ield         | OpenFOAM: The Open Source CFD Toolbox           |
|  \\    /   O peration     | Version:  v1706                                 |
|   \\  /    A nd           | Web:      www.OpenFOAM.com                      |
|    \\/     M anipulation  |                                                 |
\*---------------------------------------------------------------------------*/
Build  : v1706
Arch   : "LSB;label=32;scalar=64"
Exec   : dsmcFoam+
Date   : Jun 10 2026
Time   : 22:31:09
Host   : "SuperXCX-ROG"
PID    : 64722
/*---------------------------------------------------------------------------*\
| =========                 |                                                 |
| \\      /  F ield         | OpenFOAM: The Open Source CFD Toolbox           |
|  \\    /   O peration     | Version:  v1706                                 |
|   \\  /    A nd           | Web:      www.OpenFOAM.com                      |
|    \\/     M anipulation  |                                                 |
\*---------------------------------------------------------------------------*/
Build  : v1706
Arch   : "LSB;label=32;scalar=64"
Exec   : dsmcFoam+
Date   : Jun 10 2026
Time   : 22:31:09
Host   : "SuperXCX-ROG"
PID    : 64716
Case   : /home/superxcx/code/OpenFoam/OF-1706/hyStrath_dlb/run/hyStrath/dsmcFoam+/xcx_test/pal-phd-3.3.1-cylinder-react/timecompare/ourmesh/mpi8replicatedmesh
nProcs : 1
sigFpe : Enabling floating point exception trapping (FOAM_SIGFPE).
fileModificationChecking : Monitoring run-time modified files using timeStampMaster (fileModificationSkew 10)
allowSystemOperations : Allowing user-supplied system call operations

Case   : /home/superxcx/code/OpenFoam/OF-1706/hyStrath_dlb/run/hyStrath/dsmcFoam+/xcx_test/pal-phd-3.3.1-cylinder-react/timecompare/ourmesh/mpi8replicatedmesh
nProcs : 1
sigFpe : Enabling floating point exception trapping (FOAM_SIGFPE).
fileModificationChecking : Monitoring run-time modified files using timeStampMaster (fileModificationSkew 10)
allowSystemOperations : Allowing user-supplied system call operations

Case   : /home/superxcx/code/OpenFoam/OF-1706/hyStrath_dlb/run/hyStrath/dsmcFoam+/xcx_test/pal-phd-3.3.1-cylinder-react/timecompare/ourmesh/mpi8replicatedmesh
nProcs : 1
sigFpe : Enabling floating point exception trapping (FOAM_SIGFPE).
fileModificationChecking : Monitoring run-time modified files using timeStampMaster (fileModificationSkew 10)
allowSystemOperations : Allowing user-supplied system call operations

Case   : /home/superxcx/code/OpenFoam/OF-1706/hyStrath_dlb/run/hyStrath/dsmcFoam+/xcx_test/pal-phd-3.3.1-cylinder-react/timecompare/ourmesh/mpi8replicatedmesh
nProcs : 1
sigFpe : Enabling floating point exception trapping (FOAM_SIGFPE).
fileModificationChecking : Monitoring run-time modified files using timeStampMaster (fileModificationSkew 10)
allowSystemOperations : Allowing user-supplied system call operations

// * * * * * * * * * * * * * * * * * * * * * * * * * * * * * * * * * * * * * //
Create time

Case   : /home/superxcx/code/OpenFoam/OF-1706/hyStrath_dlb/run/hyStrath/dsmcFoam+/xcx_test/pal-phd-3.3.1-cylinder-react/timecompare/ourmesh/mpi8replicatedmesh
nProcs : 1
sigFpe : Enabling floating point exception trapping (FOAM_SIGFPE).
fileModificationChecking : Monitoring run-time modified files using timeStampMaster (fileModificationSkew 10)
allowSystemOperations : Allowing user-supplied system call operations

// * * * * * * * * * * * * * * * * * * * * * * * * * * * * * * * * * * * * * //
Create time

Case   : /home/superxcx/code/OpenFoam/OF-1706/hyStrath_dlb/run/hyStrath/dsmcFoam+/xcx_test/pal-phd-3.3.1-cylinder-react/timecompare/ourmesh/mpi8replicatedmesh
nProcs : 1
sigFpe : Enabling floating point exception trapping (FOAM_SIGFPE).
fileModificationChecking : Monitoring run-time modified files using timeStampMaster (fileModificationSkew 10)
allowSystemOperations : Allowing user-supplied system call operations

// * * * * * * * * * * * * * * * * * * * * * * * * * * * * * * * * * * * * * //
Create time

Case   : /home/superxcx/code/OpenFoam/OF-1706/hyStrath_dlb/run/hyStrath/dsmcFoam+/xcx_test/pal-phd-3.3.1-cylinder-react/timecompare/ourmesh/mpi8replicatedmesh
nProcs : 1
sigFpe : Enabling floating point exception trapping (FOAM_SIGFPE).
fileModificationChecking : Monitoring run-time modified files using timeStampMaster (fileModificationSkew 10)
allowSystemOperations : Allowing user-supplied system call operations

// * * * * * * * * * * * * * * * * * * * * * * * * * * * * * * * * * * * * * //
Create time

// * * * * * * * * * * * * * * * * * * * * * * * * * * * * * * * * * * * * * //
Create time

// * * * * * * * * * * * * * * * * * * * * * * * * * * * * * * * * * * * * * //
Create time

// * * * * * * * * * * * * * * * * * * * * * * * * * * * * * * * * * * * * * //
Create time

Create mesh for time = 0

Create mesh for time = 0

Create mesh for time = 0

Create mesh for time = 0

Create mesh for time = 0

Create mesh for time = 0

Selecting dynamicFvMesh staticFvMesh
Selecting dynamicFvMesh staticFvMesh
Selecting dynamicFvMesh staticFvMesh
Selecting dynamicFvMesh staticFvMesh
Selecting dynamicFvMesh staticFvMesh
Selecting dynamicFvMesh staticFvMesh
Create mesh for time = 0

Selecting dynamicFvMesh staticFvMesh
/*---------------------------------------------------------------------------*\
| =========                 |                                                 |
| \\      /  F ield         | OpenFOAM: The Open Source CFD Toolbox           |
|  \\    /   O peration     | Version:  v1706                                 |
|   \\  /    A nd           | Web:      www.OpenFOAM.com                      |
|    \\/     M anipulation  |                                                 |
\*---------------------------------------------------------------------------*/
Build  : v1706
Arch   : "LSB;label=32;scalar=64"
Exec   : dsmcFoam+
Date   : Jun 10 2026
Time   : 22:31:09
Host   : "SuperXCX-ROG"
PID    : 64715
Case   : /home/superxcx/code/OpenFoam/OF-1706/hyStrath_dlb/run/hyStrath/dsmcFoam+/xcx_test/pal-phd-3.3.1-cylinder-react/timecompare/ourmesh/mpi8replicatedmesh
nProcs : 1
sigFpe : Enabling floating point exception trapping (FOAM_SIGFPE).
fileModificationChecking : Monitoring run-time modified files using timeStampMaster (fileModificationSkew 10)
allowSystemOperations : Allowing user-supplied system call operations

// * * * * * * * * * * * * * * * * * * * * * * * * * * * * * * * * * * * * * //
Create time

Create mesh for time = 0

Selecting dynamicFvMesh staticFvMesh

Constructing dsmcCloud 

Constructing dsmcCloud 

Constructing dsmcCloud 

Constructing dsmcCloud 

Constructing dsmcCloud 

Constructing dsmcCloud 

Constructing dsmcCloud 

Constructing dsmcCloud 
Selecting the coordinate system model:	dsmcCartesian

Selecting the time-step model:	dsmcConstantTimeStepModel

Constant time-step model:
- time-step [sec]	1e-07

Selecting the porous measurement model:	dsmcNoPorousMediumMeasurements

Selecting the coordinate system model:	dsmcCartesian

Selecting the time-step model:	dsmcConstantTimeStepModel

Constant time-step model:
- time-step [sec]	1e-07

Selecting the porous measurement model:	dsmcNoPorousMediumMeasurements


Creating dsmcControllers

Creating fields: 

Selecting field: dsmcVolFields

TimeData Statistics: 
 measurement option: write
 nSamples: 1, time interval: 1e-07
 nAverages: 10000, time interval: 0.001
 total no. of sampling steps: 0
 total no. of averaging Steps: 0



Creating dsmcControllers

Creating fields: 

Selecting field: dsmcVolFields

TimeData Statistics: 
 measurement option: write
 nSamples: 1, time interval: 1e-07
 nAverages: 10000, time interval: 0.001
 total no. of sampling steps: 0
 total no. of averaging Steps: 0


Selecting the coordinate system model:	dsmcCartesian

Selecting the time-step model:	dsmcConstantTimeStepModel

Selecting the coordinate system model:	dsmcCartesian

Selecting the time-step model:	dsmcConstantTimeStepModel

Constant time-step model:
- time-step [sec]	1e-07

Selecting the porous measurement model:	dsmcNoPorousMediumMeasurements

Constant time-step model:
- time-step [sec]	1e-07

Selecting the porous measurement model:	dsmcNoPorousMediumMeasurements

Selecting the coordinate system model:	dsmcCartesian

Selecting the time-step model:	dsmcConstantTimeStepModel

Selecting the coordinate system model:	dsmcCartesian

Selecting the time-step model:	dsmcConstantTimeStepModel

Constant time-step model:
- time-step [sec]	1e-07

Selecting the porous measurement model:	dsmcNoPorousMediumMeasurements

Constant time-step model:
- time-step [sec]	1e-07

Selecting the porous measurement model:	dsmcNoPorousMediumMeasurements


Creating dsmcControllers


Creating dsmcControllers

Selecting the coordinate system model:	dsmcCartesian

Selecting the time-step model:	dsmcConstantTimeStepModel

Creating fields: 

Selecting field: dsmcVolFields
Creating fields: 

Selecting field: dsmcVolFields

TimeData Statistics: 
 measurement option: write
 nSamples: 1, time interval: 1e-07
 nAverages: 10000, time interval: 0.001
 total no. of sampling steps: 0
 total no. of averaging Steps: 0



TimeData Statistics: 
 measurement option: write
 nSamples: 1, time interval: 1e-07
 nAverages: 10000, time interval: 0.001
 total no. of sampling steps: 0
 total no. of averaging Steps: 0


Selecting the coordinate system model:	dsmcCartesian

Selecting the time-step model:	dsmcConstantTimeStepModel

Constant time-step model:
- time-step [sec]	1e-07

Selecting the porous measurement model:	dsmcNoPorousMediumMeasurements


Creating dsmcControllers

Constant time-step model:
- time-step [sec]	1e-07

Selecting the porous measurement model:	dsmcNoPorousMediumMeasurements


Creating dsmcControllers

Creating fields: 

Selecting field: dsmcVolFields

TimeData Statistics: 
 measurement option: write
 nSamples: 1, time interval: 1e-07
 nAverages: 10000, time interval: 0.001
 total no. of sampling steps: 0
 total no. of averaging Steps: 0


Creating fields: 

Selecting field: dsmcVolFields

TimeData Statistics: 
 measurement option: write
 nSamples: 1, time interval: 1e-07
 nAverages: 10000, time interval: 0.001
 total no. of sampling steps: 0
 total no. of averaging Steps: 0



Creating dsmcControllers


Creating dsmcControllers

Creating fields: 

Selecting field: dsmcVolFields

TimeData Statistics: 
 measurement option: write
 nSamples: 1, time interval: 1e-07
 nAverages: 10000, time interval: 0.001
 total no. of sampling steps: 0
 total no. of averaging Steps: 0


Creating fields: 

Selecting field: dsmcVolFields

TimeData Statistics: 
 measurement option: write
 nSamples: 1, time interval: 1e-07
 nAverages: 10000, time interval: 0.001
 total no. of sampling steps: 0
 total no. of averaging Steps: 0


Creating the boundary models: 

Selecting dsmcPatchBoundaryModel dsmcDeletionPatch
Selecting dsmcPatchBoundaryModel dsmcDeletionPatch
Selecting dsmcPatchBoundaryModel dsmcDiffuseWallPatch
Selecting dsmcGeneralBoundaryModel dsmcFreeStreamInflowPatch
Creating the boundary models: 

Selecting dsmcPatchBoundaryModel dsmcDeletionPatch
Selecting dsmcPatchBoundaryModel dsmcDeletionPatch
Selecting dsmcPatchBoundaryModel dsmcDiffuseWallPatch
Selecting dsmcGeneralBoundaryModel dsmcFreeStreamInflowPatch
Selecting BinaryCollisionModel LarsenBorgnakkeVariableHardSphere

Creating dsmcReactions

There are no chemical reactions defined.
Creating the boundary models: 

Selecting dsmcPatchBoundaryModel dsmcDeletionPatch
Selecting dsmcPatchBoundaryModel dsmcDeletionPatch
Selecting dsmcPatchBoundaryModel dsmcDiffuseWallPatch
Selecting dsmcGeneralBoundaryModel dsmcFreeStreamInflowPatch
Selecting BinaryCollisionModel LarsenBorgnakkeVariableHardSphere

Creating dsmcReactions

There are no chemical reactions defined.
Creating the boundary models: 

Selecting dsmcPatchBoundaryModel dsmcDeletionPatch
Selecting dsmcPatchBoundaryModel dsmcDeletionPatch
Selecting dsmcPatchBoundaryModel dsmcDiffuseWallPatch
Selecting dsmcGeneralBoundaryModel dsmcFreeStreamInflowPatch
Creating the boundary models: 

Selecting dsmcPatchBoundaryModel dsmcDeletionPatch
Selecting dsmcPatchBoundaryModel dsmcDeletionPatch
Selecting dsmcPatchBoundaryModel dsmcDiffuseWallPatch
Selecting dsmcGeneralBoundaryModel dsmcFreeStreamInflowPatch
Creating the boundary models: 

Selecting dsmcPatchBoundaryModel dsmcDeletionPatch
Selecting dsmcPatchBoundaryModel dsmcDeletionPatch
Selecting dsmcPatchBoundaryModel dsmcDiffuseWallPatch
Selecting dsmcGeneralBoundaryModel dsmcFreeStreamInflowPatch
Creating the boundary models: 

Selecting dsmcPatchBoundaryModel dsmcDeletionPatch
Selecting dsmcPatchBoundaryModel dsmcDeletionPatch
Selecting dsmcPatchBoundaryModel dsmcDiffuseWallPatch
Selecting dsmcGeneralBoundaryModel dsmcFreeStreamInflowPatch
Creating the boundary models: 

Selecting dsmcPatchBoundaryModel dsmcDeletionPatch
Selecting dsmcPatchBoundaryModel dsmcDeletionPatch
Selecting dsmcPatchBoundaryModel dsmcDiffuseWallPatch
Selecting dsmcGeneralBoundaryModel dsmcFreeStreamInflowPatch
Selecting BinaryCollisionModel LarsenBorgnakkeVariableHardSphere

Creating dsmcReactions

There are no chemical reactions defined.
Selecting BinaryCollisionModel LarsenBorgnakkeVariableHardSphere

Creating dsmcReactions

There are no chemical reactions defined.
Selecting BinaryCollisionModel LarsenBorgnakkeVariableHardSphere

Creating dsmcReactions

There are no chemical reactions defined.
Selecting BinaryCollisionModel LarsenBorgnakkeVariableHardSphere

Creating dsmcReactions

There are no chemical reactions defined.
Selecting BinaryCollisionModel LarsenBorgnakkeVariableHardSphere

Creating dsmcReactions

There are no chemical reactions defined.
Selecting BinaryCollisionModel LarsenBorgnakkeVariableHardSphere

Creating dsmcReactions

There are no chemical reactions defined.

Constructing constant properties for
	N2
	O2
	NO
	N
	O

Constructing constant properties for
	N2
	O2
	NO
	N
	O

Constructing constant properties for
	N2
	O2
	NO
	N
	O

Constructing constant properties for
	N2
	O2
	NO
	N
	O

Constructing constant properties for
	N2
	O2
	NO
	N
	O

Constructing constant properties for
	N2
	O2
	NO
	N
	O
Selecting collisionPartnerSelectionModel noTimeCounter

Initialising the measurement fields

Initialising dsmcVolFields field

Constructing constant properties for
	N2
	O2
	NO
	N
	O

Constructing constant properties for
	N2
	O2
	NO
	N
	O
Selecting collisionPartnerSelectionModel noTimeCounter

Initialising the measurement fields

Initialising dsmcVolFields field
Selecting collisionPartnerSelectionModel noTimeCounter

Initialising the measurement fields

Initialising dsmcVolFields field
Selecting collisionPartnerSelectionModel noTimeCounter

Initialising the measurement fields

Initialising dsmcVolFields field
Selecting collisionPartnerSelectionModel noTimeCounter

Initialising the measurement fields

Initialising dsmcVolFields field
Selecting collisionPartnerSelectionModel noTimeCounter

Initialising the measurement fields

Initialising dsmcVolFields field
Selecting collisionPartnerSelectionModel noTimeCounter

Initialising the measurement fields

Initialising dsmcVolFields field
Selecting collisionPartnerSelectionModel noTimeCounter

Initialising the measurement fields

Initialising dsmcVolFields field
Replicated mesh: METIS decomposition complete, 104151 cells -> 8 ranks
Replicated mesh: rank 0 owns 13019 / 104151 cells
Local mesh: 13019 owned + 310 halo = 13329 / 104151 cells
Replicated mesh: no-Alltoall async migration enabled
Replicated mesh: flatTransfer=1 found=1
Replicated mesh: flat POD transfer enabled
Replicated mesh: writeMode=gathered
Phase C auto DLB: enabled (ParMETIS AdaptiveRepart), imbalanceThreshold=1.5, dlbSteps=50, sarSteps=10, triggerMode=legacyWindow, minGapSteps=50, checkCollective=allgather, skipFixedKPostDiag=0
Replicated mesh: initialized with 8 MPI ranks, migrate interval 10

Starting time loop

Replicated mesh: initial particle distribution

Replicated mesh: rank 0 kept 251364 parcels, deleted 1806661 non-owned parcels
Time = 1e-06

    Collisions                      = 2849
    Collision candidates           = 2937
    Collision acceptance rate      = 0.9700374532

    Number of DSMC particles        = 2065848
    Number of stuck particles       = 0
    Number of free particles        = 2065848
    Average linear kinetic energy   = 1.111298716e-18
    Average rotational energy       = 2.628617429e-21
    Average vibrational energy      = 7.325628994e-24
    Average electronic energy       = 0
    Total energy                    = 1.150609844

Stage 1.0  ExecutionTime = 9 s  ClockTime = 7 s  Iteration 10 (0.12 s)

Time = 2e-06

    Collisions                      = 4319
    Collision candidates           = 4905
    Collision acceptance rate      = 0.8805300714

    Number of DSMC particles        = 2073964
    Number of stuck particles       = 0
    Number of free particles        = 2073964
    Average linear kinetic energy   = 1.107061476e-18
    Average rotational energy       = 2.680237186e-21
    Average vibrational energy      = 1.573116217e-23
    Average electronic energy       = 0
    Total energy                    = 1.150798494

Stage 1.0  ExecutionTime = 10.25 s  ClockTime = 9 s  Iteration 20 (0.14 s)

Time = 3e-06

    Collisions                      = 4815
    Collision candidates           = 6017
    Collision acceptance rate      = 0.8002326741

    Number of DSMC particles        = 2082049
    Number of stuck particles       = 0
    Number of free particles        = 2082049
    Average linear kinetic energy   = 1.10296746e-18
    Average rotational energy       = 2.747370544e-21
    Average vibrational energy      = 2.677290552e-23
    Average electronic energy       = 0
    Total energy                    = 1.1511041

Stage 1.0  ExecutionTime = 11.51 s  ClockTime = 10 s  Iteration 30 (0.13 s)

Time = 4e-06

    Collisions                      = 5374
    Collision candidates           = 7127
    Collision acceptance rate      = 0.7540339554

    Number of DSMC particles        = 2090218
    Number of stuck particles       = 0
    Number of free particles        = 2090218
    Average linear kinetic energy   = 1.098911472e-18
    Average rotational energy       = 2.837929646e-21
    Average vibrational energy      = 3.856475229e-23
    Average electronic energy       = 0
    Total energy                    = 1.15148852

Stage 1.0  ExecutionTime = 12.78 s  ClockTime = 11 s  Iteration 40 (0.15 s)

Time = 5e-06

    Collisions                      = 5986
    Collision candidates           = 8359
    Collision acceptance rate      = 0.7161143677

    Number of DSMC particles        = 2098385
    Number of stuck particles       = 0
    Number of free particles        = 2098385
    Average linear kinetic energy   = 1.094986643e-18
    Average rotational energy       = 2.942716792e-21
    Average vibrational energy      = 5.235452487e-23
    Average electronic energy       = 0
    Total energy                    = 1.15199418

Stage 1.0  ExecutionTime = 14.07 s  ClockTime = 13 s  Iteration 50 (0.15 s)

Time = 6e-06

    Collisions                      = 6516
    Collision candidates           = 9527
    Collision acceptance rate      = 0.6839508765

    Number of DSMC particles        = 2106514
    Number of stuck particles       = 0
    Number of free particles        = 2106514
    Average linear kinetic energy   = 1.091169474e-18
    Average rotational energy       = 3.078475682e-21
    Average vibrational energy      = 7.324382483e-23
    Average electronic energy       = 0
    Total energy                    = 1.152601458

Stage 1.0  ExecutionTime = 15.38 s  ClockTime = 14 s  Iteration 60 (0.14 s)

Time = 7e-06

    Collisions                      = 7183
    Collision candidates           = 10806
    Collision acceptance rate      = 0.6647233019

    Number of DSMC particles        = 2114796
    Number of stuck particles       = 0
    Number of free particles        = 2114796
    Average linear kinetic energy   = 1.087485555e-18
    Average rotational energy       = 3.242857031e-21
    Average vibrational energy      = 9.596621343e-23
    Average electronic energy       = 0
    Total energy                    = 1.153435516

Stage 1.0  ExecutionTime = 16.72 s  ClockTime = 16 s  Iteration 70 (0.13 s)

Time = 8e-06

    Collisions                      = 7719
    Collision candidates           = 11961
    Collision acceptance rate      = 0.645347379

    Number of DSMC particles        = 2122806
    Number of stuck particles       = 0
    Number of free particles        = 2122806
    Average linear kinetic energy   = 1.083900481e-18
    Average rotational energy       = 3.430244377e-21
    Average vibrational energy      = 1.210757036e-22
    Average electronic energy       = 0
    Total energy                    = 1.154224605

Stage 1.0  ExecutionTime = 18.1 s  ClockTime = 17 s  Iteration 80 (0.17 s)

Time = 9e-06

    Collisions                      = 8333
    Collision candidates           = 13251
    Collision acceptance rate      = 0.6288581994


Phase C auto DLB triggered (SAR) at step 90: sar=1.465016667e-05 loadImbalance=1.063284229 threshold=1.5
Phase C ParMETIS weights: particles=2130936 activeCells=104064 maxCellParticles=61
Phase C ParMETIS: alpha=0.8 ncon=2 ubvec=[1.049999952,1.5] moveRatio=0.6827627921 (moveT=7.25774761s, collT=3.372221823s)
Phase C ParMETIS: AdaptiveRepart (104151 cells, 2 constraints, ubvec=1.049999952)
Replicated mesh: rank 0 owns 10717 / 104151 cells
Local mesh: 10717 owned + 321 halo = 11038 / 104151 cells
Phase C ParMETIS AdaptiveRepart: 73282 / 104151 cells changed (0.7036130234)
Phase C auto DLB complete: rebalance #1

    Number of DSMC particles        = 2130936
    Number of stuck particles       = 0
    Number of free particles        = 2130936
    Average linear kinetic energy   = 1.080444824e-18
    Average rotational energy       = 3.65051843e-21
    Average vibrational energy      = 1.486255404e-22
    Average electronic energy       = 0
    Total energy                    = 1.155227252

Stage 1.0  ExecutionTime = 19.66 s  ClockTime = 19 s  Iteration 90 (0.34 s)

Time = 1e-05

    Collisions                      = 7385
    Collision candidates           = 10967
    Collision acceptance rate      = 0.6733837877

    Number of DSMC particles        = 2139043
    Number of stuck particles       = 0
    Number of free particles        = 2139043
    Average linear kinetic energy   = 1.076915619e-18
    Average rotational energy       = 3.76273441e-21
    Average vibrational energy      = 1.667157516e-22
    Average electronic energy       = 0
    Total energy                    = 1.155987039

Stage 1.0  ExecutionTime = 21.02 s  ClockTime = 20 s  Iteration 100 (0.14 s)

Time = 1.1e-05

    Collisions                      = 8956
    Collision candidates           = 13690
    Collision acceptance rate      = 0.6542001461

    Number of DSMC particles        = 2147100
    Number of stuck particles       = 0
    Number of free particles        = 2147100
    Average linear kinetic energy   = 1.073430052e-18
    Average rotational energy       = 4.000717292e-21
    Average vibrational energy      = 1.949343728e-22
    Average electronic energy       = 0
    Total energy                    = 1.156885074

Stage 1.0  ExecutionTime = 22.36 s  ClockTime = 22 s  Iteration 110 (0.15 s)

Time = 1.2e-05

    Collisions                      = 9984
    Collision candidates           = 15476
    Collision acceptance rate      = 0.64512794

    Number of DSMC particles        = 2155261
    Number of stuck particles       = 0
    Number of free particles        = 2155261
    Average linear kinetic energy   = 1.07010823e-18
    Average rotational energy       = 4.296995002e-21
    Average vibrational energy      = 2.263870279e-22
    Average electronic energy       = 0
    Total energy                    = 1.158055802

Stage 1.0  ExecutionTime = 23.76 s  ClockTime = 23 s  Iteration 120 (0.15 s)

Time = 1.3e-05

    Collisions                      = 10791
    Collision candidates           = 17168
    Collision acceptance rate      = 0.6285531221

    Number of DSMC particles        = 2163387
    Number of stuck particles       = 0
    Number of free particles        = 2163387
    Average linear kinetic energy   = 1.066881557e-18
    Average rotational energy       = 4.610831182e-21
    Average vibrational energy      = 2.69397054e-22
    Average electronic energy       = 0
    Total energy                    = 1.159317757

Stage 1.0  ExecutionTime = 25.18 s  ClockTime = 25 s  Iteration 130 (0.15 s)

Time = 1.4e-05

    Collisions                      = 11534
    Collision candidates           = 18799
    Collision acceptance rate      = 0.6135432736

    Number of DSMC particles        = 2171412
    Number of stuck particles       = 0
    Number of free particles        = 2171412
    Average linear kinetic energy   = 1.063757072e-18
    Average rotational energy       = 4.965839889e-21
    Average vibrational energy      = 3.118850513e-22
    Average electronic energy       = 0
    Total energy                    = 1.160657494

Stage 1.0  ExecutionTime = 26.61 s  ClockTime = 27 s  Iteration 140 (0.17 s)

Time = 1.5e-05

    Collisions                      = 12143
    Collision candidates           = 20244
    Collision acceptance rate      = 0.599832049

    Number of DSMC particles        = 2179490
    Number of stuck particles       = 0
    Number of free particles        = 2179490
    Average linear kinetic energy   = 1.060735004e-18
    Average rotational energy       = 5.329246304e-21
    Average vibrational energy      = 3.669062378e-22
    Average electronic energy       = 0
    Total energy                    = 1.16213802

Stage 1.0  ExecutionTime = 28.08 s  ClockTime = 28 s  Iteration 150 (0.16 s)

Time = 1.6e-05

    Collisions                      = 12932
    Collision candidates           = 21760
    Collision acceptance rate      = 0.5943014706

    Number of DSMC particles        = 2187669
    Number of stuck particles       = 0
    Number of free particles        = 2187669
    Average linear kinetic energy   = 1.057757682e-18
    Average rotational energy       = 5.724496636e-21
    Average vibrational energy      = 4.183415274e-22
    Average electronic energy       = 0
    Total energy                    = 1.163731094

Stage 1.0  ExecutionTime = 29.59 s  ClockTime = 30 s  Iteration 160 (0.18 s)

Time = 1.7e-05

    Collisions                      = 13907
    Collision candidates           = 23469
    Collision acceptance rate      = 0.5925689207

    Number of DSMC particles        = 2195920
    Number of stuck particles       = 0
    Number of free particles        = 2195920
    Average linear kinetic energy   = 1.054818766e-18
    Average rotational energy       = 6.106006238e-21
    Average vibrational energy      = 4.783012167e-22
    Average electronic energy       = 0
    Total energy                    = 1.165378119

Stage 1.0  ExecutionTime = 31.12 s  ClockTime = 31 s  Iteration 170 (0.18 s)

Time = 1.8e-05

    Collisions                      = 14633
    Collision candidates           = 24841
    Collision acceptance rate      = 0.5890664627

    Number of DSMC particles        = 2204020
    Number of stuck particles       = 0
    Number of free particles        = 2204020
    Average linear kinetic energy   = 1.052042131e-18
    Average rotational energy       = 6.531865878e-21
    Average vibrational energy      = 5.464737446e-22
    Average electronic energy       = 0
    Total energy                    = 1.167161349

Stage 1.0  ExecutionTime = 32.68 s  ClockTime = 31 s  Iteration 180 (0.17 s)

Time = 1.9e-05

    Collisions                      = 15144
    Collision candidates           = 26378
    Collision acceptance rate      = 0.5741147926

    Number of DSMC particles        = 2212232
    Number of stuck particles       = 0
    Number of free particles        = 2212232
    Average linear kinetic energy   = 1.049265006e-18
    Average rotational energy       = 6.977277694e-21
    Average vibrational energy      = 6.120253657e-22
    Average electronic energy       = 0
    Total energy                    = 1.169003461

Stage 1.0  ExecutionTime = 34.25 s  ClockTime = 32 s  Iteration 190 (0.18 s)

Time = 2e-05

    Collisions                      = 15937
    Collision candidates           = 27814
    Collision acceptance rate      = 0.5729848278

    Number of DSMC particles        = 2220276
    Number of stuck particles       = 0
    Number of free particles        = 2220276
    Average linear kinetic energy   = 1.046485559e-18
    Average rotational energy       = 7.414104954e-21
    Average vibrational energy      = 6.748833047e-22
    Average electronic energy       = 0
    Total energy                    = 1.170723279

Stage 1.0  ExecutionTime = 35.82 s  ClockTime = 34 s  Iteration 200 (0.17 s)

Time = 2.1e-05

    Collisions                      = 16663
    Collision candidates           = 29414
    Collision acceptance rate      = 0.5664989461

    Number of DSMC particles        = 2228417
    Number of stuck particles       = 0
    Number of free particles        = 2228417
    Average linear kinetic energy   = 1.04378049e-18
    Average rotational energy       = 7.872967274e-21
    Average vibrational energy      = 7.514054962e-22
    Average electronic energy       = 0
    Total energy                    = 1.172598444

Stage 1.0  ExecutionTime = 37.46 s  ClockTime = 36 s  Iteration 210 (0.19 s)

Time = 2.2e-05

    Collisions                      = 17378
    Collision candidates           = 30777
    Collision acceptance rate      = 0.5646424278

    Number of DSMC particles        = 2236450
    Number of stuck particles       = 0
    Number of free particles        = 2236450
    Average linear kinetic energy   = 1.041102795e-18
    Average rotational energy       = 8.366921112e-21
    Average vibrational energy      = 8.26302934e-22
    Average electronic energy       = 0
    Total energy                    = 1.174467266

Stage 1.0  ExecutionTime = 39.12 s  ClockTime = 38 s  Iteration 220 (0.19 s)

Time = 2.3e-05

    Collisions                      = 18332
    Collision candidates           = 32408
    Collision acceptance rate      = 0.5656627993

    Number of DSMC particles        = 2244556
    Number of stuck particles       = 0
    Number of free particles        = 2244556
    Average linear kinetic energy   = 1.038480646e-18
    Average rotational energy       = 8.834844755e-21
    Average vibrational energy      = 9.111606305e-22
    Average electronic energy       = 0
    Total energy                    = 1.17640171

Stage 1.0  ExecutionTime = 40.85 s  ClockTime = 39 s  Iteration 230 (0.18 s)

Time = 2.4e-05

    Collisions                      = 18878
    Collision candidates           = 33844
    Collision acceptance rate      = 0.5577945869

    Number of DSMC particles        = 2252688
    Number of stuck particles       = 0
    Number of free particles        = 2252688
    Average linear kinetic energy   = 1.035891978e-18
    Average rotational energy       = 9.325807799e-21
    Average vibrational energy      = 9.938365543e-22
    Average electronic energy       = 0
    Total energy                    = 1.178394184

Stage 1.0  ExecutionTime = 42.57 s  ClockTime = 41 s  Iteration 240 (0.18 s)

Time = 2.5e-05

    Collisions                      = 19437
    Collision candidates           = 35157
    Collision acceptance rate      = 0.5528628723

    Number of DSMC particles        = 2260797
    Number of stuck particles       = 0
    Number of free particles        = 2260797
    Average linear kinetic energy   = 1.033401544e-18
    Average rotational energy       = 9.83007049e-21
    Average vibrational energy      = 1.082674415e-21
    Average electronic energy       = 0
    Total energy                    = 1.180491305

Stage 1.0  ExecutionTime = 44.33 s  ClockTime = 43 s  Iteration 250 (0.19 s)

Time = 2.6e-05

    Collisions                      = 20233
    Collision candidates           = 36691
    Collision acceptance rate      = 0.5514431332


Phase C auto DLB triggered (SAR) at step 260: sar=0.0003753599301 loadImbalance=1.043665553 threshold=1.5
Phase C ParMETIS weights: particles=2268821 activeCells=104102 maxCellParticles=83
Phase C ParMETIS: alpha=0.8 ncon=2 ubvec=[1.049999952,1.5] moveRatio=0.593057116 (moveT=20.30144787s, collT=13.93041163s)
Phase C ParMETIS: AdaptiveRepart (104151 cells, 2 constraints, ubvec=1.049999952)
Replicated mesh: rank 0 owns 10709 / 104151 cells
Local mesh: 10709 owned + 321 halo = 11030 / 104151 cells
Phase C ParMETIS AdaptiveRepart: 284 / 104151 cells changed (0.002726810112)
Phase C auto DLB complete: rebalance #2

    Number of DSMC particles        = 2268821
    Number of stuck particles       = 0
    Number of free particles        = 2268821
    Average linear kinetic energy   = 1.030887564e-18
    Average rotational energy       = 1.034003277e-20
    Average vibrational energy      = 1.172671188e-21
    Average electronic energy       = 0
    Total energy                    = 1.182509809

Stage 1.0  ExecutionTime = 46.24 s  ClockTime = 45 s  Iteration 260 (0.29 s)

Time = 2.7e-05

    Collisions                      = 20767
    Collision candidates           = 38001
    Collision acceptance rate      = 0.5464856188

    Number of DSMC particles        = 2277006
    Number of stuck particles       = 0
    Number of free particles        = 2277006
    Average linear kinetic energy   = 1.028432851e-18
    Average rotational energy       = 1.084145168e-20
    Average vibrational energy      = 1.26703384e-21
    Average electronic energy       = 0
    Total energy                    = 1.184659433

Stage 1.0  ExecutionTime = 48.06 s  ClockTime = 47 s  Iteration 270 (0.2 s)

Time = 2.8e-05

    Collisions                      = 21511
    Collision candidates           = 39289
    Collision acceptance rate      = 0.5475069358

    Number of DSMC particles        = 2285082
    Number of stuck particles       = 0
    Number of free particles        = 2285082
    Average linear kinetic energy   = 1.026035458e-18
    Average rotational energy       = 1.134308329e-20
    Average vibrational energy      = 1.364130242e-21
    Average electronic energy       = 0
    Total energy                    = 1.186806091

Stage 1.0  ExecutionTime = 49.91 s  ClockTime = 49 s  Iteration 280 (0.21 s)

Time = 2.9e-05

    Collisions                      = 22091
    Collision candidates           = 40614
    Collision acceptance rate      = 0.5439257399

    Number of DSMC particles        = 2293288
    Number of stuck particles       = 0
    Number of free particles        = 2293288
    Average linear kinetic energy   = 1.023625023e-18
    Average rotational energy       = 1.1888413e-20
    Average vibrational energy      = 1.473622355e-21
    Average electronic energy       = 0
    Total energy                    = 1.189054989

Stage 1.0  ExecutionTime = 51.82 s  ClockTime = 51 s  Iteration 290 (0.25 s)

Time = 3e-05

    Collisions                      = 23133
    Collision candidates           = 42314
    Collision acceptance rate      = 0.5466984922

    Number of DSMC particles        = 2301478
    Number of stuck particles       = 0
    Number of free particles        = 2301478
    Average linear kinetic energy   = 1.021290132e-18
    Average rotational energy       = 1.244116195e-20
    Average vibrational energy      = 1.586865063e-21
    Average electronic energy       = 0
    Total energy                    = 1.191380983

Stage 1.0  ExecutionTime = 53.74 s  ClockTime = 53 s  Iteration 300 (0.2 s)

Time = 3.1e-05

    Collisions                      = 23563
    Collision candidates           = 43628
    Collision acceptance rate      = 0.5400889337

    Number of DSMC particles        = 2309540
    Number of stuck particles       = 0
    Number of free particles        = 2309540
    Average linear kinetic energy   = 1.018961436e-18
    Average rotational energy       = 1.297182228e-20
    Average vibrational energy      = 1.702681761e-21
    Average electronic energy       = 0
    Total energy                    = 1.193611775

Stage 1.0  ExecutionTime = 55.75 s  ClockTime = 56 s  Iteration 310 (0.22 s)

Time = 3.2e-05

    Collisions                      = 24103
    Collision candidates           = 45022
    Collision acceptance rate      = 0.5353604904

    Number of DSMC particles        = 2317732
    Number of stuck particles       = 0
    Number of free particles        = 2317732
    Average linear kinetic energy   = 1.016704026e-18
    Average rotational energy       = 1.356647812e-20
    Average vibrational energy      = 1.804338835e-21
    Average electronic energy       = 0
    Total energy                    = 1.196036445

Stage 1.0  ExecutionTime = 57.73 s  ClockTime = 58 s  Iteration 320 (0.23 s)

End stage 1


DSMC solver profile summary
    solver profile steps          = 320
    move+collide wall [s]         = 50.62938785
    move only [s]                 = 38.16736279
    buildCellOccupancy [s]        = 4.606282636
    collision phase [s]           = 18.15265676
    post fields/output [s]        = 3.156681547
    total profiled [s]            = 64.08298374
    full evolve wall [s]          = 53.76991049
    move+collide cpu [s]          = 46.49
    move only cpu [s]             = 35.14
    buildCellOccupancy cpu [s]    = 4.17
    collision phase cpu [s]       = 16.62
    post fields/output cpu [s]    = 2.97
    total profiled cpu [s]        = 58.9
    full evolve cpu [s]           = 49.43
    OpenMP enabled                = 0
    OpenMP max threads            = 1
    OpenMP move                   = 0 (static, chunk 64)
    OpenMP collision              = dynamic, chunk 8


Replicated mesh profiling summary:
    migration calls             = 35
    migration wall time [s]     = 1.997209032
    local particles (final)     = 253836
    particles per rank          = min 253836 max 303246 max/min 1.194653241
    rank wall time (evolve, 320 steps): min 46.09 max 46.2 max/min 1.002386635
    Phase C auto DLB checks      = 320
    Phase C auto DLB rebalances = 2
    Phase C auto DLB triggered checks = 2
    Phase C auto DLB wall max [s]= 0.295635347
    Phase C auto DLB check max [s]= 0.023592807
    Phase C ParMETIS max [s]     = 0.132687133
    Phase C migration max [s]    = 0.170870023
    Phase C cellOwner write max [s] = 0
    Phase C post-diagnostic max [s] = 0.000311781
    Phase C auto DLB accounted max [s] = 0.327461744
    Phase C auto DLB residual max [s] = -0.031826397

Total Iterations = 320
End main

real 58.51
user 431.28
sys 33.48
