/*---------------------------------------------------------------------------*\
| =========                 |                                                 |
| \\      /  F ield         | OpenFOAM: The Open Source CFD Toolbox           |
|  \\    /   O peration     | Version:  v1706                                 |
|   \\  /    A nd           | Web:      www.OpenFOAM.com                      |
|    \\/     M anipulation  |                                                 |
\*---------------------------------------------------------------------------*/
Build  : v1706
Arch   : "LSB;label=32;scalar=64"
Exec   : dsmcFoam+ -case run/hyStrath/dsmcFoam+/xcx_test/zb-cylinder-react/mpi8
Date   : Jun 21 2026
Time   : 03:48:56
Host   : "SuperXCX-ROG"
PID    : 437346
/*---------------------------------------------------------------------------*\
| =========                 |                                                 |
| \\      /  F ield         | OpenFOAM: The Open Source CFD Toolbox           |
|  \\    /   O peration     | Version:  v1706                                 |
|   \\  /    A nd           | Web:      www.OpenFOAM.com                      |
|    \\/     M anipulation  |                                                 |
\*---------------------------------------------------------------------------*/
Build  : v1706
Arch   : "LSB;label=32;scalar=64"
Exec   : dsmcFoam+ -case run/hyStrath/dsmcFoam+/xcx_test/zb-cylinder-react/mpi8
Date   : Jun 21 2026
Time   : 03:48:56
Host   : "SuperXCX-ROG"
PID    : 437347
/*---------------------------------------------------------------------------*\
| =========                 |                                                 |
| \\      /  F ield         | OpenFOAM: The Open Source CFD Toolbox           |
|  \\    /   O peration     | Version:  v1706                                 |
|   \\  /    A nd           | Web:      www.OpenFOAM.com                      |
|    \\/     M anipulation  |                                                 |
\*---------------------------------------------------------------------------*/
Build  : v1706
Arch   : "LSB;label=32;scalar=64"
Exec   : dsmcFoam+ -case run/hyStrath/dsmcFoam+/xcx_test/zb-cylinder-react/mpi8
Date   : Jun 21 2026
Time   : 03:48:56
Host   : "SuperXCX-ROG"
PID    : 437349
Case   : run/hyStrath/dsmcFoam+/xcx_test/zb-cylinder-react/mpi8
nProcs : 1
Case   : run/hyStrath/dsmcFoam+/xcx_test/zb-cylinder-react/mpi8
nProcs : 1
sigFpe : Enabling floating point exception trapping (FOAM_SIGFPE).
fileModificationChecking : Monitoring run-time modified files using timeStampMaster (fileModificationSkew 10)
allowSystemOperations : Allowing user-supplied system call operations

sigFpe : Enabling floating point exception trapping (FOAM_SIGFPE).
fileModificationChecking : Monitoring run-time modified files using timeStampMaster (fileModificationSkew 10)
allowSystemOperations : Allowing user-supplied system call operations

Case   : run/hyStrath/dsmcFoam+/xcx_test/zb-cylinder-react/mpi8
nProcs : 1
sigFpe : Enabling floating point exception trapping (FOAM_SIGFPE).
// * * * * * * * * * * * * * * * * * * * * * * * * * * * * * * * * * * * * * //
Create time

// * * * * * * * * * * * * * * * * * * * * * * * * * * * * * * * * * * * * * //
Create time

fileModificationChecking : Monitoring run-time modified files using timeStampMaster (fileModificationSkew 10)
allowSystemOperations : Allowing user-supplied system call operations

// * * * * * * * * * * * * * * * * * * * * * * * * * * * * * * * * * * * * * //
Create time

Create mesh for time = 0

Create mesh for time = 0

Selecting dynamicFvMesh dynamicRefineFvMesh
Create mesh for time = 0

Selecting dynamicFvMesh dynamicRefineFvMesh
Selecting dynamicFvMesh dynamicRefineFvMesh
/*---------------------------------------------------------------------------*\
| =========                 |                                                 |
| \\      /  F ield         | OpenFOAM: The Open Source CFD Toolbox           |
|  \\    /   O peration     | Version:  v1706                                 |
|   \\  /    A nd           | Web:      www.OpenFOAM.com                      |
|    \\/     M anipulation  |                                                 |
\*---------------------------------------------------------------------------*/
Build  : v1706
Arch   : "LSB;label=32;scalar=64"
Exec   : dsmcFoam+ -case run/hyStrath/dsmcFoam+/xcx_test/zb-cylinder-react/mpi8
Date   : Jun 21 2026
Time   : 03:48:56
Host   : "SuperXCX-ROG"
PID    : 437348
/*---------------------------------------------------------------------------*\
| =========                 |                                                 |
| \\      /  F ield         | OpenFOAM: The Open Source CFD Toolbox           |
|  \\    /   O peration     | Version:  v1706                                 |
|   \\  /    A nd           | Web:      www.OpenFOAM.com                      |
|    \\/     M anipulation  |                                                 |
\*---------------------------------------------------------------------------*/
Build  : v1706
Arch   : "LSB;label=32;scalar=64"
Exec   : dsmcFoam+ -case run/hyStrath/dsmcFoam+/xcx_test/zb-cylinder-react/mpi8
Date   : Jun 21 2026
Time   : 03:48:56
Host   : "SuperXCX-ROG"
PID    : 437350
/*---------------------------------------------------------------------------*\
| =========                 |                                                 |
| \\      /  F ield         | OpenFOAM: The Open Source CFD Toolbox           |
|  \\    /   O peration     | Version:  v1706                                 |
|   \\  /    A nd           | Web:      www.OpenFOAM.com                      |
|    \\/     M anipulation  |                                                 |
\*---------------------------------------------------------------------------*/
Build  : v1706
Arch   : "LSB;label=32;scalar=64"
Exec   : dsmcFoam+ -case run/hyStrath/dsmcFoam+/xcx_test/zb-cylinder-react/mpi8
Date   : Jun 21 2026
Time   : 03:48:56
Host   : "SuperXCX-ROG"
PID    : 437352
Case   : run/hyStrath/dsmcFoam+/xcx_test/zb-cylinder-react/mpi8
nProcs : 1
sigFpe : Enabling floating point exception trapping (FOAM_SIGFPE).
fileModificationChecking : Monitoring run-time modified files using timeStampMaster (fileModificationSkew 10)
allowSystemOperations : Allowing user-supplied system call operations

// * * * * * * * * * * * * * * * * * * * * * * * * * * * * * * * * * * * * * //
Create time

Case   : run/hyStrath/dsmcFoam+/xcx_test/zb-cylinder-react/mpi8
nProcs : 1
sigFpe : Enabling floating point exception trapping (FOAM_SIGFPE).
fileModificationChecking : Monitoring run-time modified files using timeStampMaster (fileModificationSkew 10)
allowSystemOperations : Allowing user-supplied system call operations

// * * * * * * * * * * * * * * * * * * * * * * * * * * * * * * * * * * * * * //
Create time

Case   : run/hyStrath/dsmcFoam+/xcx_test/zb-cylinder-react/mpi8
nProcs : 1
sigFpe : Enabling floating point exception trapping (FOAM_SIGFPE).
fileModificationChecking : Monitoring run-time modified files using timeStampMaster (fileModificationSkew 10)
allowSystemOperations : Allowing user-supplied system call operations

// * * * * * * * * * * * * * * * * * * * * * * * * * * * * * * * * * * * * * //
Create time

Create mesh for time = 0

Create mesh for time = 0

Selecting dynamicFvMesh dynamicRefineFvMesh
Selecting dynamicFvMesh dynamicRefineFvMesh
Create mesh for time = 0

Selecting dynamicFvMesh dynamicRefineFvMesh
/*---------------------------------------------------------------------------*\
| =========                 |                                                 |
| \\      /  F ield         | OpenFOAM: The Open Source CFD Toolbox           |
|  \\    /   O peration     | Version:  v1706                                 |
|   \\  /    A nd           | Web:      www.OpenFOAM.com                      |
|    \\/     M anipulation  |                                                 |
\*---------------------------------------------------------------------------*/
Build  : v1706
Arch   : "LSB;label=32;scalar=64"
Exec   : dsmcFoam+ -case run/hyStrath/dsmcFoam+/xcx_test/zb-cylinder-react/mpi8
Date   : Jun 21 2026
Time   : 03:48:56
Host   : "SuperXCX-ROG"
PID    : 437351
/*---------------------------------------------------------------------------*\
| =========                 |                                                 |
| \\      /  F ield         | OpenFOAM: The Open Source CFD Toolbox           |
|  \\    /   O peration     | Version:  v1706                                 |
|   \\  /    A nd           | Web:      www.OpenFOAM.com                      |
|    \\/     M anipulation  |                                                 |
\*---------------------------------------------------------------------------*/
Build  : v1706
Arch   : "LSB;label=32;scalar=64"
Exec   : dsmcFoam+ -case run/hyStrath/dsmcFoam+/xcx_test/zb-cylinder-react/mpi8
Date   : Jun 21 2026
Time   : 03:48:56
Host   : "SuperXCX-ROG"
PID    : 437345
Case   : run/hyStrath/dsmcFoam+/xcx_test/zb-cylinder-react/mpi8
nProcs : 1
sigFpe : Enabling floating point exception trapping (FOAM_SIGFPE).
fileModificationChecking : Monitoring run-time modified files using timeStampMaster (fileModificationSkew 10)
allowSystemOperations : Allowing user-supplied system call operations

// * * * * * * * * * * * * * * * * * * * * * * * * * * * * * * * * * * * * * //
Create time

Case   : run/hyStrath/dsmcFoam+/xcx_test/zb-cylinder-react/mpi8
nProcs : 1
sigFpe : Enabling floating point exception trapping (FOAM_SIGFPE).
fileModificationChecking : Monitoring run-time modified files using timeStampMaster (fileModificationSkew 10)
allowSystemOperations : Allowing user-supplied system call operations

// * * * * * * * * * * * * * * * * * * * * * * * * * * * * * * * * * * * * * //
Create time

Create mesh for time = 0

Create mesh for time = 0

Selecting dynamicFvMesh dynamicRefineFvMesh
Selecting dynamicFvMesh dynamicRefineFvMesh

Constructing dsmcCloud 

Constructing dsmcCloud 

Constructing dsmcCloud 

Constructing dsmcCloud 

Constructing dsmcCloud 

Constructing dsmcCloud 

Constructing dsmcCloud 

Constructing dsmcCloud 
Selecting the coordinate system model:	dsmcCartesian

Selecting the time-step model:	dsmcConstantTimeStepModel

Constant time-step model:
- time-step [sec]	6.640048894e-08

Selecting the porous measurement model:	dsmcNoPorousMediumMeasurements


Creating dsmcControllers

Creating fields: 

Selecting field: dsmcVolFields

TimeData Statistics: 
 measurement option: write
 nSamples: 1, time interval: 6.640048894e-08
 nAverages: 15060, time interval: 0.0009999913634
 total no. of sampling steps: 0
 total no. of averaging Steps: 0


Selecting the coordinate system model:	dsmcCartesian

Selecting the time-step model:	dsmcConstantTimeStepModel

Constant time-step model:
- time-step [sec]	6.640048894e-08

Selecting the porous measurement model:	dsmcNoPorousMediumMeasurements

Selecting the coordinate system model:	dsmcCartesian

Selecting the time-step model:	dsmcConstantTimeStepModel

Constant time-step model:
- time-step [sec]	6.640048894e-08

Selecting the porous measurement model:	dsmcNoPorousMediumMeasurements

Selecting the coordinate system model:	dsmcCartesian

Selecting the time-step model:	dsmcConstantTimeStepModel

Constant time-step model:
- time-step [sec]	6.640048894e-08

Selecting the porous measurement model:	dsmcNoPorousMediumMeasurements


Creating dsmcControllers

Creating fields: 

Selecting field: dsmcVolFields
Selecting the coordinate system model:	dsmcCartesian


TimeData Statistics: 
 measurement option: write
Selecting the time-step model:	dsmcConstantTimeStepModel

 nSamples: 1, time interval: 6.640048894e-08
 nAverages: 15060, time interval: 0.0009999913634
 total no. of sampling steps: 0
 total no. of averaging Steps: 0


Constant time-step model:
- time-step [sec]	6.640048894e-08

Selecting the porous measurement model:	dsmcNoPorousMediumMeasurements


Creating dsmcControllers


Creating dsmcControllers

Creating fields: 

Selecting field: dsmcVolFields
Creating fields: 

Selecting field: dsmcVolFields

TimeData Statistics: 

TimeData Statistics: 
 measurement option: write
 measurement option: write
 nSamples: 1, time interval: 6.640048894e-08
 nAverages: 15060, time interval: 0.0009999913634
 total no. of sampling steps: 0
 total no. of averaging Steps: 0


 nSamples: 1, time interval: 6.640048894e-08
 nAverages: 15060, time interval: 0.0009999913634
 total no. of sampling steps: 0
 total no. of averaging Steps: 0



Creating dsmcControllers

Creating fields: 

Selecting field: dsmcVolFields

TimeData Statistics: 
 measurement option: write
 nSamples: 1, time interval: 6.640048894e-08
 nAverages: 15060, time interval: 0.0009999913634
 total no. of sampling steps: 0
 total no. of averaging Steps: 0


Selecting the coordinate system model:	dsmcCartesian

Selecting the time-step model:	dsmcConstantTimeStepModel

Constant time-step model:
- time-step [sec]	6.640048894e-08

Selecting the porous measurement model:	dsmcNoPorousMediumMeasurements


Creating dsmcControllers

Creating fields: 

Selecting field: dsmcVolFields

TimeData Statistics: 
 measurement option: write
 nSamples: 1, time interval: 6.640048894e-08
 nAverages: 15060, time interval: 0.0009999913634
 total no. of sampling steps: 0
 total no. of averaging Steps: 0


Selecting field: dsmcVolFields

TimeData Statistics: 
 measurement option: write
 nSamples: 1, time interval: 6.640048894e-08
 nAverages: 15060, time interval: 0.0009999913634
 total no. of sampling steps: 0
 total no. of averaging Steps: 0


Selecting the coordinate system model:	dsmcCartesian

Selecting the time-step model:	dsmcConstantTimeStepModel

Constant time-step model:
- time-step [sec]	6.640048894e-08

Selecting the porous measurement model:	dsmcNoPorousMediumMeasurements

Selecting the coordinate system model:	dsmcCartesian

Selecting the time-step model:	dsmcConstantTimeStepModel

Constant time-step model:
- time-step [sec]	6.640048894e-08

Selecting the porous measurement model:	dsmcNoPorousMediumMeasurements


Creating dsmcControllers

Creating fields: 

Selecting field: dsmcVolFields

TimeData Statistics: 
 measurement option: write
 nSamples: 1, time interval: 6.640048894e-08
 nAverages: 15060, time interval: 0.0009999913634
 total no. of sampling steps: 0
 total no. of averaging Steps: 0


Selecting field: dsmcVolFields

TimeData Statistics: 
 measurement option: write
 nSamples: 1, time interval: 6.640048894e-08
 nAverages: 15060, time interval: 0.0009999913634
 total no. of sampling steps: 0
 total no. of averaging Steps: 0



Creating dsmcControllers

Creating fields: 

Selecting field: dsmcVolFields

TimeData Statistics: 
 measurement option: write
 nSamples: 1, time interval: 6.640048894e-08
 nAverages: 15060, time interval: 0.0009999913634
 total no. of sampling steps: 0
 total no. of averaging Steps: 0


Selecting field: dsmcVolFields

TimeData Statistics: 
 measurement option: write
 nSamples: 1, time interval: 6.640048894e-08
 nAverages: 15060, time interval: 0.0009999913634
 total no. of sampling steps: 0
 total no. of averaging Steps: 0


Selecting field: dsmcVolFields

TimeData Statistics: 
 measurement option: write
 nSamples: 1, time interval: 6.640048894e-08
 nAverages: 15060, time interval: 0.0009999913634
 total no. of sampling steps: 0
 total no. of averaging Steps: 0


Selecting field: dsmcVolFields

TimeData Statistics: 
 measurement option: write
 nSamples: 1, time interval: 6.640048894e-08
 nAverages: 15060, time interval: 0.0009999913634
 total no. of sampling steps: 0
 total no. of averaging Steps: 0


Selecting field: dsmcVolFields

TimeData Statistics: 
 measurement option: write
 nSamples: 1, time interval: 6.640048894e-08
 nAverages: 15060, time interval: 0.0009999913634
 total no. of sampling steps: 0
 total no. of averaging Steps: 0


Selecting field: dsmcVolFields

TimeData Statistics: 
 measurement option: write
 nSamples: 1, time interval: 6.640048894e-08
 nAverages: 15060, time interval: 0.0009999913634
 total no. of sampling steps: 0
 total no. of averaging Steps: 0


Selecting field: dsmcVolFields

TimeData Statistics: 
 measurement option: write
 nSamples: 1, time interval: 6.640048894e-08
 nAverages: 15060, time interval: 0.0009999913634
 total no. of sampling steps: 0
 total no. of averaging Steps: 0


Selecting field: dsmcVolFields

TimeData Statistics: 
 measurement option: write
 nSamples: 1, time interval: 6.640048894e-08
 nAverages: 15060, time interval: 0.0009999913634
 total no. of sampling steps: 0
 total no. of averaging Steps: 0


Selecting field: dsmcVolFields

TimeData Statistics: 
 measurement option: write
 nSamples: 1, time interval: 6.640048894e-08
 nAverages: 15060, time interval: 0.0009999913634
 total no. of sampling steps: 0
 total no. of averaging Steps: 0


Selecting field: dsmcVolFields

TimeData Statistics: 
 measurement option: write
 nSamples: 1, time interval: 6.640048894e-08
 nAverages: 15060, time interval: 0.0009999913634
 total no. of sampling steps: 0
 total no. of averaging Steps: 0


Selecting field: dsmcVolFields

TimeData Statistics: 
 measurement option: write
 nSamples: 1, time interval: 6.640048894e-08
 nAverages: 15060, time interval: 0.0009999913634
 total no. of sampling steps: 0
 total no. of averaging Steps: 0


Selecting field: dsmcVolFields

TimeData Statistics: 
 measurement option: write
 nSamples: 1, time interval: 6.640048894e-08
 nAverages: 15060, time interval: 0.0009999913634
 total no. of sampling steps: 0
 total no. of averaging Steps: 0


Selecting field: dsmcVolFields

TimeData Statistics: 
 measurement option: write
 nSamples: 1, time interval: 6.640048894e-08
 nAverages: 15060, time interval: 0.0009999913634
 total no. of sampling steps: 0
 total no. of averaging Steps: 0


Selecting field: dsmcVolFields

TimeData Statistics: 
 measurement option: write
 nSamples: 1, time interval: 6.640048894e-08
 nAverages: 15060, time interval: 0.0009999913634
 total no. of sampling steps: 0
 total no. of averaging Steps: 0


Selecting field: dsmcVolFields

TimeData Statistics: 
 measurement option: write
 nSamples: 1, time interval: 6.640048894e-08
 nAverages: 15060, time interval: 0.0009999913634
 total no. of sampling steps: 0
 total no. of averaging Steps: 0


Selecting field: dsmcVolFields

TimeData Statistics: 
 measurement option: write
 nSamples: 1, time interval: 6.640048894e-08
 nAverages: 15060, time interval: 0.0009999913634
 total no. of sampling steps: 0
 total no. of averaging Steps: 0


Selecting field: dsmcVolFields

TimeData Statistics: 
 measurement option: write
 nSamples: 1, time interval: 6.640048894e-08
 nAverages: 15060, time interval: 0.0009999913634
 total no. of sampling steps: 0
 total no. of averaging Steps: 0


Selecting field: dsmcVolFields

TimeData Statistics: 
 measurement option: write
 nSamples: 1, time interval: 6.640048894e-08
 nAverages: 15060, time interval: 0.0009999913634
 total no. of sampling steps: 0
 total no. of averaging Steps: 0


Selecting field: dsmcVolFields

TimeData Statistics: 
 measurement option: write
 nSamples: 1, time interval: 6.640048894e-08
 nAverages: 15060, time interval: 0.0009999913634
 total no. of sampling steps: 0
 total no. of averaging Steps: 0


Selecting field: dsmcVolFields

TimeData Statistics: 
 measurement option: write
 nSamples: 1, time interval: 6.640048894e-08
 nAverages: 15060, time interval: 0.0009999913634
 total no. of sampling steps: 0
 total no. of averaging Steps: 0


Selecting field: dsmcVolFields

TimeData Statistics: 
 measurement option: write
 nSamples: 1, time interval: 6.640048894e-08
 nAverages: 15060, time interval: 0.0009999913634
 total no. of sampling steps: 0
 total no. of averaging Steps: 0


Selecting field: dsmcVolFields

TimeData Statistics: 
 measurement option: write
 nSamples: 1, time interval: 6.640048894e-08
 nAverages: 15060, time interval: 0.0009999913634
 total no. of sampling steps: 0
 total no. of averaging Steps: 0


Selecting field: dsmcVolFields

TimeData Statistics: 
 measurement option: write
 nSamples: 1, time interval: 6.640048894e-08
 nAverages: 15060, time interval: 0.0009999913634
 total no. of sampling steps: 0
 total no. of averaging Steps: 0


Selecting field: dsmcVolFields

TimeData Statistics: 
 measurement option: write
 nSamples: 1, time interval: 6.640048894e-08
 nAverages: 15060, time interval: 0.0009999913634
 total no. of sampling steps: 0
 total no. of averaging Steps: 0


Selecting field: dsmcVolFields

TimeData Statistics: 
 measurement option: write
 nSamples: 1, time interval: 6.640048894e-08
 nAverages: 15060, time interval: 0.0009999913634
 total no. of sampling steps: 0
 total no. of averaging Steps: 0


Selecting field: dsmcVolFields

TimeData Statistics: 
 measurement option: write
 nSamples: 1, time interval: 6.640048894e-08
 nAverages: 15060, time interval: 0.0009999913634
 total no. of sampling steps: 0
 total no. of averaging Steps: 0


Selecting field: dsmcVolFields

TimeData Statistics: 
 measurement option: write
 nSamples: 1, time interval: 6.640048894e-08
 nAverages: 15060, time interval: 0.0009999913634
 total no. of sampling steps: 0
 total no. of averaging Steps: 0


Selecting field: dsmcVolFields

TimeData Statistics: 
 measurement option: write
 nSamples: 1, time interval: 6.640048894e-08
 nAverages: 15060, time interval: 0.0009999913634
 total no. of sampling steps: 0
 total no. of averaging Steps: 0


Selecting field: dsmcVolFields

TimeData Statistics: 
 measurement option: write
 nSamples: 1, time interval: 6.640048894e-08
 nAverages: 15060, time interval: 0.0009999913634
 total no. of sampling steps: 0
 total no. of averaging Steps: 0


Selecting field: dsmcVolFields

TimeData Statistics: 
 measurement option: write
 nSamples: 1, time interval: 6.640048894e-08
 nAverages: 15060, time interval: 0.0009999913634
 total no. of sampling steps: 0
 total no. of averaging Steps: 0


Selecting field: dsmcVolFields

TimeData Statistics: 
 measurement option: write
 nSamples: 1, time interval: 6.640048894e-08
 nAverages: 15060, time interval: 0.0009999913634
 total no. of sampling steps: 0
 total no. of averaging Steps: 0


Selecting field: dsmcVolFields

TimeData Statistics: 
 measurement option: write
 nSamples: 1, time interval: 6.640048894e-08
 nAverages: 15060, time interval: 0.0009999913634
 total no. of sampling steps: 0
 total no. of averaging Steps: 0


Selecting field: dsmcVolFields

TimeData Statistics: 
 measurement option: write
 nSamples: 1, time interval: 6.640048894e-08
 nAverages: 15060, time interval: 0.0009999913634
 total no. of sampling steps: 0
 total no. of averaging Steps: 0


Selecting field: dsmcVolFields

TimeData Statistics: 
 measurement option: write
 nSamples: 1, time interval: 6.640048894e-08
 nAverages: 15060, time interval: 0.0009999913634
 total no. of sampling steps: 0
 total no. of averaging Steps: 0


Selecting field: dsmcVolFields

TimeData Statistics: 
 measurement option: write
 nSamples: 1, time interval: 6.640048894e-08
 nAverages: 15060, time interval: 0.0009999913634
 total no. of sampling steps: 0
 total no. of averaging Steps: 0


Selecting field: dsmcVolFields

TimeData Statistics: 
 measurement option: write
 nSamples: 1, time interval: 6.640048894e-08
 nAverages: 15060, time interval: 0.0009999913634
 total no. of sampling steps: 0
 total no. of averaging Steps: 0


Selecting field: dsmcVolFields

TimeData Statistics: 
 measurement option: write
 nSamples: 1, time interval: 6.640048894e-08
 nAverages: 15060, time interval: 0.0009999913634
 total no. of sampling steps: 0
 total no. of averaging Steps: 0


Creating the boundary models: 

Selecting dsmcPatchBoundaryModel dsmcDeletionPatch
Selecting dsmcPatchBoundaryModel dsmcDeletionPatch
Selecting dsmcPatchBoundaryModel dsmcDiffuseWallPatch
Selecting dsmcGeneralBoundaryModel dsmcFreeStreamInflowPatch
Selecting BinaryCollisionModel LarsenBorgnakkeVariableHardSphere
Selecting field: dsmcVolFields

TimeData Statistics: 
 measurement option: write
 nSamples: 1, time interval: 6.640048894e-08
 nAverages: 15060, time interval: 0.0009999913634
 total no. of sampling steps: 0
 total no. of averaging Steps: 0



Creating dsmcReactions

Selecting the reaction model dissociationQK
Selecting the reaction model dissociationExchangeQK
Selecting the reaction model dissociationQK
Selecting the reaction model dissociationQK
Selecting the reaction model dissociationQK
Selecting the reaction model dissociationQK
Selecting the reaction model dissociationQK
Selecting the reaction model dissociationExchangeQK
Selecting the reaction model dissociationQK
Selecting the reaction model dissociationExchangeQK
Selecting the reaction model dissociationExchangeQK
Selecting the reaction model dissociationQK
Number of reactions created: 12
Creating the boundary models: 

Selecting dsmcPatchBoundaryModel dsmcDeletionPatch
Selecting dsmcPatchBoundaryModel dsmcDeletionPatch
Selecting dsmcPatchBoundaryModel dsmcDiffuseWallPatch
Selecting dsmcGeneralBoundaryModel dsmcFreeStreamInflowPatch
Creating the boundary models: 

Selecting dsmcPatchBoundaryModel dsmcDeletionPatch
Selecting dsmcPatchBoundaryModel dsmcDeletionPatch
Selecting dsmcPatchBoundaryModel dsmcDiffuseWallPatch
Selecting dsmcGeneralBoundaryModel dsmcFreeStreamInflowPatch
Selecting field: dsmcVolFields

TimeData Statistics: 
 measurement option: write
 nSamples: 1, time interval: 6.640048894e-08
 nAverages: 15060, time interval: 0.0009999913634
 total no. of sampling steps: 0
 total no. of averaging Steps: 0


Creating the boundary models: 

Selecting dsmcPatchBoundaryModel dsmcDeletionPatch
Selecting dsmcPatchBoundaryModel dsmcDeletionPatch
Selecting dsmcPatchBoundaryModel dsmcDiffuseWallPatch
Selecting dsmcGeneralBoundaryModel dsmcFreeStreamInflowPatch
Creating the boundary models: 

Selecting dsmcPatchBoundaryModel dsmcDeletionPatch
Selecting dsmcPatchBoundaryModel dsmcDeletionPatch
Selecting dsmcPatchBoundaryModel dsmcDiffuseWallPatch
Selecting dsmcGeneralBoundaryModel dsmcFreeStreamInflowPatch
Selecting BinaryCollisionModel LarsenBorgnakkeVariableHardSphere

Creating dsmcReactions

Selecting the reaction model dissociationQK
Selecting the reaction model dissociationExchangeQK
Selecting the reaction model dissociationQK
Selecting the reaction model dissociationQK
Selecting the reaction model dissociationQK
Selecting the reaction model dissociationQK
Selecting the reaction model dissociationQK
Selecting the reaction model dissociationExchangeQK
Selecting the reaction model dissociationQK
Selecting the reaction model dissociationExchangeQK
Selecting the reaction model dissociationExchangeQK
Selecting the reaction model dissociationQK
Number of reactions created: 12
Selecting BinaryCollisionModel LarsenBorgnakkeVariableHardSphere

Creating dsmcReactions

Selecting the reaction model dissociationQK
Selecting the reaction model dissociationExchangeQK
Selecting the reaction model dissociationQK
Selecting the reaction model dissociationQK
Selecting the reaction model dissociationQK
Selecting the reaction model dissociationQK
Selecting the reaction model dissociationQK
Selecting the reaction model dissociationExchangeQK
Selecting the reaction model dissociationQK
Selecting the reaction model dissociationExchangeQK
Selecting the reaction model dissociationExchangeQK
Selecting the reaction model dissociationQK
Number of reactions created: 12
Selecting BinaryCollisionModel LarsenBorgnakkeVariableHardSphere

Creating dsmcReactions

Selecting the reaction model dissociationQK
Selecting the reaction model dissociationExchangeQK
Selecting the reaction model dissociationQK
Selecting the reaction model dissociationQK
Selecting the reaction model dissociationQK
Selecting the reaction model dissociationQK
Selecting the reaction model dissociationQK
Selecting the reaction model dissociationExchangeQK
Selecting the reaction model dissociationQK
Selecting the reaction model dissociationExchangeQK
Selecting the reaction model dissociationExchangeQK
Selecting the reaction model dissociationQK
Number of reactions created: 12
Selecting BinaryCollisionModel LarsenBorgnakkeVariableHardSphere

Creating dsmcReactions

Selecting the reaction model dissociationQK
Selecting the reaction model dissociationExchangeQK
Selecting the reaction model dissociationQK
Selecting the reaction model dissociationQK
Selecting the reaction model dissociationQK
Selecting the reaction model dissociationQK
Selecting the reaction model dissociationQK
Selecting the reaction model dissociationExchangeQK
Selecting the reaction model dissociationQK
Selecting the reaction model dissociationExchangeQK
Selecting the reaction model dissociationExchangeQK
Selecting the reaction model dissociationQK
Number of reactions created: 12
Creating the boundary models: 

Selecting dsmcPatchBoundaryModel dsmcDeletionPatch
Selecting dsmcPatchBoundaryModel dsmcDeletionPatch
Selecting dsmcPatchBoundaryModel dsmcDiffuseWallPatch
Selecting dsmcGeneralBoundaryModel dsmcFreeStreamInflowPatch
Selecting BinaryCollisionModel LarsenBorgnakkeVariableHardSphere

Creating dsmcReactions

Selecting the reaction model dissociationQK
Selecting the reaction model dissociationExchangeQK
Selecting the reaction model dissociationQK
Selecting the reaction model dissociationQK
Selecting the reaction model dissociationQK
Selecting the reaction model dissociationQK
Selecting the reaction model dissociationQK
Selecting the reaction model dissociationExchangeQK
Selecting the reaction model dissociationQK
Selecting the reaction model dissociationExchangeQK
Selecting the reaction model dissociationExchangeQK
Selecting the reaction model dissociationQK
Number of reactions created: 12
Creating the boundary models: 

Selecting dsmcPatchBoundaryModel dsmcDeletionPatch
Selecting dsmcPatchBoundaryModel dsmcDeletionPatch
Selecting dsmcPatchBoundaryModel dsmcDiffuseWallPatch
Selecting dsmcGeneralBoundaryModel dsmcFreeStreamInflowPatch
Creating the boundary models: 

Selecting dsmcPatchBoundaryModel dsmcDeletionPatch
Selecting dsmcPatchBoundaryModel dsmcDeletionPatch
Selecting dsmcPatchBoundaryModel dsmcDiffuseWallPatch
Selecting dsmcGeneralBoundaryModel dsmcFreeStreamInflowPatch
Selecting BinaryCollisionModel LarsenBorgnakkeVariableHardSphere

Creating dsmcReactions

Selecting the reaction model dissociationQK
Selecting the reaction model dissociationExchangeQK
Selecting the reaction model dissociationQK
Selecting the reaction model dissociationQK
Selecting the reaction model dissociationQK
Selecting the reaction model dissociationQK
Selecting the reaction model dissociationQK
Selecting the reaction model dissociationExchangeQK
Selecting the reaction model dissociationQK
Selecting the reaction model dissociationExchangeQK
Selecting the reaction model dissociationExchangeQK
Selecting the reaction model dissociationQK
Number of reactions created: 12
Selecting BinaryCollisionModel LarsenBorgnakkeVariableHardSphere

Creating dsmcReactions

Selecting the reaction model dissociationQK
Selecting the reaction model dissociationExchangeQK
Selecting the reaction model dissociationQK
Selecting the reaction model dissociationQK
Selecting the reaction model dissociationQK
Selecting the reaction model dissociationQK
Selecting the reaction model dissociationQK
Selecting the reaction model dissociationExchangeQK
Selecting the reaction model dissociationQK
Selecting the reaction model dissociationExchangeQK
Selecting the reaction model dissociationExchangeQK
Selecting the reaction model dissociationQK
Number of reactions created: 12

Constructing constant properties for
	N2
	O2
	NO
	N
	O

Constructing constant properties for
	N2
	O2
	NO
	N
	O

Constructing constant properties for
	N2
	O2
	NO
	N
	O
Selecting collisionPartnerSelectionModel noTimeCounter
Collision profile: collisionReduceOnlyOnOutput defaulted to true for replicatedMesh run
Collision profile: collisionOutputGlobalReduce defaulted to false for replicatedMesh run

Initialising the measurement fields

Initialising dsmcVolFields field
Initialising dsmcVolFields field
Initialising dsmcVolFields field
Initialising dsmcVolFields field
Initialising dsmcVolFields field
Selecting collisionPartnerSelectionModel noTimeCounter
Collision profile: collisionReduceOnlyOnOutput defaulted to true for replicatedMesh run
Collision profile: collisionOutputGlobalReduce defaulted to false for replicatedMesh run

Initialising the measurement fields

Initialising dsmcVolFields field
Initialising dsmcVolFields field
Initialising dsmcVolFields field
Initialising dsmcVolFields field
Initialising dsmcVolFields field
Initialising dsmcVolFields field
Initialising dsmcVolFields field

Constructing constant properties for
	N2
	O2
	NO
	N
	O

Constructing constant properties for
	N2
	O2
	NO
	N
	O

Constructing constant properties for
	N2
	O2
	NO
	N
	O

Constructing constant properties for
	N2
	O2
	NO
	N
	O

Constructing constant properties for
	N2
	O2
	NO
	N
	O
Selecting collisionPartnerSelectionModel noTimeCounter
Collision profile: collisionReduceOnlyOnOutput defaulted to true for replicatedMesh run
Collision profile: collisionOutputGlobalReduce defaulted to false for replicatedMesh run

Initialising the measurement fields

Initialising dsmcVolFields field
Initialising dsmcVolFields field
Initialising dsmcVolFields field
Initialising dsmcVolFields field
Initialising dsmcVolFields field
Initialising dsmcVolFields field
Selecting collisionPartnerSelectionModel noTimeCounter
Collision profile: collisionReduceOnlyOnOutput defaulted to true for replicatedMesh run
Collision profile: collisionOutputGlobalReduce defaulted to false for replicatedMesh run

Initialising the measurement fields

Initialising dsmcVolFields field
Initialising dsmcVolFields field
Initialising dsmcVolFields field
Initialising dsmcVolFields field
Initialising dsmcVolFields field
Initialising dsmcVolFields field
Selecting collisionPartnerSelectionModel noTimeCounter
Collision profile: collisionReduceOnlyOnOutput defaulted to true for replicatedMesh run
Collision profile: collisionOutputGlobalReduce defaulted to false for replicatedMesh run

Initialising the measurement fields

Initialising dsmcVolFields field
Initialising dsmcVolFields field
Initialising dsmcVolFields field
Initialising dsmcVolFields field
Initialising dsmcVolFields field
Initialising dsmcVolFields field
Selecting collisionPartnerSelectionModel noTimeCounter
Collision profile: collisionReduceOnlyOnOutput defaulted to true for replicatedMesh run
Collision profile: collisionOutputGlobalReduce defaulted to false for replicatedMesh run

Initialising the measurement fields

Initialising dsmcVolFields field
Initialising dsmcVolFields field
Initialising dsmcVolFields field
Initialising dsmcVolFields field
Initialising dsmcVolFields field
Initialising dsmcVolFields field
Selecting collisionPartnerSelectionModel noTimeCounter
Collision profile: collisionReduceOnlyOnOutput defaulted to true for replicatedMesh run
Collision profile: collisionOutputGlobalReduce defaulted to false for replicatedMesh run

Initialising the measurement fields

Initialising dsmcVolFields field
Initialising dsmcVolFields field
Initialising dsmcVolFields field
Initialising dsmcVolFields field
Initialising dsmcVolFields field
Initialising dsmcVolFields field
Selecting collisionPartnerSelectionModel noTimeCounter
Collision profile: collisionReduceOnlyOnOutput defaulted to true for replicatedMesh run
Collision profile: collisionOutputGlobalReduce defaulted to false for replicatedMesh run

Initialising the measurement fields

Initialising dsmcVolFields field
Initialising dsmcVolFields field
Initialising dsmcVolFields field
Initialising dsmcVolFields field
Initialising dsmcVolFields field
Initialising dsmcVolFields field
Replicated mesh: METIS decomposition complete, 60000 cells -> 8 ranks
Replicated mesh: rank 0 owns 7384 / 60000 cells
Local mesh: 7384 owned + 356 halo = 7740 / 60000 cells
Replicated mesh: flatTransfer=1 found=1
Replicated mesh: flat POD transfer enabled
Replicated mesh: gatherCandidates=0
Replicated mesh: overlapSizeExchange=0
Replicated mesh: writeMode=gathered
Phase C auto DLB: enabled (ParMETIS AdaptiveRepart), imbalanceThreshold=1.5, dlbSteps=50, sarSteps=50, triggerMode=legacyWindow, minGapSteps=50, checkCollective=allgather, particleGate=0, particleGateThreshold=1.5, skipPostDiag=0, adaptiveAlpha=0
Replicated mesh: initialized with 8 MPI ranks, migrate interval 10

Starting time loop

Replicated mesh: initial particle distribution

Replicated mesh: rank 0 kept 257860 parcels, deleted 1051233 non-owned parcels
Time = 6.640048894e-07

    Collision global reduction skipped (rank 0 local diagnostics)
    Collisions                      = 4032
    Collision candidates           = 5164
    Collision acceptance rate      = 0.7807900852

    Number of DSMC particles        = 1330290
    Number of stuck particles       = 0
    Number of free particles        = 1330290
    Average linear kinetic energy   = 1.893413924e-19
    Average rotational energy       = 1.326764146e-21
    Average vibrational energy      = 7.024212164e-26
    Average electronic energy       = 0
    Total energy                    = 0.001521864212

Stage 1.0  ExecutionTime = 6.68 s  ClockTime = 7 s  Iteration 10 (0.19 s)

Time = 1.328009779e-06

    Collision global reduction skipped (rank 0 local diagnostics)
    Collisions                      = 4076
    Collision candidates           = 5587
    Collision acceptance rate      = 0.7295507428

    Number of DSMC particles        = 1353910
    Number of stuck particles       = 0
    Number of free particles        = 1353910
    Average linear kinetic energy   = 1.865855894e-19
    Average rotational energy       = 1.543632082e-21
    Average vibrational energy      = 1.494036025e-25
    Average electronic energy       = 0
    Total energy                    = 0.001528261419

Stage 1.0  ExecutionTime = 8.02 s  ClockTime = 9 s  Iteration 20 (0.14 s)

Time = 1.992014668e-06

    Collision global reduction skipped (rank 0 local diagnostics)
    Collisions                      = 4205
    Collision candidates           = 5948
    Collision acceptance rate      = 0.7069603228

    Number of DSMC particles        = 1377415
    Number of stuck particles       = 0
    Number of free particles        = 1377415
    Average linear kinetic energy   = 1.841253991e-19
    Average rotational energy       = 1.854410351e-21
    Average vibrational energy      = 1.920800627e-25
    Average electronic energy       = 0
    Total energy                    = 0.001537029863

Stage 1.0  ExecutionTime = 9.47 s  ClockTime = 10 s  Iteration 30 (0.16 s)

Time = 2.656019558e-06

    Collision global reduction skipped (rank 0 local diagnostics)
    Collisions                      = 4120
    Collision candidates           = 5970
    Collision acceptance rate      = 0.6901172529

    Number of DSMC particles        = 1401069
    Number of stuck particles       = 0
    Number of free particles        = 1401069
    Average linear kinetic energy   = 1.819042956e-19
    Average rotational energy       = 2.24003806e-21
    Average vibrational energy      = 1.888372089e-25
    Average electronic energy       = 0
    Total energy                    = 0.001547995092

Stage 1.0  ExecutionTime = 11.01 s  ClockTime = 12 s  Iteration 40 (0.15 s)

Time = 3.320024447e-06

    Collision global reduction skipped (rank 0 local diagnostics)
    Collisions                      = 4209
    Collision candidates           = 6095
    Collision acceptance rate      = 0.6905660377


Phase C auto DLB triggered (threshold) at step 50: sar=0 loadImbalance=1.548919133 threshold=1.5 particleMaxMin=1
Phase C ParMETIS weights: particles=1424358 activeCells=60000 maxCellParticles=248
Phase C ParMETIS: alpha=1 ncon=1 ubvec=[1.049999952] moveRatio=0.9106745208 (moveT=6.268077006s, collT=0.614817884s)
Phase C ParMETIS: AdaptiveRepart (60000 cells, 1 constraints, ubvec=1.049999952)
Replicated mesh: rank 0 owns 6787 / 60000 cells
Local mesh: 6787 owned + 532 halo = 7319 / 60000 cells
Phase C ParMETIS AdaptiveRepart: 49448 / 60000 cells changed (0.8241333333)
Phase C auto DLB complete: rebalance #1

    Number of DSMC particles        = 1424358
    Number of stuck particles       = 0
    Number of free particles        = 1424358
    Average linear kinetic energy   = 1.798553844e-19
    Average rotational energy       = 2.664810019e-21
    Average vibrational energy      = 2.621606359e-25
    Average electronic energy       = 0
    Total energy                    = 0.001559846835

Stage 1.0  ExecutionTime = 12.74 s  ClockTime = 14 s  Iteration 50 (0.28 s)

Time = 3.984029336e-06

    Collision global reduction skipped (rank 0 local diagnostics)
    Collisions                      = 2420
    Collision candidates           = 2956
    Collision acceptance rate      = 0.8186738836

    Number of DSMC particles        = 1447795
    Number of stuck particles       = 0
    Number of free particles        = 1447795
    Average linear kinetic energy   = 1.779391678e-19
    Average rotational energy       = 3.069897868e-21
    Average vibrational energy      = 3.009442131e-25
    Average electronic energy       = 0
    Total energy                    = 0.001572386736

Stage 1.0  ExecutionTime = 14.35 s  ClockTime = 16 s  Iteration 60 (0.79 s)

Time = 4.648034226e-06

    Collision global reduction skipped (rank 0 local diagnostics)
    Collisions                      = 2426
    Collision candidates           = 3222
    Collision acceptance rate      = 0.7529484792

    Number of DSMC particles        = 1471137
    Number of stuck particles       = 0
    Number of free particles        = 1471137
    Average linear kinetic energy   = 1.761593872e-19
    Average rotational energy       = 3.570866081e-21
    Average vibrational energy      = 4.122512896e-25
    Average electronic energy       = 0
    Total energy                    = 0.001586450592

Stage 1.0  ExecutionTime = 16.17 s  ClockTime = 18 s  Iteration 70 (0.88 s)

Time = 5.312039115e-06

    Collision global reduction skipped (rank 0 local diagnostics)
    Collisions                      = 2417
    Collision candidates           = 3313
    Collision acceptance rate      = 0.7295502566

    Number of DSMC particles        = 1494426
    Number of stuck particles       = 0
    Number of free particles        = 1494426
    Average linear kinetic energy   = 1.74532331e-19
    Average rotational energy       = 4.085910084e-21
    Average vibrational energy      = 1.238082629e-24
    Average electronic energy       = 0
    Total energy                    = 0.001601601563

Stage 1.0  ExecutionTime = 18.15 s  ClockTime = 20 s  Iteration 80 (0.92 s)

Time = 5.976044005e-06

    Collision global reduction skipped (rank 0 local diagnostics)
    Collisions                      = 2439
    Collision candidates           = 3449
    Collision acceptance rate      = 0.7071614961

    Number of DSMC particles        = 1517861
    Number of stuck particles       = 0
    Number of free particles        = 1517861
    Average linear kinetic energy   = 1.730066389e-19
    Average rotational energy       = 4.612591919e-21
    Average vibrational energy      = 1.331712482e-24
    Average electronic energy       = 0
    Total energy                    = 0.001617619948

Stage 1.0  ExecutionTime = 20.15 s  ClockTime = 22 s  Iteration 90 (1.01 s)

Time = 6.640048894e-06

    Collision global reduction skipped (rank 0 local diagnostics)
    Collisions                      = 2520
    Collision candidates           = 3614
    Collision acceptance rate      = 0.6972883232


Phase C auto DLB triggered (threshold) at step 100: sar=0 loadImbalance=1.906427195 threshold=1.5 particleMaxMin=1
Phase C ParMETIS weights: particles=1540852 activeCells=60000 maxCellParticles=322
Phase C ParMETIS: alpha=1 ncon=1 ubvec=[1.049999952] moveRatio=0.918892159 (moveT=10.53900889s, collT=0.930246547s)
Phase C ParMETIS: AdaptiveRepart (60000 cells, 1 constraints, ubvec=1.049999952)
Replicated mesh: rank 0 owns 7504 / 60000 cells
Local mesh: 7504 owned + 529 halo = 8033 / 60000 cells
Phase C ParMETIS AdaptiveRepart: 39421 / 60000 cells changed (0.6570166667)
Phase C auto DLB complete: rebalance #2

    Number of DSMC particles        = 1540852
    Number of stuck particles       = 0
    Number of free particles        = 1540852
    Average linear kinetic energy   = 1.715588031e-19
    Average rotational energy       = 5.142910393e-21
    Average vibrational energy      = 2.019347529e-24
    Average electronic energy       = 0
    Total energy                    = 0.001633645801

Stage 1.0  ExecutionTime = 22.39 s  ClockTime = 24 s  Iteration 100 (1.19 s)

Time = 7.304053783e-06

    Collision global reduction skipped (rank 0 local diagnostics)
    Collisions                      = 2959
    Collision candidates           = 4191
    Collision acceptance rate      = 0.7060367454

    Number of DSMC particles        = 1563884
    Number of stuck particles       = 0
    Number of free particles        = 1563884
    Average linear kinetic energy   = 1.702656553e-19
    Average rotational energy       = 5.534860754e-21
    Average vibrational energy      = 2.307816414e-24
    Average electronic energy       = 0
    Total energy                    = 0.001649611341

Stage 1.0  ExecutionTime = 24.25 s  ClockTime = 26 s  Iteration 110 (0.75 s)

Time = 7.968058673e-06

    Collision global reduction skipped (rank 0 local diagnostics)
    Collisions                      = 2938
    Collision candidates           = 4374
    Collision acceptance rate      = 0.6716963877

    Number of DSMC particles        = 1586492
    Number of stuck particles       = 0
    Number of free particles        = 1586492
    Average linear kinetic energy   = 1.689362035e-19
    Average rotational energy       = 6.06570609e-21
    Average vibrational energy      = 2.794862191e-24
    Average electronic energy       = 0
    Total energy                    = 0.001665861382

Stage 1.0  ExecutionTime = 26.25 s  ClockTime = 28 s  Iteration 120 (0.81 s)

Time = 8.632063562e-06

    Collision global reduction skipped (rank 0 local diagnostics)
    Collisions                      = 3110
    Collision candidates           = 4792
    Collision acceptance rate      = 0.6489983306

    Number of DSMC particles        = 1609034
    Number of stuck particles       = 0
    Number of free particles        = 1609034
    Average linear kinetic energy   = 1.677081177e-19
    Average rotational energy       = 6.565890731e-21
    Average vibrational energy      = 3.711802094e-24
    Average electronic energy       = 0
    Total energy                    = 0.001682512664

Stage 1.0  ExecutionTime = 28.41 s  ClockTime = 31 s  Iteration 130 (0.93 s)

Time = 9.296068452e-06

    Collision global reduction skipped (rank 0 local diagnostics)
    Collisions                      = 3202
    Collision candidates           = 5039
    Collision acceptance rate      = 0.6354435404

    Number of DSMC particles        = 1631682
    Number of stuck particles       = 0
    Number of free particles        = 1631682
    Average linear kinetic energy   = 1.665425934e-19
    Average rotational energy       = 7.053607115e-21
    Average vibrational energy      = 4.289344496e-24
    Average electronic energy       = 0
    Total energy                    = 0.001699564767

Stage 1.0  ExecutionTime = 30.65 s  ClockTime = 31 s  Iteration 140 (0.91 s)

Time = 9.960073341e-06

    Collision global reduction skipped (rank 0 local diagnostics)
    Collisions                      = 3430
    Collision candidates           = 5416
    Collision acceptance rate      = 0.6333087149


Phase C auto DLB triggered (threshold) at step 150: sar=0 loadImbalance=1.792868288 threshold=1.5 particleMaxMin=1
Phase C ParMETIS weights: particles=1653816 activeCells=60000 maxCellParticles=356
Phase C ParMETIS: alpha=1 ncon=1 ubvec=[1.049999952] moveRatio=0.9215361479 (moveT=15.95309845s, collT=1.358320625s)
Phase C ParMETIS: AdaptiveRepart (60000 cells, 1 constraints, ubvec=1.049999952)
Replicated mesh: rank 0 owns 4462 / 60000 cells
Local mesh: 4462 owned + 340 halo = 4802 / 60000 cells
Phase C ParMETIS AdaptiveRepart: 32281 / 60000 cells changed (0.5380166667)
Phase C auto DLB complete: rebalance #3

    Number of DSMC particles        = 1653816
    Number of stuck particles       = 0
    Number of free particles        = 1653816
    Average linear kinetic energy   = 1.654311853e-19
    Average rotational energy       = 7.5435651e-21
    Average vibrational energy      = 4.853015438e-24
    Average electronic energy       = 0
    Total energy                    = 0.001716458615

Stage 1.0  ExecutionTime = 33.1 s  ClockTime = 33 s  Iteration 150 (1.09 s)

Time = 1.062407823e-05

    Collision global reduction skipped (rank 0 local diagnostics)
    Collisions                      = 25869
    Collision candidates           = 43105
    Collision acceptance rate      = 0.600139195

    Number of DSMC particles        = 1675904
    Number of stuck particles       = 0
    Number of free particles        = 1675904
    Average linear kinetic energy   = 1.644537026e-19
    Average rotational energy       = 7.913715193e-21
    Average vibrational energy      = 6.006080908e-24
    Average electronic energy       = 0
    Total energy                    = 0.001733287863

Stage 1.0  ExecutionTime = 35.42 s  ClockTime = 36 s  Iteration 160 (0.93 s)

Time = 1.128808312e-05

    Collision global reduction skipped (rank 0 local diagnostics)
    Collisions                      = 27467
    Collision candidates           = 47435
    Collision acceptance rate      = 0.579045009

    Number of DSMC particles        = 1697618
    Number of stuck particles       = 0
    Number of free particles        = 1697618
    Average linear kinetic energy   = 1.634231769e-19
    Average rotational energy       = 8.384918224e-21
    Average vibrational energy      = 6.835674015e-24
    Average electronic energy       = 0
    Total energy                    = 0.001750056715

Stage 1.0  ExecutionTime = 37.82 s  ClockTime = 38 s  Iteration 170 (0.96 s)

Time = 1.195208801e-05

    Collision global reduction skipped (rank 0 local diagnostics)
    Collisions                      = 28776
    Collision candidates           = 50687
    Collision acceptance rate      = 0.5677195336

    Number of DSMC particles        = 1719143
    Number of stuck particles       = 0
    Number of free particles        = 1719143
    Average linear kinetic energy   = 1.624273721e-19
    Average rotational energy       = 8.835857335e-21
    Average vibrational energy      = 7.429198558e-24
    Average electronic energy       = 0
    Total energy                    = 0.001766632524

Stage 1.0  ExecutionTime = 40.37 s  ClockTime = 41 s  Iteration 180 (1.01 s)

Time = 1.26160929e-05

    Collision global reduction skipped (rank 0 local diagnostics)
    Collisions                      = 30319
    Collision candidates           = 53767
    Collision acceptance rate      = 0.5638960701

    Number of DSMC particles        = 1740902
    Number of stuck particles       = 0
    Number of free particles        = 1740902
    Average linear kinetic energy   = 1.61450974e-19
    Average rotational energy       = 9.296277445e-21
    Average vibrational energy      = 8.08778908e-24
    Average electronic energy       = 0
    Total energy                    = 0.00178360987

Stage 1.0  ExecutionTime = 43 s  ClockTime = 44 s  Iteration 190 (1.06 s)

Time = 1.328009779e-05

    Collision global reduction skipped (rank 0 local diagnostics)
    Collisions                      = 31720
    Collision candidates           = 56753
    Collision acceptance rate      = 0.5589131852


Phase C auto DLB triggered (threshold) at step 200: sar=0 loadImbalance=2.103597592 threshold=1.5 particleMaxMin=1
Phase C ParMETIS weights: particles=1761658 activeCells=60000 maxCellParticles=358
Phase C ParMETIS: alpha=1 ncon=1 ubvec=[1.049999952] moveRatio=0.8784783456 (moveT=21.89322958s, collT=3.028533933s)
Phase C ParMETIS: AdaptiveRepart (60000 cells, 1 constraints, ubvec=1.049999952)
Replicated mesh: rank 0 owns 11892 / 60000 cells
Local mesh: 11892 owned + 669 halo = 12561 / 60000 cells
Phase C ParMETIS AdaptiveRepart: 46946 / 60000 cells changed (0.7824333333)
Phase C auto DLB complete: rebalance #4

    Number of DSMC particles        = 1761658
    Number of stuck particles       = 0
    Number of free particles        = 1761658
    Average linear kinetic energy   = 1.605509566e-19
    Average rotational energy       = 9.712787287e-21
    Average vibrational energy      = 8.593236611e-24
    Average electronic energy       = 0
    Total energy                    = 0.001799769749

Stage 1.0  ExecutionTime = 45.94 s  ClockTime = 47 s  Iteration 200 (1.28 s)

Time = 1.394410268e-05

    Collision global reduction skipped (rank 0 local diagnostics)
    Collisions                      = 12300
    Collision candidates           = 19000
    Collision acceptance rate      = 0.6473684211

    Number of DSMC particles        = 1782624
    Number of stuck particles       = 0
    Number of free particles        = 1782624
    Average linear kinetic energy   = 1.598996023e-19
    Average rotational energy       = 9.892990047e-21
    Average vibrational energy      = 9.356167161e-24
    Average electronic energy       = 0
    Total energy                    = 0.001816158172

Stage 1.0  ExecutionTime = 48.46 s  ClockTime = 50 s  Iteration 210 (0.66 s)

Time = 1.460810757e-05

    Collision global reduction skipped (rank 0 local diagnostics)
    Collisions                      = 15113
    Collision candidates           = 24773
    Collision acceptance rate      = 0.6100593388

    Number of DSMC particles        = 1802861
    Number of stuck particles       = 0
    Number of free particles        = 1802861
    Average linear kinetic energy   = 1.589719181e-19
    Average rotational energy       = 1.032751816e-20
    Average vibrational energy      = 1.053656547e-23
    Average electronic energy       = 0
    Total energy                    = 0.001831454081

Stage 1.0  ExecutionTime = 50.92 s  ClockTime = 53 s  Iteration 220 (0.42 s)

Time = 1.527211246e-05

    Collision global reduction skipped (rank 0 local diagnostics)
    Collisions                      = 17530
    Collision candidates           = 29788
    Collision acceptance rate      = 0.5884920102

    Number of DSMC particles        = 1823073
    Number of stuck particles       = 0
    Number of free particles        = 1823073
    Average linear kinetic energy   = 1.580801619e-19
    Average rotational energy       = 1.074665562e-20
    Average vibrational energy      = 1.130660118e-23
    Average electronic energy       = 0
    Total energy                    = 0.001846825353

Stage 1.0  ExecutionTime = 53.52 s  ClockTime = 55 s  Iteration 230 (0.32 s)

Time = 1.593611735e-05

    Collision global reduction skipped (rank 0 local diagnostics)
    Collisions                      = 20085
    Collision candidates           = 34704
    Collision acceptance rate      = 0.5787517289

    Number of DSMC particles        = 1843147
    Number of stuck particles       = 0
    Number of free particles        = 1843147
    Average linear kinetic energy   = 1.572326184e-19
    Average rotational energy       = 1.11607677e-20
    Average vibrational energy      = 1.192604437e-23
    Average electronic energy       = 0
    Total energy                    = 0.001862374476

Stage 1.0  ExecutionTime = 56.21 s  ClockTime = 58 s  Iteration 240 (0.28 s)

Time = 1.660012224e-05

    Collision global reduction skipped (rank 0 local diagnostics)
    Collisions                      = 22643
    Collision candidates           = 39672
    Collision acceptance rate      = 0.5707551926


Phase C auto DLB triggered (threshold) at step 250: sar=0 loadImbalance=2.176909665 threshold=1.5 particleMaxMin=1
Phase C ParMETIS weights: particles=1863248 activeCells=60000 maxCellParticles=360
Phase C ParMETIS: alpha=1 ncon=1 ubvec=[1.049999952] moveRatio=0.8799210207 (moveT=32.64229535s, collT=4.454551508s)
Phase C ParMETIS: AdaptiveRepart (60000 cells, 1 constraints, ubvec=1.049999952)
Replicated mesh: rank 0 owns 11475 / 60000 cells
Local mesh: 11475 owned + 654 halo = 12129 / 60000 cells
Phase C ParMETIS AdaptiveRepart: 18511 / 60000 cells changed (0.3085166667)
Phase C auto DLB complete: rebalance #5

    Number of DSMC particles        = 1863248
    Number of stuck particles       = 0
    Number of free particles        = 1863248
    Average linear kinetic energy   = 1.563843567e-19
    Average rotational energy       = 1.158550808e-20
    Average vibrational energy      = 1.278251713e-23
    Average electronic energy       = 0
    Total energy                    = 0.001877959989

Stage 1.0  ExecutionTime = 59.26 s  ClockTime = 62 s  Iteration 250 (0.47 s)

Time = 1.726412712e-05

    Collision global reduction skipped (rank 0 local diagnostics)
    Collisions                      = 18157
    Collision candidates           = 32090
    Collision acceptance rate      = 0.5658148956

    Number of DSMC particles        = 1883116
    Number of stuck particles       = 0
    Number of free particles        = 1883116
    Average linear kinetic energy   = 1.556597574e-19
    Average rotational energy       = 1.191130293e-20
    Average vibrational energy      = 1.344862355e-23
    Average electronic energy       = 0
    Total energy                    = 0.001893486421

Stage 1.0  ExecutionTime = 62.08 s  ClockTime = 62 s  Iteration 260 (0.29 s)

Time = 1.792813201e-05

    Collision global reduction skipped (rank 0 local diagnostics)
    Collisions                      = 20492
    Collision candidates           = 36666
    Collision acceptance rate      = 0.5588828888

    Number of DSMC particles        = 1902520
    Number of stuck particles       = 0
    Number of free particles        = 1902520
    Average linear kinetic energy   = 1.54912186e-19
    Average rotational energy       = 1.233232447e-20
    Average vibrational energy      = 1.396519507e-23
    Average electronic energy       = 0
    Total energy                    = 0.00190927557

Stage 1.0  ExecutionTime = 65.13 s  ClockTime = 65 s  Iteration 270 (0.31 s)

Time = 1.85921369e-05

    Collision global reduction skipped (rank 0 local diagnostics)
    Collisions                      = 22705
    Collision candidates           = 40802
    Collision acceptance rate      = 0.5564678202

    Number of DSMC particles        = 1921470
    Number of stuck particles       = 0
    Number of free particles        = 1921470
    Average linear kinetic energy   = 1.542113878e-19
    Average rotational energy       = 1.271741974e-20
    Average vibrational energy      = 1.501919883e-23
    Average electronic energy       = 0
    Total energy                    = 0.001924665328

Stage 1.0  ExecutionTime = 68.32 s  ClockTime = 69 s  Iteration 280 (0.32 s)

Time = 1.925614179e-05

    Collision global reduction skipped (rank 0 local diagnostics)
    Collisions                      = 24943
    Collision candidates           = 44654
    Collision acceptance rate      = 0.5585837775

    Number of DSMC particles        = 1940400
    Number of stuck particles       = 0
    Number of free particles        = 1940400
    Average linear kinetic energy   = 1.535232939e-19
    Average rotational energy       = 1.307375279e-20
    Average vibrational energy      = 1.667807269e-23
    Average electronic energy       = 0
    Total energy                    = 0.001939783629

Stage 1.0  ExecutionTime = 71.71 s  ClockTime = 73 s  Iteration 290 (0.34 s)

Time = 1.992014668e-05

    Collision global reduction skipped (rank 0 local diagnostics)
    Collisions                      = 27234
    Collision candidates           = 48668
    Collision acceptance rate      = 0.5595874086


Phase C auto DLB triggered (threshold) at step 300: sar=0 loadImbalance=2.224341095 threshold=1.5 particleMaxMin=1
Phase C auto DLB skipped near end at step 300: remainingSteps=0 minRemainingSteps=50
    Number of DSMC particles        = 1959164
    Number of stuck particles       = 0
    Number of free particles        = 1959164
    Average linear kinetic energy   = 1.528385511e-19
    Average rotational energy       = 1.34331198e-20
    Average vibrational energy      = 1.75515467e-23
    Average electronic energy       = 0
    Total energy                    = 0.001954727149

Stage 1.0  ExecutionTime = 75.17 s  ClockTime = 76 s  Iteration 300 (0.35 s)

End stage 1


DSMC solver profile summary
    solver profile steps          = 300
    move+collide wall [s]         = 68.23732037
    move only [s]                 = 53.41550757
    buildCellOccupancy [s]        = 6.631012744
    collision phase [s]           = 15.44158027
    post fields/output [s]        = 0.22758234
    total profiled [s]            = 75.71568293
    full evolve wall [s]          = 68.44959168
    move+collide cpu [s]          = 62.93
    move only cpu [s]             = 49.29
    buildCellOccupancy cpu [s]    = 6.19
    collision phase cpu [s]       = 14.26
    post fields/output cpu [s]    = 0.31
    total profiled cpu [s]        = 70.05
    full evolve cpu [s]           = 63.13
    collision localLoop max [s] = 15.41889401
    collision reduce max [s]    = 0
    collision sigmaBC max [s]   = 0.020867097
    collision total max [s]     = 15.43999702
    collision accounted max [s] = 15.43945694
    collision residual max [s]  = 0.000663466
    collision subphase max sum [s] = 15.4397611
    collision cumulative global collisions = 40555272
    collision cumulative global candidates  = 74254294
    collision cumulative acceptance        = 0.5461673637
    OpenMP enabled                = 0
    OpenMP max threads            = 1
    OpenMP move                   = 0 (static, chunk 64)
    OpenMP collision              = dynamic, chunk 8


Replicated mesh profiling summary:
    migration calls             = 36
    migration wall time [s]     = 2.845687801
    local particles (final)     = 280059
    migration wall max [s]      = 4.367253564
    migration pack max [s]      = 0.564708225
    migration local prep max [s]= 0.215087476
    migration size exchange max [s] = 3.488090312
    migration request post max [s] = 0.055758482
    migration wait max [s]      = 0.10633093
    migration deserialize max [s] = 0.328709687
    migration post max [s]      = 0.017980288
    migration candidate gather max [s] = 7.742e-06
    migration accounted max [s] = 4.367253564
    migration residual max [s]  = 8.881784197e-16
    updateParticleCounts max [s]= 0.359359162
    migration subphase max sum [s] = 4.776673142
    particles per rank          = min 226555 max 280059 max/min 1.236163404
    rank wall time (evolve, 300 steps): min 41.33 max 59.7 max/min 1.444471328
    Phase C auto DLB checks      = 300
    Phase C auto DLB rebalances = 5
    Phase C auto DLB triggered checks = 5
    Phase C auto DLB wall max [s]= 6.951643449
    Phase C auto DLB check max [s]= 6.206153364
    Phase C ParMETIS max [s]     = 0.203342054
    Phase C migration max [s]    = 0.610018485
    Phase C cellOwner write max [s] = 0
    Phase C post-diagnostic max [s] = 0.001451077
    Phase C auto DLB accounted max [s] = 7.02096498
    Phase C auto DLB residual max [s] = -0.069321531

Total Iterations = 300
End main

real 77.18
user 539.87
sys 63.35
