/*---------------------------------------------------------------------------*\
| =========                 |                                                 |
| \\      /  F ield         | OpenFOAM: The Open Source CFD Toolbox           |
|  \\    /   O peration     | Version:  v1706                                 |
|   \\  /    A nd           | Web:      www.OpenFOAM.com                      |
|    \\/     M anipulation  |                                                 |
\*---------------------------------------------------------------------------*/
Build  : v1706
Arch   : "LSB;label=32;scalar=64"
Exec   : dsmcFoam+
Date   : Jun 21 2026
Time   : 00:38:17
Host   : "SuperXCX-ROG"
PID    : 319353
/*---------------------------------------------------------------------------*\
| =========                 |                                                 |
| \\      /  F ield         | OpenFOAM: The Open Source CFD Toolbox           |
|  \\    /   O peration     | Version:  v1706                                 |
|   \\  /    A nd           | Web:      www.OpenFOAM.com                      |
|    \\/     M anipulation  |                                                 |
\*---------------------------------------------------------------------------*/
Build  : v1706
Arch   : "LSB;label=32;scalar=64"
Exec   : dsmcFoam+
Date   : Jun 21 2026
Time   : 00:38:17
Host   : "SuperXCX-ROG"
PID    : 319354
/*---------------------------------------------------------------------------*\
| =========                 |                                                 |
| \\      /  F ield         | OpenFOAM: The Open Source CFD Toolbox           |
|  \\    /   O peration     | Version:  v1706                                 |
|   \\  /    A nd           | Web:      www.OpenFOAM.com                      |
|    \\/     M anipulation  |                                                 |
\*---------------------------------------------------------------------------*/
Build  : v1706
Arch   : "LSB;label=32;scalar=64"
Exec   : dsmcFoam+
Date   : Jun 21 2026
Time   : 00:38:17
Host   : "SuperXCX-ROG"
PID    : 319355
/*---------------------------------------------------------------------------*\
| =========                 |                                                 |
| \\      /  F ield         | OpenFOAM: The Open Source CFD Toolbox           |
|  \\    /   O peration     | Version:  v1706                                 |
|   \\  /    A nd           | Web:      www.OpenFOAM.com                      |
|    \\/     M anipulation  |                                                 |
\*---------------------------------------------------------------------------*/
Build  : v1706
Arch   : "LSB;label=32;scalar=64"
Exec   : dsmcFoam+
Date   : Jun 21 2026
Time   : 00:38:17
Host   : "SuperXCX-ROG"
PID    : 319356
Case   : /home/superxcx/code/OpenFoam/OF-1706/hyStrath_dlb/run/hyStrath/dsmcFoam+/xcx_test/zb-cylinder-react/mpi4omp2
nProcs : 1
sigFpe : Enabling floating point exception trapping (FOAM_SIGFPE).
Case   : /home/superxcx/code/OpenFoam/OF-1706/hyStrath_dlb/run/hyStrath/dsmcFoam+/xcx_test/zb-cylinder-react/mpi4omp2
nProcs : 1
sigFpe : Enabling floating point exception trapping (FOAM_SIGFPE).
fileModificationChecking : Monitoring run-time modified files using timeStampMaster (fileModificationSkew 10)
allowSystemOperations : Allowing user-supplied system call operations

Case   : /home/superxcx/code/OpenFoam/OF-1706/hyStrath_dlb/run/hyStrath/dsmcFoam+/xcx_test/zb-cylinder-react/mpi4omp2
nProcs : 1
sigFpe : Enabling floating point exception trapping (FOAM_SIGFPE).
fileModificationChecking : Monitoring run-time modified files using timeStampMaster (fileModificationSkew 10)
allowSystemOperations : Allowing user-supplied system call operations

fileModificationChecking : Monitoring run-time modified files using timeStampMaster (fileModificationSkew 10)
allowSystemOperations : Allowing user-supplied system call operations

// * * * * * * * * * * * * * * * * * * * * * * * * * * * * * * * * * * * * * //
Create time

// * * * * * * * * * * * * * * * * * * * * * * * * * * * * * * * * * * * * * //
Create time

// * * * * * * * * * * * * * * * * * * * * * * * * * * * * * * * * * * * * * //
Create time

Case   : /home/superxcx/code/OpenFoam/OF-1706/hyStrath_dlb/run/hyStrath/dsmcFoam+/xcx_test/zb-cylinder-react/mpi4omp2
nProcs : 1
sigFpe : Enabling floating point exception trapping (FOAM_SIGFPE).
fileModificationChecking : Monitoring run-time modified files using timeStampMaster (fileModificationSkew 10)
allowSystemOperations : Allowing user-supplied system call operations

// * * * * * * * * * * * * * * * * * * * * * * * * * * * * * * * * * * * * * //
Create time

Create mesh for time = 0

Create mesh for time = 0

Create mesh for time = 0

Create mesh for time = 0

Selecting dynamicFvMesh dynamicRefineFvMesh
Selecting dynamicFvMesh dynamicRefineFvMesh
Selecting dynamicFvMesh dynamicRefineFvMesh
Selecting dynamicFvMesh dynamicRefineFvMesh

Constructing dsmcCloud 

Constructing dsmcCloud 

Constructing dsmcCloud 

Constructing dsmcCloud 
Selecting the coordinate system model:	dsmcCartesian

Selecting the time-step model:	dsmcConstantTimeStepModel

Constant time-step model:
- time-step [sec]	6.640048894e-08

Selecting the porous measurement model:	dsmcNoPorousMediumMeasurements


Creating dsmcControllers

Creating fields: 

Selecting field: dsmcVolFields

TimeData Statistics: 
 measurement option: write
 nSamples: 1, time interval: 6.640048894e-08
 nAverages: 15060, time interval: 0.0009999913634
 total no. of sampling steps: 0
 total no. of averaging Steps: 0


Selecting field: dsmcVolFields

TimeData Statistics: 
 measurement option: write
 nSamples: 1, time interval: 6.640048894e-08
 nAverages: 15060, time interval: 0.0009999913634
 total no. of sampling steps: 0
 total no. of averaging Steps: 0


Selecting the coordinate system model:	dsmcCartesian

Selecting the time-step model:	dsmcConstantTimeStepModel

Constant time-step model:
- time-step [sec]	6.640048894e-08

Selecting the porous measurement model:	dsmcNoPorousMediumMeasurements

Selecting the coordinate system model:	dsmcCartesian

Selecting the time-step model:	dsmcConstantTimeStepModel

Constant time-step model:
- time-step [sec]	6.640048894e-08

Selecting the porous measurement model:	dsmcNoPorousMediumMeasurements

Selecting field: dsmcVolFields

TimeData Statistics: 
 measurement option: write
 nSamples: 1, time interval: 6.640048894e-08
 nAverages: 15060, time interval: 0.0009999913634
 total no. of sampling steps: 0
 total no. of averaging Steps: 0



Creating dsmcControllers


Creating dsmcControllers

Creating fields: 

Selecting field: dsmcVolFields

TimeData Statistics: 
 measurement option: write
 nSamples: 1, time interval: 6.640048894e-08
 nAverages: 15060, time interval: 0.0009999913634
 total no. of sampling steps: 0
 total no. of averaging Steps: 0


Creating fields: 

Selecting field: dsmcVolFields

TimeData Statistics: 
 measurement option: write
 nSamples: 1, time interval: 6.640048894e-08
 nAverages: 15060, time interval: 0.0009999913634
 total no. of sampling steps: 0
 total no. of averaging Steps: 0


Selecting the coordinate system model:	dsmcCartesian

Selecting the time-step model:	dsmcConstantTimeStepModel

Constant time-step model:
- time-step [sec]	6.640048894e-08

Selecting the porous measurement model:	dsmcNoPorousMediumMeasurements


Creating dsmcControllers

Creating fields: 

Selecting field: dsmcVolFields

TimeData Statistics: 
 measurement option: write
 nSamples: 1, time interval: 6.640048894e-08
 nAverages: 15060, time interval: 0.0009999913634
 total no. of sampling steps: 0
 total no. of averaging Steps: 0


Selecting field: dsmcVolFields

TimeData Statistics: 
 measurement option: write
 nSamples: 1, time interval: 6.640048894e-08
 nAverages: 15060, time interval: 0.0009999913634
 total no. of sampling steps: 0
 total no. of averaging Steps: 0


Selecting field: dsmcVolFields

TimeData Statistics: 
 measurement option: write
 nSamples: 1, time interval: 6.640048894e-08
 nAverages: 15060, time interval: 0.0009999913634
 total no. of sampling steps: 0
 total no. of averaging Steps: 0


Selecting field: dsmcVolFields

TimeData Statistics: 
 measurement option: write
 nSamples: 1, time interval: 6.640048894e-08
 nAverages: 15060, time interval: 0.0009999913634
 total no. of sampling steps: 0
 total no. of averaging Steps: 0


Selecting field: dsmcVolFields

TimeData Statistics: 
 measurement option: write
 nSamples: 1, time interval: 6.640048894e-08
 nAverages: 15060, time interval: 0.0009999913634
 total no. of sampling steps: 0
 total no. of averaging Steps: 0


Selecting field: dsmcVolFields

TimeData Statistics: 
 measurement option: write
 nSamples: 1, time interval: 6.640048894e-08
 nAverages: 15060, time interval: 0.0009999913634
 total no. of sampling steps: 0
 total no. of averaging Steps: 0


Selecting field: dsmcVolFields

TimeData Statistics: 
 measurement option: write
 nSamples: 1, time interval: 6.640048894e-08
 nAverages: 15060, time interval: 0.0009999913634
 total no. of sampling steps: 0
 total no. of averaging Steps: 0


Selecting field: dsmcVolFields

TimeData Statistics: 
 measurement option: write
 nSamples: 1, time interval: 6.640048894e-08
 nAverages: 15060, time interval: 0.0009999913634
 total no. of sampling steps: 0
 total no. of averaging Steps: 0


Selecting field: dsmcVolFields

TimeData Statistics: 
 measurement option: write
Selecting field: dsmcVolFields

TimeData Statistics: 
 measurement option: write
 nSamples: 1, time interval: 6.640048894e-08
 nAverages: 15060, time interval: 0.0009999913634
 total no. of sampling steps: 0
 total no. of averaging Steps: 0


 nSamples: 1, time interval: 6.640048894e-08
 nAverages: 15060, time interval: 0.0009999913634
 total no. of sampling steps: 0
 total no. of averaging Steps: 0


Selecting field: dsmcVolFields

TimeData Statistics: 
 measurement option: write
 nSamples: 1, time interval: 6.640048894e-08
 nAverages: 15060, time interval: 0.0009999913634
 total no. of sampling steps: 0
 total no. of averaging Steps: 0


Selecting field: dsmcVolFields

TimeData Statistics: 
 measurement option: write
 nSamples: 1, time interval: 6.640048894e-08
 nAverages: 15060, time interval: 0.0009999913634
 total no. of sampling steps: 0
 total no. of averaging Steps: 0


Selecting field: dsmcVolFields

TimeData Statistics: 
 measurement option: write
 nSamples: 1, time interval: 6.640048894e-08
 nAverages: 15060, time interval: 0.0009999913634
 total no. of sampling steps: 0
 total no. of averaging Steps: 0


Selecting field: dsmcVolFields

TimeData Statistics: 
 measurement option: write
 nSamples: 1, time interval: 6.640048894e-08
 nAverages: 15060, time interval: 0.0009999913634
 total no. of sampling steps: 0
 total no. of averaging Steps: 0


Creating the boundary models: 

Selecting dsmcPatchBoundaryModel dsmcDeletionPatch
Selecting dsmcPatchBoundaryModel dsmcDeletionPatch
Selecting dsmcPatchBoundaryModel dsmcDiffuseWallPatch
Selecting dsmcGeneralBoundaryModel dsmcFreeStreamInflowPatch
Selecting field: dsmcVolFields

TimeData Statistics: 
 measurement option: write
 nSamples: 1, time interval: 6.640048894e-08
 nAverages: 15060, time interval: 0.0009999913634
 total no. of sampling steps: 0
 total no. of averaging Steps: 0


Selecting BinaryCollisionModel LarsenBorgnakkeVariableHardSphere

Creating dsmcReactions

Selecting the reaction model dissociationQK
Selecting the reaction model dissociationExchangeQK
Selecting the reaction model dissociationQK
Selecting the reaction model dissociationQK
Selecting the reaction model dissociationQK
Selecting the reaction model dissociationQK
Selecting the reaction model dissociationQK
Selecting the reaction model dissociationExchangeQK
Selecting the reaction model dissociationQK
Selecting the reaction model dissociationExchangeQK
Selecting the reaction model dissociationExchangeQK
Selecting the reaction model dissociationQK
Number of reactions created: 12
Selecting field: dsmcVolFields

TimeData Statistics: 
 measurement option: write
 nSamples: 1, time interval: 6.640048894e-08
 nAverages: 15060, time interval: 0.0009999913634
 total no. of sampling steps: 0
 total no. of averaging Steps: 0


Selecting field: dsmcVolFields

TimeData Statistics: 
 measurement option: write
 nSamples: 1, time interval: 6.640048894e-08
 nAverages: 15060, time interval: 0.0009999913634
 total no. of sampling steps: 0
 total no. of averaging Steps: 0


Selecting field: dsmcVolFields

TimeData Statistics: 
 measurement option: write
 nSamples: 1, time interval: 6.640048894e-08
 nAverages: 15060, time interval: 0.0009999913634
 total no. of sampling steps: 0
 total no. of averaging Steps: 0


Selecting field: dsmcVolFields

TimeData Statistics: 
 measurement option: write
 nSamples: 1, time interval: 6.640048894e-08
 nAverages: 15060, time interval: 0.0009999913634
 total no. of sampling steps: 0
 total no. of averaging Steps: 0


Creating the boundary models: 

Selecting dsmcPatchBoundaryModel dsmcDeletionPatch
Creating the boundary models: 

Selecting dsmcPatchBoundaryModel dsmcDeletionPatch
Selecting dsmcPatchBoundaryModel dsmcDeletionPatch
Selecting dsmcPatchBoundaryModel dsmcDiffuseWallPatch
Selecting dsmcPatchBoundaryModel dsmcDeletionPatch
Selecting dsmcGeneralBoundaryModel dsmcFreeStreamInflowPatch
Selecting dsmcPatchBoundaryModel dsmcDiffuseWallPatch
Selecting dsmcGeneralBoundaryModel dsmcFreeStreamInflowPatch
Selecting BinaryCollisionModel LarsenBorgnakkeVariableHardSphere
Selecting BinaryCollisionModel LarsenBorgnakkeVariableHardSphere

Creating dsmcReactions

Selecting the reaction model dissociationQK

Creating dsmcReactions

Selecting the reaction model dissociationQK
Selecting the reaction model dissociationExchangeQK
Selecting the reaction model dissociationExchangeQK
Selecting the reaction model dissociationQK
Selecting the reaction model dissociationQK
Selecting the reaction model dissociationQK
Selecting the reaction model dissociationQK
Selecting the reaction model dissociationQK
Selecting the reaction model dissociationExchangeQK
Selecting the reaction model dissociationQK
Selecting the reaction model dissociationQK
Selecting the reaction model dissociationQK
Selecting the reaction model dissociationQK
Selecting the reaction model dissociationQK
Selecting the reaction model dissociationExchangeQK
Selecting the reaction model dissociationQK
Selecting the reaction model dissociationExchangeQK
Selecting the reaction model dissociationExchangeQK
Selecting the reaction model dissociationQK
Number of reactions created: 12
Selecting the reaction model dissociationQK
Selecting the reaction model dissociationExchangeQK
Selecting the reaction model dissociationExchangeQK
Selecting the reaction model dissociationQK
Number of reactions created: 12
Creating the boundary models: 

Selecting dsmcPatchBoundaryModel dsmcDeletionPatch
Selecting dsmcPatchBoundaryModel dsmcDeletionPatch
Selecting dsmcPatchBoundaryModel dsmcDiffuseWallPatch
Selecting dsmcGeneralBoundaryModel dsmcFreeStreamInflowPatch
Selecting BinaryCollisionModel LarsenBorgnakkeVariableHardSphere

Creating dsmcReactions

Selecting the reaction model dissociationQK
Selecting the reaction model dissociationExchangeQK
Selecting the reaction model dissociationQK
Selecting the reaction model dissociationQK
Selecting the reaction model dissociationQK
Selecting the reaction model dissociationQK
Selecting the reaction model dissociationQK
Selecting the reaction model dissociationExchangeQK
Selecting the reaction model dissociationQK
Selecting the reaction model dissociationExchangeQK
Selecting the reaction model dissociationExchangeQK
Selecting the reaction model dissociationQK
Number of reactions created: 12

Constructing constant properties for
	N2
	O2
	NO
	N
	O

Constructing constant properties for
	N2
	O2
	NO
	N
	O

Constructing constant properties for
	N2
	O2
	NO
	N
	O

Constructing constant properties for
	N2
	O2
	NO
	N
	O
Selecting collisionPartnerSelectionModel noTimeCounter
Collision profile: collisionReduceOnlyOnOutput defaulted to true for replicatedMesh run
Collision profile: collisionOutputGlobalReduce defaulted to false for replicatedMesh run

Initialising the measurement fields

Initialising dsmcVolFields field
Initialising dsmcVolFields field
Initialising dsmcVolFields field
Initialising dsmcVolFields field
Initialising dsmcVolFields field
Initialising dsmcVolFields field
Selecting collisionPartnerSelectionModel noTimeCounter
Collision profile: collisionReduceOnlyOnOutput defaulted to true for replicatedMesh run
Collision profile: collisionOutputGlobalReduce defaulted to false for replicatedMesh run

Initialising the measurement fields

Initialising dsmcVolFields field
Initialising dsmcVolFields field
Initialising dsmcVolFields field
Initialising dsmcVolFields field
Initialising dsmcVolFields field
Initialising dsmcVolFields field
Selecting collisionPartnerSelectionModel noTimeCounter
Collision profile: collisionReduceOnlyOnOutput defaulted to true for replicatedMesh run
Collision profile: collisionOutputGlobalReduce defaulted to false for replicatedMesh run

Initialising the measurement fields

Initialising dsmcVolFields field
Initialising dsmcVolFields field
Initialising dsmcVolFields field
Initialising dsmcVolFields field
Initialising dsmcVolFields field
Initialising dsmcVolFields field
Selecting collisionPartnerSelectionModel noTimeCounter
Collision profile: collisionReduceOnlyOnOutput defaulted to true for replicatedMesh run
Collision profile: collisionOutputGlobalReduce defaulted to false for replicatedMesh run

Initialising the measurement fields

Initialising dsmcVolFields field
Initialising dsmcVolFields field
Initialising dsmcVolFields field
Initialising dsmcVolFields field
Initialising dsmcVolFields field
Initialising dsmcVolFields field
Replicated mesh: METIS decomposition complete, 60000 cells -> 4 ranks
Replicated mesh: rank 0 owns 15022 / 60000 cells
Local mesh: 15022 owned + 492 halo = 15514 / 60000 cells
Replicated mesh: flatTransfer=1 found=1
Replicated mesh: flat POD transfer enabled
Replicated mesh: gatherCandidates=0
Replicated mesh: overlapSizeExchange=0
Replicated mesh: writeMode=gathered
Phase C auto DLB: enabled (ParMETIS AdaptiveRepart), imbalanceThreshold=1.5, dlbSteps=50, sarSteps=50, triggerMode=legacyWindow, minGapSteps=50, checkCollective=allgather, particleGate=0, particleGateThreshold=1.5, skipPostDiag=0, adaptiveAlpha=0
Replicated mesh: initialized with 4 MPI ranks, migrate interval 10

Starting time loop

Replicated mesh: initial particle distribution

Replicated mesh: rank 0 kept 201681 parcels, deleted 1105064 non-owned parcels
Time = 6.640048894e-07

    Collision global reduction skipped (rank 0 local diagnostics)
    Collisions                      = 7560
    Collision candidates           = 11812
    Collision acceptance rate      = 0.6400270911

    Number of DSMC particles        = 1330267
    Number of stuck particles       = 0
    Number of free particles        = 1330267
    Average linear kinetic energy   = 1.893472053e-19
    Average rotational energy       = 1.328426773e-21
    Average vibrational energy      = 8.181563513e-26
    Average electronic energy       = 0
    Total energy                    = 0.00152189766

Stage 1.0  ExecutionTime = 6.46 s  ClockTime = 7 s  Iteration 10 (0.82 s)

Time = 1.328009779e-06

    Collision global reduction skipped (rank 0 local diagnostics)
    Collisions                      = 15999
    Collision candidates           = 27460
    Collision acceptance rate      = 0.582629279

    Number of DSMC particles        = 1353932
    Number of stuck particles       = 0
    Number of free particles        = 1353932
    Average linear kinetic energy   = 1.865925877e-19
    Average rotational energy       = 1.55433622e-21
    Average vibrational energy      = 8.038560245e-26
    Average electronic energy       = 0
    Total energy                    = 0.001528429499

Stage 1.0  ExecutionTime = 9.2 s  ClockTime = 8 s  Iteration 20 (0.9 s)

Time = 1.992014668e-06

    Collision global reduction skipped (rank 0 local diagnostics)
    Collisions                      = 25108
    Collision candidates           = 45418
    Collision acceptance rate      = 0.5528204677

    Number of DSMC particles        = 1377410
    Number of stuck particles       = 0
    Number of free particles        = 1377410
    Average linear kinetic energy   = 1.841047512e-19
    Average rotational energy       = 1.877172053e-21
    Average vibrational energy      = 1.016284937e-25
    Average electronic energy       = 0
    Total energy                    = 0.001537041005

Stage 1.0  ExecutionTime = 12.28 s  ClockTime = 10 s  Iteration 30 (0.93 s)

Time = 2.656019558e-06

    Collision global reduction skipped (rank 0 local diagnostics)
    Collisions                      = 34820
    Collision candidates           = 64596
    Collision acceptance rate      = 0.5390426652

    Number of DSMC particles        = 1401012
    Number of stuck particles       = 0
    Number of free particles        = 1401012
    Average linear kinetic energy   = 1.818933036e-19
    Average rotational energy       = 2.270440654e-21
    Average vibrational energy      = 3.771773411e-25
    Average electronic energy       = 0
    Total energy                    = 0.001548096865

Stage 1.0  ExecutionTime = 15.58 s  ClockTime = 12 s  Iteration 40 (0.97 s)

Time = 3.320024447e-06

    Collision global reduction skipped (rank 0 local diagnostics)
    Collisions                      = 43562
    Collision candidates           = 82750
    Collision acceptance rate      = 0.526429003

    Number of DSMC particles        = 1424431
    Number of stuck particles       = 0
    Number of free particles        = 1424431
    Average linear kinetic energy   = 1.798516379e-19
    Average rotational energy       = 2.714742214e-21
    Average vibrational energy      = 5.896421947e-25
    Average electronic energy       = 0
    Total energy                    = 0.001560324308

Stage 1.0  ExecutionTime = 19.14 s  ClockTime = 14 s  Iteration 50 (0.98 s)

Time = 3.984029336e-06

    Collision global reduction skipped (rank 0 local diagnostics)
    Collisions                      = 52803
    Collision candidates           = 100944
    Collision acceptance rate      = 0.5230920114

    Number of DSMC particles        = 1447607
    Number of stuck particles       = 0
    Number of free particles        = 1447607
    Average linear kinetic energy   = 1.779771848e-19
    Average rotational energy       = 3.181283095e-21
    Average vibrational energy      = 5.36921087e-25
    Average electronic energy       = 0
    Total energy                    = 0.001573482261

Stage 1.0  ExecutionTime = 22.91 s  ClockTime = 16 s  Iteration 60 (0.99 s)

Time = 4.648034226e-06

    Collision global reduction skipped (rank 0 local diagnostics)
    Collisions                      = 61151
    Collision candidates           = 118498
    Collision acceptance rate      = 0.5160509038

    Number of DSMC particles        = 1471247
    Number of stuck particles       = 0
    Number of free particles        = 1471247
    Average linear kinetic energy   = 1.762149563e-19
    Average rotational energy       = 3.684933652e-21
    Average vibrational energy      = 1.066807087e-24
    Average electronic energy       = 0
    Total energy                    = 0.001588072458

Stage 1.0  ExecutionTime = 26.9 s  ClockTime = 16 s  Iteration 70 (1.03 s)

Time = 5.312039115e-06

    Collision global reduction skipped (rank 0 local diagnostics)
    Collisions                      = 69237
    Collision candidates           = 134840
    Collision acceptance rate      = 0.5134752299

    Number of DSMC particles        = 1494425
    Number of stuck particles       = 0
    Number of free particles        = 1494425
    Average linear kinetic energy   = 1.745956496e-19
    Average rotational energy       = 4.190114387e-21
    Average vibrational energy      = 1.320732603e-24
    Average electronic energy       = 0
    Total energy                    = 0.001603103334

Stage 1.0  ExecutionTime = 31.09 s  ClockTime = 19 s  Iteration 80 (1.04 s)

Time = 5.976044005e-06

    Collision global reduction skipped (rank 0 local diagnostics)
    Collisions                      = 76957
    Collision candidates           = 150751
    Collision acceptance rate      = 0.5104908093

    Number of DSMC particles        = 1517873
    Number of stuck particles       = 0
    Number of free particles        = 1517873
    Average linear kinetic energy   = 1.730754946e-19
    Average rotational energy       = 4.697445607e-21
    Average vibrational energy      = 1.515676679e-24
    Average electronic energy       = 0
    Total energy                    = 0.00161903428

Stage 1.0  ExecutionTime = 35.53 s  ClockTime = 21 s  Iteration 90 (1.07 s)

Time = 6.640048894e-06

    Collision global reduction skipped (rank 0 local diagnostics)
    Collisions                      = 84124
    Collision candidates           = 165548
    Collision acceptance rate      = 0.5081547346


Phase C auto DLB triggered (SAR) at step 100: sar=0.7931591645 loadImbalance=1.43978911 threshold=1.5 particleMaxMin=1
Phase C ParMETIS weights: particles=1540831 activeCells=60000 maxCellParticles=308
Phase C ParMETIS: alpha=1 ncon=1 ubvec=[1.049999952] moveRatio=0.8003323541 (moveT=10.88206308s, collT=2.714867025s)
Phase C ParMETIS: AdaptiveRepart (60000 cells, 1 constraints, ubvec=1.049999952)
Replicated mesh: rank 0 owns 15024 / 60000 cells
Local mesh: 15024 owned + 492 halo = 15516 / 60000 cells
Phase C ParMETIS AdaptiveRepart: 26659 / 60000 cells changed (0.4443166667)
Phase C auto DLB complete: rebalance #1

    Number of DSMC particles        = 1540831
    Number of stuck particles       = 0
    Number of free particles        = 1540831
    Average linear kinetic energy   = 1.716377389e-19
    Average rotational energy       = 5.220023434e-21
    Average vibrational energy      = 1.67432702e-24
    Average electronic energy       = 0
    Total energy                    = 0.001635063016

Stage 1.0  ExecutionTime = 40.53 s  ClockTime = 24 s  Iteration 100 (1.4 s)

Time = 7.304053783e-06

    Collision global reduction skipped (rank 0 local diagnostics)
    Collisions                      = 91165
    Collision candidates           = 181240
    Collision acceptance rate      = 0.5030070625

    Number of DSMC particles        = 1563706
    Number of stuck particles       = 0
    Number of free particles        = 1563706
    Average linear kinetic energy   = 1.702564478e-19
    Average rotational energy       = 5.740053629e-21
    Average vibrational energy      = 1.918855095e-24
    Average electronic energy       = 0
    Total energy                    = 0.001651258714

Stage 1.0  ExecutionTime = 45.45 s  ClockTime = 27 s  Iteration 110 (0.93 s)

Time = 7.968058673e-06

    Collision global reduction skipped (rank 0 local diagnostics)
    Collisions                      = 98224
    Collision candidates           = 194968
    Collision acceptance rate      = 0.5037954946

    Number of DSMC particles        = 1586658
    Number of stuck particles       = 0
    Number of free particles        = 1586658
    Average linear kinetic energy   = 1.689899975e-19
    Average rotational energy       = 6.238618724e-21
    Average vibrational energy      = 2.303345755e-24
    Average electronic energy       = 0
    Total energy                    = 0.001668189242

Stage 1.0  ExecutionTime = 50.33 s  ClockTime = 30 s  Iteration 120 (0.89 s)

Time = 8.632063562e-06

    Collision global reduction skipped (rank 0 local diagnostics)
    Collisions                      = 104262
    Collision candidates           = 208300
    Collision acceptance rate      = 0.500537686

    Number of DSMC particles        = 1609041
    Number of stuck particles       = 0
    Number of free particles        = 1609041
    Average linear kinetic energy   = 1.67775422e-19
    Average rotational energy       = 6.728034029e-21
    Average vibrational energy      = 2.784174102e-24
    Average electronic energy       = 0
    Total energy                    = 0.001684726171

Stage 1.0  ExecutionTime = 55.34 s  ClockTime = 33 s  Iteration 130 (0.83 s)

Time = 9.296068452e-06

    Collision global reduction skipped (rank 0 local diagnostics)
    Collisions                      = 109958
    Collision candidates           = 220128
    Collision acceptance rate      = 0.499518462

    Number of DSMC particles        = 1631607
    Number of stuck particles       = 0
    Number of free particles        = 1631607
    Average linear kinetic energy   = 1.666347045e-19
    Average rotational energy       = 7.225173755e-21
    Average vibrational energy      = 3.566099738e-24
    Average electronic energy       = 0
    Total energy                    = 0.001702060877

Stage 1.0  ExecutionTime = 60.47 s  ClockTime = 35 s  Iteration 140 (0.8 s)

Time = 9.960073341e-06

    Collision global reduction skipped (rank 0 local diagnostics)
    Collisions                      = 116158
    Collision candidates           = 232666
    Collision acceptance rate      = 0.4992478488


Phase C auto DLB triggered (threshold) at step 150: sar=0 loadImbalance=1.574078791 threshold=1.5 particleMaxMin=1
Phase C ParMETIS weights: particles=1653662 activeCells=60000 maxCellParticles=329
Phase C ParMETIS: alpha=1 ncon=1 ubvec=[1.049999952] moveRatio=0.76685423 (moveT=18.61517123s, collT=5.659548139s)
Phase C ParMETIS: AdaptiveRepart (60000 cells, 1 constraints, ubvec=1.049999952)
Replicated mesh: rank 0 owns 14694 / 60000 cells
Local mesh: 14694 owned + 492 halo = 15186 / 60000 cells
Phase C ParMETIS AdaptiveRepart: 2991 / 60000 cells changed (0.04985)
Phase C auto DLB complete: rebalance #2

    Number of DSMC particles        = 1653662
    Number of stuck particles       = 0
    Number of free particles        = 1653662
    Average linear kinetic energy   = 1.655376905e-19
    Average rotational energy       = 7.703860612e-21
    Average vibrational energy      = 4.025575988e-24
    Average electronic energy       = 0
    Total energy                    = 0.001718937761

Stage 1.0  ExecutionTime = 65.96 s  ClockTime = 38 s  Iteration 150 (1.04 s)

Time = 1.062407823e-05

    Collision global reduction skipped (rank 0 local diagnostics)
    Collisions                      = 113054
    Collision candidates           = 227698
    Collision acceptance rate      = 0.4965085332

    Number of DSMC particles        = 1675789
    Number of stuck particles       = 0
    Number of free particles        = 1675789
    Average linear kinetic energy   = 1.645060713e-19
    Average rotational energy       = 8.1531304e-21
    Average vibrational energy      = 4.631930725e-24
    Average electronic energy       = 0
    Total energy                    = 0.001736088918

Stage 1.0  ExecutionTime = 71.4 s  ClockTime = 41 s  Iteration 160 (0.96 s)

Time = 1.128808312e-05

    Collision global reduction skipped (rank 0 local diagnostics)
    Collisions                      = 118763
    Collision candidates           = 239619
    Collision acceptance rate      = 0.4956326502

    Number of DSMC particles        = 1697811
    Number of stuck particles       = 0
    Number of free particles        = 1697811
    Average linear kinetic energy   = 1.634807884e-19
    Average rotational energy       = 8.631644245e-21
    Average vibrational energy      = 5.085740709e-24
    Average electronic energy       = 0
    Total energy                    = 0.001753338096

Stage 1.0  ExecutionTime = 77.03 s  ClockTime = 45 s  Iteration 170 (0.88 s)

Time = 1.195208801e-05

    Collision global reduction skipped (rank 0 local diagnostics)
    Collisions                      = 124969
    Collision candidates           = 251533
    Collision acceptance rate      = 0.4968294419

    Number of DSMC particles        = 1719173
    Number of stuck particles       = 0
    Number of free particles        = 1719173
    Average linear kinetic energy   = 1.625005047e-19
    Average rotational energy       = 9.08170151e-21
    Average vibrational energy      = 5.972577542e-24
    Average electronic energy       = 0
    Total energy                    = 0.001769938585

Stage 1.0  ExecutionTime = 82.83 s  ClockTime = 45 s  Iteration 180 (0.8 s)

Time = 1.26160929e-05

    Collision global reduction skipped (rank 0 local diagnostics)
    Collisions                      = 129768
    Collision candidates           = 262501
    Collision acceptance rate      = 0.4943524025

    Number of DSMC particles        = 1740599
    Number of stuck particles       = 0
    Number of free particles        = 1740599
    Average linear kinetic energy   = 1.61528843e-19
    Average rotational energy       = 9.546331922e-21
    Average vibrational energy      = 6.722213097e-24
    Average electronic energy       = 0
    Total energy                    = 0.001786709875

Stage 1.0  ExecutionTime = 89.13 s  ClockTime = 49 s  Iteration 190 (0.92 s)

Time = 1.328009779e-05

    Collision global reduction skipped (rank 0 local diagnostics)
    Collisions                      = 134349
    Collision candidates           = 271740
    Collision acceptance rate      = 0.4944027379

    Number of DSMC particles        = 1761945
    Number of stuck particles       = 0
    Number of free particles        = 1761945
    Average linear kinetic energy   = 1.606492808e-19
    Average rotational energy       = 9.965028386e-21
    Average vibrational energy      = 7.869080867e-24
    Average electronic energy       = 0
    Total energy                    = 0.001803761364

Stage 1.0  ExecutionTime = 95.25 s  ClockTime = 52 s  Iteration 200 (0.83 s)

Time = 1.394410268e-05

    Collision global reduction skipped (rank 0 local diagnostics)
    Collisions                      = 139050
    Collision candidates           = 281172
    Collision acceptance rate      = 0.4945371516

    Number of DSMC particles        = 1782545
    Number of stuck particles       = 0
    Number of free particles        = 1782545
    Average linear kinetic energy   = 1.597962544e-19
    Average rotational energy       = 1.037565634e-20
    Average vibrational energy      = 9.015947461e-24
    Average electronic energy       = 0
    Total energy                    = 0.00182013096

Stage 1.0  ExecutionTime = 101.48 s  ClockTime = 55 s  Iteration 210 (0.78 s)

Time = 1.460810757e-05

    Collision global reduction skipped (rank 0 local diagnostics)
    Collisions                      = 143447
    Collision candidates           = 291312
    Collision acceptance rate      = 0.4924170649

    Number of DSMC particles        = 1802994
    Number of stuck particles       = 0
    Number of free particles        = 1802994
    Average linear kinetic energy   = 1.589293274e-19
    Average rotational energy       = 1.08073756e-20
    Average vibrational energy      = 9.465708171e-24
    Average electronic energy       = 0
    Total energy                    = 0.001836307943

Stage 1.0  ExecutionTime = 107.85 s  ClockTime = 59 s  Iteration 220 (0.7 s)

Time = 1.527211246e-05

    Collision global reduction skipped (rank 0 local diagnostics)
    Collisions                      = 148175
    Collision candidates           = 300438
    Collision acceptance rate      = 0.4931965996

    Number of DSMC particles        = 1823500
    Number of stuck particles       = 0
    Number of free particles        = 1823500
    Average linear kinetic energy   = 1.581169219e-19
    Average rotational energy       = 1.120890082e-20
    Average vibrational energy      = 1.1261546e-23
    Average electronic energy       = 0
    Total energy                    = 0.001852717039

Stage 1.0  ExecutionTime = 114.36 s  ClockTime = 62 s  Iteration 230 (0.64 s)

Time = 1.593611735e-05

    Collision global reduction skipped (rank 0 local diagnostics)
    Collisions                      = 152347
    Collision candidates           = 308912
    Collision acceptance rate      = 0.493172813

    Number of DSMC particles        = 1843623
    Number of stuck particles       = 0
    Number of free particles        = 1843623
    Average linear kinetic energy   = 1.57347899e-19
    Average rotational energy       = 1.159023416e-20
    Average vibrational energy      = 1.267468217e-23
    Average electronic energy       = 0
    Total energy                    = 0.001868889571

Stage 1.0  ExecutionTime = 120.97 s  ClockTime = 66 s  Iteration 240 (0.7 s)

Time = 1.660012224e-05

    Collision global reduction skipped (rank 0 local diagnostics)
    Collisions                      = 155891
    Collision candidates           = 317095
    Collision acceptance rate      = 0.4916223845

    Number of DSMC particles        = 1863350
    Number of stuck particles       = 0
    Number of free particles        = 1863350
    Average linear kinetic energy   = 1.5654327e-19
    Average rotational energy       = 1.200090276e-20
    Average vibrational energy      = 1.330020116e-23
    Average electronic energy       = 0
    Total energy                    = 0.001884489404

Stage 1.0  ExecutionTime = 127.79 s  ClockTime = 70 s  Iteration 250 (0.75 s)

Time = 1.726412712e-05

    Collision global reduction skipped (rank 0 local diagnostics)
    Collisions                      = 161086
    Collision candidates           = 327275
    Collision acceptance rate      = 0.4922038041

    Number of DSMC particles        = 1883337
    Number of stuck particles       = 0
    Number of free particles        = 1883337
    Average linear kinetic energy   = 1.558086703e-19
    Average rotational energy       = 1.238122012e-20
    Average vibrational energy      = 1.45969438e-23
    Average electronic energy       = 0
    Total energy                    = 0.001900714408

Stage 1.0  ExecutionTime = 134.8 s  ClockTime = 73 s  Iteration 260 (0.72 s)

Time = 1.792813201e-05

    Collision global reduction skipped (rank 0 local diagnostics)
    Collisions                      = 165429
    Collision candidates           = 336599
    Collision acceptance rate      = 0.4914720483

    Number of DSMC particles        = 1903146
    Number of stuck particles       = 0
    Number of free particles        = 1903146
    Average linear kinetic energy   = 1.550826207e-19
    Average rotational energy       = 1.275232023e-20
    Average vibrational energy      = 1.545087817e-23
    Average electronic energy       = 0
    Total energy                    = 0.00191666281

Stage 1.0  ExecutionTime = 142.12 s  ClockTime = 77 s  Iteration 270 (0.71 s)

Time = 1.85921369e-05

    Collision global reduction skipped (rank 0 local diagnostics)
    Collisions                      = 169086
    Collision candidates           = 344327
    Collision acceptance rate      = 0.4910622751

    Number of DSMC particles        = 1922328
    Number of stuck particles       = 0
    Number of free particles        = 1922328
    Average linear kinetic energy   = 1.543845278e-19
    Average rotational energy       = 1.310618965e-20
    Average vibrational energy      = 1.734404538e-23
    Average electronic energy       = 0
    Total energy                    = 0.001932032621

Stage 1.0  ExecutionTime = 149.55 s  ClockTime = 79 s  Iteration 280 (0.74 s)

Time = 1.925614179e-05

    Collision global reduction skipped (rank 0 local diagnostics)
    Collisions                      = 172649
    Collision candidates           = 351236
    Collision acceptance rate      = 0.491546994

    Number of DSMC particles        = 1941346
    Number of stuck particles       = 0
    Number of free particles        = 1941346
    Average linear kinetic energy   = 1.537300343e-19
    Average rotational energy       = 1.342824499e-20
    Average vibrational energy      = 1.886560573e-23
    Average electronic energy       = 0
    Total energy                    = 0.001947292089

Stage 1.0  ExecutionTime = 157.18 s  ClockTime = 83 s  Iteration 290 (0.8 s)

Time = 1.992014668e-05

    Collision global reduction skipped (rank 0 local diagnostics)
    Collisions                      = 176845
    Collision candidates           = 359374
    Collision acceptance rate      = 0.4920918041


Phase C auto DLB triggered (SAR) at step 300: sar=0.2543162158 loadImbalance=1.288656179 threshold=1.5 particleMaxMin=1
Phase C auto DLB skipped near end at step 300: remainingSteps=0 minRemainingSteps=50
    Number of DSMC particles        = 1960278
    Number of stuck particles       = 0
    Number of free particles        = 1960278
    Average linear kinetic energy   = 1.530683446e-19
    Average rotational energy       = 1.376849276e-20
    Average vibrational energy      = 1.949978189e-23
    Average electronic energy       = 0
    Total energy                    = 0.001962508841

Stage 1.0  ExecutionTime = 164.85 s  ClockTime = 87 s  Iteration 300 (0.78 s)

End stage 1


DSMC solver profile summary
    solver profile steps          = 300
    move+collide wall [s]         = 86.98516531
    move only [s]                 = 64.16615597
    buildCellOccupancy [s]        = 16.16520515
    collision phase [s]           = 17.89787834
    post fields/output [s]        = 0.238774016
    total profiled [s]            = 98.46801348
    full evolve wall [s]          = 87.21180361
    move+collide cpu [s]          = 160.07
    move only cpu [s]             = 118.19
    buildCellOccupancy cpu [s]    = 29.43
    collision phase cpu [s]       = 33.06
    post fields/output cpu [s]    = 0.43
    total profiled cpu [s]        = 181.11
    full evolve cpu [s]           = 160.49
    collision localLoop max [s] = 17.87252593
    collision reduce max [s]    = 0
    collision sigmaBC max [s]   = 0.028060395
    collision total max [s]     = 17.89378676
    collision accounted max [s] = 17.89316084
    collision residual max [s]  = 0.000625913
    collision subphase max sum [s] = 17.90058632
    collision cumulative global collisions = 42359381
    collision cumulative global candidates  = 81098318
    collision cumulative acceptance        = 0.5223213261
    OpenMP enabled                = 1
    OpenMP max threads            = 2
    OpenMP move                   = 1 (static, chunk 64)
    OpenMP collision              = dynamic, chunk 8


Replicated mesh profiling summary:
    migration calls             = 33
    migration wall time [s]     = 3.683216744
    local particles (final)     = 607563
    migration wall max [s]      = 4.160461084
    migration pack max [s]      = 1.287479267
    migration local prep max [s]= 0.286090923
    migration size exchange max [s] = 2.717204535
    migration request post max [s] = 0.099597722
    migration wait max [s]      = 0.078204562
    migration deserialize max [s] = 0.236321764
    migration post max [s]      = 6.9671e-05
    migration candidate gather max [s] = 1.463e-06
    migration accounted max [s] = 4.160461084
    migration residual max [s]  = 8.881784197e-16
    updateParticleCounts max [s]= 0.16659617
    migration subphase max sum [s] = 4.704969907
    particles per rank          = min 408027 max 607563 max/min 1.489026461
    rank wall time (evolve, 300 steps): min 124.89 max 158.56 max/min 1.269597246
    Phase C auto DLB checks      = 300
    Phase C auto DLB rebalances = 2
    Phase C auto DLB triggered checks = 2
    Phase C auto DLB wall max [s]= 4.286966266
    Phase C auto DLB check max [s]= 3.903978351
    Phase C ParMETIS max [s]     = 0.150549066
    Phase C migration max [s]    = 0.276899899
    Phase C cellOwner write max [s] = 0
    Phase C post-diagnostic max [s] = 0.000416845
    Phase C auto DLB accounted max [s] = 4.331844161
    Phase C auto DLB residual max [s] = -0.044877895

Total Iterations = 300
End main

real 86.97
user 620.90
sys 24.57
