/*---------------------------------------------------------------------------*\
| =========                 |                                                 |
| \\      /  F ield         | OpenFOAM: The Open Source CFD Toolbox           |
|  \\    /   O peration     | Version:  v1706                                 |
|   \\  /    A nd           | Web:      www.OpenFOAM.com                      |
|    \\/     M anipulation  |                                                 |
\*---------------------------------------------------------------------------*/
Build  : v1706
Arch   : "LSB;label=32;scalar=64"
Exec   : dsmcFoam+
Date   : Jun 21 2026
Time   : 00:34:41
Host   : "SuperXCX-ROG"
PID    : 316763
Case   : /home/superxcx/code/OpenFoam/OF-1706/hyStrath_dlb/run/hyStrath/dsmcFoam+/xcx_test/zb-cylinder-react/omp8
nProcs : 1
sigFpe : Enabling floating point exception trapping (FOAM_SIGFPE).
fileModificationChecking : Monitoring run-time modified files using timeStampMaster (fileModificationSkew 10)
allowSystemOperations : Allowing user-supplied system call operations

// * * * * * * * * * * * * * * * * * * * * * * * * * * * * * * * * * * * * * //
Create time

Create mesh for time = 0

Selecting dynamicFvMesh dynamicRefineFvMesh

Constructing dsmcCloud 
Selecting the coordinate system model:	dsmcCartesian

Selecting the time-step model:	dsmcConstantTimeStepModel

Constant time-step model:
- time-step [sec]	6.640048894e-08

Selecting the porous measurement model:	dsmcNoPorousMediumMeasurements


Creating dsmcControllers

Creating fields: 

Selecting field: dsmcVolFields

TimeData Statistics: 
 measurement option: write
 nSamples: 1, time interval: 6.640048894e-08
 nAverages: 15060, time interval: 0.0009999913634
 total no. of sampling steps: 0
 total no. of averaging Steps: 0


Selecting field: dsmcVolFields

TimeData Statistics: 
 measurement option: write
 nSamples: 1, time interval: 6.640048894e-08
 nAverages: 15060, time interval: 0.0009999913634
 total no. of sampling steps: 0
 total no. of averaging Steps: 0


Selecting field: dsmcVolFields

TimeData Statistics: 
 measurement option: write
 nSamples: 1, time interval: 6.640048894e-08
 nAverages: 15060, time interval: 0.0009999913634
 total no. of sampling steps: 0
 total no. of averaging Steps: 0


Selecting field: dsmcVolFields

TimeData Statistics: 
 measurement option: write
 nSamples: 1, time interval: 6.640048894e-08
 nAverages: 15060, time interval: 0.0009999913634
 total no. of sampling steps: 0
 total no. of averaging Steps: 0


Selecting field: dsmcVolFields

TimeData Statistics: 
 measurement option: write
 nSamples: 1, time interval: 6.640048894e-08
 nAverages: 15060, time interval: 0.0009999913634
 total no. of sampling steps: 0
 total no. of averaging Steps: 0


Selecting field: dsmcVolFields

TimeData Statistics: 
 measurement option: write
 nSamples: 1, time interval: 6.640048894e-08
 nAverages: 15060, time interval: 0.0009999913634
 total no. of sampling steps: 0
 total no. of averaging Steps: 0


Creating the boundary models: 

Selecting dsmcPatchBoundaryModel dsmcDeletionPatch
Selecting dsmcPatchBoundaryModel dsmcDeletionPatch
Selecting dsmcPatchBoundaryModel dsmcDiffuseWallPatch
Selecting dsmcGeneralBoundaryModel dsmcFreeStreamInflowPatch
Selecting BinaryCollisionModel LarsenBorgnakkeVariableHardSphere

Creating dsmcReactions

Selecting the reaction model dissociationQK
Selecting the reaction model dissociationExchangeQK
Selecting the reaction model dissociationQK
Selecting the reaction model dissociationQK
Selecting the reaction model dissociationQK
Selecting the reaction model dissociationQK
Selecting the reaction model dissociationQK
Selecting the reaction model dissociationExchangeQK
Selecting the reaction model dissociationQK
Selecting the reaction model dissociationExchangeQK
Selecting the reaction model dissociationExchangeQK
Selecting the reaction model dissociationQK
Number of reactions created: 12

Constructing constant properties for
	N2
	O2
	NO
	N
	O
Selecting collisionPartnerSelectionModel noTimeCounter

Initialising the measurement fields

Initialising dsmcVolFields field
Initialising dsmcVolFields field
Initialising dsmcVolFields field
Initialising dsmcVolFields field
Initialising dsmcVolFields field
Initialising dsmcVolFields field

Starting time loop

Time = 6.640048894e-07

    Collisions                      = 26070
    Collision candidates           = 35052
    Collision acceptance rate      = 0.7437521397

    Number of DSMC particles        = 1330294
    Number of stuck particles       = 0
    Number of free particles        = 1330294
    Average linear kinetic energy   = 1.893567357e-19
    Average rotational energy       = 1.330460757e-21
    Average vibrational energy      = 7.024191043e-26
    Average electronic energy       = 0
    Total energy                    = 0.00152202076

Stage 1.0  ExecutionTime = 12.23 s  ClockTime = 4 s  Iteration 10 (1.03 s)

Time = 1.328009779e-06

    Collisions                      = 36341
    Collision candidates           = 54958
    Collision acceptance rate      = 0.6612504094

    Number of DSMC particles        = 1353948
    Number of stuck particles       = 0
    Number of free particles        = 1353948
    Average linear kinetic energy   = 1.866075836e-19
    Average rotational energy       = 1.566810868e-21
    Average vibrational energy      = 1.150245947e-25
    Average electronic energy       = 0
    Total energy                    = 0.001528671005

Stage 1.0  ExecutionTime = 22.68 s  ClockTime = 5 s  Iteration 20 (1.21 s)

Time = 1.992014668e-06

    Collisions                      = 46317
    Collision candidates           = 75751
    Collision acceptance rate      = 0.6114374728

    Number of DSMC particles        = 1377504
    Number of stuck particles       = 0
    Number of free particles        = 1377504
    Average linear kinetic energy   = 1.841352486e-19
    Average rotational energy       = 1.894886608e-21
    Average vibrational energy      = 1.130576173e-25
    Average electronic energy       = 0
    Total energy                    = 0.001537544467

Stage 1.0  ExecutionTime = 33.46 s  ClockTime = 7 s  Iteration 30 (1.32 s)

Time = 2.656019558e-06

    Collisions                      = 56955
    Collision candidates           = 96836
    Collision acceptance rate      = 0.5881593622

    Number of DSMC particles        = 1401043
    Number of stuck particles       = 0
    Number of free particles        = 1401043
    Average linear kinetic energy   = 1.81928919e-19
    Average rotational energy       = 2.297511286e-21
    Average vibrational energy      = 2.667795121e-25
    Average electronic energy       = 0
    Total energy                    = 0.001548657146

Stage 1.0  ExecutionTime = 45.05 s  ClockTime = 8 s  Iteration 40 (1.6 s)

Time = 3.320024447e-06

    Collisions                      = 66541
    Collision candidates           = 117351
    Collision acceptance rate      = 0.5670254195

    Number of DSMC particles        = 1424416
    Number of stuck particles       = 0
    Number of free particles        = 1424416
    Average linear kinetic energy   = 1.798834786e-19
    Average rotational energy       = 2.73860885e-21
    Average vibrational energy      = 4.154697897e-25
    Average electronic energy       = 0
    Total energy                    = 0.001560782491

Stage 1.0  ExecutionTime = 57.35 s  ClockTime = 10 s  Iteration 50 (1.47 s)

Time = 3.984029336e-06

    Collisions                      = 76421
    Collision candidates           = 137110
    Collision acceptance rate      = 0.5573699949

    Number of DSMC particles        = 1447760
    Number of stuck particles       = 0
    Number of free particles        = 1447760
    Average linear kinetic energy   = 1.779974129e-19
    Average rotational energy       = 3.233366871e-21
    Average vibrational energy      = 6.234172225e-25
    Average electronic energy       = 0
    Total energy                    = 0.001574277458

Stage 1.0  ExecutionTime = 70.17 s  ClockTime = 12 s  Iteration 60 (1.54 s)

Time = 4.648034226e-06

    Collisions                      = 86316
    Collision candidates           = 157630
    Collision acceptance rate      = 0.5475861194

    Number of DSMC particles        = 1471176
    Number of stuck particles       = 0
    Number of free particles        = 1471176
    Average linear kinetic energy   = 1.7622393e-19
    Average rotational energy       = 3.74598118e-21
    Average vibrational energy      = 6.663021239e-25
    Average electronic energy       = 0
    Total energy                    = 0.001588610366

Stage 1.0  ExecutionTime = 83.3 s  ClockTime = 13 s  Iteration 70 (1.64 s)

Time = 5.312039115e-06

    Collisions                      = 95410
    Collision candidates           = 176648
    Collision acceptance rate      = 0.5401136724

    Number of DSMC particles        = 1494422
    Number of stuck particles       = 0
    Number of free particles        = 1494422
    Average linear kinetic energy   = 1.745874381e-19
    Average rotational energy       = 4.250819125e-21
    Average vibrational energy      = 7.910535016e-25
    Average electronic energy       = 0
    Total energy                    = 0.001603566049

Stage 1.0  ExecutionTime = 96.22 s  ClockTime = 15 s  Iteration 80 (1.75 s)

Time = 5.976044005e-06

    Collisions                      = 103536
    Collision candidates           = 194420
    Collision acceptance rate      = 0.5325378048

    Number of DSMC particles        = 1517750
    Number of stuck particles       = 0
    Number of free particles        = 1517750
    Average linear kinetic energy   = 1.73042953e-19
    Average rotational energy       = 4.77475014e-21
    Average vibrational energy      = 9.942590305e-25
    Average electronic energy       = 0
    Total energy                    = 0.001619305968

Stage 1.0  ExecutionTime = 110.01 s  ClockTime = 17 s  Iteration 90 (1.76 s)

Time = 6.640048894e-06

    Collisions                      = 112246
    Collision candidates           = 211867
    Collision acceptance rate      = 0.5297946353

    Number of DSMC particles        = 1540774
    Number of stuck particles       = 0
    Number of free particles        = 1540774
    Average linear kinetic energy   = 1.71626918e-19
    Average rotational energy       = 5.291268669e-21
    Average vibrational energy      = 1.080711988e-24
    Average electronic energy       = 0
    Total energy                    = 0.001635555644

Stage 1.0  ExecutionTime = 123.72 s  ClockTime = 19 s  Iteration 100 (1.84 s)

Time = 7.304053783e-06

    Collisions                      = 120683
    Collision candidates           = 229110
    Collision acceptance rate      = 0.5267469774

    Number of DSMC particles        = 1563685
    Number of stuck particles       = 0
    Number of free particles        = 1563685
    Average linear kinetic energy   = 1.70242688e-19
    Average rotational energy       = 5.82055901e-21
    Average vibrational energy      = 1.393201083e-24
    Average electronic energy       = 0
    Total energy                    = 0.001651857821

Stage 1.0  ExecutionTime = 137.98 s  ClockTime = 21 s  Iteration 110 (1.98 s)

Time = 7.968058673e-06

    Collisions                      = 128616
    Collision candidates           = 245846
    Collision acceptance rate      = 0.5231567729

    Number of DSMC particles        = 1586648
    Number of stuck particles       = 0
    Number of free particles        = 1586648
    Average linear kinetic energy   = 1.689419924e-19
    Average rotational energy       = 6.345454111e-21
    Average vibrational energy      = 2.039586307e-24
    Average electronic energy       = 0
    Total energy                    = 0.001668736275

Stage 1.0  ExecutionTime = 152.78 s  ClockTime = 23 s  Iteration 120 (2.05 s)

Time = 8.632063562e-06

    Collisions                      = 134915
    Collision candidates           = 259986
    Collision acceptance rate      = 0.5189317886

    Number of DSMC particles        = 1608928
    Number of stuck particles       = 0
    Number of free particles        = 1608928
    Average linear kinetic energy   = 1.677180737e-19
    Average rotational energy       = 6.84180584e-21
    Average vibrational energy      = 2.301729782e-24
    Average electronic energy       = 0
    Total energy                    = 0.001685147887

Stage 1.0  ExecutionTime = 167.54 s  ClockTime = 22 s  Iteration 130 (2.09 s)

Time = 9.296068452e-06

    Collisions                      = 143026
    Collision candidates           = 275355
    Collision acceptance rate      = 0.5194240163

    Number of DSMC particles        = 1631584
    Number of stuck particles       = 0
    Number of free particles        = 1631584
    Average linear kinetic energy   = 1.665580271e-19
    Average rotational energy       = 7.348739711e-21
    Average vibrational energy      = 2.946264573e-24
    Average electronic energy       = 0
    Total energy                    = 0.001702489832

Stage 1.0  ExecutionTime = 183.61 s  ClockTime = 25 s  Iteration 140 (2.2 s)

Time = 9.960073341e-06

    Collisions                      = 150222
    Collision candidates           = 290628
    Collision acceptance rate      = 0.5168875676

    Number of DSMC particles        = 1653702
    Number of stuck particles       = 0
    Number of free particles        = 1653702
    Average linear kinetic energy   = 1.654317581e-19
    Average rotational energy       = 7.852579549e-21
    Average vibrational energy      = 4.035872928e-24
    Average electronic energy       = 0
    Total energy                    = 0.001719403979

Stage 1.0  ExecutionTime = 199.08 s  ClockTime = 27 s  Iteration 150 (2.26 s)

Time = 1.062407823e-05

    Collisions                      = 157332
    Collision candidates           = 305049
    Collision acceptance rate      = 0.5157597632

    Number of DSMC particles        = 1675627
    Number of stuck particles       = 0
    Number of free particles        = 1675627
    Average linear kinetic energy   = 1.643755836e-19
    Average rotational energy       = 8.336888387e-21
    Average vibrational energy      = 4.818478198e-24
    Average electronic energy       = 0
    Total energy                    = 0.001736458532

Stage 1.0  ExecutionTime = 215.17 s  ClockTime = 29 s  Iteration 160 (2.34 s)

Time = 1.128808312e-05

    Collisions                      = 164670
    Collision candidates           = 319500
    Collision acceptance rate      = 0.515399061

    Number of DSMC particles        = 1697439
    Number of stuck particles       = 0
    Number of free particles        = 1697439
    Average linear kinetic energy   = 1.633771903e-19
    Average rotational energy       = 8.790040964e-21
    Average vibrational energy      = 5.444568307e-24
    Average electronic energy       = 0
    Total energy                    = 0.001753515688

Stage 1.0  ExecutionTime = 231.17 s  ClockTime = 31 s  Iteration 170 (2.37 s)

Time = 1.195208801e-05

    Collisions                      = 170652
    Collision candidates           = 333616
    Collision acceptance rate      = 0.5115222291

    Number of DSMC particles        = 1719053
    Number of stuck particles       = 0
    Number of free particles        = 1719053
    Average linear kinetic energy   = 1.623825946e-19
    Average rotational energy       = 9.259051932e-21
    Average vibrational energy      = 7.130937786e-24
    Average electronic energy       = 0
    Total energy                    = 0.001770440075

Stage 1.0  ExecutionTime = 247.48 s  ClockTime = 33 s  Iteration 180 (2.43 s)

Time = 1.26160929e-05

    Collisions                      = 177554
    Collision candidates           = 346134
    Collision acceptance rate      = 0.5129631877

    Number of DSMC particles        = 1740311
    Number of stuck particles       = 0
    Number of free particles        = 1740311
    Average linear kinetic energy   = 1.614578374e-19
    Average rotational energy       = 9.707568642e-21
    Average vibrational energy      = 7.481603271e-24
    Average electronic energy       = 0
    Total energy                    = 0.001787364356

Stage 1.0  ExecutionTime = 264.41 s  ClockTime = 35 s  Iteration 190 (2.49 s)

Time = 1.328009779e-05

    Collisions                      = 184332
    Collision candidates           = 359635
    Collision acceptance rate      = 0.5125530051

    Number of DSMC particles        = 1761607
    Number of stuck particles       = 0
    Number of free particles        = 1761607
    Average linear kinetic energy   = 1.605451086e-19
    Average rotational energy       = 1.01632773e-20
    Average vibrational energy      = 7.780350355e-24
    Average electronic energy       = 0
    Total energy                    = 0.001804408761

Stage 1.0  ExecutionTime = 281.22 s  ClockTime = 38 s  Iteration 200 (2.6 s)

Time = 1.394410268e-05

    Collisions                      = 191163
    Collision candidates           = 373425
    Collision acceptance rate      = 0.5119180558

    Number of DSMC particles        = 1782351
    Number of stuck particles       = 0
    Number of free particles        = 1782351
    Average linear kinetic energy   = 1.596804578e-19
    Average rotational energy       = 1.058841742e-20
    Average vibrational energy      = 8.30123916e-24
    Average electronic energy       = 0
    Total energy                    = 0.001820962175

Stage 1.0  ExecutionTime = 298.37 s  ClockTime = 40 s  Iteration 210 (2.74 s)

Time = 1.460810757e-05

    Collisions                      = 196308
    Collision candidates           = 385789
    Collision acceptance rate      = 0.5088481009

    Number of DSMC particles        = 1802676
    Number of stuck particles       = 0
    Number of free particles        = 1802676
    Average linear kinetic energy   = 1.588672678e-19
    Average rotational energy       = 1.096975547e-20
    Average vibrational energy      = 9.537288326e-24
    Average electronic energy       = 0
    Total energy                    = 0.00183706991

Stage 1.0  ExecutionTime = 316.34 s  ClockTime = 42 s  Iteration 220 (2.78 s)

Time = 1.527211246e-05

    Collisions                      = 202249
    Collision candidates           = 398109
    Collision acceptance rate      = 0.5080241843

    Number of DSMC particles        = 1822715
    Number of stuck particles       = 0
    Number of free particles        = 1822715
    Average linear kinetic energy   = 1.580331542e-19
    Average rotational energy       = 1.140321453e-20
    Average vibrational energy      = 1.090871925e-23
    Average electronic energy       = 0
    Total energy                    = 0.001853124565

Stage 1.0  ExecutionTime = 334.34 s  ClockTime = 45 s  Iteration 230 (3.08 s)

Time = 1.593611735e-05

    Collisions                      = 208241
    Collision candidates           = 409425
    Collision acceptance rate      = 0.508618184

    Number of DSMC particles        = 1842764
    Number of stuck particles       = 0
    Number of free particles        = 1842764
    Average linear kinetic energy   = 1.572653958e-19
    Average rotational energy       = 1.178774666e-20
    Average vibrational energy      = 1.17528966e-23
    Average electronic energy       = 0
    Total energy                    = 0.001869280217

Stage 1.0  ExecutionTime = 353.79 s  ClockTime = 48 s  Iteration 240 (3.13 s)

Time = 1.660012224e-05

    Collisions                      = 214142
    Collision candidates           = 421686
    Collision acceptance rate      = 0.5078233567

    Number of DSMC particles        = 1862492
    Number of stuck particles       = 0
    Number of free particles        = 1862492
    Average linear kinetic energy   = 1.564836158e-19
    Average rotational energy       = 1.218662683e-20
    Average vibrational energy      = 1.319810701e-23
    Average electronic energy       = 0
    Total energy                    = 0.001885029353

Stage 1.0  ExecutionTime = 372.2 s  ClockTime = 50 s  Iteration 250 (2.97 s)

Time = 1.726412712e-05

    Collisions                      = 220149
    Collision candidates           = 432942
    Collision acceptance rate      = 0.5084953643

    Number of DSMC particles        = 1881970
    Number of stuck particles       = 0
    Number of free particles        = 1881970
    Average linear kinetic energy   = 1.557244955e-19
    Average rotational energy       = 1.25889358e-20
    Average vibrational energy      = 1.422004134e-23
    Average electronic energy       = 0
    Total energy                    = 0.00190072554

Stage 1.0  ExecutionTime = 391.08 s  ClockTime = 53 s  Iteration 260 (3.19 s)

Time = 1.792813201e-05

    Collisions                      = 225647
    Collision candidates           = 444210
    Collision acceptance rate      = 0.5079737061

    Number of DSMC particles        = 1901561
    Number of stuck particles       = 0
    Number of free particles        = 1901561
    Average linear kinetic energy   = 1.550206018e-19
    Average rotational energy       = 1.294045583e-20
    Average vibrational energy      = 1.564393627e-23
    Average electronic energy       = 0
    Total energy                    = 0.001916507668

Stage 1.0  ExecutionTime = 410.66 s  ClockTime = 53 s  Iteration 270 (3.32 s)

Time = 1.85921369e-05

    Collisions                      = 231057
    Collision candidates           = 456143
    Collision acceptance rate      = 0.5065450966

    Number of DSMC particles        = 1920552
    Number of stuck particles       = 0
    Number of free particles        = 1920552
    Average linear kinetic energy   = 1.54287729e-19
    Average rotational energy       = 1.332543782e-20
    Average vibrational energy      = 1.631486573e-23
    Average electronic energy       = 0
    Total energy                    = 0.001931646818

Stage 1.0  ExecutionTime = 432.91 s  ClockTime = 56 s  Iteration 280 (3.27 s)

Time = 1.925614179e-05

    Collisions                      = 236544
    Collision candidates           = 467436
    Collision acceptance rate      = 0.5060457474

    Number of DSMC particles        = 1938912
    Number of stuck particles       = 0
    Number of free particles        = 1938912
    Average linear kinetic energy   = 1.536171365e-19
    Average rotational energy       = 1.3650462e-20
    Average vibrational energy      = 1.720382219e-23
    Average electronic energy       = 0
    Total energy                    = 0.001946103063

Stage 1.0  ExecutionTime = 455.55 s  ClockTime = 59 s  Iteration 290 (3.24 s)

Time = 1.992014668e-05

    Collisions                      = 242195
    Collision candidates           = 478360
    Collision acceptance rate      = 0.5063027845

    Number of DSMC particles        = 1957583
    Number of stuck particles       = 0
    Number of free particles        = 1957583
    Average linear kinetic energy   = 1.529131836e-19
    Average rotational energy       = 1.402234354e-20
    Average vibrational energy      = 1.884354651e-23
    Average electronic energy       = 0
    Total energy                    = 0.001960962227

Stage 1.0  ExecutionTime = 481.71 s  ClockTime = 62 s  Iteration 300 (3.47 s)

End stage 1


DSMC solver profile summary
    solver profile steps          = 300
    move+collide wall [s]         = 61.29934534
    move only [s]                 = 45.08331369
    buildCellOccupancy [s]        = 4.971559196
    collision phase [s]           = 10.02457803
    post fields/output [s]        = 0.203385628
    total profiled [s]            = 60.28283654
    full evolve wall [s]          = 61.5042231
    move+collide cpu [s]          = 452.53
    move only cpu [s]             = 332.9
    buildCellOccupancy cpu [s]    = 36.24
    collision phase cpu [s]       = 73.94
    post fields/output cpu [s]    = 1.64
    total profiled cpu [s]        = 444.72
    full evolve cpu [s]           = 454.18
    collision localLoop max [s] = 9.999680847
    collision reduce max [s]    = 0.000575934
    collision sigmaBC max [s]   = 0.017939132
    collision total max [s]     = 10.01877189
    collision accounted max [s] = 10.01819591
    collision residual max [s]  = 0.000575974
    collision subphase max sum [s] = 10.01819591
    collision cumulative global collisions = 43027783
    collision cumulative global candidates  = 82794803
    collision cumulative acceptance        = 0.5196918338
    OpenMP enabled                = 1
    OpenMP max threads            = 8
    OpenMP move                   = 1 (static, chunk 64)
    OpenMP collision              = dynamic, chunk 8

Total Iterations = 300
End main

real 63.31
user 479.21
sys 2.88
