case=zb
mode=MPI8_collision_load_300step
np=8
OMP_NUM_THREADS=1
case_dir=/tmp/zb_mpi8_detail_smoke_20260612_806629
controlDict=/home/superxcx/code/OpenFoam/OF-1706/hyStrath_dlb/doc/worklog/v2506/detail_mix/mpi8_collision_detail_load_20260612/controlDicts/zb_mpi8_collision_load_300step_controlDict_run_20260612
source_state=local dirty tree with noTimeCounter rank candidate instrumentation
start=2026-06-12T01:17:06+08:00
/*---------------------------------------------------------------------------*\
| =========                 |                                                 |
| \\      /  F ield         | OpenFOAM: The Open Source CFD Toolbox           |
|  \\    /   O peration     | Version:  v1706                                 |
|   \\  /    A nd           | Web:      www.OpenFOAM.com                      |
|    \\/     M anipulation  |                                                 |
\*---------------------------------------------------------------------------*/
Build  : v1706
Arch   : "LSB;label=32;scalar=64"
Exec   : dsmcFoam+ -case /tmp/zb_mpi8_detail_smoke_20260612_806629
Date   : Jun 12 2026
Time   : 01:17:06
Host   : "SuperXCX-ROG"
PID    : 828238
/*---------------------------------------------------------------------------*\
| =========                 |                                                 |
| \\      /  F ield         | OpenFOAM: The Open Source CFD Toolbox           |
|  \\    /   O peration     | Version:  v1706                                 |
|   \\  /    A nd           | Web:      www.OpenFOAM.com                      |
|    \\/     M anipulation  |                                                 |
\*---------------------------------------------------------------------------*/
Build  : v1706
Arch   : "LSB;label=32;scalar=64"
Exec   : dsmcFoam+ -case /tmp/zb_mpi8_detail_smoke_20260612_806629
Date   : Jun 12 2026
Time   : 01:17:06
Host   : "SuperXCX-ROG"
PID    : 828239
/*---------------------------------------------------------------------------*\
| =========                 |                                                 |
| \\      /  F ield         | OpenFOAM: The Open Source CFD Toolbox           |
|  \\    /   O peration     | Version:  v1706                                 |
|   \\  /    A nd           | Web:      www.OpenFOAM.com                      |
|    \\/     M anipulation  |                                                 |
\*---------------------------------------------------------------------------*/
Build  : v1706
Arch   : "LSB;label=32;scalar=64"
Exec   : dsmcFoam+ -case /tmp/zb_mpi8_detail_smoke_20260612_806629
Date   : Jun 12 2026
Time   : 01:17:06
Host   : "SuperXCX-ROG"
PID    : 828241
/*---------------------------------------------------------------------------*\
| =========                 |                                                 |
| \\      /  F ield         | OpenFOAM: The Open Source CFD Toolbox           |
|  \\    /   O peration     | Version:  v1706                                 |
|   \\  /    A nd           | Web:      www.OpenFOAM.com                      |
|    \\/     M anipulation  |                                                 |
\*---------------------------------------------------------------------------*/
Build  : v1706
Arch   : "LSB;label=32;scalar=64"
Exec   : dsmcFoam+ -case /tmp/zb_mpi8_detail_smoke_20260612_806629
Date   : Jun 12 2026
Time   : 01:17:06
Host   : "SuperXCX-ROG"
PID    : 828242
/*---------------------------------------------------------------------------*\
| =========                 |                                                 |
| \\      /  F ield         | OpenFOAM: The Open Source CFD Toolbox           |
|  \\    /   O peration     | Version:  v1706                                 |
|   \\  /    A nd           | Web:      www.OpenFOAM.com                      |
|    \\/     M anipulation  |                                                 |
\*---------------------------------------------------------------------------*/
Build  : v1706
Arch   : "LSB;label=32;scalar=64"
Exec   : dsmcFoam+ -case /tmp/zb_mpi8_detail_smoke_20260612_806629
Date   : Jun 12 2026
Time   : 01:17:06
Host   : "SuperXCX-ROG"
PID    : 828244
/*---------------------------------------------------------------------------*\
| =========                 |                                                 |
| \\      /  F ield         | OpenFOAM: The Open Source CFD Toolbox           |
|  \\    /   O peration     | Version:  v1706                                 |
|   \\  /    A nd           | Web:      www.OpenFOAM.com                      |
|    \\/     M anipulation  |                                                 |
\*---------------------------------------------------------------------------*/
Build  : v1706
Arch   : "LSB;label=32;scalar=64"
Exec   : dsmcFoam+ -case /tmp/zb_mpi8_detail_smoke_20260612_806629
Date   : Jun 12 2026
Time   : 01:17:06
Host   : "SuperXCX-ROG"
PID    : 828245
/*---------------------------------------------------------------------------*\
| =========                 |                                                 |
| \\      /  F ield         | OpenFOAM: The Open Source CFD Toolbox           |
|  \\    /   O peration     | Version:  v1706                                 |
|   \\  /    A nd           | Web:      www.OpenFOAM.com                      |
|    \\/     M anipulation  |                                                 |
\*---------------------------------------------------------------------------*/
Build  : v1706
Arch   : "LSB;label=32;scalar=64"
Exec   : dsmcFoam+ -case /tmp/zb_mpi8_detail_smoke_20260612_806629
Date   : Jun 12 2026
Time   : 01:17:06
Host   : "SuperXCX-ROG"
PID    : 828243
Case   : /tmp/zb_mpi8_detail_smoke_20260612_806629
nProcs : 1
sigFpe : Enabling floating point exception trapping (FOAM_SIGFPE).
fileModificationChecking : Monitoring run-time modified files using timeStampMaster (fileModificationSkew 10)
allowSystemOperations : Allowing user-supplied system call operations

Case   : /tmp/zb_mpi8_detail_smoke_20260612_806629
nProcs : 1
sigFpe : Enabling floating point exception trapping (FOAM_SIGFPE).
fileModificationChecking : Monitoring run-time modified files using timeStampMaster (fileModificationSkew 10)
allowSystemOperations : Allowing user-supplied system call operations

// * * * * * * * * * * * * * * * * * * * * * * * * * * * * * * * * * * * * * //
Create time

Case   : /tmp/zb_mpi8_detail_smoke_20260612_806629
nProcs : 1
sigFpe : Enabling floating point exception trapping (FOAM_SIGFPE).
fileModificationChecking : Monitoring run-time modified files using timeStampMaster (fileModificationSkew 10)
allowSystemOperations : Allowing user-supplied system call operations

// * * * * * * * * * * * * * * * * * * * * * * * * * * * * * * * * * * * * * //
Create time

Case   : /tmp/zb_mpi8_detail_smoke_20260612_806629
nProcs : 1
sigFpe : Enabling floating point exception trapping (FOAM_SIGFPE).
fileModificationChecking : Monitoring run-time modified files using timeStampMaster (fileModificationSkew 10)
allowSystemOperations : Allowing user-supplied system call operations

// * * * * * * * * * * * * * * * * * * * * * * * * * * * * * * * * * * * * * //
Create time

Case   : /tmp/zb_mpi8_detail_smoke_20260612_806629
nProcs : 1
sigFpe : Enabling floating point exception trapping (FOAM_SIGFPE).
fileModificationChecking : Monitoring run-time modified files using timeStampMaster (fileModificationSkew 10)
allowSystemOperations : Allowing user-supplied system call operations

// * * * * * * * * * * * * * * * * * * * * * * * * * * * * * * * * * * * * * //
Create time

Case   : /tmp/zb_mpi8_detail_smoke_20260612_806629
nProcs : 1
sigFpe : Enabling floating point exception trapping (FOAM_SIGFPE).
Case   : /tmp/zb_mpi8_detail_smoke_20260612_806629
nProcs : 1
sigFpe : Enabling floating point exception trapping (FOAM_SIGFPE).
fileModificationChecking : Monitoring run-time modified files using timeStampMaster (fileModificationSkew 10)
allowSystemOperations : Allowing user-supplied system call operations

// * * * * * * * * * * * * * * * * * * * * * * * * * * * * * * * * * * * * * //
Create time

// * * * * * * * * * * * * * * * * * * * * * * * * * * * * * * * * * * * * * //
Create time

fileModificationChecking : Monitoring run-time modified files using timeStampMaster (fileModificationSkew 10)
allowSystemOperations : Allowing user-supplied system call operations

// * * * * * * * * * * * * * * * * * * * * * * * * * * * * * * * * * * * * * //
Create time

/*---------------------------------------------------------------------------*\
| =========                 |                                                 |
| \\      /  F ield         | OpenFOAM: The Open Source CFD Toolbox           |
|  \\    /   O peration     | Version:  v1706                                 |
|   \\  /    A nd           | Web:      www.OpenFOAM.com                      |
|    \\/     M anipulation  |                                                 |
\*---------------------------------------------------------------------------*/
Build  : v1706
Arch   : "LSB;label=32;scalar=64"
Exec   : dsmcFoam+ -case /tmp/zb_mpi8_detail_smoke_20260612_806629
Date   : Jun 12 2026
Time   : 01:17:06
Host   : "SuperXCX-ROG"
PID    : 828240
Create mesh for time = 0

Create mesh for time = 0

Create mesh for time = 0

Create mesh for time = 0

Create mesh for time = 0

Create mesh for time = 0

Create mesh for time = 0

Case   : /tmp/zb_mpi8_detail_smoke_20260612_806629
nProcs : 1
sigFpe : Enabling floating point exception trapping (FOAM_SIGFPE).
Selecting dynamicFvMesh dynamicRefineFvMesh
Selecting dynamicFvMesh dynamicRefineFvMesh
Selecting dynamicFvMesh dynamicRefineFvMesh
Selecting dynamicFvMesh dynamicRefineFvMesh
fileModificationChecking : Monitoring run-time modified files using timeStampMaster (fileModificationSkew 10)
allowSystemOperations : Allowing user-supplied system call operations

// * * * * * * * * * * * * * * * * * * * * * * * * * * * * * * * * * * * * * //
Create time

Selecting dynamicFvMesh dynamicRefineFvMesh
Selecting dynamicFvMesh dynamicRefineFvMesh
Selecting dynamicFvMesh dynamicRefineFvMesh
Create mesh for time = 0

Selecting dynamicFvMesh dynamicRefineFvMesh

Constructing dsmcCloud 

Constructing dsmcCloud 

Constructing dsmcCloud 

Constructing dsmcCloud 

Constructing dsmcCloud 

Constructing dsmcCloud 

Constructing dsmcCloud 

Constructing dsmcCloud 
Selecting the coordinate system model:	dsmcCartesian

Selecting the time-step model:	dsmcConstantTimeStepModel

Constant time-step model:
- time-step [sec]	6.640048894e-08

Selecting the porous measurement model:	dsmcNoPorousMediumMeasurements


Creating dsmcControllers

Creating fields: 

Selecting field: dsmcVolFields

TimeData Statistics: 
 measurement option: write
 nSamples: 1, time interval: 6.640048894e-08
 nAverages: 15060, time interval: 0.0009999913634
 total no. of sampling steps: 0
 total no. of averaging Steps: 0


Selecting the coordinate system model:	dsmcCartesian

Selecting the time-step model:	dsmcConstantTimeStepModel

Constant time-step model:
- time-step [sec]	6.640048894e-08

Selecting the porous measurement model:	dsmcNoPorousMediumMeasurements


Creating dsmcControllers

Creating fields: 

Selecting field: dsmcVolFields

TimeData Statistics: 
 measurement option: write
 nSamples: 1, time interval: 6.640048894e-08
 nAverages: 15060, time interval: 0.0009999913634
 total no. of sampling steps: 0
 total no. of averaging Steps: 0


Selecting the coordinate system model:	dsmcCartesian

Selecting the time-step model:	dsmcConstantTimeStepModel

Constant time-step model:
- time-step [sec]	6.640048894e-08

Selecting the porous measurement model:	dsmcNoPorousMediumMeasurements

Selecting the coordinate system model:	dsmcCartesian

Selecting the time-step model:	dsmcConstantTimeStepModel

Constant time-step model:
- time-step [sec]	6.640048894e-08

Selecting the porous measurement model:	dsmcNoPorousMediumMeasurements


Creating dsmcControllers

Creating fields: 

Selecting field: dsmcVolFields

TimeData Statistics: 
 measurement option: write
 nSamples: 1, time interval: 6.640048894e-08
 nAverages: 15060, time interval: 0.0009999913634
 total no. of sampling steps: 0
 total no. of averaging Steps: 0



Creating dsmcControllers

Creating fields: 

Selecting field: dsmcVolFields

TimeData Statistics: 
 measurement option: write
 nSamples: 1, time interval: 6.640048894e-08
 nAverages: 15060, time interval: 0.0009999913634
 total no. of sampling steps: 0
 total no. of averaging Steps: 0


Selecting the coordinate system model:	dsmcCartesian

Selecting the time-step model:	dsmcConstantTimeStepModel

Constant time-step model:
- time-step [sec]	6.640048894e-08

Selecting the porous measurement model:	dsmcNoPorousMediumMeasurements


Creating dsmcControllers

Creating fields: 

Selecting field: dsmcVolFields

TimeData Statistics: 
 measurement option: write
 nSamples: 1, time interval: 6.640048894e-08
 nAverages: 15060, time interval: 0.0009999913634
 total no. of sampling steps: 0
 total no. of averaging Steps: 0


Selecting field: dsmcVolFields

TimeData Statistics: 
 measurement option: write
 nSamples: 1, time interval: 6.640048894e-08
 nAverages: 15060, time interval: 0.0009999913634
 total no. of sampling steps: 0
 total no. of averaging Steps: 0


Selecting the coordinate system model:	dsmcCartesian

Selecting the time-step model:	dsmcConstantTimeStepModel

Constant time-step model:
- time-step [sec]	6.640048894e-08

Selecting the porous measurement model:	dsmcNoPorousMediumMeasurements

Selecting field: dsmcVolFields

TimeData Statistics: 
 measurement option: write
 nSamples: 1, time interval: 6.640048894e-08
 nAverages: 15060, time interval: 0.0009999913634
 total no. of sampling steps: 0
 total no. of averaging Steps: 0



Creating dsmcControllers

Creating fields: 

Selecting field: dsmcVolFields

TimeData Statistics: 
 measurement option: write
 nSamples: 1, time interval: 6.640048894e-08
 nAverages: 15060, time interval: 0.0009999913634
 total no. of sampling steps: 0
 total no. of averaging Steps: 0


Selecting field: dsmcVolFields

TimeData Statistics: 
 measurement option: write
 nSamples: 1, time interval: 6.640048894e-08
 nAverages: 15060, time interval: 0.0009999913634
 total no. of sampling steps: 0
 total no. of averaging Steps: 0


Selecting the coordinate system model:	dsmcCartesian

Selecting the time-step model:	dsmcConstantTimeStepModel

Constant time-step model:
- time-step [sec]	6.640048894e-08

Selecting the porous measurement model:	dsmcNoPorousMediumMeasurements

Selecting field: dsmcVolFields

TimeData Statistics: 
 measurement option: write
 nSamples: 1, time interval: 6.640048894e-08
 nAverages: 15060, time interval: 0.0009999913634
 total no. of sampling steps: 0
 total no. of averaging Steps: 0



Creating dsmcControllers

Creating fields: 

Selecting field: dsmcVolFields

TimeData Statistics: 
 measurement option: write
 nSamples: 1, time interval: 6.640048894e-08
 nAverages: 15060, time interval: 0.0009999913634
 total no. of sampling steps: 0
 total no. of averaging Steps: 0


Selecting field: dsmcVolFields

TimeData Statistics: 
 measurement option: write
 nSamples: 1, time interval: 6.640048894e-08
 nAverages: 15060, time interval: 0.0009999913634
 total no. of sampling steps: 0
 total no. of averaging Steps: 0


Selecting the coordinate system model:	dsmcCartesian

Selecting the time-step model:	dsmcConstantTimeStepModel

Constant time-step model:
- time-step [sec]	6.640048894e-08

Selecting the porous measurement model:	dsmcNoPorousMediumMeasurements

Selecting field: dsmcVolFields

TimeData Statistics: 
 measurement option: write
 nSamples: 1, time interval: 6.640048894e-08
 nAverages: 15060, time interval: 0.0009999913634
 total no. of sampling steps: 0
 total no. of averaging Steps: 0



Creating dsmcControllers

Creating fields: 

Selecting field: dsmcVolFields

TimeData Statistics: 
 measurement option: write
 nSamples: 1, time interval: 6.640048894e-08
 nAverages: 15060, time interval: 0.0009999913634
 total no. of sampling steps: 0
 total no. of averaging Steps: 0


Selecting field: dsmcVolFields

TimeData Statistics: 
 measurement option: write
 nSamples: 1, time interval: 6.640048894e-08
 nAverages: 15060, time interval: 0.0009999913634
 total no. of sampling steps: 0
 total no. of averaging Steps: 0


Selecting field: dsmcVolFields

TimeData Statistics: 
 measurement option: write
 nSamples: 1, time interval: 6.640048894e-08
 nAverages: 15060, time interval: 0.0009999913634
 total no. of sampling steps: 0
 total no. of averaging Steps: 0


Selecting field: dsmcVolFields

TimeData Statistics: 
 measurement option: write
 nSamples: 1, time interval: 6.640048894e-08
 nAverages: 15060, time interval: 0.0009999913634
 total no. of sampling steps: 0
 total no. of averaging Steps: 0


Selecting field: dsmcVolFields

TimeData Statistics: 
 measurement option: write
 nSamples: 1, time interval: 6.640048894e-08
 nAverages: 15060, time interval: 0.0009999913634
 total no. of sampling steps: 0
 total no. of averaging Steps: 0


Selecting field: dsmcVolFields

TimeData Statistics: 
 measurement option: write
 nSamples: 1, time interval: 6.640048894e-08
 nAverages: 15060, time interval: 0.0009999913634
 total no. of sampling steps: 0
 total no. of averaging Steps: 0


Selecting field: dsmcVolFields

TimeData Statistics: 
 measurement option: write
 nSamples: 1, time interval: 6.640048894e-08
 nAverages: 15060, time interval: 0.0009999913634
 total no. of sampling steps: 0
 total no. of averaging Steps: 0


Selecting field: dsmcVolFields

TimeData Statistics: 
 measurement option: write
 nSamples: 1, time interval: 6.640048894e-08
 nAverages: 15060, time interval: 0.0009999913634
 total no. of sampling steps: 0
 total no. of averaging Steps: 0


Selecting field: dsmcVolFields

TimeData Statistics: 
 measurement option: write
 nSamples: 1, time interval: 6.640048894e-08
 nAverages: 15060, time interval: 0.0009999913634
 total no. of sampling steps: 0
 total no. of averaging Steps: 0


Selecting field: dsmcVolFields

TimeData Statistics: 
 measurement option: write
 nSamples: 1, time interval: 6.640048894e-08
 nAverages: 15060, time interval: 0.0009999913634
 total no. of sampling steps: 0
 total no. of averaging Steps: 0


Selecting field: dsmcVolFields

TimeData Statistics: 
 measurement option: write
 nSamples: 1, time interval: 6.640048894e-08
 nAverages: 15060, time interval: 0.0009999913634
 total no. of sampling steps: 0
 total no. of averaging Steps: 0


Selecting field: dsmcVolFields

TimeData Statistics: 
 measurement option: write
 nSamples: 1, time interval: 6.640048894e-08
 nAverages: 15060, time interval: 0.0009999913634
 total no. of sampling steps: 0
 total no. of averaging Steps: 0


Selecting field: dsmcVolFields

TimeData Statistics: 
 measurement option: write
 nSamples: 1, time interval: 6.640048894e-08
 nAverages: 15060, time interval: 0.0009999913634
 total no. of sampling steps: 0
 total no. of averaging Steps: 0


Selecting field: dsmcVolFields

TimeData Statistics: 
 measurement option: write
 nSamples: 1, time interval: 6.640048894e-08
 nAverages: 15060, time interval: 0.0009999913634
 total no. of sampling steps: 0
 total no. of averaging Steps: 0


Selecting field: dsmcVolFields

TimeData Statistics: 
 measurement option: write
 nSamples: 1, time interval: 6.640048894e-08
 nAverages: 15060, time interval: 0.0009999913634
 total no. of sampling steps: 0
 total no. of averaging Steps: 0


Selecting field: dsmcVolFields

TimeData Statistics: 
 measurement option: write
 nSamples: 1, time interval: 6.640048894e-08
 nAverages: 15060, time interval: 0.0009999913634
 total no. of sampling steps: 0
 total no. of averaging Steps: 0


Selecting field: dsmcVolFields

TimeData Statistics: 
 measurement option: write
 nSamples: 1, time interval: 6.640048894e-08
 nAverages: 15060, time interval: 0.0009999913634
 total no. of sampling steps: 0
 total no. of averaging Steps: 0


Selecting field: dsmcVolFields

TimeData Statistics: 
 measurement option: write
 nSamples: 1, time interval: 6.640048894e-08
 nAverages: 15060, time interval: 0.0009999913634
 total no. of sampling steps: 0
 total no. of averaging Steps: 0


Selecting field: dsmcVolFields

TimeData Statistics: 
 measurement option: write
 nSamples: 1, time interval: 6.640048894e-08
 nAverages: 15060, time interval: 0.0009999913634
 total no. of sampling steps: 0
 total no. of averaging Steps: 0


Selecting field: dsmcVolFields

TimeData Statistics: 
 measurement option: write
 nSamples: 1, time interval: 6.640048894e-08
 nAverages: 15060, time interval: 0.0009999913634
 total no. of sampling steps: 0
 total no. of averaging Steps: 0


Selecting field: dsmcVolFields

TimeData Statistics: 
 measurement option: write
 nSamples: 1, time interval: 6.640048894e-08
 nAverages: 15060, time interval: 0.0009999913634
 total no. of sampling steps: 0
 total no. of averaging Steps: 0


Selecting field: dsmcVolFields

TimeData Statistics: 
 measurement option: write
 nSamples: 1, time interval: 6.640048894e-08
 nAverages: 15060, time interval: 0.0009999913634
 total no. of sampling steps: 0
 total no. of averaging Steps: 0


Selecting field: dsmcVolFields

TimeData Statistics: 
 measurement option: write
 nSamples: 1, time interval: 6.640048894e-08
 nAverages: 15060, time interval: 0.0009999913634
 total no. of sampling steps: 0
 total no. of averaging Steps: 0


Selecting field: dsmcVolFields

TimeData Statistics: 
 measurement option: write
 nSamples: 1, time interval: 6.640048894e-08
 nAverages: 15060, time interval: 0.0009999913634
 total no. of sampling steps: 0
 total no. of averaging Steps: 0


Selecting field: dsmcVolFields

TimeData Statistics: 
 measurement option: write
 nSamples: 1, time interval: 6.640048894e-08
 nAverages: 15060, time interval: 0.0009999913634
 total no. of sampling steps: 0
 total no. of averaging Steps: 0


Selecting field: dsmcVolFields

TimeData Statistics: 
 measurement option: write
 nSamples: 1, time interval: 6.640048894e-08
 nAverages: 15060, time interval: 0.0009999913634
 total no. of sampling steps: 0
 total no. of averaging Steps: 0


Selecting field: dsmcVolFields

TimeData Statistics: 
 measurement option: write
 nSamples: 1, time interval: 6.640048894e-08
 nAverages: 15060, time interval: 0.0009999913634
Selecting field: dsmcVolFields
 total no. of sampling steps: 0
 total no. of averaging Steps: 0



TimeData Statistics: 
 measurement option: write
 nSamples: 1, time interval: 6.640048894e-08
 nAverages: 15060, time interval: 0.0009999913634
 total no. of sampling steps: 0
 total no. of averaging Steps: 0


Selecting field: dsmcVolFields

TimeData Statistics: 
 measurement option: write
 nSamples: 1, time interval: 6.640048894e-08
 nAverages: 15060, time interval: 0.0009999913634
 total no. of sampling steps: 0
 total no. of averaging Steps: 0


Selecting field: dsmcVolFields

TimeData Statistics: 
 measurement option: write
 nSamples: 1, time interval: 6.640048894e-08
 nAverages: 15060, time interval: 0.0009999913634
 total no. of sampling steps: 0
 total no. of averaging Steps: 0


Selecting field: dsmcVolFields

TimeData Statistics: 
 measurement option: write
 nSamples: 1, time interval: 6.640048894e-08
 nAverages: 15060, time interval: 0.0009999913634
 total no. of sampling steps: 0
 total no. of averaging Steps: 0


Creating the boundary models: 

Selecting dsmcPatchBoundaryModel dsmcDeletionPatch
Selecting dsmcPatchBoundaryModel dsmcDeletionPatch
Selecting dsmcPatchBoundaryModel dsmcDiffuseWallPatch
Selecting dsmcGeneralBoundaryModel dsmcFreeStreamInflowPatch
Selecting field: dsmcVolFields

TimeData Statistics: 
 measurement option: write
 nSamples: 1, time interval: 6.640048894e-08
 nAverages: 15060, time interval: 0.0009999913634
 total no. of sampling steps: 0
 total no. of averaging Steps: 0


Creating the boundary models: 

Selecting dsmcPatchBoundaryModel dsmcDeletionPatch
Selecting dsmcPatchBoundaryModel dsmcDeletionPatch
Selecting dsmcPatchBoundaryModel dsmcDiffuseWallPatch
Selecting dsmcGeneralBoundaryModel dsmcFreeStreamInflowPatch
Selecting BinaryCollisionModel LarsenBorgnakkeVariableHardSphere

Creating dsmcReactions

Selecting the reaction model dissociationQK
Selecting the reaction model dissociationExchangeQK
Selecting the reaction model dissociationQK
Selecting the reaction model dissociationQK
Selecting the reaction model dissociationQK
Selecting the reaction model dissociationQK
Selecting the reaction model dissociationQK
Selecting the reaction model dissociationExchangeQK
Selecting the reaction model dissociationQK
Selecting the reaction model dissociationExchangeQK
Selecting the reaction model dissociationExchangeQK
Selecting the reaction model dissociationQK
Number of reactions created: 12
Selecting field: dsmcVolFields

TimeData Statistics: 
 measurement option: write
 nSamples: 1, time interval: 6.640048894e-08
 nAverages: 15060, time interval: 0.0009999913634
 total no. of sampling steps: 0
 total no. of averaging Steps: 0


Creating the boundary models: 

Selecting dsmcPatchBoundaryModel dsmcDeletionPatch
Selecting dsmcPatchBoundaryModel dsmcDeletionPatch
Selecting dsmcPatchBoundaryModel dsmcDiffuseWallPatch
Selecting dsmcGeneralBoundaryModel dsmcFreeStreamInflowPatch
Selecting BinaryCollisionModel LarsenBorgnakkeVariableHardSphere

Creating dsmcReactions

Selecting the reaction model dissociationQK
Selecting the reaction model dissociationExchangeQK
Selecting the reaction model dissociationQK
Selecting the reaction model dissociationQK
Selecting the reaction model dissociationQK
Selecting the reaction model dissociationQK
Selecting the reaction model dissociationQK
Selecting the reaction model dissociationExchangeQK
Selecting the reaction model dissociationQK
Selecting the reaction model dissociationExchangeQK
Selecting the reaction model dissociationExchangeQK
Selecting the reaction model dissociationQK
Number of reactions created: 12
Creating the boundary models: 

Selecting dsmcPatchBoundaryModel dsmcDeletionPatch
Selecting dsmcPatchBoundaryModel dsmcDeletionPatch
Selecting dsmcPatchBoundaryModel dsmcDiffuseWallPatch
Selecting dsmcGeneralBoundaryModel dsmcFreeStreamInflowPatch
Selecting BinaryCollisionModel LarsenBorgnakkeVariableHardSphere

Creating dsmcReactions

Selecting the reaction model dissociationQK
Selecting the reaction model dissociationExchangeQK
Selecting the reaction model dissociationQK
Selecting the reaction model dissociationQK
Selecting the reaction model dissociationQK
Selecting the reaction model dissociationQK
Selecting the reaction model dissociationQK
Selecting the reaction model dissociationExchangeQK
Selecting the reaction model dissociationQK
Selecting the reaction model dissociationExchangeQK
Selecting the reaction model dissociationExchangeQK
Selecting the reaction model dissociationQK
Number of reactions created: 12
Creating the boundary models: 

Selecting dsmcPatchBoundaryModel dsmcDeletionPatch
Selecting dsmcPatchBoundaryModel dsmcDeletionPatch
Selecting dsmcPatchBoundaryModel dsmcDiffuseWallPatch
Selecting dsmcGeneralBoundaryModel dsmcFreeStreamInflowPatch
Selecting field: dsmcVolFields

TimeData Statistics: 
 measurement option: write
 nSamples: 1, time interval: 6.640048894e-08
 nAverages: 15060, time interval: 0.0009999913634
 total no. of sampling steps: 0
 total no. of averaging Steps: 0


Selecting BinaryCollisionModel LarsenBorgnakkeVariableHardSphere

Creating dsmcReactions

Selecting the reaction model dissociationQK
Selecting the reaction model dissociationExchangeQK
Selecting the reaction model dissociationQK
Selecting the reaction model dissociationQK
Selecting the reaction model dissociationQK
Selecting the reaction model dissociationQK
Selecting the reaction model dissociationQK
Selecting the reaction model dissociationExchangeQK
Selecting the reaction model dissociationQK
Selecting the reaction model dissociationExchangeQK
Selecting the reaction model dissociationExchangeQK
Selecting the reaction model dissociationQK
Number of reactions created: 12
Selecting BinaryCollisionModel LarsenBorgnakkeVariableHardSphere

Creating dsmcReactions

Selecting the reaction model dissociationQK
Selecting the reaction model dissociationExchangeQK
Selecting the reaction model dissociationQK
Selecting the reaction model dissociationQK
Selecting the reaction model dissociationQK
Selecting the reaction model dissociationQK
Selecting the reaction model dissociationQK
Selecting the reaction model dissociationExchangeQK
Selecting the reaction model dissociationQK
Selecting the reaction model dissociationExchangeQK
Selecting the reaction model dissociationExchangeQK
Selecting the reaction model dissociationQK
Number of reactions created: 12
Selecting field: dsmcVolFields

TimeData Statistics: 
 measurement option: write
 nSamples: 1, time interval: 6.640048894e-08
 nAverages: 15060, time interval: 0.0009999913634
 total no. of sampling steps: 0
 total no. of averaging Steps: 0


Creating the boundary models: 

Selecting dsmcPatchBoundaryModel dsmcDeletionPatch
Selecting dsmcPatchBoundaryModel dsmcDeletionPatch
Selecting dsmcPatchBoundaryModel dsmcDiffuseWallPatch
Selecting dsmcGeneralBoundaryModel dsmcFreeStreamInflowPatch
Selecting BinaryCollisionModel LarsenBorgnakkeVariableHardSphere

Creating dsmcReactions

Selecting the reaction model dissociationQK
Selecting the reaction model dissociationExchangeQK
Selecting the reaction model dissociationQK
Selecting the reaction model dissociationQK
Selecting the reaction model dissociationQK
Selecting the reaction model dissociationQK
Selecting the reaction model dissociationQK
Selecting the reaction model dissociationExchangeQK
Selecting the reaction model dissociationQK
Selecting the reaction model dissociationExchangeQK
Selecting the reaction model dissociationExchangeQK
Selecting the reaction model dissociationQK
Number of reactions created: 12
Creating the boundary models: 

Selecting dsmcPatchBoundaryModel dsmcDeletionPatch
Selecting dsmcPatchBoundaryModel dsmcDeletionPatch
Selecting dsmcPatchBoundaryModel dsmcDiffuseWallPatch
Selecting dsmcGeneralBoundaryModel dsmcFreeStreamInflowPatch
Selecting BinaryCollisionModel LarsenBorgnakkeVariableHardSphere

Creating dsmcReactions

Selecting the reaction model dissociationQK
Selecting the reaction model dissociationExchangeQK
Selecting the reaction model dissociationQK
Selecting the reaction model dissociationQK
Selecting the reaction model dissociationQK
Selecting the reaction model dissociationQK
Selecting the reaction model dissociationQK
Selecting the reaction model dissociationExchangeQK
Selecting the reaction model dissociationQK
Selecting the reaction model dissociationExchangeQK
Selecting the reaction model dissociationExchangeQK
Selecting the reaction model dissociationQK
Number of reactions created: 12
Creating the boundary models: 

Selecting dsmcPatchBoundaryModel dsmcDeletionPatch
Selecting dsmcPatchBoundaryModel dsmcDeletionPatch
Selecting dsmcPatchBoundaryModel dsmcDiffuseWallPatch
Selecting dsmcGeneralBoundaryModel dsmcFreeStreamInflowPatch
Selecting BinaryCollisionModel LarsenBorgnakkeVariableHardSphere

Creating dsmcReactions

Selecting the reaction model dissociationQK
Selecting the reaction model dissociationExchangeQK
Selecting the reaction model dissociationQK
Selecting the reaction model dissociationQK
Selecting the reaction model dissociationQK
Selecting the reaction model dissociationQK
Selecting the reaction model dissociationQK
Selecting the reaction model dissociationExchangeQK
Selecting the reaction model dissociationQK
Selecting the reaction model dissociationExchangeQK
Selecting the reaction model dissociationExchangeQK
Selecting the reaction model dissociationQK
Number of reactions created: 12

Constructing constant properties for
	N2
	O2
	NO
	N
	O

Constructing constant properties for
	N2
	O2
	NO
	N
	O

Constructing constant properties for
	N2
	O2
	NO
	N
	O

Constructing constant properties for
	N2
	O2
	NO
	N
	O

Constructing constant properties for
	N2

Constructing constant properties for
	O2
	NO
	N
	O
	N2
	O2
	NO
	N
	O

Constructing constant properties for

Constructing constant properties for
	N2
	O2
	NO
	N
	O
	N2
	O2
	NO
	N
	O
Selecting collisionPartnerSelectionModel noTimeCounter

Initialising the measurement fields

Initialising dsmcVolFields field
Initialising dsmcVolFields field
Initialising dsmcVolFields field
Initialising dsmcVolFields field
Initialising dsmcVolFields field
Initialising dsmcVolFields field
Selecting collisionPartnerSelectionModel noTimeCounter

Initialising the measurement fields

Initialising dsmcVolFields field
Initialising dsmcVolFields field
Initialising dsmcVolFields field
Initialising dsmcVolFields field
Initialising dsmcVolFields field
Initialising dsmcVolFields field
Selecting collisionPartnerSelectionModel noTimeCounter

Initialising the measurement fields

Initialising dsmcVolFields field
Selecting collisionPartnerSelectionModel noTimeCounter

Initialising the measurement fields

Initialising dsmcVolFields field
Initialising dsmcVolFields field
Selecting collisionPartnerSelectionModel noTimeCounter

Initialising the measurement fields

Initialising dsmcVolFields field
Initialising dsmcVolFields field
Initialising dsmcVolFields field
Selecting collisionPartnerSelectionModel noTimeCounter

Initialising the measurement fields

Initialising dsmcVolFields field
Initialising dsmcVolFields field
Initialising dsmcVolFields field
Initialising dsmcVolFields field
Initialising dsmcVolFields field
Initialising dsmcVolFields field
Initialising dsmcVolFields field
Initialising dsmcVolFields field
Selecting collisionPartnerSelectionModel noTimeCounter

Initialising the measurement fields

Initialising dsmcVolFields field
Initialising dsmcVolFields field
Initialising dsmcVolFields field
Initialising dsmcVolFields field
Initialising dsmcVolFields field
Initialising dsmcVolFields field
Initialising dsmcVolFields field
Initialising dsmcVolFields field
Initialising dsmcVolFields field
Initialising dsmcVolFields field
Initialising dsmcVolFields field
Initialising dsmcVolFields field
Initialising dsmcVolFields field
Initialising dsmcVolFields field
Initialising dsmcVolFields field
Selecting collisionPartnerSelectionModel noTimeCounter

Initialising the measurement fields

Initialising dsmcVolFields field
Initialising dsmcVolFields field
Initialising dsmcVolFields field
Initialising dsmcVolFields field
Initialising dsmcVolFields field
Initialising dsmcVolFields field
Initialising dsmcVolFields field
Replicated mesh: METIS decomposition complete, 60000 cells -> 8 ranks
Replicated mesh: rank 0 owns 7384 / 60000 cells
Local mesh: 7384 owned + 356 halo = 7740 / 60000 cells
Replicated mesh: no-Alltoall async migration enabled
Replicated mesh: flatTransfer=1 found=1
Replicated mesh: flat POD transfer enabled
Replicated mesh: writeMode=gathered
Phase C auto DLB: enabled (ParMETIS AdaptiveRepart), imbalanceThreshold=1.5, dlbSteps=50, sarSteps=10, triggerMode=legacyWindow, minGapSteps=50, checkCollective=allgather, skipFixedKPostDiag=0
Replicated mesh: initialized with 8 MPI ranks, migrate interval 10

Starting time loop

Replicated mesh: initial particle distribution

Replicated mesh: rank 0 kept 257861 parcels, deleted 1051233 non-owned parcels
Replicated mesh migration[2]: rank 0 sent 2231 parcels, received 1062 (global 18915) wall 0.01569144s [pack 0.000252224s MPI 0.010749832s deser 0.000887822s]
Time = 6.640048894e-07

    Replicated mesh collision detail by rank:
        rank localColl localCand cumColl cumCand localAcc cumAcc
        rank0 4015 5140 34886 41023 0.7811284047 0.8504009946
        rank1 3123 3911 27858 32038 0.7985170033 0.8695299332
        rank2 1519 1811 14125 15352 0.8387631143 0.9200755602
        rank3 2596 3135 21276 23813 0.8280701754 0.8934615546
        rank4 1439 1648 12689 13696 0.8731796117 0.9264748832
        rank5 4622 7844 24451 37590 0.5892401836 0.6504655493
        rank6 2517 3091 21695 24494 0.8142995794 0.8857271168
        rank7 3598 5116 24148 30838 0.7032838155 0.7830598612
        local candidates max/min      = 4.759708738
        cumulative candidates max/min = 2.995254089
        global collisions/candidates  = 23429 / 31696
    Collisions                      = 23429
    Collision candidates           = 31696
    Collision acceptance rate      = 0.7391784452

    Number of DSMC particles        = 1330259
    Number of stuck particles       = 0
    Number of free particles        = 1330259
    Average linear kinetic energy   = 1.893375419e-19
    Average rotational energy       = 1.322636229e-21
    Average vibrational energy      = 7.024375855e-26
    Average electronic energy       = 0
    Total energy                    = 0.001521765068

Stage 1.0  ExecutionTime = 6.32 s  ClockTime = 8 s  Iteration 10 (0.15 s)

Replicated mesh migration[3]: rank 0 sent 18452 parcels, received 7050 (global 163054) wall 0.038177295s [pack 0.001318596s MPI 0.028728105s deser 0.002961702s]
Time = 1.328009779e-06

    Replicated mesh collision detail by rank:
        rank localColl localCand cumColl cumCand localAcc cumAcc
        rank0 4173 5638 76741 96545 0.7401560837 0.7948728572
        rank1 3301 4400 61903 76447 0.7502272727 0.8097505461
        rank2 1668 2145 32839 38449 0.7776223776 0.8540924341
        rank3 2717 3550 48299 58097 0.7653521127 0.8313510164
        rank4 1483 1877 29528 34268 0.7900905701 0.8616785339
        rank5 10883 19664 105855 180156 0.5534479251 0.5875741024
        rank6 2588 3408 48918 59270 0.7593896714 0.8253416568
        rank7 6267 9901 77452 112160 0.632966367 0.6905492154
        local candidates max/min      = 10.47629196
        cumulative candidates max/min = 5.257266254
        global collisions/candidates  = 33080 / 50583
    Collisions                      = 33080
    Collision candidates           = 50583
    Collision acceptance rate      = 0.6539746555

    Number of DSMC particles        = 1353864
    Number of stuck particles       = 0
    Number of free particles        = 1353864
    Average linear kinetic energy   = 1.865761615e-19
    Average rotational energy       = 1.551083936e-21
    Average vibrational energy      = 1.380380777e-25
    Average electronic energy       = 0
    Total energy                    = 0.001528193352

Stage 1.0  ExecutionTime = 7.75 s  ClockTime = 9 s  Iteration 20 (0.16 s)

Replicated mesh migration[4]: rank 0 sent 18495 parcels, received 7001 (global 163723) wall 0.049828137s [pack 0.001274589s MPI 0.037053942s deser 0.004265981s]
Time = 1.992014668e-06

    Replicated mesh collision detail by rank:
        rank localColl localCand cumColl cumCand localAcc cumAcc
        rank0 4160 5935 118848 155138 0.700926706 0.7660792327
        rank1 3241 4526 96601 123727 0.7160848431 0.7807592522
        rank2 1760 2309 52252 63757 0.7622347337 0.819549226
        rank3 2750 3753 75573 94803 0.7327471356 0.7971583178
        rank4 1501 1970 47119 56888 0.761928934 0.8282766137
        rank5 18219 33602 255744 453782 0.5421998691 0.5635833947
        rank6 2597 3580 76468 96659 0.7254189944 0.7911110191
        rank7 8939 14923 158421 244164 0.5990082423 0.6488302944
        local candidates max/min      = 17.05685279
        cumulative candidates max/min = 7.976761356
        global collisions/candidates  = 43167 / 70598
    Collisions                      = 43167
    Collision candidates           = 70598
    Collision acceptance rate      = 0.6114479164

    Number of DSMC particles        = 1377477
    Number of stuck particles       = 0
    Number of free particles        = 1377477
    Average linear kinetic energy   = 1.84112179e-19
    Average rotational energy       = 1.86418664e-21
    Average vibrational energy      = 1.808957333e-25
    Average electronic energy       = 0
    Total energy                    = 0.001537070493

Stage 1.0  ExecutionTime = 9.27 s  ClockTime = 8 s  Iteration 30 (0.17 s)

Replicated mesh migration[5]: rank 0 sent 18316 parcels, received 7055 (global 163981) wall 0.054407153s [pack 0.001733588s MPI 0.040601753s deser 0.002925477s]
Time = 2.656019558e-06

    Replicated mesh collision detail by rank:
        rank localColl localCand cumColl cumCand localAcc cumAcc
        rank0 4164 6055 160775 215516 0.6876961189 0.746000297
        rank1 3226 4607 131332 172516 0.7002387671 0.7612743166
        rank2 1754 2372 71881 90131 0.739460371 0.7975169476
        rank3 2741 3785 103185 132703 0.7241743725 0.7775634311
        rank4 1523 2063 64785 80531 0.7382452739 0.8044728117
        rank5 25634 48715 479350 873370 0.5262034281 0.5488510024
        rank6 2627 3652 104280 135272 0.7193318729 0.7708912414
        rank7 11460 19762 266125 426834 0.5799008198 0.6234859454
        local candidates max/min      = 23.61366941
        cumulative candidates max/min = 10.84514038
        global collisions/candidates  = 53129 / 91011
    Collisions                      = 53129
    Collision candidates           = 91011
    Collision acceptance rate      = 0.5837645999

    Number of DSMC particles        = 1400994
    Number of stuck particles       = 0
    Number of free particles        = 1400994
    Average linear kinetic energy   = 1.819036191e-19
    Average rotational energy       = 2.243531496e-21
    Average vibrational energy      = 1.778592285e-25
    Average electronic energy       = 0
    Total energy                    = 0.001547935814

Stage 1.0  ExecutionTime = 10.85 s  ClockTime = 10 s  Iteration 40 (0.17 s)

Replicated mesh migration[6]: rank 0 sent 18361 parcels, received 7145 (global 163998) wall 0.028813543s [pack 0.002128775s MPI 0.009794408s deser 0.004987874s]
Time = 3.320024447e-06

    Replicated mesh collision detail by rank:
        rank localColl localCand cumColl cumCand localAcc cumAcc
        rank0 4172 6150 202808 276972 0.6783739837 0.7322328611
        rank1 3321 4799 166046 222246 0.6920191707 0.7471270574
        rank2 1691 2383 91497 117178 0.7096097356 0.7808376999
        rank3 2764 3901 130591 171379 0.7085362728 0.7620011787
        rank4 1570 2157 82706 104960 0.7278627724 0.787976372
        rank5 32476 62531 777117 1442889 0.5193583982 0.5385840491
        rank6 2603 3768 132119 174737 0.6908174098 0.7561020276
        rank7 14099 24866 401335 661810 0.5669991153 0.6064202717
        local candidates max/min      = 28.98980065
        cumulative candidates max/min = 13.74703697
        global collisions/candidates  = 62696 / 110555
    Collisions                      = 62696
    Collision candidates           = 110555
    Collision acceptance rate      = 0.5671023472

    Number of DSMC particles        = 1424437
    Number of stuck particles       = 0
    Number of free particles        = 1424437
    Average linear kinetic energy   = 1.798774982e-19
    Average rotational energy       = 2.67406444e-21
    Average vibrational energy      = 2.186650866e-25
    Average electronic energy       = 0
    Total energy                    = 0.00156020107

Stage 1.0  ExecutionTime = 12.51 s  ClockTime = 12 s  Iteration 50 (0.18 s)

Replicated mesh migration[7]: rank 0 sent 18574 parcels, received 6971 (global 164900) wall 0.031350741s [pack 0.00222372s MPI 0.010352441s deser 0.004660761s]
Time = 3.984029336e-06

    Replicated mesh collision detail by rank:
        rank localColl localCand cumColl cumCand localAcc cumAcc
        rank0 4183 6247 244962 339220 0.6696014087 0.7221331289
        rank1 3281 4840 200620 272832 0.677892562 0.7353243021
        rank2 1697 2470 111104 144783 0.6870445344 0.767382911
        rank3 2778 3970 158214 210675 0.6997481108 0.7509861161
        rank4 1559 2147 100471 129721 0.726129483 0.7745160768
        rank5 39499 77319 1143778 2151984 0.5108576159 0.5314993048
        rank6 2609 3815 160089 214951 0.6838794233 0.7447697382
        rank7 16737 30382 564127 952380 0.5508853927 0.5923339423
        local candidates max/min      = 36.01257569
        cumulative candidates max/min = 16.58932632
        global collisions/candidates  = 72343 / 131190
    Collisions                      = 72343
    Collision candidates           = 131190
    Collision acceptance rate      = 0.5514368473

    Number of DSMC particles        = 1447703
    Number of stuck particles       = 0
    Number of free particles        = 1447703
    Average linear kinetic energy   = 1.779613325e-19
    Average rotational energy       = 3.151412012e-21
    Average vibrational energy      = 2.366660178e-25
    Average electronic energy       = 0
    Total energy                    = 0.001573186837

Stage 1.0  ExecutionTime = 14.28 s  ClockTime = 14 s  Iteration 60 (0.21 s)

Replicated mesh migration[8]: rank 0 sent 18524 parcels, received 7006 (global 164875) wall 0.042971781s [pack 0.002048664s MPI 0.021379591s deser 0.004137721s]
Time = 4.648034226e-06

    Replicated mesh collision detail by rank:
        rank localColl localCand cumColl cumCand localAcc cumAcc
        rank0 4160 6262 287158 402046 0.664324497 0.7142416539
        rank1 3299 4829 235553 323994 0.6831642162 0.7270288956
        rank2 1723 2454 130952 172717 0.7021189894 0.7581882501
        rank3 2753 3936 185747 250465 0.6994410569 0.741608608
        rank4 1535 2161 118295 154863 0.7103192966 0.7638687098
        rank5 45965 90170 1578123 3000874 0.5097593435 0.5258877914
        rank6 2639 3890 187980 255562 0.6784061697 0.7355553643
        rank7 19491 35647 754522 1297766 0.54677813 0.5814006531
        local candidates max/min      = 41.72605275
        cumulative candidates max/min = 19.37760472
        global collisions/candidates  = 81565 / 149349
    Collisions                      = 81565
    Collision candidates           = 149349
    Collision acceptance rate      = 0.5461369008

    Number of DSMC particles        = 1471268
    Number of stuck particles       = 0
    Number of free particles        = 1471268
    Average linear kinetic energy   = 1.76228927e-19
    Average rotational energy       = 3.637968615e-21
    Average vibrational energy      = 3.491910865e-25
    Average electronic energy       = 0
    Total energy                    = 0.001587797529

Stage 1.0  ExecutionTime = 16.1 s  ClockTime = 16 s  Iteration 70 (0.2 s)

Replicated mesh migration[9]: rank 0 sent 18259 parcels, received 6973 (global 164623) wall 0.032907918s [pack 0.002798163s MPI 0.007923279s deser 0.003588671s]
Time = 5.312039115e-06

    Replicated mesh collision detail by rank:
        rank localColl localCand cumColl cumCand localAcc cumAcc
        rank0 4150 6281 329502 465486 0.6607228148 0.7078666168
        rank1 3291 4880 270412 375695 0.6743852459 0.7197647028
        rank2 1767 2506 150756 200901 0.7051077414 0.7503994505
        rank3 2751 3979 213420 290755 0.6913797437 0.7340200512
        rank4 1474 2181 136202 180356 0.6758367721 0.7551841913
        rank5 52293 103169 2074677 3977272 0.506867373 0.5216331697
        rank6 2628 3879 215767 296520 0.6774941995 0.7276642385
        rank7 22126 40935 972623 1697917 0.5405154513 0.5728330655
        local candidates max/min      = 47.30353049
        cumulative candidates max/min = 22.05234093
        global collisions/candidates  = 90480 / 167810
    Collisions                      = 90480
    Collision candidates           = 167810
    Collision acceptance rate      = 0.5391812169

    Number of DSMC particles        = 1494529
    Number of stuck particles       = 0
    Number of free particles        = 1494529
    Average linear kinetic energy   = 1.745985372e-19
    Average rotational energy       = 4.137121351e-21
    Average vibrational energy      = 5.830673436e-25
    Average electronic energy       = 0
    Total energy                    = 0.001602758978

Stage 1.0  ExecutionTime = 17.97 s  ClockTime = 18 s  Iteration 80 (0.2 s)

Replicated mesh migration[10]: rank 0 sent 18326 parcels, received 7086 (global 165539) wall 0.057326567s [pack 0.002941677s MPI 0.029424078s deser 0.00472681s]
Time = 5.976044005e-06

    Replicated mesh collision detail by rank:
        rank localColl localCand cumColl cumCand localAcc cumAcc
        rank0 4108 6296 371665 529338 0.6524777637 0.7021317192
        rank1 3300 4957 305228 427734 0.665725237 0.7135930274
        rank2 1780 2542 170526 229360 0.7002360346 0.7434862225
        rank3 2739 4088 240979 331328 0.6700097847 0.7273125121
        rank4 1472 2165 154202 206198 0.6799076212 0.7478346056
        rank5 58064 115442 2631671 5082737 0.502971189 0.5177665104
        rank6 2684 3949 243566 337812 0.6796657382 0.7210105029
        rank7 24860 46027 1217709 2151357 0.540117757 0.5660190289
        local candidates max/min      = 53.32193995
        cumulative candidates max/min = 24.64978807
        global collisions/candidates  = 99007 / 185466
    Collisions                      = 99007
    Collision candidates           = 185466
    Collision acceptance rate      = 0.5338283028

    Number of DSMC particles        = 1517891
    Number of stuck particles       = 0
    Number of free particles        = 1517891
    Average linear kinetic energy   = 1.730730414e-19
    Average rotational energy       = 4.64242556e-21
    Average vibrational energy      = 1.158091975e-24
    Average electronic energy       = 0
    Total energy                    = 0.001618526794

Stage 1.0  ExecutionTime = 19.92 s  ClockTime = 20 s  Iteration 90 (0.22 s)

Replicated mesh migration[11]: rank 0 sent 18697 parcels, received 6980 (global 166087) wall 0.043195956s [pack 0.002809481s MPI 0.007774171s deser 0.007007608s]
Time = 6.640048894e-06

    Replicated mesh collision detail by rank:
        rank localColl localCand cumColl cumCand localAcc cumAcc
        rank0 4115 6391 413846 593629 0.6438741981 0.6971458605
        rank1 3301 4908 340041 480019 0.6725753871 0.7083907095
        rank2 1739 2562 190173 258127 0.6787665886 0.7367419913
        rank3 2735 4103 268466 372208 0.6665854253 0.7212794996
        rank4 1554 2262 172128 232384 0.6870026525 0.7407050399
        rank5 63895 127035 3245015 6303250 0.502971622 0.5148161663
        rank6 2566 3921 271556 379479 0.6544248916 0.7156021809
        rank7 27409 51258 1489634 2657879 0.5347262866 0.5604596748
        local candidates max/min      = 56.16047745
        cumulative candidates max/min = 27.12428567
        global collisions/candidates  = 107314 / 202440
    Collisions                      = 107314
    Collision candidates           = 202440
    Collision acceptance rate      = 0.5301027465

    Number of DSMC particles        = 1540722
    Number of stuck particles       = 0
    Number of free particles        = 1540722
    Average linear kinetic energy   = 1.716277495e-19
    Average rotational energy       = 5.157552236e-21
    Average vibrational energy      = 1.394448238e-24
    Average electronic energy       = 0
    Total energy                    = 0.001634274913

Stage 1.0  ExecutionTime = 21.91 s  ClockTime = 22 s  Iteration 100 (0.21 s)

Replicated mesh migration[12]: rank 0 sent 18270 parcels, received 7113 (global 166059) wall 0.044456758s [pack 0.003683736s MPI 0.006813078s deser 0.006455118s]
Time = 7.304053783e-06

    Replicated mesh collision detail by rank:
        rank localColl localCand cumColl cumCand localAcc cumAcc
        rank0 4190 6420 456011 658275 0.6526479751 0.6927363184
        rank1 3276 4999 374749 532817 0.6553310662 0.7033352915
        rank2 1786 2593 210015 287019 0.6887774778 0.7317111411
        rank3 2709 4113 295937 413342 0.658643326 0.7159616008
        rank4 1549 2295 190272 258801 0.6749455338 0.7352058145
        rank5 68775 138319 3912335 7640691 0.4972201939 0.5120394216
        rank6 2602 3972 299596 421628 0.6550855992 0.7105695068
        rank7 29920 56330 1788584 3216111 0.5311556897 0.5561325464
        local candidates max/min      = 60.26971678
        cumulative candidates max/min = 29.52342147
        global collisions/candidates  = 114807 / 219041
    Collisions                      = 114807
    Collision candidates           = 219041
    Collision acceptance rate      = 0.524134751

    Number of DSMC particles        = 1563774
    Number of stuck particles       = 0
    Number of free particles        = 1563774
    Average linear kinetic energy   = 1.702710807e-19
    Average rotational energy       = 5.664766783e-21
    Average vibrational energy      = 1.811173104e-24
    Average electronic energy       = 0
    Total energy                    = 0.001650760418

Stage 1.0  ExecutionTime = 24.02 s  ClockTime = 24 s  Iteration 110 (0.24 s)

Replicated mesh migration[13]: rank 0 sent 18383 parcels, received 6999 (global 166114) wall 0.054233694s [pack 0.004023137s MPI 0.018845797s deser 0.003817288s]
Time = 7.968058673e-06

    Replicated mesh collision detail by rank:
        rank localColl localCand cumColl cumCand localAcc cumAcc
        rank0 4261 6510 498192 723222 0.65453149 0.6888507263
        rank1 3220 5052 409368 585773 0.6373713381 0.6988509201
        rank2 1759 2581 229819 316099 0.6815187912 0.7270475389
        rank3 2768 4173 323433 454698 0.6633117661 0.7113138831
        rank4 1552 2353 208192 285526 0.6595835104 0.7291525115
        rank5 74471 148747 4632328 9085273 0.5006554754 0.5098721855
        rank6 2604 4001 327576 463961 0.6508372907 0.7060421027
        rank7 32498 61167 2114294 3825609 0.531299557 0.5526686078
        local candidates max/min      = 63.2158946
        cumulative candidates max/min = 31.8194245
        global collisions/candidates  = 123133 / 234584
    Collisions                      = 123133
    Collision candidates           = 234584
    Collision acceptance rate      = 0.5248993964

    Number of DSMC particles        = 1586538
    Number of stuck particles       = 0
    Number of free particles        = 1586538
    Average linear kinetic energy   = 1.689993296e-19
    Average rotational energy       = 6.154259942e-21
    Average vibrational energy      = 3.383525298e-24
    Average electronic energy       = 0
    Total energy                    = 0.001667359162

Stage 1.0  ExecutionTime = 26.23 s  ClockTime = 27 s  Iteration 120 (0.24 s)

Replicated mesh migration[14]: rank 0 sent 18566 parcels, received 7032 (global 166950) wall 0.052085854s [pack 0.00347661s MPI 0.014639075s deser 0.005459877s]
Time = 8.632063562e-06

    Replicated mesh collision detail by rank:
        rank localColl localCand cumColl cumCand localAcc cumAcc
        rank0 4166 6411 540455 788328 0.6498206208 0.6855712343
        rank1 3283 5009 444169 639135 0.6554202436 0.6949533354
        rank2 1670 2562 249438 345405 0.6518345043 0.7221609415
        rank3 2732 4075 351009 496030 0.6704294479 0.7076366349
        rank4 1517 2399 226212 312586 0.6323468112 0.7236792435
        rank5 78670 158387 5401595 10633313 0.4966948045 0.507987962
        rank6 2610 4080 355619 506919 0.6397058824 0.7015302247
        rank7 35064 65936 2465588 4484743 0.5317884009 0.5497724173
        local candidates max/min      = 66.02209254
        cumulative candidates max/min = 34.01724006
        global collisions/candidates  = 129712 / 248859
    Collisions                      = 129712
    Collision candidates           = 248859
    Collision acceptance rate      = 0.5212268795


Phase C auto DLB triggered (SAR) at step 130: sar=7.276561818e-05 loadImbalance=1.052198776 threshold=1.5
Phase C ParMETIS weights: particles=1609002 activeCells=60000 maxCellParticles=318
Phase C ParMETIS: alpha=0.8 ncon=2 ubvec=[1.049999952,1.5] moveRatio=0.8898926017 (moveT=19.39918035s, collT=2.400282093s)
Phase C ParMETIS: AdaptiveRepart (60000 cells, 2 constraints, ubvec=1.049999952)
Replicated mesh: rank 0 owns 6162 / 60000 cells
Local mesh: 6162 owned + 390 halo = 6552 / 60000 cells
Phase C ParMETIS AdaptiveRepart: 44236 / 60000 cells changed (0.7372666667)
Replicated mesh migration[15]: rank 0 sent 265613 parcels, received 215166 (global 1215373) wall 0.156754854s [pack 0.056625934s MPI 0.019902853s deser 0.019475471s]
Phase C auto DLB complete: rebalance #1

    Number of DSMC particles        = 1609002
    Number of stuck particles       = 0
    Number of free particles        = 1609002
    Average linear kinetic energy   = 1.677612935e-19
    Average rotational energy       = 6.656279402e-21
    Average vibrational energy      = 4.148886706e-24
    Average electronic energy       = 0
    Total energy                    = 0.001683869395

Stage 1.0  ExecutionTime = 28.74 s  ClockTime = 29 s  Iteration 130 (0.46 s)

Replicated mesh migration[16]: rank 0 sent 735 parcels, received 2785 (global 24872) wall 0.077185174s [pack 0.000185691s MPI 0.071354941s deser 0.00140965s]
  [post-DLB step 1] per-rank load: r0=0.136408895 r1=0.167412638 r2=0.168856536 r3=0.175030277 r4=0.160572198 r5=0.137716666 r6=0.11896013 r7=0.126070505 | max/min=1.471335623
  [post-DLB step 2] per-rank load: r0=0.344572431 r1=0.371159917 r2=0.369245056 r3=0.369249555 r4=0.361281519 r5=0.344668933 r6=0.310824069 r7=0.333550712 | max/min=1.194115752
  [post-DLB step 3] per-rank load: r0=0.540394125 r1=0.564197275 r2=0.559153232 r3=0.549860154 r4=0.551167948 r5=0.542179799 r6=0.492422635 r7=0.530275844 | max/min=1.145758206
  [post-DLB step 4] per-rank load: r0=0.75703158 r1=0.777534537 r2=0.769962877 r3=0.753092365 r4=0.760361603 r5=0.757715349 r6=0.693523982 r7=0.746308267 | max/min=1.121135761
  [post-DLB step 5] per-rank load: r0=0.975618193 r1=0.991752726 r2=0.983743268 r3=0.95779617 r4=0.973469983 r5=0.976600605 r6=0.895675785 r7=0.963706183 | max/min=1.107267543
  [post-DLB step 6] per-rank load: r0=1.191917174 r1=1.202836002 r2=1.192456056 r3=1.160364626 r4=1.182351457 r5=1.190690978 r6=1.095041534 r7=1.178257452 | max/min=1.098438703
  [post-DLB step 7] per-rank load: r0=1.395774273 r1=1.401518223 r2=1.388317069 r3=1.347940979 r4=1.378079077 r5=1.392876942 r6=1.28238427 r7=1.380062622 | max/min=1.092900354
  [post-DLB step 8] per-rank load: r0=1.59863765 r1=1.600668855 r2=1.58452263 r3=1.537242453 r4=1.57520878 r5=1.595258585 r6=1.470362233 r7=1.582302923 | max/min=1.088622123
  [post-DLB step 9] per-rank load: r0=1.812874164 r1=1.811275319 r2=1.792691719 r3=1.73759518 r4=1.783364254 r5=1.808202536 r6=1.668893471 r7=1.794704263 | max/min=1.086273148
Time = 9.296068452e-06

    Replicated mesh collision detail by rank:
        rank localColl localCand cumColl cumCand localAcc cumAcc
        rank0 17456 27871 701449 1028188 0.6263140899 0.6822186215
        rank1 17651 34168 638811 983836 0.5165944744 0.6493063885
        rank2 16488 29307 410663 615694 0.5625959668 0.6669920447
        rank3 16060 30287 514813 785012 0.5302605078 0.6558027138
        rank4 25463 43034 466027 692262 0.5916949389 0.673194542
        rank5 3455 4389 5431659 10668559 0.7871952609 0.5091277088
        rank6 7536 12829 433642 632598 0.5874191285 0.6854937891
        rank7 6786 11977 2544360 4613671 0.5665859564 0.5514827564
        local candidates max/min      = 9.804966963
        cumulative candidates max/min = 17.32769688
        global collisions/candidates  = 110895 / 193862
    Collisions                      = 110895
    Collision candidates           = 193862
    Collision acceptance rate      = 0.5720306197

  [post-DLB step 10] per-rank load: r0=2.036295675 r1=2.032265272 r2=2.010029211 r3=1.946932902 r4=2.001359121 r5=2.031310043 r6=1.877826654 r7=2.01724579 | max/min=1.08438959
    Number of DSMC particles        = 1631503
    Number of stuck particles       = 0
    Number of free particles        = 1631503
    Average linear kinetic energy   = 1.667354753e-19
    Average rotational energy       = 6.817156279e-21
    Average vibrational energy      = 4.339633498e-24
    Average electronic energy       = 0
    Total energy                    = 0.001698952316

Stage 1.0  ExecutionTime = 30.78 s  ClockTime = 32 s  Iteration 140 (0.23 s)

Replicated mesh migration[17]: rank 0 sent 5030 parcels, received 24719 (global 220302) wall 0.139539881s [pack 0.000723434s MPI 0.125876586s deser 0.006698053s]
Time = 9.960073341e-06

    Replicated mesh collision detail by rank:
        rank localColl localCand cumColl cumCand localAcc cumAcc
        rank0 19015 32256 899159 1354306 0.5895027282 0.6639260256
        rank1 17941 36393 859231 1409247 0.4929794191 0.6097092987
        rank2 17174 32454 599208 957382 0.5291797621 0.6258818319
        rank3 17062 33527 703032 1142390 0.508903272 0.6154045466
        rank4 28797 50582 768130 1213289 0.5693131944 0.6330973082
        rank5 3481 4769 5467239 10715789 0.7299224156 0.510204055
        rank6 7725 13493 519239 778993 0.572519084 0.6665515608
        rank7 6858 12809 2633463 4773434 0.5354047935 0.5516915076
        local candidates max/min      = 10.60641644
        cumulative candidates max/min = 13.75595031
        global collisions/candidates  = 118053 / 216283
    Collisions                      = 118053
    Collision candidates           = 216283
    Collision acceptance rate      = 0.5458265328

    Number of DSMC particles        = 1653568
    Number of stuck particles       = 0
    Number of free particles        = 1653568
    Average linear kinetic energy   = 1.654184904e-19
    Average rotational energy       = 7.223541906e-21
    Average vibrational energy      = 4.986901441e-24
    Average electronic energy       = 0
    Total energy                    = 0.001712901517

Stage 1.0  ExecutionTime = 33.01 s  ClockTime = 34 s  Iteration 150 (0.24 s)

Replicated mesh migration[18]: rank 0 sent 5126 parcels, received 25141 (global 220398) wall 0.139926772s [pack 0.001038642s MPI 0.125765005s deser 0.005346084s]
Time = 1.062407823e-05

    Replicated mesh collision detail by rank:
        rank localColl localCand cumColl cumCand localAcc cumAcc
        rank0 20912 35718 1114932 1720210 0.5854751106 0.648137146
        rank1 17841 36707 1075833 1839945 0.4860380854 0.5847093256
        rank2 18047 34903 798039 1329416 0.5170615706 0.6002929106
        rank3 16913 34242 892137 1513983 0.4939255885 0.5892648729
        rank4 32068 57456 1106587 1810578 0.5581314397 0.6111788611
        rank5 3584 5018 5503074 10765720 0.7142287764 0.5111663688
        rank6 7772 14001 606527 931860 0.5551032069 0.6508778143
        rank7 7029 13030 2722967 4938402 0.539447429 0.5513862581
        local candidates max/min      = 11.44998007
        cumulative candidates max/min = 11.55293714
        global collisions/candidates  = 124166 / 231075
    Collisions                      = 124166
    Collision candidates           = 231075
    Collision acceptance rate      = 0.5373406903

    Number of DSMC particles        = 1675609
    Number of stuck particles       = 0
    Number of free particles        = 1675609
    Average linear kinetic energy   = 1.64159318e-19
    Average rotational energy       = 7.671198656e-21
    Average vibrational energy      = 4.949508084e-24
    Average electronic energy       = 0
    Total energy                    = 0.001727574322

Stage 1.0  ExecutionTime = 35.35 s  ClockTime = 37 s  Iteration 160 (0.26 s)

Replicated mesh migration[19]: rank 0 sent 5165 parcels, received 25302 (global 220377) wall 0.156291227s [pack 0.000859068s MPI 0.139636583s deser 0.007256526s]
Time = 1.128808312e-05

    Replicated mesh collision detail by rank:
        rank localColl localCand cumColl cumCand localAcc cumAcc
        rank0 22624 39038 1349307 2121923 0.5795378862 0.6358887669
        rank1 17417 36639 1287498 2267192 0.4753677775 0.5678822085
        rank2 18082 35630 999404 1715933 0.5074936851 0.5824260038
        rank3 16506 33638 1077467 1883482 0.4906950473 0.5720612143
        rank4 35155 63787 1478770 2478423 0.5511311082 0.5966576327
        rank5 3536 5111 5538975 10817050 0.691841127 0.5120596651
        rank6 7754 14361 694245 1089095 0.5399345449 0.6374512784
        rank7 6997 13362 2812857 5107266 0.5236491543 0.550755923
        local candidates max/min      = 12.48033653
        cumulative candidates max/min = 9.932145497
        global collisions/candidates  = 128071 / 241566
    Collisions                      = 128071
    Collision candidates           = 241566
    Collision acceptance rate      = 0.5301698087

    Number of DSMC particles        = 1697642
    Number of stuck particles       = 0
    Number of free particles        = 1697642
    Average linear kinetic energy   = 1.630324534e-19
    Average rotational energy       = 8.099007348e-21
    Average vibrational energy      = 5.76489255e-24
    Average electronic energy       = 0
    Total energy                    = 0.001743178452

Stage 1.0  ExecutionTime = 37.88 s  ClockTime = 37 s  Iteration 170 (0.28 s)

Replicated mesh migration[20]: rank 0 sent 5232 parcels, received 25600 (global 221226) wall 0.116788819s [pack 0.000774736s MPI 0.095208689s deser 0.00945978s]
Time = 1.195208801e-05

    Replicated mesh collision detail by rank:
        rank localColl localCand cumColl cumCand localAcc cumAcc
        rank0 24133 42195 1599531 2557161 0.5719398033 0.6255104782
        rank1 17272 36597 1495791 2692175 0.4719512528 0.5556068978
        rank2 18115 36390 1201108 2110047 0.4978015938 0.569232818
        rank3 16249 33362 1258554 2247783 0.487051136 0.5599090304
        rank4 38540 70422 1884856 3214349 0.5472721593 0.5863880991
        rank5 3532 5228 5574907 10869368 0.675592961 0.5129007501
        rank6 7788 14611 782482 1250054 0.5330230648 0.6259585586
        rank7 7070 13500 2901758 5275717 0.5237037037 0.5500215421
        local candidates max/min      = 13.47016067
        cumulative candidates max/min = 8.695118771
        global collisions/candidates  = 132699 / 252305
    Collisions                      = 132699
    Collision candidates           = 252305
    Collision acceptance rate      = 0.5259467708

    Number of DSMC particles        = 1719229
    Number of stuck particles       = 0
    Number of free particles        = 1719229
    Average linear kinetic energy   = 1.61952883e-19
    Average rotational energy       = 8.540474482e-21
    Average vibrational energy      = 6.570456484e-24
    Average electronic energy       = 0
    Total energy                    = 0.001758770524

Stage 1.0  ExecutionTime = 40.55 s  ClockTime = 40 s  Iteration 180 (0.27 s)

Replicated mesh migration[21]: rank 0 sent 5241 parcels, received 26098 (global 221647) wall 0.145626653s [pack 0.000864083s MPI 0.124220626s deser 0.007343569s]
Time = 1.26160929e-05

    Replicated mesh collision detail by rank:
        rank localColl localCand cumColl cumCand localAcc cumAcc
        rank0 25885 45260 1867355 3025555 0.5719178082 0.6171942007
        rank1 17343 36797 1703632 3118882 0.4713155964 0.5462316304
        rank2 18300 37063 1403324 2511520 0.4937538785 0.5587548576
        rank3 16320 33639 1439788 2612870 0.4851511638 0.5510369823
        rank4 42177 76780 2325039 4015854 0.5493227403 0.5789650221
        rank5 3575 5300 5610877 10922350 0.6745283019 0.5137060248
        rank6 8040 15001 871490 1414257 0.535964269 0.6162175616
        rank7 7151 14008 2991939 5448900 0.5104940034 0.5490904586
        local candidates max/min      = 14.48679245
        cumulative candidates max/min = 7.723030538
        global collisions/candidates  = 138791 / 263848
    Collisions                      = 138791
    Collision candidates           = 263848
    Collision acceptance rate      = 0.5260263485

    Number of DSMC particles        = 1740474
    Number of stuck particles       = 0
    Number of free particles        = 1740474
    Average linear kinetic energy   = 1.60970373e-19
    Average rotational energy       = 8.946882904e-21
    Average vibrational energy      = 7.26841973e-24
    Average electronic energy       = 0
    Total energy                    = 0.0017744953

Stage 1.0  ExecutionTime = 43.44 s  ClockTime = 43 s  Iteration 190 (0.32 s)

Replicated mesh migration[22]: rank 0 sent 5135 parcels, received 26269 (global 221458) wall 0.154879217s [pack 0.001193112s MPI 0.129668739s deser 0.008782026s]
Time = 1.328009779e-05

    Replicated mesh collision detail by rank:
        rank localColl localCand cumColl cumCand localAcc cumAcc
        rank0 27397 47965 2152312 3523330 0.5711873241 0.6108743717
        rank1 17635 37712 1913721 3552844 0.4676230378 0.5386448153
        rank2 18470 37741 1607240 2919776 0.4893881985 0.5504668851
        rank3 16641 34308 1622377 2983854 0.4850472193 0.543718627
        rank4 44858 82490 2797058 4881471 0.5437992484 0.5729949026
        rank5 3569 5326 5646877 10975818 0.6701088997 0.5144834763
        rank6 7935 15051 960937 1580613 0.5272074945 0.6079521047
        rank7 7159 14307 3083678 5627793 0.5003844272 0.5479373531
        local candidates max/min      = 15.48817124
        cumulative candidates max/min = 6.944026147
        global collisions/candidates  = 143664 / 274900
    Collisions                      = 143664
    Collision candidates           = 274900
    Collision acceptance rate      = 0.5226045835

    Number of DSMC particles        = 1761573
    Number of stuck particles       = 0
    Number of free particles        = 1761573
    Average linear kinetic energy   = 1.600030632e-19
    Average rotational energy       = 9.36998455e-21
    Average vibrational energy      = 7.817901538e-24
    Average electronic energy       = 0
    Total energy                    = 0.001790260558

Stage 1.0  ExecutionTime = 46.43 s  ClockTime = 46 s  Iteration 200 (0.32 s)

Replicated mesh migration[23]: rank 0 sent 5256 parcels, received 26679 (global 222968) wall 0.139972471s [pack 0.001142977s MPI 0.115100627s deser 0.006371371s]
Time = 1.394410268e-05

    Replicated mesh collision detail by rank:
        rank localColl localCand cumColl cumCand localAcc cumAcc
        rank0 28896 51025 2453420 4051939 0.566310632 0.605492827
        rank1 17999 39028 2128611 3998758 0.4611817157 0.5323180347
        rank2 18851 38828 1814142 3338333 0.4855001545 0.5434275131
        rank3 16747 35077 1808823 3364281 0.4774353565 0.5376551483
        rank4 48072 88186 3299658 5804907 0.5451205407 0.568425644
        rank5 3564 5384 5682870 11029884 0.661961367 0.5152248201
        rank6 7858 15358 1050070 1748553 0.5116551634 0.6005365579
        rank7 7419 14728 3178471 5812570 0.5037343835 0.546827135
        local candidates max/min      = 16.37927192
        cumulative candidates max/min = 6.308006678
        global collisions/candidates  = 149406 / 287614
    Collisions                      = 149406
    Collision candidates           = 287614
    Collision acceptance rate      = 0.5194670635


Phase C auto DLB triggered (SAR) at step 210: sar=0.004135160232 loadImbalance=1.054789688 threshold=1.5
Phase C ParMETIS weights: particles=1782243 activeCells=60000 maxCellParticles=331
Phase C ParMETIS: alpha=0.8 ncon=2 ubvec=[1.049999952,1.5] moveRatio=0.7057391718 (moveT=29.58760411s, collT=12.33667229s)
Phase C ParMETIS: AdaptiveRepart (60000 cells, 2 constraints, ubvec=1.049999952)
Replicated mesh: rank 0 owns 6681 / 60000 cells
Local mesh: 6681 owned + 723 halo = 7404 / 60000 cells
Phase C ParMETIS AdaptiveRepart: 43981 / 60000 cells changed (0.7330166667)
Replicated mesh migration[24]: rank 0 sent 205339 parcels, received 161648 (global 1357334) wall 0.154458s [pack 0.037292066s MPI 0.081894617s deser 0.001195272s]
Phase C auto DLB complete: rebalance #2

  Inter-DLB actual load (since last rebalance):
    rank0: move=10.18842376 coll=9.9363902 total=20.12481396
    rank1: move=13.07385693 coll=7.017617901 total=20.09147484
    rank2: move=13.22268955 coll=6.756051419 total=19.97874097
    rank3: move=14.86828693 coll=5.062990308 total=19.93127724
    rank4: move=16.14763345 coll=3.772497385 total=19.92013083
    rank5: move=10.06132615 coll=9.909694012 total=19.97102016
    rank6: move=9.810341944 coll=9.345140147 total=19.15548209
    rank7: move=9.276702479 coll=10.68031247 total=19.95701494
    max/min=1.050603366 (max=20.12481396 min=19.15548209)
    Number of DSMC particles        = 1782243
    Number of stuck particles       = 0
    Number of free particles        = 1782243
    Average linear kinetic energy   = 1.59046244e-19
    Average rotational energy       = 9.786789217e-21
    Average vibrational energy      = 7.919070762e-24
    Average electronic energy       = 0
    Total energy                    = 0.001805493632

Stage 1.0  ExecutionTime = 49.83 s  ClockTime = 50 s  Iteration 210 (0.57 s)

Replicated mesh migration[25]: rank 0 sent 2645 parcels, received 4266 (global 27480) wall 0.097910242s [pack 0.00048676s MPI 0.076734119s deser 0.000862132s]
  [post-DLB step 1] per-rank load: r0=0.185713061 r1=0.221316977 r2=0.228285991 r3=0.174142577 r4=0.24540475 r5=0.207939176 r6=0.205420084 r7=0.184234216 | max/min=1.409217402
  [post-DLB step 2] per-rank load: r0=0.439765815 r1=0.48236827 r2=0.479834267 r3=0.443436764 r4=0.492323533 r5=0.475157165 r6=0.46521052 r7=0.450336367 | max/min=1.119512969
  [post-DLB step 3] per-rank load: r0=0.703043802 r1=0.754698115 r2=0.742508134 r3=0.721939306 r4=0.74945132 r5=0.753851402 r6=0.734526963 r7=0.727213648 | max/min=1.073472397
  [post-DLB step 4] per-rank load: r0=0.946970262 r1=1.006262938 r2=0.983725741 r3=0.98141277 r4=0.987328666 r5=1.012873807 r6=0.984290904 r7=0.98499791 | max/min=1.069594102
  [post-DLB step 5] per-rank load: r0=1.217999511 r1=1.285312678 r2=1.25306865 r3=1.267547251 r4=1.254403226 r5=1.300819603 r6=1.261281394 r7=1.269691587 | max/min=1.067996819
  [post-DLB step 6] per-rank load: r0=1.48302442 r1=1.557171272 r2=1.514576675 r3=1.547275186 r4=1.511087235 r5=1.580110107 r6=1.530854491 r7=1.546446313 | max/min=1.065464658
  [post-DLB step 7] per-rank load: r0=1.770505986 r1=1.851996562 r2=1.79811042 r3=1.850243642 r4=1.792433091 r5=1.8828963 r6=1.825548569 r7=1.848335648 | max/min=1.063479206
  [post-DLB step 8] per-rank load: r0=2.048521757 r1=2.138009904 r2=2.074489642 r3=2.143827143 r4=2.063782883 r5=2.177030522 r6=2.109777516 r7=2.13910253 | max/min=1.062732438
  [post-DLB step 9] per-rank load: r0=2.309548816 r1=2.406544593 r2=2.334019028 r3=2.420999724 r4=2.319527963 r5=2.453961813 r6=2.378665619 r7=2.414009149 | max/min=1.062528662
Time = 1.460810757e-05

    Replicated mesh collision detail by rank:
        rank localColl localCand cumColl cumCand localAcc cumAcc
        rank0 12997 22989 2601463 4311480 0.5653573448 0.6033805097
        rank1 18864 39384 2341207 4431432 0.478976234 0.5283183856
        rank2 23839 47045 2063356 3797363 0.5067276012 0.5433654881
        rank3 11800 20599 1929615 3560808 0.5728433419 0.5419036915
        rank4 36403 63811 3689950 6487109 0.5704815784 0.5688127022
        rank5 20061 41273 5898362 11468319 0.4860562595 0.5143179223
        rank6 16441 25457 1204170 1970112 0.6458341517 0.6112190576
        rank7 8810 15604 3269548 5972875 0.5645988208 0.547399368
        local candidates max/min      = 4.089400154
        cumulative candidates max/min = 5.821150777
        global collisions/candidates  = 149215 / 276162
    Collisions                      = 149215
    Collision candidates           = 276162
    Collision acceptance rate      = 0.5403169154

  [post-DLB step 10] per-rank load: r0=2.563637223 r1=2.666191877 r2=2.586023826 r3=2.691683693 r4=2.56660961 r5=2.724590126 r6=2.639681936 r7=2.680270376 | max/min=1.062783026
    Number of DSMC particles        = 1802766
    Number of stuck particles       = 0
    Number of free particles        = 1802766
    Average linear kinetic energy   = 1.581959654e-19
    Average rotational energy       = 1.009903132e-20
    Average vibrational energy      = 8.20763197e-24
    Average electronic energy       = 0
    Total energy                    = 0.001820467767

Stage 1.0  ExecutionTime = 52.53 s  ClockTime = 53 s  Iteration 220 (0.28 s)

Replicated mesh migration[26]: rank 0 sent 20542 parcels, received 35101 (global 236143) wall 0.145754287s [pack 0.005386577s MPI 0.115881645s deser 0.003041527s]
Time = 1.527211246e-05

    Replicated mesh collision detail by rank:
        rank localColl localCand cumColl cumCand localAcc cumAcc
        rank0 13178 23673 2755464 4583483 0.5566679339 0.6011725144
        rank1 19293 40933 2565304 4891585 0.4713311998 0.5244320604
        rank2 24359 49773 2340783 4342593 0.4894018846 0.5390288705
        rank3 11863 21877 2063826 3800004 0.5422589935 0.5431115336
        rank4 39066 69116 4110734 7228349 0.5652236819 0.5686961158
        rank5 20609 42840 6126129 11931052 0.4810690943 0.5134609253
        rank6 17849 29189 1392339 2270243 0.6114974819 0.6132995455
        rank7 8817 15953 3365344 6143991 0.5526860152 0.547745594
        local candidates max/min      = 4.33247665
        cumulative candidates max/min = 5.255407461
        global collisions/candidates  = 155034 / 293354
    Collisions                      = 155034
    Collision candidates           = 293354
    Collision acceptance rate      = 0.5284877656

    Number of DSMC particles        = 1823086
    Number of stuck particles       = 0
    Number of free particles        = 1823086
    Average linear kinetic energy   = 1.573219142e-19
    Average rotational energy       = 1.045741593e-20
    Average vibrational energy      = 9.115525552e-24
    Average electronic energy       = 0
    Total energy                    = 0.001835356597

Stage 1.0  ExecutionTime = 55.43 s  ClockTime = 56 s  Iteration 230 (0.32 s)

Replicated mesh migration[27]: rank 0 sent 20758 parcels, received 34752 (global 235832) wall 0.124539137s [pack 0.005395238s MPI 0.094543448s deser 0.001456071s]
Time = 1.593611735e-05

    Replicated mesh collision detail by rank:
        rank localColl localCand cumColl cumCand localAcc cumAcc
        rank0 13273 23923 2909362 4859231 0.5548217197 0.5987288935
        rank1 19625 42150 2795031 5366622 0.465599051 0.5208175646
        rank2 25366 52857 2626222 4917516 0.4798985943 0.5340545918
        rank3 11604 21739 2195976 4041242 0.5337872027 0.5433913633
        rank4 41970 74406 4560393 8025042 0.5640674139 0.5682702969
        rank5 21059 44028 6359297 12408232 0.4783092577 0.5125062942
        rank6 19373 32207 1597207 2606100 0.6015151986 0.6128724915
        rank7 9072 16568 3462805 6320543 0.5475615645 0.5478651122
        local candidates max/min      = 4.490946403
        cumulative candidates max/min = 4.761226354
        global collisions/candidates  = 161342 / 307878
    Collisions                      = 161342
    Collision candidates           = 307878
    Collision acceptance rate      = 0.5240452387

    Number of DSMC particles        = 1843145
    Number of stuck particles       = 0
    Number of free particles        = 1843145
    Average linear kinetic energy   = 1.564551689e-19
    Average rotational energy       = 1.08272163e-20
    Average vibrational energy      = 9.800667785e-24
    Average electronic energy       = 0
    Total energy                    = 0.001850062536

Stage 1.0  ExecutionTime = 58.45 s  ClockTime = 59 s  Iteration 240 (0.33 s)

Replicated mesh migration[28]: rank 0 sent 21170 parcels, received 34966 (global 236160) wall 0.148093967s [pack 0.004332361s MPI 0.116661164s deser 0.002920076s]
Time = 1.660012224e-05

    Replicated mesh collision detail by rank:
        rank localColl localCand cumColl cumCand localAcc cumAcc
        rank0 13294 24511 3064571 5140422 0.5423687324 0.5961710926
        rank1 20406 43404 3029578 5854618 0.4701410008 0.517468091
        rank2 26141 55321 2920937 5523899 0.4725330345 0.5287817536
        rank3 11487 21871 2326012 4282944 0.5252160395 0.5430871849
        rank4 44747 79726 5039092 8877461 0.5612598149 0.5676276133
        rank5 20664 43791 6591771 12889445 0.4718777831 0.5114084431
        rank6 20968 35064 1817934 2973642 0.5979922428 0.6113493151
        rank7 9239 17043 3562429 6502168 0.5420993956 0.5478832599
        local candidates max/min      = 4.677932289
        cumulative candidates max/min = 4.334565156
        global collisions/candidates  = 166946 / 320731
    Collisions                      = 166946
    Collision candidates           = 320731
    Collision acceptance rate      = 0.5205171935

    Number of DSMC particles        = 1863121
    Number of stuck particles       = 0
    Number of free particles        = 1863121
    Average linear kinetic energy   = 1.556183244e-19
    Average rotational energy       = 1.118459055e-20
    Average vibrational energy      = 1.00297523e-23
    Average electronic energy       = 0
    Total energy                    = 0.001864756202

Stage 1.0  ExecutionTime = 61.6 s  ClockTime = 63 s  Iteration 250 (0.32 s)

Replicated mesh migration[29]: rank 0 sent 20481 parcels, received 34618 (global 236519) wall 0.162548312s [pack 0.007022089s MPI 0.126804186s deser 0.004087476s]
Time = 1.726412712e-05

    Replicated mesh collision detail by rank:
        rank localColl localCand cumColl cumCand localAcc cumAcc
        rank0 13297 24715 3219768 5424378 0.5380133522 0.5935736779
        rank1 20504 44554 3269345 6355215 0.4602055932 0.5144349955
        rank2 26367 56400 3219272 6144380 0.4675 0.5239376471
        rank3 11431 22072 2455197 4526434 0.5178959768 0.5424130784
        rank4 47689 85077 5547656 9785312 0.5605392762 0.5669370583
        rank5 20553 43949 6821631 13369323 0.4676556918 0.5102450588
        rank6 22218 37646 2052816 3368669 0.5901822239 0.6093848936
        rank7 9385 17286 3663488 6687932 0.5429249103 0.5477759044
        local candidates max/min      = 4.921728566
        cumulative candidates max/min = 3.96872563
        global collisions/candidates  = 171444 / 331699
    Collisions                      = 171444
    Collision candidates           = 331699
    Collision acceptance rate      = 0.516866195

    Number of DSMC particles        = 1882527
    Number of stuck particles       = 0
    Number of free particles        = 1882527
    Average linear kinetic energy   = 1.548224769e-19
    Average rotational energy       = 1.151779158e-20
    Average vibrational energy      = 1.081069015e-23
    Average electronic energy       = 0
    Total energy                    = 0.001878962388

Stage 1.0  ExecutionTime = 64.85 s  ClockTime = 66 s  Iteration 260 (0.37 s)

Replicated mesh migration[30]: rank 0 sent 20739 parcels, received 35035 (global 238212) wall 0.184126235s [pack 0.005542588s MPI 0.148278107s deser 0.003149222s]
Time = 1.792813201e-05

    Replicated mesh collision detail by rank:
        rank localColl localCand cumColl cumCand localAcc cumAcc
        rank0 13429 25102 3375576 5712305 0.5349772926 0.5909306313
        rank1 21080 45253 3512069 6864638 0.4658254701 0.5116175099
        rank2 26836 57903 3522139 6781309 0.46346476 0.5193892507
        rank3 11562 22396 2585360 4773327 0.5162529023 0.541626417
        rank4 50655 90396 6087326 10750112 0.5603677154 0.5662569841
        rank5 20552 43974 7051309 13851053 0.4673670805 0.5090810785
        rank6 23623 40147 2303053 3791101 0.5884125838 0.6074892228
        rank7 9076 17283 3763531 6873761 0.5251403113 0.5475213642
        local candidates max/min      = 5.230341955
        cumulative candidates max/min = 3.653570032
        global collisions/candidates  = 176813 / 342454
    Collisions                      = 176813
    Collision candidates           = 342454
    Collision acceptance rate      = 0.5163116798

    Number of DSMC particles        = 1901522
    Number of stuck particles       = 0
    Number of free particles        = 1901522
    Average linear kinetic energy   = 1.540479751e-19
    Average rotational energy       = 1.186194682e-20
    Average vibrational energy      = 1.168400481e-23
    Average electronic energy       = 0
    Total energy                    = 0.001893021504

Stage 1.0  ExecutionTime = 68.21 s  ClockTime = 67 s  Iteration 270 (0.37 s)

Replicated mesh migration[31]: rank 0 sent 20610 parcels, received 34475 (global 237263) wall 0.183162364s [pack 0.005253873s MPI 0.147919328s deser 0.001450075s]
Time = 1.85921369e-05

    Replicated mesh collision detail by rank:
        rank localColl localCand cumColl cumCand localAcc cumAcc
        rank0 13436 25586 3532729 6004739 0.525130931 0.5883234892
        rank1 21540 47074 3761620 7390824 0.4575774313 0.5089581351
        rank2 27141 59274 3830087 7432713 0.4578904747 0.5153013442
        rank3 11654 22635 2715858 5022564 0.5148663574 0.5407313874
        rank4 53115 95537 6653582 11767070 0.5559626113 0.5654408447
        rank5 20890 44933 7282586 14338947 0.4649144281 0.5078884802
        rank6 25030 42760 2567598 4239931 0.5853601497 0.6055754209
        rank7 9413 17539 3864358 7061180 0.536689663 0.5472680204
        local candidates max/min      = 5.447117852
        cumulative candidates max/min = 3.381882158
        global collisions/candidates  = 182219 / 355338
    Collisions                      = 182219
    Collision candidates           = 355338
    Collision acceptance rate      = 0.5128047099

    Number of DSMC particles        = 1920641
    Number of stuck particles       = 0
    Number of free particles        = 1920641
    Average linear kinetic energy   = 1.532769765e-19
    Average rotational energy       = 1.220292934e-20
    Average vibrational energy      = 1.179473763e-23
    Average electronic energy       = 0
    Total energy                    = 0.001907100871

Stage 1.0  ExecutionTime = 71.78 s  ClockTime = 71 s  Iteration 280 (0.38 s)

Replicated mesh migration[32]: rank 0 sent 20330 parcels, received 34472 (global 236917) wall 0.179033841s [pack 0.006178252s MPI 0.13852959s deser 0.004887517s]
Time = 1.925614179e-05

    Replicated mesh collision detail by rank:
        rank localColl localCand cumColl cumCand localAcc cumAcc
        rank0 13536 25826 3691100 6300952 0.5241229768 0.5858003679
        rank1 22305 48498 4019057 7934705 0.4599158728 0.5065162473
        rank2 27550 60011 4140838 8093150 0.4590825015 0.5116472572
        rank3 11668 22922 2846342 5274642 0.5090306256 0.5396275235
        rank4 55812 100258 7246620 12834006 0.5566837559 0.5646420923
        rank5 21113 45680 7517971 14836772 0.4621935201 0.5067120395
        rank6 26335 45090 2844878 4714097 0.584054114 0.6034831273
        rank7 9239 17692 3965267 7250659 0.5222134298 0.5468836695
        local candidates max/min      = 5.666855076
        cumulative candidates max/min = 3.147320049
        global collisions/candidates  = 187558 / 365977
    Collisions                      = 187558
    Collision candidates           = 365977
    Collision acceptance rate      = 0.5124857573

    Number of DSMC particles        = 1939604
    Number of stuck particles       = 0
    Number of free particles        = 1939604
    Average linear kinetic energy   = 1.525149493e-19
    Average rotational energy       = 1.254326394e-20
    Average vibrational energy      = 1.309129118e-23
    Average electronic energy       = 0
    Total energy                    = 0.001921037775

Stage 1.0  ExecutionTime = 75.44 s  ClockTime = 75 s  Iteration 290 (0.41 s)

Replicated mesh migration[33]: rank 0 sent 20308 parcels, received 34568 (global 237975) wall 0.195166643s [pack 0.003950895s MPI 0.153490218s deser 0.007144487s]
Time = 1.992014668e-05

    Replicated mesh collision detail by rank:
        rank localColl localCand cumColl cumCand localAcc cumAcc
        rank0 13680 26154 3849500 6599658 0.5230557467 0.5832878007
        rank1 22222 49102 4278565 8486185 0.4525681235 0.5041800291
        rank2 28330 62020 4458501 8769912 0.4567881329 0.5083860591
        rank3 11913 23305 2978781 5531274 0.5111778588 0.5385343413
        rank4 58184 105122 7866505 13951475 0.5534902304 0.5638475502
        rank5 21673 46706 7756903 15343425 0.4640303173 0.5055522479
        rank6 27555 47297 3135053 5210950 0.5825950906 0.6016279181
        rank7 9585 17904 4067411 7442975 0.5353552279 0.5464765097
        local candidates max/min      = 5.87142538
        cumulative candidates max/min = 2.944458304
        global collisions/candidates  = 193142 / 377610
    Collisions                      = 193142
    Collision candidates           = 377610
    Collision acceptance rate      = 0.511485395

    Number of DSMC particles        = 1958486
    Number of stuck particles       = 0
    Number of free particles        = 1958486
    Average linear kinetic energy   = 1.517780157e-19
    Average rotational energy       = 1.287493398e-20
    Average vibrational energy      = 1.375935242e-23
    Average electronic energy       = 0
    Total energy                    = 0.001934984666

Stage 1.0  ExecutionTime = 79.17 s  ClockTime = 79 s  Iteration 300 (0.41 s)

End stage 1


Replicated mesh profile detail by rank:
    rank steps parcels ownedCollCells finalCandidates full move+collide move build collision post
    rank0 300 217542 6159 26154 80.79021667 79.49480369 42.40264891 5.862500929 26.94941797 1.292025078
    rank1 300 248726 7922 49102 80.79457871 79.50337725 45.61346249 5.042655898 24.9989136 1.287598017
    rank2 300 216097 8423 62020 80.80019438 79.50870605 46.38091354 5.185571332 24.20856789 1.288365571
    rank3 300 218125 6090 23305 80.78360241 79.48695579 45.55807043 4.635455111 25.50868698 1.293371039
    rank4 300 298877 6197 105122 80.81195846 79.53176786 51.8326991 6.297430475 18.11096534 1.276823014
    rank5 300 213043 7690 46706 80.77448468 79.47831891 40.03558193 3.652943146 31.29182546 1.292813372
    rank6 300 290631 5890 47297 80.80938414 79.51060448 37.44252478 5.761985363 31.60955159 1.2956459
    rank7 300 255445 6321 17904 80.77915829 79.47909137 35.69701119 3.843454417 35.04557643 1.297101608
    rank full max/min            = 1.000463931
    rank collision max/min       = 1.935047402

DSMC solver profile summary
    solver profile steps          = 300
    move+collide wall [s]         = 79.53176786
    move only [s]                 = 51.8326991
    buildCellOccupancy [s]        = 6.297430475
    collision phase [s]           = 35.04557643
    post fields/output [s]        = 1.297101608
    total profiled [s]            = 94.47280761
    full evolve wall [s]          = 80.81195846
    move+collide cpu [s]          = 72.33
    move only cpu [s]             = 47.21
    buildCellOccupancy cpu [s]    = 5.68
    collision phase cpu [s]       = 31.86
    post fields/output cpu [s]    = 1.35
    total profiled cpu [s]        = 86.1
    full evolve cpu [s]           = 73.49
    profile detail                = basic-stage timers only
    OpenMP enabled                = 0
    OpenMP max threads            = 1
    OpenMP move                   = 0 (static, chunk 64)
    OpenMP collision              = dynamic, chunk 8


Replicated mesh profiling summary:
    migration calls             = 33
    migration wall time [s]     = 3.347204933
    local particles (final)     = 230058
    particles per rank          = min 211315 max 303139 max/min 1.434536119
    rank wall time (evolve, 300 steps): min 71.69 max 71.87 max/min 1.00251081
    Phase C auto DLB checks      = 300
    Phase C auto DLB rebalances = 2
    Phase C auto DLB triggered checks = 2
    Phase C auto DLB wall max [s]= 0.454263407
    Phase C auto DLB check max [s]= 0.014156121
    Phase C ParMETIS max [s]     = 0.140462738
    Phase C migration max [s]    = 0.31248085
    Phase C cellOwner write max [s] = 0
    Phase C post-diagnostic max [s] = 0.000683274
    Phase C auto DLB accounted max [s] = 0.467782983
    Phase C auto DLB residual max [s] = -0.013519576

Total Iterations = 300
End main

real 79.09
user 567.31
sys 68.40
end=2026-06-12T01:18:25+08:00
run_status=0
