/*---------------------------------------------------------------------------*\
| =========                 |                                                 |
| \\      /  F ield         | OpenFOAM: The Open Source CFD Toolbox           |
|  \\    /   O peration     | Version:  v1706                                 |
|   \\  /    A nd           | Web:      www.OpenFOAM.com                      |
|    \\/     M anipulation  |                                                 |
\*---------------------------------------------------------------------------*/
Build  : v1706
Arch   : "LSB;label=32;scalar=64"
Exec   : dsmcFoam+
Date   : Jun 21 2026
Time   : 05:05:42
Host   : "SuperXCX-ROG"
PID    : 466082
/*---------------------------------------------------------------------------*\
| =========                 |                                                 |
| \\      /  F ield         | OpenFOAM: The Open Source CFD Toolbox           |
|  \\    /   O peration     | Version:  v1706                                 |
|   \\  /    A nd           | Web:      www.OpenFOAM.com                      |
|    \\/     M anipulation  |                                                 |
\*---------------------------------------------------------------------------*/
Build  : v1706
Arch   : "LSB;label=32;scalar=64"
Exec   : dsmcFoam+
Date   : Jun 21 2026
Time   : 05:05:42
Host   : "SuperXCX-ROG"
PID    : 466083
/*---------------------------------------------------------------------------*\
| =========                 |                                                 |
| \\      /  F ield         | OpenFOAM: The Open Source CFD Toolbox           |
|  \\    /   O peration     | Version:  v1706                                 |
|   \\  /    A nd           | Web:      www.OpenFOAM.com                      |
|    \\/     M anipulation  |                                                 |
\*---------------------------------------------------------------------------*/
Build  : v1706
Arch   : "LSB;label=32;scalar=64"
Exec   : dsmcFoam+
Date   : Jun 21 2026
Time   : 05:05:42
Host   : "SuperXCX-ROG"
PID    : 466084
/*---------------------------------------------------------------------------*\
| =========                 |                                                 |
| \\      /  F ield         | OpenFOAM: The Open Source CFD Toolbox           |
|  \\    /   O peration     | Version:  v1706                                 |
|   \\  /    A nd           | Web:      www.OpenFOAM.com                      |
|    \\/     M anipulation  |                                                 |
\*---------------------------------------------------------------------------*/
Build  : v1706
Arch   : "LSB;label=32;scalar=64"
Exec   : dsmcFoam+
Date   : Jun 21 2026
Time   : 05:05:42
Host   : "SuperXCX-ROG"
PID    : 466085
/*---------------------------------------------------------------------------*\
| =========                 |                                                 |
| \\      /  F ield         | OpenFOAM: The Open Source CFD Toolbox           |
|  \\    /   O peration     | Version:  v1706                                 |
|   \\  /    A nd           | Web:      www.OpenFOAM.com                      |
|    \\/     M anipulation  |                                                 |
\*---------------------------------------------------------------------------*/
Build  : v1706
Arch   : "LSB;label=32;scalar=64"
Exec   : dsmcFoam+
Date   : Jun 21 2026
Time   : 05:05:42
Host   : "SuperXCX-ROG"
PID    : 466087
/*---------------------------------------------------------------------------*\
| =========                 |                                                 |
| \\      /  F ield         | OpenFOAM: The Open Source CFD Toolbox           |
|  \\    /   O peration     | Version:  v1706                                 |
|   \\  /    A nd           | Web:      www.OpenFOAM.com                      |
|    \\/     M anipulation  |                                                 |
\*---------------------------------------------------------------------------*/
Build  : v1706
Arch   : "LSB;label=32;scalar=64"
Exec   : dsmcFoam+
Date   : Jun 21 2026
Time   : 05:05:42
Host   : "SuperXCX-ROG"
PID    : 466088
/*---------------------------------------------------------------------------*\
| =========                 |                                                 |
| \\      /  F ield         | OpenFOAM: The Open Source CFD Toolbox           |
|  \\    /   O peration     | Version:  v1706                                 |
|   \\  /    A nd           | Web:      www.OpenFOAM.com                      |
|    \\/     M anipulation  |                                                 |
\*---------------------------------------------------------------------------*/
Build  : v1706
Arch   : "LSB;label=32;scalar=64"
Exec   : dsmcFoam+
Date   : Jun 21 2026
Time   : 05:05:42
Host   : "SuperXCX-ROG"
PID    : 466089
/*---------------------------------------------------------------------------*\
| =========                 |                                                 |
| \\      /  F ield         | OpenFOAM: The Open Source CFD Toolbox           |
|  \\    /   O peration     | Version:  v1706                                 |
|   \\  /    A nd           | Web:      www.OpenFOAM.com                      |
|    \\/     M anipulation  |                                                 |
\*---------------------------------------------------------------------------*/
Build  : v1706
Arch   : "LSB;label=32;scalar=64"
Exec   : dsmcFoam+
Date   : Jun 21 2026
Time   : 05:05:42
Host   : "SuperXCX-ROG"
PID    : 466086
Case   : /home/superxcx/code/OpenFoam/OF-1706/hyStrath_dlb/doc/worklog/v2506/detail_mix/tvib_threshold_smoke_20260621/mpi8_multiwrite_case
nProcs : 1
Case   : /home/superxcx/code/OpenFoam/OF-1706/hyStrath_dlb/doc/worklog/v2506/detail_mix/tvib_threshold_smoke_20260621/mpi8_multiwrite_case
nProcs : 1
Case   : /home/superxcx/code/OpenFoam/OF-1706/hyStrath_dlb/doc/worklog/v2506/detail_mix/tvib_threshold_smoke_20260621/mpi8_multiwrite_case
nProcs : 1
sigFpe : Enabling floating point exception trapping (FOAM_SIGFPE).
Case   : /home/superxcx/code/OpenFoam/OF-1706/hyStrath_dlb/doc/worklog/v2506/detail_mix/tvib_threshold_smoke_20260621/mpi8_multiwrite_case
nProcs : 1
sigFpe : Enabling floating point exception trapping (FOAM_SIGFPE).
Case   : /home/superxcx/code/OpenFoam/OF-1706/hyStrath_dlb/doc/worklog/v2506/detail_mix/tvib_threshold_smoke_20260621/mpi8_multiwrite_case
nProcs : 1
Case   : /home/superxcx/code/OpenFoam/OF-1706/hyStrath_dlb/doc/worklog/v2506/detail_mix/tvib_threshold_smoke_20260621/mpi8_multiwrite_case
nProcs : 1
sigFpe : Enabling floating point exception trapping (FOAM_SIGFPE).
Case   : /home/superxcx/code/OpenFoam/OF-1706/hyStrath_dlb/doc/worklog/v2506/detail_mix/tvib_threshold_smoke_20260621/mpi8_multiwrite_case
nProcs : 1
sigFpe : Enabling floating point exception trapping (FOAM_SIGFPE).
sigFpe : Enabling floating point exception trapping (FOAM_SIGFPE).
sigFpe : Enabling floating point exception trapping (FOAM_SIGFPE).
Case   : /home/superxcx/code/OpenFoam/OF-1706/hyStrath_dlb/doc/worklog/v2506/detail_mix/tvib_threshold_smoke_20260621/mpi8_multiwrite_case
nProcs : 1
sigFpe : Enabling floating point exception trapping (FOAM_SIGFPE).
sigFpe : Enabling floating point exception trapping (FOAM_SIGFPE).
fileModificationChecking : Monitoring run-time modified files using timeStampMaster (fileModificationSkew 10)
allowSystemOperations : Allowing user-supplied system call operations

fileModificationChecking : Monitoring run-time modified files using timeStampMaster (fileModificationSkew 10)
allowSystemOperations : Allowing user-supplied system call operations

fileModificationChecking : Monitoring run-time modified files using timeStampMaster (fileModificationSkew 10)
allowSystemOperations : Allowing user-supplied system call operations

fileModificationChecking : Monitoring run-time modified files using timeStampMaster (fileModificationSkew 10)
allowSystemOperations : Allowing user-supplied system call operations

fileModificationChecking : Monitoring run-time modified files using timeStampMaster (fileModificationSkew 10)
allowSystemOperations : Allowing user-supplied system call operations

fileModificationChecking : Monitoring run-time modified files using timeStampMaster (fileModificationSkew 10)
allowSystemOperations : Allowing user-supplied system call operations

fileModificationChecking : Monitoring run-time modified files using timeStampMaster (fileModificationSkew 10)
allowSystemOperations : Allowing user-supplied system call operations

fileModificationChecking : Monitoring run-time modified files using timeStampMaster (fileModificationSkew 10)
allowSystemOperations : Allowing user-supplied system call operations

// * * * * * * * * * * * * * * * * * * * * * * * * * * * * * * * * * * * * * //
Create time

// * * * * * * * * * * * * * * * * * * * * * * * * * * * * * * * * * * * * * //
Create time

// * * * * * * * * * * * * * * * * * * * * * * * * * * * * * * * * * * * * * //
Create time

// * * * * * * * * * * * * * * * * * * * * * * * * * * * * * * * * * * * * * //
Create time

// * * * * * * * * * * * * * * * * * * * * * * * * * * * * * * * * * * * * * //
Create time

// * * * * * * * * * * * * * * * * * * * * * * * * * * * * * * * * * * * * * //
Create time

// * * * * * * * * * * * * * * * * * * * * * * * * * * * * * * * * * * * * * //
Create time

// * * * * * * * * * * * * * * * * * * * * * * * * * * * * * * * * * * * * * //
Create time

Create mesh for time = 0

Create mesh for time = 0

Create mesh for time = 0

Create mesh for time = 0

Create mesh for time = 0

Create mesh for time = 0

Create mesh for time = 0

Create mesh for time = 0

Selecting dynamicFvMesh dynamicRefineFvMesh
Selecting dynamicFvMesh dynamicRefineFvMesh
Selecting dynamicFvMesh dynamicRefineFvMesh
Selecting dynamicFvMesh dynamicRefineFvMesh
Selecting dynamicFvMesh dynamicRefineFvMesh
Selecting dynamicFvMesh dynamicRefineFvMesh
Selecting dynamicFvMesh dynamicRefineFvMesh
Selecting dynamicFvMesh dynamicRefineFvMesh

Constructing dsmcCloud 

Constructing dsmcCloud 

Constructing dsmcCloud 

Constructing dsmcCloud 

Constructing dsmcCloud 

Constructing dsmcCloud 

Constructing dsmcCloud 

Constructing dsmcCloud 
Selecting the coordinate system model:	dsmcCartesian

Selecting the time-step model:	dsmcConstantTimeStepModel

Constant time-step model:
- time-step [sec]	6.64005e-08

Selecting the porous measurement model:	dsmcNoPorousMediumMeasurements

Selecting the coordinate system model:	dsmcCartesian

Selecting the time-step model:	dsmcConstantTimeStepModel

Constant time-step model:
- time-step [sec]	6.64005e-08

Selecting the porous measurement model:	dsmcNoPorousMediumMeasurements


Creating dsmcControllers


Creating dsmcControllers

--> FOAM Warning : 
    From function bool Foam::rmDir(const fileName &, const bool)
    in file POSIX.C at line 1047
    failed to remove directory "/home/superxcx/code/OpenFoam/OF-1706/hyStrath_dlb/doc/worklog/v2506/detail_mix/tvib_threshold_smoke_20260621/mpi8_multiwrite_case/fieldMeasurements"
Creating fields: 

Selecting field: dsmcVolFields
Creating fields: 

Selecting field: dsmcVolFields

TimeData Statistics: 
 measurement option: write

TimeData Statistics: 
 measurement option: write
 nSamples: 1, time interval: 6.64005e-08
 nAverages: 15, time interval: 9.960075e-07
 total no. of sampling steps: 0
 total no. of averaging Steps: 0


 nSamples: 1, time interval: 6.64005e-08
 nAverages: 15, time interval: 9.960075e-07
 total no. of sampling steps: 0
 total no. of averaging Steps: 0


Selecting the coordinate system model:	dsmcCartesian

Selecting the time-step model:	dsmcConstantTimeStepModel

Constant time-step model:
- time-step [sec]	6.64005e-08

Selecting the porous measurement model:	dsmcNoPorousMediumMeasurements

Selecting the coordinate system model:	dsmcCartesian

Selecting the time-step model:	dsmcConstantTimeStepModel

Constant time-step model:
- time-step [sec]	6.64005e-08

Selecting the porous measurement model:	dsmcNoPorousMediumMeasurements


Creating dsmcControllers


Creating dsmcControllers

Creating fields: 

Selecting field: dsmcVolFields

TimeData Statistics: 
 measurement option: write
 nSamples: 1, time interval: 6.64005e-08
 nAverages: 15, time interval: 9.960075e-07
 total no. of sampling steps: 0
 total no. of averaging Steps: 0


Creating fields: 

Selecting field: dsmcVolFields

TimeData Statistics: 
 measurement option: write
 nSamples: 1, time interval: 6.64005e-08
 nAverages: 15, time interval: 9.960075e-07
 total no. of sampling steps: 0
 total no. of averaging Steps: 0


Selecting the coordinate system model:	dsmcCartesian

Selecting the time-step model:	dsmcConstantTimeStepModel

Constant time-step model:
- time-step [sec]	6.64005e-08

Selecting the porous measurement model:	dsmcNoPorousMediumMeasurements

Selecting the coordinate system model:	dsmcCartesian

Selecting the time-step model:	dsmcConstantTimeStepModel


Creating dsmcControllers

Constant time-step model:
- time-step [sec]	6.64005e-08

Selecting the porous measurement model:	dsmcNoPorousMediumMeasurements

Creating fields: 

Selecting field: dsmcVolFields

TimeData Statistics: 
 measurement option: write
 nSamples: 1, time interval: 6.64005e-08
 nAverages: 15, time interval: 9.960075e-07
 total no. of sampling steps: 0
 total no. of averaging Steps: 0


Selecting the coordinate system model:	dsmcCartesian

Selecting the time-step model:	dsmcConstantTimeStepModel

Constant time-step model:
- time-step [sec]	6.64005e-08

Selecting the porous measurement model:	dsmcNoPorousMediumMeasurements


Creating dsmcControllers

Creating fields: 

Selecting field: dsmcVolFields

TimeData Statistics: 
 measurement option: write
 nSamples: 1, time interval: 6.64005e-08
 nAverages: 15, time interval: 9.960075e-07
 total no. of sampling steps: 0
 total no. of averaging Steps: 0



Creating dsmcControllers

Creating fields: 

Selecting field: dsmcVolFields

TimeData Statistics: 
 measurement option: write
 nSamples: 1, time interval: 6.64005e-08
 nAverages: 15, time interval: 9.960075e-07
 total no. of sampling steps: 0
 total no. of averaging Steps: 0


Selecting field: dsmcVolFields

TimeData Statistics: 
 measurement option: write
 nSamples: 1, time interval: 6.64005e-08
 nAverages: 15, time interval: 9.960075e-07
 total no. of sampling steps: 0
 total no. of averaging Steps: 0


Selecting field: dsmcVolFields

TimeData Statistics: 
 measurement option: write
 nSamples: 1, time interval: 6.64005e-08
 nAverages: 15, time interval: 9.960075e-07
 total no. of sampling steps: 0
 total no. of averaging Steps: 0


Selecting field: dsmcVolFields

TimeData Statistics: 
 measurement option: write
 nSamples: 1, time interval: 6.64005e-08
 nAverages: 15, time interval: 9.960075e-07
 total no. of sampling steps: 0
 total no. of averaging Steps: 0


Selecting field: dsmcVolFields

TimeData Statistics: 
 measurement option: write
 nSamples: 1, time interval: 6.64005e-08
 nAverages: 15, time interval: 9.960075e-07
 total no. of sampling steps: 0
 total no. of averaging Steps: 0


Selecting the coordinate system model:	dsmcCartesian

Selecting the time-step model:	dsmcConstantTimeStepModel

Constant time-step model:
- time-step [sec]	6.64005e-08

Selecting the porous measurement model:	dsmcNoPorousMediumMeasurements


Creating dsmcControllers

Creating fields: 

Selecting field: dsmcVolFields

TimeData Statistics: 
 measurement option: write
 nSamples: 1, time interval: 6.64005e-08
 nAverages: 15, time interval: 9.960075e-07
 total no. of sampling steps: 0
 total no. of averaging Steps: 0


Selecting field: dsmcVolFields

TimeData Statistics: 
 measurement option: write
 nSamples: 1, time interval: 6.64005e-08
 nAverages: 15, time interval: 9.960075e-07
 total no. of sampling steps: 0
 total no. of averaging Steps: 0


Selecting field: dsmcVolFields

TimeData Statistics: 
 measurement option: write
 nSamples: 1, time interval: 6.64005e-08
 nAverages: 15, time interval: 9.960075e-07
 total no. of sampling steps: 0
 total no. of averaging Steps: 0


Selecting field: dsmcVolFields

TimeData Statistics: 
 measurement option: write
 nSamples: 1, time interval: 6.64005e-08
 nAverages: 15, time interval: 9.960075e-07
 total no. of sampling steps: 0
 total no. of averaging Steps: 0


Selecting field: dsmcVolFields

TimeData Statistics: 
 measurement option: write
 nSamples: 1, time interval: 6.64005e-08
 nAverages: 15, time interval: 9.960075e-07
 total no. of sampling steps: 0
 total no. of averaging Steps: 0


Selecting field: dsmcVolFields

TimeData Statistics: 
 measurement option: write
 nSamples: 1, time interval: 6.64005e-08
 nAverages: 15, time interval: 9.960075e-07
 total no. of sampling steps: 0
 total no. of averaging Steps: 0


Selecting field: dsmcVolFields

TimeData Statistics: 
 measurement option: write
 nSamples: 1, time interval: 6.64005e-08
 nAverages: 15, time interval: 9.960075e-07
 total no. of sampling steps: 0
 total no. of averaging Steps: 0


Selecting field: dsmcVolFields

TimeData Statistics: 
 measurement option: write
 nSamples: 1, time interval: 6.64005e-08
 nAverages: 15, time interval: 9.960075e-07
 total no. of sampling steps: 0
 total no. of averaging Steps: 0


Selecting field: dsmcVolFields

TimeData Statistics: 
 measurement option: write
 nSamples: 1, time interval: 6.64005e-08
 nAverages: 15, time interval: 9.960075e-07
 total no. of sampling steps: 0
 total no. of averaging Steps: 0


Selecting field: dsmcVolFields

TimeData Statistics: 
 measurement option: write
 nSamples: 1, time interval: 6.64005e-08
 nAverages: 15, time interval: 9.960075e-07
 total no. of sampling steps: 0
 total no. of averaging Steps: 0


Selecting field: dsmcVolFields

TimeData Statistics: 
 measurement option: write
 nSamples: 1, time interval: 6.64005e-08
 nAverages: 15, time interval: 9.960075e-07
 total no. of sampling steps: 0
 total no. of averaging Steps: 0


Selecting field: dsmcVolFields

TimeData Statistics: 
 measurement option: write
 nSamples: 1, time interval: 6.64005e-08
 nAverages: 15, time interval: 9.960075e-07
 total no. of sampling steps: 0
 total no. of averaging Steps: 0


Selecting field: dsmcVolFields

TimeData Statistics: 
 measurement option: write
 nSamples: 1, time interval: 6.64005e-08
 nAverages: 15, time interval: 9.960075e-07
 total no. of sampling steps: 0
 total no. of averaging Steps: 0


Selecting field: dsmcVolFields

TimeData Statistics: 
 measurement option: write
 nSamples: 1, time interval: 6.64005e-08
 nAverages: 15, time interval: 9.960075e-07
 total no. of sampling steps: 0
 total no. of averaging Steps: 0


Selecting field: dsmcVolFields

TimeData Statistics: 
 measurement option: write
 nSamples: 1, time interval: 6.64005e-08
 nAverages: 15, time interval: 9.960075e-07
 total no. of sampling steps: 0
 total no. of averaging Steps: 0


Selecting field: dsmcVolFields

TimeData Statistics: 
 measurement option: write
 nSamples: 1, time interval: 6.64005e-08
 nAverages: 15, time interval: 9.960075e-07
 total no. of sampling steps: 0
 total no. of averaging Steps: 0


Selecting field: dsmcVolFields

TimeData Statistics: 
 measurement option: write
 nSamples: 1, time interval: 6.64005e-08
 nAverages: 15, time interval: 9.960075e-07
 total no. of sampling steps: 0
 total no. of averaging Steps: 0


Selecting field: dsmcVolFields

TimeData Statistics: 
 measurement option: write
 nSamples: 1, time interval: 6.64005e-08
 nAverages: 15, time interval: 9.960075e-07
 total no. of sampling steps: 0
 total no. of averaging Steps: 0


Selecting field: dsmcVolFields

TimeData Statistics: 
 measurement option: write
 nSamples: 1, time interval: 6.64005e-08
 nAverages: 15, time interval: 9.960075e-07
 total no. of sampling steps: 0
 total no. of averaging Steps: 0


Selecting field: dsmcVolFields

TimeData Statistics: 
 measurement option: write
 nSamples: 1, time interval: 6.64005e-08
 nAverages: 15, time interval: 9.960075e-07
 total no. of sampling steps: 0
 total no. of averaging Steps: 0


Selecting field: dsmcVolFields

TimeData Statistics: 
 measurement option: write
 nSamples: 1, time interval: 6.64005e-08
 nAverages: 15, time interval: 9.960075e-07
 total no. of sampling steps: 0
 total no. of averaging Steps: 0


Selecting field: dsmcVolFields

TimeData Statistics: 
 measurement option: write
 nSamples: 1, time interval: 6.64005e-08
 nAverages: 15, time interval: 9.960075e-07
 total no. of sampling steps: 0
 total no. of averaging Steps: 0


Selecting field: dsmcVolFields

TimeData Statistics: 
 measurement option: write
 nSamples: 1, time interval: 6.64005e-08
 nAverages: 15, time interval: 9.960075e-07
 total no. of sampling steps: 0
 total no. of averaging Steps: 0


Selecting field: dsmcVolFields

TimeData Statistics: 
 measurement option: write
 nSamples: 1, time interval: 6.64005e-08
 nAverages: 15, time interval: 9.960075e-07
 total no. of sampling steps: 0
 total no. of averaging Steps: 0


Selecting field: dsmcVolFields

TimeData Statistics: 
 measurement option: write
 nSamples: 1, time interval: 6.64005e-08
 nAverages: 15, time interval: 9.960075e-07
 total no. of sampling steps: 0
 total no. of averaging Steps: 0


Selecting field: dsmcVolFields

TimeData Statistics: 
 measurement option: write
 nSamples: 1, time interval: 6.64005e-08
 nAverages: 15, time interval: 9.960075e-07
 total no. of sampling steps: 0
 total no. of averaging Steps: 0


Selecting field: dsmcVolFields

TimeData Statistics: 
 measurement option: write
 nSamples: 1, time interval: 6.64005e-08
 nAverages: 15, time interval: 9.960075e-07
 total no. of sampling steps: 0
 total no. of averaging Steps: 0


Selecting field: dsmcVolFields

TimeData Statistics: 
 measurement option: write
 nSamples: 1, time interval: 6.64005e-08
 nAverages: 15, time interval: 9.960075e-07
 total no. of sampling steps: 0
 total no. of averaging Steps: 0


Selecting field: dsmcVolFields

TimeData Statistics: 
 measurement option: write
 nSamples: 1, time interval: 6.64005e-08
 nAverages: 15, time interval: 9.960075e-07
 total no. of sampling steps: 0
 total no. of averaging Steps: 0


Selecting field: dsmcVolFields

TimeData Statistics: 
 measurement option: write
 nSamples: 1, time interval: 6.64005e-08
 nAverages: 15, time interval: 9.960075e-07
 total no. of sampling steps: 0
 total no. of averaging Steps: 0


Selecting field: dsmcVolFields

TimeData Statistics: 
 measurement option: write
 nSamples: 1, time interval: 6.64005e-08
 nAverages: 15, time interval: 9.960075e-07
 total no. of sampling steps: 0
 total no. of averaging Steps: 0


Selecting field: dsmcVolFields

TimeData Statistics: 
 measurement option: write
 nSamples: 1, time interval: 6.64005e-08
 nAverages: 15, time interval: 9.960075e-07
 total no. of sampling steps: 0
 total no. of averaging Steps: 0


Selecting field: dsmcVolFields

TimeData Statistics: 
 measurement option: write
 nSamples: 1, time interval: 6.64005e-08
 nAverages: 15, time interval: 9.960075e-07
 total no. of sampling steps: 0
 total no. of averaging Steps: 0


Selecting field: dsmcVolFields

TimeData Statistics: 
 measurement option: write
 nSamples: 1, time interval: 6.64005e-08
 nAverages: 15, time interval: 9.960075e-07
 total no. of sampling steps: 0
 total no. of averaging Steps: 0


Selecting field: dsmcVolFields

TimeData Statistics: 
 measurement option: write
 nSamples: 1, time interval: 6.64005e-08
 nAverages: 15, time interval: 9.960075e-07
 total no. of sampling steps: 0
 total no. of averaging Steps: 0


Selecting field: dsmcVolFields

TimeData Statistics: 
 measurement option: write
 nSamples: 1, time interval: 6.64005e-08
 nAverages: 15, time interval: 9.960075e-07
 total no. of sampling steps: 0
 total no. of averaging Steps: 0


Creating the boundary models: 

Selecting dsmcPatchBoundaryModel dsmcDeletionPatch
Creating the boundary models: 

Selecting dsmcPatchBoundaryModel dsmcDeletionPatch
Selecting dsmcPatchBoundaryModel dsmcDeletionPatch
Selecting dsmcPatchBoundaryModel dsmcDeletionPatch
Selecting dsmcPatchBoundaryModel dsmcDiffuseWallPatch
Selecting dsmcPatchBoundaryModel dsmcDiffuseWallPatch
Selecting dsmcGeneralBoundaryModel dsmcFreeStreamInflowPatch
Selecting dsmcGeneralBoundaryModel dsmcFreeStreamInflowPatch
Creating the boundary models: 

Selecting dsmcPatchBoundaryModel dsmcDeletionPatch
Selecting dsmcPatchBoundaryModel dsmcDeletionPatch
Selecting dsmcPatchBoundaryModel dsmcDiffuseWallPatch
Selecting dsmcGeneralBoundaryModel dsmcFreeStreamInflowPatch
Creating the boundary models: 

Selecting dsmcPatchBoundaryModel dsmcDeletionPatch
Selecting dsmcPatchBoundaryModel dsmcDeletionPatch
Selecting dsmcPatchBoundaryModel dsmcDiffuseWallPatch
Selecting dsmcGeneralBoundaryModel dsmcFreeStreamInflowPatch
Selecting BinaryCollisionModel LarsenBorgnakkeVariableHardSphere
Selecting BinaryCollisionModel LarsenBorgnakkeVariableHardSphere

Creating dsmcReactions

Selecting the reaction model dissociationQK

Creating dsmcReactions

Selecting the reaction model dissociationQK
Selecting the reaction model dissociationExchangeQK
Selecting the reaction model dissociationExchangeQK
Selecting the reaction model dissociationQK
Selecting the reaction model dissociationQK
Selecting the reaction model dissociationQK
Selecting the reaction model dissociationQK
Selecting the reaction model dissociationQK
Selecting the reaction model dissociationQK
Selecting the reaction model dissociationQK
Selecting the reaction model dissociationQK
Selecting the reaction model dissociationExchangeQK
Selecting the reaction model dissociationQK
Selecting the reaction model dissociationExchangeQK
Selecting the reaction model dissociationQK
Selecting the reaction model dissociationQK
Selecting the reaction model dissociationExchangeQK
Selecting the reaction model dissociationQK
Selecting the reaction model dissociationExchangeQK
Selecting the reaction model dissociationExchangeQK
Selecting the reaction model dissociationExchangeQK
Selecting the reaction model dissociationQK
Number of reactions created: 12
Selecting the reaction model dissociationQK
Number of reactions created: 12
Selecting BinaryCollisionModel LarsenBorgnakkeVariableHardSphere

Creating dsmcReactions

Selecting the reaction model dissociationQK
Selecting the reaction model dissociationExchangeQK
Selecting the reaction model dissociationQK
Selecting the reaction model dissociationQK
Selecting the reaction model dissociationQK
Selecting the reaction model dissociationQK
Selecting the reaction model dissociationQK
Selecting the reaction model dissociationExchangeQK
Selecting the reaction model dissociationQK
Selecting the reaction model dissociationExchangeQK
Selecting the reaction model dissociationExchangeQK
Selecting the reaction model dissociationQK
Number of reactions created: 12
Selecting field: dsmcVolFields

TimeData Statistics: 
 measurement option: write
 nSamples: 1, time interval: 6.64005e-08
 nAverages: 15, time interval: 9.960075e-07
 total no. of sampling steps: 0
 total no. of averaging Steps: 0


Selecting BinaryCollisionModel LarsenBorgnakkeVariableHardSphere

Creating dsmcReactions

Selecting the reaction model dissociationQK
Selecting the reaction model dissociationExchangeQK
Selecting the reaction model dissociationQK
Selecting the reaction model dissociationQK
Selecting the reaction model dissociationQK
Selecting the reaction model dissociationQK
Selecting the reaction model dissociationQK
Selecting the reaction model dissociationExchangeQK
Selecting the reaction model dissociationQK
Selecting the reaction model dissociationExchangeQK
Selecting the reaction model dissociationExchangeQK
Selecting the reaction model dissociationQK
Number of reactions created: 12
Creating the boundary models: 

Selecting dsmcPatchBoundaryModel dsmcDeletionPatch
Selecting dsmcPatchBoundaryModel dsmcDeletionPatch
Selecting dsmcPatchBoundaryModel dsmcDiffuseWallPatch
Selecting dsmcGeneralBoundaryModel dsmcFreeStreamInflowPatch
Creating the boundary models: 

Selecting dsmcPatchBoundaryModel dsmcDeletionPatch
Selecting dsmcPatchBoundaryModel dsmcDeletionPatch
Selecting dsmcPatchBoundaryModel dsmcDiffuseWallPatch
Selecting dsmcGeneralBoundaryModel dsmcFreeStreamInflowPatch
Creating the boundary models: 

Selecting dsmcPatchBoundaryModel dsmcDeletionPatch
Selecting dsmcPatchBoundaryModel dsmcDeletionPatch
Selecting dsmcPatchBoundaryModel dsmcDiffuseWallPatch
Selecting dsmcGeneralBoundaryModel dsmcFreeStreamInflowPatch
Selecting BinaryCollisionModel LarsenBorgnakkeVariableHardSphere

Creating dsmcReactions

Selecting the reaction model dissociationQK
Selecting the reaction model dissociationExchangeQK
Selecting the reaction model dissociationQK
Selecting the reaction model dissociationQK
Selecting the reaction model dissociationQK
Selecting the reaction model dissociationQK
Selecting the reaction model dissociationQK
Selecting the reaction model dissociationExchangeQK
Selecting the reaction model dissociationQK
Selecting the reaction model dissociationExchangeQK
Selecting the reaction model dissociationExchangeQK
Selecting the reaction model dissociationQK
Number of reactions created: 12
Selecting BinaryCollisionModel LarsenBorgnakkeVariableHardSphere

Creating dsmcReactions

Selecting the reaction model dissociationQK
Selecting the reaction model dissociationExchangeQK
Selecting the reaction model dissociationQK
Selecting the reaction model dissociationQK
Selecting the reaction model dissociationQK
Selecting the reaction model dissociationQK
Selecting the reaction model dissociationQK
Selecting the reaction model dissociationExchangeQK
Selecting the reaction model dissociationQK
Selecting the reaction model dissociationExchangeQK
Selecting the reaction model dissociationExchangeQK
Selecting the reaction model dissociationQK
Number of reactions created: 12
Selecting BinaryCollisionModel LarsenBorgnakkeVariableHardSphere

Creating dsmcReactions

Selecting the reaction model dissociationQK
Selecting the reaction model dissociationExchangeQK
Selecting the reaction model dissociationQK
Selecting the reaction model dissociationQK
Selecting the reaction model dissociationQK
Selecting the reaction model dissociationQK
Selecting the reaction model dissociationQK
Selecting the reaction model dissociationExchangeQK
Selecting the reaction model dissociationQK
Selecting the reaction model dissociationExchangeQK
Selecting the reaction model dissociationExchangeQK
Selecting the reaction model dissociationQK
Number of reactions created: 12
Creating the boundary models: 

Selecting dsmcPatchBoundaryModel dsmcDeletionPatch
Selecting dsmcPatchBoundaryModel dsmcDeletionPatch
Selecting dsmcPatchBoundaryModel dsmcDiffuseWallPatch
Selecting dsmcGeneralBoundaryModel dsmcFreeStreamInflowPatch
Selecting BinaryCollisionModel LarsenBorgnakkeVariableHardSphere

Creating dsmcReactions

Selecting the reaction model dissociationQK
Selecting the reaction model dissociationExchangeQK
Selecting the reaction model dissociationQK
Selecting the reaction model dissociationQK
Selecting the reaction model dissociationQK
Selecting the reaction model dissociationQK
Selecting the reaction model dissociationQK
Selecting the reaction model dissociationExchangeQK
Selecting the reaction model dissociationQK
Selecting the reaction model dissociationExchangeQK
Selecting the reaction model dissociationExchangeQK
Selecting the reaction model dissociationQK
Number of reactions created: 12

Constructing constant properties for
	N2
	O2
	NO
	N
	O

Constructing constant properties for
	N2
	O2
	NO
	N
	O

Constructing constant properties for
	N2
	O2
	NO
	N
	O

Constructing constant properties for
	N2
	O2
	NO
	N
	O

Constructing constant properties for
	N2
	O2
	NO
	N
	O

Constructing constant properties for
	N2
	O2
	NO
	N
	O

Constructing constant properties for
	N2
	O2
	NO
	N
	O

Constructing constant properties for
	N2
	O2
	NO
	N
	O
Selecting collisionPartnerSelectionModel noTimeCounter
Collision profile: collisionReduceOnlyOnOutput defaulted to true for replicatedMesh run
Collision profile: collisionOutputGlobalReduce defaulted to false for replicatedMesh run

Initialising the measurement fields

Initialising dsmcVolFields field
Initialising dsmcVolFields field
Initialising dsmcVolFields field
Initialising dsmcVolFields field
Initialising dsmcVolFields field
Initialising dsmcVolFields field
Selecting collisionPartnerSelectionModel noTimeCounter
Collision profile: collisionReduceOnlyOnOutput defaulted to true for replicatedMesh run
Collision profile: collisionOutputGlobalReduce defaulted to false for replicatedMesh run

Initialising the measurement fields

Initialising dsmcVolFields field
Initialising dsmcVolFields field
Initialising dsmcVolFields field
Initialising dsmcVolFields field
Initialising dsmcVolFields field
Initialising dsmcVolFields field
Selecting collisionPartnerSelectionModel noTimeCounter
Collision profile: collisionReduceOnlyOnOutput defaulted to true for replicatedMesh run
Collision profile: collisionOutputGlobalReduce defaulted to false for replicatedMesh run

Initialising the measurement fields

Initialising dsmcVolFields field
Initialising dsmcVolFields field
Initialising dsmcVolFields field
Initialising dsmcVolFields field
Initialising dsmcVolFields field
Initialising dsmcVolFields field
Selecting collisionPartnerSelectionModel noTimeCounter
Collision profile: collisionReduceOnlyOnOutput defaulted to true for replicatedMesh run
Collision profile: collisionOutputGlobalReduce defaulted to false for replicatedMesh run

Initialising the measurement fields

Initialising dsmcVolFields field
Initialising dsmcVolFields field
Initialising dsmcVolFields field
Initialising dsmcVolFields field
Initialising dsmcVolFields field
Initialising dsmcVolFields field
Selecting collisionPartnerSelectionModel noTimeCounter
Collision profile: collisionReduceOnlyOnOutput defaulted to true for replicatedMesh run
Collision profile: collisionOutputGlobalReduce defaulted to false for replicatedMesh run

Initialising the measurement fields

Initialising dsmcVolFields field
Initialising dsmcVolFields field
Initialising dsmcVolFields field
Selecting collisionPartnerSelectionModel noTimeCounter
Collision profile: collisionReduceOnlyOnOutput defaulted to true for replicatedMesh run
Collision profile: collisionOutputGlobalReduce defaulted to false for replicatedMesh run

Initialising the measurement fields

Initialising dsmcVolFields field
Selecting collisionPartnerSelectionModel noTimeCounter
Collision profile: collisionReduceOnlyOnOutput defaulted to true for replicatedMesh run
Collision profile: collisionOutputGlobalReduce defaulted to false for replicatedMesh run

Initialising the measurement fields

Initialising dsmcVolFields field
Initialising dsmcVolFields field
Initialising dsmcVolFields field
Initialising dsmcVolFields field
Initialising dsmcVolFields field
Initialising dsmcVolFields field
Initialising dsmcVolFields field
Initialising dsmcVolFields field
Initialising dsmcVolFields field
Initialising dsmcVolFields field
Initialising dsmcVolFields field
Initialising dsmcVolFields field
Initialising dsmcVolFields field
Initialising dsmcVolFields field
Selecting collisionPartnerSelectionModel noTimeCounter
Collision profile: collisionReduceOnlyOnOutput defaulted to true for replicatedMesh run
Collision profile: collisionOutputGlobalReduce defaulted to false for replicatedMesh run

Initialising the measurement fields

Initialising dsmcVolFields field
Initialising dsmcVolFields field
Initialising dsmcVolFields field
Initialising dsmcVolFields field
Initialising dsmcVolFields field
Initialising dsmcVolFields field
Replicated mesh: METIS decomposition complete, 60000 cells -> 8 ranks
Replicated mesh: rank 0 owns 7384 / 60000 cells
Local mesh: 7384 owned + 356 halo = 7740 / 60000 cells
Replicated mesh: flatTransfer=1 found=1
Replicated mesh: flat POD transfer enabled
Replicated mesh: gatherCandidates=0
Replicated mesh: overlapSizeExchange=0
Replicated mesh: writeMode=gathered
Phase C auto DLB: enabled (ParMETIS AdaptiveRepart), imbalanceThreshold=1.5, dlbSteps=50, sarSteps=50, triggerMode=legacyWindow, minGapSteps=50, checkCollective=allgather, particleGate=0, particleGateThreshold=1.5, skipPostDiag=0, adaptiveAlpha=0
Replicated mesh: initialized with 8 MPI ranks, migrate interval 10

Starting time loop

Replicated mesh: initial particle distribution

Replicated mesh: rank 0 kept 257861 parcels, deleted 1051233 non-owned parcels
Time = 6.64005e-07

    Collision global reduction skipped (rank 0 local diagnostics)
    Collisions                      = 3978
    Collision candidates           = 5082
    Collision acceptance rate      = 0.7827626919

    Number of DSMC particles        = 1330317
    Number of stuck particles       = 0
    Number of free particles        = 1330317
    Average linear kinetic energy   = 1.893431805e-19
    Average rotational energy       = 1.324596408e-21
    Average vibrational energy      = 1.170678267e-25
    Average electronic energy       = 0
    Total energy                    = 0.001521892444

Stage 1.0  ExecutionTime = 6.77 s  ClockTime = 8 s  Iteration 10 (0.16 s)

Replicated mesh: wrote gathered cloud on rank0 at output time 9.960075e-07 with 1342094 parcels
Written cellOwner field at output time 9.960075e-07
Replicated mesh output timing:
    gather parcels [s]       = 0.07
    rank0 write [s]           = 4.78
    migrate-back [s]          = 0.14

    Maximum imbalance = 52.22838341%

Time = 1.32801e-06

    Collision global reduction skipped (rank 0 local diagnostics)
    Collisions                      = 4151
    Collision candidates           = 5650
    Collision acceptance rate      = 0.7346902655

    Number of DSMC particles        = 1353957
    Number of stuck particles       = 0
    Number of free particles        = 1353957
    Average linear kinetic energy   = 1.865918821e-19
    Average rotational energy       = 1.546052267e-21
    Average vibrational energy      = 1.380285962e-25
    Average electronic energy       = 0
    Total energy                    = 0.00152838516

Stage 1.0  ExecutionTime = 14.35 s  ClockTime = 16 s  Iteration 20 (0.16 s)

Time = 1.992015e-06

    Collision global reduction skipped (rank 0 local diagnostics)
    Collisions                      = 4186
    Collision candidates           = 5914
    Collision acceptance rate      = 0.7078119716

    Number of DSMC particles        = 1377452
    Number of stuck particles       = 0
    Number of free particles        = 1377452
    Average linear kinetic energy   = 1.841159314e-19
    Average rotational energy       = 1.855415368e-21
    Average vibrational energy      = 6.783713117e-26
    Average electronic energy       = 0
    Total energy                    = 0.001537000182
Replicated mesh: wrote gathered cloud on rank0 at output time 1.992015e-06 with 1377452 parcels
Written cellOwner field at output time 1.992015e-06
Replicated mesh output timing:
    gather parcels [s]       = 0.13
    rank0 write [s]           = 4.99
    migrate-back [s]          = 0.13


Stage 1.0  ExecutionTime = 22.17 s  ClockTime = 25 s  Iteration 30 (6.23 s)

    Maximum imbalance = 48.38586027%

Time = 2.65602e-06

    Collision global reduction skipped (rank 0 local diagnostics)
    Collisions                      = 4210
    Collision candidates           = 5992
    Collision acceptance rate      = 0.7026034713

    Number of DSMC particles        = 1401075
    Number of stuck particles       = 0
    Number of free particles        = 1401075
    Average linear kinetic energy   = 1.81902732e-19
    Average rotational energy       = 2.251000096e-21
    Average vibrational energy      = 2.000800642e-25
    Average electronic energy       = 0
    Total energy                    = 0.001548080823

Stage 1.0  ExecutionTime = 24.11 s  ClockTime = 27 s  Iteration 40 (0.18 s)

Replicated mesh: wrote gathered cloud on rank0 at output time 2.9880225e-06 with 1412660 parcels
Written cellOwner field at output time 2.9880225e-06
Replicated mesh output timing:
    gather parcels [s]       = 0.08
    rank0 write [s]           = 5.22
    migrate-back [s]          = 0.14

    Maximum imbalance = 44.71592598%

Time = 3.320025e-06

    Collision global reduction skipped (rank 0 local diagnostics)
    Collisions                      = 4248
    Collision candidates           = 6181
    Collision acceptance rate      = 0.6872674325

    Number of DSMC particles        = 1424417
    Number of stuck particles       = 0
    Number of free particles        = 1424417
    Average linear kinetic energy   = 1.798658074e-19
    Average rotational energy       = 2.678773217e-21
    Average vibrational energy      = 1.968013412e-25
    Average electronic energy       = 0
    Total energy                    = 0.001560119306

Stage 1.0  ExecutionTime = 32.53 s  ClockTime = 33 s  Iteration 50 (0.23 s)

Time = 3.98403e-06

    Collision global reduction skipped (rank 0 local diagnostics)
    Collisions                      = 4136
    Collision candidates           = 6155
    Collision acceptance rate      = 0.6719740049

    Number of DSMC particles        = 1447665
    Number of stuck particles       = 0
    Number of free particles        = 1447665
    Average linear kinetic energy   = 1.779756615e-19
    Average rotational energy       = 3.148583095e-21
    Average vibrational energy      = 2.473060767e-25
    Average electronic energy       = 0
    Total energy                    = 0.001573245525
Replicated mesh: wrote gathered cloud on rank0 at output time 3.98403e-06 with 1447665 parcels
Written cellOwner field at output time 3.98403e-06
Replicated mesh output timing:
    gather parcels [s]       = 0.1
    rank0 write [s]           = 5.3
    migrate-back [s]          = 0.16


Stage 1.0  ExecutionTime = 41.16 s  ClockTime = 43 s  Iteration 60 (6.7 s)

    Maximum imbalance = 41.03539148%

Time = 4.648035e-06

    Collision global reduction skipped (rank 0 local diagnostics)
    Collisions                      = 4156
    Collision candidates           = 6212
    Collision acceptance rate      = 0.6690276883

    Number of DSMC particles        = 1471238
    Number of stuck particles       = 0
    Number of free particles        = 1471238
    Average linear kinetic energy   = 1.762437677e-19
    Average rotational energy       = 3.623423291e-21
    Average vibrational energy      = 6.448591326e-25
    Average electronic energy       = 0
    Total energy                    = 0.00158777037

Stage 1.0  ExecutionTime = 43.67 s  ClockTime = 45 s  Iteration 70 (0.23 s)

Replicated mesh: wrote gathered cloud on rank0 at output time 4.9800375e-06 with 1482767 parcels
Written cellOwner field at output time 4.9800375e-06
Replicated mesh output timing:
    gather parcels [s]       = 0.08
    rank0 write [s]           = 5.43
    migrate-back [s]          = 0.15

    Maximum imbalance = 37.82610484%

Time = 5.31204e-06

    Collision global reduction skipped (rank 0 local diagnostics)
    Collisions                      = 4234
    Collision candidates           = 6349
    Collision acceptance rate      = 0.6668766735

    Number of DSMC particles        = 1494569
    Number of stuck particles       = 0
    Number of free particles        = 1494569
    Average linear kinetic energy   = 1.746093041e-19
    Average rotational energy       = 4.132034833e-21
    Average vibrational energy      = 7.492948322e-25
    Average electronic energy       = 0
    Total energy                    = 0.001602854305

Stage 1.0  ExecutionTime = 52.7 s  ClockTime = 55 s  Iteration 80 (0.24 s)

Time = 5.976045e-06

    Collision global reduction skipped (rank 0 local diagnostics)
    Collisions                      = 4156
    Collision candidates           = 6302
    Collision acceptance rate      = 0.6594731831

    Number of DSMC particles        = 1517743
    Number of stuck particles       = 0
    Number of free particles        = 1517743
    Average linear kinetic energy   = 1.730771917e-19
    Average rotational energy       = 4.643276503e-21
    Average vibrational energy      = 1.055593777e-24
    Average electronic energy       = 0
    Total energy                    = 0.001618413592
Replicated mesh: wrote gathered cloud on rank0 at output time 5.976045e-06 with 1517743 parcels
Written cellOwner field at output time 5.976045e-06
Replicated mesh output timing:
    gather parcels [s]       = 0.13
    rank0 write [s]           = 5.71
    migrate-back [s]          = 0.16


Stage 1.0  ExecutionTime = 62.08 s  ClockTime = 63 s  Iteration 90 (7.14 s)

    Maximum imbalance = 35.10838133%

End stage 1

Total Iterations = 90
End main

