/*---------------------------------------------------------------------------*\
| =========                 |                                                 |
| \\      /  F ield         | OpenFOAM: The Open Source CFD Toolbox           |
|  \\    /   O peration     | Version:  v1706                                 |
|   \\  /    A nd           | Web:      www.OpenFOAM.com                      |
|    \\/     M anipulation  |                                                 |
\*---------------------------------------------------------------------------*/
Build  : v1706
Arch   : "LSB;label=32;scalar=64"
Exec   : dsmcFoam+
Date   : Jun 13 2026
Time   : 02:27:51
Host   : "SuperXCX-ROG"
PID    : 1259567
/*---------------------------------------------------------------------------*\
| =========                 |                                                 |
| \\      /  F ield         | OpenFOAM: The Open Source CFD Toolbox           |
|  \\    /   O peration     | Version:  v1706                                 |
|   \\  /    A nd           | Web:      www.OpenFOAM.com                      |
|    \\/     M anipulation  |                                                 |
\*---------------------------------------------------------------------------*/
Build  : v1706
Arch   : "LSB;label=32;scalar=64"
Exec   : dsmcFoam+
Date   : Jun 13 2026
Time   : 02:27:51
Host   : "SuperXCX-ROG"
PID    : 1259568
/*---------------------------------------------------------------------------*\
| =========                 |                                                 |
| \\      /  F ield         | OpenFOAM: The Open Source CFD Toolbox           |
|  \\    /   O peration     | Version:  v1706                                 |
|   \\  /    A nd           | Web:      www.OpenFOAM.com                      |
|    \\/     M anipulation  |                                                 |
\*---------------------------------------------------------------------------*/
Build  : v1706
Arch   : "LSB;label=32;scalar=64"
Exec   : dsmcFoam+
Date   : Jun 13 2026
Time   : 02:27:51
Host   : "SuperXCX-ROG"
PID    : 1259569
/*---------------------------------------------------------------------------*\
| =========                 |                                                 |
| \\      /  F ield         | OpenFOAM: The Open Source CFD Toolbox           |
|  \\    /   O peration     | Version:  v1706                                 |
|   \\  /    A nd           | Web:      www.OpenFOAM.com                      |
|    \\/     M anipulation  |                                                 |
\*---------------------------------------------------------------------------*/
Build  : v1706
Arch   : "LSB;label=32;scalar=64"
Exec   : dsmcFoam+
Date   : Jun 13 2026
Time   : 02:27:51
Host   : "SuperXCX-ROG"
PID    : 1259570
/*---------------------------------------------------------------------------*\
| =========                 |                                                 |
| \\      /  F ield         | OpenFOAM: The Open Source CFD Toolbox           |
|  \\    /   O peration     | Version:  v1706                                 |
|   \\  /    A nd           | Web:      www.OpenFOAM.com                      |
|    \\/     M anipulation  |                                                 |
\*---------------------------------------------------------------------------*/
Build  : v1706
Arch   : "LSB;label=32;scalar=64"
Exec   : dsmcFoam+
Date   : Jun 13 2026
Time   : 02:27:51
Host   : "SuperXCX-ROG"
PID    : 1259571
/*---------------------------------------------------------------------------*\
| =========                 |                                                 |
| \\      /  F ield         | OpenFOAM: The Open Source CFD Toolbox           |
|  \\    /   O peration     | Version:  v1706                                 |
|   \\  /    A nd           | Web:      www.OpenFOAM.com                      |
|    \\/     M anipulation  |                                                 |
\*---------------------------------------------------------------------------*/
Build  : v1706
Arch   : "LSB;label=32;scalar=64"
Exec   : dsmcFoam+
Date   : Jun 13 2026
Time   : 02:27:51
Host   : "SuperXCX-ROG"
PID    : 1259572
/*---------------------------------------------------------------------------*\
| =========                 |                                                 |
| \\      /  F ield         | OpenFOAM: The Open Source CFD Toolbox           |
|  \\    /   O peration     | Version:  v1706                                 |
|   \\  /    A nd           | Web:      www.OpenFOAM.com                      |
|    \\/     M anipulation  |                                                 |
\*---------------------------------------------------------------------------*/
Build  : v1706
Arch   : "LSB;label=32;scalar=64"
Exec   : dsmcFoam+
Date   : Jun 13 2026
Time   : 02:27:51
Host   : "SuperXCX-ROG"
PID    : 1259573
/*---------------------------------------------------------------------------*\
| =========                 |                                                 |
| \\      /  F ield         | OpenFOAM: The Open Source CFD Toolbox           |
|  \\    /   O peration     | Version:  v1706                                 |
|   \\  /    A nd           | Web:      www.OpenFOAM.com                      |
|    \\/     M anipulation  |                                                 |
\*---------------------------------------------------------------------------*/
Build  : v1706
Arch   : "LSB;label=32;scalar=64"
Exec   : dsmcFoam+
Date   : Jun 13 2026
Time   : 02:27:51
Host   : "SuperXCX-ROG"
PID    : 1259574
Case   : /home/superxcx/code/OpenFoam/OF-1706/hyStrath_dlb/run/hyStrath/dsmcFoam+/xcx_test/pal-phd-3.3.1-cylinder-react/timecompare/ourmesh/mpi8replicatedmesh
nProcs : 1
sigFpe : Enabling floating point exception trapping (FOAM_SIGFPE).
fileModificationChecking : Monitoring run-time modified files using timeStampMaster (fileModificationSkew 10)
allowSystemOperations : Allowing user-supplied system call operations

Case   : /home/superxcx/code/OpenFoam/OF-1706/hyStrath_dlb/run/hyStrath/dsmcFoam+/xcx_test/pal-phd-3.3.1-cylinder-react/timecompare/ourmesh/mpi8replicatedmesh
nProcs : 1
sigFpe : Enabling floating point exception trapping (FOAM_SIGFPE).
fileModificationChecking : Monitoring run-time modified files using timeStampMaster (fileModificationSkew 10)
allowSystemOperations : Allowing user-supplied system call operations

Case   : /home/superxcx/code/OpenFoam/OF-1706/hyStrath_dlb/run/hyStrath/dsmcFoam+/xcx_test/pal-phd-3.3.1-cylinder-react/timecompare/ourmesh/mpi8replicatedmesh
nProcs : 1
sigFpe : Enabling floating point exception trapping (FOAM_SIGFPE).
fileModificationChecking : Monitoring run-time modified files using timeStampMaster (fileModificationSkew 10)
allowSystemOperations : Allowing user-supplied system call operations

Case   : /home/superxcx/code/OpenFoam/OF-1706/hyStrath_dlb/run/hyStrath/dsmcFoam+/xcx_test/pal-phd-3.3.1-cylinder-react/timecompare/ourmesh/mpi8replicatedmesh
nProcs : 1
sigFpe : Enabling floating point exception trapping (FOAM_SIGFPE).
fileModificationChecking : Monitoring run-time modified files using timeStampMaster (fileModificationSkew 10)
allowSystemOperations : Allowing user-supplied system call operations

Case   : /home/superxcx/code/OpenFoam/OF-1706/hyStrath_dlb/run/hyStrath/dsmcFoam+/xcx_test/pal-phd-3.3.1-cylinder-react/timecompare/ourmesh/mpi8replicatedmesh
nProcs : 1
sigFpe : Enabling floating point exception trapping (FOAM_SIGFPE).
fileModificationChecking : Monitoring run-time modified files using timeStampMaster (fileModificationSkew 10)
allowSystemOperations : Allowing user-supplied system call operations

Case   : /home/superxcx/code/OpenFoam/OF-1706/hyStrath_dlb/run/hyStrath/dsmcFoam+/xcx_test/pal-phd-3.3.1-cylinder-react/timecompare/ourmesh/mpi8replicatedmesh
nProcs : 1
sigFpe : Enabling floating point exception trapping (FOAM_SIGFPE).
fileModificationChecking : Monitoring run-time modified files using timeStampMaster (fileModificationSkew 10)
allowSystemOperations : Allowing user-supplied system call operations

Case   : /home/superxcx/code/OpenFoam/OF-1706/hyStrath_dlb/run/hyStrath/dsmcFoam+/xcx_test/pal-phd-3.3.1-cylinder-react/timecompare/ourmesh/mpi8replicatedmesh
nProcs : 1
sigFpe : Enabling floating point exception trapping (FOAM_SIGFPE).
fileModificationChecking : Monitoring run-time modified files using timeStampMaster (fileModificationSkew 10)
allowSystemOperations : Allowing user-supplied system call operations

// * * * * * * * * * * * * * * * * * * * * * * * * * * * * * * * * * * * * * //
Create time

// * * * * * * * * * * * * * * * * * * * * * * * * * * * * * * * * * * * * * //
Create time

// * * * * * * * * * * * * * * * * * * * * * * * * * * * * * * * * * * * * * //
Create time

// * * * * * * * * * * * * * * * * * * * * * * * * * * * * * * * * * * * * * //
Create time

// * * * * * * * * * * * * * * * * * * * * * * * * * * * * * * * * * * * * * //
Create time

Case   : /home/superxcx/code/OpenFoam/OF-1706/hyStrath_dlb/run/hyStrath/dsmcFoam+/xcx_test/pal-phd-3.3.1-cylinder-react/timecompare/ourmesh/mpi8replicatedmesh
nProcs : 1
sigFpe : Enabling floating point exception trapping (FOAM_SIGFPE).
fileModificationChecking : Monitoring run-time modified files using timeStampMaster (fileModificationSkew 10)
allowSystemOperations : Allowing user-supplied system call operations

// * * * * * * * * * * * * * * * * * * * * * * * * * * * * * * * * * * * * * //
Create time

// * * * * * * * * * * * * * * * * * * * * * * * * * * * * * * * * * * * * * //
Create time

// * * * * * * * * * * * * * * * * * * * * * * * * * * * * * * * * * * * * * //
Create time

Create mesh for time = 0

Create mesh for time = 0

Create mesh for time = 0

Create mesh for time = 0

Create mesh for time = 0

Create mesh for time = 0

Create mesh for time = 0

Create mesh for time = 0

Selecting dynamicFvMesh staticFvMesh
Selecting dynamicFvMesh staticFvMesh
Selecting dynamicFvMesh staticFvMesh
Selecting dynamicFvMesh staticFvMesh
Selecting dynamicFvMesh staticFvMesh
Selecting dynamicFvMesh staticFvMesh
Selecting dynamicFvMesh staticFvMesh
Selecting dynamicFvMesh staticFvMesh

Constructing dsmcCloud 

Constructing dsmcCloud 

Constructing dsmcCloud 

Constructing dsmcCloud 

Constructing dsmcCloud 

Constructing dsmcCloud 

Constructing dsmcCloud 

Constructing dsmcCloud 
Selecting the coordinate system model:	dsmcCartesian

Selecting the time-step model:	dsmcConstantTimeStepModel

Constant time-step model:
- time-step [sec]	1e-07

Selecting the porous measurement model:	dsmcNoPorousMediumMeasurements

Selecting the coordinate system model:	dsmcCartesian

Selecting the time-step model:	dsmcConstantTimeStepModel


Creating dsmcControllers

Constant time-step model:
- time-step [sec]	1e-07

Selecting the porous measurement model:	dsmcNoPorousMediumMeasurements

Selecting the coordinate system model:	dsmcCartesian

Selecting the time-step model:	dsmcConstantTimeStepModel

Selecting the coordinate system model:	dsmcCartesian

Selecting the time-step model:	dsmcConstantTimeStepModel

Creating fields: 

Selecting field: dsmcVolFields
Constant time-step model:
- time-step [sec]	1e-07

Selecting the porous measurement model:	dsmcNoPorousMediumMeasurements


TimeData Statistics: 
 measurement option: write
 nSamples: 1, time interval: 1e-07
 nAverages: 10000, time interval: 0.001
 total no. of sampling steps: 0
 total no. of averaging Steps: 0


Constant time-step model:
- time-step [sec]	1e-07

Selecting the porous measurement model:	dsmcNoPorousMediumMeasurements


Creating dsmcControllers

Creating fields: 

Selecting field: dsmcVolFields

TimeData Statistics: 
 measurement option: write
 nSamples: 1, time interval: 1e-07
 nAverages: 10000, time interval: 0.001
 total no. of sampling steps: 0
 total no. of averaging Steps: 0



Creating dsmcControllers


Creating dsmcControllers

Creating fields: 

Selecting field: dsmcVolFields

TimeData Statistics: 
 measurement option: write
 nSamples: 1, time interval: 1e-07
 nAverages: 10000, time interval: 0.001
 total no. of sampling steps: 0
 total no. of averaging Steps: 0


Creating fields: 

Selecting field: dsmcVolFields

TimeData Statistics: 
 measurement option: write
 nSamples: 1, time interval: 1e-07
 nAverages: 10000, time interval: 0.001
 total no. of sampling steps: 0
 total no. of averaging Steps: 0


Selecting the coordinate system model:	dsmcCartesian

Selecting the time-step model:	dsmcConstantTimeStepModel

Selecting the coordinate system model:	dsmcCartesian

Selecting the time-step model:	dsmcConstantTimeStepModel

Constant time-step model:
- time-step [sec]	1e-07

Selecting the porous measurement model:	dsmcNoPorousMediumMeasurements

Constant time-step model:
- time-step [sec]	1e-07

Selecting the porous measurement model:	dsmcNoPorousMediumMeasurements


Creating dsmcControllers


Creating dsmcControllers

Creating fields: 

Selecting field: dsmcVolFields
Creating fields: 

Selecting field: dsmcVolFields

TimeData Statistics: 
 measurement option: write
 nSamples: 1, time interval: 1e-07
 nAverages: 10000, time interval: 0.001
 total no. of sampling steps: 0
 total no. of averaging Steps: 0



TimeData Statistics: 
 measurement option: write
 nSamples: 1, time interval: 1e-07
 nAverages: 10000, time interval: 0.001
 total no. of sampling steps: 0
 total no. of averaging Steps: 0


Selecting the coordinate system model:	dsmcCartesian

Selecting the time-step model:	dsmcConstantTimeStepModel

Selecting the coordinate system model:	dsmcCartesian

Selecting the time-step model:	dsmcConstantTimeStepModel

Constant time-step model:
- time-step [sec]	1e-07

Selecting the porous measurement model:	dsmcNoPorousMediumMeasurements

Constant time-step model:
- time-step [sec]	1e-07

Selecting the porous measurement model:	dsmcNoPorousMediumMeasurements


Creating dsmcControllers


Creating dsmcControllers

Creating fields: 

Selecting field: dsmcVolFields

TimeData Statistics: 
 measurement option: write
 nSamples: 1, time interval: 1e-07
 nAverages: 10000, time interval: 0.001
 total no. of sampling steps: 0
 total no. of averaging Steps: 0


Creating fields: 

Selecting field: dsmcVolFields

TimeData Statistics: 
 measurement option: write
 nSamples: 1, time interval: 1e-07
 nAverages: 10000, time interval: 0.001
 total no. of sampling steps: 0
 total no. of averaging Steps: 0


Creating the boundary models: 

Selecting dsmcPatchBoundaryModel dsmcDeletionPatch
Selecting dsmcPatchBoundaryModel dsmcDeletionPatch
Selecting dsmcPatchBoundaryModel dsmcDiffuseWallPatch
Selecting dsmcGeneralBoundaryModel dsmcFreeStreamInflowPatch
Creating the boundary models: 

Selecting dsmcPatchBoundaryModel dsmcDeletionPatch
Selecting dsmcPatchBoundaryModel dsmcDeletionPatch
Selecting dsmcPatchBoundaryModel dsmcDiffuseWallPatch
Selecting dsmcGeneralBoundaryModel dsmcFreeStreamInflowPatch
Creating the boundary models: 

Selecting dsmcPatchBoundaryModel dsmcDeletionPatch
Selecting dsmcPatchBoundaryModel dsmcDeletionPatch
Selecting dsmcPatchBoundaryModel dsmcDiffuseWallPatch
Selecting dsmcGeneralBoundaryModel dsmcFreeStreamInflowPatch
Creating the boundary models: 

Selecting dsmcPatchBoundaryModel dsmcDeletionPatch
Selecting dsmcPatchBoundaryModel dsmcDeletionPatch
Selecting dsmcPatchBoundaryModel dsmcDiffuseWallPatch
Selecting dsmcGeneralBoundaryModel dsmcFreeStreamInflowPatch
Selecting BinaryCollisionModel LarsenBorgnakkeVariableHardSphere

Creating dsmcReactions

There are no chemical reactions defined.
Selecting BinaryCollisionModel LarsenBorgnakkeVariableHardSphere

Creating dsmcReactions

There are no chemical reactions defined.
Selecting BinaryCollisionModel LarsenBorgnakkeVariableHardSphere

Creating dsmcReactions

There are no chemical reactions defined.
Selecting BinaryCollisionModel LarsenBorgnakkeVariableHardSphere

Creating dsmcReactions

There are no chemical reactions defined.
Creating the boundary models: 

Selecting dsmcPatchBoundaryModel dsmcDeletionPatch
Selecting dsmcPatchBoundaryModel dsmcDeletionPatch
Selecting dsmcPatchBoundaryModel dsmcDiffuseWallPatch
Selecting dsmcGeneralBoundaryModel dsmcFreeStreamInflowPatch
Creating the boundary models: 

Selecting dsmcPatchBoundaryModel dsmcDeletionPatch
Selecting dsmcPatchBoundaryModel dsmcDeletionPatch
Selecting dsmcPatchBoundaryModel dsmcDiffuseWallPatch
Selecting dsmcGeneralBoundaryModel dsmcFreeStreamInflowPatch
Creating the boundary models: 

Selecting dsmcPatchBoundaryModel dsmcDeletionPatch
Selecting dsmcPatchBoundaryModel dsmcDeletionPatch
Selecting dsmcPatchBoundaryModel dsmcDiffuseWallPatch
Selecting dsmcGeneralBoundaryModel dsmcFreeStreamInflowPatch
Creating the boundary models: 

Selecting dsmcPatchBoundaryModel dsmcDeletionPatch
Selecting dsmcPatchBoundaryModel dsmcDeletionPatch
Selecting dsmcPatchBoundaryModel dsmcDiffuseWallPatch
Selecting dsmcGeneralBoundaryModel dsmcFreeStreamInflowPatch
Selecting BinaryCollisionModel LarsenBorgnakkeVariableHardSphere

Creating dsmcReactions

There are no chemical reactions defined.
Selecting BinaryCollisionModel LarsenBorgnakkeVariableHardSphere

Creating dsmcReactions

There are no chemical reactions defined.
Selecting BinaryCollisionModel LarsenBorgnakkeVariableHardSphere

Creating dsmcReactions

There are no chemical reactions defined.
Selecting BinaryCollisionModel LarsenBorgnakkeVariableHardSphere

Creating dsmcReactions

There are no chemical reactions defined.

Constructing constant properties for
	N2
	O2
	NO
	N
	O

Constructing constant properties for
	N2
	O2
	NO
	N
	O

Constructing constant properties for
	N2
	O2
	NO
	N
	O

Constructing constant properties for
	N2
	O2
	NO
	N
	O

Constructing constant properties for
	N2
	O2
	NO
	N
	O

Constructing constant properties for
	N2
	O2
	NO
	N
	O

Constructing constant properties for
	N2

Constructing constant properties for
	O2
	NO
	N2
	N
	O
	O2
	NO
	N
	O
Selecting collisionPartnerSelectionModel noTimeCounter
Collision profile: collisionReduceOnlyOnOutput defaulted to true for replicatedMesh run
Collision profile: collisionOutputGlobalReduce defaulted to false for replicatedMesh run

Initialising the measurement fields

Initialising dsmcVolFields field
Selecting collisionPartnerSelectionModel noTimeCounter
Collision profile: collisionReduceOnlyOnOutput defaulted to true for replicatedMesh run
Collision profile: collisionOutputGlobalReduce defaulted to false for replicatedMesh run

Initialising the measurement fields

Initialising dsmcVolFields field
Selecting collisionPartnerSelectionModel noTimeCounter
Collision profile: collisionReduceOnlyOnOutput defaulted to true for replicatedMesh run
Collision profile: collisionOutputGlobalReduce defaulted to false for replicatedMesh run

Initialising the measurement fields

Initialising dsmcVolFields field
Selecting collisionPartnerSelectionModel noTimeCounter
Collision profile: collisionReduceOnlyOnOutput defaulted to true for replicatedMesh run
Collision profile: collisionOutputGlobalReduce defaulted to false for replicatedMesh run

Initialising the measurement fields

Initialising dsmcVolFields field
Selecting collisionPartnerSelectionModel noTimeCounter
Collision profile: collisionReduceOnlyOnOutput defaulted to true for replicatedMesh run
Collision profile: collisionOutputGlobalReduce defaulted to false for replicatedMesh run

Initialising the measurement fields

Initialising dsmcVolFields field
Selecting collisionPartnerSelectionModel noTimeCounter
Collision profile: collisionReduceOnlyOnOutput defaulted to true for replicatedMesh run
Collision profile: collisionOutputGlobalReduce defaulted to false for replicatedMesh run

Initialising the measurement fields

Initialising dsmcVolFields field
Selecting collisionPartnerSelectionModel noTimeCounter
Collision profile: collisionReduceOnlyOnOutput defaulted to true for replicatedMesh run
Collision profile: collisionOutputGlobalReduce defaulted to false for replicatedMesh run

Initialising the measurement fields

Initialising dsmcVolFields field
Selecting collisionPartnerSelectionModel noTimeCounter
Collision profile: collisionReduceOnlyOnOutput defaulted to true for replicatedMesh run
Collision profile: collisionOutputGlobalReduce defaulted to false for replicatedMesh run

Initialising the measurement fields

Initialising dsmcVolFields field
Replicated mesh: METIS decomposition complete, 104151 cells -> 8 ranks
Replicated mesh: rank 0 owns 13019 / 104151 cells
Local mesh: 13019 owned + 310 halo = 13329 / 104151 cells
Replicated mesh: no-Alltoall async migration enabled
Replicated mesh: flatTransfer=1 found=1
Replicated mesh: flat POD transfer enabled
Replicated mesh: writeMode=gathered
Phase C auto DLB: enabled (ParMETIS AdaptiveRepart), imbalanceThreshold=1.5, dlbSteps=50, sarSteps=10, triggerMode=legacyWindow, minGapSteps=50, checkCollective=allgather, particleGate=0, particleGateThreshold=1.5, skipPostDiag=0, adaptiveAlpha=1 alpha0=1 alphaRange=[0.5,2] alphaGain=0.04 alphaMaxStep=0.08
Replicated mesh: initialized with 8 MPI ranks, migrate interval 10

Starting time loop

Replicated mesh: initial particle distribution

Replicated mesh: rank 0 kept 251359 parcels, deleted 1806661 non-owned parcels
Time = 1e-06

    Collision global reduction skipped (rank 0 local diagnostics)
    Collisions                      = 337
    Collision candidates           = 346
    Collision acceptance rate      = 0.9739884393

    Number of DSMC particles        = 2065832
    Number of stuck particles       = 0
    Number of free particles        = 2065832
    Average linear kinetic energy   = 1.111306571e-18
    Average rotational energy       = 2.629847348e-21
    Average vibrational energy      = 8.169848768e-24
    Average electronic energy       = 0
    Total energy                    = 1.150611188

Stage 1.0  ExecutionTime = 10.73 s  ClockTime = 10 s  Iteration 10 (0.23 s)

Time = 2e-06

    Collision global reduction skipped (rank 0 local diagnostics)
    Collisions                      = 565
    Collision candidates           = 627
    Collision acceptance rate      = 0.9011164274

    Number of DSMC particles        = 2073987
    Number of stuck particles       = 0
    Number of free particles        = 2073987
    Average linear kinetic energy   = 1.107071515e-18
    Average rotational energy       = 2.681301857e-21
    Average vibrational energy      = 1.685561873e-23
    Average electronic energy       = 0
    Total energy                    = 1.150823937

Stage 1.0  ExecutionTime = 11.7 s  ClockTime = 11 s  Iteration 20 (0.24 s)

Time = 3e-06

    Collision global reduction skipped (rank 0 local diagnostics)
    Collisions                      = 564
    Collision candidates           = 713
    Collision acceptance rate      = 0.7910238429

    Number of DSMC particles        = 2082031
    Number of stuck particles       = 0
    Number of free particles        = 2082031
    Average linear kinetic energy   = 1.10298318e-18
    Average rotational energy       = 2.748695875e-21
    Average vibrational energy      = 2.817456207e-23
    Average electronic energy       = 0
    Total energy                    = 1.151113352

Stage 1.0  ExecutionTime = 12.67 s  ClockTime = 12 s  Iteration 30 (0.23 s)

Time = 4e-06

    Collision global reduction skipped (rank 0 local diagnostics)
    Collisions                      = 670
    Collision candidates           = 880
    Collision acceptance rate      = 0.7613636364

    Number of DSMC particles        = 2090248
    Number of stuck particles       = 0
    Number of free particles        = 2090248
    Average linear kinetic energy   = 1.098920106e-18
    Average rotational energy       = 2.827819485e-21
    Average vibrational energy      = 3.951565102e-23
    Average electronic energy       = 0
    Total energy                    = 1.151504497

Stage 1.0  ExecutionTime = 13.68 s  ClockTime = 13 s  Iteration 40 (0.24 s)

Time = 5e-06

    Collision global reduction skipped (rank 0 local diagnostics)
    Collisions                      = 723
    Collision candidates           = 997
    Collision acceptance rate      = 0.7251755266


Phase C auto DLB triggered (threshold) at step 50: sar=-0.1189842512 loadImbalance=1.62023377 threshold=1.5 particleMaxMin=1
Phase C ParMETIS weights: particles=2098378 activeCells=103912 maxCellParticles=58
Phase C ParMETIS: alpha=1 ncon=1 ubvec=[1.049999952] moveRatio=0.9678530259 (moveT=3.690868719s, collT=0.122591197s)
Phase C ParMETIS: AdaptiveRepart (104151 cells, 1 constraints, ubvec=1.049999952)
Replicated mesh: rank 0 owns 10325 / 104151 cells
Local mesh: 10325 owned + 283 halo = 10608 / 104151 cells
Phase C ParMETIS AdaptiveRepart: 92732 / 104151 cells changed (0.8903611103)
Phase C auto DLB complete: rebalance #1

    Number of DSMC particles        = 2098378
    Number of stuck particles       = 0
    Number of free particles        = 2098378
    Average linear kinetic energy   = 1.094997412e-18
    Average rotational energy       = 2.943993753e-21
    Average vibrational energy      = 5.53617899e-23
    Average electronic energy       = 0
    Total energy                    = 1.152006131

Stage 1.0  ExecutionTime = 14.91 s  ClockTime = 14 s  Iteration 50 (0.44 s)

Time = 6e-06

    Collision global reduction skipped (rank 0 local diagnostics)
    Collisions                      = 492
    Collision candidates           = 578
    Collision acceptance rate      = 0.8512110727

    Number of DSMC particles        = 2106483
    Number of stuck particles       = 0
    Number of free particles        = 2106483
    Average linear kinetic energy   = 1.091035629e-18
    Average rotational energy       = 3.004409333e-21
    Average vibrational energy      = 6.49694761e-23
    Average electronic energy       = 0
    Total energy                    = 1.1523568

Stage 1.0  ExecutionTime = 15.93 s  ClockTime = 15 s  Iteration 60 (0.17 s)

Time = 7e-06

    Collision global reduction skipped (rank 0 local diagnostics)
    Collisions                      = 594
    Collision candidates           = 689
    Collision acceptance rate      = 0.8621190131

    Number of DSMC particles        = 2114790
    Number of stuck particles       = 0
    Number of free particles        = 2114790
    Average linear kinetic energy   = 1.087300706e-18
    Average rotational energy       = 3.1683451e-21
    Average vibrational energy      = 8.49524595e-23
    Average electronic energy       = 0
    Total energy                    = 1.15314635

Stage 1.0  ExecutionTime = 16.98 s  ClockTime = 16 s  Iteration 70 (0.25 s)

Time = 8e-06

    Collision global reduction skipped (rank 0 local diagnostics)
    Collisions                      = 575
    Collision candidates           = 677
    Collision acceptance rate      = 0.8493353028

    Number of DSMC particles        = 2122761
    Number of stuck particles       = 0
    Number of free particles        = 2122761
    Average linear kinetic energy   = 1.083662727e-18
    Average rotational energy       = 3.357969591e-21
    Average vibrational energy      = 1.107177937e-22
    Average electronic energy       = 0
    Total energy                    = 1.153860084

Stage 1.0  ExecutionTime = 18.02 s  ClockTime = 18 s  Iteration 80 (0.22 s)

Time = 9e-06

    Collision global reduction skipped (rank 0 local diagnostics)
    Collisions                      = 589
    Collision candidates           = 724
    Collision acceptance rate      = 0.8135359116

    Number of DSMC particles        = 2130892
    Number of stuck particles       = 0
    Number of free particles        = 2130892
    Average linear kinetic energy   = 1.080180387e-18
    Average rotational energy       = 3.58250535e-21
    Average vibrational energy      = 1.380139956e-22
    Average electronic energy       = 0
    Total energy                    = 1.154837885

Stage 1.0  ExecutionTime = 19.12 s  ClockTime = 19 s  Iteration 90 (0.26 s)

Time = 1e-05

    Collision global reduction skipped (rank 0 local diagnostics)
    Collisions                      = 601
    Collision candidates           = 764
    Collision acceptance rate      = 0.7866492147

    Number of DSMC particles        = 2138998
    Number of stuck particles       = 0
    Number of free particles        = 2138998
    Average linear kinetic energy   = 1.07679781e-18
    Average rotational energy       = 3.810543009e-21
    Average vibrational energy      = 1.654833792e-22
    Average electronic energy       = 0
    Total energy                    = 1.155886537

Stage 1.0  ExecutionTime = 20.23 s  ClockTime = 20 s  Iteration 100 (0.21 s)

Time = 1.1e-05

    Collision global reduction skipped (rank 0 local diagnostics)
    Collisions                      = 603
    Collision candidates           = 773
    Collision acceptance rate      = 0.7800776197

    Number of DSMC particles        = 2147082
    Number of stuck particles       = 0
    Number of free particles        = 2147082
    Average linear kinetic energy   = 1.073436745e-18
    Average rotational energy       = 4.084220642e-21
    Average vibrational energy      = 1.979661062e-22
    Average electronic energy       = 0
    Total energy                    = 1.15697546

Stage 1.0  ExecutionTime = 21.34 s  ClockTime = 21 s  Iteration 110 (0.29 s)

Time = 1.2e-05

    Collision global reduction skipped (rank 0 local diagnostics)
    Collisions                      = 601
    Collision candidates           = 770
    Collision acceptance rate      = 0.7805194805

    Number of DSMC particles        = 2155155
    Number of stuck particles       = 0
    Number of free particles        = 2155155
    Average linear kinetic energy   = 1.070172336e-18
    Average rotational energy       = 4.383081102e-21
    Average vibrational energy      = 2.453989542e-22
    Average electronic energy       = 0
    Total energy                    = 1.158181176

Stage 1.0  ExecutionTime = 22.5 s  ClockTime = 22 s  Iteration 120 (0.34 s)

Time = 1.3e-05

    Collision global reduction skipped (rank 0 local diagnostics)
    Collisions                      = 564
    Collision candidates           = 745
    Collision acceptance rate      = 0.7570469799

    Number of DSMC particles        = 2163282
    Number of stuck particles       = 0
    Number of free particles        = 2163282
    Average linear kinetic energy   = 1.066995867e-18
    Average rotational energy       = 4.697378518e-21
    Average vibrational energy      = 2.894002164e-22
    Average electronic energy       = 0
    Total energy                    = 1.159500381

Stage 1.0  ExecutionTime = 23.68 s  ClockTime = 24 s  Iteration 130 (0.32 s)

Time = 1.4e-05

    Collision global reduction skipped (rank 0 local diagnostics)
    Collisions                      = 589
    Collision candidates           = 793
    Collision acceptance rate      = 0.7427490542


Phase C auto DLB triggered (SAR) at step 140: sar=0.004550203958 loadImbalance=1.436387102 threshold=1.5 particleMaxMin=1
Phase C ParMETIS weights: particles=2171333 activeCells=104110 maxCellParticles=66
Phase C ParMETIS: alpha=1 ncon=1 ubvec=[1.049999952] moveRatio=0.96705425 (moveT=11.19670226s, collT=0.381450941s)
Phase C ParMETIS: AdaptiveRepart (104151 cells, 1 constraints, ubvec=1.049999952)
Replicated mesh: rank 0 owns 10324 / 104151 cells
Local mesh: 10324 owned + 282 halo = 10606 / 104151 cells
Phase C ParMETIS AdaptiveRepart: 79 / 104151 cells changed (0.0007585140805)
Phase C auto DLB complete: rebalance #2

Phase C adaptive alpha: bottleneck=rank7 workImbalance=1.363537285 moveDelta=8.816065272 collDelta=0.296133626 direction=-0.9919965864 step=-0.01442510985 alpha: 1 -> 0.9855748902
    Number of DSMC particles        = 2171333
    Number of stuck particles       = 0
    Number of free particles        = 2171333
    Average linear kinetic energy   = 1.063931381e-18
    Average rotational energy       = 5.035829952e-21
    Average vibrational energy      = 3.322125139e-22
    Average electronic energy       = 0
    Total energy                    = 1.160902563

Stage 1.0  ExecutionTime = 24.98 s  ClockTime = 25 s  Iteration 140 (0.32 s)

Time = 1.5e-05

    Collision global reduction skipped (rank 0 local diagnostics)
    Collisions                      = 599
    Collision candidates           = 806
    Collision acceptance rate      = 0.7431761787

    Number of DSMC particles        = 2179404
    Number of stuck particles       = 0
    Number of free particles        = 2179404
    Average linear kinetic energy   = 1.060888542e-18
    Average rotational energy       = 5.380220552e-21
    Average vibrational energy      = 3.782503811e-22
    Average electronic energy       = 0
    Total energy                    = 1.162327383

Stage 1.0  ExecutionTime = 26.22 s  ClockTime = 26 s  Iteration 150 (0.29 s)

Time = 1.6e-05

    Collision global reduction skipped (rank 0 local diagnostics)
    Collisions                      = 613
    Collision candidates           = 839
    Collision acceptance rate      = 0.7306317044

    Number of DSMC particles        = 2187582
    Number of stuck particles       = 0
    Number of free particles        = 2187582
    Average linear kinetic energy   = 1.057857988e-18
    Average rotational energy       = 5.773098214e-21
    Average vibrational energy      = 4.334313503e-22
    Average electronic energy       = 0
    Total energy                    = 1.163864192

Stage 1.0  ExecutionTime = 27.52 s  ClockTime = 28 s  Iteration 160 (0.34 s)

Time = 1.7e-05

    Collision global reduction skipped (rank 0 local diagnostics)
    Collisions                      = 620
    Collision candidates           = 813
    Collision acceptance rate      = 0.7626076261

    Number of DSMC particles        = 2195872
    Number of stuck particles       = 0
    Number of free particles        = 2195872
    Average linear kinetic energy   = 1.054970423e-18
    Average rotational energy       = 6.185675284e-21
    Average vibrational energy      = 4.966795559e-22
    Average electronic energy       = 0
    Total energy                    = 1.165626804

Stage 1.0  ExecutionTime = 28.82 s  ClockTime = 29 s  Iteration 170 (0.34 s)

Time = 1.8e-05

    Collision global reduction skipped (rank 0 local diagnostics)
    Collisions                      = 599
    Collision candidates           = 849
    Collision acceptance rate      = 0.7055359246

    Number of DSMC particles        = 2204016
    Number of stuck particles       = 0
    Number of free particles        = 2204016
    Average linear kinetic energy   = 1.052111049e-18
    Average rotational energy       = 6.622344626e-21
    Average vibrational energy      = 5.544531879e-22
    Average electronic energy       = 0
    Total energy                    = 1.167343681

Stage 1.0  ExecutionTime = 30.15 s  ClockTime = 31 s  Iteration 180 (0.37 s)

Time = 1.9e-05

    Collision global reduction skipped (rank 0 local diagnostics)
    Collisions                      = 617
    Collision candidates           = 834
    Collision acceptance rate      = 0.7398081535

    Number of DSMC particles        = 2212123
    Number of stuck particles       = 0
    Number of free particles        = 2212123
    Average linear kinetic energy   = 1.049349813e-18
    Average rotational energy       = 7.03804537e-21
    Average vibrational energy      = 6.266145474e-22
    Average electronic energy       = 0
    Total energy                    = 1.169123013

Stage 1.0  ExecutionTime = 31.57 s  ClockTime = 32 s  Iteration 190 (0.33 s)

Time = 2e-05

    Collision global reduction skipped (rank 0 local diagnostics)
    Collisions                      = 656
    Collision candidates           = 894
    Collision acceptance rate      = 0.7337807606


Phase C auto DLB triggered (SAR) at step 200: sar=0.0003116805 loadImbalance=1.504136028 threshold=1.5 particleMaxMin=1
Phase C ParMETIS weights: particles=2220255 activeCells=104106 maxCellParticles=70
Phase C ParMETIS: alpha=0.9855748902 ncon=1 ubvec=[1.049999952] moveRatio=0.9675354697 (moveT=16.88723645s, collT=0.566631629s)
Phase C ParMETIS: AdaptiveRepart (104151 cells, 1 constraints, ubvec=1.049999952)
Replicated mesh: rank 0 owns 10662 / 104151 cells
Local mesh: 10662 owned + 293 halo = 10955 / 104151 cells
Phase C ParMETIS AdaptiveRepart: 72523 / 104151 cells changed (0.6963255274)
Phase C auto DLB complete: rebalance #3

Phase C adaptive alpha: bottleneck=rank6 workImbalance=1.463010975 moveDelta=6.897695117 collDelta=0.468470414 direction=1 step=0.01852043899 alpha: 0.9855748902 -> 1.004095329
    Number of DSMC particles        = 2220255
    Number of stuck particles       = 0
    Number of free particles        = 2220255
    Average linear kinetic energy   = 1.046602058e-18
    Average rotational energy       = 7.460454407e-21
    Average vibrational energy      = 6.973173881e-22
    Average electronic energy       = 0
    Total energy                    = 1.170917893

Stage 1.0  ExecutionTime = 33.18 s  ClockTime = 34 s  Iteration 200 (0.57 s)

Time = 2.1e-05

    Collision global reduction skipped (rank 0 local diagnostics)
    Collisions                      = 629
    Collision candidates           = 832
    Collision acceptance rate      = 0.7560096154

    Number of DSMC particles        = 2228337
    Number of stuck particles       = 0
    Number of free particles        = 2228337
    Average linear kinetic energy   = 1.044073348e-18
    Average rotational energy       = 7.614843915e-21
    Average vibrational energy      = 7.331950475e-22
    Average electronic energy       = 0
    Total energy                    = 1.172574758

Stage 1.0  ExecutionTime = 34.59 s  ClockTime = 36 s  Iteration 210 (0.37 s)

Time = 2.2e-05

    Collision global reduction skipped (rank 0 local diagnostics)
    Collisions                      = 620
    Collision candidates           = 853
    Collision acceptance rate      = 0.7268464244

    Number of DSMC particles        = 2236389
    Number of stuck particles       = 0
    Number of free particles        = 2236389
    Average linear kinetic energy   = 1.041318275e-18
    Average rotational energy       = 8.019069233e-21
    Average vibrational energy      = 8.020739988e-22
    Average electronic energy       = 0
    Total energy                    = 1.174260122

Stage 1.0  ExecutionTime = 36.08 s  ClockTime = 37 s  Iteration 220 (0.48 s)

Time = 2.3e-05

    Collision global reduction skipped (rank 0 local diagnostics)
    Collisions                      = 629
    Collision candidates           = 864
    Collision acceptance rate      = 0.7280092593

    Number of DSMC particles        = 2244429
    Number of stuck particles       = 0
    Number of free particles        = 2244429
    Average linear kinetic energy   = 1.038567973e-18
    Average rotational energy       = 8.475614428e-21
    Average vibrational energy      = 8.768995604e-22
    Average electronic energy       = 0
    Total energy                    = 1.175991565

Stage 1.0  ExecutionTime = 37.63 s  ClockTime = 39 s  Iteration 230 (0.46 s)

Time = 2.4e-05

    Collision global reduction skipped (rank 0 local diagnostics)
    Collisions                      = 619
    Collision candidates           = 847
    Collision acceptance rate      = 0.7308146399

    Number of DSMC particles        = 2252596
    Number of stuck particles       = 0
    Number of free particles        = 2252596
    Average linear kinetic energy   = 1.035879641e-18
    Average rotational energy       = 8.964703601e-21
    Average vibrational energy      = 9.570582338e-22
    Average electronic energy       = 0
    Total energy                    = 1.177884028

Stage 1.0  ExecutionTime = 39.17 s  ClockTime = 40 s  Iteration 240 (0.44 s)

Time = 2.5e-05

    Collision global reduction skipped (rank 0 local diagnostics)
    Collisions                      = 618
    Collision candidates           = 848
    Collision acceptance rate      = 0.7287735849


Phase C auto DLB triggered (threshold) at step 250: sar=-0.0089770621 loadImbalance=1.73127502 threshold=1.5 particleMaxMin=1
Phase C ParMETIS weights: particles=2260689 activeCells=104106 maxCellParticles=78
Phase C ParMETIS: alpha=1.004095329 ncon=1 ubvec=[1.049999952] moveRatio=0.9686317618 (moveT=21.89973175s, collT=0.709202434s)
Phase C ParMETIS: AdaptiveRepart (104151 cells, 1 constraints, ubvec=1.049999952)
Replicated mesh: rank 0 owns 10666 / 104151 cells
Local mesh: 10666 owned + 293 halo = 10959 / 104151 cells
Phase C ParMETIS AdaptiveRepart: 150 / 104151 cells changed (0.001440216609)
Phase C auto DLB complete: rebalance #4

Phase C adaptive alpha: bottleneck=rank7 workImbalance=1.591515179 moveDelta=6.550841906 collDelta=0.23666354 direction=-1 step=-0.02366060717 alpha: 1.004095329 -> 0.980434722
    Number of DSMC particles        = 2260689
    Number of stuck particles       = 0
    Number of free particles        = 2260689
    Average linear kinetic energy   = 1.033243776e-18
    Average rotational energy       = 9.476464092e-21
    Average vibrational energy      = 1.04273374e-21
    Average electronic energy       = 0
    Total energy                    = 1.179811737

Stage 1.0  ExecutionTime = 40.86 s  ClockTime = 40 s  Iteration 250 (0.58 s)

Time = 2.6e-05

    Collision global reduction skipped (rank 0 local diagnostics)
    Collisions                      = 629
    Collision candidates           = 837
    Collision acceptance rate      = 0.7514934289

    Number of DSMC particles        = 2268783
    Number of stuck particles       = 0
    Number of free particles        = 2268783
    Average linear kinetic energy   = 1.030659705e-18
    Average rotational energy       = 9.998845903e-21
    Average vibrational energy      = 1.125794693e-21
    Average electronic energy       = 0
    Total energy                    = 1.181791307

Stage 1.0  ExecutionTime = 42.44 s  ClockTime = 42 s  Iteration 260 (0.42 s)

Time = 2.7e-05

    Collision global reduction skipped (rank 0 local diagnostics)
    Collisions                      = 628
    Collision candidates           = 885
    Collision acceptance rate      = 0.7096045198

    Number of DSMC particles        = 2276843
    Number of stuck particles       = 0
    Number of free particles        = 2276843
    Average linear kinetic energy   = 1.02814822e-18
    Average rotational energy       = 1.053889009e-20
    Average vibrational energy      = 1.224050566e-21
    Average electronic energy       = 0
    Total energy                    = 1.183857223

Stage 1.0  ExecutionTime = 44.13 s  ClockTime = 43 s  Iteration 270 (0.55 s)

Time = 2.8e-05

    Collision global reduction skipped (rank 0 local diagnostics)
    Collisions                      = 622
    Collision candidates           = 867
    Collision acceptance rate      = 0.7174163783

    Number of DSMC particles        = 2284996
    Number of stuck particles       = 0
    Number of free particles        = 2284996
    Average linear kinetic energy   = 1.025725801e-18
    Average rotational energy       = 1.109161321e-20
    Average vibrational energy      = 1.316593613e-21
    Average electronic energy       = 0
    Total energy                    = 1.186066028

Stage 1.0  ExecutionTime = 45.81 s  ClockTime = 45 s  Iteration 280 (0.48 s)

Time = 2.9e-05

    Collision global reduction skipped (rank 0 local diagnostics)
    Collisions                      = 646
    Collision candidates           = 886
    Collision acceptance rate      = 0.7291196388

    Number of DSMC particles        = 2293218
    Number of stuck particles       = 0
    Number of free particles        = 2293218
    Average linear kinetic energy   = 1.023346157e-18
    Average rotational energy       = 1.16465347e-20
    Average vibrational energy      = 1.422355393e-21
    Average electronic energy       = 0
    Total energy                    = 1.188362821

Stage 1.0  ExecutionTime = 47.57 s  ClockTime = 47 s  Iteration 290 (0.54 s)

Time = 3e-05

    Collision global reduction skipped (rank 0 local diagnostics)
    Collisions                      = 586
    Collision candidates           = 811
    Collision acceptance rate      = 0.7225647349


Phase C auto DLB triggered (threshold) at step 300: sar=-0.01005110825 loadImbalance=1.807412559 threshold=1.5 particleMaxMin=1
Phase C ParMETIS weights: particles=2301324 activeCells=104106 maxCellParticles=80
Phase C ParMETIS: alpha=0.980434722 ncon=1 ubvec=[1.049999952] moveRatio=0.9697610128 (moveT=27.34303751s, collT=0.852607757s)
Phase C ParMETIS: AdaptiveRepart (104151 cells, 1 constraints, ubvec=1.049999952)
Replicated mesh: rank 0 owns 10666 / 104151 cells
Local mesh: 10666 owned + 293 halo = 10959 / 104151 cells
Phase C ParMETIS AdaptiveRepart: 38 / 104151 cells changed (0.0003648548742)
Phase C auto DLB complete: rebalance #5

Phase C adaptive alpha: bottleneck=rank7 workImbalance=1.661508357 moveDelta=7.298788435 collDelta=0.263008801 direction=1 step=0.02646033429 alpha: 0.980434722 -> 1.006895056
    Number of DSMC particles        = 2301324
    Number of stuck particles       = 0
    Number of free particles        = 2301324
    Average linear kinetic energy   = 1.02100674e-18
    Average rotational energy       = 1.220968361e-20
    Average vibrational energy      = 1.525721847e-21
    Average electronic energy       = 0
    Total energy                    = 1.190638466

Stage 1.0  ExecutionTime = 49.44 s  ClockTime = 49 s  Iteration 300 (0.67 s)

Time = 3.1e-05

    Collision global reduction skipped (rank 0 local diagnostics)
    Collisions                      = 640
    Collision candidates           = 868
    Collision acceptance rate      = 0.7373271889

    Number of DSMC particles        = 2309490
    Number of stuck particles       = 0
    Number of free particles        = 2309490
    Average linear kinetic energy   = 1.018668784e-18
    Average rotational energy       = 1.279056253e-20
    Average vibrational energy      = 1.637229021e-21
    Average electronic energy       = 0
    Total energy                    = 1.192963105

Stage 1.0  ExecutionTime = 51.18 s  ClockTime = 51 s  Iteration 310 (0.55 s)

Time = 3.2e-05

    Collision global reduction skipped (rank 0 local diagnostics)
    Collisions                      = 617
    Collision candidates           = 894
    Collision acceptance rate      = 0.6901565996

    Number of DSMC particles        = 2317686
    Number of stuck particles       = 0
    Number of free particles        = 2317686
    Average linear kinetic energy   = 1.016450139e-18
    Average rotational energy       = 1.333884117e-20
    Average vibrational energy      = 1.749600212e-21
    Average electronic energy       = 0
    Total energy                    = 1.195391263

Stage 1.0  ExecutionTime = 53.06 s  ClockTime = 53 s  Iteration 320 (0.62 s)

Time = 3.3e-05

    Collision global reduction skipped (rank 0 local diagnostics)
    Collisions                      = 612
    Collision candidates           = 881
    Collision acceptance rate      = 0.6946651532

    Number of DSMC particles        = 2325759
    Number of stuck particles       = 0
    Number of free particles        = 2325759
    Average linear kinetic energy   = 1.014193472e-18
    Average rotational energy       = 1.39150446e-20
    Average vibrational energy      = 1.86157176e-21
    Average electronic energy       = 0
    Total energy                    = 1.197731101

Stage 1.0  ExecutionTime = 54.91 s  ClockTime = 55 s  Iteration 330 (0.61 s)

Time = 3.4e-05

    Collision global reduction skipped (rank 0 local diagnostics)
    Collisions                      = 641
    Collision candidates           = 903
    Collision acceptance rate      = 0.7098560354

    Number of DSMC particles        = 2333924
    Number of stuck particles       = 0
    Number of free particles        = 2333924
    Average linear kinetic energy   = 1.011961646e-18
    Average rotational energy       = 1.4488225e-20
    Average vibrational energy      = 1.979129834e-21
    Average electronic energy       = 0
    Total energy                    = 1.200137564

Stage 1.0  ExecutionTime = 56.82 s  ClockTime = 57 s  Iteration 340 (0.58 s)

Time = 3.5e-05

    Collision global reduction skipped (rank 0 local diagnostics)
    Collisions                      = 653
    Collision candidates           = 894
    Collision acceptance rate      = 0.7304250559


Phase C auto DLB triggered (threshold) at step 350: sar=-0.03377849945 loadImbalance=1.714436198 threshold=1.5 particleMaxMin=1
Phase C ParMETIS weights: particles=2342078 activeCells=104099 maxCellParticles=89
Phase C ParMETIS: alpha=1.006895056 ncon=1 ubvec=[1.049999952] moveRatio=0.9706911652 (moveT=33.06440857s, collT=0.998339453s)
Phase C ParMETIS: AdaptiveRepart (104151 cells, 1 constraints, ubvec=1.049999952)
Replicated mesh: rank 0 owns 10666 / 104151 cells
Local mesh: 10666 owned + 293 halo = 10959 / 104151 cells
Phase C ParMETIS AdaptiveRepart: 16 / 104151 cells changed (0.0001536231049)
Phase C auto DLB complete: rebalance #6

Phase C adaptive alpha: bottleneck=rank7 workImbalance=1.675448542 moveDelta=7.906317143 collDelta=0.30309079 direction=-0.9873355551 step=-0.02667577443 alpha: 1.006895056 -> 0.9802192818
    Number of DSMC particles        = 2342078
    Number of stuck particles       = 0
    Number of free particles        = 2342078
    Average linear kinetic energy   = 1.009831084e-18
    Average rotational energy       = 1.504811173e-20
    Average vibrational energy      = 2.110006026e-21
    Average electronic energy       = 0
    Total energy                    = 1.202644408

Stage 1.0  ExecutionTime = 58.81 s  ClockTime = 59 s  Iteration 350 (0.65 s)

Time = 3.6e-05

    Collision global reduction skipped (rank 0 local diagnostics)
    Collisions                      = 627
    Collision candidates           = 898
    Collision acceptance rate      = 0.6982182628

    Number of DSMC particles        = 2350221
    Number of stuck particles       = 0
    Number of free particles        = 2350221
    Average linear kinetic energy   = 1.007690885e-18
    Average rotational energy       = 1.562402156e-20
    Average vibrational energy      = 2.233810485e-21
    Average electronic energy       = 0
    Total energy                    = 1.205133065

Stage 1.0  ExecutionTime = 60.76 s  ClockTime = 61 s  Iteration 360 (0.59 s)

Time = 3.7e-05

    Collision global reduction skipped (rank 0 local diagnostics)
    Collisions                      = 629
    Collision candidates           = 898
    Collision acceptance rate      = 0.7004454343

    Number of DSMC particles        = 2358280
    Number of stuck particles       = 0
    Number of free particles        = 2358280
    Average linear kinetic energy   = 1.005569372e-18
    Average rotational energy       = 1.618106567e-20
    Average vibrational energy      = 2.360382577e-21
    Average electronic energy       = 0
    Total energy                    = 1.207570033

Stage 1.0  ExecutionTime = 62.72 s  ClockTime = 63 s  Iteration 370 (0.61 s)

Time = 3.8e-05

    Collision global reduction skipped (rank 0 local diagnostics)
    Collisions                      = 622
    Collision candidates           = 916
    Collision acceptance rate      = 0.6790393013

    Number of DSMC particles        = 2366416
    Number of stuck particles       = 0
    Number of free particles        = 2366416
    Average linear kinetic energy   = 1.003465421e-18
    Average rotational energy       = 1.677950666e-20
    Average vibrational energy      = 2.501430603e-21
    Average electronic energy       = 0
    Total energy                    = 1.210121673

Stage 1.0  ExecutionTime = 64.77 s  ClockTime = 66 s  Iteration 380 (0.66 s)

Time = 3.9e-05

    Collision global reduction skipped (rank 0 local diagnostics)
    Collisions                      = 670
    Collision candidates           = 946
    Collision acceptance rate      = 0.7082452431

    Number of DSMC particles        = 2374498
    Number of stuck particles       = 0
    Number of free particles        = 2374498
    Average linear kinetic energy   = 1.001387429e-18
    Average rotational energy       = 1.739040393e-20
    Average vibrational energy      = 2.626184523e-21
    Average electronic energy       = 0
    Total energy                    = 1.212660899

Stage 1.0  ExecutionTime = 66.76 s  ClockTime = 68 s  Iteration 390 (0.61 s)

Time = 4e-05

    Collision global reduction skipped (rank 0 local diagnostics)
    Collisions                      = 618
    Collision candidates           = 899
    Collision acceptance rate      = 0.6874304783


Phase C auto DLB triggered (threshold) at step 400: sar=-0.0400422126 loadImbalance=1.763183819 threshold=1.5 particleMaxMin=1
Phase C ParMETIS weights: particles=2382670 activeCells=104113 maxCellParticles=98
Phase C ParMETIS: alpha=0.9802192818 ncon=1 ubvec=[1.049999952] moveRatio=0.9715614057 (moveT=39.22772695s, collT=1.148235619s)
Phase C ParMETIS: AdaptiveRepart (104151 cells, 1 constraints, ubvec=1.049999952)
Replicated mesh: rank 0 owns 11055 / 104151 cells
Local mesh: 11055 owned + 300 halo = 11355 / 104151 cells
Phase C ParMETIS AdaptiveRepart: 93346 / 104151 cells changed (0.896256397)
Phase C auto DLB complete: rebalance #7

Phase C adaptive alpha: bottleneck=rank7 workImbalance=1.712232148 moveDelta=8.364219594 collDelta=0.3074884 direction=-1 step=-0.02848928591 alpha: 0.9802192818 -> 0.9517299959
    Number of DSMC particles        = 2382670
    Number of stuck particles       = 0
    Number of free particles        = 2382670
    Average linear kinetic energy   = 9.993527895e-19
    Average rotational energy       = 1.795717114e-20
    Average vibrational energy      = 2.75955361e-21
    Average electronic energy       = 0
    Total energy                    = 1.215244515

Stage 1.0  ExecutionTime = 68.98 s  ClockTime = 70 s  Iteration 400 (0.76 s)

Time = 4.1e-05

    Collision global reduction skipped (rank 0 local diagnostics)
    Collisions                      = 633
    Collision candidates           = 922
    Collision acceptance rate      = 0.6865509761

    Number of DSMC particles        = 2390611
    Number of stuck particles       = 0
    Number of free particles        = 2390611
    Average linear kinetic energy   = 9.97800233e-19
    Average rotational energy       = 1.802583611e-20
    Average vibrational energy      = 2.821349988e-21
    Average electronic energy       = 0
    Total energy                    = 1.217594863

Stage 1.0  ExecutionTime = 70.5 s  ClockTime = 72 s  Iteration 410 (0.15 s)

Time = 4.2e-05

    Collision global reduction skipped (rank 0 local diagnostics)
    Collisions                      = 638
    Collision candidates           = 913
    Collision acceptance rate      = 0.6987951807

    Number of DSMC particles        = 2398653
    Number of stuck particles       = 0
    Number of free particles        = 2398653
    Average linear kinetic energy   = 9.958619239e-19
    Average rotational energy       = 1.850894185e-20
    Average vibrational energy      = 2.952164803e-21
    Average electronic energy       = 0
    Total energy                    = 1.22010247

Stage 1.0  ExecutionTime = 72.19 s  ClockTime = 71 s  Iteration 420 (0.19 s)

Time = 4.3e-05

    Collision global reduction skipped (rank 0 local diagnostics)
    Collisions                      = 636
    Collision candidates           = 902
    Collision acceptance rate      = 0.7050997783

    Number of DSMC particles        = 2406748
    Number of stuck particles       = 0
    Number of free particles        = 2406748
    Average linear kinetic energy   = 9.938601058e-19
    Average rotational energy       = 1.90742618e-20
    Average vibrational energy      = 3.074958568e-21
    Average electronic energy       = 0
    Total energy                    = 1.222639207

Stage 1.0  ExecutionTime = 73.87 s  ClockTime = 73 s  Iteration 430 (0.18 s)

Time = 4.4e-05

    Collision global reduction skipped (rank 0 local diagnostics)
    Collisions                      = 654
    Collision candidates           = 941
    Collision acceptance rate      = 0.6950053135

    Number of DSMC particles        = 2414851
    Number of stuck particles       = 0
    Number of free particles        = 2414851
    Average linear kinetic energy   = 9.918280622e-19
    Average rotational energy       = 1.966801198e-20
    Average vibrational energy      = 3.224720948e-21
    Average electronic energy       = 0
    Total energy                    = 1.225199763

Stage 1.0  ExecutionTime = 75.46 s  ClockTime = 75 s  Iteration 440 (0.16 s)

Time = 4.5e-05

    Collision global reduction skipped (rank 0 local diagnostics)
    Collisions                      = 661
    Collision candidates           = 941
    Collision acceptance rate      = 0.7024442083


Phase C auto DLB triggered (threshold) at step 450: sar=-0.0665596648 loadImbalance=1.570077347 threshold=1.5 particleMaxMin=1
Phase C ParMETIS weights: particles=2423024 activeCells=104110 maxCellParticles=97
Phase C ParMETIS: alpha=0.9517299959 ncon=1 ubvec=[1.049999952] moveRatio=0.9726656161 (moveT=45.87395369s, collT=1.289175066s)
Phase C ParMETIS: AdaptiveRepart (104151 cells, 1 constraints, ubvec=1.049999952)
Replicated mesh: rank 0 owns 11060 / 104151 cells
Local mesh: 11060 owned + 300 halo = 11360 / 104151 cells
Phase C ParMETIS AdaptiveRepart: 69 / 104151 cells changed (0.0006624996399)
Phase C auto DLB complete: rebalance #8

Phase C adaptive alpha: bottleneck=rank7 workImbalance=1.606616836 moveDelta=6.452332049 collDelta=0.636537677 direction=-0.4517583283 step=-0.01096176831 alpha: 0.9517299959 -> 0.9407682276
    Number of DSMC particles        = 2423024
    Number of stuck particles       = 0
    Number of free particles        = 2423024
    Average linear kinetic energy   = 9.898373225e-19
    Average rotational energy       = 2.024933855e-20
    Average vibrational energy      = 3.387025231e-21
    Average electronic energy       = 0
    Total energy                    = 1.227835533

Stage 1.0  ExecutionTime = 77.19 s  ClockTime = 77 s  Iteration 450 (0.28 s)

Time = 4.6e-05

    Collision global reduction skipped (rank 0 local diagnostics)
    Collisions                      = 624
    Collision candidates           = 904
    Collision acceptance rate      = 0.6902654867

    Number of DSMC particles        = 2431293
    Number of stuck particles       = 0
    Number of free particles        = 2431293
    Average linear kinetic energy   = 9.878517447e-19
    Average rotational energy       = 2.086247422e-20
    Average vibrational energy      = 3.525980562e-21
    Average electronic energy       = 0
    Total energy                    = 1.230526256

Stage 1.0  ExecutionTime = 78.83 s  ClockTime = 78 s  Iteration 460 (0.19 s)

Time = 4.7e-05

    Collision global reduction skipped (rank 0 local diagnostics)
    Collisions                      = 644
    Collision candidates           = 942
    Collision acceptance rate      = 0.6836518047

    Number of DSMC particles        = 2439487
    Number of stuck particles       = 0
    Number of free particles        = 2439487
    Average linear kinetic energy   = 9.859248601e-19
    Average rotational energy       = 2.145173075e-20
    Average vibrational energy      = 3.697013565e-21
    Average electronic energy       = 0
    Total energy                    = 1.233250457

Stage 1.0  ExecutionTime = 80.48 s  ClockTime = 80 s  Iteration 470 (0.18 s)

Time = 4.8e-05

    Collision global reduction skipped (rank 0 local diagnostics)
    Collisions                      = 666
    Collision candidates           = 974
    Collision acceptance rate      = 0.6837782341

    Number of DSMC particles        = 2447492
    Number of stuck particles       = 0
    Number of free particles        = 2447492
    Average linear kinetic energy   = 9.840160066e-19
    Average rotational energy       = 2.20548164e-20
    Average vibrational energy      = 3.849695907e-21
    Average electronic energy       = 0
    Total energy                    = 1.235886195

Stage 1.0  ExecutionTime = 82.18 s  ClockTime = 82 s  Iteration 480 (0.2 s)

Time = 4.9e-05

    Collision global reduction skipped (rank 0 local diagnostics)
    Collisions                      = 681
    Collision candidates           = 979
    Collision acceptance rate      = 0.695607763

    Number of DSMC particles        = 2455683
    Number of stuck particles       = 0
    Number of free particles        = 2455683
    Average linear kinetic energy   = 9.820401042e-19
    Average rotational energy       = 2.270242328e-20
    Average vibrational energy      = 4.015784743e-21
    Average electronic energy       = 0
    Total energy                    = 1.238595319

Stage 1.0  ExecutionTime = 83.82 s  ClockTime = 84 s  Iteration 490 (0.18 s)

Time = 5e-05

    Collision global reduction skipped (rank 0 local diagnostics)
    Collisions                      = 649
    Collision candidates           = 957
    Collision acceptance rate      = 0.6781609195


Phase C auto DLB triggered (threshold) at step 500: sar=-0.0579099913 loadImbalance=1.68288764 threshold=1.5 particleMaxMin=1
Phase C ParMETIS weights: particles=2463719 activeCells=104108 maxCellParticles=98
Phase C ParMETIS: alpha=0.9407682276 ncon=1 ubvec=[1.049999952] moveRatio=0.9735436461 (moveT=52.65567901s, collT=1.43093459s)
Phase C ParMETIS: AdaptiveRepart (104151 cells, 1 constraints, ubvec=1.049999952)
Replicated mesh: rank 0 owns 11074 / 104151 cells
Local mesh: 11074 owned + 297 halo = 11371 / 104151 cells
Phase C ParMETIS AdaptiveRepart: 14 / 104151 cells changed (0.0001344202168)
Phase C auto DLB complete: rebalance #9

Phase C adaptive alpha: bottleneck=rank7 workImbalance=1.669443333 moveDelta=6.708755345 collDelta=0.718711245 direction=1 step=0.02677773333 alpha: 0.9407682276 -> 0.967545961
    Number of DSMC particles        = 2463719
    Number of stuck particles       = 0
    Number of free particles        = 2463719
    Average linear kinetic energy   = 9.801459557e-19
    Average rotational energy       = 2.329822088e-20
    Average vibrational energy      = 4.183711805e-21
    Average electronic energy       = 0
    Total energy                    = 1.241255987

Stage 1.0  ExecutionTime = 85.6 s  ClockTime = 86 s  Iteration 500 (0.28 s)

End stage 1


DSMC solver profile summary
    solver profile steps          = 500
    move+collide wall [s]         = 79.90594767
    move only [s]                 = 63.31484159
    buildCellOccupancy [s]        = 9.80492273
    collision phase [s]           = 3.601251415
    post fields/output [s]        = 1.283307118
    total profiled [s]            = 78.00432285
    full evolve wall [s]          = 81.08255063
    move+collide cpu [s]          = 73.83
    move only cpu [s]             = 58.55
    buildCellOccupancy cpu [s]    = 9.11
    collision phase cpu [s]       = 3.25
    post fields/output cpu [s]    = 1.24
    total profiled cpu [s]        = 72.15
    full evolve cpu [s]           = 74.87
    collision localLoop max [s] = 3.441376017
    collision reduce max [s]    = 0
    collision sigmaBC max [s]   = 0.167756398
    collision total max [s]     = 3.599194652
    collision accounted max [s] = 3.598133599
    collision residual max [s]  = 0.001085071
    collision subphase max sum [s] = 3.609132415
    collision cumulative global collisions = 9456192
    collision cumulative global candidates  = 16322398
    collision cumulative acceptance        = 0.5793384036
    OpenMP enabled                = 0
    OpenMP max threads            = 1
    OpenMP move                   = 0 (static, chunk 64)
    OpenMP collision              = dynamic, chunk 8


Replicated mesh profiling summary:
    migration calls             = 60
    migration wall time [s]     = 3.13238049
    local particles (final)     = 296033
    migration wall max [s]      = 3.896504854
    migration pack max [s]      = 0.985835433
    migration local prep max [s]= 0.132598157
    migration size exchange max [s] = 0
    migration request post max [s] = 0.013814115
    migration wait max [s]      = 2.88067336
    migration deserialize max [s] = 0.15658257
    migration post max [s]      = 0.021592424
    migration candidate gather max [s] = 0.208586133
    migration accounted max [s] = 3.896504854
    migration residual max [s]  = 1.33226763e-15
    updateParticleCounts max [s]= 0.058586454
    migration subphase max sum [s] = 4.399682192
    particles per rank          = min 281091 max 326542 max/min 1.161694967
    rank wall time (evolve, 500 steps): min 49.47 max 71.16 max/min 1.438447544
    Phase C auto DLB checks      = 500
    Phase C auto DLB rebalances = 9
    Phase C auto DLB triggered checks = 9
    Phase C auto DLB wall max [s]= 25.49498549
    Phase C auto DLB check max [s]= 24.38335062
    Phase C ParMETIS max [s]     = 0.501525304
    Phase C migration max [s]    = 0.868543655
    Phase C cellOwner write max [s] = 0
    Phase C post-diagnostic max [s] = 0.001383885
    Phase C auto DLB accounted max [s] = 25.75480346
    Phase C auto DLB residual max [s] = -0.259817973
    Phase C adaptive alpha final = 0.967545961
    Phase C adaptive alpha last imbalance = 1.669443333
    Phase C adaptive alpha last step = 0.02677773333

Total Iterations = 500
End main

real 86.63
user 621.33
sys 66.53
