case=zb
mode=MPI2xOMP4
np=2
OMP_NUM_THREADS=4
case_dir=/home/superxcx/code/OpenFoam/OF-1706/hyStrath_dlb/run/hyStrath/dsmcFoam+/xcx_test/zb-cylinder-react/mpi2omp4
controlDict=/home/superxcx/code/OpenFoam/OF-1706/hyStrath_dlb/doc/worklog/v2506/detail_mix/zb_full_series_current_mpi8cfg_single_20260619/controlDicts/zb_MPI2xOMP4_controlDict
start=2026-06-19T16:13:18+08:00
/*---------------------------------------------------------------------------*\
| =========                 |                                                 |
| \\      /  F ield         | OpenFOAM: The Open Source CFD Toolbox           |
|  \\    /   O peration     | Version:  v1706                                 |
|   \\  /    A nd           | Web:      www.OpenFOAM.com                      |
|    \\/     M anipulation  |                                                 |
\*---------------------------------------------------------------------------*/
Build  : v1706
Arch   : "LSB;label=32;scalar=64"
Exec   : dsmcFoam+
Date   : Jun 19 2026
Time   : 16:13:19
Host   : "SuperXCX-ROG"
PID    : 33869
/*---------------------------------------------------------------------------*\
| =========                 |                                                 |
| \\      /  F ield         | OpenFOAM: The Open Source CFD Toolbox           |
|  \\    /   O peration     | Version:  v1706                                 |
|   \\  /    A nd           | Web:      www.OpenFOAM.com                      |
|    \\/     M anipulation  |                                                 |
\*---------------------------------------------------------------------------*/
Build  : v1706
Arch   : "LSB;label=32;scalar=64"
Exec   : dsmcFoam+
Date   : Jun 19 2026
Time   : 16:13:19
Host   : "SuperXCX-ROG"
PID    : 33870
Case   : /home/superxcx/code/OpenFoam/OF-1706/hyStrath_dlb/run/hyStrath/dsmcFoam+/xcx_test/zb-cylinder-react/mpi2omp4
nProcs : 1
Case   : /home/superxcx/code/OpenFoam/OF-1706/hyStrath_dlb/run/hyStrath/dsmcFoam+/xcx_test/zb-cylinder-react/mpi2omp4
nProcs : 1
sigFpe : Enabling floating point exception trapping (FOAM_SIGFPE).
fileModificationChecking : Monitoring run-time modified files using timeStampMaster (fileModificationSkew 10)
allowSystemOperations : Allowing user-supplied system call operations

sigFpe : Enabling floating point exception trapping (FOAM_SIGFPE).
fileModificationChecking : Monitoring run-time modified files using timeStampMaster (fileModificationSkew 10)
allowSystemOperations : Allowing user-supplied system call operations

// * * * * * * * * * * * * * * * * * * * * * * * * * * * * * * * * * * * * * //
Create time

// * * * * * * * * * * * * * * * * * * * * * * * * * * * * * * * * * * * * * //
Create time

Create mesh for time = 0

Create mesh for time = 0

Selecting dynamicFvMesh dynamicRefineFvMesh
Selecting dynamicFvMesh dynamicRefineFvMesh

Constructing dsmcCloud 

Constructing dsmcCloud 
Selecting the coordinate system model:	dsmcCartesian

Selecting the time-step model:	dsmcConstantTimeStepModel

Constant time-step model:
- time-step [sec]	6.640048894e-08

Selecting the porous measurement model:	dsmcNoPorousMediumMeasurements


Creating dsmcControllers

Creating fields: 

Selecting field: dsmcVolFields

TimeData Statistics: 
 measurement option: write
 nSamples: 1, time interval: 6.640048894e-08
 nAverages: 15060, time interval: 0.0009999913634
 total no. of sampling steps: 0
 total no. of averaging Steps: 0


Selecting the coordinate system model:	dsmcCartesian

Selecting the time-step model:	dsmcConstantTimeStepModel

Constant time-step model:
- time-step [sec]	6.640048894e-08

Selecting the porous measurement model:	dsmcNoPorousMediumMeasurements


Creating dsmcControllers

Creating fields: 

Selecting field: dsmcVolFields

TimeData Statistics: 
 measurement option: write
 nSamples: 1, time interval: 6.640048894e-08
 nAverages: 15060, time interval: 0.0009999913634
 total no. of sampling steps: 0
 total no. of averaging Steps: 0


Selecting field: dsmcVolFields

TimeData Statistics: 
 measurement option: write
 nSamples: 1, time interval: 6.640048894e-08
 nAverages: 15060, time interval: 0.0009999913634
 total no. of sampling steps: 0
 total no. of averaging Steps: 0


Selecting field: dsmcVolFields

TimeData Statistics: 
 measurement option: write
 nSamples: 1, time interval: 6.640048894e-08
 nAverages: 15060, time interval: 0.0009999913634
 total no. of sampling steps: 0
 total no. of averaging Steps: 0


Selecting field: dsmcVolFields

TimeData Statistics: 
 measurement option: write
 nSamples: 1, time interval: 6.640048894e-08
 nAverages: 15060, time interval: 0.0009999913634
 total no. of sampling steps: 0
 total no. of averaging Steps: 0


Selecting field: dsmcVolFields

TimeData Statistics: 
 measurement option: write
 nSamples: 1, time interval: 6.640048894e-08
 nAverages: 15060, time interval: 0.0009999913634
 total no. of sampling steps: 0
 total no. of averaging Steps: 0


Selecting field: dsmcVolFields

TimeData Statistics: 
 measurement option: write
 nSamples: 1, time interval: 6.640048894e-08
 nAverages: 15060, time interval: 0.0009999913634
 total no. of sampling steps: 0
 total no. of averaging Steps: 0


Selecting field: dsmcVolFields

TimeData Statistics: 
 measurement option: write
 nSamples: 1, time interval: 6.640048894e-08
 nAverages: 15060, time interval: 0.0009999913634
 total no. of sampling steps: 0
 total no. of averaging Steps: 0


Selecting field: dsmcVolFields

TimeData Statistics: 
 measurement option: write
 nSamples: 1, time interval: 6.640048894e-08
 nAverages: 15060, time interval: 0.0009999913634
 total no. of sampling steps: 0
 total no. of averaging Steps: 0


Selecting field: dsmcVolFields

TimeData Statistics: 
 measurement option: write
 nSamples: 1, time interval: 6.640048894e-08
 nAverages: 15060, time interval: 0.0009999913634
 total no. of sampling steps: 0
 total no. of averaging Steps: 0


Selecting field: dsmcVolFields

TimeData Statistics: 
 measurement option: write
 nSamples: 1, time interval: 6.640048894e-08
 nAverages: 15060, time interval: 0.0009999913634
 total no. of sampling steps: 0
 total no. of averaging Steps: 0


Selecting field: dsmcVolFields

TimeData Statistics: 
 measurement option: write
 nSamples: 1, time interval: 6.640048894e-08
 nAverages: 15060, time interval: 0.0009999913634
 total no. of sampling steps: 0
 total no. of averaging Steps: 0


Creating the boundary models: 

Selecting dsmcPatchBoundaryModel dsmcDeletionPatch
Selecting dsmcPatchBoundaryModel dsmcDeletionPatch
Selecting dsmcPatchBoundaryModel dsmcDiffuseWallPatch
Selecting dsmcGeneralBoundaryModel dsmcFreeStreamInflowPatch
Selecting BinaryCollisionModel LarsenBorgnakkeVariableHardSphere

Creating dsmcReactions

Selecting the reaction model dissociationQK
Selecting the reaction model dissociationExchangeQK
Selecting the reaction model dissociationQK
Selecting the reaction model dissociationQK
Selecting the reaction model dissociationQK
Selecting the reaction model dissociationQK
Selecting the reaction model dissociationQK
Selecting the reaction model dissociationExchangeQK
Selecting the reaction model dissociationQK
Selecting the reaction model dissociationExchangeQK
Selecting the reaction model dissociationExchangeQK
Selecting the reaction model dissociationQK
Number of reactions created: 12
Creating the boundary models: 

Selecting dsmcPatchBoundaryModel dsmcDeletionPatch
Selecting dsmcPatchBoundaryModel dsmcDeletionPatch
Selecting dsmcPatchBoundaryModel dsmcDiffuseWallPatch
Selecting dsmcGeneralBoundaryModel dsmcFreeStreamInflowPatch
Selecting BinaryCollisionModel LarsenBorgnakkeVariableHardSphere

Creating dsmcReactions

Selecting the reaction model dissociationQK
Selecting the reaction model dissociationExchangeQK
Selecting the reaction model dissociationQK
Selecting the reaction model dissociationQK
Selecting the reaction model dissociationQK
Selecting the reaction model dissociationQK
Selecting the reaction model dissociationQK
Selecting the reaction model dissociationExchangeQK
Selecting the reaction model dissociationQK
Selecting the reaction model dissociationExchangeQK
Selecting the reaction model dissociationExchangeQK
Selecting the reaction model dissociationQK
Number of reactions created: 12

Constructing constant properties for
	N2
	O2
	NO
	N
	O
Selecting collisionPartnerSelectionModel noTimeCounter
Collision profile: collisionReduceOnlyOnOutput defaulted to true for replicatedMesh run
Collision profile: collisionOutputGlobalReduce defaulted to false for replicatedMesh run

Initialising the measurement fields

Initialising dsmcVolFields field
Initialising dsmcVolFields field
Initialising dsmcVolFields field
Initialising dsmcVolFields field
Initialising dsmcVolFields field
Initialising dsmcVolFields field

Constructing constant properties for
	N2
	O2
	NO
	N
	O
Selecting collisionPartnerSelectionModel noTimeCounter
Collision profile: collisionReduceOnlyOnOutput defaulted to true for replicatedMesh run
Collision profile: collisionOutputGlobalReduce defaulted to false for replicatedMesh run

Initialising the measurement fields

Initialising dsmcVolFields field
Initialising dsmcVolFields field
Initialising dsmcVolFields field
Initialising dsmcVolFields field
Initialising dsmcVolFields field
Initialising dsmcVolFields field
Replicated mesh: METIS decomposition complete, 60000 cells -> 2 ranks
Replicated mesh: rank 0 owns 30000 / 60000 cells
Local mesh: 30000 owned + 446 halo = 30446 / 60000 cells
Replicated mesh: flatTransfer=1 found=1
Replicated mesh: flat POD transfer enabled
Replicated mesh: gatherCandidates=0
Replicated mesh: overlapSizeExchange=0
Replicated mesh: writeMode=gathered
Phase C auto DLB: enabled (ParMETIS AdaptiveRepart), imbalanceThreshold=1.5, dlbSteps=50, sarSteps=50, triggerMode=legacyWindow, minGapSteps=50, checkCollective=allgather, particleGate=0, particleGateThreshold=1.5, skipPostDiag=0, adaptiveAlpha=0
Replicated mesh: initialized with 2 MPI ranks, migrate interval 10

Starting time loop

Replicated mesh: initial particle distribution

Replicated mesh: rank 0 kept 569477 parcels, deleted 737268 non-owned parcels
Time = 6.640048894e-07

    Collision global reduction skipped (rank 0 local diagnostics)
    Collisions                      = 13749
    Collision candidates           = 19714
    Collision acceptance rate      = 0.6974231511

    Number of DSMC particles        = 1330292
    Number of stuck particles       = 0
    Number of free particles        = 1330292
    Average linear kinetic energy   = 1.893627967e-19
    Average rotational energy       = 1.331591833e-21
    Average vibrational energy      = 1.170700267e-25
    Average electronic energy       = 0
    Total energy                    = 0.001522076252

Stage 1.0  ExecutionTime = 9.12 s  ClockTime = 6 s  Iteration 10 (1.24 s)

Time = 1.328009779e-06

    Collision global reduction skipped (rank 0 local diagnostics)
    Collisions                      = 23419
    Collision candidates           = 37842
    Collision acceptance rate      = 0.6188626394

    Number of DSMC particles        = 1353949
    Number of stuck particles       = 0
    Number of free particles        = 1353949
    Average linear kinetic energy   = 1.866187272e-19
    Average rotational energy       = 1.565827207e-21
    Average vibrational energy      = 1.380294117e-25
    Average electronic energy       = 0
    Total energy                    = 0.001528754857

Stage 1.0  ExecutionTime = 14.08 s  ClockTime = 7 s  Iteration 20 (1.35 s)

Time = 1.992014668e-06

    Collision global reduction skipped (rank 0 local diagnostics)
    Collisions                      = 33400
    Collision candidates           = 57922
    Collision acceptance rate      = 0.576637547

    Number of DSMC particles        = 1377443
    Number of stuck particles       = 0
    Number of free particles        = 1377443
    Average linear kinetic energy   = 1.841354377e-19
    Average rotational energy       = 1.89497995e-21
    Average vibrational energy      = 2.487377728e-25
    Average electronic energy       = 0
    Total energy                    = 0.001537479835

Stage 1.0  ExecutionTime = 19.79 s  ClockTime = 9 s  Iteration 30 (1.37 s)

Time = 2.656019558e-06

    Collision global reduction skipped (rank 0 local diagnostics)
    Collisions                      = 43842
    Collision candidates           = 78563
    Collision acceptance rate      = 0.5580489543

    Number of DSMC particles        = 1400943
    Number of stuck particles       = 0
    Number of free particles        = 1400943
    Average linear kinetic energy   = 1.819034632e-19
    Average rotational energy       = 2.295816942e-21
    Average vibrational energy      = 1.333992775e-25
    Average electronic energy       = 0
    Total energy                    = 0.001548317274

Stage 1.0  ExecutionTime = 25.91 s  ClockTime = 11 s  Iteration 40 (1.53 s)

Time = 3.320024447e-06

    Collision global reduction skipped (rank 0 local diagnostics)
    Collisions                      = 53335
    Collision candidates           = 98461
    Collision acceptance rate      = 0.5416865561

    Number of DSMC particles        = 1424426
    Number of stuck particles       = 0
    Number of free particles        = 1424426
    Average linear kinetic energy   = 1.798723559e-19
    Average rotational energy       = 2.746342858e-21
    Average vibrational energy      = 3.385554873e-25
    Average electronic energy       = 0
    Total energy                    = 0.001560763829

Stage 1.0  ExecutionTime = 32.38 s  ClockTime = 13 s  Iteration 50 (1.55 s)

Time = 3.984029336e-06

    Collision global reduction skipped (rank 0 local diagnostics)
    Collisions                      = 63466
    Collision candidates           = 118669
    Collision acceptance rate      = 0.5348153267

    Number of DSMC particles        = 1447642
    Number of stuck particles       = 0
    Number of free particles        = 1447642
    Average linear kinetic energy   = 1.779891737e-19
    Average rotational energy       = 3.220598715e-21
    Average vibrational energy      = 2.473100059e-25
    Average electronic energy       = 0
    Total energy                    = 0.001573963412

Stage 1.0  ExecutionTime = 39.33 s  ClockTime = 15 s  Iteration 60 (1.63 s)

Time = 4.648034226e-06

    Collision global reduction skipped (rank 0 local diagnostics)
    Collisions                      = 73115
    Collision candidates           = 138299
    Collision acceptance rate      = 0.5286733816

    Number of DSMC particles        = 1471170
    Number of stuck particles       = 0
    Number of free particles        = 1471170
    Average linear kinetic energy   = 1.76233977e-19
    Average rotational energy       = 3.728141293e-21
    Average vibrational energy      = 4.443658959e-25
    Average electronic energy       = 0
    Total energy                    = 0.001588533139

Stage 1.0  ExecutionTime = 47.04 s  ClockTime = 15 s  Iteration 70 (1.75 s)

Time = 5.312039115e-06

    Collision global reduction skipped (rank 0 local diagnostics)
    Collisions                      = 82338
    Collision candidates           = 156989
    Collision acceptance rate      = 0.5244826071

    Number of DSMC particles        = 1494348
    Number of stuck particles       = 0
    Number of free particles        = 1494348
    Average linear kinetic energy   = 1.746125873e-19
    Average rotational energy       = 4.236472186e-21
    Average vibrational energy      = 7.700089424e-25
    Average electronic energy       = 0
    Total energy                    = 0.00160358331

Stage 1.0  ExecutionTime = 55.27 s  ClockTime = 18 s  Iteration 80 (1.78 s)

Time = 5.976044005e-06

    Collision global reduction skipped (rank 0 local diagnostics)
    Collisions                      = 90785
    Collision candidates           = 174644
    Collision acceptance rate      = 0.5198289091

    Number of DSMC particles        = 1517629
    Number of stuck particles       = 0
    Number of free particles        = 1517629
    Average linear kinetic energy   = 1.730936275e-19
    Average rotational energy       = 4.747376472e-21
    Average vibrational energy      = 8.506719333e-25
    Average electronic energy       = 0
    Total energy                    = 0.001619387736

Stage 1.0  ExecutionTime = 63.72 s  ClockTime = 20 s  Iteration 90 (1.88 s)

Time = 6.640048894e-06

    Collision global reduction skipped (rank 0 local diagnostics)
    Collisions                      = 98595
    Collision candidates           = 191524
    Collision acceptance rate      = 0.5147918799


Phase C auto DLB triggered (SAR) at step 100: sar=1.820959289 loadImbalance=1.355228895 threshold=1.5 particleMaxMin=1
Phase C ParMETIS weights: particles=1540735 activeCells=60000 maxCellParticles=311
Phase C ParMETIS: alpha=1 ncon=1 ubvec=[1.049999952] moveRatio=0.8437528939 (moveT=10.43875984s, collT=1.933061241s)
Phase C ParMETIS: AdaptiveRepart (60000 cells, 1 constraints, ubvec=1.049999952)
Replicated mesh: rank 0 owns 30006 / 60000 cells
Local mesh: 30006 owned + 444 halo = 30450 / 60000 cells
Phase C ParMETIS AdaptiveRepart: 10 / 60000 cells changed (0.0001666666667)
Phase C auto DLB complete: rebalance #1

    Number of DSMC particles        = 1540735
    Number of stuck particles       = 0
    Number of free particles        = 1540735
    Average linear kinetic energy   = 1.716413476e-19
    Average rotational energy       = 5.29178845e-21
    Average vibrational energy      = 1.524791891e-24
    Average electronic energy       = 0
    Total energy                    = 0.001635656548

Stage 1.0  ExecutionTime = 73.27 s  ClockTime = 23 s  Iteration 100 (2.68 s)

Time = 7.304053783e-06

    Collision global reduction skipped (rank 0 local diagnostics)
    Collisions                      = 107045
    Collision candidates           = 208608
    Collision acceptance rate      = 0.5131394769

    Number of DSMC particles        = 1563714
    Number of stuck particles       = 0
    Number of free particles        = 1563714
    Average linear kinetic energy   = 1.702922754e-19
    Average rotational energy       = 5.809643046e-21
    Average vibrational energy      = 1.770945674e-24
    Average electronic energy       = 0
    Total energy                    = 0.001652254827

Stage 1.0  ExecutionTime = 82.7 s  ClockTime = 26 s  Iteration 110 (2.11 s)

Time = 7.968058673e-06

    Collision global reduction skipped (rank 0 local diagnostics)
    Collisions                      = 115941
    Collision candidates           = 226152
    Collision acceptance rate      = 0.5126684708

    Number of DSMC particles        = 1586667
    Number of stuck particles       = 0
    Number of free particles        = 1586667
    Average linear kinetic energy   = 1.690021666e-19
    Average rotational energy       = 6.3152581e-21
    Average vibrational energy      = 2.078597144e-24
    Average electronic energy       = 0
    Total energy                    = 0.001669042022

Stage 1.0  ExecutionTime = 92.47 s  ClockTime = 30 s  Iteration 120 (2.17 s)

Time = 8.632063562e-06

    Collision global reduction skipped (rank 0 local diagnostics)
    Collisions                      = 123059
    Collision candidates           = 241110
    Collision acceptance rate      = 0.5103853013

    Number of DSMC particles        = 1609018
    Number of stuck particles       = 0
    Number of free particles        = 1609018
    Average linear kinetic energy   = 1.677744112e-19
    Average rotational energy       = 6.823629101e-21
    Average vibrational energy      = 2.485167941e-24
    Average electronic energy       = 0
    Total energy                    = 0.00168561233

Stage 1.0  ExecutionTime = 103 s  ClockTime = 33 s  Iteration 130 (2.37 s)

Time = 9.296068452e-06

    Collision global reduction skipped (rank 0 local diagnostics)
    Collisions                      = 130147
    Collision candidates           = 256214
    Collision acceptance rate      = 0.5079620942

    Number of DSMC particles        = 1631586
    Number of stuck particles       = 0
    Number of free particles        = 1631586
    Average linear kinetic energy   = 1.666251595e-19
    Average rotational energy       = 7.314283146e-21
    Average vibrational energy      = 3.203429963e-24
    Average electronic energy       = 0
    Total energy                    = 0.001702814317

Stage 1.0  ExecutionTime = 113.95 s  ClockTime = 37 s  Iteration 140 (2.21 s)

Time = 9.960073341e-06

    Collision global reduction skipped (rank 0 local diagnostics)
    Collisions                      = 136527
    Collision candidates           = 269711
    Collision acceptance rate      = 0.5061973742

    Number of DSMC particles        = 1653611
    Number of stuck particles       = 0
    Number of free particles        = 1653611
    Average linear kinetic energy   = 1.655202303e-19
    Average rotational energy       = 7.816891826e-21
    Average vibrational energy      = 3.904242826e-24
    Average electronic energy       = 0
    Total energy                    = 0.001719831768

Stage 1.0  ExecutionTime = 125 s  ClockTime = 40 s  Iteration 150 (2.26 s)

Time = 1.062407823e-05

    Collision global reduction skipped (rank 0 local diagnostics)
    Collisions                      = 143571
    Collision candidates           = 284369
    Collision acceptance rate      = 0.5048757073

    Number of DSMC particles        = 1675906
    Number of stuck particles       = 0
    Number of free particles        = 1675906
    Average linear kinetic energy   = 1.644559011e-19
    Average rotational energy       = 8.298910242e-21
    Average vibrational energy      = 4.668992447e-24
    Average electronic energy       = 0
    Total energy                    = 0.001737171898

Stage 1.0  ExecutionTime = 136.44 s  ClockTime = 44 s  Iteration 160 (2.31 s)

Time = 1.128808312e-05

    Collision global reduction skipped (rank 0 local diagnostics)
    Collisions                      = 151175
    Collision candidates           = 298864
    Collision acceptance rate      = 0.5058320842

    Number of DSMC particles        = 1697603
    Number of stuck particles       = 0
    Number of free particles        = 1697603
    Average linear kinetic energy   = 1.634373075e-19
    Average rotational energy       = 8.77817974e-21
    Average vibrational energy      = 5.205519518e-24
    Average electronic energy       = 0
    Total energy                    = 0.001754174188

Stage 1.0  ExecutionTime = 148.23 s  ClockTime = 45 s  Iteration 170 (2.44 s)

Time = 1.195208801e-05

    Collision global reduction skipped (rank 0 local diagnostics)
    Collisions                      = 158286
    Collision candidates           = 313390
    Collision acceptance rate      = 0.5050767414

    Number of DSMC particles        = 1718842
    Number of stuck particles       = 0
    Number of free particles        = 1718842
    Average linear kinetic energy   = 1.624440771e-19
    Average rotational energy       = 9.243150261e-21
    Average vibrational energy      = 5.928111447e-24
    Average electronic energy       = 0
    Total energy                    = 0.00177068044

Stage 1.0  ExecutionTime = 160.23 s  ClockTime = 49 s  Iteration 180 (2.39 s)

Time = 1.26160929e-05

    Collision global reduction skipped (rank 0 local diagnostics)
    Collisions                      = 164696
    Collision candidates           = 327038
    Collision acceptance rate      = 0.5035989702

    Number of DSMC particles        = 1740535
    Number of stuck particles       = 0
    Number of free particles        = 1740535
    Average linear kinetic energy   = 1.615268522e-19
    Average rotational energy       = 9.679226643e-21
    Average vibrational energy      = 7.346940977e-24
    Average electronic energy       = 0
    Total energy                    = 0.001788017761

Stage 1.0  ExecutionTime = 172.86 s  ClockTime = 53 s  Iteration 190 (2.38 s)

Time = 1.328009779e-05

    Collision global reduction skipped (rank 0 local diagnostics)
    Collisions                      = 171563
    Collision candidates           = 339671
    Collision acceptance rate      = 0.5050858036

    Number of DSMC particles        = 1761484
    Number of stuck particles       = 0
    Number of free particles        = 1761484
    Average linear kinetic energy   = 1.606593651e-19
    Average rotational energy       = 1.009770076e-20
    Average vibrational energy      = 7.913410592e-24
    Average electronic energy       = 0
    Total energy                    = 0.001804798673

Stage 1.0  ExecutionTime = 185.69 s  ClockTime = 57 s  Iteration 200 (2.3 s)

Time = 1.394410268e-05

    Collision global reduction skipped (rank 0 local diagnostics)
    Collisions                      = 178039
    Collision candidates           = 353104
    Collision acceptance rate      = 0.5042112239

    Number of DSMC particles        = 1782152
    Number of stuck particles       = 0
    Number of free particles        = 1782152
    Average linear kinetic energy   = 1.597715661e-19
    Average rotational energy       = 1.054667462e-20
    Average vibrational energy      = 9.463308374e-24
    Average electronic energy       = 0
    Total energy                    = 0.00182129915

Stage 1.0  ExecutionTime = 198.83 s  ClockTime = 61 s  Iteration 210 (2.37 s)

Time = 1.460810757e-05

    Collision global reduction skipped (rank 0 local diagnostics)
    Collisions                      = 184158
    Collision candidates           = 366432
    Collision acceptance rate      = 0.5025707362

    Number of DSMC particles        = 1802624
    Number of stuck particles       = 0
    Number of free particles        = 1802624
    Average linear kinetic energy   = 1.589425189e-19
    Average rotational energy       = 1.094815179e-20
    Average vibrational energy      = 1.123784812e-23
    Average electronic energy       = 0
    Total energy                    = 0.001837615548

Stage 1.0  ExecutionTime = 212.16 s  ClockTime = 65 s  Iteration 220 (2.39 s)

Time = 1.527211246e-05

    Collision global reduction skipped (rank 0 local diagnostics)
    Collisions                      = 189273
    Collision candidates           = 377607
    Collision acceptance rate      = 0.5012433562

    Number of DSMC particles        = 1822345
    Number of stuck particles       = 0
    Number of free particles        = 1822345
    Average linear kinetic energy   = 1.581078792e-19
    Average rotational energy       = 1.13725093e-20
    Average vibrational energy      = 1.20887041e-23
    Average electronic energy       = 0
    Total energy                    = 0.00185324261

Stage 1.0  ExecutionTime = 226.05 s  ClockTime = 69 s  Iteration 230 (2.38 s)

Time = 1.593611735e-05

    Collision global reduction skipped (rank 0 local diagnostics)
    Collisions                      = 195372
    Collision candidates           = 389628
    Collision acceptance rate      = 0.5014321353

    Number of DSMC particles        = 1842538
    Number of stuck particles       = 0
    Number of free particles        = 1842538
    Average linear kinetic energy   = 1.573163581e-19
    Average rotational energy       = 1.17713249e-20
    Average vibrational energy      = 1.376306943e-23
    Average electronic energy       = 0
    Total energy                    = 0.001869455041

Stage 1.0  ExecutionTime = 240.33 s  ClockTime = 73 s  Iteration 240 (2.57 s)

Time = 1.660012224e-05

    Collision global reduction skipped (rank 0 local diagnostics)
    Collisions                      = 201066
    Collision candidates           = 400489
    Collision acceptance rate      = 0.5020512424

    Number of DSMC particles        = 1861939
    Number of stuck particles       = 0
    Number of free particles        = 1861939
    Average linear kinetic energy   = 1.565338699e-19
    Average rotational energy       = 1.216451915e-20
    Average vibrational energy      = 1.478181065e-23
    Average electronic energy       = 0
    Total energy                    = 0.001884801796

Stage 1.0  ExecutionTime = 254.8 s  ClockTime = 76 s  Iteration 250 (2.34 s)

Time = 1.726412712e-05

    Collision global reduction skipped (rank 0 local diagnostics)
    Collisions                      = 207283
    Collision candidates           = 413125
    Collision acceptance rate      = 0.5017440242

    Number of DSMC particles        = 1881765
    Number of stuck particles       = 0
    Number of free particles        = 1881765
    Average linear kinetic energy   = 1.557824101e-19
    Average rotational energy       = 1.255298144e-20
    Average vibrational energy      = 1.58996419e-23
    Average electronic energy       = 0
    Total energy                    = 0.001900785405

Stage 1.0  ExecutionTime = 269.71 s  ClockTime = 80 s  Iteration 260 (2.25 s)

Time = 1.792813201e-05

    Collision global reduction skipped (rank 0 local diagnostics)
    Collisions                      = 213511
    Collision candidates           = 424634
    Collision acceptance rate      = 0.5028118332

    Number of DSMC particles        = 1901170
    Number of stuck particles       = 0
    Number of free particles        = 1901170
    Average linear kinetic energy   = 1.550696813e-19
    Average rotational energy       = 1.290245159e-20
    Average vibrational energy      = 1.720337961e-23
    Average electronic energy       = 0
    Total energy                    = 0.001916257718

Stage 1.0  ExecutionTime = 284.54 s  ClockTime = 84 s  Iteration 270 (2.36 s)

Time = 1.85921369e-05

    Collision global reduction skipped (rank 0 local diagnostics)
    Collisions                      = 217778
    Collision candidates           = 434526
    Collision acceptance rate      = 0.5011851995

    Number of DSMC particles        = 1920383
    Number of stuck particles       = 0
    Number of free particles        = 1920383
    Average linear kinetic energy   = 1.543704024e-19
    Average rotational energy       = 1.32676781e-20
    Average vibrational energy      = 1.783272212e-23
    Average electronic energy       = 0
    Total energy                    = 0.001931781394

Stage 1.0  ExecutionTime = 301.08 s  ClockTime = 89 s  Iteration 280 (2.28 s)

Time = 1.925614179e-05

    Collision global reduction skipped (rank 0 local diagnostics)
    Collisions                      = 223045
    Collision candidates           = 445150
    Collision acceptance rate      = 0.5010558239

    Number of DSMC particles        = 1939175
    Number of stuck particles       = 0
    Number of free particles        = 1939175
    Average linear kinetic energy   = 1.536718408e-19
    Average rotational energy       = 1.363703999e-20
    Average vibrational energy      = 1.859059367e-23
    Average electronic energy       = 0
    Total energy                    = 0.001946863496

Stage 1.0  ExecutionTime = 316.61 s  ClockTime = 93 s  Iteration 290 (2.28 s)

Time = 1.992014668e-05

    Collision global reduction skipped (rank 0 local diagnostics)
    Collisions                      = 229406
    Collision candidates           = 456386
    Collision acceptance rate      = 0.5026578379

    Number of DSMC particles        = 1957857
    Number of stuck particles       = 0
    Number of free particles        = 1957857
    Average linear kinetic energy   = 1.530075127e-19
    Average rotational energy       = 1.398370326e-20
    Average vibrational energy      = 1.936645502e-23
    Average electronic energy       = 0
    Total energy                    = 0.001961897027

Stage 1.0  ExecutionTime = 332.61 s  ClockTime = 97 s  Iteration 300 (2.22 s)

End stage 1


DSMC solver profile summary
    solver profile steps          = 300
    move+collide wall [s]         = 96.28179467
    move only [s]                 = 63.0357373
    buildCellOccupancy [s]        = 26.44252695
    collision phase [s]           = 12.57811848
    post fields/output [s]        = 0.212603008
    total profiled [s]            = 102.2689857
    full evolve wall [s]          = 96.47189581
    move+collide cpu [s]          = 358.02
    move only cpu [s]             = 235.71
    buildCellOccupancy cpu [s]    = 96.54
    collision phase cpu [s]       = 47.33
    post fields/output cpu [s]    = 0.87
    total profiled cpu [s]        = 380.45
    full evolve cpu [s]           = 358.77
    collision localLoop max [s] = 12.55752789
    collision reduce max [s]    = 0
    collision sigmaBC max [s]   = 0.016354391
    collision total max [s]     = 12.57441503
    collision accounted max [s] = 12.57388228
    collision residual max [s]  = 0.000532747
    collision subphase max sum [s] = 12.57388228
    collision cumulative global collisions = 42952433
    collision cumulative global candidates  = 82705654
    collision cumulative acceptance        = 0.519340951
    OpenMP enabled                = 1
    OpenMP max threads            = 4
    OpenMP move                   = 1 (static, chunk 64)
    OpenMP collision              = dynamic, chunk 8


Replicated mesh profiling summary:
    migration calls             = 32
    migration wall time [s]     = 4.831029525
    local particles (final)     = 1203871
    migration wall max [s]      = 4.831029525
    migration pack max [s]      = 2.202416101
    migration local prep max [s]= 0.240433972
    migration size exchange max [s] = 3.248692532
    migration request post max [s] = 0.128261346
    migration wait max [s]      = 0.139800189
    migration deserialize max [s] = 0.304680335
    migration post max [s]      = 4.5261e-05
    migration candidate gather max [s] = 1.794e-06
    migration accounted max [s] = 4.831029525
    migration residual max [s]  = 8.881784197e-16
    updateParticleCounts max [s]= 0.309861503
    migration subphase max sum [s] = 6.26433153
    particles per rank          = min 737045 max 1203871 max/min 1.633375167
    rank wall time (evolve, 300 steps): min 292.34 max 357.17 max/min 1.221762332
    Phase C auto DLB checks      = 300
    Phase C auto DLB rebalances = 1
    Phase C auto DLB triggered checks = 1
    Phase C auto DLB wall max [s]= 3.265198611
    Phase C auto DLB check max [s]= 3.046323382
    Phase C ParMETIS max [s]     = 0.152265691
    Phase C migration max [s]    = 0.072819079
    Phase C cellOwner write max [s] = 0
    Phase C post-diagnostic max [s] = 5.4097e-05
    Phase C auto DLB accounted max [s] = 3.271462249
    Phase C auto DLB residual max [s] = -0.006263638

Total Iterations = 300
End main

real 98.24
user 689.77
sys 16.17
