/*---------------------------------------------------------------------------*\
| =========                 |                                                 |
| \\      /  F ield         | OpenFOAM: The Open Source CFD Toolbox           |
|  \\    /   O peration     | Version:  v1706                                 |
|   \\  /    A nd           | Web:      www.OpenFOAM.com                      |
|    \\/     M anipulation  |                                                 |
\*---------------------------------------------------------------------------*/
Build  : v1706
Arch   : "LSB;label=32;scalar=64"
Exec   : dsmcFoam+ -case /tmp/hystrath_ourmesh_mpi8_deferred_reduce_20260612
Date   : Jun 12 2026
Time   : 01:59:17
Host   : "SuperXCX-ROG"
PID    : 851296
/*---------------------------------------------------------------------------*\
| =========                 |                                                 |
| \\      /  F ield         | OpenFOAM: The Open Source CFD Toolbox           |
|  \\    /   O peration     | Version:  v1706                                 |
|   \\  /    A nd           | Web:      www.OpenFOAM.com                      |
|    \\/     M anipulation  |                                                 |
\*---------------------------------------------------------------------------*/
Build  : v1706
Arch   : "LSB;label=32;scalar=64"
Exec   : dsmcFoam+ -case /tmp/hystrath_ourmesh_mpi8_deferred_reduce_20260612
Date   : Jun 12 2026
Time   : 01:59:17
Host   : "SuperXCX-ROG"
PID    : 851297
/*---------------------------------------------------------------------------*\
| =========                 |                                                 |
| \\      /  F ield         | OpenFOAM: The Open Source CFD Toolbox           |
|  \\    /   O peration     | Version:  v1706                                 |
|   \\  /    A nd           | Web:      www.OpenFOAM.com                      |
|    \\/     M anipulation  |                                                 |
\*---------------------------------------------------------------------------*/
Build  : v1706
Arch   : "LSB;label=32;scalar=64"
Exec   : dsmcFoam+ -case /tmp/hystrath_ourmesh_mpi8_deferred_reduce_20260612
Date   : Jun 12 2026
Time   : 01:59:17
Host   : "SuperXCX-ROG"
PID    : 851294
Case   : /tmp/hystrath_ourmesh_mpi8_deferred_reduce_20260612
nProcs : 1
sigFpe : Enabling floating point exception trapping (FOAM_SIGFPE).
Case   : /tmp/hystrath_ourmesh_mpi8_deferred_reduce_20260612
nProcs : 1
sigFpe : Enabling floating point exception trapping (FOAM_SIGFPE).
fileModificationChecking : Monitoring run-time modified files using timeStampMaster (fileModificationSkew 10)
allowSystemOperations : Allowing user-supplied system call operations

// * * * * * * * * * * * * * * * * * * * * * * * * * * * * * * * * * * * * * //
Create time

Case   : /tmp/hystrath_ourmesh_mpi8_deferred_reduce_20260612
nProcs : 1
sigFpe : Enabling floating point exception trapping (FOAM_SIGFPE).
fileModificationChecking : Monitoring run-time modified files using timeStampMaster (fileModificationSkew 10)
allowSystemOperations : Allowing user-supplied system call operations

// * * * * * * * * * * * * * * * * * * * * * * * * * * * * * * * * * * * * * //
Create time

/*---------------------------------------------------------------------------*\
| =========                 |                                                 |
| \\      /  F ield         | OpenFOAM: The Open Source CFD Toolbox           |
|  \\    /   O peration     | Version:  v1706                                 |
|   \\  /    A nd           | Web:      www.OpenFOAM.com                      |
|    \\/     M anipulation  |                                                 |
\*---------------------------------------------------------------------------*/
Build  : v1706
Arch   : "LSB;label=32;scalar=64"
Exec   : dsmcFoam+ -case /tmp/hystrath_ourmesh_mpi8_deferred_reduce_20260612
Date   : Jun 12 2026
Time   : 01:59:17
Host   : "SuperXCX-ROG"
PID    : 851295
fileModificationChecking : Monitoring run-time modified files using timeStampMaster (fileModificationSkew 10)
allowSystemOperations : Allowing user-supplied system call operations

// * * * * * * * * * * * * * * * * * * * * * * * * * * * * * * * * * * * * * //
Create time

/*---------------------------------------------------------------------------*\
| =========                 |                                                 |
| \\      /  F ield         | OpenFOAM: The Open Source CFD Toolbox           |
|  \\    /   O peration     | Version:  v1706                                 |
|   \\  /    A nd           | Web:      www.OpenFOAM.com                      |
|    \\/     M anipulation  |                                                 |
\*---------------------------------------------------------------------------*/
Build  : v1706
Arch   : "LSB;label=32;scalar=64"
Exec   : dsmcFoam+ -case /tmp/hystrath_ourmesh_mpi8_deferred_reduce_20260612
Date   : Jun 12 2026
Time   : 01:59:17
Host   : "SuperXCX-ROG"
PID    : 851298
Case   : /tmp/hystrath_ourmesh_mpi8_deferred_reduce_20260612
nProcs : 1
sigFpe : Enabling floating point exception trapping (FOAM_SIGFPE).
fileModificationChecking : Monitoring run-time modified files using timeStampMaster (fileModificationSkew 10)
allowSystemOperations : Allowing user-supplied system call operations

// * * * * * * * * * * * * * * * * * * * * * * * * * * * * * * * * * * * * * //
Create time

Case   : /tmp/hystrath_ourmesh_mpi8_deferred_reduce_20260612
nProcs : 1
sigFpe : Enabling floating point exception trapping (FOAM_SIGFPE).
fileModificationChecking : Monitoring run-time modified files using timeStampMaster (fileModificationSkew 10)
allowSystemOperations : Allowing user-supplied system call operations

// * * * * * * * * * * * * * * * * * * * * * * * * * * * * * * * * * * * * * //
Create time

Create mesh for time = 0

Create mesh for time = 0

Create mesh for time = 0

Create mesh for time = 0

Selecting dynamicFvMesh staticFvMesh
Selecting dynamicFvMesh staticFvMesh
Selecting dynamicFvMesh staticFvMesh
Selecting dynamicFvMesh staticFvMesh
/*---------------------------------------------------------------------------*\
| =========                 |                                                 |
| \\      /  F ield         | OpenFOAM: The Open Source CFD Toolbox           |
|  \\    /   O peration     | Version:  v1706                                 |
|   \\  /    A nd           | Web:      www.OpenFOAM.com                      |
|    \\/     M anipulation  |                                                 |
\*---------------------------------------------------------------------------*/
Build  : v1706
Arch   : "LSB;label=32;scalar=64"
Exec   : dsmcFoam+ -case /tmp/hystrath_ourmesh_mpi8_deferred_reduce_20260612
Date   : Jun 12 2026
Time   : 01:59:17
Host   : "SuperXCX-ROG"
PID    : 851292
Create mesh for time = 0

Selecting dynamicFvMesh staticFvMesh
Case   : /tmp/hystrath_ourmesh_mpi8_deferred_reduce_20260612
nProcs : 1
sigFpe : Enabling floating point exception trapping (FOAM_SIGFPE).
fileModificationChecking : Monitoring run-time modified files using timeStampMaster (fileModificationSkew 10)
allowSystemOperations : Allowing user-supplied system call operations

// * * * * * * * * * * * * * * * * * * * * * * * * * * * * * * * * * * * * * //
Create time

Create mesh for time = 0

Selecting dynamicFvMesh staticFvMesh
/*---------------------------------------------------------------------------*\
| =========                 |                                                 |
| \\      /  F ield         | OpenFOAM: The Open Source CFD Toolbox           |
|  \\    /   O peration     | Version:  v1706                                 |
|   \\  /    A nd           | Web:      www.OpenFOAM.com                      |
|    \\/     M anipulation  |                                                 |
\*---------------------------------------------------------------------------*/
Build  : v1706
Arch   : "LSB;label=32;scalar=64"
Exec   : dsmcFoam+ -case /tmp/hystrath_ourmesh_mpi8_deferred_reduce_20260612
Date   : Jun 12 2026
Time   : 01:59:17
Host   : "SuperXCX-ROG"
PID    : 851299
/*---------------------------------------------------------------------------*\
| =========                 |                                                 |
| \\      /  F ield         | OpenFOAM: The Open Source CFD Toolbox           |
|  \\    /   O peration     | Version:  v1706                                 |
|   \\  /    A nd           | Web:      www.OpenFOAM.com                      |
|    \\/     M anipulation  |                                                 |
\*---------------------------------------------------------------------------*/
Build  : v1706
Arch   : "LSB;label=32;scalar=64"
Exec   : dsmcFoam+ -case /tmp/hystrath_ourmesh_mpi8_deferred_reduce_20260612
Date   : Jun 12 2026
Time   : 01:59:17
Host   : "SuperXCX-ROG"
PID    : 851293
Case   : /tmp/hystrath_ourmesh_mpi8_deferred_reduce_20260612
nProcs : 1
sigFpe : Enabling floating point exception trapping (FOAM_SIGFPE).
fileModificationChecking : Monitoring run-time modified files using timeStampMaster (fileModificationSkew 10)
allowSystemOperations : Allowing user-supplied system call operations

Case   : /tmp/hystrath_ourmesh_mpi8_deferred_reduce_20260612
nProcs : 1
sigFpe : Enabling floating point exception trapping (FOAM_SIGFPE).
fileModificationChecking : Monitoring run-time modified files using timeStampMaster (fileModificationSkew 10)
allowSystemOperations : Allowing user-supplied system call operations

// * * * * * * * * * * * * * * * * * * * * * * * * * * * * * * * * * * * * * //
Create time

// * * * * * * * * * * * * * * * * * * * * * * * * * * * * * * * * * * * * * //
Create time

Create mesh for time = 0

Selecting dynamicFvMesh staticFvMesh
Create mesh for time = 0

Selecting dynamicFvMesh staticFvMesh

Constructing dsmcCloud 

Constructing dsmcCloud 

Constructing dsmcCloud 

Constructing dsmcCloud 

Constructing dsmcCloud 

Constructing dsmcCloud 

Constructing dsmcCloud 

Constructing dsmcCloud 
Selecting the coordinate system model:	dsmcCartesian

Selecting the time-step model:	dsmcConstantTimeStepModel

Selecting the coordinate system model:	dsmcCartesian

Selecting the time-step model:	dsmcConstantTimeStepModel

Constant time-step model:
- time-step [sec]	1e-07

Selecting the porous measurement model:	dsmcNoPorousMediumMeasurements

Constant time-step model:
- time-step [sec]	1e-07

Selecting the porous measurement model:	dsmcNoPorousMediumMeasurements

Selecting the coordinate system model:	dsmcCartesian

Selecting the time-step model:	dsmcConstantTimeStepModel

Constant time-step model:
- time-step [sec]	1e-07

Selecting the porous measurement model:	dsmcNoPorousMediumMeasurements

Selecting the coordinate system model:	dsmcCartesian

Selecting the time-step model:	dsmcConstantTimeStepModel


Creating dsmcControllers


Creating dsmcControllers

Creating fields: 

Selecting field: dsmcVolFields

TimeData Statistics: 
 measurement option: write
 nSamples: 1, time interval: 1e-07
 nAverages: 10000, time interval: 0.001
 total no. of sampling steps: 0
 total no. of averaging Steps: 0


Constant time-step model:
- time-step [sec]	1e-07

Selecting the porous measurement model:	dsmcNoPorousMediumMeasurements

Creating fields: 

Selecting field: dsmcVolFields

TimeData Statistics: 
 measurement option: write
 nSamples: 1, time interval: 1e-07
 nAverages: 10000, time interval: 0.001
 total no. of sampling steps: 0
 total no. of averaging Steps: 0


Selecting the coordinate system model:	dsmcCartesian

Selecting the time-step model:	dsmcConstantTimeStepModel

Constant time-step model:
- time-step [sec]	1e-07

Selecting the porous measurement model:	dsmcNoPorousMediumMeasurements


Creating dsmcControllers

Creating fields: 

Selecting field: dsmcVolFields

TimeData Statistics: 
 measurement option: write
 nSamples: 1, time interval: 1e-07
 nAverages: 10000, time interval: 0.001
 total no. of sampling steps: 0
 total no. of averaging Steps: 0



Creating dsmcControllers

Creating fields: 

Selecting field: dsmcVolFields

TimeData Statistics: 
 measurement option: write
 nSamples: 1, time interval: 1e-07
 nAverages: 10000, time interval: 0.001
 total no. of sampling steps: 0
 total no. of averaging Steps: 0



Creating dsmcControllers

Creating fields: 

Selecting field: dsmcVolFields

TimeData Statistics: 
 measurement option: write
 nSamples: 1, time interval: 1e-07
 nAverages: 10000, time interval: 0.001
 total no. of sampling steps: 0
 total no. of averaging Steps: 0


Selecting the coordinate system model:	dsmcCartesian

Selecting the time-step model:	dsmcConstantTimeStepModel

Constant time-step model:
- time-step [sec]	1e-07

Selecting the porous measurement model:	dsmcNoPorousMediumMeasurements

Selecting the coordinate system model:	dsmcCartesian

Selecting the time-step model:	dsmcConstantTimeStepModel

Constant time-step model:
- time-step [sec]	1e-07

Selecting the porous measurement model:	dsmcNoPorousMediumMeasurements


Creating dsmcControllers


Creating dsmcControllers

Creating fields: 

Selecting field: dsmcVolFields

TimeData Statistics: 
 measurement option: write
 nSamples: 1, time interval: 1e-07
 nAverages: 10000, time interval: 0.001
 total no. of sampling steps: 0
 total no. of averaging Steps: 0


Creating fields: 

Selecting field: dsmcVolFields

TimeData Statistics: 
 measurement option: write
 nSamples: 1, time interval: 1e-07
 nAverages: 10000, time interval: 0.001
 total no. of sampling steps: 0
 total no. of averaging Steps: 0


Selecting the coordinate system model:	dsmcCartesian

Selecting the time-step model:	dsmcConstantTimeStepModel

Constant time-step model:
- time-step [sec]	1e-07

Selecting the porous measurement model:	dsmcNoPorousMediumMeasurements

Creating the boundary models: 

Selecting dsmcPatchBoundaryModel dsmcDeletionPatch
Selecting dsmcPatchBoundaryModel dsmcDeletionPatch
Selecting dsmcPatchBoundaryModel dsmcDiffuseWallPatch
Selecting dsmcGeneralBoundaryModel dsmcFreeStreamInflowPatch
Creating the boundary models: 

Selecting dsmcPatchBoundaryModel dsmcDeletionPatch
Selecting dsmcPatchBoundaryModel dsmcDeletionPatch
Selecting dsmcPatchBoundaryModel dsmcDiffuseWallPatch
Selecting dsmcGeneralBoundaryModel dsmcFreeStreamInflowPatch

Creating dsmcControllers

Creating the boundary models: 

Selecting dsmcPatchBoundaryModel dsmcDeletionPatch
Selecting dsmcPatchBoundaryModel dsmcDeletionPatch
Selecting dsmcPatchBoundaryModel dsmcDiffuseWallPatch
Selecting dsmcGeneralBoundaryModel dsmcFreeStreamInflowPatch
Creating fields: 

Selecting field: dsmcVolFields

TimeData Statistics: 
 measurement option: write
 nSamples: 1, time interval: 1e-07
 nAverages: 10000, time interval: 0.001
 total no. of sampling steps: 0
 total no. of averaging Steps: 0


Creating the boundary models: 

Selecting dsmcPatchBoundaryModel dsmcDeletionPatch
Selecting dsmcPatchBoundaryModel dsmcDeletionPatch
Selecting dsmcPatchBoundaryModel dsmcDiffuseWallPatch
Selecting dsmcGeneralBoundaryModel dsmcFreeStreamInflowPatch
Creating the boundary models: 

Selecting dsmcPatchBoundaryModel dsmcDeletionPatch
Selecting dsmcPatchBoundaryModel dsmcDeletionPatch
Selecting dsmcPatchBoundaryModel dsmcDiffuseWallPatch
Selecting dsmcGeneralBoundaryModel dsmcFreeStreamInflowPatch
Selecting BinaryCollisionModel LarsenBorgnakkeVariableHardSphere

Creating dsmcReactions

There are no chemical reactions defined.
Selecting BinaryCollisionModel LarsenBorgnakkeVariableHardSphere

Creating dsmcReactions

There are no chemical reactions defined.
Selecting BinaryCollisionModel LarsenBorgnakkeVariableHardSphere

Creating dsmcReactions

There are no chemical reactions defined.
Selecting BinaryCollisionModel LarsenBorgnakkeVariableHardSphere

Creating dsmcReactions

There are no chemical reactions defined.
Selecting BinaryCollisionModel LarsenBorgnakkeVariableHardSphere

Creating dsmcReactions

There are no chemical reactions defined.
Creating the boundary models: 

Selecting dsmcPatchBoundaryModel dsmcDeletionPatch
Selecting dsmcPatchBoundaryModel dsmcDeletionPatch
Selecting dsmcPatchBoundaryModel dsmcDiffuseWallPatch
Selecting dsmcGeneralBoundaryModel dsmcFreeStreamInflowPatch
Creating the boundary models: 

Selecting dsmcPatchBoundaryModel dsmcDeletionPatch
Selecting dsmcPatchBoundaryModel dsmcDeletionPatch
Selecting dsmcPatchBoundaryModel dsmcDiffuseWallPatch
Selecting dsmcGeneralBoundaryModel dsmcFreeStreamInflowPatch
Selecting BinaryCollisionModel LarsenBorgnakkeVariableHardSphere

Creating dsmcReactions

There are no chemical reactions defined.
Selecting BinaryCollisionModel LarsenBorgnakkeVariableHardSphere

Creating dsmcReactions

There are no chemical reactions defined.
Creating the boundary models: 

Selecting dsmcPatchBoundaryModel dsmcDeletionPatch
Selecting dsmcPatchBoundaryModel dsmcDeletionPatch
Selecting dsmcPatchBoundaryModel dsmcDiffuseWallPatch
Selecting dsmcGeneralBoundaryModel dsmcFreeStreamInflowPatch
Selecting BinaryCollisionModel LarsenBorgnakkeVariableHardSphere

Creating dsmcReactions

There are no chemical reactions defined.

Constructing constant properties for
	N2
	O2
	NO
	N
	O

Constructing constant properties for
	N2
	O2
	NO
	N
	O

Constructing constant properties for
	N2
	O2
	NO
	N
	O

Constructing constant properties for
	N2
	O2
	NO
	N
	O

Constructing constant properties for
	N2
	O2
	NO
	N
	O

Constructing constant properties for
	N2
	O2
	NO
	N
	O

Constructing constant properties for
	N2
	O2
	NO
	N
	O
Selecting collisionPartnerSelectionModel noTimeCounter

Initialising the measurement fields

Initialising dsmcVolFields field
Selecting collisionPartnerSelectionModel noTimeCounter

Initialising the measurement fields

Initialising dsmcVolFields field

Constructing constant properties for
	N2
	O2
	NO
	N
	O
Selecting collisionPartnerSelectionModel noTimeCounter

Initialising the measurement fields

Initialising dsmcVolFields field
Selecting collisionPartnerSelectionModel noTimeCounter

Initialising the measurement fields

Initialising dsmcVolFields field
Selecting collisionPartnerSelectionModel noTimeCounter

Initialising the measurement fields

Initialising dsmcVolFields field
Selecting collisionPartnerSelectionModel noTimeCounter

Initialising the measurement fields

Initialising dsmcVolFields field
Selecting collisionPartnerSelectionModel noTimeCounter

Initialising the measurement fields

Initialising dsmcVolFields field
Selecting collisionPartnerSelectionModel noTimeCounter

Initialising the measurement fields

Initialising dsmcVolFields field
Replicated mesh: METIS decomposition complete, 104151 cells -> 8 ranks
Replicated mesh: rank 0 owns 13019 / 104151 cells
Local mesh: 13019 owned + 310 halo = 13329 / 104151 cells
Replicated mesh: no-Alltoall async migration enabled
Replicated mesh: flatTransfer=1 found=1
Replicated mesh: flat POD transfer enabled
Replicated mesh: writeMode=gathered
Phase C auto DLB: enabled (ParMETIS AdaptiveRepart), imbalanceThreshold=1.5, dlbSteps=50, sarSteps=10, triggerMode=legacyWindow, minGapSteps=50, checkCollective=allgather, skipFixedKPostDiag=0
Replicated mesh: initialized with 8 MPI ranks, migrate interval 10

Starting time loop

Replicated mesh: initial particle distribution

Replicated mesh: rank 0 kept 251356 parcels, deleted 1806661 non-owned parcels
Replicated mesh migration[2]: rank 0 sent 587 parcels, received 408 (global 3866) wall 0.013897931s [pack 0.000183961s MPI 0.005804037s deser 0.00131443s]
Replicated mesh migration[3]: rank 0 sent 5277 parcels, received 3503 (global 35371) wall 0.181347546s [pack 0.000474141s MPI 0.172673423s deser 0.001230991s]
Replicated mesh migration[4]: rank 0 sent 5290 parcels, received 3467 (global 35324) wall 0.248977104s [pack 0.000498707s MPI 0.239844409s deser 0.001067463s]
Replicated mesh migration[5]: rank 0 sent 5323 parcels, received 3565 (global 35423) wall 0.042634535s [pack 0.000485338s MPI 0.035712587s deser 0.000532376s]
Replicated mesh migration[6]: rank 0 sent 5325 parcels, received 3490 (global 35470) wall 0.042624176s [pack 0.000439172s MPI 0.034326076s deser 0.001184857s]

Phase C auto DLB triggered (threshold) at step 50: sar=-0.1273381663 loadImbalance=1.653942868 threshold=1.5
Phase C ParMETIS weights: particles=2098373 activeCells=103923 maxCellParticles=56
Phase C ParMETIS: alpha=0.8 ncon=2 ubvec=[1.049999952,1.5] moveRatio=0.9656087611 (moveT=4.249966083s, collT=0.151367308s)
Phase C ParMETIS: AdaptiveRepart (104151 cells, 2 constraints, ubvec=1.049999952)
Replicated mesh: rank 0 owns 13428 / 104151 cells
Local mesh: 13428 owned + 271 halo = 13699 / 104151 cells
Phase C ParMETIS AdaptiveRepart: 83584 / 104151 cells changed (0.8025271001)
Replicated mesh migration[7]: rank 0 sent 258060 parcels, received 248305 (global 1717789) wall 0.139819816s [pack 0.025020164s MPI 0.073234271s deser 0.001988953s]
Phase C auto DLB complete: rebalance #1

Replicated mesh migration[8]: rank 0 sent 217 parcels, received 317 (global 5474) wall 0.037855917s [pack 0.00011507s MPI 0.032491679s deser 0.00091328s]
Replicated mesh migration[9]: rank 0 sent 1910 parcels, received 2998 (global 48629) wall 0.048828592s [pack 0.000204779s MPI 0.038007929s deser 0.002344388s]
Replicated mesh migration[10]: rank 0 sent 1898 parcels, received 3058 (global 48975) wall 0.051999628s [pack 0.000276184s MPI 0.041747053s deser 0.003260914s]
Replicated mesh migration[11]: rank 0 sent 1969 parcels, received 3007 (global 48739) wall 0.042080989s [pack 0.000339069s MPI 0.028548843s deser 0.003992421s]
Replicated mesh migration[12]: rank 0 sent 1904 parcels, received 3005 (global 48909) wall 0.050548739s [pack 0.00026654s MPI 0.04080455s deser 0.002744502s]
Replicated mesh migration[13]: rank 0 sent 1977 parcels, received 3123 (global 49089) wall 0.064607647s [pack 0.000224838s MPI 0.053634379s deser 0.002461309s]

Phase C auto DLB triggered (SAR) at step 110: sar=0.004094333433 loadImbalance=1.419243274 threshold=1.5
Phase C ParMETIS weights: particles=2147040 activeCells=104071 maxCellParticles=59
Phase C ParMETIS: alpha=0.8 ncon=2 ubvec=[1.049999952,1.5] moveRatio=0.9618926911 (moveT=9.092534566s, collT=0.360219s)
Phase C ParMETIS: AdaptiveRepart (104151 cells, 2 constraints, ubvec=1.049999952)
Replicated mesh: rank 0 owns 13440 / 104151 cells
Local mesh: 13440 owned + 273 halo = 13713 / 104151 cells
Phase C ParMETIS AdaptiveRepart: 135 / 104151 cells changed (0.001296194948)
Replicated mesh migration[14]: rank 0 sent 1660 parcels, received 2863 (global 44712) wall 0.029299444s [pack 0.000399508s MPI 0.017475699s deser 0.00231267s]
Phase C auto DLB complete: rebalance #2

Replicated mesh migration[15]: rank 0 sent 215 parcels, received 339 (global 5292) wall 0.058234822s [pack 6.6522e-05s MPI 0.047868153s deser 0.000715356s]
Replicated mesh migration[16]: rank 0 sent 1977 parcels, received 3025 (global 48534) wall 0.05793337s [pack 0.00068146s MPI 0.042183516s deser 0.004175922s]
Replicated mesh migration[17]: rank 0 sent 1977 parcels, received 3057 (global 48296) wall 0.043778767s [pack 0.000320234s MPI 0.032421341s deser 0.002468914s]
Replicated mesh migration[18]: rank 0 sent 2054 parcels, received 3074 (global 48666) wall 0.063652883s [pack 0.000869461s MPI 0.04743155s deser 0.003075669s]
Replicated mesh migration[19]: rank 0 sent 2060 parcels, received 3074 (global 48749) wall 0.072864757s [pack 0.000616069s MPI 0.0582439s deser 0.003049308s]

Phase C auto DLB triggered (SAR) at step 160: sar=0.0023666008 loadImbalance=1.465631538 threshold=1.5
Phase C ParMETIS weights: particles=2187604 activeCells=104099 maxCellParticles=69
Phase C ParMETIS: alpha=0.8 ncon=2 ubvec=[1.049999952,1.5] moveRatio=0.9560866566 (moveT=13.6670784s, collT=0.62773296s)
Phase C ParMETIS: AdaptiveRepart (104151 cells, 2 constraints, ubvec=1.049999952)
Replicated mesh: rank 0 owns 13440 / 104151 cells
Local mesh: 13440 owned + 273 halo = 13713 / 104151 cells
Phase C ParMETIS AdaptiveRepart: 55 / 104151 cells changed (0.0005280794231)
Replicated mesh migration[20]: rank 0 sent 1853 parcels, received 2830 (global 43869) wall 0.0246131s [pack 0.000363955s MPI 0.009842128s deser 0.001888465s]
Phase C auto DLB complete: rebalance #3

Replicated mesh migration[21]: rank 0 sent 215 parcels, received 355 (global 5424) wall 0.070709291s [pack 4.9154e-05s MPI 0.058179985s deser 0.000628545s]
Replicated mesh migration[22]: rank 0 sent 1952 parcels, received 3005 (global 48909) wall 0.083021079s [pack 0.000497913s MPI 0.067896574s deser 0.003284802s]
Replicated mesh migration[23]: rank 0 sent 2063 parcels, received 3078 (global 48972) wall 0.069709281s [pack 0.000306899s MPI 0.053164346s deser 0.00378655s]
Replicated mesh migration[24]: rank 0 sent 2070 parcels, received 3033 (global 48689) wall 0.076170218s [pack 0.000386228s MPI 0.058289829s deser 0.003695926s]
Replicated mesh migration[25]: rank 0 sent 2048 parcels, received 3146 (global 48991) wall 0.068373358s [pack 0.000281033s MPI 0.050427891s deser 0.00478694s]
Replicated mesh migration[26]: rank 0 sent 2048 parcels, received 3091 (global 48996) wall 0.118878359s [pack 0.001151474s MPI 0.097323008s deser 0.004511615s]
Replicated mesh migration[27]: rank 0 sent 2058 parcels, received 3128 (global 49219) wall 0.074967603s [pack 0.000816561s MPI 0.057522088s deser 0.003292285s]
Replicated mesh migration[28]: rank 0 sent 2111 parcels, received 3081 (global 49273) wall 0.075627968s [pack 0.000448364s MPI 0.056935041s deser 0.00352714s]

Phase C auto DLB triggered (SAR) at step 240: sar=0.007748366143 loadImbalance=1.519459158 threshold=1.5
Phase C ParMETIS weights: particles=2252632 activeCells=104113 maxCellParticles=77
Phase C ParMETIS: alpha=0.8 ncon=2 ubvec=[1.049999952,1.5] moveRatio=0.9496983027 (moveT=22.0387544s, collT=1.167304133s)
Phase C ParMETIS: AdaptiveRepart (104151 cells, 2 constraints, ubvec=1.049999952)
Replicated mesh: rank 0 owns 13440 / 104151 cells
Local mesh: 13440 owned + 273 halo = 13713 / 104151 cells
Phase C ParMETIS AdaptiveRepart: 4 / 104151 cells changed (3.840577623e-05)
Replicated mesh migration[29]: rank 0 sent 1872 parcels, received 2803 (global 44560) wall 0.037811307s [pack 0.000521069s MPI 0.017325301s deser 0.002619492s]
Phase C auto DLB complete: rebalance #4

Replicated mesh migration[30]: rank 0 sent 236 parcels, received 323 (global 5416) wall 0.092515569s [pack 5.2614e-05s MPI 0.073930217s deser 0.000882025s]
Replicated mesh migration[31]: rank 0 sent 2068 parcels, received 3128 (global 49460) wall 0.080780665s [pack 0.000492722s MPI 0.060415563s deser 0.004239707s]
Replicated mesh migration[32]: rank 0 sent 2092 parcels, received 3193 (global 49616) wall 0.078719451s [pack 0.000439789s MPI 0.058798652s deser 0.002268311s]
Replicated mesh migration[33]: rank 0 sent 2177 parcels, received 3199 (global 49458) wall 0.081160187s [pack 0.000744201s MPI 0.057590012s deser 0.004502204s]
Replicated mesh migration[34]: rank 0 sent 2190 parcels, received 3111 (global 49735) wall 0.10719289s [pack 0.00055898s MPI 0.087227935s deser 0.002875364s]
Replicated mesh migration[35]: rank 0 sent 2165 parcels, received 3096 (global 49621) wall 0.103532007s [pack 0.000359668s MPI 0.079489193s deser 0.004232522s]

Phase C auto DLB triggered (SAR) at step 300: sar=8.508716667e-05 loadImbalance=1.562771365 threshold=1.5
Phase C ParMETIS weights: particles=2301468 activeCells=104100 maxCellParticles=85
Phase C ParMETIS: alpha=0.8 ncon=2 ubvec=[1.049999952,1.5] moveRatio=0.9467695926 (moveT=29.13386418s, collT=1.637998802s)
Phase C ParMETIS: AdaptiveRepart (104151 cells, 2 constraints, ubvec=1.049999952)
Replicated mesh: rank 0 owns 13440 / 104151 cells
Local mesh: 13440 owned + 273 halo = 13713 / 104151 cells
Phase C ParMETIS AdaptiveRepart: 13 / 104151 cells changed (0.0001248187727)
Replicated mesh migration[36]: rank 0 sent 1861 parcels, received 2886 (global 45285) wall 0.042654741s [pack 0.000505849s MPI 0.020330144s deser 0.003916747s]
Phase C auto DLB complete: rebalance #5

Replicated mesh migration[37]: rank 0 sent 213 parcels, received 363 (global 5471) wall 0.091409238s [pack 6.002e-05s MPI 0.072993716s deser 0.001263194s]
Replicated mesh migration[38]: rank 0 sent 2150 parcels, received 3125 (global 49539) wall 0.114593469s [pack 0.00047327s MPI 0.091193557s deser 0.003378425s]
Replicated mesh migration[39]: rank 0 sent 2199 parcels, received 3097 (global 50138) wall 0.123941981s [pack 0.000414132s MPI 0.097135015s deser 0.004050248s]
Replicated mesh migration[40]: rank 0 sent 2166 parcels, received 3255 (global 50134) wall 0.115407371s [pack 0.000477635s MPI 0.091971764s deser 0.002447467s]
Replicated mesh migration[41]: rank 0 sent 2200 parcels, received 3188 (global 50200) wall 0.098983829s [pack 0.000345957s MPI 0.075897856s deser 0.002750861s]

Phase C auto DLB triggered (threshold) at step 350: sar=-0.02525072615 loadImbalance=1.562713898 threshold=1.5
Phase C ParMETIS weights: particles=2342108 activeCells=104091 maxCellParticles=89
Phase C ParMETIS: alpha=0.8 ncon=2 ubvec=[1.049999952,1.5] moveRatio=0.9449861342 (moveT=35.59867026s, collT=2.072433021s)
Phase C ParMETIS: AdaptiveRepart (104151 cells, 2 constraints, ubvec=1.049999952)
Replicated mesh: rank 0 owns 13440 / 104151 cells
Local mesh: 13440 owned + 273 halo = 13713 / 104151 cells
Phase C ParMETIS AdaptiveRepart: 4 / 104151 cells changed (3.840577623e-05)
Replicated mesh migration[42]: rank 0 sent 1933 parcels, received 2914 (global 45257) wall 0.039350527s [pack 0.000431986s MPI 0.014852656s deser 0.002388487s]
Phase C auto DLB complete: rebalance #6

Replicated mesh migration[43]: rank 0 sent 222 parcels, received 304 (global 5382) wall 0.146162291s [pack 5.9855e-05s MPI 0.123055227s deser 0.000742754s]
Replicated mesh migration[44]: rank 0 sent 2163 parcels, received 3132 (global 50268) wall 0.105663607s [pack 0.000463142s MPI 0.079797867s deser 0.003012289s]
Replicated mesh migration[45]: rank 0 sent 2282 parcels, received 3240 (global 50537) wall 0.129682073s [pack 0.000389533s MPI 0.103117468s deser 0.005147587s]
Replicated mesh migration[46]: rank 0 sent 2219 parcels, received 3132 (global 50403) wall 0.134543692s [pack 0.000567511s MPI 0.105456779s deser 0.003916035s]
Replicated mesh migration[47]: rank 0 sent 2218 parcels, received 3180 (global 50806) wall 0.126327766s [pack 0.000535748s MPI 0.09883685s deser 0.004390562s]

Phase C auto DLB triggered (threshold) at step 400: sar=-0.0345139438 loadImbalance=1.642344289 threshold=1.5
Phase C ParMETIS weights: particles=2382619 activeCells=104110 maxCellParticles=95
Phase C ParMETIS: alpha=0.8 ncon=2 ubvec=[1.049999952,1.5] moveRatio=0.9430788659 (moveT=42.49440836s, collT=2.564822524s)
Phase C ParMETIS: AdaptiveRepart (104151 cells, 2 constraints, ubvec=1.049999952)
Replicated mesh: rank 0 owns 13440 / 104151 cells
Local mesh: 13440 owned + 273 halo = 13713 / 104151 cells
Phase C ParMETIS AdaptiveRepart: 19 / 104151 cells changed (0.0001824274371)
Replicated mesh migration[48]: rank 0 sent 2078 parcels, received 2945 (global 46328) wall 0.057112806s [pack 0.000385633s MPI 0.030995295s deser 0.00244902s]
Phase C auto DLB complete: rebalance #7

Replicated mesh migration[49]: rank 0 sent 251 parcels, received 349 (global 5503) wall 0.140643947s [pack 5.5986e-05s MPI 0.115893606s deser 0.000976682s]
Replicated mesh migration[50]: rank 0 sent 2181 parcels, received 3184 (global 50673) wall 0.133359462s [pack 0.000533324s MPI 0.098551476s deser 0.002813383s]
Replicated mesh migration[51]: rank 0 sent 2194 parcels, received 3186 (global 50564) wall 0.139234289s [pack 0.000363535s MPI 0.110107094s deser 0.003525025s]
Replicated mesh migration[52]: rank 0 sent 2190 parcels, received 3234 (global 50535) wall 0.123557693s [pack 0.00055617s MPI 0.096237791s deser 0.002804589s]
Replicated mesh migration[53]: rank 0 sent 2274 parcels, received 3263 (global 51016) wall 0.134754377s [pack 0.000686294s MPI 0.104815391s deser 0.002818872s]

Phase C auto DLB triggered (threshold) at step 450: sar=-0.03434883405 loadImbalance=1.676027398 threshold=1.5
Phase C ParMETIS weights: particles=2423024 activeCells=104108 maxCellParticles=94
Phase C ParMETIS: alpha=0.8 ncon=2 ubvec=[1.049999952,1.5] moveRatio=0.9413329912 (moveT=49.8126298s, collT=3.104489077s)
Phase C ParMETIS: AdaptiveRepart (104151 cells, 2 constraints, ubvec=1.049999952)
Replicated mesh: rank 0 owns 13440 / 104151 cells
Local mesh: 13440 owned + 273 halo = 13713 / 104151 cells
Phase C ParMETIS AdaptiveRepart: 4 / 104151 cells changed (3.840577623e-05)
Replicated mesh migration[54]: rank 0 sent 1979 parcels, received 2888 (global 46061) wall 0.058644328s [pack 0.000490816s MPI 0.024596266s deser 0.0035877s]
Phase C auto DLB complete: rebalance #8

Replicated mesh migration[55]: rank 0 sent 237 parcels, received 367 (global 5589) wall 0.141300407s [pack 6.3249e-05s MPI 0.115878261s deser 0.000620521s]
Replicated mesh migration[56]: rank 0 sent 2361 parcels, received 3277 (global 51212) wall 0.140031023s [pack 0.000702318s MPI 0.111113773s deser 0.002832934s]
Replicated mesh migration[57]: rank 0 sent 2318 parcels, received 3194 (global 51200) wall 0.149850536s [pack 0.000653881s MPI 0.118079828s deser 0.003475133s]
Replicated mesh migration[58]: rank 0 sent 2275 parcels, received 3325 (global 51429) wall 0.144580405s [pack 0.000638177s MPI 0.115164669s deser 0.003774427s]
Replicated mesh migration[59]: rank 0 sent 2334 parcels, received 3221 (global 51494) wall 0.136720704s [pack 0.000784743s MPI 0.104906237s deser 0.003879677s]
Time = 5e-05

    Replicated mesh collision detail by rank:
        rank localColl localCand cumColl cumCand localAcc cumAcc
        rank0 7600 15236 1942968 3734735 0.4988185876 0.5202425339
        rank1 6114 12000 1641766 3061773 0.5095 0.5362141478
        rank2 609 879 297788 402916 0.6928327645 0.7390820916
        rank3 771 1184 326095 454263 0.6511824324 0.7178550751
        rank4 9768 19598 2547869 4944184 0.4984182059 0.5153264927
        rank5 1997 3410 629662 995248 0.5856304985 0.6326684404
        rank6 1172 1869 427269 616375 0.6270733012 0.6931965119
        rank7 6960 13335 1844786 3333491 0.5219347582 0.5534096237
        local candidates max/min      = 22.29579067
        cumulative candidates max/min = 12.27100438
        global collisions/candidates  = 34991 / 67511
    Replicated mesh collision subphase wall by rank [s]:
        rank localLoop reduce sigmaBC preOutputTotal accountedFrac
        rank0 3.484388023 1.093567942 0.186513061 4.765750656 0.9997310749
        rank1 3.797332391 0.42872719 0.203355933 4.430513013 0.9997522862
        rank2 1.286810706 1.166924081 0.17923677 2.633991938 0.9996126104
        rank3 1.551221 0.523079182 0.191009599 2.266375939 0.9995295758
        rank4 4.591925563 0.501098926 0.203508187 5.297668722 0.9997855574
        rank5 2.362944073 0.338201456 0.209024784 2.911228012 0.9996366829
        rank6 1.783100573 0.440183209 0.20036299 2.424785909 0.9995302113
        rank7 4.385053231 0.000198586 0.189480794 4.575942963 0.9997354967
        max localLoop [s]       = 4.591925563
        max reduce [s]          = 1.166924081
        max sigmaBC [s]         = 0.209024784
        max preOutputTotal [s]  = 5.297668722
    Collisions                      = 34991
    Collision candidates           = 67511
    Collision acceptance rate      = 0.5183007214

    Number of DSMC particles        = 2463696
    Number of stuck particles       = 0
    Number of free particles        = 2463696
    Average linear kinetic energy   = 9.806286438e-19
    Average rotational energy       = 2.376177139e-20
    Average vibrational energy      = 4.326051949e-21
    Average electronic energy       = 0
    Total energy                    = 1.242585363

Stage 1.0  ExecutionTime = 107.27 s  ClockTime = 107 s  Iteration 500 (1.23 s)

End stage 1


Replicated mesh profile detail by rank:
    rank steps parcels ownedCollCells finalCandidates full move+collide move build collision post
    rank0 500 305854 13385 15236 109.0249531 107.644761 57.37188172 9.755353854 4.769129173 1.374148053
    rank1 500 316497 12576 12000 109.0238396 107.5447878 72.1029494 11.77825264 4.433633961 1.474259892
    rank2 500 284198 11386 879 109.0270111 107.6580305 57.19660249 9.811125444 2.636913351 1.364336517
    rank3 500 279056 12125 1184 109.026865 107.5645687 72.96969043 13.97518039 2.26943291 1.457565779
    rank4 500 322432 13085 19598 109.0266847 107.5860853 70.91202497 10.94914313 5.300807419 1.435690036
    rank5 500 307806 12694 3410 109.0218709 107.6216548 78.43510232 13.30054046 2.914528101 1.395736148
    rank6 500 294749 12983 1869 109.0229322 107.5665387 76.5559778 13.79137864 2.427948988 1.450956038
    rank7 500 353104 14729 13335 109.0251241 107.6789824 85.96475174 14.05641592 4.579545964 1.341560746
    rank full max/min            = 1.000047149
    rank collision max/min       = 2.335740967

DSMC solver profile summary
    solver profile steps          = 500
    move+collide wall [s]         = 107.6789824
    move only [s]                 = 85.96475174
    buildCellOccupancy [s]        = 14.05641592
    collision phase [s]           = 5.300807419
    post fields/output [s]        = 1.474259892
    total profiled [s]            = 106.796235
    full evolve wall [s]          = 109.0270111
    move+collide cpu [s]          = 97.88
    move only cpu [s]             = 78.11
    buildCellOccupancy cpu [s]    = 12.76
    collision phase cpu [s]       = 4.69
    post fields/output cpu [s]    = 1.48
    total profiled cpu [s]        = 97.04
    full evolve cpu [s]           = 99.12
    profile detail                = basic-stage timers only
    OpenMP enabled                = 0
    OpenMP max threads            = 1
    OpenMP move                   = 0 (static, chunk 64)
    OpenMP collision              = dynamic, chunk 8


Replicated mesh profiling summary:
    migration calls             = 59
    migration wall time [s]     = 5.303279558
    local particles (final)     = 305575
    particles per rank          = min 280602 max 352339 max/min 1.255653916
    rank wall time (evolve, 500 steps): min 68.5 max 96.71 max/min 1.411824818
    Phase C auto DLB checks      = 500
    Phase C auto DLB rebalances = 8
    Phase C auto DLB triggered checks = 8
    Phase C auto DLB wall max [s]= 32.1358553
    Phase C auto DLB check max [s]= 31.30779981
    Phase C ParMETIS max [s]     = 0.438072215
    Phase C migration max [s]    = 0.498069706
    Phase C cellOwner write max [s] = 0
    Phase C post-diagnostic max [s] = 0.001556393
    Phase C auto DLB accounted max [s] = 32.24549812
    Phase C auto DLB residual max [s] = -0.109642824

Total Iterations = 500
End main

