/*---------------------------------------------------------------------------*\
| =========                 |                                                 |
| \\      /  F ield         | OpenFOAM: The Open Source CFD Toolbox           |
|  \\    /   O peration     | Version:  v1706                                 |
|   \\  /    A nd           | Web:      www.OpenFOAM.com                      |
|    \\/     M anipulation  |                                                 |
\*---------------------------------------------------------------------------*/
Build  : v1706
Arch   : "LSB;label=32;scalar=64"
Exec   : dsmcFoam+
Date   : Jun 10 2026
Time   : 04:50:34
Host   : "SuperXCX-ROG"
PID    : 2098290
/*---------------------------------------------------------------------------*\
| =========                 |                                                 |
| \\      /  F ield         | OpenFOAM: The Open Source CFD Toolbox           |
|  \\    /   O peration     | Version:  v1706                                 |
|   \\  /    A nd           | Web:      www.OpenFOAM.com                      |
|    \\/     M anipulation  |                                                 |
\*---------------------------------------------------------------------------*/
Build  : v1706
Arch   : "LSB;label=32;scalar=64"
Exec   : dsmcFoam+
Date   : Jun 10 2026
Time   : 04:50:34
Host   : "SuperXCX-ROG"
PID    : 2098291
/*---------------------------------------------------------------------------*\
| =========                 |                                                 |
| \\      /  F ield         | OpenFOAM: The Open Source CFD Toolbox           |
|  \\    /   O peration     | Version:  v1706                                 |
|   \\  /    A nd           | Web:      www.OpenFOAM.com                      |
|    \\/     M anipulation  |                                                 |
\*---------------------------------------------------------------------------*/
Build  : v1706
Arch   : "LSB;label=32;scalar=64"
Exec   : dsmcFoam+
Date   : Jun 10 2026
Time   : 04:50:34
Host   : "SuperXCX-ROG"
PID    : 2098292
/*---------------------------------------------------------------------------*\
| =========                 |                                                 |
| \\      /  F ield         | OpenFOAM: The Open Source CFD Toolbox           |
|  \\    /   O peration     | Version:  v1706                                 |
|   \\  /    A nd           | Web:      www.OpenFOAM.com                      |
|    \\/     M anipulation  |                                                 |
\*---------------------------------------------------------------------------*/
Build  : v1706
Arch   : "LSB;label=32;scalar=64"
Exec   : dsmcFoam+
Date   : Jun 10 2026
Time   : 04:50:34
Host   : "SuperXCX-ROG"
PID    : 2098293
Case   : /home/superxcx/code/OpenFoam/OF-1706/hyStrath_dlb/run/hyStrath/dsmcFoam+/xcx_test/zb-cylinder-react/mpi4omp2
nProcs : 1
sigFpe : Enabling floating point exception trapping (FOAM_SIGFPE).
Case   : /home/superxcx/code/OpenFoam/OF-1706/hyStrath_dlb/run/hyStrath/dsmcFoam+/xcx_test/zb-cylinder-react/mpi4omp2
nProcs : 1
sigFpe : Enabling floating point exception trapping (FOAM_SIGFPE).
fileModificationChecking : Monitoring run-time modified files using timeStampMaster (fileModificationSkew 10)
allowSystemOperations : Allowing user-supplied system call operations

// * * * * * * * * * * * * * * * * * * * * * * * * * * * * * * * * * * * * * //
Create time

Case   : /home/superxcx/code/OpenFoam/OF-1706/hyStrath_dlb/run/hyStrath/dsmcFoam+/xcx_test/zb-cylinder-react/mpi4omp2
nProcs : 1
sigFpe : Enabling floating point exception trapping (FOAM_SIGFPE).
fileModificationChecking : Monitoring run-time modified files using timeStampMaster (fileModificationSkew 10)
allowSystemOperations : Allowing user-supplied system call operations

// * * * * * * * * * * * * * * * * * * * * * * * * * * * * * * * * * * * * * //
Create time

Case   : /home/superxcx/code/OpenFoam/OF-1706/hyStrath_dlb/run/hyStrath/dsmcFoam+/xcx_test/zb-cylinder-react/mpi4omp2
nProcs : 1
sigFpe : Enabling floating point exception trapping (FOAM_SIGFPE).
fileModificationChecking : Monitoring run-time modified files using timeStampMaster (fileModificationSkew 10)
allowSystemOperations : Allowing user-supplied system call operations

// * * * * * * * * * * * * * * * * * * * * * * * * * * * * * * * * * * * * * //
Create time

fileModificationChecking : Monitoring run-time modified files using timeStampMaster (fileModificationSkew 10)
allowSystemOperations : Allowing user-supplied system call operations

// * * * * * * * * * * * * * * * * * * * * * * * * * * * * * * * * * * * * * //
Create time

Create mesh for time = 0

Create mesh for time = 0

Create mesh for time = 0

Create mesh for time = 0

Selecting dynamicFvMesh dynamicRefineFvMesh
Selecting dynamicFvMesh dynamicRefineFvMesh
Selecting dynamicFvMesh dynamicRefineFvMesh
Selecting dynamicFvMesh dynamicRefineFvMesh

Constructing dsmcCloud 

Constructing dsmcCloud 

Constructing dsmcCloud 

Constructing dsmcCloud 
Selecting the coordinate system model:	dsmcCartesian

Selecting the time-step model:	dsmcConstantTimeStepModel

Selecting the coordinate system model:	dsmcCartesian

Selecting the time-step model:	dsmcConstantTimeStepModel

Constant time-step model:
- time-step [sec]	6.640048894e-08

Selecting the porous measurement model:	dsmcNoPorousMediumMeasurements

Constant time-step model:
- time-step [sec]	6.640048894e-08

Selecting the porous measurement model:	dsmcNoPorousMediumMeasurements

Selecting the coordinate system model:	dsmcCartesian

Selecting the time-step model:	dsmcConstantTimeStepModel

Constant time-step model:
- time-step [sec]	6.640048894e-08

Selecting the porous measurement model:	dsmcNoPorousMediumMeasurements


Creating dsmcControllers


Creating dsmcControllers


Creating dsmcControllers

Creating fields: 

Selecting field: dsmcVolFields
--> FOAM Warning : 
    From function bool Foam::rmDir(const fileName &, const bool)
    in file POSIX.C at line 1047
    failed to remove directory "/home/superxcx/code/OpenFoam/OF-1706/hyStrath_dlb/run/hyStrath/dsmcFoam+/xcx_test/zb-cylinder-react/mpi4omp2/fieldMeasurements"
Creating fields: 

Selecting field: dsmcVolFields
Creating fields: 

Selecting field: dsmcVolFields

TimeData Statistics: 
 measurement option: write
 nSamples: 1, time interval: 6.640048894e-08

TimeData Statistics: 
 measurement option: write
 nSamples: 1, time interval: 6.640048894e-08
 nAverages: 15060, time interval: 0.0009999913634
 total no. of sampling steps: 0
 total no. of averaging Steps: 0



TimeData Statistics: 
 measurement option: write
 nSamples: 1, time interval: 6.640048894e-08
 nAverages: 15060, time interval: 0.0009999913634
 total no. of sampling steps: 0
 total no. of averaging Steps: 0


 nAverages: 15060, time interval: 0.0009999913634
 total no. of sampling steps: 0
 total no. of averaging Steps: 0


Selecting the coordinate system model:	dsmcCartesian

Selecting the time-step model:	dsmcConstantTimeStepModel

Constant time-step model:
- time-step [sec]	6.640048894e-08

Selecting the porous measurement model:	dsmcNoPorousMediumMeasurements


Creating dsmcControllers

Creating fields: 

Selecting field: dsmcVolFields

TimeData Statistics: 
 measurement option: write
 nSamples: 1, time interval: 6.640048894e-08
 nAverages: 15060, time interval: 0.0009999913634
 total no. of sampling steps: 0
 total no. of averaging Steps: 0


Selecting field: dsmcVolFields
Selecting field: dsmcVolFields

TimeData Statistics: 
 measurement option: write
 nSamples: 1, time interval: 6.640048894e-08
 nAverages: 15060, time interval: 0.0009999913634
 total no. of sampling steps: 0
 total no. of averaging Steps: 0



TimeData Statistics: 
 measurement option: write
 nSamples: 1, time interval: 6.640048894e-08
 nAverages: 15060, time interval: 0.0009999913634
 total no. of sampling steps: 0
 total no. of averaging Steps: 0


Selecting field: dsmcVolFields

TimeData Statistics: 
 measurement option: write
 nSamples: 1, time interval: 6.640048894e-08
 nAverages: 15060, time interval: 0.0009999913634
 total no. of sampling steps: 0
 total no. of averaging Steps: 0


Selecting field: dsmcVolFields

TimeData Statistics: 
 measurement option: write
 nSamples: 1, time interval: 6.640048894e-08
 nAverages: 15060, time interval: 0.0009999913634
 total no. of sampling steps: 0
 total no. of averaging Steps: 0


Selecting field: dsmcVolFields

TimeData Statistics: 
 measurement option: write
 nSamples: 1, time interval: 6.640048894e-08
 nAverages: 15060, time interval: 0.0009999913634
 total no. of sampling steps: 0
 total no. of averaging Steps: 0


Selecting field: dsmcVolFields

TimeData Statistics: 
 measurement option: write
 nSamples: 1, time interval: 6.640048894e-08
 nAverages: 15060, time interval: 0.0009999913634
 total no. of sampling steps: 0
 total no. of averaging Steps: 0


Selecting field: dsmcVolFields

TimeData Statistics: 
 measurement option: write
 nSamples: 1, time interval: 6.640048894e-08
 nAverages: 15060, time interval: 0.0009999913634
 total no. of sampling steps: 0
 total no. of averaging Steps: 0


Selecting field: dsmcVolFields

TimeData Statistics: 
 measurement option: write
 nSamples: 1, time interval: 6.640048894e-08
 nAverages: 15060, time interval: 0.0009999913634
 total no. of sampling steps: 0
 total no. of averaging Steps: 0


Selecting field: dsmcVolFields

TimeData Statistics: 
 measurement option: write
 nSamples: 1, time interval: 6.640048894e-08
 nAverages: 15060, time interval: 0.0009999913634
 total no. of sampling steps: 0
 total no. of averaging Steps: 0


Selecting field: dsmcVolFields

TimeData Statistics: 
 measurement option: write
 nSamples: 1, time interval: 6.640048894e-08
 nAverages: 15060, time interval: 0.0009999913634
 total no. of sampling steps: 0
 total no. of averaging Steps: 0


Selecting field: dsmcVolFields

TimeData Statistics: 
 measurement option: write
 nSamples: 1, time interval: 6.640048894e-08
 nAverages: 15060, time interval: 0.0009999913634
 total no. of sampling steps: 0
 total no. of averaging Steps: 0


Selecting field: dsmcVolFields

TimeData Statistics: 
 measurement option: write
 nSamples: 1, time interval: 6.640048894e-08
 nAverages: 15060, time interval: 0.0009999913634
 total no. of sampling steps: 0
 total no. of averaging Steps: 0


Selecting field: dsmcVolFields

TimeData Statistics: 
 measurement option: write
 nSamples: 1, time interval: 6.640048894e-08
 nAverages: 15060, time interval: 0.0009999913634
 total no. of sampling steps: 0
 total no. of averaging Steps: 0


Selecting field: dsmcVolFields

TimeData Statistics: 
 measurement option: write
 nSamples: 1, time interval: 6.640048894e-08
 nAverages: 15060, time interval: 0.0009999913634
 total no. of sampling steps: 0
 total no. of averaging Steps: 0


Selecting field: dsmcVolFields

TimeData Statistics: 
 measurement option: write
 nSamples: 1, time interval: 6.640048894e-08
 nAverages: 15060, time interval: 0.0009999913634
 total no. of sampling steps: 0
 total no. of averaging Steps: 0


Selecting field: dsmcVolFields

TimeData Statistics: 
 measurement option: write
 nSamples: 1, time interval: 6.640048894e-08
 nAverages: 15060, time interval: 0.0009999913634
 total no. of sampling steps: 0
 total no. of averaging Steps: 0


Selecting field: dsmcVolFields

TimeData Statistics: 
 measurement option: write
 nSamples: 1, time interval: 6.640048894e-08
 nAverages: 15060, time interval: 0.0009999913634
 total no. of sampling steps: 0
 total no. of averaging Steps: 0


Selecting field: dsmcVolFields

TimeData Statistics: 
 measurement option: write
 nSamples: 1, time interval: 6.640048894e-08
 nAverages: 15060, time interval: 0.0009999913634
 total no. of sampling steps: 0
 total no. of averaging Steps: 0


Selecting field: dsmcVolFields

TimeData Statistics: 
 measurement option: write
 nSamples: 1, time interval: 6.640048894e-08
 nAverages: 15060, time interval: 0.0009999913634
 total no. of sampling steps: 0
 total no. of averaging Steps: 0


Selecting field: dsmcVolFields

TimeData Statistics: 
 measurement option: write
 nSamples: 1, time interval: 6.640048894e-08
 nAverages: 15060, time interval: 0.0009999913634
 total no. of sampling steps: 0
 total no. of averaging Steps: 0


Creating the boundary models: 

Selecting dsmcPatchBoundaryModel dsmcDeletionPatch
Selecting dsmcPatchBoundaryModel dsmcDeletionPatch
Selecting dsmcPatchBoundaryModel dsmcDiffuseWallPatch
Selecting dsmcGeneralBoundaryModel dsmcFreeStreamInflowPatch
Creating the boundary models: 

Selecting dsmcPatchBoundaryModel dsmcDeletionPatch
Selecting dsmcPatchBoundaryModel dsmcDeletionPatch
Selecting dsmcPatchBoundaryModel dsmcDiffuseWallPatch
Selecting dsmcGeneralBoundaryModel dsmcFreeStreamInflowPatch
Creating the boundary models: 

Selecting dsmcPatchBoundaryModel dsmcDeletionPatch
Selecting dsmcPatchBoundaryModel dsmcDeletionPatch
Selecting dsmcPatchBoundaryModel dsmcDiffuseWallPatch
Selecting dsmcGeneralBoundaryModel dsmcFreeStreamInflowPatch
Selecting BinaryCollisionModel LarsenBorgnakkeVariableHardSphere
Selecting BinaryCollisionModel LarsenBorgnakkeVariableHardSphere
Creating the boundary models: 

Selecting dsmcPatchBoundaryModel dsmcDeletionPatch
Selecting dsmcPatchBoundaryModel dsmcDeletionPatch
Selecting dsmcPatchBoundaryModel dsmcDiffuseWallPatch
Selecting dsmcGeneralBoundaryModel dsmcFreeStreamInflowPatch
Selecting BinaryCollisionModel LarsenBorgnakkeVariableHardSphere

Creating dsmcReactions

Selecting the reaction model dissociationQK
Selecting the reaction model dissociationExchangeQK

Creating dsmcReactions

Selecting the reaction model dissociationQK
Selecting the reaction model dissociationExchangeQK

Creating dsmcReactions

Selecting the reaction model dissociationQK
Selecting the reaction model dissociationExchangeQK
Selecting the reaction model dissociationQK
Selecting the reaction model dissociationQK
Selecting the reaction model dissociationQK
Selecting the reaction model dissociationQK
Selecting the reaction model dissociationQK
Selecting the reaction model dissociationExchangeQK
Selecting the reaction model dissociationQK
Selecting the reaction model dissociationQK
Selecting the reaction model dissociationQK
Selecting the reaction model dissociationQK
Selecting the reaction model dissociationQK
Selecting the reaction model dissociationExchangeQK
Selecting the reaction model dissociationQK
Selecting the reaction model dissociationExchangeQK
Selecting the reaction model dissociationExchangeQK
Selecting the reaction model dissociationQK
Number of reactions created: 12
Selecting the reaction model dissociationQK
Selecting the reaction model dissociationQK
Selecting the reaction model dissociationQK
Selecting the reaction model dissociationQK
Selecting the reaction model dissociationQK
Selecting the reaction model dissociationExchangeQK
Selecting the reaction model dissociationQK
Selecting the reaction model dissociationExchangeQK
Selecting the reaction model dissociationExchangeQK
Selecting the reaction model dissociationQK
Number of reactions created: 12
Selecting the reaction model dissociationQK
Selecting the reaction model dissociationExchangeQK
Selecting the reaction model dissociationExchangeQK
Selecting the reaction model dissociationQK
Number of reactions created: 12
Selecting BinaryCollisionModel LarsenBorgnakkeVariableHardSphere

Creating dsmcReactions

Selecting the reaction model dissociationQK
Selecting the reaction model dissociationExchangeQK
Selecting the reaction model dissociationQK
Selecting the reaction model dissociationQK
Selecting the reaction model dissociationQK
Selecting the reaction model dissociationQK
Selecting the reaction model dissociationQK
Selecting the reaction model dissociationExchangeQK
Selecting the reaction model dissociationQK
Selecting the reaction model dissociationExchangeQK
Selecting the reaction model dissociationExchangeQK
Selecting the reaction model dissociationQK
Number of reactions created: 12

Constructing constant properties for
	N2
	O2
	NO
	N
	O

Constructing constant properties for
	N2
	O2
	NO
	N
	O

Constructing constant properties for
	N2
	O2
	NO
	N
	O

Constructing constant properties for
	N2
	O2
	NO
	N
	O
Selecting collisionPartnerSelectionModel noTimeCounter

Initialising the measurement fields

Initialising dsmcVolFields field
Initialising dsmcVolFields field
Initialising dsmcVolFields field
Initialising dsmcVolFields field
Initialising dsmcVolFields field
Initialising dsmcVolFields field
Selecting collisionPartnerSelectionModel noTimeCounter

Initialising the measurement fields

Initialising dsmcVolFields field
Selecting collisionPartnerSelectionModel noTimeCounter

Initialising the measurement fields

Initialising dsmcVolFields field
Initialising dsmcVolFields field
Initialising dsmcVolFields field
Initialising dsmcVolFields field
Initialising dsmcVolFields field
Initialising dsmcVolFields field
Initialising dsmcVolFields field
Initialising dsmcVolFields field
Initialising dsmcVolFields field
Initialising dsmcVolFields field
Initialising dsmcVolFields field
Selecting collisionPartnerSelectionModel noTimeCounter

Initialising the measurement fields

Initialising dsmcVolFields field
Initialising dsmcVolFields field
Initialising dsmcVolFields field
Initialising dsmcVolFields field
Initialising dsmcVolFields field
Initialising dsmcVolFields field
Replicated mesh: METIS decomposition complete, 60000 cells -> 4 ranks
Replicated mesh: rank 0 owns 15022 / 60000 cells
Local mesh: 15022 owned + 492 halo = 15514 / 60000 cells
Replicated mesh: no-Alltoall async migration enabled
Replicated mesh: flatTransfer=1 found=1
Replicated mesh: flat POD transfer enabled
Phase C auto DLB: enabled (ParMETIS AdaptiveRepart), imbalanceThreshold=1.5, dlbSteps=50, sarSteps=10, triggerMode=legacyWindow, minGapSteps=50, checkCollective=allgather, skipFixedKPostDiag=0
Replicated mesh: initialized with 4 MPI ranks, migrate interval 10

Starting time loop

Replicated mesh: initial particle distribution

Replicated mesh: rank 0 kept 201681 parcels, deleted 1105064 non-owned parcels
Time = 6.640048894e-07

    Collisions                      = 25801
    Collision candidates           = 34545
    Collision acceptance rate      = 0.74688088

    Number of DSMC particles        = 1330288
    Number of stuck particles       = 0
    Number of free particles        = 1330288
    Average linear kinetic energy   = 1.893444347e-19
    Average rotational energy       = 1.330063623e-21
    Average vibrational energy      = 1.052284193e-25
    Average electronic energy       = 0
    Total energy                    = 0.001521912822

Stage 1.0  ExecutionTime = 6.95 s  ClockTime = 6 s  Iteration 10 (0.38 s)

Time = 1.328009779e-06

    Collisions                      = 35608
    Collision candidates           = 53949
    Collision acceptance rate      = 0.6600307698

    Number of DSMC particles        = 1353882
    Number of stuck particles       = 0
    Number of free particles        = 1353882
    Average linear kinetic energy   = 1.865898015e-19
    Average rotational energy       = 1.550794478e-21
    Average vibrational energy      = 8.038857116e-26
    Average electronic energy       = 0
    Total energy                    = 0.001528321651

Stage 1.0  ExecutionTime = 10.47 s  ClockTime = 8 s  Iteration 20 (0.41 s)

Time = 1.992014668e-06

    Collisions                      = 46059
    Collision candidates           = 74891
    Collision acceptance rate      = 0.6150138201

    Number of DSMC particles        = 1377420
    Number of stuck particles       = 0
    Number of free particles        = 1377420
    Average linear kinetic energy   = 1.84136145e-19
    Average rotational energy       = 1.869400045e-21
    Average vibrational energy      = 2.146922678e-25
    Average electronic energy       = 0
    Total energy                    = 0.001537248322

Stage 1.0  ExecutionTime = 14.22 s  ClockTime = 10 s  Iteration 30 (0.44 s)

Time = 2.656019558e-06

    Collisions                      = 56079
    Collision candidates           = 95371
    Collision acceptance rate      = 0.5880089335

    Number of DSMC particles        = 1400959
    Number of stuck particles       = 0
    Number of free particles        = 1400959
    Average linear kinetic energy   = 1.819091116e-19
    Average rotational energy       = 2.271834674e-21
    Average vibrational energy      = 3.33238154e-25
    Average electronic energy       = 0
    Total energy                    = 0.001548182527

Stage 1.0  ExecutionTime = 18.01 s  ClockTime = 12 s  Iteration 40 (0.46 s)

Time = 3.320024447e-06

    Collisions                      = 65896
    Collision candidates           = 115902
    Collision acceptance rate      = 0.5685492916

    Number of DSMC particles        = 1424472
    Number of stuck particles       = 0
    Number of free particles        = 1424472
    Average linear kinetic energy   = 1.798817853e-19
    Average rotational energy       = 2.706469699e-21
    Average vibrational energy      = 5.572042683e-25
    Average electronic energy       = 0
    Total energy                    = 0.001560555903

Stage 1.0  ExecutionTime = 21.88 s  ClockTime = 14 s  Iteration 50 (0.44 s)

Time = 3.984029336e-06

    Collisions                      = 76071
    Collision candidates           = 136242
    Collision acceptance rate      = 0.55835205

    Number of DSMC particles        = 1447693
    Number of stuck particles       = 0
    Number of free particles        = 1447693
    Average linear kinetic energy   = 1.78006276e-19
    Average rotational energy       = 3.175282851e-21
    Average vibrational energy      = 8.388464453e-25
    Average electronic energy       = 0
    Total energy                    = 0.001573778933

Stage 1.0  ExecutionTime = 25.89 s  ClockTime = 15 s  Iteration 60 (0.49 s)

Time = 4.648034226e-06

    Collisions                      = 85487
    Collision candidates           = 155877
    Collision acceptance rate      = 0.5484260026

    Number of DSMC particles        = 1471123
    Number of stuck particles       = 0
    Number of free particles        = 1471123
    Average linear kinetic energy   = 1.762504789e-19
    Average rotational energy       = 3.674145886e-21
    Average vibrational energy      = 1.079557382e-24
    Average electronic energy       = 0
    Total energy                    = 0.001588157051

Stage 1.0  ExecutionTime = 29.98 s  ClockTime = 17 s  Iteration 70 (0.48 s)

Time = 5.312039115e-06

    Collisions                      = 94380
    Collision candidates           = 174176
    Collision acceptance rate      = 0.5418656991

    Number of DSMC particles        = 1494396
    Number of stuck particles       = 0
    Number of free particles        = 1494396
    Average linear kinetic energy   = 1.746290327e-19
    Average rotational energy       = 4.17337386e-21
    Average vibrational energy      = 1.603457794e-24
    Average electronic energy       = 0
    Total energy                    = 0.001603223984

Stage 1.0  ExecutionTime = 34.19 s  ClockTime = 19 s  Iteration 80 (0.47 s)

Time = 5.976044005e-06

    Collisions                      = 102241
    Collision candidates           = 190791
    Collision acceptance rate      = 0.535879575

    Number of DSMC particles        = 1517669
    Number of stuck particles       = 0
    Number of free particles        = 1517669
    Average linear kinetic energy   = 1.731131849e-19
    Average rotational energy       = 4.692900821e-21
    Average vibrational energy      = 1.926581459e-24
    Average electronic energy       = 0
    Total energy                    = 0.001619122249

Stage 1.0  ExecutionTime = 38.6 s  ClockTime = 21 s  Iteration 90 (0.51 s)

Time = 6.640048894e-06

    Collisions                      = 110651
    Collision candidates           = 208503
    Collision acceptance rate      = 0.5306926039

    Number of DSMC particles        = 1540827
    Number of stuck particles       = 0
    Number of free particles        = 1540827
    Average linear kinetic energy   = 1.716804041e-19
    Average rotational energy       = 5.206356268e-21
    Average vibrational energy      = 2.140202972e-24
    Average electronic energy       = 0
    Total energy                    = 0.001635331164

Stage 1.0  ExecutionTime = 43.09 s  ClockTime = 24 s  Iteration 100 (0.52 s)

Time = 7.304053783e-06

    Collisions                      = 119205
    Collision candidates           = 226207
    Collision acceptance rate      = 0.5269730822

    Number of DSMC particles        = 1563873
    Number of stuck particles       = 0
    Number of free particles        = 1563873
    Average linear kinetic energy   = 1.703086336e-19
    Average rotational energy       = 5.722629316e-21
    Average vibrational energy      = 3.184175173e-24
    Average electronic energy       = 0
    Total energy                    = 0.001651773113

Stage 1.0  ExecutionTime = 47.65 s  ClockTime = 26 s  Iteration 110 (0.55 s)

Time = 7.968058673e-06

    Collisions                      = 126825
    Collision candidates           = 242007
    Collision acceptance rate      = 0.5240550893


Phase C auto DLB triggered (SAR) at step 120: sar=0.0007401275 loadImbalance=1.066211127 threshold=1.5
Phase C ParMETIS: alpha=0.8 ncon=2 ubvec=[1.049999952,1.5] moveRatio=0.6227318106 (moveT=11.39385269s, collT=6.902711732s)
Phase C ParMETIS: AdaptiveRepart (60000 cells, 2 constraints, ubvec=1.049999952)
Replicated mesh: rank 0 owns 15801 / 60000 cells
Local mesh: 15801 owned + 638 halo = 16439 / 60000 cells
Phase C ParMETIS AdaptiveRepart: 45854 / 60000 cells changed (0.7642333333)
Phase C auto DLB complete: rebalance #1

    Number of DSMC particles        = 1586637
    Number of stuck particles       = 0
    Number of free particles        = 1586637
    Average linear kinetic energy   = 1.69047214e-19
    Average rotational energy       = 6.214671793e-21
    Average vibrational energy      = 3.786091541e-24
    Average electronic energy       = 0
    Total energy                    = 0.001668497999

Stage 1.0  ExecutionTime = 52.89 s  ClockTime = 29 s  Iteration 120 (1.02 s)

Time = 8.632063562e-06

    Collisions                      = 126735
    Collision candidates           = 218987
    Collision acceptance rate      = 0.5787329841

    Number of DSMC particles        = 1609219
    Number of stuck particles       = 0
    Number of free particles        = 1609219
    Average linear kinetic energy   = 1.678472587e-19
    Average rotational energy       = 6.606767609e-21
    Average vibrational energy      = 4.341214429e-24
    Average electronic energy       = 0
    Total energy                    = 0.001684450318

Stage 1.0  ExecutionTime = 57.42 s  ClockTime = 31 s  Iteration 130 (0.52 s)

Time = 9.296068452e-06

    Collisions                      = 134963
    Collision candidates           = 241629
    Collision acceptance rate      = 0.5585546437

    Number of DSMC particles        = 1631522
    Number of stuck particles       = 0
    Number of free particles        = 1631522
    Average linear kinetic energy   = 1.666221276e-19
    Average rotational energy       = 7.108373799e-21
    Average vibrational energy      = 4.873032186e-24
    Average electronic energy       = 0
    Total energy                    = 0.001700718513

Stage 1.0  ExecutionTime = 62.36 s  ClockTime = 34 s  Iteration 140 (0.56 s)

Time = 9.960073341e-06

    Collisions                      = 141937
    Collision candidates           = 259418
    Collision acceptance rate      = 0.547136282

    Number of DSMC particles        = 1653673
    Number of stuck particles       = 0
    Number of free particles        = 1653673
    Average linear kinetic energy   = 1.654795719e-19
    Average rotational energy       = 7.585869108e-21
    Average vibrational energy      = 5.484961081e-24
    Average electronic energy       = 0
    Total energy                    = 0.001717216304

Stage 1.0  ExecutionTime = 67.51 s  ClockTime = 36 s  Iteration 150 (0.58 s)

Time = 1.062407823e-05

    Collisions                      = 148793
    Collision candidates           = 274596
    Collision acceptance rate      = 0.5418614983

    Number of DSMC particles        = 1675535
    Number of stuck particles       = 0
    Number of free particles        = 1675535
    Average linear kinetic energy   = 1.644049e-19
    Average rotational energy       = 8.04914094e-21
    Average vibrational energy      = 6.480901878e-24
    Average electronic energy       = 0
    Total energy                    = 0.001733781842

Stage 1.0  ExecutionTime = 72.78 s  ClockTime = 39 s  Iteration 160 (0.59 s)

Time = 1.128808312e-05

    Collisions                      = 155995
    Collision candidates           = 289728
    Collision acceptance rate      = 0.5384187928

    Number of DSMC particles        = 1697209
    Number of stuck particles       = 0
    Number of free particles        = 1697209
    Average linear kinetic energy   = 1.633672007e-19
    Average rotational energy       = 8.514830564e-21
    Average vibrational energy      = 7.461506506e-24
    Average electronic energy       = 0
    Total energy                    = 0.001750394365

Stage 1.0  ExecutionTime = 78.27 s  ClockTime = 42 s  Iteration 170 (0.64 s)

Dissociation reaction O2 + N2 --> O + O + N2 is active, nReactions this time step = 1
Dissociation reaction O2 + N2 --> O + O + N2 is active, nReactions this time step = 0
Dissociation reaction O2 + N2 --> O + O + N2 is active, nReactions this time step = 0
Dissociation reaction O2 + N2 --> O + O + N2 is active, nReactions this time step = 0
Dissociation reaction O2 + N2 --> O + O + N2 is active, nReactions this time step = 0
Dissociation reaction O2 + N2 --> O + O + N2 is active, nReactions this time step = 0
Time = 1.195208801e-05

    Collisions                      = 161965
    Collision candidates           = 303172
    Collision acceptance rate      = 0.5342346919

Dissociation reaction O2 + N2 --> O + O + N2 is active, nReactions this time step = 0
    Number of DSMC particles        = 1719032
    Number of stuck particles       = 0
    Number of free particles        = 1719032
    Average linear kinetic energy   = 1.623695407e-19
    Average rotational energy       = 8.970858851e-21
    Average vibrational energy      = 7.964716368e-24
    Average electronic energy       = 0
    Total energy                    = 0.001767319928

Stage 1.0  ExecutionTime = 84.12 s  ClockTime = 45 s  Iteration 180 (0.67 s)

Dissociation reaction O2 + N2 --> O + O + N2 is active, nReactions this time step = 0
Dissociation reaction O2 + N2 --> O + O + N2 is active, nReactions this time step = 0
Dissociation reaction O2 + N2 --> O + O + N2 is active, nReactions this time step = 0
Dissociation reaction O2 + N2 --> O + O + N2 is active, nReactions this time step = 0
Dissociation reaction O2 + N2 --> O + O + N2 is active, nReactions this time step = 0
Dissociation reaction O2 + N2 --> O + O + N2 is active, nReactions this time step = 0
Dissociation reaction O2 + N2 --> O + O + N2 is active, nReactions this time step = 0
Dissociation reaction O2 + N2 --> O + O + N2 is active, nReactions this time step = 0
Dissociation reaction O2 + N2 --> O + O + N2 is active, nReactions this time step = 0
Time = 1.26160929e-05

    Collisions                      = 167885
    Collision candidates           = 317220
    Collision acceptance rate      = 0.5292383835

Dissociation reaction O2 + N2 --> O + O + N2 is active, nReactions this time step = 0
    Number of DSMC particles        = 1740381
    Number of stuck particles       = 0
    Number of free particles        = 1740381
    Average linear kinetic energy   = 1.614196744e-19
    Average rotational energy       = 9.405697474e-21
    Average vibrational energy      = 8.922520267e-24
    Average electronic energy       = 0
    Total energy                    = 0.001783900561

Stage 1.0  ExecutionTime = 90.08 s  ClockTime = 47 s  Iteration 190 (0.71 s)

Dissociation reaction O2 + N2 --> O + O + N2 is active, nReactions this time step = 0
Dissociation reaction O2 + N2 --> O + O + N2 is active, nReactions this time step = 0
Dissociation reaction O2 + N2 --> O + O + N2 is active, nReactions this time step = 0
Dissociation reaction O2 + N2 --> O + O + N2 is active, nReactions this time step = 0
Dissociation reaction O2 + N2 --> O + O + N2 is active, nReactions this time step = 0
Dissociation reaction O2 + N2 --> O + O + N2 is active, nReactions this time step = 0
Dissociation reaction O2 + N2 --> O + O + N2 is active, nReactions this time step = 0
Dissociation reaction O2 + N2 --> O + O + N2 is active, nReactions this time step = 0
Dissociation reaction O2 + N2 --> O + O + N2 is active, nReactions this time step = 0
Time = 1.328009779e-05

    Collisions                      = 174161
    Collision candidates           = 330259
    Collision acceptance rate      = 0.5273467188

Dissociation reaction O2 + N2 --> O + O + N2 is active, nReactions this time step = 0
    Number of DSMC particles        = 1761586
    Number of stuck particles       = 0
    Number of free particles        = 1761586
    Average linear kinetic energy   = 1.605028377e-19
    Average rotational energy       = 9.849107375e-21
    Average vibrational energy      = 1.000749565e-23
    Average electronic energy       = 0
    Total energy                    = 0.001800643384

Stage 1.0  ExecutionTime = 96.22 s  ClockTime = 50 s  Iteration 200 (0.7 s)

Dissociation reaction O2 + N2 --> O + O + N2 is active, nReactions this time step = 0
Dissociation reaction O2 + N2 --> O + O + N2 is active, nReactions this time step = 0
Dissociation reaction O2 + N2 --> O + O + N2 is active, nReactions this time step = 0
Dissociation reaction O2 + N2 --> O + O + N2 is active, nReactions this time step = 0
Dissociation reaction O2 + N2 --> O + O + N2 is active, nReactions this time step = 0
Dissociation reaction O2 + N2 --> O + O + N2 is active, nReactions this time step = 0
Dissociation reaction O2 + N2 --> O + O + N2 is active, nReactions this time step = 0
Dissociation reaction O2 + N2 --> O + O + N2 is active, nReactions this time step = 0
Dissociation reaction O2 + N2 --> O + O + N2 is active, nReactions this time step = 0
Time = 1.394410268e-05

    Collisions                      = 180631
    Collision candidates           = 343654
    Collision acceptance rate      = 0.525618791

Dissociation reaction O2 + N2 --> O + O + N2 is active, nReactions this time step = 0
    Number of DSMC particles        = 1782293
    Number of stuck particles       = 0
    Number of free particles        = 1782293
    Average linear kinetic energy   = 1.596348676e-19
    Average rotational energy       = 1.026335652e-20
    Average vibrational energy      = 1.060754393e-23
    Average electronic energy       = 0
    Total energy                    = 0.001816963928

Stage 1.0  ExecutionTime = 102.34 s  ClockTime = 53 s  Iteration 210 (0.67 s)

Dissociation reaction O2 + N2 --> O + O + N2 is active, nReactions this time step = 0
Dissociation reaction O2 + N2 --> O + O + N2 is active, nReactions this time step = 0
Dissociation reaction O2 + N2 --> O + O + N2 is active, nReactions this time step = 0
Dissociation reaction O2 + N2 --> O + O + N2 is active, nReactions this time step = 0
Dissociation reaction O2 + N2 --> O + O + N2 is active, nReactions this time step = 0
Dissociation reaction O2 + N2 --> O + O + N2 is active, nReactions this time step = 0
Dissociation reaction O2 + N2 --> O + O + N2 is active, nReactions this time step = 0
Dissociation reaction O2 + N2 --> O + O + N2 is active, nReactions this time step = 0
Dissociation reaction O2 + N2 --> O + O + N2 is active, nReactions this time step = 0
Time = 1.460810757e-05

    Collisions                      = 186071
    Collision candidates           = 355530
    Collision acceptance rate      = 0.5233623042

Dissociation reaction O2 + N2 --> O + O + N2 is active, nReactions this time step = 0
    Number of DSMC particles        = 1802798
    Number of stuck particles       = 0
    Number of free particles        = 1802798
    Average linear kinetic energy   = 1.588180438e-19
    Average rotational energy       = 1.065643872e-20
    Average vibrational energy      = 1.175607778e-23
    Average electronic energy       = 0
    Total energy                    = 0.001833296711

Stage 1.0  ExecutionTime = 108.77 s  ClockTime = 57 s  Iteration 220 (0.74 s)

Dissociation reaction O2 + N2 --> O + O + N2 is active, nReactions this time step = 0
Dissociation reaction O2 + N2 --> O + O + N2 is active, nReactions this time step = 0
Dissociation reaction O2 + N2 --> O + O + N2 is active, nReactions this time step = 0
Dissociation reaction O2 + N2 --> O + O + N2 is active, nReactions this time step = 0
Dissociation reaction O2 + N2 --> O + O + N2 is active, nReactions this time step = 0
Dissociation reaction O2 + N2 --> O + O + N2 is active, nReactions this time step = 0
Dissociation reaction O2 + N2 --> O + O + N2 is active, nReactions this time step = 0
Dissociation reaction O2 + N2 --> O + O + N2 is active, nReactions this time step = 0
Dissociation reaction O2 + N2 --> O + O + N2 is active, nReactions this time step = 0
Time = 1.527211246e-05

    Collisions                      = 192520
    Collision candidates           = 367737
    Collision acceptance rate      = 0.5235263245

Dissociation reaction O2 + N2 --> O + O + N2 is active, nReactions this time step = 0
    Number of DSMC particles        = 1822868
    Number of stuck particles       = 0
    Number of free particles        = 1822868
    Average linear kinetic energy   = 1.579802417e-19
    Average rotational energy       = 1.107152504e-20
    Average vibrational energy      = 1.300872493e-23
    Average electronic energy       = 0
    Total energy                    = 0.001849096615

Stage 1.0  ExecutionTime = 115.37 s  ClockTime = 60 s  Iteration 230 (0.78 s)

Dissociation reaction O2 + N2 --> O + O + N2 is active, nReactions this time step = 0
Dissociation reaction O2 + N2 --> O + O + N2 is active, nReactions this time step = 0
Dissociation reaction O2 + N2 --> O + O + N2 is active, nReactions this time step = 0
Dissociation reaction O2 + N2 --> O + O + N2 is active, nReactions this time step = 0
Dissociation reaction O2 + N2 --> O + O + N2 is active, nReactions this time step = 0
Dissociation reaction O2 + N2 --> O + O + N2 is active, nReactions this time step = 0
Dissociation reaction O2 + N2 --> O + O + N2 is active, nReactions this time step = 0
Dissociation reaction O2 + N2 --> O + O + N2 is active, nReactions this time step = 0
Dissociation reaction O2 + N2 --> O + O + N2 is active, nReactions this time step = 0
Time = 1.593611735e-05

    Collisions                      = 199217
    Collision candidates           = 380949
    Collision acceptance rate      = 0.5229492662


Phase C auto DLB triggered (SAR) at step 240: sar=0.0024032785 loadImbalance=1.040044271 threshold=1.5
Phase C ParMETIS: alpha=0.8 ncon=2 ubvec=[1.049999952,1.5] moveRatio=0.5912527155 (moveT=27.19551761s, collT=18.80091826s)
Phase C ParMETIS: AdaptiveRepart (60000 cells, 2 constraints, ubvec=1.049999952)
Replicated mesh: rank 0 owns 16344 / 60000 cells
Local mesh: 16344 owned + 729 halo = 17073 / 60000 cells
Phase C ParMETIS AdaptiveRepart: 1864 / 60000 cells changed (0.03106666667)
Phase C auto DLB complete: rebalance #2

Dissociation reaction O2 + N2 --> O + O + N2 is active, nReactions this time step = 0
    Number of DSMC particles        = 1843268
    Number of stuck particles       = 0
    Number of free particles        = 1843268
    Average linear kinetic energy   = 1.571905769e-19
    Average rotational energy       = 1.146548783e-20
    Average vibrational energy      = 1.359776978e-23
    Average electronic energy       = 0
    Total energy                    = 0.001865420348

Stage 1.0  ExecutionTime = 122.58 s  ClockTime = 64 s  Iteration 240 (1.2 s)

Dissociation reaction O2 + N2 --> O + O + N2 is active, nReactions this time step = 0
Dissociation reaction O2 + N2 --> O + O + N2 is active, nReactions this time step = 0
Dissociation reaction O2 + N2 --> O + O + N2 is active, nReactions this time step = 0
Dissociation reaction O2 + N2 --> O + O + N2 is active, nReactions this time step = 0
Dissociation reaction O2 + N2 --> O + O + N2 is active, nReactions this time step = 0
Dissociation reaction O2 + N2 --> O + O + N2 is active, nReactions this time step = 0
Dissociation reaction O2 + N2 --> O + O + N2 is active, nReactions this time step = 0
Dissociation reaction O2 + N2 --> O + O + N2 is active, nReactions this time step = 0
Dissociation reaction O2 + N2 --> O + O + N2 is active, nReactions this time step = 0
Time = 1.660012224e-05

    Collisions                      = 204704
    Collision candidates           = 396191
    Collision acceptance rate      = 0.5166800861

Dissociation reaction O2 + N2 --> O + O + N2 is active, nReactions this time step = 0
    Number of DSMC particles        = 1863346
    Number of stuck particles       = 0
    Number of free particles        = 1863346
    Average linear kinetic energy   = 1.564791543e-19
    Average rotational energy       = 1.178866963e-20
    Average vibrational energy      = 1.405205891e-23
    Average electronic energy       = 0
    Total energy                    = 0.001881404163

Stage 1.0  ExecutionTime = 128.74 s  ClockTime = 67 s  Iteration 250 (0.7 s)

Dissociation reaction O2 + N2 --> O + O + N2 is active, nReactions this time step = 0
Dissociation reaction O2 + N2 --> O + O + N2 is active, nReactions this time step = 0
Dissociation reaction O2 + N2 --> O + O + N2 is active, nReactions this time step = 0
Dissociation reaction O2 + N2 --> O + O + N2 is active, nReactions this time step = 0
Dissociation reaction O2 + N2 --> O + O + N2 is active, nReactions this time step = 0
Dissociation reaction O2 + N2 --> O + O + N2 is active, nReactions this time step = 0
Dissociation reaction O2 + N2 --> O + O + N2 is active, nReactions this time step = 0
Dissociation reaction O2 + N2 --> O + O + N2 is active, nReactions this time step = 0
Dissociation reaction O2 + N2 --> O + O + N2 is active, nReactions this time step = 0
Time = 1.726412712e-05

    Collisions                      = 211861
    Collision candidates           = 410649
    Collision acceptance rate      = 0.5159174867

Dissociation reaction O2 + N2 --> O + O + N2 is active, nReactions this time step = 0
    Number of DSMC particles        = 1883009
    Number of stuck particles       = 0
    Number of free particles        = 1883009
    Average linear kinetic energy   = 1.557379051e-19
    Average rotational energy       = 1.213604411e-20
    Average vibrational energy      = 1.500446294e-23
    Average electronic energy       = 0
    Total energy                    = 0.001896818465

Stage 1.0  ExecutionTime = 135.18 s  ClockTime = 70 s  Iteration 260 (0.77 s)

Dissociation reaction O2 + N2 --> O + O + N2 is active, nReactions this time step = 0
Dissociation reaction O2 + N2 --> O + O + N2 is active, nReactions this time step = 0
Dissociation reaction O2 + N2 --> O + O + N2 is active, nReactions this time step = 1
Dissociation reaction O2 + N2 --> O + O + N2 is active, nReactions this time step = 0
Dissociation reaction O2 + N2 --> O + O + N2 is active, nReactions this time step = 0
Dissociation reaction O2 + N2 --> O + O + N2 is active, nReactions this time step = 0
Dissociation reaction O2 + N2 --> O + O + N2 is active, nReactions this time step = 0
Dissociation reaction O2 + N2 --> O + O + N2 is active, nReactions this time step = 0
Dissociation reaction O2 + N2 --> O + O + N2 is active, nReactions this time step = 0
Time = 1.792813201e-05

    Collisions                      = 217855
    Collision candidates           = 424149
    Collision acceptance rate      = 0.5136284655

Dissociation reaction O2 + N2 --> O + O + N2 is active, nReactions this time step = 0
    Number of DSMC particles        = 1902328
    Number of stuck particles       = 0
    Number of free particles        = 1902328
    Average linear kinetic energy   = 1.549702238e-19
    Average rotational energy       = 1.251433763e-20
    Average vibrational energy      = 1.590599626e-23
    Average electronic energy       = 0
    Total energy                    = 0.001911844975

Stage 1.0  ExecutionTime = 141.97 s  ClockTime = 74 s  Iteration 270 (0.75 s)

Dissociation reaction O2 + N2 --> O + O + N2 is active, nReactions this time step = 0
Dissociation reaction O2 + N2 --> O + O + N2 is active, nReactions this time step = 0
Dissociation reaction O2 + N2 --> O + O + N2 is active, nReactions this time step = 0
Dissociation reaction O2 + N2 --> O + O + N2 is active, nReactions this time step = 0
Dissociation reaction O2 + N2 --> O + O + N2 is active, nReactions this time step = 0
Dissociation reaction O2 + N2 --> O + O + N2 is active, nReactions this time step = 0
Dissociation reaction O2 + N2 --> O + O + N2 is active, nReactions this time step = 0
Dissociation reaction O2 + N2 --> O + O + N2 is active, nReactions this time step = 0
Dissociation reaction O2 + N2 --> O + O + N2 is active, nReactions this time step = 0
Time = 1.85921369e-05

    Collisions                      = 223916
    Collision candidates           = 435380
    Collision acceptance rate      = 0.5143001516

Dissociation reaction O2 + N2 --> O + O + N2 is active, nReactions this time step = 0
    Number of DSMC particles        = 1921481
    Number of stuck particles       = 0
    Number of free particles        = 1921481
    Average linear kinetic energy   = 1.542432941e-19
    Average rotational energy       = 1.286913625e-20
    Average vibrational energy      = 1.676812593e-23
    Average electronic energy       = 0
    Total energy                    = 0.001926813477

Stage 1.0  ExecutionTime = 148.71 s  ClockTime = 76 s  Iteration 280 (0.79 s)

Dissociation reaction O2 + N2 --> O + O + N2 is active, nReactions this time step = 0
Dissociation reaction O2 + N2 --> O + O + N2 is active, nReactions this time step = 0
Dissociation reaction O2 + N2 --> O + O + N2 is active, nReactions this time step = 0
Dissociation reaction O2 + N2 --> O + O + N2 is active, nReactions this time step = 0
Dissociation reaction O2 + N2 --> O + O + N2 is active, nReactions this time step = 0
Dissociation reaction O2 + N2 --> O + O + N2 is active, nReactions this time step = 0
Dissociation reaction O2 + N2 --> O + O + N2 is active, nReactions this time step = 0
Dissociation reaction O2 + N2 --> O + O + N2 is active, nReactions this time step = 0
Dissociation reaction O2 + N2 --> O + O + N2 is active, nReactions this time step = 0
Time = 1.925614179e-05

    Collisions                      = 227582
    Collision candidates           = 444867
    Collision acceptance rate      = 0.5115731219

Dissociation reaction O2 + N2 --> O + O + N2 is active, nReactions this time step = 0
    Number of DSMC particles        = 1940574
    Number of stuck particles       = 0
    Number of free particles        = 1940574
    Average linear kinetic energy   = 1.535256393e-19
    Average rotational energy       = 1.32251887e-20
    Average vibrational energy      = 1.79189299e-23
    Average electronic energy       = 0
    Total energy                    = 0.001941762566

Stage 1.0  ExecutionTime = 155.72 s  ClockTime = 80 s  Iteration 290 (0.83 s)

Dissociation reaction O2 + N2 --> O + O + N2 is active, nReactions this time step = 0
Dissociation reaction O2 + N2 --> O + O + N2 is active, nReactions this time step = 0
Dissociation reaction O2 + N2 --> O + O + N2 is active, nReactions this time step = 0
Dissociation reaction O2 + N2 --> O + O + N2 is active, nReactions this time step = 0
Dissociation reaction O2 + N2 --> O + O + N2 is active, nReactions this time step = 0
Dissociation reaction O2 + N2 --> O + O + N2 is active, nReactions this time step = 0
Dissociation reaction O2 + N2 --> O + O + N2 is active, nReactions this time step = 1
Dissociation reaction O2 + N2 --> O + O + N2 is active, nReactions this time step = 0
Dissociation reaction O2 + N2 --> O + O + N2 is active, nReactions this time step = 0
Time = 1.992014668e-05

    Collisions                      = 233200
    Collision candidates           = 454408
    Collision acceptance rate      = 0.5131951902

Dissociation reaction O2 + N2 --> O + O + N2 is active, nReactions this time step = 0
    Number of DSMC particles        = 1959546
    Number of stuck particles       = 0
    Number of free particles        = 1959546
    Average linear kinetic energy   = 1.528291811e-19
    Average rotational energy       = 1.356652321e-20
    Average vibrational energy      = 1.880201762e-23
    Average electronic energy       = 0
    Total energy                    = 0.001956581282

Stage 1.0  ExecutionTime = 162.99 s  ClockTime = 84 s  Iteration 300 (0.83 s)

End stage 1


DSMC solver profile summary
    solver profile steps          = 300
    move+collide wall [s]         = 70.07867298
    move only [s]                 = 44.82605095
    buildCellOccupancy [s]        = 7.85489927
    collision phase [s]           = 25.65323808
    post fields/output [s]        = 12.61317843
    total profiled [s]            = 90.94736673
    full evolve wall [s]          = 80.70886171
    move+collide cpu [s]          = 136.13
    move only cpu [s]             = 87.09
    buildCellOccupancy cpu [s]    = 14.44
    collision phase cpu [s]       = 50.17
    post fields/output cpu [s]    = 24.66
    total profiled cpu [s]        = 176.36
    full evolve cpu [s]           = 156.81
    OpenMP enabled                = 1
    OpenMP max threads            = 2
    OpenMP move                   = 1 (static, chunk 64)
    OpenMP collision              = dynamic, chunk 8


Replicated mesh profiling summary:
    migration calls             = 33
    migration wall time [s]     = 1.690691521
    local particles (final)     = 385513
    particles per rank          = min 385513 max 546929 max/min 1.418704428
    rank wall time (evolve, 300 steps): min 130.86 max 134.87 max/min 1.030643436
    Phase C auto DLB checks      = 300
    Phase C auto DLB rebalances = 2
    Phase C auto DLB triggered checks = 2
    Phase C auto DLB wall max [s]= 0.544078181
    Phase C auto DLB check max [s]= 0.118827052
    Phase C ParMETIS max [s]     = 0.158929186
    Phase C migration max [s]    = 0.300855773
    Phase C cellOwner write max [s] = 0
    Phase C post-diagnostic max [s] = 0.00014226
    Phase C auto DLB accounted max [s] = 0.578754271
    Phase C auto DLB residual max [s] = -0.03467609

Total Iterations = 300
End main

real 83.80
user 623.28
sys 30.34
