 
:: initializing oneAPI environment ...
   bash: BASH_VERSION = 5.1.16(1)-release
   args: Using "$@" for setvars.sh arguments: --force
:: advisor -- latest
:: ccl -- latest
:: compiler -- latest
:: dal -- latest
:: debugger -- latest
:: dev-utilities -- latest
:: dnnl -- latest
:: dpcpp-ct -- latest
:: dpl -- latest
:: ipp -- latest
:: ippcp -- latest
:: ishmem -- latest
:: mkl -- latest
:: mpi -- latest
:: pti -- latest
:: tbb -- latest
:: umf -- latest
:: vtune -- latest
:: oneAPI environment initialized ::
 
/*---------------------------------------------------------------------------*\
| =========                 |                                                 |
| \\      /  F ield         | OpenFOAM: The Open Source CFD Toolbox           |
|  \\    /   O peration     | Version:  v1706                                 |
|   \\  /    A nd           | Web:      www.OpenFOAM.com                      |
|    \\/     M anipulation  |                                                 |
\*---------------------------------------------------------------------------*/
Build  : v1706
Arch   : "LSB;label=32;scalar=64"
Exec   : dsmcFoam+
Date   : Jun 10 2026
Time   : 05:01:38
Host   : "SuperXCX-ROG"
PID    : 2109354
/*---------------------------------------------------------------------------*\
| =========                 |                                                 |
| \\      /  F ield         | OpenFOAM: The Open Source CFD Toolbox           |
|  \\    /   O peration     | Version:  v1706                                 |
|   \\  /    A nd           | Web:      www.OpenFOAM.com                      |
|    \\/     M anipulation  |                                                 |
\*---------------------------------------------------------------------------*/
Build  : v1706
Arch   : "LSB;label=32;scalar=64"
Exec   : dsmcFoam+
Date   : Jun 10 2026
Time   : 05:01:38
Host   : "SuperXCX-ROG"
PID    : 2109355
/*---------------------------------------------------------------------------*\
| =========                 |                                                 |
| \\      /  F ield         | OpenFOAM: The Open Source CFD Toolbox           |
|  \\    /   O peration     | Version:  v1706                                 |
|   \\  /    A nd           | Web:      www.OpenFOAM.com                      |
|    \\/     M anipulation  |                                                 |
\*---------------------------------------------------------------------------*/
Build  : v1706
Arch   : "LSB;label=32;scalar=64"
Exec   : dsmcFoam+
Date   : Jun 10 2026
Time   : 05:01:38
Host   : "SuperXCX-ROG"
PID    : 2109357
Case   : /home/superxcx/code/OpenFoam/OF-1706/hyStrath_dlb/run/hyStrath/dsmcFoam+/xcx_test/zb-cylinder-react/mpi4omp2
nProcs : 1
sigFpe : Enabling floating point exception trapping (FOAM_SIGFPE).
fileModificationChecking : Monitoring run-time modified files using timeStampMaster (fileModificationSkew 10)
allowSystemOperations : Allowing user-supplied system call operations

Case   : /home/superxcx/code/OpenFoam/OF-1706/hyStrath_dlb/run/hyStrath/dsmcFoam+/xcx_test/zb-cylinder-react/mpi4omp2
nProcs : 1
sigFpe : Enabling floating point exception trapping (FOAM_SIGFPE).
fileModificationChecking : Monitoring run-time modified files using timeStampMaster (fileModificationSkew 10)
allowSystemOperations : Allowing user-supplied system call operations

// * * * * * * * * * * * * * * * * * * * * * * * * * * * * * * * * * * * * * //
Create time

Case   : /home/superxcx/code/OpenFoam/OF-1706/hyStrath_dlb/run/hyStrath/dsmcFoam+/xcx_test/zb-cylinder-react/mpi4omp2
nProcs : 1
sigFpe : Enabling floating point exception trapping (FOAM_SIGFPE).
fileModificationChecking : Monitoring run-time modified files using timeStampMaster (fileModificationSkew 10)
allowSystemOperations : Allowing user-supplied system call operations

// * * * * * * * * * * * * * * * * * * * * * * * * * * * * * * * * * * * * * //
Create time

// * * * * * * * * * * * * * * * * * * * * * * * * * * * * * * * * * * * * * //
Create time

Create mesh for time = 0

Create mesh for time = 0

Selecting dynamicFvMesh dynamicRefineFvMesh
Create mesh for time = 0

Selecting dynamicFvMesh dynamicRefineFvMesh
Selecting dynamicFvMesh dynamicRefineFvMesh
/*---------------------------------------------------------------------------*\
| =========                 |                                                 |
| \\      /  F ield         | OpenFOAM: The Open Source CFD Toolbox           |
|  \\    /   O peration     | Version:  v1706                                 |
|   \\  /    A nd           | Web:      www.OpenFOAM.com                      |
|    \\/     M anipulation  |                                                 |
\*---------------------------------------------------------------------------*/
Build  : v1706
Arch   : "LSB;label=32;scalar=64"
Exec   : dsmcFoam+
Date   : Jun 10 2026
Time   : 05:01:38
Host   : "SuperXCX-ROG"
PID    : 2109356
Case   : /home/superxcx/code/OpenFoam/OF-1706/hyStrath_dlb/run/hyStrath/dsmcFoam+/xcx_test/zb-cylinder-react/mpi4omp2
nProcs : 1
sigFpe : Enabling floating point exception trapping (FOAM_SIGFPE).
fileModificationChecking : Monitoring run-time modified files using timeStampMaster (fileModificationSkew 10)
allowSystemOperations : Allowing user-supplied system call operations

// * * * * * * * * * * * * * * * * * * * * * * * * * * * * * * * * * * * * * //
Create time

Create mesh for time = 0

Selecting dynamicFvMesh dynamicRefineFvMesh

Constructing dsmcCloud 

Constructing dsmcCloud 

Constructing dsmcCloud 

Constructing dsmcCloud 
Selecting the coordinate system model:	dsmcCartesian

Selecting the time-step model:	dsmcConstantTimeStepModel

Constant time-step model:
- time-step [sec]	6.640048894e-08

Selecting the porous measurement model:	dsmcNoPorousMediumMeasurements


Creating dsmcControllers

Creating fields: 

Selecting field: dsmcVolFields

TimeData Statistics: 
 measurement option: write
 nSamples: 1, time interval: 6.640048894e-08
 nAverages: 15060, time interval: 0.0009999913634
 total no. of sampling steps: 0
 total no. of averaging Steps: 0


Selecting the coordinate system model:	dsmcCartesian

Selecting the time-step model:	dsmcConstantTimeStepModel

Constant time-step model:
- time-step [sec]	6.640048894e-08

Selecting the porous measurement model:	dsmcNoPorousMediumMeasurements

Selecting field: dsmcVolFields

TimeData Statistics: 
 measurement option: write
 nSamples: 1, time interval: 6.640048894e-08
 nAverages: 15060, time interval: 0.0009999913634
 total no. of sampling steps: 0
 total no. of averaging Steps: 0



Creating dsmcControllers

Creating fields: 

Selecting field: dsmcVolFields

TimeData Statistics: 
 measurement option: write
 nSamples: 1, time interval: 6.640048894e-08
 nAverages: 15060, time interval: 0.0009999913634
 total no. of sampling steps: 0
 total no. of averaging Steps: 0


Selecting the coordinate system model:	dsmcCartesian

Selecting the time-step model:	dsmcConstantTimeStepModel

Constant time-step model:
- time-step [sec]	6.640048894e-08

Selecting the porous measurement model:	dsmcNoPorousMediumMeasurements


Creating dsmcControllers

Creating fields: 

Selecting field: dsmcVolFields

TimeData Statistics: 
 measurement option: write
 nSamples: 1, time interval: 6.640048894e-08
 nAverages: 15060, time interval: 0.0009999913634
 total no. of sampling steps: 0
 total no. of averaging Steps: 0


Selecting field: dsmcVolFields

TimeData Statistics: 
 measurement option: write
 nSamples: 1, time interval: 6.640048894e-08
 nAverages: 15060, time interval: 0.0009999913634
 total no. of sampling steps: 0
 total no. of averaging Steps: 0


Selecting field: dsmcVolFields

TimeData Statistics: 
 measurement option: write
 nSamples: 1, time interval: 6.640048894e-08
 nAverages: 15060, time interval: 0.0009999913634
 total no. of sampling steps: 0
 total no. of averaging Steps: 0


Selecting field: dsmcVolFields

TimeData Statistics: 
 measurement option: write
 nSamples: 1, time interval: 6.640048894e-08
 nAverages: 15060, time interval: 0.0009999913634
 total no. of sampling steps: 0
 total no. of averaging Steps: 0


Selecting the coordinate system model:	dsmcCartesian

Selecting the time-step model:	dsmcConstantTimeStepModel

Constant time-step model:
- time-step [sec]	6.640048894e-08

Selecting the porous measurement model:	dsmcNoPorousMediumMeasurements


Creating dsmcControllers

Creating fields: 

Selecting field: dsmcVolFields

TimeData Statistics: 
 measurement option: write
 nSamples: 1, time interval: 6.640048894e-08
 nAverages: 15060, time interval: 0.0009999913634
 total no. of sampling steps: 0
 total no. of averaging Steps: 0


Selecting field: dsmcVolFields

TimeData Statistics: 
 measurement option: write
 nSamples: 1, time interval: 6.640048894e-08
 nAverages: 15060, time interval: 0.0009999913634
 total no. of sampling steps: 0
 total no. of averaging Steps: 0


Selecting field: dsmcVolFields

TimeData Statistics: 
 measurement option: write
 nSamples: 1, time interval: 6.640048894e-08
 nAverages: 15060, time interval: 0.0009999913634
 total no. of sampling steps: 0
 total no. of averaging Steps: 0


Selecting field: dsmcVolFields

TimeData Statistics: 
 measurement option: write
 nSamples: 1, time interval: 6.640048894e-08
 nAverages: 15060, time interval: 0.0009999913634
 total no. of sampling steps: 0
 total no. of averaging Steps: 0


Selecting field: dsmcVolFields

TimeData Statistics: 
 measurement option: write
 nSamples: 1, time interval: 6.640048894e-08
 nAverages: 15060, time interval: 0.0009999913634
 total no. of sampling steps: 0
 total no. of averaging Steps: 0


Selecting field: dsmcVolFields

TimeData Statistics: 
 measurement option: write
 nSamples: 1, time interval: 6.640048894e-08
 nAverages: 15060, time interval: 0.0009999913634
 total no. of sampling steps: 0
 total no. of averaging Steps: 0


Selecting field: dsmcVolFields

TimeData Statistics: 
 measurement option: write
 nSamples: 1, time interval: 6.640048894e-08
 nAverages: 15060, time interval: 0.0009999913634
 total no. of sampling steps: 0
 total no. of averaging Steps: 0


Selecting field: dsmcVolFields

TimeData Statistics: 
 measurement option: write
 nSamples: 1, time interval: 6.640048894e-08
 nAverages: 15060, time interval: 0.0009999913634
 total no. of sampling steps: 0
 total no. of averaging Steps: 0


Selecting field: dsmcVolFields

TimeData Statistics: 
 measurement option: write
 nSamples: 1, time interval: 6.640048894e-08
 nAverages: 15060, time interval: 0.0009999913634
 total no. of sampling steps: 0
 total no. of averaging Steps: 0


Selecting field: dsmcVolFields

TimeData Statistics: 
 measurement option: write
 nSamples: 1, time interval: 6.640048894e-08
 nAverages: 15060, time interval: 0.0009999913634
 total no. of sampling steps: 0
Selecting field: dsmcVolFields

TimeData Statistics: 
 measurement option: write
 nSamples: 1, time interval: 6.640048894e-08
 nAverages: 15060, time interval: 0.0009999913634
 total no. of sampling steps: 0
 total no. of averaging Steps: 0


 total no. of averaging Steps: 0


Selecting field: dsmcVolFields

TimeData Statistics: 
 measurement option: write
 nSamples: 1, time interval: 6.640048894e-08
 nAverages: 15060, time interval: 0.0009999913634
 total no. of sampling steps: 0
 total no. of averaging Steps: 0


Selecting field: dsmcVolFields

TimeData Statistics: 
 measurement option: write
 nSamples: 1, time interval: 6.640048894e-08
 nAverages: 15060, time interval: 0.0009999913634
 total no. of sampling steps: 0
 total no. of averaging Steps: 0


Selecting field: dsmcVolFields

TimeData Statistics: 
 measurement option: write
 nSamples: 1, time interval: 6.640048894e-08
 nAverages: 15060, time interval: 0.0009999913634
 total no. of sampling steps: 0
 total no. of averaging Steps: 0


Creating the boundary models: 

Selecting dsmcPatchBoundaryModel dsmcDeletionPatch
Selecting dsmcPatchBoundaryModel dsmcDeletionPatch
Selecting dsmcPatchBoundaryModel dsmcDiffuseWallPatch
Selecting dsmcGeneralBoundaryModel dsmcFreeStreamInflowPatch
Selecting BinaryCollisionModel LarsenBorgnakkeVariableHardSphere

Creating dsmcReactions

Selecting the reaction model dissociationQK
Selecting the reaction model dissociationExchangeQK
Selecting the reaction model dissociationQK
Selecting the reaction model dissociationQK
Selecting the reaction model dissociationQK
Selecting the reaction model dissociationQK
Selecting the reaction model dissociationQK
Selecting the reaction model dissociationExchangeQK
Selecting the reaction model dissociationQK
Selecting the reaction model dissociationExchangeQK
Selecting the reaction model dissociationExchangeQK
Selecting the reaction model dissociationQK
Number of reactions created: 12
Selecting field: dsmcVolFields

TimeData Statistics: 
 measurement option: write
 nSamples: 1, time interval: 6.640048894e-08
 nAverages: 15060, time interval: 0.0009999913634
 total no. of sampling steps: 0
 total no. of averaging Steps: 0


Selecting field: dsmcVolFields

TimeData Statistics: 
 measurement option: write
 nSamples: 1, time interval: 6.640048894e-08
 nAverages: 15060, time interval: 0.0009999913634
 total no. of sampling steps: 0
 total no. of averaging Steps: 0


Creating the boundary models: 

Selecting dsmcPatchBoundaryModel dsmcDeletionPatch
Selecting dsmcPatchBoundaryModel dsmcDeletionPatch
Selecting dsmcPatchBoundaryModel dsmcDiffuseWallPatch
Selecting dsmcGeneralBoundaryModel dsmcFreeStreamInflowPatch
Selecting BinaryCollisionModel LarsenBorgnakkeVariableHardSphere

Creating dsmcReactions

Selecting the reaction model dissociationQK
Selecting the reaction model dissociationExchangeQK
Selecting the reaction model dissociationQK
Selecting the reaction model dissociationQK
Selecting the reaction model dissociationQK
Selecting the reaction model dissociationQK
Selecting the reaction model dissociationQK
Selecting the reaction model dissociationExchangeQK
Selecting the reaction model dissociationQK
Selecting the reaction model dissociationExchangeQK
Selecting the reaction model dissociationExchangeQK
Selecting the reaction model dissociationQK
Number of reactions created: 12
Creating the boundary models: 

Selecting dsmcPatchBoundaryModel dsmcDeletionPatch
Selecting dsmcPatchBoundaryModel dsmcDeletionPatch
Selecting dsmcPatchBoundaryModel dsmcDiffuseWallPatch
Selecting dsmcGeneralBoundaryModel dsmcFreeStreamInflowPatch
Selecting BinaryCollisionModel LarsenBorgnakkeVariableHardSphere

Creating dsmcReactions

Selecting the reaction model dissociationQK
Selecting the reaction model dissociationExchangeQK
Selecting the reaction model dissociationQK
Selecting the reaction model dissociationQK
Selecting the reaction model dissociationQK
Selecting the reaction model dissociationQK
Selecting the reaction model dissociationQK
Selecting the reaction model dissociationExchangeQK
Selecting the reaction model dissociationQK
Selecting the reaction model dissociationExchangeQK
Selecting the reaction model dissociationExchangeQK
Selecting the reaction model dissociationQK
Number of reactions created: 12
Selecting field: dsmcVolFields

TimeData Statistics: 
 measurement option: write
 nSamples: 1, time interval: 6.640048894e-08
 nAverages: 15060, time interval: 0.0009999913634
 total no. of sampling steps: 0
 total no. of averaging Steps: 0


Creating the boundary models: 

Selecting dsmcPatchBoundaryModel dsmcDeletionPatch
Selecting dsmcPatchBoundaryModel dsmcDeletionPatch
Selecting dsmcPatchBoundaryModel dsmcDiffuseWallPatch
Selecting dsmcGeneralBoundaryModel dsmcFreeStreamInflowPatch
Selecting BinaryCollisionModel LarsenBorgnakkeVariableHardSphere

Creating dsmcReactions

Selecting the reaction model dissociationQK
Selecting the reaction model dissociationExchangeQK
Selecting the reaction model dissociationQK
Selecting the reaction model dissociationQK
Selecting the reaction model dissociationQK
Selecting the reaction model dissociationQK
Selecting the reaction model dissociationQK
Selecting the reaction model dissociationExchangeQK
Selecting the reaction model dissociationQK
Selecting the reaction model dissociationExchangeQK
Selecting the reaction model dissociationExchangeQK
Selecting the reaction model dissociationQK
Number of reactions created: 12

Constructing constant properties for
	N2
	O2
	NO
	N
	O

Constructing constant properties for
	N2
	O2
	NO
	N
	O
Selecting collisionPartnerSelectionModel noTimeCounter

Initialising the measurement fields

Initialising dsmcVolFields field
Initialising dsmcVolFields field
Initialising dsmcVolFields field
Initialising dsmcVolFields field
Initialising dsmcVolFields field
Initialising dsmcVolFields field

Constructing constant properties for
	N2
	O2
	NO
	N
	O
Selecting collisionPartnerSelectionModel noTimeCounter

Initialising the measurement fields

Initialising dsmcVolFields field
Initialising dsmcVolFields field
Initialising dsmcVolFields field
Initialising dsmcVolFields field
Initialising dsmcVolFields field
Initialising dsmcVolFields field
Selecting collisionPartnerSelectionModel noTimeCounter

Initialising the measurement fields

Initialising dsmcVolFields field
Initialising dsmcVolFields field
Initialising dsmcVolFields field
Initialising dsmcVolFields field
Initialising dsmcVolFields field
Initialising dsmcVolFields field

Constructing constant properties for
	N2
	O2
	NO
	N
	O
Selecting collisionPartnerSelectionModel noTimeCounter

Initialising the measurement fields

Initialising dsmcVolFields field
Initialising dsmcVolFields field
Initialising dsmcVolFields field
Initialising dsmcVolFields field
Initialising dsmcVolFields field
Initialising dsmcVolFields field
Replicated mesh: METIS decomposition complete, 60000 cells -> 4 ranks
Replicated mesh: rank 0 owns 15022 / 60000 cells
Local mesh: 15022 owned + 492 halo = 15514 / 60000 cells
Replicated mesh: no-Alltoall async migration enabled
Replicated mesh: flatTransfer=1 found=1
Replicated mesh: flat POD transfer enabled
Phase C auto DLB: enabled (ParMETIS AdaptiveRepart), imbalanceThreshold=1.5, dlbSteps=50, sarSteps=10, triggerMode=legacyWindow, minGapSteps=50, checkCollective=allgather, skipFixedKPostDiag=0
Replicated mesh: initialized with 4 MPI ranks, migrate interval 10

Starting time loop

Replicated mesh: initial particle distribution

Replicated mesh: rank 0 kept 201681 parcels, deleted 1105064 non-owned parcels
Time = 6.640048894e-07

    Collisions                      = 25723
    Collision candidates           = 34365
    Collision acceptance rate      = 0.7485232068

    Number of DSMC particles        = 1330309
    Number of stuck particles       = 0
    Number of free particles        = 1330309
    Average linear kinetic energy   = 1.893516976e-19
    Average rotational energy       = 1.32749456e-21
    Average vibrational energy      = 4.682741228e-26
    Average electronic energy       = 0
    Total energy                    = 0.001521973847

Stage 1.0  ExecutionTime = 6.88 s  ClockTime = 5 s  Iteration 10 (0.38 s)

Time = 1.328009779e-06

    Collisions                      = 35633
    Collision candidates           = 54151
    Collision acceptance rate      = 0.6580303226

    Number of DSMC particles        = 1353911
    Number of stuck particles       = 0
    Number of free particles        = 1353911
    Average linear kinetic energy   = 1.866040143e-19
    Average rotational energy       = 1.545542325e-21
    Average vibrational energy      = 2.300554763e-26
    Average electronic energy       = 0
    Total energy                    = 0.001528426713

Stage 1.0  ExecutionTime = 10.37 s  ClockTime = 7 s  Iteration 20 (0.4 s)

Time = 1.992014668e-06

    Collisions                      = 46159
    Collision candidates           = 75004
    Collision acceptance rate      = 0.6154205109

    Number of DSMC particles        = 1377428
    Number of stuck particles       = 0
    Number of free particles        = 1377428
    Average linear kinetic energy   = 1.841519467e-19
    Average rotational energy       = 1.868275922e-21
    Average vibrational energy      = 1.356766263e-25
    Average electronic energy       = 0
    Total energy                    = 0.0015373779

Stage 1.0  ExecutionTime = 14.01 s  ClockTime = 9 s  Iteration 30 (0.39 s)

Time = 2.656019558e-06

    Collisions                      = 56355
    Collision candidates           = 95558
    Collision acceptance rate      = 0.5897465414

    Number of DSMC particles        = 1401022
    Number of stuck particles       = 0
    Number of free particles        = 1401022
    Average linear kinetic energy   = 1.819257889e-19
    Average rotational energy       = 2.265733662e-21
    Average vibrational energy      = 2.000876332e-25
    Average electronic energy       = 0
    Total energy                    = 0.001548339934

Stage 1.0  ExecutionTime = 17.83 s  ClockTime = 11 s  Iteration 40 (0.43 s)

Time = 3.320024447e-06

    Collisions                      = 66465
    Collision candidates           = 116150
    Collision acceptance rate      = 0.5722341799

    Number of DSMC particles        = 1424465
    Number of stuck particles       = 0
    Number of free particles        = 1424465
    Average linear kinetic energy   = 1.798873628e-19
    Average rotational energy       = 2.703670857e-21
    Average vibrational energy      = 3.606642996e-25
    Average electronic energy       = 0
    Total energy                    = 0.001560570303

Stage 1.0  ExecutionTime = 21.79 s  ClockTime = 12 s  Iteration 50 (0.44 s)

Time = 3.984029336e-06

    Collisions                      = 76193
    Collision candidates           = 136095
    Collision acceptance rate      = 0.5598515743

    Number of DSMC particles        = 1447649
    Number of stuck particles       = 0
    Number of free particles        = 1447649
    Average linear kinetic energy   = 1.780102502e-19
    Average rotational energy       = 3.171182665e-21
    Average vibrational energy      = 5.05499551e-25
    Average electronic energy       = 0
    Total energy                    = 0.001573727111

Stage 1.0  ExecutionTime = 25.79 s  ClockTime = 14 s  Iteration 60 (0.46 s)

Time = 4.648034226e-06

    Collisions                      = 85653
    Collision candidates           = 155470
    Collision acceptance rate      = 0.5509294398

    Number of DSMC particles        = 1471179
    Number of stuck particles       = 0
    Number of free particles        = 1471179
    Average linear kinetic energy   = 1.7625866e-19
    Average rotational energy       = 3.69183566e-21
    Average vibrational energy      = 6.34909111e-25
    Average electronic energy       = 0
    Total energy                    = 0.001588441946

Stage 1.0  ExecutionTime = 29.87 s  ClockTime = 16 s  Iteration 70 (0.48 s)

Time = 5.312039115e-06

    Collisions                      = 94231
    Collision candidates           = 173835
    Collision acceptance rate      = 0.5420715046

    Number of DSMC particles        = 1494452
    Number of stuck particles       = 0
    Number of free particles        = 1494452
    Average linear kinetic energy   = 1.746283799e-19
    Average rotational energy       = 4.199824826e-21
    Average vibrational energy      = 8.535638134e-25
    Average electronic energy       = 0
    Total energy                    = 0.001603508663

Stage 1.0  ExecutionTime = 34.09 s  ClockTime = 18 s  Iteration 80 (0.48 s)

Time = 5.976044005e-06

    Collisions                      = 102567
    Collision candidates           = 191487
    Collision acceptance rate      = 0.5356342728

    Number of DSMC particles        = 1517720
    Number of stuck particles       = 0
    Number of free particles        = 1517720
    Average linear kinetic energy   = 1.731171396e-19
    Average rotational energy       = 4.700162508e-21
    Average vibrational energy      = 1.035323756e-24
    Average electronic energy       = 0
    Total energy                    = 0.001619270682

Stage 1.0  ExecutionTime = 38.43 s  ClockTime = 21 s  Iteration 90 (0.49 s)

Time = 6.640048894e-06

    Collisions                      = 110868
    Collision candidates           = 208467
    Collision acceptance rate      = 0.531825181

    Number of DSMC particles        = 1540874
    Number of stuck particles       = 0
    Number of free particles        = 1540874
    Average linear kinetic energy   = 1.716848186e-19
    Average rotational energy       = 5.219002792e-21
    Average vibrational energy      = 1.544635531e-24
    Average electronic energy       = 0
    Total energy                    = 0.001635533274

Stage 1.0  ExecutionTime = 42.9 s  ClockTime = 23 s  Iteration 100 (0.52 s)

Time = 7.304053783e-06

    Collisions                      = 118984
    Collision candidates           = 225807
    Collision acceptance rate      = 0.5269278632


Phase C auto DLB triggered (SAR) at step 110: sar=0.001559113903 loadImbalance=1.073210611 threshold=1.5
Phase C ParMETIS: alpha=0.8 ncon=2 ubvec=[1.049999952,1.5] moveRatio=0.6136197542 (moveT=10.07610319s, collT=6.344657586s)
Phase C ParMETIS: AdaptiveRepart (60000 cells, 2 constraints, ubvec=1.049999952)
Replicated mesh: rank 0 owns 17122 / 60000 cells
Local mesh: 17122 owned + 585 halo = 17707 / 60000 cells
Phase C ParMETIS AdaptiveRepart: 46844 / 60000 cells changed (0.7807333333)
Phase C auto DLB complete: rebalance #1

    Number of DSMC particles        = 1563730
    Number of stuck particles       = 0
    Number of free particles        = 1563730
    Average linear kinetic energy   = 1.703281867e-19
    Average rotational energy       = 5.722247043e-21
    Average vibrational energy      = 2.058715642e-24
    Average electronic energy       = 0
    Total energy                    = 0.001651791384

Stage 1.0  ExecutionTime = 47.91 s  ClockTime = 26 s  Iteration 110 (0.98 s)

Time = 7.968058673e-06

    Collisions                      = 121380
    Collision candidates           = 210451
    Collision acceptance rate      = 0.5767613364

    Number of DSMC particles        = 1586642
    Number of stuck particles       = 0
    Number of free particles        = 1586642
    Average linear kinetic energy   = 1.690842565e-19
    Average rotational energy       = 6.117969445e-21
    Average vibrational energy      = 2.313297635e-24
    Average electronic energy       = 0
    Total energy                    = 0.001667921284

Stage 1.0  ExecutionTime = 52.15 s  ClockTime = 28 s  Iteration 120 (0.49 s)

Time = 8.632063562e-06

    Collisions                      = 129856
    Collision candidates           = 233357
    Collision acceptance rate      = 0.5564692724

    Number of DSMC particles        = 1608918
    Number of stuck particles       = 0
    Number of free particles        = 1608918
    Average linear kinetic energy   = 1.67811079e-19
    Average rotational energy       = 6.635499155e-21
    Average vibrational energy      = 2.465516917e-24
    Average electronic energy       = 0
    Total energy                    = 0.001684045239

Stage 1.0  ExecutionTime = 56.74 s  ClockTime = 30 s  Iteration 130 (0.49 s)

Time = 9.296068452e-06

    Collisions                      = 137933
    Collision candidates           = 252374
    Collision acceptance rate      = 0.5465420368

    Number of DSMC particles        = 1631400
    Number of stuck particles       = 0
    Number of free particles        = 1631400
    Average linear kinetic energy   = 1.666027566e-19
    Average rotational energy       = 7.127115949e-21
    Average vibrational energy      = 3.10899293e-24
    Average electronic energy       = 0
    Total energy                    = 0.001700567917

Stage 1.0  ExecutionTime = 61.54 s  ClockTime = 33 s  Iteration 140 (0.53 s)

Time = 9.960073341e-06

    Collisions                      = 145268
    Collision candidates           = 268824
    Collision acceptance rate      = 0.5403832991

    Number of DSMC particles        = 1653689
    Number of stuck particles       = 0
    Number of free particles        = 1653689
    Average linear kinetic energy   = 1.654752931e-19
    Average rotational energy       = 7.593424388e-21
    Average vibrational energy      = 4.159309888e-24
    Average electronic energy       = 0
    Total energy                    = 0.001717252276

Stage 1.0  ExecutionTime = 66.52 s  ClockTime = 35 s  Iteration 150 (0.55 s)

Time = 1.062407823e-05

    Collisions                      = 151277
    Collision candidates           = 283122
    Collision acceptance rate      = 0.5343173614

    Number of DSMC particles        = 1675888
    Number of stuck particles       = 0
    Number of free particles        = 1675888
    Average linear kinetic energy   = 1.64395046e-19
    Average rotational energy       = 8.076277738e-21
    Average vibrational energy      = 4.085843752e-24
    Average electronic energy       = 0
    Total energy                    = 0.001734296816

Stage 1.0  ExecutionTime = 71.76 s  ClockTime = 38 s  Iteration 160 (0.57 s)

Dissociation reaction O2 + N2 --> O + O + N2 is active, nReactions this time step = 1
Dissociation reaction O2 + N2 --> O + O + N2 is active, nReactions this time step = 0
Dissociation reaction O2 + N2 --> O + O + N2 is active, nReactions this time step = 0
Dissociation reaction O2 + N2 --> O + O + N2 is active, nReactions this time step = 0
Dissociation reaction O2 + N2 --> O + O + N2 is active, nReactions this time step = 0
Dissociation reaction O2 + N2 --> O + O + N2 is active, nReactions this time step = 0
Dissociation reaction O2 + N2 --> O + O + N2 is active, nReactions this time step = 0
Dissociation reaction O2 + N2 --> O + O + N2 is active, nReactions this time step = 0
Time = 1.128808312e-05

    Collisions                      = 157990
    Collision candidates           = 296794
    Collision acceptance rate      = 0.532322082

Dissociation reaction O2 + N2 --> O + O + N2 is active, nReactions this time step = 0
    Number of DSMC particles        = 1697497
    Number of stuck particles       = 0
    Number of free particles        = 1697497
    Average linear kinetic energy   = 1.633584795e-19
    Average rotational energy       = 8.554706123e-21
    Average vibrational energy      = 5.050194822e-24
    Average electronic energy       = 0
    Total energy                    = 0.001750984138

Stage 1.0  ExecutionTime = 77.33 s  ClockTime = 41 s  Iteration 170 (0.61 s)

Dissociation reaction O2 + N2 --> O + O + N2 is active, nReactions this time step = 0
Dissociation reaction O2 + N2 --> O + O + N2 is active, nReactions this time step = 0
Dissociation reaction O2 + N2 --> O + O + N2 is active, nReactions this time step = 0
Dissociation reaction O2 + N2 --> O + O + N2 is active, nReactions this time step = 0
Dissociation reaction O2 + N2 --> O + O + N2 is active, nReactions this time step = 0
Dissociation reaction O2 + N2 --> O + O + N2 is active, nReactions this time step = 0
Dissociation reaction O2 + N2 --> O + O + N2 is active, nReactions this time step = 0
Dissociation reaction O2 + N2 --> O + O + N2 is active, nReactions this time step = 0
Dissociation reaction O2 + N2 --> O + O + N2 is active, nReactions this time step = 0
Time = 1.195208801e-05

    Collisions                      = 163646
    Collision candidates           = 310778
    Collision acceptance rate      = 0.5265688047


Phase C auto DLB triggered (SAR) at step 180: sar=0.0006880848571 loadImbalance=1.035785227 threshold=1.5
Phase C ParMETIS: alpha=0.8 ncon=2 ubvec=[1.049999952,1.5] moveRatio=0.63804326 (moveT=19.35657037s, collT=10.98082457s)
Phase C ParMETIS: AdaptiveRepart (60000 cells, 2 constraints, ubvec=1.049999952)
Replicated mesh: rank 0 owns 16138 / 60000 cells
Local mesh: 16138 owned + 732 halo = 16870 / 60000 cells
Phase C ParMETIS AdaptiveRepart: 33308 / 60000 cells changed (0.5551333333)
Phase C auto DLB complete: rebalance #2

Dissociation reaction O2 + N2 --> O + O + N2 is active, nReactions this time step = 0
    Number of DSMC particles        = 1718631
    Number of stuck particles       = 0
    Number of free particles        = 1718631
    Average linear kinetic energy   = 1.623685155e-19
    Average rotational energy       = 9.026262162e-21
    Average vibrational energy      = 5.812603571e-24
    Average electronic energy       = 0
    Total energy                    = 0.001767446207

Stage 1.0  ExecutionTime = 83.6 s  ClockTime = 43 s  Iteration 180 (1.18 s)

Dissociation reaction O2 + N2 --> O + O + N2 is active, nReactions this time step = 0
Dissociation reaction O2 + N2 --> O + O + N2 is active, nReactions this time step = 0
Dissociation reaction O2 + N2 --> O + O + N2 is active, nReactions this time step = 0
Dissociation reaction O2 + N2 --> O + O + N2 is active, nReactions this time step = 0
Dissociation reaction O2 + N2 --> O + O + N2 is active, nReactions this time step = 0
Dissociation reaction O2 + N2 --> O + O + N2 is active, nReactions this time step = 0
Dissociation reaction O2 + N2 --> O + O + N2 is active, nReactions this time step = 0
Dissociation reaction O2 + N2 --> O + O + N2 is active, nReactions this time step = 0
Dissociation reaction O2 + N2 --> O + O + N2 is active, nReactions this time step = 0
Time = 1.26160929e-05

    Collisions                      = 165367
    Collision candidates           = 314300
    Collision acceptance rate      = 0.5261438116

Dissociation reaction O2 + N2 --> O + O + N2 is active, nReactions this time step = 0
    Number of DSMC particles        = 1740259
    Number of stuck particles       = 0
    Number of free particles        = 1740259
    Average linear kinetic energy   = 1.615097204e-19
    Average rotational energy       = 9.377554011e-21
    Average vibrational energy      = 6.822275822e-24
    Average electronic energy       = 0
    Total energy                    = 0.001784399938

Stage 1.0  ExecutionTime = 88.64 s  ClockTime = 46 s  Iteration 190 (0.53 s)

Dissociation reaction O2 + N2 --> O + O + N2 is active, nReactions this time step = 0
Dissociation reaction O2 + N2 --> O + O + N2 is active, nReactions this time step = 0
Dissociation reaction O2 + N2 --> O + O + N2 is active, nReactions this time step = 0
Dissociation reaction O2 + N2 --> O + O + N2 is active, nReactions this time step = 0
Dissociation reaction O2 + N2 --> O + O + N2 is active, nReactions this time step = 0
Dissociation reaction O2 + N2 --> O + O + N2 is active, nReactions this time step = 0
Dissociation reaction O2 + N2 --> O + O + N2 is active, nReactions this time step = 0
Dissociation reaction O2 + N2 --> O + O + N2 is active, nReactions this time step = 0
Dissociation reaction O2 + N2 --> O + O + N2 is active, nReactions this time step = 0
Time = 1.328009779e-05

    Collisions                      = 171720
    Collision candidates           = 330205
    Collision acceptance rate      = 0.5200405809

Dissociation reaction O2 + N2 --> O + O + N2 is active, nReactions this time step = 0
    Number of DSMC particles        = 1761450
    Number of stuck particles       = 0
    Number of free particles        = 1761450
    Average linear kinetic energy   = 1.60528438e-19
    Average rotational energy       = 9.807801543e-21
    Average vibrational energy      = 7.906454141e-24
    Average electronic energy       = 0
    Total energy                    = 0.001800316176

Stage 1.0  ExecutionTime = 93.92 s  ClockTime = 48 s  Iteration 200 (0.58 s)

Dissociation reaction O2 + N2 --> O + O + N2 is active, nReactions this time step = 0
Dissociation reaction O2 + N2 --> O + O + N2 is active, nReactions this time step = 0
Dissociation reaction O2 + N2 --> O + O + N2 is active, nReactions this time step = 0
Dissociation reaction O2 + N2 --> O + O + N2 is active, nReactions this time step = 0
Dissociation reaction O2 + N2 --> O + O + N2 is active, nReactions this time step = 0
Dissociation reaction O2 + N2 --> O + O + N2 is active, nReactions this time step = 1
Dissociation reaction O2 + N2 --> O + O + N2 is active, nReactions this time step = 0
Dissociation reaction O2 + N2 --> O + O + N2 is active, nReactions this time step = 0
Dissociation reaction O2 + N2 --> O + O + N2 is active, nReactions this time step = 0
Time = 1.394410268e-05

    Collisions                      = 177091
    Collision candidates           = 341602
    Collision acceptance rate      = 0.5184132411

Dissociation reaction O2 + N2 --> O + O + N2 is active, nReactions this time step = 1
    Number of DSMC particles        = 1782100
    Number of stuck particles       = 0
    Number of free particles        = 1782100
    Average linear kinetic energy   = 1.596163874e-19
    Average rotational energy       = 1.020799857e-20
    Average vibrational energy      = 9.0722441e-24
    Average electronic energy       = 0
    Total energy                    = 0.001815961235

Stage 1.0  ExecutionTime = 99.61 s  ClockTime = 51 s  Iteration 210 (0.65 s)

Dissociation reaction O2 + N2 --> O + O + N2 is active, nReactions this time step = 0
Dissociation reaction O2 + N2 --> O + O + N2 is active, nReactions this time step = 0
Dissociation reaction O2 + N2 --> O + O + N2 is active, nReactions this time step = 0
Dissociation reaction O2 + N2 --> O + O + N2 is active, nReactions this time step = 1
Dissociation reaction O2 + N2 --> O + O + N2 is active, nReactions this time step = 0
Dissociation reaction O2 + N2 --> O + O + N2 is active, nReactions this time step = 0
Dissociation reaction O2 + N2 --> O + O + N2 is active, nReactions this time step = 0
Dissociation reaction O2 + N2 --> O + O + N2 is active, nReactions this time step = 0
Dissociation reaction O2 + N2 --> O + O + N2 is active, nReactions this time step = 0
Time = 1.460810757e-05

    Collisions                      = 182138
    Collision candidates           = 352339
    Collision acceptance rate      = 0.5169396519

Dissociation reaction O2 + N2 --> O + O + N2 is active, nReactions this time step = 0
    Number of DSMC particles        = 1802654
    Number of stuck particles       = 0
    Number of free particles        = 1802654
    Average linear kinetic energy   = 1.587295256e-19
    Average rotational energy       = 1.063154221e-20
    Average vibrational energy      = 9.944349573e-24
    Average electronic energy       = 0
    Total energy                    = 0.001831903995

Stage 1.0  ExecutionTime = 105.49 s  ClockTime = 54 s  Iteration 220 (0.66 s)

Dissociation reaction O2 + N2 --> O + O + N2 is active, nReactions this time step = 0
Dissociation reaction O2 + N2 --> O + O + N2 is active, nReactions this time step = 0
Dissociation reaction O2 + N2 --> O + O + N2 is active, nReactions this time step = 0
Dissociation reaction O2 + N2 --> O + O + N2 is active, nReactions this time step = 0
Dissociation reaction O2 + N2 --> O + O + N2 is active, nReactions this time step = 0
Dissociation reaction O2 + N2 --> O + O + N2 is active, nReactions this time step = 0
Dissociation reaction O2 + N2 --> O + O + N2 is active, nReactions this time step = 0
Dissociation reaction O2 + N2 --> O + O + N2 is active, nReactions this time step = 0
Dissociation reaction O2 + N2 --> O + O + N2 is active, nReactions this time step = 0
Time = 1.527211246e-05

    Collisions                      = 187073
    Collision candidates           = 363543
    Collision acceptance rate      = 0.5145828692

Dissociation reaction O2 + N2 --> O + O + N2 is active, nReactions this time step = 0
    Number of DSMC particles        = 1822930
    Number of stuck particles       = 0
    Number of free particles        = 1822930
    Average linear kinetic energy   = 1.578746141e-19
    Average rotational energy       = 1.103688232e-20
    Average vibrational energy      = 1.132831607e-23
    Average electronic energy       = 0
    Total energy                    = 0.00184760691

Stage 1.0  ExecutionTime = 111.5 s  ClockTime = 57 s  Iteration 230 (0.68 s)

Dissociation reaction O2 + N2 --> O + O + N2 is active, nReactions this time step = 0
Dissociation reaction O2 + N2 --> O + O + N2 is active, nReactions this time step = 0
Dissociation reaction O2 + N2 --> O + O + N2 is active, nReactions this time step = 0
Dissociation reaction O2 + N2 --> O + O + N2 is active, nReactions this time step = 0
Dissociation reaction O2 + N2 --> O + O + N2 is active, nReactions this time step = 0
Dissociation reaction O2 + N2 --> O + O + N2 is active, nReactions this time step = 0
Dissociation reaction O2 + N2 --> O + O + N2 is active, nReactions this time step = 1
Dissociation reaction O2 + N2 --> O + O + N2 is active, nReactions this time step = 0
Dissociation reaction O2 + N2 --> O + O + N2 is active, nReactions this time step = 0
Time = 1.593611735e-05

    Collisions                      = 192600
    Collision candidates           = 374901
    Collision acceptance rate      = 0.5137356262

Dissociation reaction O2 + N2 --> O + O + N2 is active, nReactions this time step = 0
    Number of DSMC particles        = 1842894
    Number of stuck particles       = 0
    Number of free particles        = 1842894
    Average linear kinetic energy   = 1.570717544e-19
    Average rotational energy       = 1.140830755e-20
    Average vibrational energy      = 1.274245433e-23
    Average electronic energy       = 0
    Total energy                    = 0.00186308627

Stage 1.0  ExecutionTime = 117.73 s  ClockTime = 61 s  Iteration 240 (0.65 s)

Dissociation reaction O2 + N2 --> O + O + N2 is active, nReactions this time step = 0
Dissociation reaction O2 + N2 --> O + O + N2 is active, nReactions this time step = 0
Dissociation reaction O2 + N2 --> O + O + N2 is active, nReactions this time step = 0
Dissociation reaction O2 + N2 --> O + O + N2 is active, nReactions this time step = 0
Dissociation reaction O2 + N2 --> O + O + N2 is active, nReactions this time step = 0
Dissociation reaction O2 + N2 --> O + O + N2 is active, nReactions this time step = 0
Dissociation reaction O2 + N2 --> O + O + N2 is active, nReactions this time step = 0
Dissociation reaction O2 + N2 --> O + O + N2 is active, nReactions this time step = 0
Dissociation reaction O2 + N2 --> O + O + N2 is active, nReactions this time step = 0
Time = 1.660012224e-05

    Collisions                      = 197411
    Collision candidates           = 385767
    Collision acceptance rate      = 0.511736359

Dissociation reaction O2 + N2 --> O + O + N2 is active, nReactions this time step = 0
    Number of DSMC particles        = 1862657
    Number of stuck particles       = 0
    Number of free particles        = 1862657
    Average linear kinetic energy   = 1.562962356e-19
    Average rotational energy       = 1.178272658e-20
    Average vibrational energy      = 1.365132431e-23
    Average electronic energy       = 0
    Total energy                    = 0.001878593299

Stage 1.0  ExecutionTime = 124.08 s  ClockTime = 64 s  Iteration 250 (0.72 s)

Dissociation reaction O2 + N2 --> O + O + N2 is active, nReactions this time step = 0
Dissociation reaction O2 + N2 --> O + O + N2 is active, nReactions this time step = 0
Dissociation reaction O2 + N2 --> O + O + N2 is active, nReactions this time step = 0
Dissociation reaction O2 + N2 --> O + O + N2 is active, nReactions this time step = 0
Dissociation reaction O2 + N2 --> O + O + N2 is active, nReactions this time step = 0
Dissociation reaction O2 + N2 --> O + O + N2 is active, nReactions this time step = 0
Dissociation reaction O2 + N2 --> O + O + N2 is active, nReactions this time step = 0
Dissociation reaction O2 + N2 --> O + O + N2 is active, nReactions this time step = 0
Dissociation reaction O2 + N2 --> O + O + N2 is active, nReactions this time step = 0
Time = 1.726412712e-05

    Collisions                      = 203905
    Collision candidates           = 397559
    Collision acceptance rate      = 0.512892426

Dissociation reaction O2 + N2 --> O + O + N2 is active, nReactions this time step = 0
    Number of DSMC particles        = 1882750
    Number of stuck particles       = 0
    Number of free particles        = 1882750
    Average linear kinetic energy   = 1.555179174e-19
    Average rotational energy       = 1.215954941e-20
    Average vibrational energy      = 1.43147464e-23
    Average electronic energy       = 0
    Total energy                    = 0.00189433021

Stage 1.0  ExecutionTime = 130.58 s  ClockTime = 67 s  Iteration 260 (0.76 s)

Dissociation reaction O2 + N2 --> O + O + N2 is active, nReactions this time step = 0
Dissociation reaction O2 + N2 --> O + O + N2 is active, nReactions this time step = 0
Dissociation reaction O2 + N2 --> O + O + N2 is active, nReactions this time step = 0
Dissociation reaction O2 + N2 --> O + O + N2 is active, nReactions this time step = 0
Dissociation reaction O2 + N2 --> O + O + N2 is active, nReactions this time step = 0
Dissociation reaction O2 + N2 --> O + O + N2 is active, nReactions this time step = 0
Dissociation reaction O2 + N2 --> O + O + N2 is active, nReactions this time step = 0
Dissociation reaction O2 + N2 --> O + O + N2 is active, nReactions this time step = 0
Dissociation reaction O2 + N2 --> O + O + N2 is active, nReactions this time step = 0
Time = 1.792813201e-05

    Collisions                      = 208094
    Collision candidates           = 408059
    Collision acceptance rate      = 0.5099605694

Dissociation reaction O2 + N2 --> O + O + N2 is active, nReactions this time step = 0
    Number of DSMC particles        = 1902348
    Number of stuck particles       = 0
    Number of free particles        = 1902348
    Average linear kinetic energy   = 1.547567408e-19
    Average rotational energy       = 1.253723893e-20
    Average vibrational energy      = 1.544325074e-23
    Average electronic energy       = 0
    Total energy                    = 0.001909684478

Stage 1.0  ExecutionTime = 137.4 s  ClockTime = 71 s  Iteration 270 (0.74 s)

Dissociation reaction O2 + N2 --> O + O + N2 is active, nReactions this time step = 0
Dissociation reaction O2 + N2 --> O + O + N2 is active, nReactions this time step = 0
Dissociation reaction O2 + N2 --> O + O + N2 is active, nReactions this time step = 0
Dissociation reaction O2 + N2 --> O + O + N2 is active, nReactions this time step = 0
Dissociation reaction O2 + N2 --> O + O + N2 is active, nReactions this time step = 0
Dissociation reaction O2 + N2 --> O + O + N2 is active, nReactions this time step = 0
Dissociation reaction O2 + N2 --> O + O + N2 is active, nReactions this time step = 0
Dissociation reaction O2 + N2 --> O + O + N2 is active, nReactions this time step = 0
Dissociation reaction O2 + N2 --> O + O + N2 is active, nReactions this time step = 0
Time = 1.85921369e-05

    Collisions                      = 213315
    Collision candidates           = 418876
    Collision acceptance rate      = 0.5092557225

Dissociation reaction O2 + N2 --> O + O + N2 is active, nReactions this time step = 0
    Number of DSMC particles        = 1921601
    Number of stuck particles       = 0
    Number of free particles        = 1921601
    Average linear kinetic energy   = 1.54011029e-19
    Average rotational energy       = 1.290054391e-20
    Average vibrational energy      = 1.630932199e-23
    Average electronic energy       = 0
    Total energy                    = 0.001924612712

Stage 1.0  ExecutionTime = 144.17 s  ClockTime = 74 s  Iteration 280 (0.78 s)

Dissociation reaction O2 + N2 --> O + O + N2 is active, nReactions this time step = 0
Dissociation reaction O2 + N2 --> O + O + N2 is active, nReactions this time step = 0
Dissociation reaction O2 + N2 --> O + O + N2 is active, nReactions this time step = 0
Dissociation reaction O2 + N2 --> O + O + N2 is active, nReactions this time step = 0
Dissociation reaction O2 + N2 --> O + O + N2 is active, nReactions this time step = 1
Dissociation reaction O2 + N2 --> O + O + N2 is active, nReactions this time step = 0
Dissociation reaction O2 + N2 --> O + O + N2 is active, nReactions this time step = 0
Dissociation reaction O2 + N2 --> O + O + N2 is active, nReactions this time step = 0
Dissociation reaction O2 + N2 --> O + O + N2 is active, nReactions this time step = 0
Time = 1.925614179e-05

    Collisions                      = 219238
    Collision candidates           = 430846
    Collision acceptance rate      = 0.508854672


Phase C auto DLB triggered (SAR) at step 290: sar=0.0003000102455 loadImbalance=1.030423359 threshold=1.5
Phase C ParMETIS: alpha=0.8 ncon=2 ubvec=[1.049999952,1.5] moveRatio=0.6820328361 (moveT=38.09676402s, collT=17.76090442s)
Phase C ParMETIS: AdaptiveRepart (60000 cells, 2 constraints, ubvec=1.049999952)
Replicated mesh: rank 0 owns 13432 / 60000 cells
Local mesh: 13432 owned + 616 halo = 14048 / 60000 cells
Phase C ParMETIS AdaptiveRepart: 45748 / 60000 cells changed (0.7624666667)
Phase C auto DLB complete: rebalance #3

Dissociation reaction O2 + N2 --> O + O + N2 is active, nReactions this time step = 0
    Number of DSMC particles        = 1940645
    Number of stuck particles       = 0
    Number of free particles        = 1940645
    Average linear kinetic energy   = 1.533292352e-19
    Average rotational energy       = 1.321995597e-20
    Average vibrational energy      = 1.692576039e-23
    Average electronic energy       = 0
    Total energy                    = 0.001939474212

Stage 1.0  ExecutionTime = 152.1 s  ClockTime = 77 s  Iteration 290 (1.41 s)

Dissociation reaction O2 + N2 --> O + O + N2 is active, nReactions this time step = 0
Dissociation reaction O2 + N2 --> O + O + N2 is active, nReactions this time step = 0
Dissociation reaction O2 + N2 --> O + O + N2 is active, nReactions this time step = 0
Dissociation reaction O2 + N2 --> O + O + N2 is active, nReactions this time step = 1
Dissociation reaction O2 + N2 --> O + O + N2 is active, nReactions this time step = 0
Dissociation reaction O2 + N2 --> O + O + N2 is active, nReactions this time step = 0
Dissociation reaction O2 + N2 --> O + O + N2 is active, nReactions this time step = 0
Dissociation reaction O2 + N2 --> O + O + N2 is active, nReactions this time step = 0
Dissociation reaction O2 + N2 --> O + O + N2 is active, nReactions this time step = 0
Time = 1.992014668e-05

    Collisions                      = 219387
    Collision candidates           = 398298
    Collision acceptance rate      = 0.5508112017

Dissociation reaction O2 + N2 --> O + O + N2 is active, nReactions this time step = 0
    Number of DSMC particles        = 1959537
    Number of stuck particles       = 0
    Number of free particles        = 1959537
    Average linear kinetic energy   = 1.526974621e-19
    Average rotational energy       = 1.347882825e-20
    Average vibrational energy      = 1.774680563e-23
    Average electronic energy       = 0
    Total energy                    = 0.00195398019

Stage 1.0  ExecutionTime = 158.16 s  ClockTime = 81 s  Iteration 300 (0.72 s)

End stage 1


DSMC solver profile summary
    solver profile steps          = 300
    move+collide wall [s]         = 68.01332591
    move only [s]                 = 41.63426119
    buildCellOccupancy [s]        = 7.640986755
    collision phase [s]           = 23.53856355
    post fields/output [s]        = 11.75807336
    total profiled [s]            = 84.57188485
    full evolve wall [s]          = 78.4835705
    move+collide cpu [s]          = 131.76
    move only cpu [s]             = 80.74
    buildCellOccupancy cpu [s]    = 14.08
    collision phase cpu [s]       = 45.84
    post fields/output cpu [s]    = 22.72
    total profiled cpu [s]        = 163.38
    full evolve cpu [s]           = 151.96
    OpenMP enabled                = 1
    OpenMP max threads            = 2
    OpenMP move                   = 1 (static, chunk 64)
    OpenMP collision              = dynamic, chunk 8


Replicated mesh profiling summary:
    migration calls             = 34
    migration wall time [s]     = 1.992275485
    local particles (final)     = 461801
    particles per rank          = min 461801 max 518398 max/min 1.122557119
    rank wall time (evolve, 300 steps): min 127.24 max 129.8 max/min 1.020119459
    Phase C auto DLB checks      = 300
    Phase C auto DLB rebalances = 3
    Phase C auto DLB triggered checks = 3
    Phase C auto DLB wall max [s]= 0.950419373
    Phase C auto DLB check max [s]= 0.09660204
    Phase C ParMETIS max [s]     = 0.25086091
    Phase C migration max [s]    = 0.654206024
    Phase C cellOwner write max [s] = 0
    Phase C post-diagnostic max [s] = 0.000187473
    Phase C auto DLB accounted max [s] = 1.001856447
    Phase C auto DLB residual max [s] = -0.051437074

Total Iterations = 300
End main

real 81.17
user 605.91
sys 27.96
