 
:: initializing oneAPI environment ...
   bash: BASH_VERSION = 5.1.16(1)-release
   args: Using "$@" for setvars.sh arguments: --force
:: advisor -- latest
:: ccl -- latest
:: compiler -- latest
:: dal -- latest
:: debugger -- latest
:: dev-utilities -- latest
:: dnnl -- latest
:: dpcpp-ct -- latest
:: dpl -- latest
:: ipp -- latest
:: ippcp -- latest
:: ishmem -- latest
:: mkl -- latest
:: mpi -- latest
:: pti -- latest
:: tbb -- latest
:: umf -- latest
:: vtune -- latest
:: oneAPI environment initialized ::
 
/*---------------------------------------------------------------------------*\
| =========                 |                                                 |
| \\      /  F ield         | OpenFOAM: The Open Source CFD Toolbox           |
|  \\    /   O peration     | Version:  v1706                                 |
|   \\  /    A nd           | Web:      www.OpenFOAM.com                      |
|    \\/     M anipulation  |                                                 |
\*---------------------------------------------------------------------------*/
Build  : v1706
Arch   : "LSB;label=32;scalar=64"
Exec   : dsmcFoam+
Date   : Jun 10 2026
Time   : 05:04:52
Host   : "SuperXCX-ROG"
PID    : 2114294
/*---------------------------------------------------------------------------*\
| =========                 |                                                 |
| \\      /  F ield         | OpenFOAM: The Open Source CFD Toolbox           |
|  \\    /   O peration     | Version:  v1706                                 |
|   \\  /    A nd           | Web:      www.OpenFOAM.com                      |
|    \\/     M anipulation  |                                                 |
\*---------------------------------------------------------------------------*/
Build  : v1706
Arch   : "LSB;label=32;scalar=64"
Exec   : dsmcFoam+
Date   : Jun 10 2026
Time   : 05:04:52
Host   : "SuperXCX-ROG"
PID    : 2114295
Case   : /home/superxcx/code/OpenFoam/OF-1706/hyStrath_dlb/run/hyStrath/dsmcFoam+/xcx_test/zb-cylinder-react/mpi4omp2
nProcs : 1
sigFpe : Enabling floating point exception trapping (FOAM_SIGFPE).
fileModificationChecking : Monitoring run-time modified files using timeStampMaster (fileModificationSkew 10)
allowSystemOperations : Allowing user-supplied system call operations

// * * * * * * * * * * * * * * * * * * * * * * * * * * * * * * * * * * * * * //
Create time

/*---------------------------------------------------------------------------*\
| =========                 |                                                 |
| \\      /  F ield         | OpenFOAM: The Open Source CFD Toolbox           |
|  \\    /   O peration     | Version:  v1706                                 |
|   \\  /    A nd           | Web:      www.OpenFOAM.com                      |
|    \\/     M anipulation  |                                                 |
\*---------------------------------------------------------------------------*/
Build  : v1706
Arch   : "LSB;label=32;scalar=64"
Exec   : dsmcFoam+
Date   : Jun 10 2026
Time   : 05:04:52
Host   : "SuperXCX-ROG"
PID    : 2114296
Case   : /home/superxcx/code/OpenFoam/OF-1706/hyStrath_dlb/run/hyStrath/dsmcFoam+/xcx_test/zb-cylinder-react/mpi4omp2
nProcs : 1
sigFpe : Enabling floating point exception trapping (FOAM_SIGFPE).
fileModificationChecking : Monitoring run-time modified files using timeStampMaster (fileModificationSkew 10)
allowSystemOperations : Allowing user-supplied system call operations

// * * * * * * * * * * * * * * * * * * * * * * * * * * * * * * * * * * * * * //
Create time

Case   : /home/superxcx/code/OpenFoam/OF-1706/hyStrath_dlb/run/hyStrath/dsmcFoam+/xcx_test/zb-cylinder-react/mpi4omp2
nProcs : 1
sigFpe : Enabling floating point exception trapping (FOAM_SIGFPE).
fileModificationChecking : Monitoring run-time modified files using timeStampMaster (fileModificationSkew 10)
allowSystemOperations : Allowing user-supplied system call operations

// * * * * * * * * * * * * * * * * * * * * * * * * * * * * * * * * * * * * * //
Create time

/*---------------------------------------------------------------------------*\
| =========                 |                                                 |
| \\      /  F ield         | OpenFOAM: The Open Source CFD Toolbox           |
|  \\    /   O peration     | Version:  v1706                                 |
|   \\  /    A nd           | Web:      www.OpenFOAM.com                      |
|    \\/     M anipulation  |                                                 |
\*---------------------------------------------------------------------------*/
Build  : v1706
Arch   : "LSB;label=32;scalar=64"
Exec   : dsmcFoam+
Date   : Jun 10 2026
Time   : 05:04:52
Host   : "SuperXCX-ROG"
PID    : 2114293
Case   : /home/superxcx/code/OpenFoam/OF-1706/hyStrath_dlb/run/hyStrath/dsmcFoam+/xcx_test/zb-cylinder-react/mpi4omp2
nProcs : 1
sigFpe : Enabling floating point exception trapping (FOAM_SIGFPE).
fileModificationChecking : Monitoring run-time modified files using timeStampMaster (fileModificationSkew 10)
allowSystemOperations : Allowing user-supplied system call operations

Create mesh for time = 0

Create mesh for time = 0

// * * * * * * * * * * * * * * * * * * * * * * * * * * * * * * * * * * * * * //
Create time

Create mesh for time = 0

Selecting dynamicFvMesh dynamicRefineFvMesh
Selecting dynamicFvMesh dynamicRefineFvMesh
Selecting dynamicFvMesh dynamicRefineFvMesh
Create mesh for time = 0

Selecting dynamicFvMesh dynamicRefineFvMesh

Constructing dsmcCloud 

Constructing dsmcCloud 

Constructing dsmcCloud 

Constructing dsmcCloud 
Selecting the coordinate system model:	dsmcCartesian

Selecting the time-step model:	dsmcConstantTimeStepModel

Selecting the coordinate system model:	dsmcCartesian

Selecting the time-step model:	dsmcConstantTimeStepModel

Constant time-step model:
- time-step [sec]	6.640048894e-08

Selecting the porous measurement model:	dsmcNoPorousMediumMeasurements

Constant time-step model:
- time-step [sec]	6.640048894e-08

Selecting the porous measurement model:	dsmcNoPorousMediumMeasurements

Selecting the coordinate system model:	dsmcCartesian

Selecting the time-step model:	dsmcConstantTimeStepModel

Constant time-step model:
- time-step [sec]	6.640048894e-08

Selecting the porous measurement model:	dsmcNoPorousMediumMeasurements


Creating dsmcControllers


Creating dsmcControllers

Creating fields: 

Selecting field: dsmcVolFields

TimeData Statistics: 
Creating fields: 

Selecting field: dsmcVolFields

TimeData Statistics: 
 measurement option: write
 nSamples: 1, time interval: 6.640048894e-08
 nAverages: 15060, time interval: 0.0009999913634
 total no. of sampling steps: 0
 total no. of averaging Steps: 0


 measurement option: write
 nSamples: 1, time interval: 6.640048894e-08
 nAverages: 15060, time interval: 0.0009999913634
 total no. of sampling steps: 0
 total no. of averaging Steps: 0



Creating dsmcControllers

Creating fields: 

Selecting field: dsmcVolFields

TimeData Statistics: 
 measurement option: write
 nSamples: 1, time interval: 6.640048894e-08
 nAverages: 15060, time interval: 0.0009999913634
 total no. of sampling steps: 0
 total no. of averaging Steps: 0


Selecting the coordinate system model:	dsmcCartesian

Selecting the time-step model:	dsmcConstantTimeStepModel

Constant time-step model:
- time-step [sec]	6.640048894e-08

Selecting the porous measurement model:	dsmcNoPorousMediumMeasurements


Creating dsmcControllers

Creating fields: 

Selecting field: dsmcVolFields

TimeData Statistics: 
 measurement option: write
 nSamples: 1, time interval: 6.640048894e-08
 nAverages: 15060, time interval: 0.0009999913634
 total no. of sampling steps: 0
 total no. of averaging Steps: 0


Selecting field: dsmcVolFields

TimeData Statistics: 
 measurement option: write
 nSamples: 1, time interval: 6.640048894e-08
 nAverages: 15060, time interval: 0.0009999913634
 total no. of sampling steps: 0
 total no. of averaging Steps: 0


Selecting field: dsmcVolFields

TimeData Statistics: 
 measurement option: write
 nSamples: 1, time interval: 6.640048894e-08
 nAverages: 15060, time interval: 0.0009999913634
 total no. of sampling steps: 0
 total no. of averaging Steps: 0


Selecting field: dsmcVolFields

TimeData Statistics: 
 measurement option: write
 nSamples: 1, time interval: 6.640048894e-08
 nAverages: 15060, time interval: 0.0009999913634
 total no. of sampling steps: 0
 total no. of averaging Steps: 0


Selecting field: dsmcVolFields

TimeData Statistics: 
 measurement option: write
 nSamples: 1, time interval: 6.640048894e-08
 nAverages: 15060, time interval: 0.0009999913634
 total no. of sampling steps: 0
 total no. of averaging Steps: 0


Selecting field: dsmcVolFields

TimeData Statistics: 
 measurement option: write
 nSamples: 1, time interval: 6.640048894e-08
 nAverages: 15060, time interval: 0.0009999913634
 total no. of sampling steps: 0
 total no. of averaging Steps: 0


Selecting field: dsmcVolFields

TimeData Statistics: 
 measurement option: write
 nSamples: 1, time interval: 6.640048894e-08
 nAverages: 15060, time interval: 0.0009999913634
 total no. of sampling steps: 0
 total no. of averaging Steps: 0


Selecting field: dsmcVolFields

TimeData Statistics: 
 measurement option: write
 nSamples: 1, time interval: 6.640048894e-08
 nAverages: 15060, time interval: 0.0009999913634
 total no. of sampling steps: 0
 total no. of averaging Steps: 0


Selecting field: dsmcVolFields

TimeData Statistics: 
 measurement option: write
 nSamples: 1, time interval: 6.640048894e-08
 nAverages: 15060, time interval: 0.0009999913634
 total no. of sampling steps: 0
 total no. of averaging Steps: 0


Selecting field: dsmcVolFields

TimeData Statistics: 
 measurement option: write
 nSamples: 1, time interval: 6.640048894e-08
 nAverages: 15060, time interval: 0.0009999913634
 total no. of sampling steps: 0
 total no. of averaging Steps: 0


Selecting field: dsmcVolFields

TimeData Statistics: 
 measurement option: write
 nSamples: 1, time interval: 6.640048894e-08
 nAverages: 15060, time interval: 0.0009999913634
 total no. of sampling steps: 0
 total no. of averaging Steps: 0


Selecting field: dsmcVolFields

TimeData Statistics: 
 measurement option: write
 nSamples: 1, time interval: 6.640048894e-08
 nAverages: 15060, time interval: 0.0009999913634
 total no. of sampling steps: 0
 total no. of averaging Steps: 0


Selecting field: dsmcVolFields

TimeData Statistics: 
 measurement option: write
 nSamples: 1, time interval: 6.640048894e-08
 nAverages: 15060, time interval: 0.0009999913634
 total no. of sampling steps: 0
 total no. of averaging Steps: 0


Selecting field: dsmcVolFields

TimeData Statistics: 
 measurement option: write
 nSamples: 1, time interval: 6.640048894e-08
 nAverages: 15060, time interval: 0.0009999913634
 total no. of sampling steps: 0
 total no. of averaging Steps: 0


Selecting field: dsmcVolFields

TimeData Statistics: 
 measurement option: write
 nSamples: 1, time interval: 6.640048894e-08
 nAverages: 15060, time interval: 0.0009999913634
 total no. of sampling steps: 0
 total no. of averaging Steps: 0


Selecting field: dsmcVolFields

TimeData Statistics: 
 measurement option: write
 nSamples: 1, time interval: 6.640048894e-08
 nAverages: 15060, time interval: 0.0009999913634
 total no. of sampling steps: 0
 total no. of averaging Steps: 0


Selecting field: dsmcVolFields

TimeData Statistics: 
 measurement option: write
 nSamples: 1, time interval: 6.640048894e-08
 nAverages: 15060, time interval: 0.0009999913634
 total no. of sampling steps: 0
 total no. of averaging Steps: 0


Selecting field: dsmcVolFields

TimeData Statistics: 
 measurement option: write
 nSamples: 1, time interval: 6.640048894e-08
 nAverages: 15060, time interval: 0.0009999913634
 total no. of sampling steps: 0
 total no. of averaging Steps: 0


Selecting field: dsmcVolFields

TimeData Statistics: 
 measurement option: write
 nSamples: 1, time interval: 6.640048894e-08
 nAverages: 15060, time interval: 0.0009999913634
 total no. of sampling steps: 0
 total no. of averaging Steps: 0


Selecting field: dsmcVolFields

TimeData Statistics: 
 measurement option: write
 nSamples: 1, time interval: 6.640048894e-08
 nAverages: 15060, time interval: 0.0009999913634
 total no. of sampling steps: 0
 total no. of averaging Steps: 0


Selecting field: dsmcVolFields

TimeData Statistics: 
 measurement option: write
 nSamples: 1, time interval: 6.640048894e-08
 nAverages: 15060, time interval: 0.0009999913634
 total no. of sampling steps: 0
 total no. of averaging Steps: 0


Creating the boundary models: 

Selecting dsmcPatchBoundaryModel dsmcDeletionPatch
Selecting dsmcPatchBoundaryModel dsmcDeletionPatch
Selecting dsmcPatchBoundaryModel dsmcDiffuseWallPatch
Selecting dsmcGeneralBoundaryModel dsmcFreeStreamInflowPatch
Creating the boundary models: 

Selecting dsmcPatchBoundaryModel dsmcDeletionPatch
Selecting dsmcPatchBoundaryModel dsmcDeletionPatch
Selecting dsmcPatchBoundaryModel dsmcDiffuseWallPatch
Selecting dsmcGeneralBoundaryModel dsmcFreeStreamInflowPatch
Selecting BinaryCollisionModel LarsenBorgnakkeVariableHardSphere

Creating dsmcReactions

Selecting the reaction model dissociationQK
Selecting the reaction model dissociationExchangeQK
Selecting the reaction model dissociationQK
Selecting the reaction model dissociationQK
Selecting the reaction model dissociationQK
Selecting the reaction model dissociationQK
Selecting the reaction model dissociationQK
Selecting the reaction model dissociationExchangeQK
Selecting the reaction model dissociationQK
Selecting the reaction model dissociationExchangeQK
Selecting the reaction model dissociationExchangeQK
Selecting the reaction model dissociationQK
Number of reactions created: 12
Creating the boundary models: 

Selecting dsmcPatchBoundaryModel dsmcDeletionPatch
Selecting dsmcPatchBoundaryModel dsmcDeletionPatch
Selecting dsmcPatchBoundaryModel dsmcDiffuseWallPatch
Selecting dsmcGeneralBoundaryModel dsmcFreeStreamInflowPatch
Selecting BinaryCollisionModel LarsenBorgnakkeVariableHardSphere

Creating dsmcReactions

Selecting the reaction model dissociationQK
Selecting the reaction model dissociationExchangeQK
Selecting the reaction model dissociationQK
Selecting the reaction model dissociationQK
Selecting the reaction model dissociationQK
Selecting the reaction model dissociationQK
Selecting the reaction model dissociationQK
Selecting the reaction model dissociationExchangeQK
Selecting the reaction model dissociationQK
Selecting the reaction model dissociationExchangeQK
Selecting the reaction model dissociationExchangeQK
Selecting the reaction model dissociationQK
Number of reactions created: 12
Selecting BinaryCollisionModel LarsenBorgnakkeVariableHardSphere

Creating dsmcReactions

Selecting the reaction model dissociationQK
Selecting the reaction model dissociationExchangeQK
Selecting the reaction model dissociationQK
Selecting the reaction model dissociationQK
Selecting the reaction model dissociationQK
Selecting the reaction model dissociationQK
Selecting the reaction model dissociationQK
Selecting the reaction model dissociationExchangeQK
Selecting the reaction model dissociationQK
Selecting the reaction model dissociationExchangeQK
Selecting the reaction model dissociationExchangeQK
Selecting the reaction model dissociationQK
Number of reactions created: 12
Creating the boundary models: 

Selecting dsmcPatchBoundaryModel dsmcDeletionPatch
Selecting dsmcPatchBoundaryModel dsmcDeletionPatch
Selecting dsmcPatchBoundaryModel dsmcDiffuseWallPatch
Selecting dsmcGeneralBoundaryModel dsmcFreeStreamInflowPatch
Selecting BinaryCollisionModel LarsenBorgnakkeVariableHardSphere

Creating dsmcReactions

Selecting the reaction model dissociationQK
Selecting the reaction model dissociationExchangeQK
Selecting the reaction model dissociationQK
Selecting the reaction model dissociationQK
Selecting the reaction model dissociationQK
Selecting the reaction model dissociationQK
Selecting the reaction model dissociationQK
Selecting the reaction model dissociationExchangeQK
Selecting the reaction model dissociationQK
Selecting the reaction model dissociationExchangeQK
Selecting the reaction model dissociationExchangeQK
Selecting the reaction model dissociationQK
Number of reactions created: 12

Constructing constant properties for
	N2
	O2
	NO
	N
	O

Constructing constant properties for

Constructing constant properties for
	N2
	O2
	NO
	N
	O
	N2
	O2
	NO
	N
	O
Selecting collisionPartnerSelectionModel noTimeCounter

Initialising the measurement fields

Initialising dsmcVolFields field
Initialising dsmcVolFields field
Initialising dsmcVolFields field
Initialising dsmcVolFields field
Initialising dsmcVolFields field
Initialising dsmcVolFields field
Selecting collisionPartnerSelectionModel noTimeCounter

Initialising the measurement fields

Initialising dsmcVolFields field
Selecting collisionPartnerSelectionModel noTimeCounter

Initialising the measurement fields

Initialising dsmcVolFields field
Initialising dsmcVolFields field
Initialising dsmcVolFields field
Initialising dsmcVolFields field
Initialising dsmcVolFields field
Initialising dsmcVolFields field
Initialising dsmcVolFields field
Initialising dsmcVolFields field
Initialising dsmcVolFields field
Initialising dsmcVolFields field
Initialising dsmcVolFields field

Constructing constant properties for
	N2
	O2
	NO
	N
	O
Selecting collisionPartnerSelectionModel noTimeCounter

Initialising the measurement fields

Initialising dsmcVolFields field
Initialising dsmcVolFields field
Initialising dsmcVolFields field
Initialising dsmcVolFields field
Initialising dsmcVolFields field
Initialising dsmcVolFields field
Replicated mesh: METIS decomposition complete, 60000 cells -> 4 ranks
Replicated mesh: rank 0 owns 15022 / 60000 cells
Local mesh: 15022 owned + 492 halo = 15514 / 60000 cells
Replicated mesh: no-Alltoall async migration enabled
Replicated mesh: flatTransfer=1 found=1
Replicated mesh: flat POD transfer enabled
Phase C auto DLB: enabled (ParMETIS AdaptiveRepart), imbalanceThreshold=1.5, dlbSteps=50, sarSteps=10, triggerMode=legacyWindow, minGapSteps=50, checkCollective=allgather, skipFixedKPostDiag=0
Replicated mesh: initialized with 4 MPI ranks, migrate interval 10

Starting time loop

Replicated mesh: initial particle distribution

Replicated mesh: rank 0 kept 201681 parcels, deleted 1105064 non-owned parcels
Time = 6.640048894e-07

    Collisions                      = 25811
    Collision candidates           = 34256
    Collision acceptance rate      = 0.753473844

    Number of DSMC particles        = 1330277
    Number of stuck particles       = 0
    Number of free particles        = 1330277
    Average linear kinetic energy   = 1.893473485e-19
    Average rotational energy       = 1.325255141e-21
    Average vibrational energy      = 4.682853872e-26
    Average electronic energy       = 0
    Total energy                    = 0.001521884648

Stage 1.0  ExecutionTime = 6.9 s  ClockTime = 5 s  Iteration 10 (0.4 s)

Time = 1.328009779e-06

    Collisions                      = 35558
    Collision candidates           = 54014
    Collision acceptance rate      = 0.6583108083

    Number of DSMC particles        = 1353953
    Number of stuck particles       = 0
    Number of free particles        = 1353953
    Average linear kinetic energy   = 1.865938266e-19
    Average rotational energy       = 1.555330274e-21
    Average vibrational energy      = 8.038435566e-26
    Average electronic energy       = 0
    Total energy                    = 0.001528471346

Stage 1.0  ExecutionTime = 10.63 s  ClockTime = 6 s  Iteration 20 (0.45 s)

Time = 1.992014668e-06

    Collisions                      = 45974
    Collision candidates           = 75024
    Collision acceptance rate      = 0.6127905737

    Number of DSMC particles        = 1377473
    Number of stuck particles       = 0
    Number of free particles        = 1377473
    Average linear kinetic energy   = 1.841292042e-19
    Average rotational energy       = 1.874110266e-21
    Average vibrational energy      = 1.242358779e-25
    Average electronic energy       = 0
    Total energy                    = 0.001537288288

Stage 1.0  ExecutionTime = 14.58 s  ClockTime = 8 s  Iteration 30 (0.47 s)

Time = 2.656019558e-06

    Collisions                      = 56745
    Collision candidates           = 95813
    Collision acceptance rate      = 0.5922473986

    Number of DSMC particles        = 1400986
    Number of stuck particles       = 0
    Number of free particles        = 1400986
    Average linear kinetic energy   = 1.819325101e-19
    Average rotational energy       = 2.268062041e-21
    Average vibrational energy      = 4.106612496e-25
    Average electronic energy       = 0
    Total energy                    = 0.001548377989

Stage 1.0  ExecutionTime = 18.67 s  ClockTime = 10 s  Iteration 40 (0.47 s)

Time = 3.320024447e-06

    Collisions                      = 65824
    Collision candidates           = 116013
    Collision acceptance rate      = 0.5673846896

    Number of DSMC particles        = 1424441
    Number of stuck particles       = 0
    Number of free particles        = 1424441
    Average linear kinetic energy   = 1.798725312e-19
    Average rotational energy       = 2.707355584e-21
    Average vibrational energy      = 5.235346996e-25
    Average electronic energy       = 0
    Total energy                    = 0.001560450134

Stage 1.0  ExecutionTime = 22.84 s  ClockTime = 13 s  Iteration 50 (0.48 s)

Time = 3.984029336e-06

    Collisions                      = 76136
    Collision candidates           = 137058
    Collision acceptance rate      = 0.5555020502

    Number of DSMC particles        = 1447753
    Number of stuck particles       = 0
    Number of free particles        = 1447753
    Average linear kinetic energy   = 1.779947478e-19
    Average rotational energy       = 3.181454666e-21
    Average vibrational energy      = 6.978526382e-25
    Average electronic energy       = 0
    Total energy                    = 0.001573796406

Stage 1.0  ExecutionTime = 27.06 s  ClockTime = 15 s  Iteration 60 (0.46 s)

Time = 4.648034226e-06

    Collisions                      = 85462
    Collision candidates           = 155586
    Collision acceptance rate      = 0.5492910673

    Number of DSMC particles        = 1471182
    Number of stuck particles       = 0
    Number of free particles        = 1471182
    Average linear kinetic energy   = 1.762604729e-19
    Average rotational energy       = 3.669144088e-21
    Average vibrational energy      = 9.407998592e-25
    Average electronic energy       = 0
    Total energy                    = 0.001588263587

Stage 1.0  ExecutionTime = 31.14 s  ClockTime = 17 s  Iteration 70 (0.47 s)

Time = 5.312039115e-06

    Collisions                      = 93659
    Collision candidates           = 173449
    Collision acceptance rate      = 0.5399800518

    Number of DSMC particles        = 1494420
    Number of stuck particles       = 0
    Number of free particles        = 1494420
    Average linear kinetic energy   = 1.746344769e-19
    Average rotational energy       = 4.185087621e-21
    Average vibrational energy      = 1.15471756e-24
    Average electronic energy       = 0
    Total energy                    = 0.001603399555

Stage 1.0  ExecutionTime = 35.37 s  ClockTime = 19 s  Iteration 80 (0.49 s)

Time = 5.976044005e-06

    Collisions                      = 102545
    Collision candidates           = 191600
    Collision acceptance rate      = 0.5352035491

    Number of DSMC particles        = 1517680
    Number of stuck particles       = 0
    Number of free particles        = 1517680
    Average linear kinetic energy   = 1.731354254e-19
    Average rotational energy       = 4.685921596e-21
    Average vibrational energy      = 1.629337662e-24
    Average electronic energy       = 0
    Total energy                    = 0.001619270249

Stage 1.0  ExecutionTime = 39.67 s  ClockTime = 21 s  Iteration 90 (0.52 s)

Time = 6.640048894e-06

    Collisions                      = 111258
    Collision candidates           = 208905
    Collision acceptance rate      = 0.5325770087

    Number of DSMC particles        = 1540832
    Number of stuck particles       = 0
    Number of free particles        = 1540832
    Average linear kinetic energy   = 1.716681764e-19
    Average rotational energy       = 5.223878506e-21
    Average vibrational energy      = 1.968254551e-24
    Average electronic energy       = 0
    Total energy                    = 0.001635383829

Stage 1.0  ExecutionTime = 43.99 s  ClockTime = 23 s  Iteration 100 (0.51 s)

Time = 7.304053783e-06

    Collisions                      = 119324
    Collision candidates           = 225929
    Collision acceptance rate      = 0.5281482236

    Number of DSMC particles        = 1563648
    Number of stuck particles       = 0
    Number of free particles        = 1563648
    Average linear kinetic energy   = 1.703185901e-19
    Average rotational energy       = 5.725902078e-21
    Average vibrational energy      = 2.137813856e-24
    Average electronic energy       = 0
    Total energy                    = 0.001651649765

Stage 1.0  ExecutionTime = 48.44 s  ClockTime = 26 s  Iteration 110 (0.5 s)

Time = 7.968058673e-06

    Collisions                      = 127519
    Collision candidates           = 242292
    Collision acceptance rate      = 0.5263029733

    Number of DSMC particles        = 1586491
    Number of stuck particles       = 0
    Number of free particles        = 1586491
    Average linear kinetic energy   = 1.690378885e-19
    Average rotational energy       = 6.225981329e-21
    Average vibrational energy      = 2.833451011e-24
    Average electronic energy       = 0
    Total energy                    = 0.001668354284

Stage 1.0  ExecutionTime = 53.1 s  ClockTime = 28 s  Iteration 120 (0.57 s)

Time = 8.632063562e-06

    Collisions                      = 134546
    Collision candidates           = 257839
    Collision acceptance rate      = 0.521821757

    Number of DSMC particles        = 1608967
    Number of stuck particles       = 0
    Number of free particles        = 1608967
    Average linear kinetic energy   = 1.678184777e-19
    Average rotational energy       = 6.719332569e-21
    Average vibrational energy      = 3.488774171e-24
    Average electronic energy       = 0
    Total energy                    = 0.001684987142

Stage 1.0  ExecutionTime = 57.86 s  ClockTime = 31 s  Iteration 130 (0.56 s)

Time = 9.296068452e-06

    Collisions                      = 141667
    Collision candidates           = 272891
    Collision acceptance rate      = 0.5191340132

    Number of DSMC particles        = 1631384
    Number of stuck particles       = 0
    Number of free particles        = 1631384
    Average linear kinetic energy   = 1.666524236e-19
    Average rotational energy       = 7.214815123e-21
    Average vibrational energy      = 4.098981354e-24
    Average electronic energy       = 0
    Total energy                    = 0.00170190551

Stage 1.0  ExecutionTime = 62.84 s  ClockTime = 33 s  Iteration 140 (0.58 s)

Time = 9.960073341e-06

    Collisions                      = 148724
    Collision candidates           = 287213
    Collision acceptance rate      = 0.5178177868

    Number of DSMC particles        = 1653740
    Number of stuck particles       = 0
    Number of free particles        = 1653740
    Average linear kinetic energy   = 1.655607469e-19
    Average rotational energy       = 7.682582906e-21
    Average vibrational energy      = 4.711870739e-24
    Average electronic energy       = 0
    Total energy                    = 0.001719043299

Stage 1.0  ExecutionTime = 67.99 s  ClockTime = 36 s  Iteration 150 (0.6 s)

Time = 1.062407823e-05

    Collisions                      = 155730
    Collision candidates           = 301371
    Collision acceptance rate      = 0.516738505

    Number of DSMC particles        = 1675887
    Number of stuck particles       = 0
    Number of free particles        = 1675887
    Average linear kinetic energy   = 1.644884034e-19
    Average rotational energy       = 8.183780594e-21
    Average vibrational energy      = 5.921756681e-24
    Average electronic energy       = 0
    Total energy                    = 0.001736333955

Stage 1.0  ExecutionTime = 73.25 s  ClockTime = 38 s  Iteration 160 (0.61 s)

Time = 1.128808312e-05

    Collisions                      = 162606
    Collision candidates           = 315598
    Collision acceptance rate      = 0.515231402


Phase C auto DLB triggered (SAR) at step 170: sar=0.003382532871 loadImbalance=1.079331464 threshold=1.5
Phase C ParMETIS: alpha=0.8 ncon=2 ubvec=[1.049999952,1.5] moveRatio=0.6239371085 (moveT=18.17522829s, collT=10.95467606s)
Phase C ParMETIS: AdaptiveRepart (60000 cells, 2 constraints, ubvec=1.049999952)
Replicated mesh: rank 0 owns 16751 / 60000 cells
Local mesh: 16751 owned + 565 halo = 17316 / 60000 cells
Phase C ParMETIS AdaptiveRepart: 59972 / 60000 cells changed (0.9995333333)
Phase C auto DLB complete: rebalance #1

    Number of DSMC particles        = 1697696
    Number of stuck particles       = 0
    Number of free particles        = 1697696
    Average linear kinetic energy   = 1.634999816e-19
    Average rotational energy       = 8.647842642e-21
    Average vibrational energy      = 6.506384366e-24
    Average electronic energy       = 0
    Total energy                    = 0.001753594311

Stage 1.0  ExecutionTime = 79.04 s  ClockTime = 41 s  Iteration 170 (1.07 s)

Time = 1.195208801e-05

    Collisions                      = 157122
    Collision candidates           = 266363
    Collision acceptance rate      = 0.589879225

    Number of DSMC particles        = 1719010
    Number of stuck particles       = 0
    Number of free particles        = 1719010
    Average linear kinetic energy   = 1.625751913e-19
    Average rotational energy       = 8.962442593e-21
    Average vibrational energy      = 7.195265013e-24
    Average electronic energy       = 0
    Total energy                    = 0.00176932366

Stage 1.0  ExecutionTime = 84.01 s  ClockTime = 43 s  Iteration 180 (0.55 s)

Time = 1.26160929e-05

    Collisions                      = 163703
    Collision candidates           = 288884
    Collision acceptance rate      = 0.5666738206

    Number of DSMC particles        = 1740534
    Number of stuck particles       = 0
    Number of free particles        = 1740534
    Average linear kinetic energy   = 1.615632662e-19
    Average rotational energy       = 9.416044905e-21
    Average vibrational energy      = 7.571565148e-24
    Average electronic energy       = 0
    Total energy                    = 0.001785650897

Stage 1.0  ExecutionTime = 89.22 s  ClockTime = 46 s  Iteration 190 (0.55 s)

Time = 1.328009779e-05

    Collisions                      = 170683
    Collision candidates           = 307051
    Collision acceptance rate      = 0.5558783394

    Number of DSMC particles        = 1761641
    Number of stuck particles       = 0
    Number of free particles        = 1761641
    Average linear kinetic energy   = 1.606290967e-19
    Average rotational energy       = 9.842883389e-21
    Average vibrational energy      = 8.372817245e-24
    Average electronic energy       = 0
    Total energy                    = 0.001801951076

Stage 1.0  ExecutionTime = 94.98 s  ClockTime = 49 s  Iteration 200 (0.66 s)

Time = 1.394410268e-05

    Collisions                      = 176893
    Collision candidates           = 322610
    Collision acceptance rate      = 0.548318403

    Number of DSMC particles        = 1782112
    Number of stuck particles       = 0
    Number of free particles        = 1782112
    Average linear kinetic energy   = 1.597162211e-19
    Average rotational energy       = 1.027246947e-20
    Average vibrational energy      = 8.606905312e-24
    Average electronic energy       = 0
    Total energy                    = 0.001817725342

Stage 1.0  ExecutionTime = 100.74 s  ClockTime = 52 s  Iteration 210 (0.66 s)

Time = 1.460810757e-05

    Collisions                      = 182851
    Collision candidates           = 336654
    Collision acceptance rate      = 0.5431422172

    Number of DSMC particles        = 1802492
    Number of stuck particles       = 0
    Number of free particles        = 1802492
    Average linear kinetic energy   = 1.588463926e-19
    Average rotational energy       = 1.065691932e-20
    Average vibrational energy      = 9.261180876e-24
    Average electronic energy       = 0
    Total energy                    = 0.001833270342

Stage 1.0  ExecutionTime = 106.74 s  ClockTime = 55 s  Iteration 220 (0.65 s)

Time = 1.527211246e-05

    Collisions                      = 188832
    Collision candidates           = 349961
    Collision acceptance rate      = 0.5395801246

    Number of DSMC particles        = 1823046
    Number of stuck particles       = 0
    Number of free particles        = 1823046
    Average linear kinetic energy   = 1.58022828e-19
    Average rotational energy       = 1.105046093e-20
    Average vibrational energy      = 1.033487009e-23
    Average electronic energy       = 0
    Total energy                    = 0.001849483344

Stage 1.0  ExecutionTime = 112.89 s  ClockTime = 58 s  Iteration 230 (0.7 s)

Time = 1.593611735e-05

    Collisions                      = 193892
    Collision candidates           = 362317
    Collision acceptance rate      = 0.5351446385

    Number of DSMC particles        = 1842873
    Number of stuck particles       = 0
    Number of free particles        = 1842873
    Average linear kinetic energy   = 1.571804256e-19
    Average rotational energy       = 1.146475375e-20
    Average vibrational energy      = 1.159114948e-23
    Average electronic energy       = 0
    Total energy                    = 0.001864878052

Stage 1.0  ExecutionTime = 119.27 s  ClockTime = 61 s  Iteration 240 (0.71 s)

Time = 1.660012224e-05

    Collisions                      = 199685
    Collision candidates           = 375196
    Collision acceptance rate      = 0.5322151622

    Number of DSMC particles        = 1862746
    Number of stuck particles       = 0
    Number of free particles        = 1862746
    Average linear kinetic energy   = 1.564087383e-19
    Average rotational energy       = 1.182412692e-20
    Average vibrational energy      = 1.24446214e-23
    Average electronic energy       = 0
    Total energy                    = 0.001880389668

Stage 1.0  ExecutionTime = 125.92 s  ClockTime = 65 s  Iteration 250 (0.71 s)

Time = 1.726412712e-05

    Collisions                      = 204833
    Collision candidates           = 386935
    Collision acceptance rate      = 0.5293731505

    Number of DSMC particles        = 1882466
    Number of stuck particles       = 0
    Number of free particles        = 1882466
    Average linear kinetic energy   = 1.556561038e-19
    Average rotational energy       = 1.219054704e-20
    Average vibrational energy      = 1.467863184e-23
    Average electronic energy       = 0
    Total energy                    = 0.001895959473

Stage 1.0  ExecutionTime = 132.69 s  ClockTime = 68 s  Iteration 260 (0.77 s)

Time = 1.792813201e-05

    Collisions                      = 210999
    Collision candidates           = 399643
    Collision acceptance rate      = 0.5279687121


Phase C auto DLB triggered (SAR) at step 270: sar=7.102553333e-05 loadImbalance=1.038673184 threshold=1.5
Phase C ParMETIS: alpha=0.8 ncon=2 ubvec=[1.049999952,1.5] moveRatio=0.5869515923 (moveT=31.79466375s, collT=22.37447757s)
Phase C ParMETIS: AdaptiveRepart (60000 cells, 2 constraints, ubvec=1.049999952)
Replicated mesh: rank 0 owns 15871 / 60000 cells
Local mesh: 15871 owned + 802 halo = 16673 / 60000 cells
Phase C ParMETIS AdaptiveRepart: 58954 / 60000 cells changed (0.9825666667)
Phase C auto DLB complete: rebalance #2

    Number of DSMC particles        = 1901814
    Number of stuck particles       = 0
    Number of free particles        = 1901814
    Average linear kinetic energy   = 1.549243924e-19
    Average rotational energy       = 1.254445296e-20
    Average vibrational energy      = 1.560853336e-23
    Average electronic energy       = 0
    Total energy                    = 0.001911145675

Stage 1.0  ExecutionTime = 140.18 s  ClockTime = 71 s  Iteration 270 (1.37 s)

Time = 1.85921369e-05

    Collisions                      = 211593
    Collision candidates           = 395173
    Collision acceptance rate      = 0.5354439701

    Number of DSMC particles        = 1921318
    Number of stuck particles       = 0
    Number of free particles        = 1921318
    Average linear kinetic energy   = 1.542562935e-19
    Average rotational energy       = 1.282391665e-20
    Average vibrational energy      = 1.641326896e-23
    Average electronic energy       = 0
    Total energy                    = 0.001926274501

Stage 1.0  ExecutionTime = 145.68 s  ClockTime = 74 s  Iteration 280 (0.61 s)

Time = 1.925614179e-05

    Collisions                      = 218740
    Collision candidates           = 414371
    Collision acceptance rate      = 0.5278844321

    Number of DSMC particles        = 1940299
    Number of stuck particles       = 0
    Number of free particles        = 1940299
    Average linear kinetic energy   = 1.535533285e-19
    Average rotational energy       = 1.313009843e-20
    Average vibrational energy      = 1.771960553e-23
    Average electronic energy       = 0
    Total energy                    = 0.001940700407

Stage 1.0  ExecutionTime = 151.5 s  ClockTime = 77 s  Iteration 290 (0.61 s)

Time = 1.992014668e-05

    Collisions                      = 225398
    Collision candidates           = 429352
    Collision acceptance rate      = 0.5249725167

    Number of DSMC particles        = 1959064
    Number of stuck particles       = 0
    Number of free particles        = 1959064
    Average linear kinetic energy   = 1.528447736e-19
    Average rotational energy       = 1.344734964e-20
    Average vibrational energy      = 1.924925466e-23
    Average electronic energy       = 0
    Total energy                    = 0.001954887736

Stage 1.0  ExecutionTime = 157.64 s  ClockTime = 80 s  Iteration 300 (0.65 s)

End stage 1


DSMC solver profile summary
    solver profile steps          = 300
    move+collide wall [s]         = 69.31215466
    move only [s]                 = 43.48432884
    buildCellOccupancy [s]        = 8.227037094
    collision phase [s]           = 27.32190846
    post fields/output [s]        = 11.8866869
    total profiled [s]            = 90.91996129
    full evolve wall [s]          = 78.41137058
    move+collide cpu [s]          = 134.41
    move only cpu [s]             = 84.34
    buildCellOccupancy cpu [s]    = 15.29
    collision phase cpu [s]       = 53.15
    post fields/output cpu [s]    = 23.12
    total profiled cpu [s]        = 175.9
    full evolve cpu [s]           = 151.93
    OpenMP enabled                = 1
    OpenMP max threads            = 2
    OpenMP move                   = 1 (static, chunk 64)
    OpenMP collision              = dynamic, chunk 8


Replicated mesh profiling summary:
    migration calls             = 33
    migration wall time [s]     = 2.060882804
    local particles (final)     = 527440
    particles per rank          = min 435472 max 527440 max/min 1.211191535
    rank wall time (evolve, 300 steps): min 127.49 max 132.9 max/min 1.042434701
    Phase C auto DLB checks      = 300
    Phase C auto DLB rebalances = 2
    Phase C auto DLB triggered checks = 2
    Phase C auto DLB wall max [s]= 0.838581319
    Phase C auto DLB check max [s]= 0.128691204
    Phase C ParMETIS max [s]     = 0.164994493
    Phase C migration max [s]    = 0.588815656
    Phase C cellOwner write max [s] = 0
    Phase C post-diagnostic max [s] = 0.000179987
    Phase C auto DLB accounted max [s] = 0.88268134
    Phase C auto DLB residual max [s] = -0.044100021

Total Iterations = 300
End main

real 80.96
user 602.23
sys 29.52
