case=zb
mode=MPI8
np=8
OMP_NUM_THREADS=1
case_dir=/home/superxcx/code/OpenFoam/OF-1706/hyStrath_dlb/run/hyStrath/dsmcFoam+/xcx_test/zb-cylinder-react/mpi8
controlDict=/home/superxcx/code/OpenFoam/OF-1706/hyStrath_dlb/doc/worklog/v2506/detail_mix/zb_full_series_nowrite_perf_recheck_20260620/controlDicts/zb_MPI8_controlDict
start=2026-06-20T22:25:12+08:00
/*---------------------------------------------------------------------------*\
| =========                 |                                                 |
| \\      /  F ield         | OpenFOAM: The Open Source CFD Toolbox           |
|  \\    /   O peration     | Version:  v1706                                 |
|   \\  /    A nd           | Web:      www.OpenFOAM.com                      |
|    \\/     M anipulation  |                                                 |
\*---------------------------------------------------------------------------*/
Build  : v1706
Arch   : "LSB;label=32;scalar=64"
Exec   : dsmcFoam+
Date   : Jun 20 2026
Time   : 22:25:12
Host   : "SuperXCX-ROG"
PID    : 218163
/*---------------------------------------------------------------------------*\
| =========                 |                                                 |
| \\      /  F ield         | OpenFOAM: The Open Source CFD Toolbox           |
|  \\    /   O peration     | Version:  v1706                                 |
|   \\  /    A nd           | Web:      www.OpenFOAM.com                      |
|    \\/     M anipulation  |                                                 |
\*---------------------------------------------------------------------------*/
Build  : v1706
Arch   : "LSB;label=32;scalar=64"
Exec   : dsmcFoam+
Date   : Jun 20 2026
Time   : 22:25:12
Host   : "SuperXCX-ROG"
PID    : 218165
/*---------------------------------------------------------------------------*\
| =========                 |                                                 |
| \\      /  F ield         | OpenFOAM: The Open Source CFD Toolbox           |
|  \\    /   O peration     | Version:  v1706                                 |
|   \\  /    A nd           | Web:      www.OpenFOAM.com                      |
|    \\/     M anipulation  |                                                 |
\*---------------------------------------------------------------------------*/
Build  : v1706
Arch   : "LSB;label=32;scalar=64"
Exec   : dsmcFoam+
Date   : Jun 20 2026
Time   : 22:25:12
Host   : "SuperXCX-ROG"
PID    : 218166
/*---------------------------------------------------------------------------*\
| =========                 |                                                 |
| \\      /  F ield         | OpenFOAM: The Open Source CFD Toolbox           |
|  \\    /   O peration     | Version:  v1706                                 |
|   \\  /    A nd           | Web:      www.OpenFOAM.com                      |
|    \\/     M anipulation  |                                                 |
\*---------------------------------------------------------------------------*/
Build  : v1706
Arch   : "LSB;label=32;scalar=64"
Exec   : dsmcFoam+
Date   : Jun 20 2026
Time   : 22:25:12
Host   : "SuperXCX-ROG"
PID    : 218167
Case   : /home/superxcx/code/OpenFoam/OF-1706/hyStrath_dlb/run/hyStrath/dsmcFoam+/xcx_test/zb-cylinder-react/mpi8
nProcs : 1
sigFpe : Enabling floating point exception trapping (FOAM_SIGFPE).
Case   : /home/superxcx/code/OpenFoam/OF-1706/hyStrath_dlb/run/hyStrath/dsmcFoam+/xcx_test/zb-cylinder-react/mpi8
nProcs : 1
sigFpe : Enabling floating point exception trapping (FOAM_SIGFPE).
Case   : /home/superxcx/code/OpenFoam/OF-1706/hyStrath_dlb/run/hyStrath/dsmcFoam+/xcx_test/zb-cylinder-react/mpi8
nProcs : 1
sigFpe : Enabling floating point exception trapping (FOAM_SIGFPE).
Case   : /home/superxcx/code/OpenFoam/OF-1706/hyStrath_dlb/run/hyStrath/dsmcFoam+/xcx_test/zb-cylinder-react/mpi8
nProcs : 1
sigFpe : Enabling floating point exception trapping (FOAM_SIGFPE).
fileModificationChecking : Monitoring run-time modified files using timeStampMaster (fileModificationSkew 10)
allowSystemOperations : Allowing user-supplied system call operations

fileModificationChecking : Monitoring run-time modified files using timeStampMaster (fileModificationSkew 10)
allowSystemOperations : Allowing user-supplied system call operations

fileModificationChecking : Monitoring run-time modified files using timeStampMaster (fileModificationSkew 10)
allowSystemOperations : Allowing user-supplied system call operations

// * * * * * * * * * * * * * * * * * * * * * * * * * * * * * * * * * * * * * //
Create time

fileModificationChecking : Monitoring run-time modified files using timeStampMaster (fileModificationSkew 10)
allowSystemOperations : Allowing user-supplied system call operations

// * * * * * * * * * * * * * * * * * * * * * * * * * * * * * * * * * * * * * //
Create time

// * * * * * * * * * * * * * * * * * * * * * * * * * * * * * * * * * * * * * //
Create time

// * * * * * * * * * * * * * * * * * * * * * * * * * * * * * * * * * * * * * //
Create time

/*---------------------------------------------------------------------------*\
| =========                 |                                                 |
| \\      /  F ield         | OpenFOAM: The Open Source CFD Toolbox           |
|  \\    /   O peration     | Version:  v1706                                 |
|   \\  /    A nd           | Web:      www.OpenFOAM.com                      |
|    \\/     M anipulation  |                                                 |
\*---------------------------------------------------------------------------*/
Build  : v1706
Arch   : "LSB;label=32;scalar=64"
Exec   : dsmcFoam+
Date   : Jun 20 2026
Time   : 22:25:12
Host   : "SuperXCX-ROG"
PID    : 218162
Case   : /home/superxcx/code/OpenFoam/OF-1706/hyStrath_dlb/run/hyStrath/dsmcFoam+/xcx_test/zb-cylinder-react/mpi8
nProcs : 1
sigFpe : Enabling floating point exception trapping (FOAM_SIGFPE).
fileModificationChecking : Monitoring run-time modified files using timeStampMaster (fileModificationSkew 10)
allowSystemOperations : Allowing user-supplied system call operations

// * * * * * * * * * * * * * * * * * * * * * * * * * * * * * * * * * * * * * //
Create time

/*---------------------------------------------------------------------------*\
| =========                 |                                                 |
| \\      /  F ield         | OpenFOAM: The Open Source CFD Toolbox           |
|  \\    /   O peration     | Version:  v1706                                 |
|   \\  /    A nd           | Web:      www.OpenFOAM.com                      |
|    \\/     M anipulation  |                                                 |
\*---------------------------------------------------------------------------*/
Build  : v1706
Arch   : "LSB;label=32;scalar=64"
Exec   : dsmcFoam+
Date   : Jun 20 2026
Time   : 22:25:12
Host   : "SuperXCX-ROG"
PID    : 218164
Case   : /home/superxcx/code/OpenFoam/OF-1706/hyStrath_dlb/run/hyStrath/dsmcFoam+/xcx_test/zb-cylinder-react/mpi8
nProcs : 1
sigFpe : Enabling floating point exception trapping (FOAM_SIGFPE).
fileModificationChecking : Monitoring run-time modified files using timeStampMaster (fileModificationSkew 10)
allowSystemOperations : Allowing user-supplied system call operations

// * * * * * * * * * * * * * * * * * * * * * * * * * * * * * * * * * * * * * //
Create time

Create mesh for time = 0

Create mesh for time = 0

Create mesh for time = 0

Create mesh for time = 0

Create mesh for time = 0

/*---------------------------------------------------------------------------*\
| =========                 |                                                 |
| \\      /  F ield         | OpenFOAM: The Open Source CFD Toolbox           |
|  \\    /   O peration     | Version:  v1706                                 |
|   \\  /    A nd           | Web:      www.OpenFOAM.com                      |
|    \\/     M anipulation  |                                                 |
\*---------------------------------------------------------------------------*/
Build  : v1706
Arch   : "LSB;label=32;scalar=64"
Exec   : dsmcFoam+
Date   : Jun 20 2026
Time   : 22:25:12
Host   : "SuperXCX-ROG"
PID    : 218169
Case   : /home/superxcx/code/OpenFoam/OF-1706/hyStrath_dlb/run/hyStrath/dsmcFoam+/xcx_test/zb-cylinder-react/mpi8
nProcs : 1
sigFpe : Enabling floating point exception trapping (FOAM_SIGFPE).
Create mesh for time = 0

fileModificationChecking : Monitoring run-time modified files using timeStampMaster (fileModificationSkew 10)
allowSystemOperations : Allowing user-supplied system call operations

// * * * * * * * * * * * * * * * * * * * * * * * * * * * * * * * * * * * * * //
Create time

Selecting dynamicFvMesh dynamicRefineFvMesh
Selecting dynamicFvMesh dynamicRefineFvMesh
Create mesh for time = 0

Selecting dynamicFvMesh dynamicRefineFvMesh
Selecting dynamicFvMesh dynamicRefineFvMesh
Selecting dynamicFvMesh dynamicRefineFvMesh
Selecting dynamicFvMesh dynamicRefineFvMesh
Selecting dynamicFvMesh dynamicRefineFvMesh
/*---------------------------------------------------------------------------*\
| =========                 |                                                 |
| \\      /  F ield         | OpenFOAM: The Open Source CFD Toolbox           |
|  \\    /   O peration     | Version:  v1706                                 |
|   \\  /    A nd           | Web:      www.OpenFOAM.com                      |
|    \\/     M anipulation  |                                                 |
\*---------------------------------------------------------------------------*/
Build  : v1706
Arch   : "LSB;label=32;scalar=64"
Exec   : dsmcFoam+
Date   : Jun 20 2026
Time   : 22:25:12
Host   : "SuperXCX-ROG"
PID    : 218168
Case   : /home/superxcx/code/OpenFoam/OF-1706/hyStrath_dlb/run/hyStrath/dsmcFoam+/xcx_test/zb-cylinder-react/mpi8
nProcs : 1
sigFpe : Enabling floating point exception trapping (FOAM_SIGFPE).
fileModificationChecking : Monitoring run-time modified files using timeStampMaster (fileModificationSkew 10)
allowSystemOperations : Allowing user-supplied system call operations

// * * * * * * * * * * * * * * * * * * * * * * * * * * * * * * * * * * * * * //
Create time

Create mesh for time = 0

Selecting dynamicFvMesh dynamicRefineFvMesh

Constructing dsmcCloud 

Constructing dsmcCloud 

Constructing dsmcCloud 

Constructing dsmcCloud 

Constructing dsmcCloud 

Constructing dsmcCloud 

Constructing dsmcCloud 

Constructing dsmcCloud 
Selecting the coordinate system model:	dsmcCartesian

Selecting the time-step model:	dsmcConstantTimeStepModel

Constant time-step model:
- time-step [sec]	6.640048894e-08

Selecting the porous measurement model:	dsmcNoPorousMediumMeasurements


Creating dsmcControllers

Creating fields: 

Selecting field: dsmcVolFields

TimeData Statistics: 
 measurement option: write
 nSamples: 1, time interval: 6.640048894e-08
 nAverages: 15060, time interval: 0.0009999913634
 total no. of sampling steps: 0
 total no. of averaging Steps: 0


Selecting the coordinate system model:	dsmcCartesian

Selecting the time-step model:	dsmcConstantTimeStepModel

Constant time-step model:
- time-step [sec]	6.640048894e-08

Selecting the porous measurement model:	dsmcNoPorousMediumMeasurements

Selecting field: dsmcVolFields

TimeData Statistics: 
 measurement option: write
 nSamples: 1, time interval: 6.640048894e-08
 nAverages: 15060, time interval: 0.0009999913634
 total no. of sampling steps: 0
 total no. of averaging Steps: 0



Creating dsmcControllers

Creating fields: 

Selecting field: dsmcVolFields

TimeData Statistics: 
 measurement option: write
 nSamples: 1, time interval: 6.640048894e-08
 nAverages: 15060, time interval: 0.0009999913634
 total no. of sampling steps: 0
 total no. of averaging Steps: 0


Selecting the coordinate system model:	dsmcCartesian

Selecting the time-step model:	dsmcConstantTimeStepModel

Constant time-step model:
- time-step [sec]	6.640048894e-08

Selecting the porous measurement model:	dsmcNoPorousMediumMeasurements


Creating dsmcControllers

Creating fields: 

Selecting field: dsmcVolFields

TimeData Statistics: 
 measurement option: write
 nSamples: 1, time interval: 6.640048894e-08
 nAverages: 15060, time interval: 0.0009999913634
 total no. of sampling steps: 0
 total no. of averaging Steps: 0


Selecting field: dsmcVolFields

TimeData Statistics: 
 measurement option: write
 nSamples: 1, time interval: 6.640048894e-08
 nAverages: 15060, time interval: 0.0009999913634
 total no. of sampling steps: 0
 total no. of averaging Steps: 0


Selecting field: dsmcVolFields

TimeData Statistics: 
 measurement option: write
 nSamples: 1, time interval: 6.640048894e-08
 nAverages: 15060, time interval: 0.0009999913634
 total no. of sampling steps: 0
 total no. of averaging Steps: 0


Selecting field: dsmcVolFields

TimeData Statistics: 
 measurement option: write
 nSamples: 1, time interval: 6.640048894e-08
 nAverages: 15060, time interval: 0.0009999913634
 total no. of sampling steps: 0
 total no. of averaging Steps: 0


Selecting the coordinate system model:	dsmcCartesian

Selecting the time-step model:	dsmcConstantTimeStepModel

Constant time-step model:
- time-step [sec]	6.640048894e-08

Selecting the porous measurement model:	dsmcNoPorousMediumMeasurements

Selecting field: dsmcVolFields

TimeData Statistics: 
 measurement option: write
 nSamples: 1, time interval: 6.640048894e-08
 nAverages: 15060, time interval: 0.0009999913634
 total no. of sampling steps: 0
 total no. of averaging Steps: 0



Creating dsmcControllers

Selecting the coordinate system model:	dsmcCartesian

Creating fields: 

Selecting field: dsmcVolFields
Selecting the time-step model:	dsmcConstantTimeStepModel


TimeData Statistics: 
 measurement option: write
 nSamples: 1, time interval: 6.640048894e-08
 nAverages: 15060, time interval: 0.0009999913634
 total no. of sampling steps: 0
 total no. of averaging Steps: 0


Selecting field: dsmcVolFields

TimeData Statistics: 
 measurement option: write
 nSamples: 1, time interval: 6.640048894e-08
 nAverages: 15060, time interval: 0.0009999913634
 total no. of sampling steps: 0
 total no. of averaging Steps: 0


Constant time-step model:
- time-step [sec]	6.640048894e-08

Selecting the porous measurement model:	dsmcNoPorousMediumMeasurements


Creating dsmcControllers

Creating fields: 

Selecting field: dsmcVolFields

TimeData Statistics: 
 measurement option: write
 nSamples: 1, time interval: 6.640048894e-08
 nAverages: 15060, time interval: 0.0009999913634
 total no. of sampling steps: 0
 total no. of averaging Steps: 0


Selecting field: dsmcVolFields

TimeData Statistics: 
 measurement option: write
 nSamples: 1, time interval: 6.640048894e-08
 nAverages: 15060, time interval: 0.0009999913634
 total no. of sampling steps: 0
 total no. of averaging Steps: 0


Selecting field: dsmcVolFields

TimeData Statistics: 
 measurement option: write
 nSamples: 1, time interval: 6.640048894e-08
 nAverages: 15060, time interval: 0.0009999913634
 total no. of sampling steps: 0
 total no. of averaging Steps: 0


Selecting field: dsmcVolFields

TimeData Statistics: 
 measurement option: write
 nSamples: 1, time interval: 6.640048894e-08
 nAverages: 15060, time interval: 0.0009999913634
 total no. of sampling steps: 0
 total no. of averaging Steps: 0


Selecting field: dsmcVolFields

TimeData Statistics: 
 measurement option: write
 nSamples: 1, time interval: 6.640048894e-08
 nAverages: 15060, time interval: 0.0009999913634
 total no. of sampling steps: 0
 total no. of averaging Steps: 0


Selecting field: dsmcVolFields

TimeData Statistics: 
 measurement option: write
 nSamples: 1, time interval: 6.640048894e-08
 nAverages: 15060, time interval: 0.0009999913634
 total no. of sampling steps: 0
 total no. of averaging Steps: 0


Selecting the coordinate system model:	dsmcCartesian

Selecting the time-step model:	dsmcConstantTimeStepModel

Constant time-step model:
- time-step [sec]	6.640048894e-08

Selecting the porous measurement model:	dsmcNoPorousMediumMeasurements


Creating dsmcControllers

Selecting field: dsmcVolFields

TimeData Statistics: 
 measurement option: write
 nSamples: 1, time interval: 6.640048894e-08
 nAverages: 15060, time interval: 0.0009999913634
 total no. of sampling steps: 0
 total no. of averaging Steps: 0


Creating fields: 

Selecting field: dsmcVolFields

TimeData Statistics: 
 measurement option: write
 nSamples: 1, time interval: 6.640048894e-08
 nAverages: 15060, time interval: 0.0009999913634
 total no. of sampling steps: 0
 total no. of averaging Steps: 0


Selecting field: dsmcVolFields

TimeData Statistics: 
 measurement option: write
 nSamples: 1, time interval: 6.640048894e-08
 nAverages: 15060, time interval: 0.0009999913634
 total no. of sampling steps: 0
 total no. of averaging Steps: 0


Selecting field: dsmcVolFields

TimeData Statistics: 
 measurement option: write
 nSamples: 1, time interval: 6.640048894e-08
 nAverages: 15060, time interval: 0.0009999913634
 total no. of sampling steps: 0
 total no. of averaging Steps: 0


Selecting field: dsmcVolFields

TimeData Statistics: 
 measurement option: write
 nSamples: 1, time interval: 6.640048894e-08
 nAverages: 15060, time interval: 0.0009999913634
 total no. of sampling steps: 0
 total no. of averaging Steps: 0


Selecting the coordinate system model:	dsmcCartesian

Selecting the time-step model:	dsmcConstantTimeStepModel

Selecting field: dsmcVolFields

TimeData Statistics: 
 measurement option: write
 nSamples: 1, time interval: 6.640048894e-08
 nAverages: 15060, time interval: 0.0009999913634
 total no. of sampling steps: 0
 total no. of averaging Steps: 0


Constant time-step model:
- time-step [sec]	6.640048894e-08

Selecting the porous measurement model:	dsmcNoPorousMediumMeasurements


Creating dsmcControllers

Creating fields: 

Selecting field: dsmcVolFields

TimeData Statistics: 
 measurement option: write
 nSamples: 1, time interval: 6.640048894e-08
 nAverages: 15060, time interval: 0.0009999913634
 total no. of sampling steps: 0
 total no. of averaging Steps: 0


Selecting field: dsmcVolFields

TimeData Statistics: 
 measurement option: write
 nSamples: 1, time interval: 6.640048894e-08
 nAverages: 15060, time interval: 0.0009999913634
 total no. of sampling steps: 0
 total no. of averaging Steps: 0


Selecting field: dsmcVolFields

TimeData Statistics: 
 measurement option: write
 nSamples: 1, time interval: 6.640048894e-08
 nAverages: 15060, time interval: 0.0009999913634
 total no. of sampling steps: 0
 total no. of averaging Steps: 0


Selecting field: dsmcVolFields

TimeData Statistics: 
 measurement option: write
 nSamples: 1, time interval: 6.640048894e-08
 nAverages: 15060, time interval: 0.0009999913634
 total no. of sampling steps: 0
 total no. of averaging Steps: 0


Creating the boundary models: 

Selecting dsmcPatchBoundaryModel dsmcDeletionPatch
Selecting field: dsmcVolFields

TimeData Statistics: 
 measurement option: write
Selecting dsmcPatchBoundaryModel dsmcDeletionPatch
Selecting dsmcPatchBoundaryModel dsmcDiffuseWallPatch
 nSamples: 1, time interval: 6.640048894e-08
 nAverages: 15060, time interval: 0.0009999913634
 total no. of sampling steps: 0
 total no. of averaging Steps: 0


Selecting dsmcGeneralBoundaryModel dsmcFreeStreamInflowPatch
Selecting BinaryCollisionModel LarsenBorgnakkeVariableHardSphere

Creating dsmcReactions

Selecting the reaction model dissociationQK
Selecting the reaction model dissociationExchangeQK
Selecting the reaction model dissociationQK
Selecting the reaction model dissociationQK
Selecting the reaction model dissociationQK
Selecting the reaction model dissociationQK
Selecting the reaction model dissociationQK
Selecting the reaction model dissociationExchangeQK
Selecting the reaction model dissociationQK
Selecting the reaction model dissociationExchangeQK
Selecting the reaction model dissociationExchangeQK
Selecting the reaction model dissociationQK
Number of reactions created: 12
Selecting field: dsmcVolFields

TimeData Statistics: 
 measurement option: write
 nSamples: 1, time interval: 6.640048894e-08
 nAverages: 15060, time interval: 0.0009999913634
 total no. of sampling steps: 0
 total no. of averaging Steps: 0


Selecting field: dsmcVolFields

TimeData Statistics: 
 measurement option: write
 nSamples: 1, time interval: 6.640048894e-08
 nAverages: 15060, time interval: 0.0009999913634
 total no. of sampling steps: 0
 total no. of averaging Steps: 0


Selecting field: dsmcVolFields

TimeData Statistics: 
 measurement option: write
 nSamples: 1, time interval: 6.640048894e-08
 nAverages: 15060, time interval: 0.0009999913634
 total no. of sampling steps: 0
 total no. of averaging Steps: 0


Selecting field: dsmcVolFields

TimeData Statistics: 
 measurement option: write
 nSamples: 1, time interval: 6.640048894e-08
 nAverages: 15060, time interval: 0.0009999913634
 total no. of sampling steps: 0
 total no. of averaging Steps: 0


Selecting field: dsmcVolFields

TimeData Statistics: 
 measurement option: write
 nSamples: 1, time interval: 6.640048894e-08
 nAverages: 15060, time interval: 0.0009999913634
 total no. of sampling steps: 0
 total no. of averaging Steps: 0


Creating the boundary models: 

Selecting dsmcPatchBoundaryModel dsmcDeletionPatch
Selecting dsmcPatchBoundaryModel dsmcDeletionPatch
Selecting dsmcPatchBoundaryModel dsmcDiffuseWallPatch
Selecting dsmcGeneralBoundaryModel dsmcFreeStreamInflowPatch
Selecting the coordinate system model:	dsmcCartesian

Selecting the time-step model:	dsmcConstantTimeStepModel

Constant time-step model:
- time-step [sec]	6.640048894e-08

Selecting the porous measurement model:	dsmcNoPorousMediumMeasurements

Selecting BinaryCollisionModel LarsenBorgnakkeVariableHardSphere
Selecting field: dsmcVolFields

TimeData Statistics: 
 measurement option: write
 nSamples: 1, time interval: 6.640048894e-08
 nAverages: 15060, time interval: 0.0009999913634
 total no. of sampling steps: 0
 total no. of averaging Steps: 0



Creating dsmcReactions

Selecting the reaction model dissociationQK
Selecting the reaction model dissociationExchangeQK
Selecting the reaction model dissociationQK
Selecting the reaction model dissociationQK
Selecting the reaction model dissociationQK
Selecting the reaction model dissociationQK
Selecting the reaction model dissociationQK
Selecting the reaction model dissociationExchangeQK
Selecting the reaction model dissociationQK
Selecting the reaction model dissociationExchangeQK
Selecting the reaction model dissociationExchangeQK
Selecting the reaction model dissociationQK
Number of reactions created: 12

Creating dsmcControllers

Creating fields: 

Selecting field: dsmcVolFields

TimeData Statistics: 
 measurement option: write
 nSamples: 1, time interval: 6.640048894e-08
 nAverages: 15060, time interval: 0.0009999913634
 total no. of sampling steps: 0
 total no. of averaging Steps: 0


Selecting field: dsmcVolFields

TimeData Statistics: 
 measurement option: write
 nSamples: 1, time interval: 6.640048894e-08
 nAverages: 15060, time interval: 0.0009999913634
 total no. of sampling steps: 0
 total no. of averaging Steps: 0


Creating the boundary models: 

Selecting dsmcPatchBoundaryModel dsmcDeletionPatch
Selecting dsmcPatchBoundaryModel dsmcDeletionPatch
Selecting dsmcPatchBoundaryModel dsmcDiffuseWallPatch
Selecting dsmcGeneralBoundaryModel dsmcFreeStreamInflowPatch
Selecting field: dsmcVolFields
Selecting field: dsmcVolFields

TimeData Statistics: 
 measurement option: write

TimeData Statistics: 
 measurement option: write
 nSamples: 1, time interval: 6.640048894e-08
 nAverages: 15060, time interval: 0.0009999913634
 nSamples: 1, time interval: 6.640048894e-08
 nAverages: 15060, time interval: 0.0009999913634
 total no. of sampling steps: 0
 total no. of averaging Steps: 0


 total no. of sampling steps: 0
 total no. of averaging Steps: 0


Selecting BinaryCollisionModel LarsenBorgnakkeVariableHardSphere

Creating dsmcReactions

Selecting the reaction model dissociationQK
Selecting the reaction model dissociationExchangeQK
Selecting the reaction model dissociationQK
Selecting the reaction model dissociationQK
Selecting the reaction model dissociationQK
Selecting the reaction model dissociationQK
Selecting the reaction model dissociationQK
Selecting the reaction model dissociationExchangeQK
Selecting the reaction model dissociationQK
Selecting the reaction model dissociationExchangeQK
Selecting the reaction model dissociationExchangeQK
Selecting the reaction model dissociationQK
Number of reactions created: 12
Selecting field: dsmcVolFields

TimeData Statistics: 
 measurement option: write
 nSamples: 1, time interval: 6.640048894e-08
 nAverages: 15060, time interval: 0.0009999913634
 total no. of sampling steps: 0
 total no. of averaging Steps: 0


Selecting field: dsmcVolFields

TimeData Statistics: 
 measurement option: write
 nSamples: 1, time interval: 6.640048894e-08
 nAverages: 15060, time interval: 0.0009999913634
 total no. of sampling steps: 0
 total no. of averaging Steps: 0


Selecting field: dsmcVolFields

TimeData Statistics: 
 measurement option: write
 nSamples: 1, time interval: 6.640048894e-08
 nAverages: 15060, time interval: 0.0009999913634
 total no. of sampling steps: 0
 total no. of averaging Steps: 0


Selecting field: dsmcVolFields

TimeData Statistics: 
 measurement option: write
 nSamples: 1, time interval: 6.640048894e-08
 nAverages: 15060, time interval: 0.0009999913634
 total no. of sampling steps: 0
 total no. of averaging Steps: 0


Creating the boundary models: 

Selecting dsmcPatchBoundaryModel dsmcDeletionPatch
Selecting dsmcPatchBoundaryModel dsmcDeletionPatch
Selecting dsmcPatchBoundaryModel dsmcDiffuseWallPatch
Selecting dsmcGeneralBoundaryModel dsmcFreeStreamInflowPatch
Selecting field: dsmcVolFields

TimeData Statistics: 
 measurement option: write
 nSamples: 1, time interval: 6.640048894e-08
 nAverages: 15060, time interval: 0.0009999913634
 total no. of sampling steps: 0
 total no. of averaging Steps: 0


Selecting BinaryCollisionModel LarsenBorgnakkeVariableHardSphere

Creating dsmcReactions

Selecting the reaction model dissociationQK
Selecting the reaction model dissociationExchangeQK
Selecting the reaction model dissociationQK
Selecting the reaction model dissociationQK
Selecting the reaction model dissociationQK
Selecting the reaction model dissociationQK
Selecting the reaction model dissociationQK
Selecting the reaction model dissociationExchangeQK
Selecting the reaction model dissociationQK
Selecting the reaction model dissociationExchangeQK
Selecting the reaction model dissociationExchangeQK
Selecting the reaction model dissociationQK
Number of reactions created: 12
Creating the boundary models: 

Selecting dsmcPatchBoundaryModel dsmcDeletionPatch
Selecting dsmcPatchBoundaryModel dsmcDeletionPatch
Selecting dsmcPatchBoundaryModel dsmcDiffuseWallPatch
Selecting dsmcGeneralBoundaryModel dsmcFreeStreamInflowPatch
Selecting field: dsmcVolFields

TimeData Statistics: 
 measurement option: write
 nSamples: 1, time interval: 6.640048894e-08
 nAverages: 15060, time interval: 0.0009999913634
 total no. of sampling steps: 0
 total no. of averaging Steps: 0


Selecting field: dsmcVolFields

TimeData Statistics: 
 measurement option: write
 nSamples: 1, time interval: 6.640048894e-08
 nAverages: 15060, time interval: 0.0009999913634
 total no. of sampling steps: 0
 total no. of averaging Steps: 0


Selecting BinaryCollisionModel LarsenBorgnakkeVariableHardSphere

Creating dsmcReactions

Selecting the reaction model dissociationQK
Selecting the reaction model dissociationExchangeQK
Selecting the reaction model dissociationQK
Selecting the reaction model dissociationQK
Selecting the reaction model dissociationQK
Selecting the reaction model dissociationQK
Selecting the reaction model dissociationQK
Selecting the reaction model dissociationExchangeQK
Selecting the reaction model dissociationQK
Selecting the reaction model dissociationExchangeQK
Selecting the reaction model dissociationExchangeQK
Selecting the reaction model dissociationQK
Number of reactions created: 12
Selecting field: dsmcVolFields

TimeData Statistics: 
 measurement option: write
 nSamples: 1, time interval: 6.640048894e-08
 nAverages: 15060, time interval: 0.0009999913634
 total no. of sampling steps: 0
 total no. of averaging Steps: 0


Selecting field: dsmcVolFields

TimeData Statistics: 
 measurement option: write
 nSamples: 1, time interval: 6.640048894e-08
 nAverages: 15060, time interval: 0.0009999913634
 total no. of sampling steps: 0
 total no. of averaging Steps: 0


Creating the boundary models: 

Selecting dsmcPatchBoundaryModel dsmcDeletionPatch
Selecting dsmcPatchBoundaryModel dsmcDeletionPatch
Selecting dsmcPatchBoundaryModel dsmcDiffuseWallPatch
Selecting dsmcGeneralBoundaryModel dsmcFreeStreamInflowPatch
Selecting BinaryCollisionModel LarsenBorgnakkeVariableHardSphere
Creating the boundary models: 

Selecting dsmcPatchBoundaryModel dsmcDeletionPatch
Selecting dsmcPatchBoundaryModel dsmcDeletionPatch
Selecting dsmcPatchBoundaryModel dsmcDiffuseWallPatch
Selecting dsmcGeneralBoundaryModel dsmcFreeStreamInflowPatch

Creating dsmcReactions

Selecting the reaction model dissociationQK
Selecting the reaction model dissociationExchangeQK
Selecting the reaction model dissociationQK
Selecting the reaction model dissociationQK
Selecting the reaction model dissociationQK
Selecting the reaction model dissociationQK
Selecting the reaction model dissociationQK
Selecting the reaction model dissociationExchangeQK
Selecting the reaction model dissociationQK
Selecting the reaction model dissociationExchangeQK
Selecting the reaction model dissociationExchangeQK
Selecting the reaction model dissociationQK
Number of reactions created: 12
Selecting BinaryCollisionModel LarsenBorgnakkeVariableHardSphere

Creating dsmcReactions

Selecting the reaction model dissociationQK
Selecting the reaction model dissociationExchangeQK
Selecting the reaction model dissociationQK
Selecting the reaction model dissociationQK
Selecting the reaction model dissociationQK
Selecting the reaction model dissociationQK
Selecting the reaction model dissociationQK
Selecting the reaction model dissociationExchangeQK
Selecting the reaction model dissociationQK
Selecting the reaction model dissociationExchangeQK
Selecting the reaction model dissociationExchangeQK
Selecting the reaction model dissociationQK
Number of reactions created: 12
Selecting field: dsmcVolFields

TimeData Statistics: 
 measurement option: write
 nSamples: 1, time interval: 6.640048894e-08
 nAverages: 15060, time interval: 0.0009999913634
 total no. of sampling steps: 0
 total no. of averaging Steps: 0


Selecting field: dsmcVolFields

TimeData Statistics: 
 measurement option: write
 nSamples: 1, time interval: 6.640048894e-08
 nAverages: 15060, time interval: 0.0009999913634
 total no. of sampling steps: 0
 total no. of averaging Steps: 0


Creating the boundary models: 

Selecting dsmcPatchBoundaryModel dsmcDeletionPatch
Selecting dsmcPatchBoundaryModel dsmcDeletionPatch
Selecting dsmcPatchBoundaryModel dsmcDiffuseWallPatch
Selecting dsmcGeneralBoundaryModel dsmcFreeStreamInflowPatch
Selecting BinaryCollisionModel LarsenBorgnakkeVariableHardSphere

Creating dsmcReactions

Selecting the reaction model dissociationQK
Selecting the reaction model dissociationExchangeQK
Selecting the reaction model dissociationQK
Selecting the reaction model dissociationQK
Selecting the reaction model dissociationQK
Selecting the reaction model dissociationQK
Selecting the reaction model dissociationQK
Selecting the reaction model dissociationExchangeQK
Selecting the reaction model dissociationQK
Selecting the reaction model dissociationExchangeQK
Selecting the reaction model dissociationExchangeQK
Selecting the reaction model dissociationQK
Number of reactions created: 12

Constructing constant properties for
	N2
	O2
	NO
	N
	O

Constructing constant properties for
	N2
	O2
	NO
	N
	O

Constructing constant properties for
	N2
	O2
	NO
	N
	O

Constructing constant properties for
	N2
	O2
	NO
	N
	O

Constructing constant properties for
	N2
	O2
	NO
	N
	O

Constructing constant properties for
	N2
	O2
	NO
	N
	O
Selecting collisionPartnerSelectionModel noTimeCounter
Collision profile: collisionReduceOnlyOnOutput defaulted to true for replicatedMesh run
Collision profile: collisionOutputGlobalReduce defaulted to false for replicatedMesh run

Initialising the measurement fields

Initialising dsmcVolFields field
Initialising dsmcVolFields field
Selecting collisionPartnerSelectionModel noTimeCounter
Collision profile: collisionReduceOnlyOnOutput defaulted to true for replicatedMesh run
Collision profile: collisionOutputGlobalReduce defaulted to false for replicatedMesh run

Initialising the measurement fields

Initialising dsmcVolFields field
Initialising dsmcVolFields field
Initialising dsmcVolFields field
Initialising dsmcVolFields field
Initialising dsmcVolFields field
Initialising dsmcVolFields field
Initialising dsmcVolFields field
Initialising dsmcVolFields field
Initialising dsmcVolFields field
Initialising dsmcVolFields field

Constructing constant properties for
	N2
	O2
	NO
	N
	O
Selecting collisionPartnerSelectionModel noTimeCounter
Collision profile: collisionReduceOnlyOnOutput defaulted to true for replicatedMesh run
Collision profile: collisionOutputGlobalReduce defaulted to false for replicatedMesh run

Initialising the measurement fields

Initialising dsmcVolFields field
Initialising dsmcVolFields field
Initialising dsmcVolFields field

Constructing constant properties for
	N2
	O2
	NO
	N
	O
Initialising dsmcVolFields field
Initialising dsmcVolFields field
Initialising dsmcVolFields field
Selecting collisionPartnerSelectionModel noTimeCounter
Collision profile: collisionReduceOnlyOnOutput defaulted to true for replicatedMesh run
Collision profile: collisionOutputGlobalReduce defaulted to false for replicatedMesh run

Initialising the measurement fields

Initialising dsmcVolFields field
Initialising dsmcVolFields field
Initialising dsmcVolFields field
Initialising dsmcVolFields field
Initialising dsmcVolFields field
Selecting collisionPartnerSelectionModel noTimeCounter
Collision profile: collisionReduceOnlyOnOutput defaulted to true for replicatedMesh run
Collision profile: collisionOutputGlobalReduce defaulted to false for replicatedMesh run

Initialising the measurement fields

Initialising dsmcVolFields field
Initialising dsmcVolFields field
Initialising dsmcVolFields field
Initialising dsmcVolFields field
Initialising dsmcVolFields field
Initialising dsmcVolFields field
Initialising dsmcVolFields field
Selecting collisionPartnerSelectionModel noTimeCounter
Collision profile: collisionReduceOnlyOnOutput defaulted to true for replicatedMesh run
Collision profile: collisionOutputGlobalReduce defaulted to false for replicatedMesh run

Initialising the measurement fields

Initialising dsmcVolFields field
Initialising dsmcVolFields field
Initialising dsmcVolFields field
Initialising dsmcVolFields field
Initialising dsmcVolFields field
Initialising dsmcVolFields field
Selecting collisionPartnerSelectionModel noTimeCounter
Collision profile: collisionReduceOnlyOnOutput defaulted to true for replicatedMesh run
Collision profile: collisionOutputGlobalReduce defaulted to false for replicatedMesh run

Initialising the measurement fields

Initialising dsmcVolFields field
Initialising dsmcVolFields field
Initialising dsmcVolFields field
Initialising dsmcVolFields field
Initialising dsmcVolFields field
Initialising dsmcVolFields field
Selecting collisionPartnerSelectionModel noTimeCounter
Collision profile: collisionReduceOnlyOnOutput defaulted to true for replicatedMesh run
Collision profile: collisionOutputGlobalReduce defaulted to false for replicatedMesh run

Initialising the measurement fields

Initialising dsmcVolFields field
Initialising dsmcVolFields field
Initialising dsmcVolFields field
Initialising dsmcVolFields field
Initialising dsmcVolFields field
Initialising dsmcVolFields field
Replicated mesh: METIS decomposition complete, 60000 cells -> 8 ranks
Replicated mesh: rank 0 owns 7384 / 60000 cells
Local mesh: 7384 owned + 356 halo = 7740 / 60000 cells
Replicated mesh: flatTransfer=1 found=1
Replicated mesh: flat POD transfer enabled
Replicated mesh: gatherCandidates=0
Replicated mesh: overlapSizeExchange=0
Replicated mesh: writeMode=gathered
Phase C auto DLB: enabled (ParMETIS AdaptiveRepart), imbalanceThreshold=1.5, dlbSteps=50, sarSteps=50, triggerMode=legacyWindow, minGapSteps=50, checkCollective=allgather, particleGate=0, particleGateThreshold=1.5, skipPostDiag=0, adaptiveAlpha=0
Replicated mesh: initialized with 8 MPI ranks, migrate interval 10

Starting time loop

Replicated mesh: initial particle distribution

Replicated mesh: rank 0 kept 257869 parcels, deleted 1051233 non-owned parcels
Time = 6.640048894e-07

    Collision global reduction skipped (rank 0 local diagnostics)
    Collisions                      = 4052
    Collision candidates           = 5184
    Collision acceptance rate      = 0.7816358025

    Number of DSMC particles        = 1330290
    Number of stuck particles       = 0
    Number of free particles        = 1330290
    Average linear kinetic energy   = 1.893433878e-19
    Average rotational energy       = 1.326037685e-21
    Average vibrational energy      = 4.68280811e-26
    Average electronic energy       = 0
    Total energy                    = 0.001521874154

Stage 1.0  ExecutionTime = 5.66 s  ClockTime = 6 s  Iteration 10 (0.19 s)

Time = 1.328009779e-06

    Collision global reduction skipped (rank 0 local diagnostics)
    Collisions                      = 4222
    Collision candidates           = 5694
    Collision acceptance rate      = 0.741482262

    Number of DSMC particles        = 1353933
    Number of stuck particles       = 0
    Number of free particles        = 1353933
    Average linear kinetic energy   = 1.86595767e-19
    Average rotational energy       = 1.543664583e-21
    Average vibrational energy      = 1.261307602e-25
    Average electronic energy       = 0
    Total energy                    = 0.001528370135

Stage 1.0  ExecutionTime = 7.01 s  ClockTime = 8 s  Iteration 20 (0.14 s)

Time = 1.992014668e-06

    Collision global reduction skipped (rank 0 local diagnostics)
    Collisions                      = 4120
    Collision candidates           = 5869
    Collision acceptance rate      = 0.7019935253

    Number of DSMC particles        = 1377465
    Number of stuck particles       = 0
    Number of free particles        = 1377465
    Average linear kinetic energy   = 1.841260738e-19
    Average rotational energy       = 1.867416178e-21
    Average vibrational energy      = 2.48473199e-25
    Average electronic energy       = 0
    Total energy                    = 0.00153719919

Stage 1.0  ExecutionTime = 8.44 s  ClockTime = 9 s  Iteration 30 (0.15 s)

Time = 2.656019558e-06

    Collision global reduction skipped (rank 0 local diagnostics)
    Collisions                      = 4213
    Collision candidates           = 6110
    Collision acceptance rate      = 0.6895253682

    Number of DSMC particles        = 1401000
    Number of stuck particles       = 0
    Number of free particles        = 1401000
    Average linear kinetic energy   = 1.819072911e-19
    Average rotational energy       = 2.251048063e-21
    Average vibrational energy      = 3.222403594e-25
    Average electronic energy       = 0
    Total energy                    = 0.001548037708

Stage 1.0  ExecutionTime = 9.96 s  ClockTime = 11 s  Iteration 40 (0.15 s)

Time = 3.320024447e-06

    Collision global reduction skipped (rank 0 local diagnostics)
    Collisions                      = 4199
    Collision candidates           = 6132
    Collision acceptance rate      = 0.6847684279


Phase C auto DLB triggered (threshold) at step 50: sar=0 loadImbalance=1.583281628 threshold=1.5 particleMaxMin=1
Phase C ParMETIS weights: particles=1424347 activeCells=60000 maxCellParticles=247
Phase C ParMETIS: alpha=1 ncon=1 ubvec=[1.049999952] moveRatio=0.9092863865 (moveT=6.156259218s, collT=0.614170109s)
Phase C ParMETIS: AdaptiveRepart (60000 cells, 1 constraints, ubvec=1.049999952)
Replicated mesh: rank 0 owns 7605 / 60000 cells
Local mesh: 7605 owned + 530 halo = 8135 / 60000 cells
Phase C ParMETIS AdaptiveRepart: 47624 / 60000 cells changed (0.7937333333)
Phase C auto DLB complete: rebalance #1

    Number of DSMC particles        = 1424347
    Number of stuck particles       = 0
    Number of free particles        = 1424347
    Average linear kinetic energy   = 1.798435891e-19
    Average rotational energy       = 2.682594266e-21
    Average vibrational energy      = 1.96811013e-25
    Average electronic energy       = 0
    Total energy                    = 0.001559885412

Stage 1.0  ExecutionTime = 11.67 s  ClockTime = 13 s  Iteration 50 (0.28 s)

Time = 3.984029336e-06

    Collision global reduction skipped (rank 0 local diagnostics)
    Collisions                      = 6015
    Collision candidates           = 9068
    Collision acceptance rate      = 0.6633215704

    Number of DSMC particles        = 1447639
    Number of stuck particles       = 0
    Number of free particles        = 1447639
    Average linear kinetic energy   = 1.779517484e-19
    Average rotational energy       = 3.086880538e-21
    Average vibrational energy      = 2.257944747e-25
    Average electronic energy       = 0
    Total energy                    = 0.00157247344

Stage 1.0  ExecutionTime = 13.05 s  ClockTime = 14 s  Iteration 60 (0.51 s)

Time = 4.648034226e-06

    Collision global reduction skipped (rank 0 local diagnostics)
    Collisions                      = 6885
    Collision candidates           = 10996
    Collision acceptance rate      = 0.626136777

    Number of DSMC particles        = 1471208
    Number of stuck particles       = 0
    Number of free particles        = 1471208
    Average linear kinetic energy   = 1.761815814e-19
    Average rotational energy       = 3.590005396e-21
    Average vibrational energy      = 8.14975095e-25
    Average electronic energy       = 0
    Total energy                    = 0.001586895574

Stage 1.0  ExecutionTime = 14.59 s  ClockTime = 16 s  Iteration 70 (0.57 s)

Time = 5.312039115e-06

    Collision global reduction skipped (rank 0 local diagnostics)
    Collisions                      = 7653
    Collision candidates           = 12662
    Collision acceptance rate      = 0.6044068867

    Number of DSMC particles        = 1494385
    Number of stuck particles       = 0
    Number of free particles        = 1494385
    Average linear kinetic energy   = 1.745710445e-19
    Average rotational energy       = 4.099996723e-21
    Average vibrational energy      = 1.166487269e-24
    Average electronic energy       = 0
    Total energy                    = 0.001602030402

Stage 1.0  ExecutionTime = 16.26 s  ClockTime = 18 s  Iteration 80 (0.62 s)

Time = 5.976044005e-06

    Collision global reduction skipped (rank 0 local diagnostics)
    Collisions                      = 8316
    Collision candidates           = 14130
    Collision acceptance rate      = 0.5885350318

    Number of DSMC particles        = 1517638
    Number of stuck particles       = 0
    Number of free particles        = 1517638
    Average linear kinetic energy   = 1.730660904e-19
    Average rotational energy       = 4.611943809e-21
    Average vibrational energy      = 1.312094111e-24
    Average electronic energy       = 0
    Total energy                    = 0.001617917567

Stage 1.0  ExecutionTime = 18.13 s  ClockTime = 20 s  Iteration 90 (0.76 s)

Time = 6.640048894e-06

    Collision global reduction skipped (rank 0 local diagnostics)
    Collisions                      = 9112
    Collision candidates           = 15808
    Collision acceptance rate      = 0.576417004


Phase C auto DLB triggered (threshold) at step 100: sar=0 loadImbalance=1.70330831 threshold=1.5 particleMaxMin=1
Phase C ParMETIS weights: particles=1540767 activeCells=60000 maxCellParticles=301
Phase C ParMETIS: alpha=1 ncon=1 ubvec=[1.049999952] moveRatio=0.8988733831 (moveT=10.78769522s, collT=1.213656052s)
Phase C ParMETIS: AdaptiveRepart (60000 cells, 1 constraints, ubvec=1.049999952)
Replicated mesh: rank 0 owns 7224 / 60000 cells
Local mesh: 7224 owned + 540 halo = 7764 / 60000 cells
Phase C ParMETIS AdaptiveRepart: 48071 / 60000 cells changed (0.8011833333)
Phase C auto DLB complete: rebalance #2

    Number of DSMC particles        = 1540767
    Number of stuck particles       = 0
    Number of free particles        = 1540767
    Average linear kinetic energy   = 1.71611481e-19
    Average rotational energy       = 5.137441163e-21
    Average vibrational energy      = 1.978561855e-24
    Average electronic energy       = 0
    Total energy                    = 0.00163399173

Stage 1.0  ExecutionTime = 20.26 s  ClockTime = 22 s  Iteration 100 (0.98 s)

Time = 7.304053783e-06

    Collision global reduction skipped (rank 0 local diagnostics)
    Collisions                      = 2762
    Collision candidates           = 3426
    Collision acceptance rate      = 0.8061879743

    Number of DSMC particles        = 1563799
    Number of stuck particles       = 0
    Number of free particles        = 1563799
    Average linear kinetic energy   = 1.70332903e-19
    Average rotational energy       = 5.501610259e-21
    Average vibrational energy      = 2.277720804e-24
    Average electronic energy       = 0
    Total energy                    = 0.001649840387

Stage 1.0  ExecutionTime = 21.9 s  ClockTime = 24 s  Iteration 110 (0.68 s)

Time = 7.968058673e-06

    Collision global reduction skipped (rank 0 local diagnostics)
    Collisions                      = 2789
    Collision candidates           = 3803
    Collision acceptance rate      = 0.7333683934

    Number of DSMC particles        = 1586472
    Number of stuck particles       = 0
    Number of free particles        = 1586472
    Average linear kinetic energy   = 1.689912711e-19
    Average rotational energy       = 5.996789112e-21
    Average vibrational energy      = 3.196132797e-24
    Average electronic energy       = 0
    Total energy                    = 0.001665712371

Stage 1.0  ExecutionTime = 23.71 s  ClockTime = 23 s  Iteration 120 (0.8 s)

Time = 8.632063562e-06

    Collision global reduction skipped (rank 0 local diagnostics)
    Collisions                      = 2892
    Collision candidates           = 3956
    Collision acceptance rate      = 0.731041456

    Number of DSMC particles        = 1608792
    Number of stuck particles       = 0
    Number of free particles        = 1608792
    Average linear kinetic energy   = 1.676864907e-19
    Average rotational energy       = 6.501549482e-21
    Average vibrational energy      = 4.21618691e-24
    Average electronic energy       = 0
    Total energy                    = 0.001681434651

Stage 1.0  ExecutionTime = 25.67 s  ClockTime = 26 s  Iteration 130 (0.91 s)

Time = 9.296068452e-06

    Collision global reduction skipped (rank 0 local diagnostics)
    Collisions                      = 2894
    Collision candidates           = 4067
    Collision acceptance rate      = 0.7115810179

    Number of DSMC particles        = 1631488
    Number of stuck particles       = 0
    Number of free particles        = 1631488
    Average linear kinetic energy   = 1.665237146e-19
    Average rotational energy       = 6.975658753e-21
    Average vibrational energy      = 4.224024597e-24
    Average electronic energy       = 0
    Total energy                    = 0.001698414223

Stage 1.0  ExecutionTime = 27.72 s  ClockTime = 28 s  Iteration 140 (0.9 s)

Time = 9.960073341e-06

    Collision global reduction skipped (rank 0 local diagnostics)
    Collisions                      = 2870
    Collision candidates           = 4189
    Collision acceptance rate      = 0.6851277154


Phase C auto DLB triggered (threshold) at step 150: sar=0 loadImbalance=1.76879548 threshold=1.5 particleMaxMin=1
Phase C ParMETIS weights: particles=1653649 activeCells=60000 maxCellParticles=339
Phase C ParMETIS: alpha=1 ncon=1 ubvec=[1.049999952] moveRatio=0.9082423524 (moveT=15.64105738s, collT=1.580180254s)
Phase C ParMETIS: AdaptiveRepart (60000 cells, 1 constraints, ubvec=1.049999952)
Replicated mesh: rank 0 owns 12792 / 60000 cells
Local mesh: 12792 owned + 640 halo = 13432 / 60000 cells
Phase C ParMETIS AdaptiveRepart: 46618 / 60000 cells changed (0.7769666667)
Phase C auto DLB complete: rebalance #3

    Number of DSMC particles        = 1653649
    Number of stuck particles       = 0
    Number of free particles        = 1653649
    Average linear kinetic energy   = 1.654057242e-19
    Average rotational energy       = 7.458299862e-21
    Average vibrational energy      = 5.16548679e-24
    Average electronic energy       = 0
    Total energy                    = 0.001715189775

Stage 1.0  ExecutionTime = 30.12 s  ClockTime = 30 s  Iteration 150 (1.21 s)

Time = 1.062407823e-05

    Collision global reduction skipped (rank 0 local diagnostics)
    Collisions                      = 4663
    Collision candidates           = 6709
    Collision acceptance rate      = 0.6950365181

    Number of DSMC particles        = 1675689
    Number of stuck particles       = 0
    Number of free particles        = 1675689
    Average linear kinetic energy   = 1.644918877e-19
    Average rotational energy       = 7.779419063e-21
    Average vibrational energy      = 5.580187745e-24
    Average electronic energy       = 0
    Total energy                    = 0.001732094907

Stage 1.0  ExecutionTime = 32.02 s  ClockTime = 32 s  Iteration 160 (0.38 s)

Time = 1.128808312e-05

    Collision global reduction skipped (rank 0 local diagnostics)
    Collisions                      = 5664
    Collision candidates           = 9300
    Collision acceptance rate      = 0.6090322581

    Number of DSMC particles        = 1697503
    Number of stuck particles       = 0
    Number of free particles        = 1697503
    Average linear kinetic energy   = 1.634606231e-19
    Average rotational energy       = 8.241906448e-21
    Average vibrational energy      = 6.74671832e-24
    Average electronic energy       = 0
    Total energy                    = 0.001748862069

Stage 1.0  ExecutionTime = 34.1 s  ClockTime = 35 s  Iteration 170 (0.39 s)

Time = 1.195208801e-05

    Collision global reduction skipped (rank 0 local diagnostics)
    Collisions                      = 6900
    Collision candidates           = 11791
    Collision acceptance rate      = 0.5851920957

    Number of DSMC particles        = 1719274
    Number of stuck particles       = 0
    Number of free particles        = 1719274
    Average linear kinetic energy   = 1.624461803e-19
    Average rotational energy       = 8.702104446e-21
    Average vibrational energy      = 7.21332075e-24
    Average electronic energy       = 0
    Total energy                    = 0.001765579186

Stage 1.0  ExecutionTime = 36.28 s  ClockTime = 37 s  Iteration 180 (0.39 s)

Time = 1.26160929e-05

    Collision global reduction skipped (rank 0 local diagnostics)
    Collisions                      = 7955
    Collision candidates           = 14002
    Collision acceptance rate      = 0.5681331238

    Number of DSMC particles        = 1740461
    Number of stuck particles       = 0
    Number of free particles        = 1740461
    Average linear kinetic energy   = 1.61455735e-19
    Average rotational energy       = 9.173054926e-21
    Average vibrational energy      = 7.375231872e-24
    Average electronic energy       = 0
    Total energy                    = 0.001781913544

Stage 1.0  ExecutionTime = 38.63 s  ClockTime = 40 s  Iteration 190 (0.39 s)

Time = 1.328009779e-05

    Collision global reduction skipped (rank 0 local diagnostics)
    Collisions                      = 9040
    Collision candidates           = 16226
    Collision acceptance rate      = 0.5571305312


Phase C auto DLB triggered (threshold) at step 200: sar=0 loadImbalance=1.643373314 threshold=1.5 particleMaxMin=1
Phase C ParMETIS weights: particles=1761680 activeCells=60000 maxCellParticles=370
Phase C ParMETIS: alpha=1 ncon=1 ubvec=[1.049999952] moveRatio=0.9170048969 (moveT=24.84341079s, collT=2.24849556s)
Phase C ParMETIS: AdaptiveRepart (60000 cells, 1 constraints, ubvec=1.049999952)
Replicated mesh: rank 0 owns 12796 / 60000 cells
Local mesh: 12796 owned + 640 halo = 13436 / 60000 cells
Phase C ParMETIS AdaptiveRepart: 45018 / 60000 cells changed (0.7503)
Phase C auto DLB complete: rebalance #4

    Number of DSMC particles        = 1761680
    Number of stuck particles       = 0
    Number of free particles        = 1761680
    Average linear kinetic energy   = 1.605307879e-19
    Average rotational energy       = 9.619324584e-21
    Average vibrational energy      = 7.745074393e-24
    Average electronic energy       = 0
    Total energy                    = 0.001798582167

Stage 1.0  ExecutionTime = 41.15 s  ClockTime = 42 s  Iteration 200 (0.42 s)

Time = 1.394410268e-05

    Collision global reduction skipped (rank 0 local diagnostics)
    Collisions                      = 10272
    Collision candidates           = 18695
    Collision acceptance rate      = 0.5494517251

    Number of DSMC particles        = 1782557
    Number of stuck particles       = 0
    Number of free particles        = 1782557
    Average linear kinetic energy   = 1.596829062e-19
    Average rotational energy       = 1.002646607e-20
    Average vibrational energy      = 8.34386283e-24
    Average electronic energy       = 0
    Total energy                    = 0.001815189017

Stage 1.0  ExecutionTime = 43.59 s  ClockTime = 45 s  Iteration 210 (0.25 s)

Time = 1.460810757e-05

    Collision global reduction skipped (rank 0 local diagnostics)
    Collisions                      = 11840
    Collision candidates           = 21447
    Collision acceptance rate      = 0.552058563

    Number of DSMC particles        = 1803150
    Number of stuck particles       = 0
    Number of free particles        = 1803150
    Average linear kinetic energy   = 1.588227984e-19
    Average rotational energy       = 1.048442401e-20
    Average vibrational energy      = 8.800540202e-24
    Average electronic energy       = 0
    Total energy                    = 0.001831813121

Stage 1.0  ExecutionTime = 46.3 s  ClockTime = 48 s  Iteration 220 (0.28 s)

Time = 1.527211246e-05

    Collision global reduction skipped (rank 0 local diagnostics)
    Collisions                      = 13402
    Collision candidates           = 24347
    Collision acceptance rate      = 0.550457962

    Number of DSMC particles        = 1823675
    Number of stuck particles       = 0
    Number of free particles        = 1823675
    Average linear kinetic energy   = 1.580216769e-19
    Average rotational energy       = 1.091545625e-20
    Average vibrational energy      = 9.060161931e-24
    Average electronic energy       = 0
    Total energy                    = 0.001848617695

Stage 1.0  ExecutionTime = 49.02 s  ClockTime = 51 s  Iteration 230 (0.26 s)

Time = 1.593611735e-05

    Collision global reduction skipped (rank 0 local diagnostics)
    Collisions                      = 14767
    Collision candidates           = 26910
    Collision acceptance rate      = 0.5487551096

    Number of DSMC particles        = 1843871
    Number of stuck particles       = 0
    Number of free particles        = 1843871
    Average linear kinetic energy   = 1.572359604e-19
    Average rotational energy       = 1.133526849e-20
    Average vibrational energy      = 1.026164278e-23
    Average electronic energy       = 0
    Total energy                    = 0.001865055129

Stage 1.0  ExecutionTime = 51.84 s  ClockTime = 54 s  Iteration 240 (0.27 s)

Time = 1.660012224e-05

    Collision global reduction skipped (rank 0 local diagnostics)
    Collisions                      = 15995
    Collision candidates           = 29617
    Collision acceptance rate      = 0.5400614512


Phase C auto DLB triggered (threshold) at step 250: sar=0 loadImbalance=2.140140405 threshold=1.5 particleMaxMin=1
Phase C ParMETIS weights: particles=1863736 activeCells=60000 maxCellParticles=344
Phase C ParMETIS: alpha=1 ncon=1 ubvec=[1.049999952] moveRatio=0.9143365901 (moveT=36.51853773s, collT=3.42139044s)
Phase C ParMETIS: AdaptiveRepart (60000 cells, 1 constraints, ubvec=1.049999952)
Replicated mesh: rank 0 owns 10524 / 60000 cells
Local mesh: 10524 owned + 1025 halo = 11549 / 60000 cells
Phase C ParMETIS AdaptiveRepart: 46093 / 60000 cells changed (0.7682166667)
Phase C auto DLB complete: rebalance #5

    Number of DSMC particles        = 1863736
    Number of stuck particles       = 0
    Number of free particles        = 1863736
    Average linear kinetic energy   = 1.564697838e-19
    Average rotational energy       = 1.173913187e-20
    Average vibrational energy      = 1.11373344e-23
    Average electronic energy       = 0
    Total energy                    = 0.001881106612

Stage 1.0  ExecutionTime = 54.94 s  ClockTime = 55 s  Iteration 250 (0.47 s)

Time = 1.726412712e-05

    Collision global reduction skipped (rank 0 local diagnostics)
    Collisions                      = 3314
    Collision candidates           = 4909
    Collision acceptance rate      = 0.6750865757

    Number of DSMC particles        = 1883313
    Number of stuck particles       = 0
    Number of free particles        = 1883313
    Average linear kinetic energy   = 1.557935338e-19
    Average rotational energy       = 1.202809923e-20
    Average vibrational energy      = 1.226138935e-23
    Average electronic energy       = 0
    Total energy                    = 0.001896502531

Stage 1.0  ExecutionTime = 57.28 s  ClockTime = 57 s  Iteration 260 (0.69 s)

Time = 1.792813201e-05

    Collision global reduction skipped (rank 0 local diagnostics)
    Collisions                      = 3409
    Collision candidates           = 5352
    Collision acceptance rate      = 0.6369581465

    Number of DSMC particles        = 1902909
    Number of stuck particles       = 0
    Number of free particles        = 1902909
    Average linear kinetic energy   = 1.550686699e-19
    Average rotational energy       = 1.240842094e-20
    Average vibrational energy      = 1.271591573e-23
    Average electronic energy       = 0
    Total energy                    = 0.001912307164

Stage 1.0  ExecutionTime = 59.66 s  ClockTime = 60 s  Iteration 270 (0.65 s)

Time = 1.85921369e-05

    Collision global reduction skipped (rank 0 local diagnostics)
    Collisions                      = 3422
    Collision candidates           = 5575
    Collision acceptance rate      = 0.6138116592

    Number of DSMC particles        = 1922153
    Number of stuck particles       = 0
    Number of free particles        = 1922153
    Average linear kinetic energy   = 1.543362256e-19
    Average rotational energy       = 1.279470046e-20
    Average vibrational energy      = 1.389222709e-23
    Average electronic energy       = 0
    Total energy                    = 0.001927667483

Stage 1.0  ExecutionTime = 62.14 s  ClockTime = 63 s  Iteration 280 (0.68 s)

Time = 1.925614179e-05

    Collision global reduction skipped (rank 0 local diagnostics)
    Collisions                      = 3455
    Collision candidates           = 5875
    Collision acceptance rate      = 0.5880851064

    Number of DSMC particles        = 1941254
    Number of stuck particles       = 0
    Number of free particles        = 1941254
    Average linear kinetic energy   = 1.536339231e-19
    Average rotational energy       = 1.315548149e-20
    Average vibrational energy      = 1.459725077e-23
    Average electronic energy       = 0
    Total energy                    = 0.001942853615

Stage 1.0  ExecutionTime = 64.7 s  ClockTime = 65 s  Iteration 290 (0.7 s)

Time = 1.992014668e-05

    Collision global reduction skipped (rank 0 local diagnostics)
    Collisions                      = 3450
    Collision candidates           = 6127
    Collision acceptance rate      = 0.5630814428


Phase C auto DLB triggered (threshold) at step 300: sar=0 loadImbalance=1.933136993 threshold=1.5 particleMaxMin=1
Phase C auto DLB skipped near end at step 300: remainingSteps=0 minRemainingSteps=50
    Number of DSMC particles        = 1960122
    Number of stuck particles       = 0
    Number of free particles        = 1960122
    Average linear kinetic energy   = 1.529434737e-19
    Average rotational energy       = 1.349909925e-20
    Average vibrational energy      = 1.548779459e-23
    Average electronic energy       = 0
    Total energy                    = 0.001957668641

Stage 1.0  ExecutionTime = 67.4 s  ClockTime = 68 s  Iteration 300 (0.82 s)

End stage 1


DSMC solver profile summary
    solver profile steps          = 300
    move+collide wall [s]         = 59.87423203
    move only [s]                 = 47.80124664
    buildCellOccupancy [s]        = 4.481004675
    collision phase [s]           = 10.9425292
    post fields/output [s]        = 0.200262626
    total profiled [s]            = 63.42504314
    full evolve wall [s]          = 60.07280982
    move+collide cpu [s]          = 55.25
    move only cpu [s]             = 44.21
    buildCellOccupancy cpu [s]    = 4.16
    collision phase cpu [s]       = 10.07
    post fields/output cpu [s]    = 0.22
    total profiled cpu [s]        = 58.66
    full evolve cpu [s]           = 55.47
    collision localLoop max [s] = 10.92126704
    collision reduce max [s]    = 0
    collision sigmaBC max [s]   = 0.019295084
    collision total max [s]     = 10.9410899
    collision accounted max [s] = 10.94056213
    collision residual max [s]  = 0.000592959
    collision subphase max sum [s] = 10.94056213
    collision cumulative global collisions = 40117304
    collision cumulative global candidates  = 72683096
    collision cumulative acceptance        = 0.5519481999
    OpenMP enabled                = 0
    OpenMP max threads            = 1
    OpenMP move                   = 0 (static, chunk 64)
    OpenMP collision              = dynamic, chunk 8


Replicated mesh profiling summary:
    migration calls             = 36
    migration wall time [s]     = 2.552796489
    local particles (final)     = 231087
    migration wall max [s]      = 3.616673863
    migration pack max [s]      = 0.536492947
    migration local prep max [s]= 0.230246854
    migration size exchange max [s] = 2.714940409
    migration request post max [s] = 0.05261426
    migration wait max [s]      = 0.085339595
    migration deserialize max [s] = 0.280988051
    migration post max [s]      = 6.678e-06
    migration candidate gather max [s] = 1.624e-06
    migration accounted max [s] = 3.616673863
    migration residual max [s]  = 4.440892099e-16
    updateParticleCounts max [s]= 0.260518797
    migration subphase max sum [s] = 3.900630418
    particles per rank          = min 220392 max 265145 max/min 1.20306091
    rank wall time (evolve, 300 steps): min 40.51 max 52.55 max/min 1.297210565
    Phase C auto DLB checks      = 300
    Phase C auto DLB rebalances = 5
    Phase C auto DLB triggered checks = 5
    Phase C auto DLB wall max [s]= 5.974676817
    Phase C auto DLB check max [s]= 5.20046507
    Phase C ParMETIS max [s]     = 0.191638932
    Phase C migration max [s]    = 0.639566116
    Phase C cellOwner write max [s] = 0
    Phase C post-diagnostic max [s] = 0.000610792
    Phase C auto DLB accounted max [s] = 6.03228091
    Phase C auto DLB residual max [s] = -0.057604093

Total Iterations = 300
End main

real 68.86
user 494.20
sys 47.36
