case=zb
mode=MPI4xOMP2
np=4
OMP_NUM_THREADS=2
case_dir=/home/superxcx/code/OpenFoam/OF-1706/hyStrath_dlb/doc/worklog/v2506/detail_mix/zb_4mode_300step_fastrng_20260622_235800/cases/MPI4xOMP2
controlDict=/home/superxcx/code/OpenFoam/OF-1706/hyStrath_dlb/doc/worklog/v2506/detail_mix/zb_4mode_300step_fastrng_20260622_235800/controlDicts/zb_MPI4xOMP2_controlDict
start=2026-06-23T00:00:07+08:00
/*---------------------------------------------------------------------------*\
| =========                 |                                                 |
| \\      /  F ield         | OpenFOAM: The Open Source CFD Toolbox           |
|  \\    /   O peration     | Version:  v1706                                 |
|   \\  /    A nd           | Web:      www.OpenFOAM.com                      |
|    \\/     M anipulation  |                                                 |
\*---------------------------------------------------------------------------*/
Build  : v1706
Arch   : "LSB;label=32;scalar=64"
Exec   : dsmcFoam+
Date   : Jun 23 2026
Time   : 00:00:07
Host   : "SuperXCX-ROG"
PID    : 86819
/*---------------------------------------------------------------------------*\
| =========                 |                                                 |
| \\      /  F ield         | OpenFOAM: The Open Source CFD Toolbox           |
|  \\    /   O peration     | Version:  v1706                                 |
|   \\  /    A nd           | Web:      www.OpenFOAM.com                      |
|    \\/     M anipulation  |                                                 |
\*---------------------------------------------------------------------------*/
Build  : v1706
Arch   : "LSB;label=32;scalar=64"
Exec   : dsmcFoam+
Date   : Jun 23 2026
Time   : 00:00:07
Host   : "SuperXCX-ROG"
PID    : 86821
Case   : /home/superxcx/code/OpenFoam/OF-1706/hyStrath_dlb/doc/worklog/v2506/detail_mix/zb_4mode_300step_fastrng_20260622_235800/cases/MPI4xOMP2
nProcs : 1
Case   : /home/superxcx/code/OpenFoam/OF-1706/hyStrath_dlb/doc/worklog/v2506/detail_mix/zb_4mode_300step_fastrng_20260622_235800/cases/MPI4xOMP2
nProcs : 1
sigFpe : Enabling floating point exception trapping (FOAM_SIGFPE).
fileModificationChecking : Monitoring run-time modified files using timeStampMaster (fileModificationSkew 10)
allowSystemOperations : Allowing user-supplied system call operations

// * * * * * * * * * * * * * * * * * * * * * * * * * * * * * * * * * * * * * //
Create time

sigFpe : Enabling floating point exception trapping (FOAM_SIGFPE).
fileModificationChecking : Monitoring run-time modified files using timeStampMaster (fileModificationSkew 10)
allowSystemOperations : Allowing user-supplied system call operations

// * * * * * * * * * * * * * * * * * * * * * * * * * * * * * * * * * * * * * //
Create time

/*---------------------------------------------------------------------------*\
| =========                 |                                                 |
| \\      /  F ield         | OpenFOAM: The Open Source CFD Toolbox           |
|  \\    /   O peration     | Version:  v1706                                 |
|   \\  /    A nd           | Web:      www.OpenFOAM.com                      |
|    \\/     M anipulation  |                                                 |
\*---------------------------------------------------------------------------*/
Build  : v1706
Arch   : "LSB;label=32;scalar=64"
Exec   : dsmcFoam+
Date   : Jun 23 2026
Time   : 00:00:07
Host   : "SuperXCX-ROG"
PID    : 86820
Create mesh for time = 0

/*---------------------------------------------------------------------------*\
| =========                 |                                                 |
| \\      /  F ield         | OpenFOAM: The Open Source CFD Toolbox           |
|  \\    /   O peration     | Version:  v1706                                 |
|   \\  /    A nd           | Web:      www.OpenFOAM.com                      |
|    \\/     M anipulation  |                                                 |
\*---------------------------------------------------------------------------*/
Build  : v1706
Arch   : "LSB;label=32;scalar=64"
Exec   : dsmcFoam+
Date   : Jun 23 2026
Time   : 00:00:07
Host   : "SuperXCX-ROG"
PID    : 86822
Selecting dynamicFvMesh dynamicRefineFvMesh
Create mesh for time = 0

Selecting dynamicFvMesh dynamicRefineFvMesh
Case   : /home/superxcx/code/OpenFoam/OF-1706/hyStrath_dlb/doc/worklog/v2506/detail_mix/zb_4mode_300step_fastrng_20260622_235800/cases/MPI4xOMP2
nProcs : 1
sigFpe : Enabling floating point exception trapping (FOAM_SIGFPE).
Case   : /home/superxcx/code/OpenFoam/OF-1706/hyStrath_dlb/doc/worklog/v2506/detail_mix/zb_4mode_300step_fastrng_20260622_235800/cases/MPI4xOMP2
nProcs : 1
sigFpe : Enabling floating point exception trapping (FOAM_SIGFPE).
fileModificationChecking : Monitoring run-time modified files using timeStampMaster (fileModificationSkew 10)
allowSystemOperations : Allowing user-supplied system call operations

// * * * * * * * * * * * * * * * * * * * * * * * * * * * * * * * * * * * * * //
Create time

fileModificationChecking : Monitoring run-time modified files using timeStampMaster (fileModificationSkew 10)
allowSystemOperations : Allowing user-supplied system call operations

// * * * * * * * * * * * * * * * * * * * * * * * * * * * * * * * * * * * * * //
Create time

Create mesh for time = 0

Create mesh for time = 0

Selecting dynamicFvMesh dynamicRefineFvMesh
Selecting dynamicFvMesh dynamicRefineFvMesh

Constructing dsmcCloud 

Constructing dsmcCloud 

Constructing dsmcCloud 

Constructing dsmcCloud 
Selecting the coordinate system model:	dsmcCartesian

Selecting the time-step model:	dsmcConstantTimeStepModel

Constant time-step model:
- time-step [sec]	6.640048894e-08

Selecting the porous measurement model:	dsmcNoPorousMediumMeasurements


Creating dsmcControllers

Creating fields: 

Selecting field: dsmcVolFields

TimeData Statistics: 
 measurement option: write
 nSamples: 1, time interval: 6.640048894e-08
 nAverages: 15060, time interval: 0.0009999913634
 total no. of sampling steps: 0
 total no. of averaging Steps: 0


Selecting the coordinate system model:	dsmcCartesian

Selecting the time-step model:	dsmcConstantTimeStepModel

Constant time-step model:
- time-step [sec]	6.640048894e-08

Selecting the porous measurement model:	dsmcNoPorousMediumMeasurements


Creating dsmcControllers

Creating fields: 

Selecting field: dsmcVolFields

TimeData Statistics: 
 measurement option: write
 nSamples: 1, time interval: 6.640048894e-08
 nAverages: 15060, time interval: 0.0009999913634
 total no. of sampling steps: 0
 total no. of averaging Steps: 0


Selecting field: dsmcVolFields

TimeData Statistics: 
 measurement option: write
 nSamples: 1, time interval: 6.640048894e-08
 nAverages: 15060, time interval: 0.0009999913634
 total no. of sampling steps: 0
 total no. of averaging Steps: 0


Selecting the coordinate system model:	dsmcCartesian

Selecting the time-step model:	dsmcConstantTimeStepModel

Constant time-step model:
- time-step [sec]	6.640048894e-08

Selecting the porous measurement model:	dsmcNoPorousMediumMeasurements

Selecting the coordinate system model:	dsmcCartesian

Selecting the time-step model:	dsmcConstantTimeStepModel

Constant time-step model:
- time-step [sec]	6.640048894e-08

Selecting the porous measurement model:	dsmcNoPorousMediumMeasurements


Creating dsmcControllers

Creating fields: 

Selecting field: dsmcVolFields

TimeData Statistics: 
 measurement option: write
 nSamples: 1, time interval: 6.640048894e-08
 nAverages: 15060, time interval: 0.0009999913634
 total no. of sampling steps: 0
 total no. of averaging Steps: 0



Creating dsmcControllers

Selecting field: dsmcVolFields

TimeData Statistics: 
 measurement option: write
 nSamples: 1, time interval: 6.640048894e-08
 nAverages: 15060, time interval: 0.0009999913634
 total no. of sampling steps: 0
 total no. of averaging Steps: 0


Creating fields: 

Selecting field: dsmcVolFields

TimeData Statistics: 
 measurement option: write
 nSamples: 1, time interval: 6.640048894e-08
 nAverages: 15060, time interval: 0.0009999913634
 total no. of sampling steps: 0
 total no. of averaging Steps: 0


Selecting field: dsmcVolFields

TimeData Statistics: 
 measurement option: write
 nSamples: 1, time interval: 6.640048894e-08
 nAverages: 15060, time interval: 0.0009999913634
 total no. of sampling steps: 0
 total no. of averaging Steps: 0


Selecting field: dsmcVolFields

TimeData Statistics: 
 measurement option: write
 nSamples: 1, time interval: 6.640048894e-08
 nAverages: 15060, time interval: 0.0009999913634
 total no. of sampling steps: 0
 total no. of averaging Steps: 0


Selecting field: dsmcVolFields

TimeData Statistics: 
 measurement option: write
 nSamples: 1, time interval: 6.640048894e-08
 nAverages: 15060, time interval: 0.0009999913634
 total no. of sampling steps: 0
 total no. of averaging Steps: 0


Selecting field: dsmcVolFields

TimeData Statistics: 
 measurement option: write
 nSamples: 1, time interval: 6.640048894e-08
 nAverages: 15060, time interval: 0.0009999913634
 total no. of sampling steps: 0
 total no. of averaging Steps: 0


Selecting field: dsmcVolFields

TimeData Statistics: 
 measurement option: write
 nSamples: 1, time interval: 6.640048894e-08
 nAverages: 15060, time interval: 0.0009999913634
 total no. of sampling steps: 0
 total no. of averaging Steps: 0


Selecting field: dsmcVolFields

TimeData Statistics: 
 measurement option: write
 nSamples: 1, time interval: 6.640048894e-08
 nAverages: 15060, time interval: 0.0009999913634
 total no. of sampling steps: 0
 total no. of averaging Steps: 0


Selecting field: dsmcVolFields

TimeData Statistics: 
 measurement option: write
 nSamples: 1, time interval: 6.640048894e-08
 nAverages: 15060, time interval: 0.0009999913634
 total no. of sampling steps: 0
 total no. of averaging Steps: 0


Selecting field: dsmcVolFields

TimeData Statistics: 
 measurement option: write
 nSamples: 1, time interval: 6.640048894e-08
 nAverages: 15060, time interval: 0.0009999913634
 total no. of sampling steps: 0
 total no. of averaging Steps: 0


Selecting field: dsmcVolFields

TimeData Statistics: 
 measurement option: write
 nSamples: 1, time interval: 6.640048894e-08
 nAverages: 15060, time interval: 0.0009999913634
 total no. of sampling steps: 0
 total no. of averaging Steps: 0


Selecting field: dsmcVolFields

TimeData Statistics: 
 measurement option: write
 nSamples: 1, time interval: 6.640048894e-08
 nAverages: 15060, time interval: 0.0009999913634
 total no. of sampling steps: 0
 total no. of averaging Steps: 0


Selecting field: dsmcVolFields

TimeData Statistics: 
 measurement option: write
 nSamples: 1, time interval: 6.640048894e-08
 nAverages: 15060, time interval: 0.0009999913634
 total no. of sampling steps: 0
 total no. of averaging Steps: 0


Selecting field: dsmcVolFields

TimeData Statistics: 
 measurement option: write
 nSamples: 1, time interval: 6.640048894e-08
 nAverages: 15060, time interval: 0.0009999913634
 total no. of sampling steps: 0
 total no. of averaging Steps: 0


Selecting field: dsmcVolFields

TimeData Statistics: 
 measurement option: write
 nSamples: 1, time interval: 6.640048894e-08
 nAverages: 15060, time interval: 0.0009999913634
 total no. of sampling steps: 0
 total no. of averaging Steps: 0


Selecting field: dsmcVolFields

TimeData Statistics: 
 measurement option: write
 nSamples: 1, time interval: 6.640048894e-08
 nAverages: 15060, time interval: 0.0009999913634
 total no. of sampling steps: 0
 total no. of averaging Steps: 0


Selecting field: dsmcVolFields

TimeData Statistics: 
 measurement option: write
 nSamples: 1, time interval: 6.640048894e-08
 nAverages: 15060, time interval: 0.0009999913634
 total no. of sampling steps: 0
 total no. of averaging Steps: 0


Selecting field: dsmcVolFields

TimeData Statistics: 
 measurement option: write
 nSamples: 1, time interval: 6.640048894e-08
 nAverages: 15060, time interval: 0.0009999913634
 total no. of sampling steps: 0
 total no. of averaging Steps: 0


Creating the boundary models: 

Selecting dsmcPatchBoundaryModel dsmcDeletionPatch
Selecting dsmcPatchBoundaryModel dsmcDeletionPatch
Selecting dsmcPatchBoundaryModel dsmcDiffuseWallPatch
Selecting dsmcGeneralBoundaryModel dsmcFreeStreamInflowPatch
Selecting BinaryCollisionModel LarsenBorgnakkeVariableHardSphere

Creating dsmcReactions

Selecting the reaction model dissociationQK
Selecting the reaction model dissociationExchangeQK
Selecting the reaction model dissociationQK
Selecting the reaction model dissociationQK
Selecting the reaction model dissociationQK
Selecting the reaction model dissociationQK
Selecting the reaction model dissociationQK
Selecting the reaction model dissociationExchangeQK
Selecting the reaction model dissociationQK
Selecting the reaction model dissociationExchangeQK
Selecting the reaction model dissociationExchangeQK
Selecting the reaction model dissociationQK
Number of reactions created: 12
Selecting field: dsmcVolFields

TimeData Statistics: 
 measurement option: write
 nSamples: 1, time interval: 6.640048894e-08
 nAverages: 15060, time interval: 0.0009999913634
 total no. of sampling steps: 0
 total no. of averaging Steps: 0


Creating the boundary models: 

Selecting dsmcPatchBoundaryModel dsmcDeletionPatch
Selecting dsmcPatchBoundaryModel dsmcDeletionPatch
Selecting dsmcPatchBoundaryModel dsmcDiffuseWallPatch
Selecting dsmcGeneralBoundaryModel dsmcFreeStreamInflowPatch
Selecting field: dsmcVolFields

TimeData Statistics: 
 measurement option: write
 nSamples: 1, time interval: 6.640048894e-08
 nAverages: 15060, time interval: 0.0009999913634
 total no. of sampling steps: 0
 total no. of averaging Steps: 0


Selecting BinaryCollisionModel LarsenBorgnakkeVariableHardSphere

Creating dsmcReactions

Selecting the reaction model dissociationQK
Selecting the reaction model dissociationExchangeQK
Selecting the reaction model dissociationQK
Selecting the reaction model dissociationQK
Selecting the reaction model dissociationQK
Selecting the reaction model dissociationQK
Selecting the reaction model dissociationQK
Selecting the reaction model dissociationExchangeQK
Selecting the reaction model dissociationQK
Selecting the reaction model dissociationExchangeQK
Selecting the reaction model dissociationExchangeQK
Selecting the reaction model dissociationQK
Number of reactions created: 12
Creating the boundary models: 

Selecting dsmcPatchBoundaryModel dsmcDeletionPatch
Selecting dsmcPatchBoundaryModel dsmcDeletionPatch
Selecting dsmcPatchBoundaryModel dsmcDiffuseWallPatch
Selecting dsmcGeneralBoundaryModel dsmcFreeStreamInflowPatch
Creating the boundary models: 

Selecting dsmcPatchBoundaryModel dsmcDeletionPatch
Selecting dsmcPatchBoundaryModel dsmcDeletionPatch
Selecting dsmcPatchBoundaryModel dsmcDiffuseWallPatch
Selecting dsmcGeneralBoundaryModel dsmcFreeStreamInflowPatch
Selecting BinaryCollisionModel LarsenBorgnakkeVariableHardSphere

Creating dsmcReactions

Selecting the reaction model dissociationQK
Selecting the reaction model dissociationExchangeQK
Selecting the reaction model dissociationQK
Selecting the reaction model dissociationQK
Selecting the reaction model dissociationQK
Selecting the reaction model dissociationQK
Selecting the reaction model dissociationQK
Selecting the reaction model dissociationExchangeQK
Selecting the reaction model dissociationQK
Selecting the reaction model dissociationExchangeQK
Selecting the reaction model dissociationExchangeQK
Selecting the reaction model dissociationQK
Number of reactions created: 12
Selecting BinaryCollisionModel LarsenBorgnakkeVariableHardSphere

Creating dsmcReactions

Selecting the reaction model dissociationQK
Selecting the reaction model dissociationExchangeQK
Selecting the reaction model dissociationQK
Selecting the reaction model dissociationQK
Selecting the reaction model dissociationQK
Selecting the reaction model dissociationQK
Selecting the reaction model dissociationQK
Selecting the reaction model dissociationExchangeQK
Selecting the reaction model dissociationQK
Selecting the reaction model dissociationExchangeQK
Selecting the reaction model dissociationExchangeQK
Selecting the reaction model dissociationQK
Number of reactions created: 12

Constructing constant properties for
	N2
	O2
	NO
	N
	O

Constructing constant properties for
	N2
	O2
	NO
	N
	O
Selecting collisionPartnerSelectionModel noTimeCounter
Collision profile: collisionReduceOnlyOnOutput defaulted to true for replicatedMesh run
Collision profile: collisionOutputGlobalReduce defaulted to false for replicatedMesh run

Initialising the measurement fields

Initialising dsmcVolFields field
Initialising dsmcVolFields field
Initialising dsmcVolFields field
Initialising dsmcVolFields field
Initialising dsmcVolFields field
Initialising dsmcVolFields field
Selecting collisionPartnerSelectionModel noTimeCounter
Collision profile: collisionReduceOnlyOnOutput defaulted to true for replicatedMesh run
Collision profile: collisionOutputGlobalReduce defaulted to false for replicatedMesh run

Initialising the measurement fields

Initialising dsmcVolFields field
Initialising dsmcVolFields field
Initialising dsmcVolFields field
Initialising dsmcVolFields field
Initialising dsmcVolFields field
Initialising dsmcVolFields field

Constructing constant properties for
	N2
	O2
	NO
	N
	O
Selecting collisionPartnerSelectionModel noTimeCounter
Collision profile: collisionReduceOnlyOnOutput defaulted to true for replicatedMesh run
Collision profile: collisionOutputGlobalReduce defaulted to false for replicatedMesh run

Initialising the measurement fields

Initialising dsmcVolFields field

Constructing constant properties for
	N2
	O2
	NO
	N
	O
Initialising dsmcVolFields field
Initialising dsmcVolFields field
Initialising dsmcVolFields field
Initialising dsmcVolFields field
Initialising dsmcVolFields field
Selecting collisionPartnerSelectionModel noTimeCounter
Collision profile: collisionReduceOnlyOnOutput defaulted to true for replicatedMesh run
Collision profile: collisionOutputGlobalReduce defaulted to false for replicatedMesh run

Initialising the measurement fields

Initialising dsmcVolFields field
Initialising dsmcVolFields field
Initialising dsmcVolFields field
Initialising dsmcVolFields field
Initialising dsmcVolFields field
Initialising dsmcVolFields field
Replicated mesh: METIS decomposition complete, 60000 cells -> 4 ranks
Replicated mesh: rank 0 owns 15022 / 60000 cells
Local mesh: 15022 owned + 492 halo = 15514 / 60000 cells
Replicated mesh: flatTransfer=1 found=1
Replicated mesh: flat POD transfer enabled
Replicated mesh: gatherCandidates=0
Replicated mesh: overlapSizeExchange=0
Replicated mesh: writeMode=processor
Phase C auto DLB: enabled (ParMETIS AdaptiveRepart), imbalanceThreshold=1.5, dlbSteps=50, sarSteps=50, triggerMode=legacyWindow, minGapSteps=50, checkCollective=allgather, particleGate=0, particleGateThreshold=1.5, skipPostDiag=0, adaptiveAlpha=0
Replicated mesh: initialized with 4 MPI ranks, migrate interval 1

Starting time loop

Replicated mesh: initial particle distribution

Replicated mesh: rank 0 kept 201681 parcels, deleted 1105064 non-owned parcels
Time = 6.640048894e-07

    Collision global reduction skipped (rank 0 local diagnostics)
    Collisions                      = 8014
    Collision candidates           = 12427
    Collision acceptance rate      = 0.644886135

    Number of DSMC particles        = 1330306
    Number of stuck particles       = 0
    Number of free particles        = 1330306
    Average linear kinetic energy   = 1.893588917e-19
    Average rotational energy       = 1.330615449e-21
    Average vibrational energy      = 3.49857187e-26
    Average electronic energy       = 0
    Total energy                    = 0.001522052652

Stage 1.0  ExecutionTime = 6.62 s  ClockTime = 4 s  Iteration 10 (0.3 s)

Time = 1.328009779e-06

    Collision global reduction skipped (rank 0 local diagnostics)
    Collisions                      = 16416
    Collision candidates           = 28210
    Collision acceptance rate      = 0.5819213045

    Number of DSMC particles        = 1353884
    Number of stuck particles       = 0
    Number of free particles        = 1353884
    Average linear kinetic energy   = 1.866142454e-19
    Average rotational energy       = 1.554898502e-21
    Average vibrational energy      = 5.738244599e-26
    Average electronic energy       = 0
    Total energy                    = 0.001528555625

Stage 1.0  ExecutionTime = 9.45 s  ClockTime = 6 s  Iteration 20 (0.34 s)

Time = 1.992014668e-06

    Collision global reduction skipped (rank 0 local diagnostics)
    Collisions                      = 25602
    Collision candidates           = 46227
    Collision acceptance rate      = 0.553832176

    Number of DSMC particles        = 1377457
    Number of stuck particles       = 0
    Number of free particles        = 1377457
    Average linear kinetic energy   = 1.841529811e-19
    Average rotational energy       = 1.874901711e-21
    Average vibrational energy      = 2.146865009e-25
    Average electronic energy       = 0
    Total energy                    = 0.001537474231

Stage 1.0  ExecutionTime = 12.39 s  ClockTime = 7 s  Iteration 30 (0.35 s)

Time = 2.656019558e-06

    Collision global reduction skipped (rank 0 local diagnostics)
    Collisions                      = 35160
    Collision candidates           = 65182
    Collision acceptance rate      = 0.5394127213

    Number of DSMC particles        = 1401009
    Number of stuck particles       = 0
    Number of free particles        = 1401009
    Average linear kinetic energy   = 1.819419929e-19
    Average rotational energy       = 2.262530488e-21
    Average vibrational energy      = 6.66964966e-26
    Average electronic energy       = 0
    Total energy                    = 0.001548433731

Stage 1.0  ExecutionTime = 15.37 s  ClockTime = 9 s  Iteration 40 (0.34 s)

Time = 3.320024447e-06

    Collision global reduction skipped (rank 0 local diagnostics)
    Collisions                      = 44090
    Collision candidates           = 83781
    Collision acceptance rate      = 0.5262529691

    Number of DSMC particles        = 1424367
    Number of stuck particles       = 0
    Number of free particles        = 1424367
    Average linear kinetic energy   = 1.799166924e-19
    Average rotational energy       = 2.705333159e-21
    Average vibrational energy      = 4.154840824e-25
    Average electronic energy       = 0
    Total energy                    = 0.001560728271

Stage 1.0  ExecutionTime = 18.78 s  ClockTime = 11 s  Iteration 50 (0.39 s)

Time = 3.984029336e-06

    Collision global reduction skipped (rank 0 local diagnostics)
    Collisions                      = 53179
    Collision candidates           = 101591
    Collision acceptance rate      = 0.523461724

    Number of DSMC particles        = 1447623
    Number of stuck particles       = 0
    Number of free particles        = 1447623
    Average linear kinetic energy   = 1.780317852e-19
    Average rotational energy       = 3.183730619e-21
    Average vibrational energy      = 6.128420663e-25
    Average electronic energy       = 0
    Total energy                    = 0.001573995815

Stage 1.0  ExecutionTime = 22.07 s  ClockTime = 13 s  Iteration 60 (0.36 s)

Time = 4.648034226e-06

    Collision global reduction skipped (rank 0 local diagnostics)
    Collisions                      = 61747
    Collision candidates           = 118845
    Collision acceptance rate      = 0.5195590896

    Number of DSMC particles        = 1471329
    Number of stuck particles       = 0
    Number of free particles        = 1471329
    Average linear kinetic energy   = 1.762799935e-19
    Average rotational energy       = 3.684474928e-21
    Average vibrational energy      = 7.616180786e-25
    Average electronic energy       = 0
    Total energy                    = 0.001588728372

Stage 1.0  ExecutionTime = 25.32 s  ClockTime = 14 s  Iteration 70 (0.38 s)

Time = 5.312039115e-06

    Collision global reduction skipped (rank 0 local diagnostics)
    Collisions                      = 69223
    Collision candidates           = 135279
    Collision acceptance rate      = 0.5117054384

    Number of DSMC particles        = 1494448
    Number of stuck particles       = 0
    Number of free particles        = 1494448
    Average linear kinetic energy   = 1.746509378e-19
    Average rotational energy       = 4.193625199e-21
    Average vibrational energy      = 9.678374534e-25
    Average electronic energy       = 0
    Total energy                    = 0.001603652075

Stage 1.0  ExecutionTime = 28.77 s  ClockTime = 16 s  Iteration 80 (0.43 s)

Time = 5.976044005e-06

    Collision global reduction skipped (rank 0 local diagnostics)
    Collisions                      = 77043
    Collision candidates           = 151390
    Collision acceptance rate      = 0.5089041548

    Number of DSMC particles        = 1517859
    Number of stuck particles       = 0
    Number of free particles        = 1517859
    Average linear kinetic energy   = 1.73152918e-19
    Average rotational energy       = 4.69994109e-21
    Average vibrational energy      = 1.659808252e-24
    Average electronic energy       = 0
    Total energy                    = 0.001619748494

Stage 1.0  ExecutionTime = 32.27 s  ClockTime = 18 s  Iteration 90 (0.43 s)

Time = 6.640048894e-06

    Collision global reduction skipped (rank 0 local diagnostics)
    Collisions                      = 84847
    Collision candidates           = 167301
    Collision acceptance rate      = 0.5071517803

    Number of DSMC particles        = 1540872
    Number of stuck particles       = 0
    Number of free particles        = 1540872
    Average linear kinetic energy   = 1.717155205e-19
    Average rotational energy       = 5.198974983e-21
    Average vibrational energy      = 1.816946554e-24
    Average electronic energy       = 0
    Total energy                    = 0.001635632353

Stage 1.0  ExecutionTime = 35.92 s  ClockTime = 20 s  Iteration 100 (0.44 s)

Time = 7.304053783e-06

    Collision global reduction skipped (rank 0 local diagnostics)
    Collisions                      = 91430
    Collision candidates           = 181924
    Collision acceptance rate      = 0.5025725028

    Number of DSMC particles        = 1563832
    Number of stuck particles       = 0
    Number of free particles        = 1563832
    Average linear kinetic energy   = 1.703633552e-19
    Average rotational energy       = 5.714528213e-21
    Average vibrational energy      = 2.109178264e-24
    Average electronic energy       = 0
    Total energy                    = 0.001652157162

Stage 1.0  ExecutionTime = 39.8 s  ClockTime = 22 s  Iteration 110 (0.46 s)

Time = 7.968058673e-06

    Collision global reduction skipped (rank 0 local diagnostics)
    Collisions                      = 98676
    Collision candidates           = 196442
    Collision acceptance rate      = 0.5023162053

    Number of DSMC particles        = 1586521
    Number of stuck particles       = 0
    Number of free particles        = 1586521
    Average linear kinetic energy   = 1.691023199e-19
    Average rotational energy       = 6.207498228e-21
    Average vibrational energy      = 2.353644225e-24
    Average electronic energy       = 0
    Total energy                    = 0.001668818653

Stage 1.0  ExecutionTime = 43.71 s  ClockTime = 24 s  Iteration 120 (0.46 s)

Time = 8.632063562e-06

    Collision global reduction skipped (rank 0 local diagnostics)
    Collisions                      = 104679
    Collision candidates           = 210109
    Collision acceptance rate      = 0.4982128324

    Number of DSMC particles        = 1608983
    Number of stuck particles       = 0
    Number of free particles        = 1608983
    Average linear kinetic energy   = 1.678814194e-19
    Average rotational energy       = 6.716243965e-21
    Average vibrational energy      = 2.582014396e-24
    Average electronic energy       = 0
    Total energy                    = 0.00168557296

Stage 1.0  ExecutionTime = 47.95 s  ClockTime = 26 s  Iteration 130 (0.58 s)

Time = 9.296068452e-06

    Collision global reduction skipped (rank 0 local diagnostics)
    Collisions                      = 110897
    Collision candidates           = 222123
    Collision acceptance rate      = 0.4992594193

    Number of DSMC particles        = 1631305
    Number of stuck particles       = 0
    Number of free particles        = 1631305
    Average linear kinetic energy   = 1.667447153e-19
    Average rotational energy       = 7.18952642e-21
    Average vibrational energy      = 3.185768382e-24
    Average electronic energy       = 0
    Total energy                    = 0.001702469971

Stage 1.0  ExecutionTime = 52.4 s  ClockTime = 29 s  Iteration 140 (0.54 s)

Time = 9.960073341e-06

    Collision global reduction skipped (rank 0 local diagnostics)
    Collisions                      = 117381
    Collision candidates           = 234752
    Collision acceptance rate      = 0.5000212991


Phase C auto DLB triggered (SAR) at step 150: sar=0.3987855448 loadImbalance=1.180034438 threshold=1.5 particleMaxMin=1
Phase C ParMETIS weights: particles=1653790 activeCells=60000 maxCellParticles=331
Phase C ParMETIS: alpha=1 ncon=1 ubvec=[1.049999952] moveRatio=0.7274575172 (moveT=16.17802177s, collT=6.061107508s)
Phase C ParMETIS: AdaptiveRepart (60000 cells, 1 constraints, ubvec=1.049999952)
Replicated mesh: rank 0 owns 14696 / 60000 cells
Local mesh: 14696 owned + 496 halo = 15192 / 60000 cells
Phase C ParMETIS AdaptiveRepart: 30008 / 60000 cells changed (0.5001333333)
Phase C auto DLB complete: rebalance #1

    Number of DSMC particles        = 1653790
    Number of stuck particles       = 0
    Number of free particles        = 1653790
    Average linear kinetic energy   = 1.656499435e-19
    Average rotational energy       = 7.681399577e-21
    Average vibrational energy      = 3.932613877e-24
    Average electronic energy       = 0
    Total energy                    = 0.001719960873

Stage 1.0  ExecutionTime = 57.19 s  ClockTime = 31 s  Iteration 150 (1.08 s)

Time = 1.062407823e-05

    Collision global reduction skipped (rank 0 local diagnostics)
    Collisions                      = 113564
    Collision candidates           = 229266
    Collision acceptance rate      = 0.4953372938

    Number of DSMC particles        = 1675699
    Number of stuck particles       = 0
    Number of free particles        = 1675699
    Average linear kinetic energy   = 1.64603737e-19
    Average rotational energy       = 8.151300107e-21
    Average vibrational energy      = 5.013549584e-24
    Average electronic energy       = 0
    Total energy                    = 0.001736963065

Stage 1.0  ExecutionTime = 61.56 s  ClockTime = 34 s  Iteration 160 (0.51 s)

Time = 1.128808312e-05

    Collision global reduction skipped (rank 0 local diagnostics)
    Collisions                      = 119364
    Collision candidates           = 240181
    Collision acceptance rate      = 0.4969751979

    Number of DSMC particles        = 1697357
    Number of stuck particles       = 0
    Number of free particles        = 1697357
    Average linear kinetic energy   = 1.636126366e-19
    Average rotational energy       = 8.607779724e-21
    Average vibrational energy      = 5.857613359e-24
    Average electronic energy       = 0
    Total energy                    = 0.00175397683

Stage 1.0  ExecutionTime = 66.03 s  ClockTime = 34 s  Iteration 170 (0.54 s)

Time = 1.195208801e-05

    Collision global reduction skipped (rank 0 local diagnostics)
    Collisions                      = 124657
    Collision candidates           = 251578
    Collision acceptance rate      = 0.4955004015

    Number of DSMC particles        = 1718626
    Number of stuck particles       = 0
    Number of free particles        = 1718626
    Average linear kinetic energy   = 1.626667829e-19
    Average rotational energy       = 9.048293934e-21
    Average vibrational energy      = 6.952310293e-24
    Average electronic energy       = 0
    Total energy                    = 0.001770755664

Stage 1.0  ExecutionTime = 70.85 s  ClockTime = 37 s  Iteration 180 (0.58 s)

Time = 1.26160929e-05

    Collision global reduction skipped (rank 0 local diagnostics)
    Collisions                      = 129154
    Collision candidates           = 261069
    Collision acceptance rate      = 0.4947121259

    Number of DSMC particles        = 1740197
    Number of stuck particles       = 0
    Number of free particles        = 1740197
    Average linear kinetic energy   = 1.617336066e-19
    Average rotational energy       = 9.497802351e-21
    Average vibrational energy      = 7.634955299e-24
    Average electronic energy       = 0
    Total energy                    = 0.001787938023

Stage 1.0  ExecutionTime = 75.61 s  ClockTime = 39 s  Iteration 190 (0.57 s)

Time = 1.328009779e-05

    Collision global reduction skipped (rank 0 local diagnostics)
    Collisions                      = 134479
    Collision candidates           = 272313
    Collision acceptance rate      = 0.4938398093

    Number of DSMC particles        = 1761124
    Number of stuck particles       = 0
    Number of free particles        = 1761124
    Average linear kinetic energy   = 1.608421223e-19
    Average rotational energy       = 9.925686649e-21
    Average vibrational energy      = 8.709680982e-24
    Average electronic energy       = 0
    Total energy                    = 0.001804551753

Stage 1.0  ExecutionTime = 80.65 s  ClockTime = 42 s  Iteration 200 (0.58 s)

Time = 1.394410268e-05

    Collision global reduction skipped (rank 0 local diagnostics)
    Collisions                      = 139477
    Collision candidates           = 282320
    Collision acceptance rate      = 0.4940386795

    Number of DSMC particles        = 1782150
    Number of stuck particles       = 0
    Number of free particles        = 1782150
    Average linear kinetic energy   = 1.599818247e-19
    Average rotational energy       = 1.034141302e-20
    Average vibrational energy      = 9.462110446e-24
    Average electronic energy       = 0
    Total energy                    = 0.001821350526

Stage 1.0  ExecutionTime = 85.63 s  ClockTime = 45 s  Iteration 210 (0.6 s)

Time = 1.460810757e-05

    Collision global reduction skipped (rank 0 local diagnostics)
    Collisions                      = 143522
    Collision candidates           = 291379
    Collision acceptance rate      = 0.4925612347

    Number of DSMC particles        = 1802550
    Number of stuck particles       = 0
    Number of free particles        = 1802550
    Average linear kinetic energy   = 1.59146143e-19
    Average rotational energy       = 1.075475506e-20
    Average vibrational energy      = 1.004581329e-23
    Average electronic energy       = 0
    Total energy                    = 0.001837637831

Stage 1.0  ExecutionTime = 90.92 s  ClockTime = 47 s  Iteration 220 (0.62 s)

Time = 1.527211246e-05

    Collision global reduction skipped (rank 0 local diagnostics)
    Collisions                      = 148150
    Collision candidates           = 300283
    Collision acceptance rate      = 0.4933679229

    Number of DSMC particles        = 1822842
    Number of stuck particles       = 0
    Number of free particles        = 1822842
    Average linear kinetic energy   = 1.583478469e-19
    Average rotational energy       = 1.116007074e-20
    Average vibrational energy      = 1.093329479e-23
    Average electronic energy       = 0
    Total energy                    = 0.001854036488

Stage 1.0  ExecutionTime = 96.56 s  ClockTime = 50 s  Iteration 230 (0.75 s)

Time = 1.593611735e-05

    Collision global reduction skipped (rank 0 local diagnostics)
    Collisions                      = 152660
    Collision candidates           = 310138
    Collision acceptance rate      = 0.4922324901

    Number of DSMC particles        = 1842839
    Number of stuck particles       = 0
    Number of free particles        = 1842839
    Average linear kinetic energy   = 1.575776422e-19
    Average rotational energy       = 1.154986429e-20
    Average vibrational energy      = 1.225928022e-23
    Average electronic energy       = 0
    Total energy                    = 0.00187018414

Stage 1.0  ExecutionTime = 101.98 s  ClockTime = 53 s  Iteration 240 (0.65 s)

Time = 1.660012224e-05

    Collision global reduction skipped (rank 0 local diagnostics)
    Collisions                      = 157043
    Collision candidates           = 319698
    Collision acceptance rate      = 0.4912229667


Phase C auto DLB triggered (SAR) at step 250: sar=0.307115904 loadImbalance=1.321534574 threshold=1.5 particleMaxMin=1
Phase C ParMETIS weights: particles=1862546 activeCells=60000 maxCellParticles=361
Phase C ParMETIS: alpha=1 ncon=1 ubvec=[1.049999952] moveRatio=0.6890231655 (moveT=31.51553605s, collT=14.2239073s)
Phase C ParMETIS: AdaptiveRepart (60000 cells, 1 constraints, ubvec=1.049999952)
Replicated mesh: rank 0 owns 13993 / 60000 cells
Local mesh: 13993 owned + 472 halo = 14465 / 60000 cells
Phase C ParMETIS AdaptiveRepart: 41120 / 60000 cells changed (0.6853333333)
Phase C auto DLB complete: rebalance #2

    Number of DSMC particles        = 1862546
    Number of stuck particles       = 0
    Number of free particles        = 1862546
    Average linear kinetic energy   = 1.568286588e-19
    Average rotational energy       = 1.192870502e-20
    Average vibrational energy      = 1.298993889e-23
    Average electronic energy       = 0
    Total energy                    = 0.001886055284

Stage 1.0  ExecutionTime = 108.22 s  ClockTime = 57 s  Iteration 250 (1.24 s)

Time = 1.726412712e-05

    Collision global reduction skipped (rank 0 local diagnostics)
    Collisions                      = 7469
    Collision candidates           = 9485
    Collision acceptance rate      = 0.7874538745

    Number of DSMC particles        = 1882475
    Number of stuck particles       = 0
    Number of free particles        = 1882475
    Average linear kinetic energy   = 1.562010647e-19
    Average rotational energy       = 1.21535085e-20
    Average vibrational energy      = 1.391897038e-23
    Average electronic energy       = 0
    Total energy                    = 0.001901696864

Stage 1.0  ExecutionTime = 112.74 s  ClockTime = 59 s  Iteration 260 (0.65 s)

Time = 1.792813201e-05

    Collision global reduction skipped (rank 0 local diagnostics)
    Collisions                      = 7554
    Collision candidates           = 10270
    Collision acceptance rate      = 0.735540409

    Number of DSMC particles        = 1901624
    Number of stuck particles       = 0
    Number of free particles        = 1901624
    Average linear kinetic energy   = 1.554446651e-19
    Average rotational energy       = 1.256354577e-20
    Average vibrational energy      = 1.485062154e-23
    Average electronic energy       = 0
    Total energy                    = 0.001917100117

Stage 1.0  ExecutionTime = 117.65 s  ClockTime = 62 s  Iteration 270 (0.73 s)

Time = 1.85921369e-05

    Collision global reduction skipped (rank 0 local diagnostics)
    Collisions                      = 7602
    Collision candidates           = 10794
    Collision acceptance rate      = 0.7042801556

    Number of DSMC particles        = 1920760
    Number of stuck particles       = 0
    Number of free particles        = 1920760
    Average linear kinetic energy   = 1.547153745e-19
    Average rotational energy       = 1.294300707e-20
    Average vibrational energy      = 1.572260867e-23
    Average electronic energy       = 0
    Total energy                    = 0.001932370274

Stage 1.0  ExecutionTime = 122.52 s  ClockTime = 64 s  Iteration 280 (0.75 s)

Time = 1.925614179e-05

    Collision global reduction skipped (rank 0 local diagnostics)
    Collisions                      = 7580
    Collision candidates           = 10934
    Collision acceptance rate      = 0.6932504116

    Number of DSMC particles        = 1939594
    Number of stuck particles       = 0
    Number of free particles        = 1939594
    Average linear kinetic energy   = 1.5403588e-19
    Average rotational energy       = 1.328431677e-20
    Average vibrational energy      = 1.681365839e-23
    Average electronic energy       = 0
    Total energy                    = 0.001947395168

Stage 1.0  ExecutionTime = 127.64 s  ClockTime = 65 s  Iteration 290 (0.75 s)

Time = 1.992014668e-05

    Collision global reduction skipped (rank 0 local diagnostics)
    Collisions                      = 7732
    Collision candidates           = 11197
    Collision acceptance rate      = 0.6905421095

    Number of DSMC particles        = 1958168
    Number of stuck particles       = 0
    Number of free particles        = 1958168
    Average linear kinetic energy   = 1.53351933e-19
    Average rotational energy       = 1.363831725e-20
    Average vibrational energy      = 1.830605985e-23
    Average electronic energy       = 0
    Total energy                    = 0.001962184864

Stage 1.0  ExecutionTime = 132.74 s  ClockTime = 68 s  Iteration 300 (0.75 s)

End stage 1


DSMC solver profile summary
    solver profile steps          = 300
    move+collide wall [s]         = 66.73470236
    move only [s]                 = 44.66503881
    buildCellOccupancy [s]        = 3.502575392
    collision phase [s]           = 14.74986307
    post fields/output [s]        = 0.22219343
    total profiled [s]            = 63.1396707
    full evolve wall [s]          = 66.95020516
    move+collide cpu [s]          = 124.79
    move only cpu [s]             = 83.98
    buildCellOccupancy cpu [s]    = 6.29
    collision phase cpu [s]       = 27.95
    post fields/output cpu [s]    = 0.44
    total profiled cpu [s]        = 118.66
    full evolve cpu [s]           = 125.2
    collision localLoop max [s] = 14.7289303
    collision reduce max [s]    = 0
    collision sigmaBC max [s]   = 0.022936837
    collision total max [s]     = 14.74607205
    collision accounted max [s] = 14.74551472
    collision residual max [s]  = 0.000637035
    collision subphase max sum [s] = 14.75186714
    collision cumulative global collisions = 42624463
    collision cumulative global candidates  = 79332294
    collision cumulative acceptance        = 0.537290186
    OpenMP enabled                = 1
    OpenMP max threads            = 2
    OpenMP move                   = 1 (static, chunk 64)
    OpenMP collision              = dynamic, chunk 8


Replicated mesh profiling summary:
    migration calls             = 303
    migration wall time [s]     = 11.00141836
    local particles (final)     = 454629
    migration wall max [s]      = 21.77652552
    migration pack max [s]      = 3.236297098
    migration local prep max [s]= 0.430593424
    migration size exchange max [s] = 17.73738951
    migration request post max [s] = 0.429379147
    migration wait max [s]      = 0.48845211
    migration deserialize max [s] = 0.565678673
    migration post max [s]      = 0.132322956
    migration candidate gather max [s] = 7.7623e-05
    migration accounted max [s] = 21.77652552
    migration residual max [s]  = 1.421085472e-14
    updateParticleCounts max [s]= 0.408904156
    migration subphase max sum [s] = 23.02019054
    particles per rank          = min 453778 max 527774 max/min 1.163066522
    rank wall time (evolve, 300 steps): min 121.99 max 123.57 max/min 1.012951881
    Phase C auto DLB checks      = 300
    Phase C auto DLB rebalances = 2
    Phase C auto DLB triggered checks = 2
    Phase C auto DLB wall max [s]= 1.007940771
    Phase C auto DLB check max [s]= 0.312459341
    Phase C ParMETIS max [s]     = 0.197881436
    Phase C migration max [s]    = 0.575311741
    Phase C cellOwner write max [s] = 0
    Phase C post-diagnostic max [s] = 0.0001447
    Phase C auto DLB accounted max [s] = 1.085797218
    Phase C auto DLB residual max [s] = -0.077856447

Total Iterations = 300
End main

real 68.03
user 508.62
sys 24.34
