/*---------------------------------------------------------------------------*\
| =========                 |                                                 |
| \\      /  F ield         | OpenFOAM: The Open Source CFD Toolbox           |
|  \\    /   O peration     | Version:  v1706                                 |
|   \\  /    A nd           | Web:      www.OpenFOAM.com                      |
|    \\/     M anipulation  |                                                 |
\*---------------------------------------------------------------------------*/
Build  : v1706
Arch   : "LSB;label=32;scalar=64"
Exec   : dsmcFoam+
Date   : Jun 16 2026
Time   : 04:21:09
Host   : "SuperXCX-ROG"
PID    : 391073
/*---------------------------------------------------------------------------*\
| =========                 |                                                 |
| \\      /  F ield         | OpenFOAM: The Open Source CFD Toolbox           |
|  \\    /   O peration     | Version:  v1706                                 |
|   \\  /    A nd           | Web:      www.OpenFOAM.com                      |
|    \\/     M anipulation  |                                                 |
\*---------------------------------------------------------------------------*/
Build  : v1706
Arch   : "LSB;label=32;scalar=64"
Exec   : dsmcFoam+
Date   : Jun 16 2026
Time   : 04:21:09
Host   : "SuperXCX-ROG"
PID    : 391074
/*---------------------------------------------------------------------------*\
| =========                 |                                                 |
| \\      /  F ield         | OpenFOAM: The Open Source CFD Toolbox           |
|  \\    /   O peration     | Version:  v1706                                 |
|   \\  /    A nd           | Web:      www.OpenFOAM.com                      |
|    \\/     M anipulation  |                                                 |
\*---------------------------------------------------------------------------*/
Build  : v1706
Arch   : "LSB;label=32;scalar=64"
Exec   : dsmcFoam+
Date   : Jun 16 2026
Time   : 04:21:09
Host   : "SuperXCX-ROG"
PID    : 391076
/*---------------------------------------------------------------------------*\
| =========                 |                                                 |
| \\      /  F ield         | OpenFOAM: The Open Source CFD Toolbox           |
|  \\    /   O peration     | Version:  v1706                                 |
|   \\  /    A nd           | Web:      www.OpenFOAM.com                      |
|    \\/     M anipulation  |                                                 |
\*---------------------------------------------------------------------------*/
Build  : v1706
Arch   : "LSB;label=32;scalar=64"
Exec   : dsmcFoam+
Date   : Jun 16 2026
Time   : 04:21:09
Host   : "SuperXCX-ROG"
PID    : 391070
/*---------------------------------------------------------------------------*\
| =========                 |                                                 |
| \\      /  F ield         | OpenFOAM: The Open Source CFD Toolbox           |
|  \\    /   O peration     | Version:  v1706                                 |
|   \\  /    A nd           | Web:      www.OpenFOAM.com                      |
|    \\/     M anipulation  |                                                 |
\*---------------------------------------------------------------------------*/
Build  : v1706
Arch   : "LSB;label=32;scalar=64"
Exec   : dsmcFoam+
Date   : Jun 16 2026
Time   : 04:21:09
Host   : "SuperXCX-ROG"
PID    : 391071
/*---------------------------------------------------------------------------*\
| =========                 |                                                 |
| \\      /  F ield         | OpenFOAM: The Open Source CFD Toolbox           |
|  \\    /   O peration     | Version:  v1706                                 |
|   \\  /    A nd           | Web:      www.OpenFOAM.com                      |
|    \\/     M anipulation  |                                                 |
\*---------------------------------------------------------------------------*/
Build  : v1706
Arch   : "LSB;label=32;scalar=64"
Exec   : dsmcFoam+
Date   : Jun 16 2026
Time   : 04:21:09
Host   : "SuperXCX-ROG"
PID    : 391072
/*---------------------------------------------------------------------------*\
| =========                 |                                                 |
| \\      /  F ield         | OpenFOAM: The Open Source CFD Toolbox           |
|  \\    /   O peration     | Version:  v1706                                 |
|   \\  /    A nd           | Web:      www.OpenFOAM.com                      |
|    \\/     M anipulation  |                                                 |
\*---------------------------------------------------------------------------*/
Build  : v1706
Arch   : "LSB;label=32;scalar=64"
Exec   : dsmcFoam+
Date   : Jun 16 2026
Time   : 04:21:09
Host   : "SuperXCX-ROG"
PID    : 391075
Case   : /home/superxcx/code/OpenFoam/OF-1706/hyStrath_dlb/run/hyStrath/dsmcFoam+/xcx_test/zb-cylinder-react/mpi8
nProcs : 1
sigFpe : Enabling floating point exception trapping (FOAM_SIGFPE).
fileModificationChecking : Monitoring run-time modified files using timeStampMaster (fileModificationSkew 10)
allowSystemOperations : Allowing user-supplied system call operations

// * * * * * * * * * * * * * * * * * * * * * * * * * * * * * * * * * * * * * //
Create time

Case   : /home/superxcx/code/OpenFoam/OF-1706/hyStrath_dlb/run/hyStrath/dsmcFoam+/xcx_test/zb-cylinder-react/mpi8
nProcs : 1
sigFpe : Enabling floating point exception trapping (FOAM_SIGFPE).
fileModificationChecking : Monitoring run-time modified files using timeStampMaster (fileModificationSkew 10)
allowSystemOperations : Allowing user-supplied system call operations

// * * * * * * * * * * * * * * * * * * * * * * * * * * * * * * * * * * * * * //
Create time

Case   : /home/superxcx/code/OpenFoam/OF-1706/hyStrath_dlb/run/hyStrath/dsmcFoam+/xcx_test/zb-cylinder-react/mpi8
nProcs : 1
sigFpe : Enabling floating point exception trapping (FOAM_SIGFPE).
fileModificationChecking : Monitoring run-time modified files using timeStampMaster (fileModificationSkew 10)
allowSystemOperations : Allowing user-supplied system call operations

// * * * * * * * * * * * * * * * * * * * * * * * * * * * * * * * * * * * * * //
Create time

Case   : /home/superxcx/code/OpenFoam/OF-1706/hyStrath_dlb/run/hyStrath/dsmcFoam+/xcx_test/zb-cylinder-react/mpi8
nProcs : 1
sigFpe : Enabling floating point exception trapping (FOAM_SIGFPE).
fileModificationChecking : Monitoring run-time modified files using timeStampMaster (fileModificationSkew 10)
allowSystemOperations : Allowing user-supplied system call operations

// * * * * * * * * * * * * * * * * * * * * * * * * * * * * * * * * * * * * * //
Create time

Case   : /home/superxcx/code/OpenFoam/OF-1706/hyStrath_dlb/run/hyStrath/dsmcFoam+/xcx_test/zb-cylinder-react/mpi8
nProcs : 1
sigFpe : Enabling floating point exception trapping (FOAM_SIGFPE).
fileModificationChecking : Monitoring run-time modified files using timeStampMaster (fileModificationSkew 10)
allowSystemOperations : Allowing user-supplied system call operations

// * * * * * * * * * * * * * * * * * * * * * * * * * * * * * * * * * * * * * //
Create time

Case   : /home/superxcx/code/OpenFoam/OF-1706/hyStrath_dlb/run/hyStrath/dsmcFoam+/xcx_test/zb-cylinder-react/mpi8
nProcs : 1
sigFpe : Enabling floating point exception trapping (FOAM_SIGFPE).
fileModificationChecking : Monitoring run-time modified files using timeStampMaster (fileModificationSkew 10)
allowSystemOperations : Allowing user-supplied system call operations

// * * * * * * * * * * * * * * * * * * * * * * * * * * * * * * * * * * * * * //
Create time

Case   : /home/superxcx/code/OpenFoam/OF-1706/hyStrath_dlb/run/hyStrath/dsmcFoam+/xcx_test/zb-cylinder-react/mpi8
nProcs : 1
sigFpe : Enabling floating point exception trapping (FOAM_SIGFPE).
fileModificationChecking : Monitoring run-time modified files using timeStampMaster (fileModificationSkew 10)
allowSystemOperations : Allowing user-supplied system call operations

// * * * * * * * * * * * * * * * * * * * * * * * * * * * * * * * * * * * * * //
Create time

/*---------------------------------------------------------------------------*\
| =========                 |                                                 |
| \\      /  F ield         | OpenFOAM: The Open Source CFD Toolbox           |
|  \\    /   O peration     | Version:  v1706                                 |
|   \\  /    A nd           | Web:      www.OpenFOAM.com                      |
|    \\/     M anipulation  |                                                 |
\*---------------------------------------------------------------------------*/
Build  : v1706
Arch   : "LSB;label=32;scalar=64"
Exec   : dsmcFoam+
Date   : Jun 16 2026
Time   : 04:21:09
Host   : "SuperXCX-ROG"
PID    : 391077
Create mesh for time = 0

Create mesh for time = 0

Selecting dynamicFvMesh dynamicRefineFvMesh
Create mesh for time = 0

Selecting dynamicFvMesh dynamicRefineFvMesh
Create mesh for time = 0

Selecting dynamicFvMesh dynamicRefineFvMesh
Create mesh for time = 0

Selecting dynamicFvMesh dynamicRefineFvMesh
Create mesh for time = 0

Selecting dynamicFvMesh dynamicRefineFvMesh
Case   : /home/superxcx/code/OpenFoam/OF-1706/hyStrath_dlb/run/hyStrath/dsmcFoam+/xcx_test/zb-cylinder-react/mpi8
nProcs : 1
sigFpe : Enabling floating point exception trapping (FOAM_SIGFPE).
fileModificationChecking : Monitoring run-time modified files using timeStampMaster (fileModificationSkew 10)
allowSystemOperations : Allowing user-supplied system call operations

// * * * * * * * * * * * * * * * * * * * * * * * * * * * * * * * * * * * * * //
Create time

Selecting dynamicFvMesh dynamicRefineFvMesh
Create mesh for time = 0

Selecting dynamicFvMesh dynamicRefineFvMesh
Create mesh for time = 0

Selecting dynamicFvMesh dynamicRefineFvMesh

Constructing dsmcCloud 

Constructing dsmcCloud 

Constructing dsmcCloud 

Constructing dsmcCloud 

Constructing dsmcCloud 

Constructing dsmcCloud 

Constructing dsmcCloud 

Constructing dsmcCloud 
Selecting the coordinate system model:	dsmcCartesian

Selecting the time-step model:	dsmcConstantTimeStepModel

Constant time-step model:
- time-step [sec]	6.64005e-08

Selecting the porous measurement model:	dsmcNoPorousMediumMeasurements

Selecting the coordinate system model:	dsmcCartesian

Selecting the time-step model:	dsmcConstantTimeStepModel

Constant time-step model:
- time-step [sec]	6.64005e-08

Selecting the porous measurement model:	dsmcNoPorousMediumMeasurements


Creating dsmcControllers

Creating fields: 

Selecting field: dsmcVolFields

TimeData Statistics: 
 measurement option: write
 nSamples: 1, time interval: 6.64005e-08
 nAverages: 15060, time interval: 0.00099999153
 total no. of sampling steps: 0
 total no. of averaging Steps: 0



Creating dsmcControllers

Creating fields: 

Selecting field: dsmcVolFields

TimeData Statistics: 
 measurement option: write
 nSamples: 1, time interval: 6.64005e-08
 nAverages: 15060, time interval: 0.00099999153
 total no. of sampling steps: 0
 total no. of averaging Steps: 0


Selecting the coordinate system model:	dsmcCartesian

Selecting the time-step model:	dsmcConstantTimeStepModel

Constant time-step model:
- time-step [sec]	6.64005e-08

Selecting the porous measurement model:	dsmcNoPorousMediumMeasurements


Creating dsmcControllers

Creating fields: 

Selecting field: dsmcVolFields

TimeData Statistics: 
 measurement option: write
 nSamples: 1, time interval: 6.64005e-08
 nAverages: 15060, time interval: 0.00099999153
 total no. of sampling steps: 0
 total no. of averaging Steps: 0


Selecting the coordinate system model:	dsmcCartesian

Selecting the time-step model:	dsmcConstantTimeStepModel

Constant time-step model:
- time-step [sec]	6.64005e-08

Selecting the porous measurement model:	dsmcNoPorousMediumMeasurements


Creating dsmcControllers

Creating fields: 

Selecting field: dsmcVolFields

TimeData Statistics: 
 measurement option: write
 nSamples: 1, time interval: 6.64005e-08
 nAverages: 15060, time interval: 0.00099999153
 total no. of sampling steps: 0
 total no. of averaging Steps: 0


Selecting field: dsmcVolFields

TimeData Statistics: 
 measurement option: write
 nSamples: 1, time interval: 6.64005e-08
 nAverages: 15060, time interval: 0.00099999153
 total no. of sampling steps: 0
 total no. of averaging Steps: 0


Selecting field: dsmcVolFields

TimeData Statistics: 
 measurement option: write
 nSamples: 1, time interval: 6.64005e-08
 nAverages: 15060, time interval: 0.00099999153
 total no. of sampling steps: 0
 total no. of averaging Steps: 0


Selecting the coordinate system model:	dsmcCartesian

Selecting the time-step model:	dsmcConstantTimeStepModel

Constant time-step model:
- time-step [sec]	6.64005e-08

Selecting the porous measurement model:	dsmcNoPorousMediumMeasurements


Creating dsmcControllers

Selecting the coordinate system model:	dsmcCartesian

Creating fields: 

Selecting field: dsmcVolFields

TimeData Statistics: 
Selecting the time-step model:	dsmcConstantTimeStepModel

 measurement option: write
 nSamples: 1, time interval: 6.64005e-08
 nAverages: 15060, time interval: 0.00099999153
 total no. of sampling steps: 0
 total no. of averaging Steps: 0


Constant time-step model:
- time-step [sec]	6.64005e-08

Selecting the porous measurement model:	dsmcNoPorousMediumMeasurements

Selecting field: dsmcVolFields

TimeData Statistics: 
 measurement option: write
 nSamples: 1, time interval: 6.64005e-08
 nAverages: 15060, time interval: 0.00099999153
 total no. of sampling steps: 0
 total no. of averaging Steps: 0



Creating dsmcControllers

Selecting the coordinate system model:	dsmcCartesian

Selecting the time-step model:	dsmcConstantTimeStepModel

Constant time-step model:
- time-step [sec]	6.64005e-08

Selecting the porous measurement model:	dsmcNoPorousMediumMeasurements

Creating fields: 

Selecting field: dsmcVolFields

TimeData Statistics: 
 measurement option: write
 nSamples: 1, time interval: 6.64005e-08
 nAverages: 15060, time interval: 0.00099999153
 total no. of sampling steps: 0
 total no. of averaging Steps: 0


Selecting field: dsmcVolFields

TimeData Statistics: 
 measurement option: write
 nSamples: 1, time interval: 6.64005e-08
 nAverages: 15060, time interval: 0.00099999153
 total no. of sampling steps: 0
 total no. of averaging Steps: 0



Creating dsmcControllers

Creating fields: 

Selecting field: dsmcVolFields

TimeData Statistics: 
 measurement option: write
 nSamples: 1, time interval: 6.64005e-08
 nAverages: 15060, time interval: 0.00099999153
 total no. of sampling steps: 0
 total no. of averaging Steps: 0


Selecting the coordinate system model:	dsmcCartesian

Selecting the time-step model:	dsmcConstantTimeStepModel

Constant time-step model:
- time-step [sec]	6.64005e-08

Selecting the porous measurement model:	dsmcNoPorousMediumMeasurements

Selecting field: dsmcVolFields

TimeData Statistics: 
 measurement option: write
 nSamples: 1, time interval: 6.64005e-08
 nAverages: 15060, time interval: 0.00099999153
 total no. of sampling steps: 0
 total no. of averaging Steps: 0


Selecting field: dsmcVolFields

TimeData Statistics: 
 measurement option: write
 nSamples: 1, time interval: 6.64005e-08
 nAverages: 15060, time interval: 0.00099999153
 total no. of sampling steps: 0
 total no. of averaging Steps: 0



Creating dsmcControllers

Creating fields: 

Selecting field: dsmcVolFields

TimeData Statistics: 
 measurement option: write
 nSamples: 1, time interval: 6.64005e-08
 nAverages: 15060, time interval: 0.00099999153
 total no. of sampling steps: 0
 total no. of averaging Steps: 0


Selecting field: dsmcVolFields

TimeData Statistics: 
 measurement option: write
 nSamples: 1, time interval: 6.64005e-08
 nAverages: 15060, time interval: 0.00099999153
 total no. of sampling steps: 0
 total no. of averaging Steps: 0


Selecting field: dsmcVolFields

TimeData Statistics: 
 measurement option: write
 nSamples: 1, time interval: 6.64005e-08
 nAverages: 15060, time interval: 0.00099999153
 total no. of sampling steps: 0
 total no. of averaging Steps: 0


Selecting field: dsmcVolFields

TimeData Statistics: 
 measurement option: write
 nSamples: 1, time interval: 6.64005e-08
 nAverages: 15060, time interval: 0.00099999153
 total no. of sampling steps: 0
 total no. of averaging Steps: 0


Selecting field: dsmcVolFields

TimeData Statistics: 
 measurement option: write
 nSamples: 1, time interval: 6.64005e-08
 nAverages: 15060, time interval: 0.00099999153
 total no. of sampling steps: 0
 total no. of averaging Steps: 0


Selecting field: dsmcVolFields

TimeData Statistics: 
 measurement option: write
 nSamples: 1, time interval: 6.64005e-08
 nAverages: 15060, time interval: 0.00099999153
 total no. of sampling steps: 0
 total no. of averaging Steps: 0


Selecting field: dsmcVolFields

TimeData Statistics: 
 measurement option: write
 nSamples: 1, time interval: 6.64005e-08
 nAverages: 15060, time interval: 0.00099999153
 total no. of sampling steps: 0
 total no. of averaging Steps: 0


Selecting field: dsmcVolFields

TimeData Statistics: 
 measurement option: write
 nSamples: 1, time interval: 6.64005e-08
 nAverages: 15060, time interval: 0.00099999153
 total no. of sampling steps: 0
 total no. of averaging Steps: 0


Selecting field: dsmcVolFields

TimeData Statistics: 
 measurement option: write
 nSamples: 1, time interval: 6.64005e-08
 nAverages: 15060, time interval: 0.00099999153
 total no. of sampling steps: 0
 total no. of averaging Steps: 0


Selecting field: dsmcVolFields

TimeData Statistics: 
 measurement option: write
 nSamples: 1, time interval: 6.64005e-08
 nAverages: 15060, time interval: 0.00099999153
 total no. of sampling steps: 0
 total no. of averaging Steps: 0


Selecting field: dsmcVolFields

TimeData Statistics: 
 measurement option: write
 nSamples: 1, time interval: 6.64005e-08
 nAverages: 15060, time interval: 0.00099999153
 total no. of sampling steps: 0
 total no. of averaging Steps: 0


Selecting field: dsmcVolFields

TimeData Statistics: 
 measurement option: write
 nSamples: 1, time interval: 6.64005e-08
 nAverages: 15060, time interval: 0.00099999153
 total no. of sampling steps: 0
 total no. of averaging Steps: 0


Selecting field: dsmcVolFields

TimeData Statistics: 
 measurement option: write
 nSamples: 1, time interval: 6.64005e-08
 nAverages: 15060, time interval: 0.00099999153
 total no. of sampling steps: 0
 total no. of averaging Steps: 0


Selecting field: dsmcVolFields

TimeData Statistics: 
 measurement option: write
 nSamples: 1, time interval: 6.64005e-08
 nAverages: 15060, time interval: 0.00099999153
 total no. of sampling steps: 0
 total no. of averaging Steps: 0


Selecting field: dsmcVolFields

TimeData Statistics: 
 measurement option: write
 nSamples: 1, time interval: 6.64005e-08
 nAverages: 15060, time interval: 0.00099999153
 total no. of sampling steps: 0
 total no. of averaging Steps: 0


Selecting field: dsmcVolFields

TimeData Statistics: 
 measurement option: write
 nSamples: 1, time interval: 6.64005e-08
 nAverages: 15060, time interval: 0.00099999153
 total no. of sampling steps: 0
 total no. of averaging Steps: 0


Selecting field: dsmcVolFields

TimeData Statistics: 
 measurement option: write
 nSamples: 1, time interval: 6.64005e-08
 nAverages: 15060, time interval: 0.00099999153
 total no. of sampling steps: 0
 total no. of averaging Steps: 0


Selecting field: dsmcVolFields

TimeData Statistics: 
 measurement option: write
 nSamples: 1, time interval: 6.64005e-08
 nAverages: 15060, time interval: 0.00099999153
 total no. of sampling steps: 0
 total no. of averaging Steps: 0


Selecting field: dsmcVolFields

TimeData Statistics: 
 measurement option: write
 nSamples: 1, time interval: 6.64005e-08
 nAverages: 15060, time interval: 0.00099999153
 total no. of sampling steps: 0
 total no. of averaging Steps: 0


Selecting field: dsmcVolFields

TimeData Statistics: 
 measurement option: write
 nSamples: 1, time interval: 6.64005e-08
 nAverages: 15060, time interval: 0.00099999153
 total no. of sampling steps: 0
 total no. of averaging Steps: 0


Selecting field: dsmcVolFields

TimeData Statistics: 
 measurement option: write
 nSamples: 1, time interval: 6.64005e-08
 nAverages: 15060, time interval: 0.00099999153
 total no. of sampling steps: 0
 total no. of averaging Steps: 0


Selecting field: dsmcVolFields

TimeData Statistics: 
 measurement option: write
 nSamples: 1, time interval: 6.64005e-08
 nAverages: 15060, time interval: 0.00099999153
 total no. of sampling steps: 0
 total no. of averaging Steps: 0


Selecting field: dsmcVolFields

TimeData Statistics: 
 measurement option: write
 nSamples: 1, time interval: 6.64005e-08
 nAverages: 15060, time interval: 0.00099999153
 total no. of sampling steps: 0
 total no. of averaging Steps: 0


Selecting field: dsmcVolFields

TimeData Statistics: 
 measurement option: write
 nSamples: 1, time interval: 6.64005e-08
 nAverages: 15060, time interval: 0.00099999153
 total no. of sampling steps: 0
 total no. of averaging Steps: 0


Selecting field: dsmcVolFields

TimeData Statistics: 
 measurement option: write
 nSamples: 1, time interval: 6.64005e-08
 nAverages: 15060, time interval: 0.00099999153
 total no. of sampling steps: 0
 total no. of averaging Steps: 0


Selecting field: dsmcVolFields

TimeData Statistics: 
 measurement option: write
 nSamples: 1, time interval: 6.64005e-08
 nAverages: 15060, time interval: 0.00099999153
 total no. of sampling steps: 0
 total no. of averaging Steps: 0


Selecting field: dsmcVolFields

TimeData Statistics: 
 measurement option: write
 nSamples: 1, time interval: 6.64005e-08
 nAverages: 15060, time interval: 0.00099999153
 total no. of sampling steps: 0
 total no. of averaging Steps: 0


Selecting field: dsmcVolFields

TimeData Statistics: 
 measurement option: write
 nSamples: 1, time interval: 6.64005e-08
 nAverages: 15060, time interval: 0.00099999153
 total no. of sampling steps: 0
 total no. of averaging Steps: 0


Selecting field: dsmcVolFields

TimeData Statistics: 
 measurement option: write
 nSamples: 1, time interval: 6.64005e-08
 nAverages: 15060, time interval: 0.00099999153
 total no. of sampling steps: 0
 total no. of averaging Steps: 0


Creating the boundary models: 

Selecting dsmcPatchBoundaryModel dsmcDeletionPatch
Selecting dsmcPatchBoundaryModel dsmcDeletionPatch
Selecting dsmcPatchBoundaryModel dsmcDiffuseWallPatch
Selecting dsmcGeneralBoundaryModel dsmcFreeStreamInflowPatch
Selecting field: dsmcVolFields

TimeData Statistics: 
 measurement option: write
 nSamples: 1, time interval: 6.64005e-08
 nAverages: 15060, time interval: 0.00099999153
 total no. of sampling steps: 0
 total no. of averaging Steps: 0


Creating the boundary models: 

Selecting dsmcPatchBoundaryModel dsmcDeletionPatch
Selecting dsmcPatchBoundaryModel dsmcDeletionPatch
Selecting dsmcPatchBoundaryModel dsmcDiffuseWallPatch
Selecting dsmcGeneralBoundaryModel dsmcFreeStreamInflowPatch
Selecting field: dsmcVolFields

TimeData Statistics: 
 measurement option: write
 nSamples: 1, time interval: 6.64005e-08
 nAverages: 15060, time interval: 0.00099999153
 total no. of sampling steps: 0
 total no. of averaging Steps: 0


Selecting BinaryCollisionModel LarsenBorgnakkeVariableHardSphere

Creating dsmcReactions

Selecting the reaction model dissociationQK
Selecting the reaction model dissociationExchangeQK
Selecting the reaction model dissociationQK
Selecting the reaction model dissociationQK
Selecting the reaction model dissociationQK
Selecting the reaction model dissociationQK
Selecting the reaction model dissociationQK
Selecting the reaction model dissociationExchangeQK
Selecting the reaction model dissociationQK
Selecting the reaction model dissociationExchangeQK
Selecting the reaction model dissociationExchangeQK
Selecting the reaction model dissociationQK
Number of reactions created: 12
Selecting BinaryCollisionModel LarsenBorgnakkeVariableHardSphere

Creating dsmcReactions

Selecting the reaction model dissociationQK
Selecting the reaction model dissociationExchangeQK
Selecting the reaction model dissociationQK
Selecting the reaction model dissociationQK
Selecting the reaction model dissociationQK
Selecting the reaction model dissociationQK
Selecting the reaction model dissociationQK
Selecting the reaction model dissociationExchangeQK
Selecting the reaction model dissociationQK
Selecting the reaction model dissociationExchangeQK
Selecting the reaction model dissociationExchangeQK
Selecting the reaction model dissociationQK
Number of reactions created: 12
Selecting field: dsmcVolFields

TimeData Statistics: 
 measurement option: write
 nSamples: 1, time interval: 6.64005e-08
 nAverages: 15060, time interval: 0.00099999153
 total no. of sampling steps: 0
 total no. of averaging Steps: 0


Creating the boundary models: 

Selecting dsmcPatchBoundaryModel dsmcDeletionPatch
Selecting dsmcPatchBoundaryModel dsmcDeletionPatch
Selecting dsmcPatchBoundaryModel dsmcDiffuseWallPatch
Selecting dsmcGeneralBoundaryModel dsmcFreeStreamInflowPatch
Selecting field: dsmcVolFields

TimeData Statistics: 
 measurement option: write
 nSamples: 1, time interval: 6.64005e-08
 nAverages: 15060, time interval: 0.00099999153
 total no. of sampling steps: 0
 total no. of averaging Steps: 0


Creating the boundary models: 

Selecting dsmcPatchBoundaryModel dsmcDeletionPatch
Selecting dsmcPatchBoundaryModel dsmcDeletionPatch
Selecting dsmcPatchBoundaryModel dsmcDiffuseWallPatch
Selecting dsmcGeneralBoundaryModel dsmcFreeStreamInflowPatch
Selecting BinaryCollisionModel LarsenBorgnakkeVariableHardSphere

Creating dsmcReactions

Selecting the reaction model dissociationQK
Selecting the reaction model dissociationExchangeQK
Selecting the reaction model dissociationQK
Selecting the reaction model dissociationQK
Selecting the reaction model dissociationQK
Selecting the reaction model dissociationQK
Selecting the reaction model dissociationQK
Selecting the reaction model dissociationExchangeQK
Selecting the reaction model dissociationQK
Selecting the reaction model dissociationExchangeQK
Selecting the reaction model dissociationExchangeQK
Selecting the reaction model dissociationQK
Number of reactions created: 12
Selecting field: dsmcVolFields

TimeData Statistics: 
 measurement option: write
 nSamples: 1, time interval: 6.64005e-08
 nAverages: 15060, time interval: 0.00099999153
 total no. of sampling steps: 0
 total no. of averaging Steps: 0


Selecting BinaryCollisionModel LarsenBorgnakkeVariableHardSphere
Selecting field: dsmcVolFields

TimeData Statistics: 
 measurement option: write
 nSamples: 1, time interval: 6.64005e-08
 nAverages: 15060, time interval: 0.00099999153
 total no. of sampling steps: 0
 total no. of averaging Steps: 0



Creating dsmcReactions

Selecting the reaction model dissociationQK
Selecting the reaction model dissociationExchangeQK
Selecting the reaction model dissociationQK
Selecting the reaction model dissociationQK
Selecting the reaction model dissociationQK
Selecting the reaction model dissociationQK
Selecting the reaction model dissociationQK
Selecting the reaction model dissociationExchangeQK
Selecting the reaction model dissociationQK
Selecting the reaction model dissociationExchangeQK
Selecting the reaction model dissociationExchangeQK
Selecting the reaction model dissociationQK
Number of reactions created: 12
Creating the boundary models: 

Selecting dsmcPatchBoundaryModel dsmcDeletionPatch
Selecting dsmcPatchBoundaryModel dsmcDeletionPatch
Selecting dsmcPatchBoundaryModel dsmcDiffuseWallPatch
Selecting dsmcGeneralBoundaryModel dsmcFreeStreamInflowPatch
Selecting BinaryCollisionModel LarsenBorgnakkeVariableHardSphere

Creating dsmcReactions

Selecting the reaction model dissociationQK
Selecting the reaction model dissociationExchangeQK
Selecting the reaction model dissociationQK
Selecting the reaction model dissociationQK
Selecting the reaction model dissociationQK
Selecting the reaction model dissociationQK
Selecting the reaction model dissociationQK
Selecting the reaction model dissociationExchangeQK
Selecting the reaction model dissociationQK
Selecting the reaction model dissociationExchangeQK
Selecting the reaction model dissociationExchangeQK
Selecting the reaction model dissociationQK
Number of reactions created: 12
Creating the boundary models: 

Selecting dsmcPatchBoundaryModel dsmcDeletionPatch
Selecting dsmcPatchBoundaryModel dsmcDeletionPatch
Selecting dsmcPatchBoundaryModel dsmcDiffuseWallPatch
Selecting dsmcGeneralBoundaryModel dsmcFreeStreamInflowPatch
Creating the boundary models: 

Selecting dsmcPatchBoundaryModel dsmcDeletionPatch
Selecting dsmcPatchBoundaryModel dsmcDeletionPatch
Selecting dsmcPatchBoundaryModel dsmcDiffuseWallPatch
Selecting dsmcGeneralBoundaryModel dsmcFreeStreamInflowPatch
Selecting BinaryCollisionModel LarsenBorgnakkeVariableHardSphere

Creating dsmcReactions

Selecting the reaction model dissociationQK
Selecting the reaction model dissociationExchangeQK
Selecting the reaction model dissociationQK
Selecting the reaction model dissociationQK
Selecting the reaction model dissociationQK
Selecting the reaction model dissociationQK
Selecting the reaction model dissociationQK
Selecting the reaction model dissociationExchangeQK
Selecting the reaction model dissociationQK
Selecting the reaction model dissociationExchangeQK
Selecting the reaction model dissociationExchangeQK
Selecting the reaction model dissociationQK
Number of reactions created: 12
Creating the boundary models: 

Selecting dsmcPatchBoundaryModel dsmcDeletionPatch
Selecting dsmcPatchBoundaryModel dsmcDeletionPatch
Selecting dsmcPatchBoundaryModel dsmcDiffuseWallPatch
Selecting dsmcGeneralBoundaryModel dsmcFreeStreamInflowPatch
Selecting BinaryCollisionModel LarsenBorgnakkeVariableHardSphere

Creating dsmcReactions

Selecting the reaction model dissociationQK
Selecting the reaction model dissociationExchangeQK
Selecting the reaction model dissociationQK
Selecting the reaction model dissociationQK
Selecting the reaction model dissociationQK
Selecting the reaction model dissociationQK
Selecting the reaction model dissociationQK
Selecting the reaction model dissociationExchangeQK
Selecting the reaction model dissociationQK
Selecting the reaction model dissociationExchangeQK
Selecting the reaction model dissociationExchangeQK
Selecting the reaction model dissociationQK
Number of reactions created: 12
Selecting BinaryCollisionModel LarsenBorgnakkeVariableHardSphere

Creating dsmcReactions

Selecting the reaction model dissociationQK
Selecting the reaction model dissociationExchangeQK
Selecting the reaction model dissociationQK
Selecting the reaction model dissociationQK
Selecting the reaction model dissociationQK
Selecting the reaction model dissociationQK
Selecting the reaction model dissociationQK
Selecting the reaction model dissociationExchangeQK
Selecting the reaction model dissociationQK
Selecting the reaction model dissociationExchangeQK
Selecting the reaction model dissociationExchangeQK
Selecting the reaction model dissociationQK
Number of reactions created: 12

Constructing constant properties for
	N2
	O2
	NO
	N
	O

Constructing constant properties for
	N2
	O2
	NO
	N
	O

Constructing constant properties for
	N2
	O2
	NO
	N
	O

Constructing constant properties for
	N2
	O2
	NO
	N
	O

Constructing constant properties for
	N2
	O2
	NO
	N
	O

Constructing constant properties for
	N2
	O2
	NO
	N
	O
Selecting collisionPartnerSelectionModel noTimeCounter
Collision profile: collisionReduceOnlyOnOutput defaulted to true for replicatedMesh run
Collision profile: collisionOutputGlobalReduce defaulted to false for replicatedMesh run

Initialising the measurement fields

Initialising dsmcVolFields field
Initialising dsmcVolFields field
Initialising dsmcVolFields field
Initialising dsmcVolFields field

Constructing constant properties for
	N2
	O2
	NO
	N
	O
Initialising dsmcVolFields field
Initialising dsmcVolFields field

Constructing constant properties for
	N2
	O2
	NO
	N
	O
Selecting collisionPartnerSelectionModel noTimeCounter
Collision profile: collisionReduceOnlyOnOutput defaulted to true for replicatedMesh run
Collision profile: collisionOutputGlobalReduce defaulted to false for replicatedMesh run

Initialising the measurement fields

Initialising dsmcVolFields field
Initialising dsmcVolFields field
Initialising dsmcVolFields field
Selecting collisionPartnerSelectionModel noTimeCounter
Collision profile: collisionReduceOnlyOnOutput defaulted to true for replicatedMesh run
Collision profile: collisionOutputGlobalReduce defaulted to false for replicatedMesh run

Initialising the measurement fields

Initialising dsmcVolFields field
Initialising dsmcVolFields field
Initialising dsmcVolFields field
Initialising dsmcVolFields field
Initialising dsmcVolFields field
Initialising dsmcVolFields field
Initialising dsmcVolFields field
Initialising dsmcVolFields field
Initialising dsmcVolFields field
Selecting collisionPartnerSelectionModel noTimeCounter
Collision profile: collisionReduceOnlyOnOutput defaulted to true for replicatedMesh run
Collision profile: collisionOutputGlobalReduce defaulted to false for replicatedMesh run

Initialising the measurement fields

Initialising dsmcVolFields field
Initialising dsmcVolFields field
Initialising dsmcVolFields field
Initialising dsmcVolFields field
Initialising dsmcVolFields field
Initialising dsmcVolFields field
Selecting collisionPartnerSelectionModel noTimeCounter
Collision profile: collisionReduceOnlyOnOutput defaulted to true for replicatedMesh run
Collision profile: collisionOutputGlobalReduce defaulted to false for replicatedMesh run

Initialising the measurement fields

Initialising dsmcVolFields field
Initialising dsmcVolFields field
Selecting collisionPartnerSelectionModel noTimeCounter
Collision profile: collisionReduceOnlyOnOutput defaulted to true for replicatedMesh run
Collision profile: collisionOutputGlobalReduce defaulted to false for replicatedMesh run

Initialising the measurement fields

Initialising dsmcVolFields field
Initialising dsmcVolFields field
Initialising dsmcVolFields field
Initialising dsmcVolFields field
Initialising dsmcVolFields field
Initialising dsmcVolFields field
Initialising dsmcVolFields field
Initialising dsmcVolFields field
Initialising dsmcVolFields field
Initialising dsmcVolFields field
Selecting collisionPartnerSelectionModel noTimeCounter
Collision profile: collisionReduceOnlyOnOutput defaulted to true for replicatedMesh run
Collision profile: collisionOutputGlobalReduce defaulted to false for replicatedMesh run

Initialising the measurement fields

Initialising dsmcVolFields field
Initialising dsmcVolFields field
Initialising dsmcVolFields field
Initialising dsmcVolFields field
Initialising dsmcVolFields field
Initialising dsmcVolFields field
Selecting collisionPartnerSelectionModel noTimeCounter
Collision profile: collisionReduceOnlyOnOutput defaulted to true for replicatedMesh run
Collision profile: collisionOutputGlobalReduce defaulted to false for replicatedMesh run

Initialising the measurement fields

Initialising dsmcVolFields field
Initialising dsmcVolFields field
Initialising dsmcVolFields field
Initialising dsmcVolFields field
Initialising dsmcVolFields field
Initialising dsmcVolFields field
Replicated mesh: METIS decomposition complete, 60000 cells -> 8 ranks
Replicated mesh: rank 0 owns 7384 / 60000 cells
Local mesh: 7384 owned + 356 halo = 7740 / 60000 cells
Replicated mesh: no-Alltoall async migration enabled
Replicated mesh: flatTransfer=1 found=1
Replicated mesh: flat POD transfer enabled
Replicated mesh: writeMode=gathered
Phase C auto DLB: enabled (ParMETIS AdaptiveRepart), imbalanceThreshold=1.5, dlbSteps=50, sarSteps=50, triggerMode=legacyWindow, minGapSteps=50, checkCollective=allgather, particleGate=0, particleGateThreshold=1.5, skipPostDiag=0, adaptiveAlpha=0
Replicated mesh: initialized with 8 MPI ranks, migrate interval 10

Starting time loop

Replicated mesh: initial particle distribution

Replicated mesh: rank 0 kept 257860 parcels, deleted 1051233 non-owned parcels
Time = 6.64005e-07

    Collision global reduction skipped (rank 0 local diagnostics)
    Collisions                      = 3989
    Collision candidates           = 5158
    Collision acceptance rate      = 0.7733617681

    Number of DSMC particles        = 1330275
    Number of stuck particles       = 0
    Number of free particles        = 1330275
    Average linear kinetic energy   = 1.893407939e-19
    Average rotational energy       = 1.32410909e-21
    Average vibrational energy      = 7.024291368e-26
    Average electronic energy       = 0
    Total energy                    = 0.001521821083

Stage 1.0  ExecutionTime = 6.26 s  ClockTime = 7 s  Iteration 10 (0.15 s)

Time = 1.32801e-06

    Collision global reduction skipped (rank 0 local diagnostics)
    Collisions                      = 4142
    Collision candidates           = 5640
    Collision acceptance rate      = 0.7343971631

    Number of DSMC particles        = 1353905
    Number of stuck particles       = 0
    Number of free particles        = 1353905
    Average linear kinetic energy   = 1.865903112e-19
    Average rotational energy       = 1.541667519e-21
    Average vibrational energy      = 9.202259834e-26
    Average electronic energy       = 0
    Total energy                    = 0.001528277708

Stage 1.0  ExecutionTime = 7.68 s  ClockTime = 9 s  Iteration 20 (0.15 s)

Time = 1.992015e-06

    Collision global reduction skipped (rank 0 local diagnostics)
    Collisions                      = 4207
    Collision candidates           = 5937
    Collision acceptance rate      = 0.7086070406

    Number of DSMC particles        = 1377375
    Number of stuck particles       = 0
    Number of free particles        = 1377375
    Average linear kinetic energy   = 1.841465127e-19
    Average rotational energy       = 1.856974215e-21
    Average vibrational energy      = 1.5803487e-25
    Average electronic energy       = 0
    Total energy                    = 0.001537180623

Stage 1.0  ExecutionTime = 9.13 s  ClockTime = 10 s  Iteration 30 (0.15 s)

Time = 2.65602e-06

    Collision global reduction skipped (rank 0 local diagnostics)
    Collisions                      = 4102
    Collision candidates           = 5929
    Collision acceptance rate      = 0.6918536009

    Number of DSMC particles        = 1401013
    Number of stuck particles       = 0
    Number of free particles        = 1401013
    Average linear kinetic energy   = 1.819237444e-19
    Average rotational energy       = 2.24643596e-21
    Average vibrational energy      = 3.776895139e-25
    Average electronic energy       = 0
    Total energy                    = 0.001548152076

Stage 1.0  ExecutionTime = 10.7 s  ClockTime = 12 s  Iteration 40 (0.15 s)

Time = 3.320025e-06

    Collision global reduction skipped (rank 0 local diagnostics)
    Collisions                      = 4110
    Collision candidates           = 6051
    Collision acceptance rate      = 0.6792265741


Phase C auto DLB triggered (threshold) at step 50: sar=0 loadImbalance=1.541078314 threshold=1.5 particleMaxMin=1
Phase C ParMETIS weights: particles=1424401 activeCells=60000 maxCellParticles=243
Phase C ParMETIS: alpha=1 ncon=1 ubvec=[1.049999952] moveRatio=0.9077051948 (moveT=6.063039947s, collT=0.6164855s)
Phase C ParMETIS: AdaptiveRepart (60000 cells, 1 constraints, ubvec=1.049999952)
Replicated mesh: rank 0 owns 7532 / 60000 cells
Local mesh: 7532 owned + 588 halo = 8120 / 60000 cells
Phase C ParMETIS AdaptiveRepart: 54062 / 60000 cells changed (0.9010333333)
Phase C auto DLB complete: rebalance #1

    Number of DSMC particles        = 1424401
    Number of stuck particles       = 0
    Number of free particles        = 1424401
    Average linear kinetic energy   = 1.798863481e-19
    Average rotational energy       = 2.670203217e-21
    Average vibrational energy      = 3.933550896e-25
    Average electronic energy       = 0
    Total energy                    = 0.001560205767

Stage 1.0  ExecutionTime = 12.5 s  ClockTime = 14 s  Iteration 50 (0.3 s)

Time = 3.98403e-06

    Collision global reduction skipped (rank 0 local diagnostics)
    Collisions                      = 2494
    Collision candidates           = 3052
    Collision acceptance rate      = 0.8171690695

    Number of DSMC particles        = 1447704
    Number of stuck particles       = 0
    Number of free particles        = 1447704
    Average linear kinetic energy   = 1.779767447e-19
    Average rotational energy       = 3.080923072e-21
    Average vibrational energy      = 7.839365689e-25
    Average electronic energy       = 0
    Total energy                    = 0.001572714268

Stage 1.0  ExecutionTime = 13.99 s  ClockTime = 15 s  Iteration 60 (0.59 s)

Time = 4.648035e-06

    Collision global reduction skipped (rank 0 local diagnostics)
    Collisions                      = 2650
    Collision candidates           = 3486
    Collision acceptance rate      = 0.7601835915

    Number of DSMC particles        = 1471248
    Number of stuck particles       = 0
    Number of free particles        = 1471248
    Average linear kinetic energy   = 1.76195983e-19
    Average rotational energy       = 3.57871417e-21
    Average vibrational energy      = 9.512210491e-25
    Average electronic energy       = 0
    Total energy                    = 0.001586967379

Stage 1.0  ExecutionTime = 15.68 s  ClockTime = 17 s  Iteration 70 (0.68 s)

Time = 5.31204e-06

    Collision global reduction skipped (rank 0 local diagnostics)
    Collisions                      = 2637
    Collision candidates           = 3620
    Collision acceptance rate      = 0.7284530387

    Number of DSMC particles        = 1494386
    Number of stuck particles       = 0
    Number of free particles        = 1494386
    Average linear kinetic energy   = 1.745651628e-19
    Average rotational energy       = 4.083756049e-21
    Average vibrational energy      = 1.227574171e-24
    Average electronic energy       = 0
    Total energy                    = 0.001601833666

Stage 1.0  ExecutionTime = 17.51 s  ClockTime = 19 s  Iteration 80 (0.79 s)

Time = 5.976045e-06

    Collision global reduction skipped (rank 0 local diagnostics)
    Collisions                      = 2546
    Collision candidates           = 3648
    Collision acceptance rate      = 0.6979166667

    Number of DSMC particles        = 1517552
    Number of stuck particles       = 0
    Number of free particles        = 1517552
    Average linear kinetic energy   = 1.730287338e-19
    Average rotational energy       = 4.611057814e-21
    Average vibrational energy      = 1.229596144e-24
    Average electronic energy       = 0
    Total energy                    = 0.001617476922

Stage 1.0  ExecutionTime = 19.5 s  ClockTime = 20 s  Iteration 90 (0.86 s)

Time = 6.64005e-06

    Collision global reduction skipped (rank 0 local diagnostics)
    Collisions                      = 2582
    Collision candidates           = 3719
    Collision acceptance rate      = 0.6942726539


Phase C auto DLB triggered (threshold) at step 100: sar=0 loadImbalance=1.711313876 threshold=1.5 particleMaxMin=1
Phase C ParMETIS weights: particles=1540687 activeCells=60000 maxCellParticles=308
Phase C ParMETIS: alpha=1 ncon=1 ubvec=[1.049999952] moveRatio=0.9183354124 (moveT=10.67079923s, collT=0.948919541s)
Phase C ParMETIS: AdaptiveRepart (60000 cells, 1 constraints, ubvec=1.049999952)
Replicated mesh: rank 0 owns 7876 / 60000 cells
Local mesh: 7876 owned + 604 halo = 8480 / 60000 cells
Phase C ParMETIS AdaptiveRepart: 26582 / 60000 cells changed (0.4430333333)
Phase C auto DLB complete: rebalance #2

    Number of DSMC particles        = 1540687
    Number of stuck particles       = 0
    Number of free particles        = 1540687
    Average linear kinetic energy   = 1.715927695e-19
    Average rotational energy       = 5.138504813e-21
    Average vibrational energy      = 1.464189574e-24
    Average electronic energy       = 0
    Total energy                    = 0.001633738996

Stage 1.0  ExecutionTime = 21.76 s  ClockTime = 22 s  Iteration 100 (1.04 s)

Time = 7.304055e-06

    Collision global reduction skipped (rank 0 local diagnostics)
    Collisions                      = 2735
    Collision candidates           = 3924
    Collision acceptance rate      = 0.6969928644

    Number of DSMC particles        = 1563854
    Number of stuck particles       = 0
    Number of free particles        = 1563854
    Average linear kinetic energy   = 1.702987677e-19
    Average rotational energy       = 5.462769891e-21
    Average vibrational energy      = 1.641899724e-24
    Average electronic energy       = 0
    Total energy                    = 0.001649207707

Stage 1.0  ExecutionTime = 23.7 s  ClockTime = 24 s  Iteration 110 (0.66 s)

Time = 7.96806e-06

    Collision global reduction skipped (rank 0 local diagnostics)
    Collisions                      = 2680
    Collision candidates           = 4004
    Collision acceptance rate      = 0.6693306693

    Number of DSMC particles        = 1586715
    Number of stuck particles       = 0
    Number of free particles        = 1586715
    Average linear kinetic energy   = 1.689221649e-19
    Average rotational energy       = 5.936389308e-21
    Average vibrational energy      = 1.843651086e-24
    Average electronic energy       = 0
    Total energy                    = 0.001664721697

Stage 1.0  ExecutionTime = 25.93 s  ClockTime = 27 s  Iteration 120 (0.88 s)

Time = 8.632065e-06

    Collision global reduction skipped (rank 0 local diagnostics)
    Collisions                      = 2690
    Collision candidates           = 4067
    Collision acceptance rate      = 0.661421195

    Number of DSMC particles        = 1609142
    Number of stuck particles       = 0
    Number of free particles        = 1609142
    Average linear kinetic energy   = 1.67608982e-19
    Average rotational energy       = 6.433177901e-21
    Average vibrational energy      = 2.582205428e-24
    Average electronic energy       = 0
    Total energy                    = 0.001680376226

Stage 1.0  ExecutionTime = 28.32 s  ClockTime = 29 s  Iteration 130 (1.04 s)

Time = 9.29607e-06

    Collision global reduction skipped (rank 0 local diagnostics)
    Collisions                      = 2826
    Collision candidates           = 4383
    Collision acceptance rate      = 0.6447638604

    Number of DSMC particles        = 1631468
    Number of stuck particles       = 0
    Number of free particles        = 1631468
    Average linear kinetic energy   = 1.663819837e-19
    Average rotational energy       = 6.915634838e-21
    Average vibrational energy      = 3.272132748e-24
    Average electronic energy       = 0
    Total energy                    = 0.001696409145

Stage 1.0  ExecutionTime = 30.84 s  ClockTime = 32 s  Iteration 140 (1.13 s)

Time = 9.960075e-06

    Collision global reduction skipped (rank 0 local diagnostics)
    Collisions                      = 2822
    Collision candidates           = 4529
    Collision acceptance rate      = 0.6230956061


Phase C auto DLB triggered (threshold) at step 150: sar=0 loadImbalance=1.755315037 threshold=1.5 particleMaxMin=1
Phase C ParMETIS weights: particles=1653626 activeCells=60000 maxCellParticles=332
Phase C ParMETIS: alpha=1 ncon=1 ubvec=[1.049999952] moveRatio=0.9243062497 (moveT=16.3591537s, collT=1.339692007s)
Phase C ParMETIS: AdaptiveRepart (60000 cells, 1 constraints, ubvec=1.049999952)
Replicated mesh: rank 0 owns 2855 / 60000 cells
Local mesh: 2855 owned + 323 halo = 3178 / 60000 cells
Phase C ParMETIS AdaptiveRepart: 43591 / 60000 cells changed (0.7265166667)
Phase C auto DLB complete: rebalance #3

    Number of DSMC particles        = 1653626
    Number of stuck particles       = 0
    Number of free particles        = 1653626
    Average linear kinetic energy   = 1.652221394e-19
    Average rotational energy       = 7.399441721e-21
    Average vibrational energy      = 3.962234544e-24
    Average electronic energy       = 0
    Total energy                    = 0.001712748521

Stage 1.0  ExecutionTime = 33.65 s  ClockTime = 35 s  Iteration 150 (1.42 s)

Time = 1.062408e-05

    Collision global reduction skipped (rank 0 local diagnostics)
    Collisions                      = 54967
    Collision candidates           = 99196
    Collision acceptance rate      = 0.5541251663

    Number of DSMC particles        = 1675761
    Number of stuck particles       = 0
    Number of free particles        = 1675761
    Average linear kinetic energy   = 1.641971205e-19
    Average rotational energy       = 7.827268783e-21
    Average vibrational energy      = 4.243822063e-24
    Average electronic energy       = 0
    Total energy                    = 0.001729673245

Stage 1.0  ExecutionTime = 35.69 s  ClockTime = 37 s  Iteration 160 (0.74 s)

Time = 1.1288085e-05

    Collision global reduction skipped (rank 0 local diagnostics)
    Collisions                      = 57927
    Collision candidates           = 107652
    Collision acceptance rate      = 0.5380949727

    Number of DSMC particles        = 1697616
    Number of stuck particles       = 0
    Number of free particles        = 1697616
    Average linear kinetic energy   = 1.631867771e-19
    Average rotational energy       = 8.306895187e-21
    Average vibrational energy      = 4.784749727e-24
    Average electronic energy       = 0
    Total energy                    = 0.001746831148

Stage 1.0  ExecutionTime = 37.79 s  ClockTime = 39 s  Iteration 170 (0.56 s)

Time = 1.195209e-05

    Collision global reduction skipped (rank 0 local diagnostics)
    Collisions                      = 61204
    Collision candidates           = 115541
    Collision acceptance rate      = 0.5297167239

    Number of DSMC particles        = 1719223
    Number of stuck particles       = 0
    Number of free particles        = 1719223
    Average linear kinetic energy   = 1.622207737e-19
    Average rotational energy       = 8.774562802e-21
    Average vibrational energy      = 5.945123681e-24
    Average electronic energy       = 0
    Total energy                    = 0.001763936019

Stage 1.0  ExecutionTime = 39.93 s  ClockTime = 41 s  Iteration 180 (0.53 s)

Time = 1.2616095e-05

    Collision global reduction skipped (rank 0 local diagnostics)
    Collisions                      = 63862
    Collision candidates           = 121693
    Collision acceptance rate      = 0.5247795683

    Number of DSMC particles        = 1740419
    Number of stuck particles       = 0
    Number of free particles        = 1740419
    Average linear kinetic energy   = 1.612448782e-19
    Average rotational energy       = 9.233778186e-21
    Average vibrational energy      = 6.480170752e-24
    Average electronic energy       = 0
    Total energy                    = 0.001780293426

Stage 1.0  ExecutionTime = 42.2 s  ClockTime = 43 s  Iteration 190 (0.56 s)

Time = 1.32801e-05

    Collision global reduction skipped (rank 0 local diagnostics)
    Collisions                      = 66276
    Collision candidates           = 127692
    Collision acceptance rate      = 0.5190301663


Phase C auto DLB triggered (threshold) at step 200: sar=0 loadImbalance=1.502424517 threshold=1.5 particleMaxMin=1
Phase C ParMETIS weights: particles=1761496 activeCells=60000 maxCellParticles=349
Phase C ParMETIS: alpha=1 ncon=1 ubvec=[1.049999952] moveRatio=0.8407474528 (moveT=21.38268622s, collT=4.050261747s)
Phase C ParMETIS: AdaptiveRepart (60000 cells, 1 constraints, ubvec=1.049999952)
Replicated mesh: rank 0 owns 9221 / 60000 cells
Local mesh: 9221 owned + 815 halo = 10036 / 60000 cells
Phase C ParMETIS AdaptiveRepart: 50698 / 60000 cells changed (0.8449666667)
Phase C auto DLB complete: rebalance #4

    Number of DSMC particles        = 1761496
    Number of stuck particles       = 0
    Number of free particles        = 1761496
    Average linear kinetic energy   = 1.603204763e-19
    Average rotational energy       = 9.659577079e-21
    Average vibrational energy      = 6.985744319e-24
    Average electronic energy       = 0
    Total energy                    = 0.001796588937

Stage 1.0  ExecutionTime = 44.85 s  ClockTime = 46 s  Iteration 200 (0.82 s)

Time = 1.3944105e-05

    Collision global reduction skipped (rank 0 local diagnostics)
    Collisions                      = 5501
    Collision candidates           = 8745
    Collision acceptance rate      = 0.6290451687

    Number of DSMC particles        = 1782515
    Number of stuck particles       = 0
    Number of free particles        = 1782515
    Average linear kinetic energy   = 1.595125112e-19
    Average rotational energy       = 9.965006143e-21
    Average vibrational energy      = 7.269918896e-24
    Average electronic energy       = 0
    Total energy                    = 0.001812655054

Stage 1.0  ExecutionTime = 47.21 s  ClockTime = 48 s  Iteration 210 (0.94 s)

Time = 1.460811e-05

    Collision global reduction skipped (rank 0 local diagnostics)
    Collisions                      = 6004
    Collision candidates           = 9816
    Collision acceptance rate      = 0.6116544417

    Number of DSMC particles        = 1803043
    Number of stuck particles       = 0
    Number of free particles        = 1803043
    Average linear kinetic energy   = 1.586077038e-19
    Average rotational energy       = 1.04128934e-20
    Average vibrational energy      = 7.96312821e-24
    Average electronic energy       = 0
    Total energy                    = 0.001828594575

Stage 1.0  ExecutionTime = 49.6 s  ClockTime = 51 s  Iteration 220 (0.91 s)

Time = 1.5272115e-05

    Collision global reduction skipped (rank 0 local diagnostics)
    Collisions                      = 6392
    Collision candidates           = 10868
    Collision acceptance rate      = 0.5881486934

    Number of DSMC particles        = 1823472
    Number of stuck particles       = 0
    Number of free particles        = 1823472
    Average linear kinetic energy   = 1.577813043e-19
    Average rotational energy       = 1.081411433e-20
    Average vibrational energy      = 9.597758374e-24
    Average electronic energy       = 0
    Total energy                    = 0.001844679159

Stage 1.0  ExecutionTime = 52.13 s  ClockTime = 53 s  Iteration 230 (0.93 s)

Time = 1.593612e-05

    Collision global reduction skipped (rank 0 local diagnostics)
    Collisions                      = 6748
    Collision candidates           = 11712
    Collision acceptance rate      = 0.5761612022

    Number of DSMC particles        = 1843648
    Number of stuck particles       = 0
    Number of free particles        = 1843648
    Average linear kinetic energy   = 1.569494762e-19
    Average rotational energy       = 1.122117697e-20
    Average vibrational energy      = 1.087651436e-23
    Average electronic energy       = 0
    Total energy                    = 0.001860405245

Stage 1.0  ExecutionTime = 54.99 s  ClockTime = 56 s  Iteration 240 (1.01 s)

Time = 1.6600125e-05

    Collision global reduction skipped (rank 0 local diagnostics)
    Collisions                      = 7200
    Collision candidates           = 12663
    Collision acceptance rate      = 0.5685856432


Phase C auto DLB triggered (threshold) at step 250: sar=0 loadImbalance=1.889334947 threshold=1.5 particleMaxMin=1
Phase C ParMETIS weights: particles=1863245 activeCells=60000 maxCellParticles=362
Phase C ParMETIS: alpha=1 ncon=1 ubvec=[1.049999952] moveRatio=0.8556625183 (moveT=28.27095662s, collT=4.768887961s)
Phase C ParMETIS: AdaptiveRepart (60000 cells, 1 constraints, ubvec=1.049999952)
Replicated mesh: rank 0 owns 4086 / 60000 cells
Local mesh: 4086 owned + 276 halo = 4362 / 60000 cells
Phase C ParMETIS AdaptiveRepart: 43231 / 60000 cells changed (0.7205166667)
Phase C auto DLB complete: rebalance #5

    Number of DSMC particles        = 1863245
    Number of stuck particles       = 0
    Number of free particles        = 1863245
    Average linear kinetic energy   = 1.561670976e-19
    Average rotational energy       = 1.16178588e-20
    Average vibrational energy      = 1.187330324e-23
    Average electronic energy       = 0
    Total energy                    = 0.001875879623

Stage 1.0  ExecutionTime = 57.99 s  ClockTime = 59 s  Iteration 250 (1.24 s)

Time = 1.726413e-05

    Collision global reduction skipped (rank 0 local diagnostics)
    Collisions                      = 28198
    Collision candidates           = 47138
    Collision acceptance rate      = 0.5982010268

    Number of DSMC particles        = 1882611
    Number of stuck particles       = 0
    Number of free particles        = 1882611
    Average linear kinetic energy   = 1.554510596e-19
    Average rotational energy       = 1.193719098e-20
    Average vibrational energy      = 1.281687616e-23
    Average electronic energy       = 0
    Total energy                    = 0.001890906546

Stage 1.0  ExecutionTime = 60.62 s  ClockTime = 61 s  Iteration 260 (1.1 s)

Time = 1.7928135e-05

    Collision global reduction skipped (rank 0 local diagnostics)
    Collisions                      = 28975
    Collision candidates           = 49970
    Collision acceptance rate      = 0.5798479087

    Number of DSMC particles        = 1901750
    Number of stuck particles       = 0
    Number of free particles        = 1901750
    Average linear kinetic energy   = 1.546865422e-19
    Average rotational energy       = 1.228821866e-20
    Average vibrational energy      = 1.447104875e-23
    Average electronic energy       = 0
    Total energy                    = 0.001905430631

Stage 1.0  ExecutionTime = 63.22 s  ClockTime = 64 s  Iteration 270 (0.92 s)

Time = 1.859214e-05

    Collision global reduction skipped (rank 0 local diagnostics)
    Collisions                      = 30068
    Collision candidates           = 51813
    Collision acceptance rate      = 0.5803176809

    Number of DSMC particles        = 1921082
    Number of stuck particles       = 0
    Number of free particles        = 1921082
    Average linear kinetic energy   = 1.539420305e-19
    Average rotational energy       = 1.265822157e-20
    Average vibrational energy      = 1.684316791e-23
    Average electronic energy       = 0
    Total energy                    = 0.001920510615

Stage 1.0  ExecutionTime = 65.96 s  ClockTime = 67 s  Iteration 280 (0.98 s)

Time = 1.9256145e-05

    Collision global reduction skipped (rank 0 local diagnostics)
    Collisions                      = 30455
    Collision candidates           = 53333
    Collision acceptance rate      = 0.571034819

    Number of DSMC particles        = 1939957
    Number of stuck particles       = 0
    Number of free particles        = 1939957
    Average linear kinetic energy   = 1.532361319e-19
    Average rotational energy       = 1.301813445e-20
    Average vibrational energy      = 1.827433973e-23
    Average electronic energy       = 0
    Total energy                    = 0.001935369476

Stage 1.0  ExecutionTime = 68.83 s  ClockTime = 70 s  Iteration 290 (1.06 s)

Time = 1.992015e-05

    Collision global reduction skipped (rank 0 local diagnostics)
    Collisions                      = 30803
    Collision candidates           = 54471
    Collision acceptance rate      = 0.5654935654


Phase C auto DLB triggered (threshold) at step 300: sar=0 loadImbalance=1.871920567 threshold=1.5 particleMaxMin=1
Phase C auto DLB skipped near end at step 300: remainingSteps=0 minRemainingSteps=50
    Number of DSMC particles        = 1958789
    Number of stuck particles       = 0
    Number of free particles        = 1958789
    Average linear kinetic energy   = 1.525346908e-19
    Average rotational energy       = 1.335958393e-20
    Average vibrational energy      = 1.918688548e-23
    Average electronic energy       = 0
    Total energy                    = 0.001949936782

Stage 1.0  ExecutionTime = 72.01 s  ClockTime = 73 s  Iteration 300 (1.2 s)

End stage 1


DSMC solver profile summary
    solver profile steps          = 300
    move+collide wall [s]         = 64.71641332
    move only [s]                 = 52.34311918
    buildCellOccupancy [s]        = 5.27835767
    collision phase [s]           = 11.52732143
    post fields/output [s]        = 0.232003953
    total profiled [s]            = 69.38080223
    full evolve wall [s]          = 64.92950539
    move+collide cpu [s]          = 62.97
    move only cpu [s]             = 51.1
    buildCellOccupancy cpu [s]    = 5.15
    collision phase cpu [s]       = 11.16
    post fields/output cpu [s]    = 0.3
    total profiled cpu [s]        = 67.71
    full evolve cpu [s]           = 63.26
    collision localLoop max [s] = 11.507595
    collision reduce max [s]    = 0
    collision sigmaBC max [s]   = 0.019125613
    collision total max [s]     = 11.52589841
    collision accounted max [s] = 11.52531526
    collision residual max [s]  = 0.000627278
    collision subphase max sum [s] = 11.52672061
    collision cumulative global collisions = 40393919
    collision cumulative global candidates  = 73742677
    collision cumulative acceptance        = 0.5477685466
    OpenMP enabled                = 0
    OpenMP max threads            = 1
    OpenMP move                   = 0 (static, chunk 64)
    OpenMP collision              = dynamic, chunk 8


Replicated mesh profiling summary:
    migration calls             = 36
    migration wall time [s]     = 3.881696419
    local particles (final)     = 257462
    migration wall max [s]      = 4.104941978
    migration pack max [s]      = 0.670059133
    migration local prep max [s]= 0.268645115
    migration size exchange max [s] = 0
    migration request post max [s] = 0.011152811
    migration wait max [s]      = 3.037809792
    migration deserialize max [s] = 0.294737881
    migration post max [s]      = 0.063021303
    migration candidate gather max [s] = 0.205474899
    migration accounted max [s] = 4.104941978
    migration residual max [s]  = 8.881784197e-16
    updateParticleCounts max [s]= 0.016463527
    migration subphase max sum [s] = 4.550900934
    particles per rank          = min 222780 max 280291 max/min 1.25815154
    rank wall time (evolve, 300 steps): min 43.31 max 60.4 max/min 1.394597091
    Phase C auto DLB checks      = 300
    Phase C auto DLB rebalances = 5
    Phase C auto DLB triggered checks = 5
    Phase C auto DLB wall max [s]= 5.984115494
    Phase C auto DLB check max [s]= 5.253919627
    Phase C ParMETIS max [s]     = 0.182551748
    Phase C migration max [s]    = 0.597338949
    Phase C cellOwner write max [s] = 0
    Phase C post-diagnostic max [s] = 0.000340306
    Phase C auto DLB accounted max [s] = 6.03415063
    Phase C auto DLB residual max [s] = -0.050035136

Total Iterations = 300
End main

