/*---------------------------------------------------------------------------*\
| =========                 |                                                 |
| \\      /  F ield         | OpenFOAM: The Open Source CFD Toolbox           |
|  \\    /   O peration     | Version:  v1706                                 |
|   \\  /    A nd           | Web:      www.OpenFOAM.com                      |
|    \\/     M anipulation  |                                                 |
\*---------------------------------------------------------------------------*/
Build  : v1706
Arch   : "LSB;label=32;scalar=64"
Exec   : dsmcFoam+
Date   : Jun 16 2026
Time   : 04:24:26
Host   : "SuperXCX-ROG"
PID    : 396400
/*---------------------------------------------------------------------------*\
| =========                 |                                                 |
| \\      /  F ield         | OpenFOAM: The Open Source CFD Toolbox           |
|  \\    /   O peration     | Version:  v1706                                 |
|   \\  /    A nd           | Web:      www.OpenFOAM.com                      |
|    \\/     M anipulation  |                                                 |
\*---------------------------------------------------------------------------*/
Build  : v1706
Arch   : "LSB;label=32;scalar=64"
Exec   : dsmcFoam+
Date   : Jun 16 2026
Time   : 04:24:26
Host   : "SuperXCX-ROG"
PID    : 396399
/*---------------------------------------------------------------------------*\
| =========                 |                                                 |
| \\      /  F ield         | OpenFOAM: The Open Source CFD Toolbox           |
|  \\    /   O peration     | Version:  v1706                                 |
|   \\  /    A nd           | Web:      www.OpenFOAM.com                      |
|    \\/     M anipulation  |                                                 |
\*---------------------------------------------------------------------------*/
Build  : v1706
Arch   : "LSB;label=32;scalar=64"
Exec   : dsmcFoam+
Date   : Jun 16 2026
Time   : 04:24:26
Host   : "SuperXCX-ROG"
PID    : 396401
/*---------------------------------------------------------------------------*\
| =========                 |                                                 |
| \\      /  F ield         | OpenFOAM: The Open Source CFD Toolbox           |
|  \\    /   O peration     | Version:  v1706                                 |
|   \\  /    A nd           | Web:      www.OpenFOAM.com                      |
|    \\/     M anipulation  |                                                 |
\*---------------------------------------------------------------------------*/
Build  : v1706
Arch   : "LSB;label=32;scalar=64"
Exec   : dsmcFoam+
Date   : Jun 16 2026
Time   : 04:24:26
Host   : "SuperXCX-ROG"
PID    : 396403
/*---------------------------------------------------------------------------*\
| =========                 |                                                 |
| \\      /  F ield         | OpenFOAM: The Open Source CFD Toolbox           |
|  \\    /   O peration     | Version:  v1706                                 |
|   \\  /    A nd           | Web:      www.OpenFOAM.com                      |
|    \\/     M anipulation  |                                                 |
\*---------------------------------------------------------------------------*/
Build  : v1706
Arch   : "LSB;label=32;scalar=64"
Exec   : dsmcFoam+
Date   : Jun 16 2026
Time   : 04:24:26
Host   : "SuperXCX-ROG"
PID    : 396404
/*---------------------------------------------------------------------------*\
| =========                 |                                                 |
| \\      /  F ield         | OpenFOAM: The Open Source CFD Toolbox           |
|  \\    /   O peration     | Version:  v1706                                 |
|   \\  /    A nd           | Web:      www.OpenFOAM.com                      |
|    \\/     M anipulation  |                                                 |
\*---------------------------------------------------------------------------*/
Build  : v1706
Arch   : "LSB;label=32;scalar=64"
Exec   : dsmcFoam+
Date   : Jun 16 2026
Time   : 04:24:26
Host   : "SuperXCX-ROG"
PID    : 396406
Case   : /home/superxcx/code/OpenFoam/OF-1706/hyStrath_dlb/run/hyStrath/dsmcFoam+/xcx_test/zb-cylinder-react/mpi8
nProcs : 1
sigFpe : Enabling floating point exception trapping (FOAM_SIGFPE).
Case   : /home/superxcx/code/OpenFoam/OF-1706/hyStrath_dlb/run/hyStrath/dsmcFoam+/xcx_test/zb-cylinder-react/mpi8
nProcs : 1
sigFpe : Enabling floating point exception trapping (FOAM_SIGFPE).
fileModificationChecking : Monitoring run-time modified files using timeStampMaster (fileModificationSkew 10)
allowSystemOperations : Allowing user-supplied system call operations

// * * * * * * * * * * * * * * * * * * * * * * * * * * * * * * * * * * * * * //
Create time

Case   : /home/superxcx/code/OpenFoam/OF-1706/hyStrath_dlb/run/hyStrath/dsmcFoam+/xcx_test/zb-cylinder-react/mpi8
nProcs : 1
sigFpe : Enabling floating point exception trapping (FOAM_SIGFPE).
fileModificationChecking : Monitoring run-time modified files using timeStampMaster (fileModificationSkew 10)
allowSystemOperations : Allowing user-supplied system call operations

// * * * * * * * * * * * * * * * * * * * * * * * * * * * * * * * * * * * * * //
Create time

/*---------------------------------------------------------------------------*\
| =========                 |                                                 |
| \\      /  F ield         | OpenFOAM: The Open Source CFD Toolbox           |
|  \\    /   O peration     | Version:  v1706                                 |
|   \\  /    A nd           | Web:      www.OpenFOAM.com                      |
|    \\/     M anipulation  |                                                 |
\*---------------------------------------------------------------------------*/
Build  : v1706
Arch   : "LSB;label=32;scalar=64"
Exec   : dsmcFoam+
Date   : Jun 16 2026
Time   : 04:24:26
Host   : "SuperXCX-ROG"
PID    : 396402
Case   : /home/superxcx/code/OpenFoam/OF-1706/hyStrath_dlb/run/hyStrath/dsmcFoam+/xcx_test/zb-cylinder-react/mpi8
nProcs : 1
sigFpe : Enabling floating point exception trapping (FOAM_SIGFPE).
fileModificationChecking : Monitoring run-time modified files using timeStampMaster (fileModificationSkew 10)
allowSystemOperations : Allowing user-supplied system call operations

// * * * * * * * * * * * * * * * * * * * * * * * * * * * * * * * * * * * * * //
Create time

Case   : /home/superxcx/code/OpenFoam/OF-1706/hyStrath_dlb/run/hyStrath/dsmcFoam+/xcx_test/zb-cylinder-react/mpi8
nProcs : 1
sigFpe : Enabling floating point exception trapping (FOAM_SIGFPE).
fileModificationChecking : Monitoring run-time modified files using timeStampMaster (fileModificationSkew 10)
allowSystemOperations : Allowing user-supplied system call operations

// * * * * * * * * * * * * * * * * * * * * * * * * * * * * * * * * * * * * * //
Create time

fileModificationChecking : Monitoring run-time modified files using timeStampMaster (fileModificationSkew 10)
allowSystemOperations : Allowing user-supplied system call operations

// * * * * * * * * * * * * * * * * * * * * * * * * * * * * * * * * * * * * * //
Create time

Case   : /home/superxcx/code/OpenFoam/OF-1706/hyStrath_dlb/run/hyStrath/dsmcFoam+/xcx_test/zb-cylinder-react/mpi8
nProcs : 1
sigFpe : Enabling floating point exception trapping (FOAM_SIGFPE).
fileModificationChecking : Monitoring run-time modified files using timeStampMaster (fileModificationSkew 10)
allowSystemOperations : Allowing user-supplied system call operations

// * * * * * * * * * * * * * * * * * * * * * * * * * * * * * * * * * * * * * //
Create time

Case   : /home/superxcx/code/OpenFoam/OF-1706/hyStrath_dlb/run/hyStrath/dsmcFoam+/xcx_test/zb-cylinder-react/mpi8
nProcs : 1
sigFpe : Enabling floating point exception trapping (FOAM_SIGFPE).
fileModificationChecking : Monitoring run-time modified files using timeStampMaster (fileModificationSkew 10)
allowSystemOperations : Allowing user-supplied system call operations

// * * * * * * * * * * * * * * * * * * * * * * * * * * * * * * * * * * * * * //
Create time

Create mesh for time = 0

Create mesh for time = 0

Selecting dynamicFvMesh dynamicRefineFvMesh
Create mesh for time = 0

Selecting dynamicFvMesh dynamicRefineFvMesh
Create mesh for time = 0

Selecting dynamicFvMesh dynamicRefineFvMesh
Create mesh for time = 0

Selecting dynamicFvMesh dynamicRefineFvMesh
Create mesh for time = 0

Selecting dynamicFvMesh dynamicRefineFvMesh
Create mesh for time = 0

Selecting dynamicFvMesh dynamicRefineFvMesh
Selecting dynamicFvMesh dynamicRefineFvMesh
/*---------------------------------------------------------------------------*\
| =========                 |                                                 |
| \\      /  F ield         | OpenFOAM: The Open Source CFD Toolbox           |
|  \\    /   O peration     | Version:  v1706                                 |
|   \\  /    A nd           | Web:      www.OpenFOAM.com                      |
|    \\/     M anipulation  |                                                 |
\*---------------------------------------------------------------------------*/
Build  : v1706
Arch   : "LSB;label=32;scalar=64"
Exec   : dsmcFoam+
Date   : Jun 16 2026
Time   : 04:24:26
Host   : "SuperXCX-ROG"
PID    : 396405
Case   : /home/superxcx/code/OpenFoam/OF-1706/hyStrath_dlb/run/hyStrath/dsmcFoam+/xcx_test/zb-cylinder-react/mpi8
nProcs : 1
sigFpe : Enabling floating point exception trapping (FOAM_SIGFPE).
fileModificationChecking : Monitoring run-time modified files using timeStampMaster (fileModificationSkew 10)
allowSystemOperations : Allowing user-supplied system call operations

// * * * * * * * * * * * * * * * * * * * * * * * * * * * * * * * * * * * * * //
Create time

Create mesh for time = 0

Selecting dynamicFvMesh dynamicRefineFvMesh

Constructing dsmcCloud 

Constructing dsmcCloud 

Constructing dsmcCloud 

Constructing dsmcCloud 

Constructing dsmcCloud 

Constructing dsmcCloud 

Constructing dsmcCloud 

Constructing dsmcCloud 
Selecting the coordinate system model:	dsmcCartesian

Selecting the time-step model:	dsmcConstantTimeStepModel

Constant time-step model:
- time-step [sec]	6.64005e-08

Selecting the porous measurement model:	dsmcNoPorousMediumMeasurements


Creating dsmcControllers

Creating fields: 

Selecting field: dsmcVolFields

TimeData Statistics: 
 measurement option: write
 nSamples: 1, time interval: 6.64005e-08
 nAverages: 15060, time interval: 0.00099999153
 total no. of sampling steps: 0
 total no. of averaging Steps: 0


Selecting the coordinate system model:	dsmcCartesian

Selecting the time-step model:	dsmcConstantTimeStepModel

Constant time-step model:
- time-step [sec]	6.64005e-08

Selecting the porous measurement model:	dsmcNoPorousMediumMeasurements


Creating dsmcControllers

Creating fields: 

Selecting field: dsmcVolFields

TimeData Statistics: 
 measurement option: write
 nSamples: 1, time interval: 6.64005e-08
 nAverages: 15060, time interval: 0.00099999153
 total no. of sampling steps: 0
 total no. of averaging Steps: 0


Selecting the coordinate system model:	dsmcCartesian

Selecting the time-step model:	dsmcConstantTimeStepModel

Constant time-step model:
- time-step [sec]	6.64005e-08

Selecting the porous measurement model:	dsmcNoPorousMediumMeasurements


Creating dsmcControllers

Creating fields: 

Selecting field: dsmcVolFields

TimeData Statistics: 
 measurement option: write
 nSamples: 1, time interval: 6.64005e-08
 nAverages: 15060, time interval: 0.00099999153
 total no. of sampling steps: 0
 total no. of averaging Steps: 0


Selecting the coordinate system model:	dsmcCartesian

Selecting the time-step model:	dsmcConstantTimeStepModel

Constant time-step model:
- time-step [sec]	6.64005e-08

Selecting the porous measurement model:	dsmcNoPorousMediumMeasurements

Selecting the coordinate system model:	dsmcCartesian

Selecting the time-step model:	dsmcConstantTimeStepModel

Constant time-step model:
- time-step [sec]	6.64005e-08

Selecting the porous measurement model:	dsmcNoPorousMediumMeasurements


Creating dsmcControllers

Creating fields: 

Selecting field: dsmcVolFields

TimeData Statistics: 
 measurement option: write
 nSamples: 1, time interval: 6.64005e-08
 nAverages: 15060, time interval: 0.00099999153
 total no. of sampling steps: 0
 total no. of averaging Steps: 0


Selecting field: dsmcVolFields

TimeData Statistics: 
 measurement option: write
 nSamples: 1, time interval: 6.64005e-08
 nAverages: 15060, time interval: 0.00099999153
 total no. of sampling steps: 0
 total no. of averaging Steps: 0



Creating dsmcControllers

Creating fields: 

Selecting field: dsmcVolFields

TimeData Statistics: 
 measurement option: write
 nSamples: 1, time interval: 6.64005e-08
 nAverages: 15060, time interval: 0.00099999153
 total no. of sampling steps: 0
 total no. of averaging Steps: 0


Selecting the coordinate system model:	dsmcCartesian

Selecting the time-step model:	dsmcConstantTimeStepModel

Constant time-step model:
- time-step [sec]	6.64005e-08

Selecting the porous measurement model:	dsmcNoPorousMediumMeasurements

Selecting the coordinate system model:	dsmcCartesian

Selecting the time-step model:	dsmcConstantTimeStepModel

Constant time-step model:
- time-step [sec]	6.64005e-08

Selecting the porous measurement model:	dsmcNoPorousMediumMeasurements


Creating dsmcControllers


Creating dsmcControllers

Creating fields: 

Selecting field: dsmcVolFields

TimeData Statistics: 
 measurement option: write
 nSamples: 1, time interval: 6.64005e-08
 nAverages: 15060, time interval: 0.00099999153
 total no. of sampling steps: 0
 total no. of averaging Steps: 0


Creating fields: 

Selecting field: dsmcVolFields

TimeData Statistics: 
 measurement option: write
 nSamples: 1, time interval: 6.64005e-08
 nAverages: 15060, time interval: 0.00099999153
 total no. of sampling steps: 0
 total no. of averaging Steps: 0


Selecting field: dsmcVolFields

TimeData Statistics: 
 measurement option: write
 nSamples: 1, time interval: 6.64005e-08
 nAverages: 15060, time interval: 0.00099999153
 total no. of sampling steps: 0
 total no. of averaging Steps: 0


Selecting the coordinate system model:	dsmcCartesian

Selecting the time-step model:	dsmcConstantTimeStepModel

Constant time-step model:
- time-step [sec]	6.64005e-08

Selecting the porous measurement model:	dsmcNoPorousMediumMeasurements

Selecting field: dsmcVolFields

TimeData Statistics: 
 measurement option: write
 nSamples: 1, time interval: 6.64005e-08
 nAverages: 15060, time interval: 0.00099999153
 total no. of sampling steps: 0
 total no. of averaging Steps: 0



Creating dsmcControllers

Creating fields: 

Selecting field: dsmcVolFields

TimeData Statistics: 
 measurement option: write
 nSamples: 1, time interval: 6.64005e-08
 nAverages: 15060, time interval: 0.00099999153
 total no. of sampling steps: 0
 total no. of averaging Steps: 0


Selecting field: dsmcVolFields

TimeData Statistics: 
 measurement option: write
 nSamples: 1, time interval: 6.64005e-08
 nAverages: 15060, time interval: 0.00099999153
 total no. of sampling steps: 0
 total no. of averaging Steps: 0


Selecting field: dsmcVolFields

TimeData Statistics: 
 measurement option: write
 nSamples: 1, time interval: 6.64005e-08
 nAverages: 15060, time interval: 0.00099999153
 total no. of sampling steps: 0
 total no. of averaging Steps: 0


Selecting field: dsmcVolFields

TimeData Statistics: 
 measurement option: write
 nSamples: 1, time interval: 6.64005e-08
 nAverages: 15060, time interval: 0.00099999153
 total no. of sampling steps: 0
 total no. of averaging Steps: 0


Selecting field: dsmcVolFields

TimeData Statistics: 
 measurement option: write
 nSamples: 1, time interval: 6.64005e-08
 nAverages: 15060, time interval: 0.00099999153
 total no. of sampling steps: 0
 total no. of averaging Steps: 0


Selecting field: dsmcVolFields

TimeData Statistics: 
 measurement option: write
 nSamples: 1, time interval: 6.64005e-08
 nAverages: 15060, time interval: 0.00099999153
 total no. of sampling steps: 0
 total no. of averaging Steps: 0


Selecting field: dsmcVolFields

TimeData Statistics: 
 measurement option: write
 nSamples: 1, time interval: 6.64005e-08
 nAverages: 15060, time interval: 0.00099999153
 total no. of sampling steps: 0
 total no. of averaging Steps: 0


Selecting field: dsmcVolFields

TimeData Statistics: 
 measurement option: write
 nSamples: 1, time interval: 6.64005e-08
 nAverages: 15060, time interval: 0.00099999153
 total no. of sampling steps: 0
 total no. of averaging Steps: 0


Selecting field: dsmcVolFields

TimeData Statistics: 
 measurement option: write
 nSamples: 1, time interval: 6.64005e-08
 nAverages: 15060, time interval: 0.00099999153
 total no. of sampling steps: 0
 total no. of averaging Steps: 0


Selecting field: dsmcVolFields

TimeData Statistics: 
 measurement option: write
 nSamples: 1, time interval: 6.64005e-08
 nAverages: 15060, time interval: 0.00099999153
 total no. of sampling steps: 0
 total no. of averaging Steps: 0


Selecting field: dsmcVolFields

TimeData Statistics: 
 measurement option: write
 nSamples: 1, time interval: 6.64005e-08
 nAverages: 15060, time interval: 0.00099999153
 total no. of sampling steps: 0
 total no. of averaging Steps: 0


Selecting field: dsmcVolFields

TimeData Statistics: 
 measurement option: write
 nSamples: 1, time interval: 6.64005e-08
 nAverages: 15060, time interval: 0.00099999153
 total no. of sampling steps: 0
 total no. of averaging Steps: 0


Selecting field: dsmcVolFields

TimeData Statistics: 
 measurement option: write
 nSamples: 1, time interval: 6.64005e-08
 nAverages: 15060, time interval: 0.00099999153
 total no. of sampling steps: 0
 total no. of averaging Steps: 0


Selecting field: dsmcVolFields

TimeData Statistics: 
 measurement option: write
 nSamples: 1, time interval: 6.64005e-08
 nAverages: 15060, time interval: 0.00099999153
 total no. of sampling steps: 0
 total no. of averaging Steps: 0


Selecting field: dsmcVolFields

TimeData Statistics: 
 measurement option: write
 nSamples: 1, time interval: 6.64005e-08
 nAverages: 15060, time interval: 0.00099999153
 total no. of sampling steps: 0
 total no. of averaging Steps: 0


Selecting field: dsmcVolFields

TimeData Statistics: 
 measurement option: write
 nSamples: 1, time interval: 6.64005e-08
 nAverages: 15060, time interval: 0.00099999153
 total no. of sampling steps: 0
 total no. of averaging Steps: 0


Selecting field: dsmcVolFields

TimeData Statistics: 
 measurement option: write
 nSamples: 1, time interval: 6.64005e-08
 nAverages: 15060, time interval: 0.00099999153
 total no. of sampling steps: 0
 total no. of averaging Steps: 0


Selecting field: dsmcVolFields

TimeData Statistics: 
 measurement option: write
 nSamples: 1, time interval: 6.64005e-08
 nAverages: 15060, time interval: 0.00099999153
 total no. of sampling steps: 0
 total no. of averaging Steps: 0


Selecting field: dsmcVolFields

TimeData Statistics: 
 measurement option: write
 nSamples: 1, time interval: 6.64005e-08
 nAverages: 15060, time interval: 0.00099999153
 total no. of sampling steps: 0
 total no. of averaging Steps: 0


Selecting field: dsmcVolFields

TimeData Statistics: 
 measurement option: write
 nSamples: 1, time interval: 6.64005e-08
 nAverages: 15060, time interval: 0.00099999153
 total no. of sampling steps: 0
 total no. of averaging Steps: 0


Selecting field: dsmcVolFields

TimeData Statistics: 
 measurement option: write
 nSamples: 1, time interval: 6.64005e-08
 nAverages: 15060, time interval: 0.00099999153
 total no. of sampling steps: 0
 total no. of averaging Steps: 0


Selecting field: dsmcVolFields

TimeData Statistics: 
 measurement option: write
 nSamples: 1, time interval: 6.64005e-08
 nAverages: 15060, time interval: 0.00099999153
 total no. of sampling steps: 0
 total no. of averaging Steps: 0


Selecting field: dsmcVolFields

TimeData Statistics: 
 measurement option: write
 nSamples: 1, time interval: 6.64005e-08
 nAverages: 15060, time interval: 0.00099999153
 total no. of sampling steps: 0
 total no. of averaging Steps: 0


Selecting field: dsmcVolFields

TimeData Statistics: 
 measurement option: write
 nSamples: 1, time interval: 6.64005e-08
 nAverages: 15060, time interval: 0.00099999153
 total no. of sampling steps: 0
 total no. of averaging Steps: 0


Selecting field: dsmcVolFields

TimeData Statistics: 
 measurement option: write
 nSamples: 1, time interval: 6.64005e-08
 nAverages: 15060, time interval: 0.00099999153
 total no. of sampling steps: 0
 total no. of averaging Steps: 0


Selecting field: dsmcVolFields

TimeData Statistics: 
 measurement option: write
 nSamples: 1, time interval: 6.64005e-08
 nAverages: 15060, time interval: 0.00099999153
 total no. of sampling steps: 0
 total no. of averaging Steps: 0


Selecting field: dsmcVolFields

TimeData Statistics: 
 measurement option: write
 nSamples: 1, time interval: 6.64005e-08
 nAverages: 15060, time interval: 0.00099999153
 total no. of sampling steps: 0
 total no. of averaging Steps: 0


Selecting field: dsmcVolFields

TimeData Statistics: 
 measurement option: write
 nSamples: 1, time interval: 6.64005e-08
 nAverages: 15060, time interval: 0.00099999153
 total no. of sampling steps: 0
 total no. of averaging Steps: 0


Selecting field: dsmcVolFields

TimeData Statistics: 
 measurement option: write
 nSamples: 1, time interval: 6.64005e-08
 nAverages: 15060, time interval: 0.00099999153
 total no. of sampling steps: 0
 total no. of averaging Steps: 0


Selecting field: dsmcVolFields

TimeData Statistics: 
 measurement option: write
 nSamples: 1, time interval: 6.64005e-08
 nAverages: 15060, time interval: 0.00099999153
 total no. of sampling steps: 0
 total no. of averaging Steps: 0


Selecting field: dsmcVolFields

TimeData Statistics: 
 measurement option: write
 nSamples: 1, time interval: 6.64005e-08
 nAverages: 15060, time interval: 0.00099999153
 total no. of sampling steps: 0
 total no. of averaging Steps: 0


Selecting field: dsmcVolFields

TimeData Statistics: 
 measurement option: write
 nSamples: 1, time interval: 6.64005e-08
 nAverages: 15060, time interval: 0.00099999153
 total no. of sampling steps: 0
 total no. of averaging Steps: 0


Selecting field: dsmcVolFields

TimeData Statistics: 
 measurement option: write
 nSamples: 1, time interval: 6.64005e-08
 nAverages: 15060, time interval: 0.00099999153
 total no. of sampling steps: 0
 total no. of averaging Steps: 0


Creating the boundary models: 

Selecting dsmcPatchBoundaryModel dsmcDeletionPatch
Selecting dsmcPatchBoundaryModel dsmcDeletionPatch
Selecting dsmcPatchBoundaryModel dsmcDiffuseWallPatch
Selecting dsmcGeneralBoundaryModel dsmcFreeStreamInflowPatch
Selecting field: dsmcVolFields

TimeData Statistics: 
 measurement option: write
 nSamples: 1, time interval: 6.64005e-08
 nAverages: 15060, time interval: 0.00099999153
 total no. of sampling steps: 0
 total no. of averaging Steps: 0


Selecting field: dsmcVolFields

TimeData Statistics: 
 measurement option: write
 nSamples: 1, time interval: 6.64005e-08
 nAverages: 15060, time interval: 0.00099999153
 total no. of sampling steps: 0
 total no. of averaging Steps: 0


Selecting BinaryCollisionModel LarsenBorgnakkeVariableHardSphere

Creating dsmcReactions

Selecting the reaction model dissociationQK
Selecting the reaction model dissociationExchangeQK
Selecting the reaction model dissociationQK
Selecting the reaction model dissociationQK
Selecting the reaction model dissociationQK
Selecting the reaction model dissociationQK
Selecting the reaction model dissociationQK
Selecting the reaction model dissociationExchangeQK
Selecting the reaction model dissociationQK
Selecting the reaction model dissociationExchangeQK
Selecting the reaction model dissociationExchangeQK
Selecting the reaction model dissociationQK
Number of reactions created: 12
Selecting field: dsmcVolFields

TimeData Statistics: 
 measurement option: write
 nSamples: 1, time interval: 6.64005e-08
 nAverages: 15060, time interval: 0.00099999153
 total no. of sampling steps: 0
 total no. of averaging Steps: 0


Creating the boundary models: 

Selecting dsmcPatchBoundaryModel dsmcDeletionPatch
Selecting dsmcPatchBoundaryModel dsmcDeletionPatch
Selecting dsmcPatchBoundaryModel dsmcDiffuseWallPatch
Selecting dsmcGeneralBoundaryModel dsmcFreeStreamInflowPatch
Selecting field: dsmcVolFields

TimeData Statistics: 
 measurement option: write
 nSamples: 1, time interval: 6.64005e-08
 nAverages: 15060, time interval: 0.00099999153
 total no. of sampling steps: 0
 total no. of averaging Steps: 0


Creating the boundary models: 

Selecting dsmcPatchBoundaryModel dsmcDeletionPatch
Selecting dsmcPatchBoundaryModel dsmcDeletionPatch
Selecting dsmcPatchBoundaryModel dsmcDiffuseWallPatch
Selecting dsmcGeneralBoundaryModel dsmcFreeStreamInflowPatch
Selecting field: dsmcVolFields

TimeData Statistics: 
 measurement option: write
 nSamples: 1, time interval: 6.64005e-08
 nAverages: 15060, time interval: 0.00099999153
 total no. of sampling steps: 0
 total no. of averaging Steps: 0


Selecting BinaryCollisionModel LarsenBorgnakkeVariableHardSphere

Creating dsmcReactions

Selecting the reaction model dissociationQK
Selecting the reaction model dissociationExchangeQK
Selecting the reaction model dissociationQK
Selecting the reaction model dissociationQK
Selecting the reaction model dissociationQK
Selecting the reaction model dissociationQK
Selecting the reaction model dissociationQK
Selecting the reaction model dissociationExchangeQK
Selecting the reaction model dissociationQK
Selecting the reaction model dissociationExchangeQK
Selecting the reaction model dissociationExchangeQK
Selecting the reaction model dissociationQK
Number of reactions created: 12
Selecting BinaryCollisionModel LarsenBorgnakkeVariableHardSphere

Creating dsmcReactions

Selecting the reaction model dissociationQK
Selecting the reaction model dissociationExchangeQK
Selecting the reaction model dissociationQK
Selecting the reaction model dissociationQK
Selecting the reaction model dissociationQK
Selecting the reaction model dissociationQK
Selecting the reaction model dissociationQK
Selecting the reaction model dissociationExchangeQK
Selecting the reaction model dissociationQK
Selecting the reaction model dissociationExchangeQK
Selecting the reaction model dissociationExchangeQK
Selecting the reaction model dissociationQK
Number of reactions created: 12
Creating the boundary models: 

Selecting dsmcPatchBoundaryModel dsmcDeletionPatch
Selecting dsmcPatchBoundaryModel dsmcDeletionPatch
Selecting dsmcPatchBoundaryModel dsmcDiffuseWallPatch
Selecting dsmcGeneralBoundaryModel dsmcFreeStreamInflowPatch
Creating the boundary models: 

Selecting dsmcPatchBoundaryModel dsmcDeletionPatch
Selecting dsmcPatchBoundaryModel dsmcDeletionPatch
Selecting dsmcPatchBoundaryModel dsmcDiffuseWallPatch
Selecting dsmcGeneralBoundaryModel dsmcFreeStreamInflowPatch
Selecting BinaryCollisionModel LarsenBorgnakkeVariableHardSphere

Creating dsmcReactions

Selecting the reaction model dissociationQK
Selecting the reaction model dissociationExchangeQK
Selecting the reaction model dissociationQK
Selecting the reaction model dissociationQK
Selecting the reaction model dissociationQK
Selecting the reaction model dissociationQK
Selecting the reaction model dissociationQK
Selecting the reaction model dissociationExchangeQK
Selecting the reaction model dissociationQK
Selecting the reaction model dissociationExchangeQK
Selecting the reaction model dissociationExchangeQK
Selecting the reaction model dissociationQK
Number of reactions created: 12
Selecting BinaryCollisionModel LarsenBorgnakkeVariableHardSphere

Creating dsmcReactions

Selecting the reaction model dissociationQK
Selecting the reaction model dissociationExchangeQK
Selecting the reaction model dissociationQK
Selecting the reaction model dissociationQK
Selecting the reaction model dissociationQK
Selecting the reaction model dissociationQK
Selecting the reaction model dissociationQK
Selecting the reaction model dissociationExchangeQK
Selecting the reaction model dissociationQK
Selecting the reaction model dissociationExchangeQK
Selecting the reaction model dissociationExchangeQK
Selecting the reaction model dissociationQK
Number of reactions created: 12
Creating the boundary models: 

Selecting dsmcPatchBoundaryModel dsmcDeletionPatch
Selecting dsmcPatchBoundaryModel dsmcDeletionPatch
Selecting dsmcPatchBoundaryModel dsmcDiffuseWallPatch
Selecting dsmcGeneralBoundaryModel dsmcFreeStreamInflowPatch
Creating the boundary models: 

Selecting dsmcPatchBoundaryModel dsmcDeletionPatch
Selecting dsmcPatchBoundaryModel dsmcDeletionPatch
Selecting dsmcPatchBoundaryModel dsmcDiffuseWallPatch
Selecting dsmcGeneralBoundaryModel dsmcFreeStreamInflowPatch
Creating the boundary models: 

Selecting dsmcPatchBoundaryModel dsmcDeletionPatch
Selecting dsmcPatchBoundaryModel dsmcDeletionPatch
Selecting dsmcPatchBoundaryModel dsmcDiffuseWallPatch
Selecting dsmcGeneralBoundaryModel dsmcFreeStreamInflowPatch
Selecting BinaryCollisionModel LarsenBorgnakkeVariableHardSphere

Creating dsmcReactions

Selecting the reaction model dissociationQK
Selecting the reaction model dissociationExchangeQK
Selecting the reaction model dissociationQK
Selecting the reaction model dissociationQK
Selecting the reaction model dissociationQK
Selecting the reaction model dissociationQK
Selecting the reaction model dissociationQK
Selecting the reaction model dissociationExchangeQK
Selecting the reaction model dissociationQK
Selecting the reaction model dissociationExchangeQK
Selecting the reaction model dissociationExchangeQK
Selecting the reaction model dissociationQK
Number of reactions created: 12
Selecting BinaryCollisionModel LarsenBorgnakkeVariableHardSphere

Creating dsmcReactions

Selecting the reaction model dissociationQK
Selecting the reaction model dissociationExchangeQK
Selecting the reaction model dissociationQK
Selecting the reaction model dissociationQK
Selecting the reaction model dissociationQK
Selecting the reaction model dissociationQK
Selecting the reaction model dissociationQK
Selecting the reaction model dissociationExchangeQK
Selecting the reaction model dissociationQK
Selecting the reaction model dissociationExchangeQK
Selecting the reaction model dissociationExchangeQK
Selecting the reaction model dissociationQK
Number of reactions created: 12
Selecting BinaryCollisionModel LarsenBorgnakkeVariableHardSphere

Creating dsmcReactions

Selecting the reaction model dissociationQK
Selecting the reaction model dissociationExchangeQK
Selecting the reaction model dissociationQK
Selecting the reaction model dissociationQK
Selecting the reaction model dissociationQK
Selecting the reaction model dissociationQK
Selecting the reaction model dissociationQK
Selecting the reaction model dissociationExchangeQK
Selecting the reaction model dissociationQK
Selecting the reaction model dissociationExchangeQK
Selecting the reaction model dissociationExchangeQK
Selecting the reaction model dissociationQK
Number of reactions created: 12

Constructing constant properties for
	N2
	O2
	NO
	N
	O

Constructing constant properties for
	N2
	O2
	NO
	N
	O

Constructing constant properties for
	N2
	O2
	NO
	N
	O

Constructing constant properties for
	N2
	O2
	NO
	N
	O

Constructing constant properties for
	N2
	O2
	NO
	N
	O

Constructing constant properties for
	N2
	O2
	NO
	N
	O

Constructing constant properties for
	N2
	O2
	NO
	N
	O

Constructing constant properties for
	N2
	O2
	NO
	N
	O
Selecting collisionPartnerSelectionModel noTimeCounter
Collision profile: collisionReduceOnlyOnOutput defaulted to true for replicatedMesh run
Collision profile: collisionOutputGlobalReduce defaulted to false for replicatedMesh run

Initialising the measurement fields

Initialising dsmcVolFields field
Initialising dsmcVolFields field
Initialising dsmcVolFields field
Initialising dsmcVolFields field
Initialising dsmcVolFields field
Initialising dsmcVolFields field
Selecting collisionPartnerSelectionModel noTimeCounter
Collision profile: collisionReduceOnlyOnOutput defaulted to true for replicatedMesh run
Collision profile: collisionOutputGlobalReduce defaulted to false for replicatedMesh run

Initialising the measurement fields

Initialising dsmcVolFields field
Initialising dsmcVolFields field
Initialising dsmcVolFields field
Initialising dsmcVolFields field
Initialising dsmcVolFields field
Initialising dsmcVolFields field
Selecting collisionPartnerSelectionModel noTimeCounter
Collision profile: collisionReduceOnlyOnOutput defaulted to true for replicatedMesh run
Collision profile: collisionOutputGlobalReduce defaulted to false for replicatedMesh run

Initialising the measurement fields

Initialising dsmcVolFields field
Selecting collisionPartnerSelectionModel noTimeCounter
Collision profile: collisionReduceOnlyOnOutput defaulted to true for replicatedMesh run
Collision profile: collisionOutputGlobalReduce defaulted to false for replicatedMesh run

Initialising the measurement fields

Initialising dsmcVolFields field
Initialising dsmcVolFields field
Initialising dsmcVolFields field
Initialising dsmcVolFields field
Initialising dsmcVolFields field
Initialising dsmcVolFields field
Initialising dsmcVolFields field
Initialising dsmcVolFields field
Initialising dsmcVolFields field
Initialising dsmcVolFields field
Initialising dsmcVolFields field
Selecting collisionPartnerSelectionModel noTimeCounter
Collision profile: collisionReduceOnlyOnOutput defaulted to true for replicatedMesh run
Collision profile: collisionOutputGlobalReduce defaulted to false for replicatedMesh run

Initialising the measurement fields

Initialising dsmcVolFields field
Initialising dsmcVolFields field
Initialising dsmcVolFields field
Initialising dsmcVolFields field
Initialising dsmcVolFields field
Initialising dsmcVolFields field
Selecting collisionPartnerSelectionModel noTimeCounter
Collision profile: collisionReduceOnlyOnOutput defaulted to true for replicatedMesh run
Collision profile: collisionOutputGlobalReduce defaulted to false for replicatedMesh run

Initialising the measurement fields

Initialising dsmcVolFields field
Initialising dsmcVolFields field
Selecting collisionPartnerSelectionModel noTimeCounter
Collision profile: collisionReduceOnlyOnOutput defaulted to true for replicatedMesh run
Collision profile: collisionOutputGlobalReduce defaulted to false for replicatedMesh run

Initialising the measurement fields

Initialising dsmcVolFields field
Initialising dsmcVolFields field
Initialising dsmcVolFields field
Initialising dsmcVolFields field
Initialising dsmcVolFields field
Initialising dsmcVolFields field
Initialising dsmcVolFields field
Initialising dsmcVolFields field
Initialising dsmcVolFields field
Initialising dsmcVolFields field
Selecting collisionPartnerSelectionModel noTimeCounter
Collision profile: collisionReduceOnlyOnOutput defaulted to true for replicatedMesh run
Collision profile: collisionOutputGlobalReduce defaulted to false for replicatedMesh run

Initialising the measurement fields

Initialising dsmcVolFields field
Initialising dsmcVolFields field
Initialising dsmcVolFields field
Initialising dsmcVolFields field
Initialising dsmcVolFields field
Initialising dsmcVolFields field
Replicated mesh: METIS decomposition complete, 60000 cells -> 8 ranks
Replicated mesh: rank 0 owns 7384 / 60000 cells
Local mesh: 7384 owned + 356 halo = 7740 / 60000 cells
Replicated mesh: no-Alltoall async migration enabled
Replicated mesh: flatTransfer=1 found=1
Replicated mesh: flat POD transfer enabled
Replicated mesh: writeMode=gathered
Phase C auto DLB: enabled (ParMETIS AdaptiveRepart), imbalanceThreshold=1.5, dlbSteps=50, sarSteps=50, triggerMode=legacyWindow, minGapSteps=50, checkCollective=allgather, particleGate=0, particleGateThreshold=1.5, skipPostDiag=0, adaptiveAlpha=0
Replicated mesh: initialized with 8 MPI ranks, migrate interval 10

Starting time loop

Replicated mesh: initial particle distribution

Replicated mesh: rank 0 kept 257862 parcels, deleted 1051233 non-owned parcels
Time = 6.64005e-07

    Collision global reduction skipped (rank 0 local diagnostics)
    Collisions                      = 4021
    Collision candidates           = 5114
    Collision acceptance rate      = 0.7862729761

    Number of DSMC particles        = 1330285
    Number of stuck particles       = 0
    Number of free particles        = 1330285
    Average linear kinetic energy   = 1.89346076e-19
    Average rotational energy       = 1.330414993e-21
    Average vibrational energy      = 9.365651421e-26
    Average electronic energy       = 0
    Total energy                    = 0.001521925203

Stage 1.0  ExecutionTime = 6.19 s  ClockTime = 7 s  Iteration 10 (0.13 s)

Time = 1.32801e-06

    Collision global reduction skipped (rank 0 local diagnostics)
    Collisions                      = 4087
    Collision candidates           = 5591
    Collision acceptance rate      = 0.730996244

    Number of DSMC particles        = 1353957
    Number of stuck particles       = 0
    Number of free particles        = 1353957
    Average linear kinetic energy   = 1.866021865e-19
    Average rotational energy       = 1.549773664e-21
    Average vibrational energy      = 1.493984163e-25
    Average electronic energy       = 0
    Total energy                    = 0.001528499195

Stage 1.0  ExecutionTime = 7.59 s  ClockTime = 8 s  Iteration 20 (0.19 s)

Time = 1.992015e-06

    Collision global reduction skipped (rank 0 local diagnostics)
    Collisions                      = 4072
    Collision candidates           = 5844
    Collision acceptance rate      = 0.6967830253

    Number of DSMC particles        = 1377459
    Number of stuck particles       = 0
    Number of free particles        = 1377459
    Average linear kinetic energy   = 1.841139346e-19
    Average rotational energy       = 1.867141185e-21
    Average vibrational energy      = 1.808980971e-25
    Average electronic energy       = 0
    Total energy                    = 0.001537089335

Stage 1.0  ExecutionTime = 9.04 s  ClockTime = 10 s  Iteration 30 (0.16 s)

Time = 2.65602e-06

    Collision global reduction skipped (rank 0 local diagnostics)
    Collisions                      = 4147
    Collision candidates           = 5983
    Collision acceptance rate      = 0.6931305365

    Number of DSMC particles        = 1401105
    Number of stuck particles       = 0
    Number of free particles        = 1401105
    Average linear kinetic energy   = 1.818944689e-19
    Average rotational energy       = 2.251272854e-21
    Average vibrational energy      = 1.556144957e-25
    Average electronic energy       = 0
    Total energy                    = 0.001548046425

Stage 1.0  ExecutionTime = 10.58 s  ClockTime = 11 s  Iteration 40 (0.17 s)

Time = 3.320025e-06

    Collision global reduction skipped (rank 0 local diagnostics)
    Collisions                      = 4106
    Collision candidates           = 6112
    Collision acceptance rate      = 0.6717931937


Phase C auto DLB triggered (threshold) at step 50: sar=0 loadImbalance=1.513433798 threshold=1.5 particleMaxMin=1
Phase C ParMETIS weights: particles=1424317 activeCells=60000 maxCellParticles=253
Phase C ParMETIS: alpha=1 ncon=1 ubvec=[1.049999952] moveRatio=0.9065319844 (moveT=5.998875737s, collT=0.618514317s)
Phase C ParMETIS: AdaptiveRepart (60000 cells, 1 constraints, ubvec=1.049999952)
Replicated mesh: rank 0 owns 11719 / 60000 cells
Local mesh: 11719 owned + 704 halo = 12423 / 60000 cells
Phase C ParMETIS AdaptiveRepart: 50396 / 60000 cells changed (0.8399333333)
Phase C auto DLB complete: rebalance #1

    Number of DSMC particles        = 1424317
    Number of stuck particles       = 0
    Number of free particles        = 1424317
    Average linear kinetic energy   = 1.798538823e-19
    Average rotational energy       = 2.681771545e-21
    Average vibrational energy      = 2.405518603e-25
    Average electronic energy       = 0
    Total energy                    = 0.001559933865

Stage 1.0  ExecutionTime = 12.41 s  ClockTime = 12 s  Iteration 50 (0.32 s)

Time = 3.98403e-06

    Collision global reduction skipped (rank 0 local diagnostics)
    Collisions                      = 2236
    Collision candidates           = 2563
    Collision acceptance rate      = 0.8724151385

    Number of DSMC particles        = 1447633
    Number of stuck particles       = 0
    Number of free particles        = 1447633
    Average linear kinetic energy   = 1.779598603e-19
    Average rotational energy       = 3.067403532e-21
    Average vibrational energy      = 5.594194551e-25
    Average electronic energy       = 0
    Total energy                    = 0.001572371105

Stage 1.0  ExecutionTime = 14.06 s  ClockTime = 14 s  Iteration 60 (0.4 s)

Time = 4.648035e-06

    Collision global reduction skipped (rank 0 local diagnostics)
    Collisions                      = 2462
    Collision candidates           = 3141
    Collision acceptance rate      = 0.7838268067

    Number of DSMC particles        = 1471273
    Number of stuck particles       = 0
    Number of free particles        = 1471273
    Average linear kinetic energy   = 1.76187654e-19
    Average rotational energy       = 3.572223338e-21
    Average vibrational energy      = 6.244053303e-25
    Average electronic energy       = 0
    Total energy                    = 0.001586860636

Stage 1.0  ExecutionTime = 15.8 s  ClockTime = 16 s  Iteration 70 (0.31 s)

Time = 5.31204e-06

    Collision global reduction skipped (rank 0 local diagnostics)
    Collisions                      = 2466
    Collision candidates           = 3384
    Collision acceptance rate      = 0.7287234043

    Number of DSMC particles        = 1494332
    Number of stuck particles       = 0
    Number of free particles        = 1494332
    Average linear kinetic energy   = 1.745619216e-19
    Average rotational energy       = 4.091265479e-21
    Average vibrational energy      = 1.125081386e-24
    Average electronic energy       = 0
    Total energy                    = 0.001601813134

Stage 1.0  ExecutionTime = 17.65 s  ClockTime = 18 s  Iteration 80 (0.36 s)

Time = 5.976045e-06

    Collision global reduction skipped (rank 0 local diagnostics)
    Collisions                      = 2519
    Collision candidates           = 3714
    Collision acceptance rate      = 0.6782444803

    Number of DSMC particles        = 1517760
    Number of stuck particles       = 0
    Number of free particles        = 1517760
    Average linear kinetic energy   = 1.730567056e-19
    Average rotational energy       = 4.584389454e-21
    Average vibrational energy      = 1.271890701e-24
    Average electronic energy       = 0
    Total energy                    = 0.001617710873

Stage 1.0  ExecutionTime = 19.69 s  ClockTime = 20 s  Iteration 90 (0.46 s)

Time = 6.64005e-06

    Collision global reduction skipped (rank 0 local diagnostics)
    Collisions                      = 2566
    Collision candidates           = 4128
    Collision acceptance rate      = 0.6216085271


Phase C auto DLB triggered (threshold) at step 100: sar=0 loadImbalance=1.846881449 threshold=1.5 particleMaxMin=1
Phase C ParMETIS weights: particles=1540622 activeCells=60000 maxCellParticles=305
Phase C ParMETIS: alpha=1 ncon=1 ubvec=[1.049999952] moveRatio=0.9375737564 (moveT=13.30824088s, collT=0.886099341s)
Phase C ParMETIS: AdaptiveRepart (60000 cells, 1 constraints, ubvec=1.049999952)
Replicated mesh: rank 0 owns 7158 / 60000 cells
Local mesh: 7158 owned + 554 halo = 7712 / 60000 cells
Phase C ParMETIS AdaptiveRepart: 38754 / 60000 cells changed (0.6459)
Phase C auto DLB complete: rebalance #2

    Number of DSMC particles        = 1540622
    Number of stuck particles       = 0
    Number of free particles        = 1540622
    Average linear kinetic energy   = 1.716342314e-19
    Average rotational energy       = 5.101850562e-21
    Average vibrational energy      = 1.718018113e-24
    Average electronic energy       = 0
    Total energy                    = 0.001633716857

Stage 1.0  ExecutionTime = 22.01 s  ClockTime = 22 s  Iteration 100 (0.63 s)

Time = 7.304055e-06

    Collision global reduction skipped (rank 0 local diagnostics)
    Collisions                      = 9606
    Collision candidates           = 14855
    Collision acceptance rate      = 0.6466509593

    Number of DSMC particles        = 1563801
    Number of stuck particles       = 0
    Number of free particles        = 1563801
    Average linear kinetic energy   = 1.703062634e-19
    Average rotational energy       = 5.463230639e-21
    Average vibrational energy      = 2.488346782e-24
    Average electronic energy       = 0
    Total energy                    = 0.001649234411

Stage 1.0  ExecutionTime = 23.99 s  ClockTime = 24 s  Iteration 110 (0.87 s)

Time = 7.96806e-06

    Collision global reduction skipped (rank 0 local diagnostics)
    Collisions                      = 10260
    Collision candidates           = 17126
    Collision acceptance rate      = 0.5990891043

    Number of DSMC particles        = 1586407
    Number of stuck particles       = 0
    Number of free particles        = 1586407
    Average linear kinetic energy   = 1.688935287e-19
    Average rotational energy       = 5.94383182e-21
    Average vibrational energy      = 2.72776386e-24
    Average electronic energy       = 0
    Total energy                    = 0.001664205239

Stage 1.0  ExecutionTime = 26.06 s  ClockTime = 26 s  Iteration 120 (0.85 s)

Time = 8.632065e-06

    Collision global reduction skipped (rank 0 local diagnostics)
    Collisions                      = 11266
    Collision candidates           = 19076
    Collision acceptance rate      = 0.5905850283

    Number of DSMC particles        = 1609213
    Number of stuck particles       = 0
    Number of free particles        = 1609213
    Average linear kinetic energy   = 1.676130788e-19
    Average rotational energy       = 6.425908125e-21
    Average vibrational energy      = 3.008363314e-24
    Average electronic energy       = 0
    Total energy                    = 0.001680423848

Stage 1.0  ExecutionTime = 28.24 s  ClockTime = 29 s  Iteration 130 (0.87 s)

Time = 9.29607e-06

    Collision global reduction skipped (rank 0 local diagnostics)
    Collisions                      = 12157
    Collision candidates           = 20799
    Collision acceptance rate      = 0.5844992548

    Number of DSMC particles        = 1631677
    Number of stuck particles       = 0
    Number of free particles        = 1631677
    Average linear kinetic energy   = 1.664020682e-19
    Average rotational energy       = 6.914118857e-21
    Average vibrational energy      = 3.37637441e-24
    Average electronic energy       = 0
    Total energy                    = 0.001696809272

Stage 1.0  ExecutionTime = 30.55 s  ClockTime = 31 s  Iteration 140 (0.92 s)

Time = 9.960075e-06

    Collision global reduction skipped (rank 0 local diagnostics)
    Collisions                      = 12877
    Collision candidates           = 22488
    Collision acceptance rate      = 0.5726165066


Phase C auto DLB triggered (threshold) at step 150: sar=0 loadImbalance=2.022516304 threshold=1.5 particleMaxMin=1
Phase C ParMETIS weights: particles=1653715 activeCells=60000 maxCellParticles=317
Phase C ParMETIS: alpha=1 ncon=1 ubvec=[1.049999952] moveRatio=0.9166211132 (moveT=18.58035162s, collT=1.69013021s)
Phase C ParMETIS: AdaptiveRepart (60000 cells, 1 constraints, ubvec=1.049999952)
Replicated mesh: rank 0 owns 10246 / 60000 cells
Local mesh: 10246 owned + 574 halo = 10820 / 60000 cells
Phase C ParMETIS AdaptiveRepart: 38018 / 60000 cells changed (0.6336333333)
Phase C auto DLB complete: rebalance #3

    Number of DSMC particles        = 1653715
    Number of stuck particles       = 0
    Number of free particles        = 1653715
    Average linear kinetic energy   = 1.652521793e-19
    Average rotational energy       = 7.437398622e-21
    Average vibrational energy      = 4.253852851e-24
    Average electronic energy       = 0
    Total energy                    = 0.00171351828

Stage 1.0  ExecutionTime = 33.13 s  ClockTime = 34 s  Iteration 150 (1.12 s)

Time = 1.062408e-05

    Collision global reduction skipped (rank 0 local diagnostics)
    Collisions                      = 33447
    Collision candidates           = 60128
    Collision acceptance rate      = 0.5562633049

    Number of DSMC particles        = 1675919
    Number of stuck particles       = 0
    Number of free particles        = 1675919
    Average linear kinetic energy   = 1.643331947e-19
    Average rotational energy       = 7.782522476e-21
    Average vibrational energy      = 4.290206518e-24
    Average electronic energy       = 0
    Total energy                    = 0.001730755144

Stage 1.0  ExecutionTime = 35.45 s  ClockTime = 36 s  Iteration 160 (0.62 s)

Time = 1.1288085e-05

    Collision global reduction skipped (rank 0 local diagnostics)
    Collisions                      = 35682
    Collision candidates           = 66140
    Collision acceptance rate      = 0.5394919867

    Number of DSMC particles        = 1697644
    Number of stuck particles       = 0
    Number of free particles        = 1697644
    Average linear kinetic energy   = 1.633124533e-19
    Average rotational energy       = 8.272390838e-21
    Average vibrational energy      = 4.996195287e-24
    Average electronic energy       = 0
    Total energy                    = 0.001747790777

Stage 1.0  ExecutionTime = 37.84 s  ClockTime = 38 s  Iteration 170 (0.47 s)

Time = 1.195209e-05

    Collision global reduction skipped (rank 0 local diagnostics)
    Collisions                      = 37881
    Collision candidates           = 71739
    Collision acceptance rate      = 0.5280391419

    Number of DSMC particles        = 1719082
    Number of stuck particles       = 0
    Number of free particles        = 1719082
    Average linear kinetic energy   = 1.622900873e-19
    Average rotational energy       = 8.729612544e-21
    Average vibrational energy      = 5.757975542e-24
    Average electronic energy       = 0
    Total energy                    = 0.001764040716

Stage 1.0  ExecutionTime = 40.26 s  ClockTime = 41 s  Iteration 180 (0.31 s)

Time = 1.2616095e-05

    Collision global reduction skipped (rank 0 local diagnostics)
    Collisions                      = 39768
    Collision candidates           = 76057
    Collision acceptance rate      = 0.5228710046

    Number of DSMC particles        = 1740456
    Number of stuck particles       = 0
    Number of free particles        = 1740456
    Average linear kinetic energy   = 1.613231628e-19
    Average rotational energy       = 9.168467744e-21
    Average vibrational energy      = 5.847297743e-24
    Average electronic energy       = 0
    Total energy                    = 0.00178046015

Stage 1.0  ExecutionTime = 42.78 s  ClockTime = 44 s  Iteration 190 (0.32 s)

Time = 1.32801e-05

    Collision global reduction skipped (rank 0 local diagnostics)
    Collisions                      = 41321
    Collision candidates           = 79398
    Collision acceptance rate      = 0.5204287262


Phase C auto DLB triggered (threshold) at step 200: sar=0 loadImbalance=1.97316136 threshold=1.5 particleMaxMin=1
Phase C ParMETIS weights: particles=1761847 activeCells=60000 maxCellParticles=356
Phase C ParMETIS: alpha=1 ncon=1 ubvec=[1.049999952] moveRatio=0.8832285658 (moveT=27.1721879s, collT=3.592428362s)
Phase C ParMETIS: AdaptiveRepart (60000 cells, 1 constraints, ubvec=1.049999952)
Replicated mesh: rank 0 owns 2558 / 60000 cells
Local mesh: 2558 owned + 264 halo = 2822 / 60000 cells
Phase C ParMETIS AdaptiveRepart: 43315 / 60000 cells changed (0.7219166667)
Phase C auto DLB complete: rebalance #4

    Number of DSMC particles        = 1761847
    Number of stuck particles       = 0
    Number of free particles        = 1761847
    Average linear kinetic energy   = 1.604392305e-19
    Average rotational energy       = 9.591440838e-21
    Average vibrational energy      = 6.464557775e-24
    Average electronic energy       = 0
    Total energy                    = 0.001797476507

Stage 1.0  ExecutionTime = 45.59 s  ClockTime = 46 s  Iteration 200 (0.45 s)

Time = 1.3944105e-05

    Collision global reduction skipped (rank 0 local diagnostics)
    Collisions                      = 67692
    Collision candidates           = 124712
    Collision acceptance rate      = 0.5427865803

    Number of DSMC particles        = 1782722
    Number of stuck particles       = 0
    Number of free particles        = 1782722
    Average linear kinetic energy   = 1.59614591e-19
    Average rotational energy       = 9.947049579e-21
    Average vibrational energy      = 7.626744422e-24
    Average electronic energy       = 0
    Total energy                    = 0.00181376918

Stage 1.0  ExecutionTime = 47.72 s  ClockTime = 48 s  Iteration 210 (0.36 s)

Time = 1.460811e-05

    Collision global reduction skipped (rank 0 local diagnostics)
    Collisions                      = 70433
    Collision candidates           = 132061
    Collision acceptance rate      = 0.5333368671

    Number of DSMC particles        = 1803001
    Number of stuck particles       = 0
    Number of free particles        = 1803001
    Average linear kinetic energy   = 1.587408971e-19
    Average rotational energy       = 1.038753184e-20
    Average vibrational energy      = 8.290947973e-24
    Average electronic energy       = 0
    Total energy                    = 0.00182972205

Stage 1.0  ExecutionTime = 49.98 s  ClockTime = 50 s  Iteration 220 (0.4 s)

Time = 1.5272115e-05

    Collision global reduction skipped (rank 0 local diagnostics)
    Collisions                      = 71975
    Collision candidates           = 137772
    Collision acceptance rate      = 0.5224211015

    Number of DSMC particles        = 1823597
    Number of stuck particles       = 0
    Number of free particles        = 1823597
    Average linear kinetic energy   = 1.579035607e-19
    Average rotational energy       = 1.083366153e-20
    Average vibrational energy      = 8.965525513e-24
    Average electronic energy       = 0
    Total energy                    = 0.00184635025

Stage 1.0  ExecutionTime = 52.51 s  ClockTime = 53 s  Iteration 230 (0.43 s)

Time = 1.593612e-05

    Collision global reduction skipped (rank 0 local diagnostics)
    Collisions                      = 74116
    Collision candidates           = 143167
    Collision acceptance rate      = 0.5176891323

    Number of DSMC particles        = 1843585
    Number of stuck particles       = 0
    Number of free particles        = 1843585
    Average linear kinetic energy   = 1.570952274e-19
    Average rotational energy       = 1.121509339e-20
    Average vibrational energy      = 1.001699081e-23
    Average electronic energy       = 0
    Total energy                    = 0.0018618771

Stage 1.0  ExecutionTime = 55 s  ClockTime = 55 s  Iteration 240 (0.42 s)

Time = 1.6600125e-05

    Collision global reduction skipped (rank 0 local diagnostics)
    Collisions                      = 74325
    Collision candidates           = 145562
    Collision acceptance rate      = 0.510607164

    Number of DSMC particles        = 1863608
    Number of stuck particles       = 0
    Number of free particles        = 1863608
    Average linear kinetic energy   = 1.563224127e-19
    Average rotational energy       = 1.160180881e-20
    Average vibrational energy      = 1.110332396e-23
    Average electronic energy       = 0
    Total energy                    = 0.001877793689

Stage 1.0  ExecutionTime = 57.61 s  ClockTime = 58 s  Iteration 250 (0.53 s)

Time = 1.726413e-05

    Collision global reduction skipped (rank 0 local diagnostics)
    Collisions                      = 76018
    Collision candidates           = 148406
    Collision acceptance rate      = 0.5122299637

    Number of DSMC particles        = 1883602
    Number of stuck particles       = 0
    Number of free particles        = 1883602
    Average linear kinetic energy   = 1.555582141e-19
    Average rotational energy       = 1.197781319e-20
    Average vibrational energy      = 1.178737115e-23
    Average electronic energy       = 0
    Total energy                    = 0.001893560392

Stage 1.0  ExecutionTime = 60.27 s  ClockTime = 61 s  Iteration 260 (0.57 s)

Time = 1.7928135e-05

    Collision global reduction skipped (rank 0 local diagnostics)
    Collisions                      = 76580
    Collision candidates           = 151313
    Collision acceptance rate      = 0.5061032429

    Number of DSMC particles        = 1903111
    Number of stuck particles       = 0
    Number of free particles        = 1903111
    Average linear kinetic energy   = 1.548590188e-19
    Average rotational energy       = 1.231662333e-20
    Average vibrational energy      = 1.338314471e-23
    Average electronic energy       = 0
    Total energy                    = 0.001909075638

Stage 1.0  ExecutionTime = 63 s  ClockTime = 64 s  Iteration 270 (0.56 s)

Time = 1.859214e-05

    Collision global reduction skipped (rank 0 local diagnostics)
    Collisions                      = 77474
    Collision candidates           = 154075
    Collision acceptance rate      = 0.5028330359

    Number of DSMC particles        = 1922195
    Number of stuck particles       = 0
    Number of free particles        = 1922195
    Average linear kinetic energy   = 1.541505069e-19
    Average rotational energy       = 1.267278662e-20
    Average vibrational energy      = 1.381592367e-23
    Average electronic energy       = 0
    Total energy                    = 0.001924160745

Stage 1.0  ExecutionTime = 65.9 s  ClockTime = 66 s  Iteration 280 (0.71 s)

Time = 1.9256145e-05

    Collision global reduction skipped (rank 0 local diagnostics)
    Collisions                      = 78726
    Collision candidates           = 157244
    Collision acceptance rate      = 0.5006613925

    Number of DSMC particles        = 1941300
    Number of stuck particles       = 0
    Number of free particles        = 1941300
    Average linear kinetic energy   = 1.534527371e-19
    Average rotational energy       = 1.301330421e-20
    Average vibrational energy      = 1.520290305e-23
    Average electronic energy       = 0
    Total energy                    = 0.001939140236

Stage 1.0  ExecutionTime = 68.9 s  ClockTime = 70 s  Iteration 290 (0.67 s)

Time = 1.992015e-05

    Collision global reduction skipped (rank 0 local diagnostics)
    Collisions                      = 80462
    Collision candidates           = 160357
    Collision acceptance rate      = 0.5017679303


Phase C auto DLB triggered (SAR+threshold) at step 300: sar=0.6265616155 loadImbalance=1.648242572 threshold=1.5 particleMaxMin=1
Phase C auto DLB skipped near end at step 300: remainingSteps=0 minRemainingSteps=50
    Number of DSMC particles        = 1960063
    Number of stuck particles       = 0
    Number of free particles        = 1960063
    Average linear kinetic energy   = 1.527709352e-19
    Average rotational energy       = 1.335804733e-20
    Average vibrational energy      = 1.599347792e-23
    Average electronic energy       = 0
    Total energy                    = 0.00195392772

Stage 1.0  ExecutionTime = 71.94 s  ClockTime = 73 s  Iteration 300 (0.68 s)

End stage 1


DSMC solver profile summary
    solver profile steps          = 300
    move+collide wall [s]         = 66.07096677
    move only [s]                 = 54.31273268
    buildCellOccupancy [s]        = 5.456147976
    collision phase [s]           = 10.68482634
    post fields/output [s]        = 0.211210515
    total profiled [s]            = 70.66491752
    full evolve wall [s]          = 66.27682377
    move+collide cpu [s]          = 64.32
    move only cpu [s]             = 52.88
    buildCellOccupancy cpu [s]    = 5.31
    collision phase cpu [s]       = 10.31
    post fields/output cpu [s]    = 0.23
    total profiled cpu [s]        = 68.73
    full evolve cpu [s]           = 64.54
    collision localLoop max [s] = 10.6639996
    collision reduce max [s]    = 0
    collision sigmaBC max [s]   = 0.018893219
    collision total max [s]     = 10.68342883
    collision accounted max [s] = 10.68289282
    collision residual max [s]  = 0.000654831
    collision subphase max sum [s] = 10.68289282
    collision cumulative global collisions = 40409736
    collision cumulative global candidates  = 74253572
    collision cumulative acceptance        = 0.5442126878
    OpenMP enabled                = 0
    OpenMP max threads            = 1
    OpenMP move                   = 0 (static, chunk 64)
    OpenMP collision              = dynamic, chunk 8


Replicated mesh profiling summary:
    migration calls             = 35
    migration wall time [s]     = 3.105183569
    local particles (final)     = 237914
    migration wall max [s]      = 4.088549512
    migration pack max [s]      = 0.648697663
    migration local prep max [s]= 0.242563877
    migration size exchange max [s] = 0
    migration request post max [s] = 0.012379562
    migration wait max [s]      = 3.080458032
    migration deserialize max [s] = 0.251500478
    migration post max [s]      = 0.010961106
    migration candidate gather max [s] = 0.235601163
    migration accounted max [s] = 4.088549512
    migration residual max [s]  = 8.881784197e-16
    updateParticleCounts max [s]= 0.023204438
    migration subphase max sum [s] = 4.482161881
    particles per rank          = min 212423 max 287089 max/min 1.351496778
    rank wall time (evolve, 300 steps): min 41.84 max 62.22 max/min 1.48709369
    Phase C auto DLB checks      = 300
    Phase C auto DLB rebalances = 4
    Phase C auto DLB triggered checks = 4
    Phase C auto DLB wall max [s]= 6.014259126
    Phase C auto DLB check max [s]= 5.452252599
    Phase C ParMETIS max [s]     = 0.151419402
    Phase C migration max [s]    = 0.457124793
    Phase C cellOwner write max [s] = 0
    Phase C post-diagnostic max [s] = 0.000307147
    Phase C auto DLB accounted max [s] = 6.061103941
    Phase C auto DLB residual max [s] = -0.046844815

Total Iterations = 300
End main

