/*---------------------------------------------------------------------------*\
| =========                 |                                                 |
| \\      /  F ield         | OpenFOAM: The Open Source CFD Toolbox           |
|  \\    /   O peration     | Version:  v1706                                 |
|   \\  /    A nd           | Web:      www.OpenFOAM.com                      |
|    \\/     M anipulation  |                                                 |
\*---------------------------------------------------------------------------*/
Build  : v1706
Arch   : "LSB;label=32;scalar=64"
Exec   : dsmcFoam+
Date   : Jun 16 2026
Time   : 04:17:27
Host   : "SuperXCX-ROG"
PID    : 385636
/*---------------------------------------------------------------------------*\
| =========                 |                                                 |
| \\      /  F ield         | OpenFOAM: The Open Source CFD Toolbox           |
|  \\    /   O peration     | Version:  v1706                                 |
|   \\  /    A nd           | Web:      www.OpenFOAM.com                      |
|    \\/     M anipulation  |                                                 |
\*---------------------------------------------------------------------------*/
Build  : v1706
Arch   : "LSB;label=32;scalar=64"
Exec   : dsmcFoam+
Date   : Jun 16 2026
Time   : 04:17:27
Host   : "SuperXCX-ROG"
PID    : 385637
/*---------------------------------------------------------------------------*\
| =========                 |                                                 |
| \\      /  F ield         | OpenFOAM: The Open Source CFD Toolbox           |
|  \\    /   O peration     | Version:  v1706                                 |
|   \\  /    A nd           | Web:      www.OpenFOAM.com                      |
|    \\/     M anipulation  |                                                 |
\*---------------------------------------------------------------------------*/
Build  : v1706
Arch   : "LSB;label=32;scalar=64"
Exec   : dsmcFoam+
Date   : Jun 16 2026
Time   : 04:17:27
Host   : "SuperXCX-ROG"
PID    : 385638
/*---------------------------------------------------------------------------*\
| =========                 |                                                 |
| \\      /  F ield         | OpenFOAM: The Open Source CFD Toolbox           |
|  \\    /   O peration     | Version:  v1706                                 |
|   \\  /    A nd           | Web:      www.OpenFOAM.com                      |
|    \\/     M anipulation  |                                                 |
\*---------------------------------------------------------------------------*/
Build  : v1706
Arch   : "LSB;label=32;scalar=64"
Exec   : dsmcFoam+
Date   : Jun 16 2026
Time   : 04:17:27
Host   : "SuperXCX-ROG"
PID    : 385640
/*---------------------------------------------------------------------------*\
| =========                 |                                                 |
| \\      /  F ield         | OpenFOAM: The Open Source CFD Toolbox           |
|  \\    /   O peration     | Version:  v1706                                 |
|   \\  /    A nd           | Web:      www.OpenFOAM.com                      |
|    \\/     M anipulation  |                                                 |
\*---------------------------------------------------------------------------*/
Build  : v1706
Arch   : "LSB;label=32;scalar=64"
Exec   : dsmcFoam+
Date   : Jun 16 2026
Time   : 04:17:27
Host   : "SuperXCX-ROG"
PID    : 385642
Case   : /home/superxcx/code/OpenFoam/OF-1706/hyStrath_dlb/run/hyStrath/dsmcFoam+/xcx_test/zb-cylinder-react/mpi8
nProcs : 1
Case   : /home/superxcx/code/OpenFoam/OF-1706/hyStrath_dlb/run/hyStrath/dsmcFoam+/xcx_test/zb-cylinder-react/mpi8
nProcs : 1
sigFpe : Enabling floating point exception trapping (FOAM_SIGFPE).
fileModificationChecking : Monitoring run-time modified files using timeStampMaster (fileModificationSkew 10)
allowSystemOperations : Allowing user-supplied system call operations

// * * * * * * * * * * * * * * * * * * * * * * * * * * * * * * * * * * * * * //
Create time

Case   : /home/superxcx/code/OpenFoam/OF-1706/hyStrath_dlb/run/hyStrath/dsmcFoam+/xcx_test/zb-cylinder-react/mpi8
nProcs : 1
sigFpe : Enabling floating point exception trapping (FOAM_SIGFPE).
fileModificationChecking : Monitoring run-time modified files using timeStampMaster (fileModificationSkew 10)
allowSystemOperations : Allowing user-supplied system call operations

// * * * * * * * * * * * * * * * * * * * * * * * * * * * * * * * * * * * * * //
Create time

/*---------------------------------------------------------------------------*\
| =========                 |                                                 |
| \\      /  F ield         | OpenFOAM: The Open Source CFD Toolbox           |
|  \\    /   O peration     | Version:  v1706                                 |
|   \\  /    A nd           | Web:      www.OpenFOAM.com                      |
|    \\/     M anipulation  |                                                 |
\*---------------------------------------------------------------------------*/
Build  : v1706
Arch   : "LSB;label=32;scalar=64"
Exec   : dsmcFoam+
Date   : Jun 16 2026
Time   : 04:17:27
Host   : "SuperXCX-ROG"
PID    : 385641
Case   : /home/superxcx/code/OpenFoam/OF-1706/hyStrath_dlb/run/hyStrath/dsmcFoam+/xcx_test/zb-cylinder-react/mpi8
nProcs : 1
sigFpe : Enabling floating point exception trapping (FOAM_SIGFPE).
fileModificationChecking : Monitoring run-time modified files using timeStampMaster (fileModificationSkew 10)
allowSystemOperations : Allowing user-supplied system call operations

// * * * * * * * * * * * * * * * * * * * * * * * * * * * * * * * * * * * * * //
Create time

/*---------------------------------------------------------------------------*\
| =========                 |                                                 |
| \\      /  F ield         | OpenFOAM: The Open Source CFD Toolbox           |
|  \\    /   O peration     | Version:  v1706                                 |
|   \\  /    A nd           | Web:      www.OpenFOAM.com                      |
|    \\/     M anipulation  |                                                 |
\*---------------------------------------------------------------------------*/
Build  : v1706
Arch   : "LSB;label=32;scalar=64"
Exec   : dsmcFoam+
Date   : Jun 16 2026
Time   : 04:17:27
Host   : "SuperXCX-ROG"
PID    : 385643
sigFpe : Enabling floating point exception trapping (FOAM_SIGFPE).
fileModificationChecking : Monitoring run-time modified files using timeStampMaster (fileModificationSkew 10)
allowSystemOperations : Allowing user-supplied system call operations

// * * * * * * * * * * * * * * * * * * * * * * * * * * * * * * * * * * * * * //
Create time

Case   : /home/superxcx/code/OpenFoam/OF-1706/hyStrath_dlb/run/hyStrath/dsmcFoam+/xcx_test/zb-cylinder-react/mpi8
nProcs : 1
sigFpe : Enabling floating point exception trapping (FOAM_SIGFPE).
fileModificationChecking : Monitoring run-time modified files using timeStampMaster (fileModificationSkew 10)
allowSystemOperations : Allowing user-supplied system call operations

// * * * * * * * * * * * * * * * * * * * * * * * * * * * * * * * * * * * * * //
Create time

Case   : /home/superxcx/code/OpenFoam/OF-1706/hyStrath_dlb/run/hyStrath/dsmcFoam+/xcx_test/zb-cylinder-react/mpi8
nProcs : 1
sigFpe : Enabling floating point exception trapping (FOAM_SIGFPE).
Case   : /home/superxcx/code/OpenFoam/OF-1706/hyStrath_dlb/run/hyStrath/dsmcFoam+/xcx_test/zb-cylinder-react/mpi8
nProcs : 1
sigFpe : Enabling floating point exception trapping (FOAM_SIGFPE).
fileModificationChecking : Monitoring run-time modified files using timeStampMaster (fileModificationSkew 10)
allowSystemOperations : Allowing user-supplied system call operations

// * * * * * * * * * * * * * * * * * * * * * * * * * * * * * * * * * * * * * //
Create time

fileModificationChecking : Monitoring run-time modified files using timeStampMaster (fileModificationSkew 10)
allowSystemOperations : Allowing user-supplied system call operations

// * * * * * * * * * * * * * * * * * * * * * * * * * * * * * * * * * * * * * //
Create time

Create mesh for time = 0

Create mesh for time = 0

Create mesh for time = 0

Selecting dynamicFvMesh dynamicRefineFvMesh
Create mesh for time = 0

Selecting dynamicFvMesh dynamicRefineFvMesh
Create mesh for time = 0

Selecting dynamicFvMesh dynamicRefineFvMesh
Selecting dynamicFvMesh dynamicRefineFvMesh
Create mesh for time = 0

Create mesh for time = 0

Selecting dynamicFvMesh dynamicRefineFvMesh
Selecting dynamicFvMesh dynamicRefineFvMesh
Selecting dynamicFvMesh dynamicRefineFvMesh
/*---------------------------------------------------------------------------*\
| =========                 |                                                 |
| \\      /  F ield         | OpenFOAM: The Open Source CFD Toolbox           |
|  \\    /   O peration     | Version:  v1706                                 |
|   \\  /    A nd           | Web:      www.OpenFOAM.com                      |
|    \\/     M anipulation  |                                                 |
\*---------------------------------------------------------------------------*/
Build  : v1706
Arch   : "LSB;label=32;scalar=64"
Exec   : dsmcFoam+
Date   : Jun 16 2026
Time   : 04:17:27
Host   : "SuperXCX-ROG"
PID    : 385639
Case   : /home/superxcx/code/OpenFoam/OF-1706/hyStrath_dlb/run/hyStrath/dsmcFoam+/xcx_test/zb-cylinder-react/mpi8
nProcs : 1
sigFpe : Enabling floating point exception trapping (FOAM_SIGFPE).
fileModificationChecking : Monitoring run-time modified files using timeStampMaster (fileModificationSkew 10)
allowSystemOperations : Allowing user-supplied system call operations

// * * * * * * * * * * * * * * * * * * * * * * * * * * * * * * * * * * * * * //
Create time

Create mesh for time = 0

Selecting dynamicFvMesh dynamicRefineFvMesh

Constructing dsmcCloud 

Constructing dsmcCloud 

Constructing dsmcCloud 

Constructing dsmcCloud 

Constructing dsmcCloud 

Constructing dsmcCloud 

Constructing dsmcCloud 

Constructing dsmcCloud 
Selecting the coordinate system model:	dsmcCartesian

Selecting the time-step model:	dsmcConstantTimeStepModel

Constant time-step model:
- time-step [sec]	6.64005e-08

Selecting the porous measurement model:	dsmcNoPorousMediumMeasurements


Creating dsmcControllers

Creating fields: 

Selecting field: dsmcVolFields

TimeData Statistics: 
 measurement option: write
 nSamples: 1, time interval: 6.64005e-08
 nAverages: 15060, time interval: 0.00099999153
 total no. of sampling steps: 0
 total no. of averaging Steps: 0


Selecting the coordinate system model:	dsmcCartesian

Selecting the time-step model:	dsmcConstantTimeStepModel

Constant time-step model:
- time-step [sec]	6.64005e-08

Selecting the porous measurement model:	dsmcNoPorousMediumMeasurements

Selecting field: dsmcVolFields

TimeData Statistics: 
 measurement option: write
 nSamples: 1, time interval: 6.64005e-08
 nAverages: 15060, time interval: 0.00099999153
 total no. of sampling steps: 0
 total no. of averaging Steps: 0



Creating dsmcControllers

Creating fields: 

Selecting field: dsmcVolFields

TimeData Statistics: 
 measurement option: write
 nSamples: 1, time interval: 6.64005e-08
 nAverages: 15060, time interval: 0.00099999153
 total no. of sampling steps: 0
 total no. of averaging Steps: 0


Selecting field: dsmcVolFields

TimeData Statistics: 
 measurement option: write
 nSamples: 1, time interval: 6.64005e-08
 nAverages: 15060, time interval: 0.00099999153
 total no. of sampling steps: 0
 total no. of averaging Steps: 0


Selecting the coordinate system model:	dsmcCartesian

Selecting the time-step model:	dsmcConstantTimeStepModel

Constant time-step model:
- time-step [sec]	6.64005e-08

Selecting the porous measurement model:	dsmcNoPorousMediumMeasurements

Selecting field: dsmcVolFields

TimeData Statistics: 
 measurement option: write
 nSamples: 1, time interval: 6.64005e-08
 nAverages: 15060, time interval: 0.00099999153
 total no. of sampling steps: 0
 total no. of averaging Steps: 0



Creating dsmcControllers

Creating fields: 

Selecting field: dsmcVolFields

TimeData Statistics: 
 measurement option: write
 nSamples: 1, time interval: 6.64005e-08
 nAverages: 15060, time interval: 0.00099999153
 total no. of sampling steps: 0
 total no. of averaging Steps: 0


Selecting the coordinate system model:	dsmcCartesian

Selecting the time-step model:	dsmcConstantTimeStepModel

Constant time-step model:
- time-step [sec]	6.64005e-08

Selecting the porous measurement model:	dsmcNoPorousMediumMeasurements


Creating dsmcControllers

Selecting field: dsmcVolFields

TimeData Statistics: 
 measurement option: write
 nSamples: 1, time interval: 6.64005e-08
 nAverages: 15060, time interval: 0.00099999153
 total no. of sampling steps: 0
 total no. of averaging Steps: 0


Creating fields: 

Selecting field: dsmcVolFields

TimeData Statistics: 
 measurement option: write
 nSamples: 1, time interval: 6.64005e-08
 nAverages: 15060, time interval: 0.00099999153
 total no. of sampling steps: 0
 total no. of averaging Steps: 0


Selecting the coordinate system model:	dsmcCartesian

Selecting the time-step model:	dsmcConstantTimeStepModel

Constant time-step model:
- time-step [sec]	6.64005e-08

Selecting the porous measurement model:	dsmcNoPorousMediumMeasurements


Creating dsmcControllers

Creating fields: 

Selecting field: dsmcVolFields

TimeData Statistics: 
 measurement option: write
 nSamples: 1, time interval: 6.64005e-08
 nAverages: 15060, time interval: 0.00099999153
 total no. of sampling steps: 0
 total no. of averaging Steps: 0


Selecting field: dsmcVolFields

TimeData Statistics: 
 measurement option: write
 nSamples: 1, time interval: 6.64005e-08
 nAverages: 15060, time interval: 0.00099999153
 total no. of sampling steps: 0
 total no. of averaging Steps: 0


Selecting the coordinate system model:	dsmcCartesian

Selecting the time-step model:	dsmcConstantTimeStepModel

Constant time-step model:
- time-step [sec]	6.64005e-08

Selecting the porous measurement model:	dsmcNoPorousMediumMeasurements

Selecting field: dsmcVolFields

TimeData Statistics: 
 measurement option: write
 nSamples: 1, time interval: 6.64005e-08
 nAverages: 15060, time interval: 0.00099999153
 total no. of sampling steps: 0
 total no. of averaging Steps: 0


Selecting the coordinate system model:	dsmcCartesian

Selecting the time-step model:	dsmcConstantTimeStepModel

Constant time-step model:
- time-step [sec]	6.64005e-08

Selecting the porous measurement model:	dsmcNoPorousMediumMeasurements


Creating dsmcControllers


Creating dsmcControllers

Selecting the coordinate system model:	dsmcCartesian

Selecting the time-step model:	dsmcConstantTimeStepModel

Creating fields: 

Selecting field: dsmcVolFields

TimeData Statistics: 
 measurement option: write
 nSamples: 1, time interval: 6.64005e-08
 nAverages: 15060, time interval: 0.00099999153
 total no. of sampling steps: 0
 total no. of averaging Steps: 0


Constant time-step model:
- time-step [sec]	6.64005e-08

Selecting the porous measurement model:	dsmcNoPorousMediumMeasurements

Selecting field: dsmcVolFields

TimeData Statistics: 
 measurement option: write
 nSamples: 1, time interval: 6.64005e-08
 nAverages: 15060, time interval: 0.00099999153
 total no. of sampling steps: 0
 total no. of averaging Steps: 0
Creating fields: 

Selecting field: dsmcVolFields



TimeData Statistics: 
 measurement option: write
 nSamples: 1, time interval: 6.64005e-08
 nAverages: 15060, time interval: 0.00099999153
 total no. of sampling steps: 0
 total no. of averaging Steps: 0


Selecting field: dsmcVolFields

TimeData Statistics: 
 measurement option: write
 nSamples: 1, time interval: 6.64005e-08
 nAverages: 15060, time interval: 0.00099999153
 total no. of sampling steps: 0
 total no. of averaging Steps: 0



Creating dsmcControllers

Creating fields: 

Selecting field: dsmcVolFields

TimeData Statistics: 
 measurement option: write
 nSamples: 1, time interval: 6.64005e-08
 nAverages: 15060, time interval: 0.00099999153
 total no. of sampling steps: 0
 total no. of averaging Steps: 0


Selecting field: dsmcVolFields

TimeData Statistics: 
 measurement option: write
Selecting field: dsmcVolFields

TimeData Statistics: 
 measurement option: write
 nSamples: 1, time interval: 6.64005e-08
 nAverages: 15060, time interval: 0.00099999153
 total no. of sampling steps: 0
 total no. of averaging Steps: 0


 nSamples: 1, time interval: 6.64005e-08
 nAverages: 15060, time interval: 0.00099999153
 total no. of sampling steps: 0
 total no. of averaging Steps: 0


Selecting field: dsmcVolFields

TimeData Statistics: 
 measurement option: write
 nSamples: 1, time interval: 6.64005e-08
 nAverages: 15060, time interval: 0.00099999153
 total no. of sampling steps: 0
 total no. of averaging Steps: 0


Selecting field: dsmcVolFields

TimeData Statistics: 
 measurement option: write
 nSamples: 1, time interval: 6.64005e-08
 nAverages: 15060, time interval: 0.00099999153
 total no. of sampling steps: 0
 total no. of averaging Steps: 0


Selecting field: dsmcVolFields

TimeData Statistics: 
 measurement option: write
 nSamples: 1, time interval: 6.64005e-08
 nAverages: 15060, time interval: 0.00099999153
 total no. of sampling steps: 0
 total no. of averaging Steps: 0


Selecting field: dsmcVolFields

TimeData Statistics: 
 measurement option: write
 nSamples: 1, time interval: 6.64005e-08
 nAverages: 15060, time interval: 0.00099999153
 total no. of sampling steps: 0
 total no. of averaging Steps: 0


Selecting field: dsmcVolFields

TimeData Statistics: 
 measurement option: write
 nSamples: 1, time interval: 6.64005e-08
 nAverages: 15060, time interval: 0.00099999153
 total no. of sampling steps: 0
 total no. of averaging Steps: 0


Selecting field: dsmcVolFields

TimeData Statistics: 
 measurement option: write
 nSamples: 1, time interval: 6.64005e-08
 nAverages: 15060, time interval: 0.00099999153
 total no. of sampling steps: 0
 total no. of averaging Steps: 0


Selecting field: dsmcVolFields

TimeData Statistics: 
 measurement option: write
 nSamples: 1, time interval: 6.64005e-08
 nAverages: 15060, time interval: 0.00099999153
 total no. of sampling steps: 0
 total no. of averaging Steps: 0


Selecting field: dsmcVolFields

TimeData Statistics: 
 measurement option: write
 nSamples: 1, time interval: 6.64005e-08
 nAverages: 15060, time interval: 0.00099999153
 total no. of sampling steps: 0
 total no. of averaging Steps: 0


Selecting field: dsmcVolFields

TimeData Statistics: 
 measurement option: write
 nSamples: 1, time interval: 6.64005e-08
 nAverages: 15060, time interval: 0.00099999153
 total no. of sampling steps: 0
 total no. of averaging Steps: 0


Selecting field: dsmcVolFields

TimeData Statistics: 
 measurement option: write
 nSamples: 1, time interval: 6.64005e-08
 nAverages: 15060, time interval: 0.00099999153
 total no. of sampling steps: 0
 total no. of averaging Steps: 0


Selecting field: dsmcVolFields

TimeData Statistics: 
 measurement option: write
 nSamples: 1, time interval: 6.64005e-08
 nAverages: 15060, time interval: 0.00099999153
 total no. of sampling steps: 0
 total no. of averaging Steps: 0


Selecting field: dsmcVolFields

TimeData Statistics: 
 measurement option: write
 nSamples: 1, time interval: 6.64005e-08
 nAverages: 15060, time interval: 0.00099999153
 total no. of sampling steps: 0
 total no. of averaging Steps: 0


Creating the boundary models: 

Selecting dsmcPatchBoundaryModel dsmcDeletionPatch
Selecting dsmcPatchBoundaryModel dsmcDeletionPatch
Selecting dsmcPatchBoundaryModel dsmcDiffuseWallPatch
Selecting dsmcGeneralBoundaryModel dsmcFreeStreamInflowPatch
Selecting field: dsmcVolFields

TimeData Statistics: 
 measurement option: write
 nSamples: 1, time interval: 6.64005e-08
 nAverages: 15060, time interval: 0.00099999153
 total no. of sampling steps: 0
 total no. of averaging Steps: 0


Selecting BinaryCollisionModel LarsenBorgnakkeVariableHardSphere

Creating dsmcReactions

Selecting the reaction model dissociationQK
Selecting the reaction model dissociationExchangeQK
Selecting the reaction model dissociationQK
Selecting the reaction model dissociationQK
Selecting the reaction model dissociationQK
Selecting the reaction model dissociationQK
Selecting the reaction model dissociationQK
Selecting the reaction model dissociationExchangeQK
Selecting the reaction model dissociationQK
Selecting the reaction model dissociationExchangeQK
Selecting the reaction model dissociationExchangeQK
Selecting the reaction model dissociationQK
Number of reactions created: 12
Selecting field: dsmcVolFields

TimeData Statistics: 
 measurement option: write
 nSamples: 1, time interval: 6.64005e-08
 nAverages: 15060, time interval: 0.00099999153
 total no. of sampling steps: 0
 total no. of averaging Steps: 0


Selecting field: dsmcVolFields

TimeData Statistics: 
 measurement option: write
 nSamples: 1, time interval: 6.64005e-08
 nAverages: 15060, time interval: 0.00099999153
 total no. of sampling steps: 0
 total no. of averaging Steps: 0


Selecting field: dsmcVolFields

TimeData Statistics: 
 measurement option: write
 nSamples: 1, time interval: 6.64005e-08
 nAverages: 15060, time interval: 0.00099999153
 total no. of sampling steps: 0
 total no. of averaging Steps: 0


Selecting field: dsmcVolFields

TimeData Statistics: 
 measurement option: write
 nSamples: 1, time interval: 6.64005e-08
 nAverages: 15060, time interval: 0.00099999153
 total no. of sampling steps: 0
 total no. of averaging Steps: 0


Selecting field: dsmcVolFields

TimeData Statistics: 
 measurement option: write
 nSamples: 1, time interval: 6.64005e-08
 nAverages: 15060, time interval: 0.00099999153
 total no. of sampling steps: 0
 total no. of averaging Steps: 0


Selecting field: dsmcVolFields

TimeData Statistics: 
 measurement option: write
 nSamples: 1, time interval: 6.64005e-08
 nAverages: 15060, time interval: 0.00099999153
 total no. of sampling steps: 0
 total no. of averaging Steps: 0


Selecting field: dsmcVolFields

TimeData Statistics: 
 measurement option: write
 nSamples: 1, time interval: 6.64005e-08
 nAverages: 15060, time interval: 0.00099999153
 total no. of sampling steps: 0
 total no. of averaging Steps: 0


Selecting field: dsmcVolFields

TimeData Statistics: 
 measurement option: write
 nSamples: 1, time interval: 6.64005e-08
 nAverages: 15060, time interval: 0.00099999153
 total no. of sampling steps: 0
 total no. of averaging Steps: 0


Creating the boundary models: 

Selecting dsmcPatchBoundaryModel dsmcDeletionPatch
Selecting dsmcPatchBoundaryModel dsmcDeletionPatch
Selecting dsmcPatchBoundaryModel dsmcDiffuseWallPatch
Selecting dsmcGeneralBoundaryModel dsmcFreeStreamInflowPatch
Selecting field: dsmcVolFields

TimeData Statistics: 
 measurement option: write
 nSamples: 1, time interval: 6.64005e-08
 nAverages: 15060, time interval: 0.00099999153
 total no. of sampling steps: 0
 total no. of averaging Steps: 0


Selecting BinaryCollisionModel LarsenBorgnakkeVariableHardSphere
Selecting field: dsmcVolFields

TimeData Statistics: 
 measurement option: write
 nSamples: 1, time interval: 6.64005e-08
 nAverages: 15060, time interval: 0.00099999153
 total no. of sampling steps: 0
 total no. of averaging Steps: 0



Creating dsmcReactions

Selecting the reaction model dissociationQK
Selecting the reaction model dissociationExchangeQK
Selecting the reaction model dissociationQK
Selecting the reaction model dissociationQK
Selecting the reaction model dissociationQK
Selecting the reaction model dissociationQK
Selecting the reaction model dissociationQK
Selecting the reaction model dissociationExchangeQK
Selecting the reaction model dissociationQK
Selecting the reaction model dissociationExchangeQK
Selecting the reaction model dissociationExchangeQK
Selecting the reaction model dissociationQK
Number of reactions created: 12
Selecting field: dsmcVolFields

TimeData Statistics: 
 measurement option: write
 nSamples: 1, time interval: 6.64005e-08
 nAverages: 15060, time interval: 0.00099999153
 total no. of sampling steps: 0
 total no. of averaging Steps: 0


Selecting field: dsmcVolFields

TimeData Statistics: 
 measurement option: write
 nSamples: 1, time interval: 6.64005e-08
 nAverages: 15060, time interval: 0.00099999153
 total no. of sampling steps: 0
 total no. of averaging Steps: 0


Selecting field: dsmcVolFields

TimeData Statistics: 
 measurement option: write
 nSamples: 1, time interval: 6.64005e-08
 nAverages: 15060, time interval: 0.00099999153
 total no. of sampling steps: 0
 total no. of averaging Steps: 0


Selecting field: dsmcVolFields

TimeData Statistics: 
 measurement option: write
 nSamples: 1, time interval: 6.64005e-08
 nAverages: 15060, time interval: 0.00099999153
 total no. of sampling steps: 0
 total no. of averaging Steps: 0


Creating the boundary models: 

Selecting dsmcPatchBoundaryModel dsmcDeletionPatch
Selecting dsmcPatchBoundaryModel dsmcDeletionPatch
Selecting dsmcPatchBoundaryModel dsmcDiffuseWallPatch
Selecting dsmcGeneralBoundaryModel dsmcFreeStreamInflowPatch
Selecting field: dsmcVolFields

TimeData Statistics: 
 measurement option: write
 nSamples: 1, time interval: 6.64005e-08
 nAverages: 15060, time interval: 0.00099999153
 total no. of sampling steps: 0
 total no. of averaging Steps: 0


Selecting BinaryCollisionModel LarsenBorgnakkeVariableHardSphere

Creating dsmcReactions

Selecting the reaction model dissociationQK
Selecting the reaction model dissociationExchangeQK
Selecting the reaction model dissociationQK
Selecting the reaction model dissociationQK
Selecting the reaction model dissociationQK
Selecting the reaction model dissociationQK
Selecting the reaction model dissociationQK
Selecting the reaction model dissociationExchangeQK
Selecting the reaction model dissociationQK
Selecting the reaction model dissociationExchangeQK
Selecting the reaction model dissociationExchangeQK
Selecting the reaction model dissociationQK
Number of reactions created: 12
Creating the boundary models: 

Selecting dsmcPatchBoundaryModel dsmcDeletionPatch
Selecting dsmcPatchBoundaryModel dsmcDeletionPatch
Selecting dsmcPatchBoundaryModel dsmcDiffuseWallPatch
Selecting dsmcGeneralBoundaryModel dsmcFreeStreamInflowPatch
Selecting field: dsmcVolFields

TimeData Statistics: 
 measurement option: write
 nSamples: 1, time interval: 6.64005e-08
 nAverages: 15060, time interval: 0.00099999153
 total no. of sampling steps: 0
 total no. of averaging Steps: 0


Selecting field: dsmcVolFields

TimeData Statistics: 
 measurement option: write
 nSamples: 1, time interval: 6.64005e-08
 nAverages: 15060, time interval: 0.00099999153
 total no. of sampling steps: 0
 total no. of averaging Steps: 0


Creating the boundary models: 

Selecting dsmcPatchBoundaryModel dsmcDeletionPatch
Selecting dsmcPatchBoundaryModel dsmcDeletionPatch
Selecting dsmcPatchBoundaryModel dsmcDiffuseWallPatch
Selecting dsmcGeneralBoundaryModel dsmcFreeStreamInflowPatch
Selecting BinaryCollisionModel LarsenBorgnakkeVariableHardSphere

Creating dsmcReactions

Selecting the reaction model dissociationQK
Selecting the reaction model dissociationExchangeQK
Selecting the reaction model dissociationQK
Selecting the reaction model dissociationQK
Selecting the reaction model dissociationQK
Selecting the reaction model dissociationQK
Selecting the reaction model dissociationQK
Selecting the reaction model dissociationExchangeQK
Selecting the reaction model dissociationQK
Selecting the reaction model dissociationExchangeQK
Selecting the reaction model dissociationExchangeQK
Selecting the reaction model dissociationQK
Number of reactions created: 12
Selecting BinaryCollisionModel LarsenBorgnakkeVariableHardSphere

Creating dsmcReactions

Selecting the reaction model dissociationQK
Selecting the reaction model dissociationExchangeQK
Selecting the reaction model dissociationQK
Selecting the reaction model dissociationQK
Selecting the reaction model dissociationQK
Selecting the reaction model dissociationQK
Selecting the reaction model dissociationQK
Selecting the reaction model dissociationExchangeQK
Selecting the reaction model dissociationQK
Selecting the reaction model dissociationExchangeQK
Selecting the reaction model dissociationExchangeQK
Selecting the reaction model dissociationQK
Number of reactions created: 12
Creating the boundary models: 

Selecting dsmcPatchBoundaryModel dsmcDeletionPatch
Selecting dsmcPatchBoundaryModel dsmcDeletionPatch
Selecting dsmcPatchBoundaryModel dsmcDiffuseWallPatch
Selecting dsmcGeneralBoundaryModel dsmcFreeStreamInflowPatch
Selecting BinaryCollisionModel LarsenBorgnakkeVariableHardSphere

Creating dsmcReactions

Selecting the reaction model dissociationQK
Selecting the reaction model dissociationExchangeQK
Selecting the reaction model dissociationQK
Selecting the reaction model dissociationQK
Selecting the reaction model dissociationQK
Selecting the reaction model dissociationQK
Selecting the reaction model dissociationQK
Selecting the reaction model dissociationExchangeQK
Selecting the reaction model dissociationQK
Selecting the reaction model dissociationExchangeQK
Selecting the reaction model dissociationExchangeQK
Selecting the reaction model dissociationQK
Number of reactions created: 12
Creating the boundary models: 

Selecting dsmcPatchBoundaryModel dsmcDeletionPatch
Selecting dsmcPatchBoundaryModel dsmcDeletionPatch
Selecting dsmcPatchBoundaryModel dsmcDiffuseWallPatch
Selecting dsmcGeneralBoundaryModel dsmcFreeStreamInflowPatch
Creating the boundary models: 

Selecting dsmcPatchBoundaryModel dsmcDeletionPatch
Selecting dsmcPatchBoundaryModel dsmcDeletionPatch
Selecting dsmcPatchBoundaryModel dsmcDiffuseWallPatch
Selecting dsmcGeneralBoundaryModel dsmcFreeStreamInflowPatch
Selecting BinaryCollisionModel LarsenBorgnakkeVariableHardSphere

Creating dsmcReactions

Selecting the reaction model dissociationQK
Selecting the reaction model dissociationExchangeQK
Selecting the reaction model dissociationQK
Selecting the reaction model dissociationQK
Selecting the reaction model dissociationQK
Selecting the reaction model dissociationQK
Selecting the reaction model dissociationQK
Selecting the reaction model dissociationExchangeQK
Selecting the reaction model dissociationQK
Selecting the reaction model dissociationExchangeQK
Selecting the reaction model dissociationExchangeQK
Selecting the reaction model dissociationQK
Number of reactions created: 12
Selecting BinaryCollisionModel LarsenBorgnakkeVariableHardSphere

Creating dsmcReactions

Selecting the reaction model dissociationQK
Selecting the reaction model dissociationExchangeQK
Selecting the reaction model dissociationQK
Selecting the reaction model dissociationQK
Selecting the reaction model dissociationQK
Selecting the reaction model dissociationQK
Selecting the reaction model dissociationQK
Selecting the reaction model dissociationExchangeQK
Selecting the reaction model dissociationQK
Selecting the reaction model dissociationExchangeQK
Selecting the reaction model dissociationExchangeQK
Selecting the reaction model dissociationQK
Number of reactions created: 12

Constructing constant properties for
	N2
	O2
	NO
	N
	O

Constructing constant properties for
	N2
	O2
	NO
	N
	O

Constructing constant properties for
	N2
	O2
	NO
	N
	O

Constructing constant properties for
	N2
	O2
	NO
	N
	O

Constructing constant properties for
	N2
	O2
	NO
	N
	O

Constructing constant properties for
	N2
	O2
	NO
	N
	O

Constructing constant properties for
	N2
	O2
	NO
	N
	O

Constructing constant properties for
	N2
	O2
	NO
	N
	O
Selecting collisionPartnerSelectionModel noTimeCounter
Collision profile: collisionReduceOnlyOnOutput defaulted to true for replicatedMesh run
Collision profile: collisionOutputGlobalReduce defaulted to false for replicatedMesh run

Initialising the measurement fields

Initialising dsmcVolFields field
Selecting collisionPartnerSelectionModel noTimeCounter
Collision profile: collisionReduceOnlyOnOutput defaulted to true for replicatedMesh run
Collision profile: collisionOutputGlobalReduce defaulted to false for replicatedMesh run

Initialising the measurement fields

Initialising dsmcVolFields field
Initialising dsmcVolFields field
Initialising dsmcVolFields field
Initialising dsmcVolFields field
Initialising dsmcVolFields field
Initialising dsmcVolFields field
Initialising dsmcVolFields field
Initialising dsmcVolFields field
Selecting collisionPartnerSelectionModel noTimeCounter
Collision profile: collisionReduceOnlyOnOutput defaulted to true for replicatedMesh run
Collision profile: collisionOutputGlobalReduce defaulted to false for replicatedMesh run

Initialising the measurement fields

Initialising dsmcVolFields field
Initialising dsmcVolFields field
Initialising dsmcVolFields field
Initialising dsmcVolFields field
Initialising dsmcVolFields field
Initialising dsmcVolFields field
Initialising dsmcVolFields field
Initialising dsmcVolFields field
Initialising dsmcVolFields field
Selecting collisionPartnerSelectionModel noTimeCounter
Collision profile: collisionReduceOnlyOnOutput defaulted to true for replicatedMesh run
Collision profile: collisionOutputGlobalReduce defaulted to false for replicatedMesh run

Initialising the measurement fields

Initialising dsmcVolFields field
Selecting collisionPartnerSelectionModel noTimeCounter
Collision profile: collisionReduceOnlyOnOutput defaulted to true for replicatedMesh run
Collision profile: collisionOutputGlobalReduce defaulted to false for replicatedMesh run

Initialising the measurement fields

Initialising dsmcVolFields field
Initialising dsmcVolFields field
Initialising dsmcVolFields field
Initialising dsmcVolFields field
Initialising dsmcVolFields field
Initialising dsmcVolFields field
Initialising dsmcVolFields field
Initialising dsmcVolFields field
Initialising dsmcVolFields field
Initialising dsmcVolFields field
Initialising dsmcVolFields field
Selecting collisionPartnerSelectionModel noTimeCounter
Collision profile: collisionReduceOnlyOnOutput defaulted to true for replicatedMesh run
Collision profile: collisionOutputGlobalReduce defaulted to false for replicatedMesh run

Initialising the measurement fields

Initialising dsmcVolFields field
Initialising dsmcVolFields field
Initialising dsmcVolFields field
Initialising dsmcVolFields field
Initialising dsmcVolFields field
Initialising dsmcVolFields field
Selecting collisionPartnerSelectionModel noTimeCounter
Collision profile: collisionReduceOnlyOnOutput defaulted to true for replicatedMesh run
Collision profile: collisionOutputGlobalReduce defaulted to false for replicatedMesh run

Initialising the measurement fields

Initialising dsmcVolFields field
Initialising dsmcVolFields field
Initialising dsmcVolFields field
Initialising dsmcVolFields field
Initialising dsmcVolFields field
Initialising dsmcVolFields field
Selecting collisionPartnerSelectionModel noTimeCounter
Collision profile: collisionReduceOnlyOnOutput defaulted to true for replicatedMesh run
Collision profile: collisionOutputGlobalReduce defaulted to false for replicatedMesh run

Initialising the measurement fields

Initialising dsmcVolFields field
Initialising dsmcVolFields field
Initialising dsmcVolFields field
Initialising dsmcVolFields field
Initialising dsmcVolFields field
Initialising dsmcVolFields field
Replicated mesh: METIS decomposition complete, 60000 cells -> 8 ranks
Replicated mesh: rank 0 owns 7384 / 60000 cells
Local mesh: 7384 owned + 356 halo = 7740 / 60000 cells
Replicated mesh: no-Alltoall async migration enabled
Replicated mesh: flatTransfer=1 found=1
Replicated mesh: flat POD transfer enabled
Replicated mesh: writeMode=gathered
Phase C auto DLB: enabled (ParMETIS AdaptiveRepart), imbalanceThreshold=1.5, dlbSteps=50, sarSteps=50, triggerMode=legacyWindow, minGapSteps=50, checkCollective=allgather, particleGate=0, particleGateThreshold=1.5, skipPostDiag=1, adaptiveAlpha=0
Phase C auto DLB: forced trigger steps 5(50 100 150 200 250)
Replicated mesh: initialized with 8 MPI ranks, migrate interval 10

Starting time loop

Replicated mesh: initial particle distribution

Replicated mesh: rank 0 kept 257863 parcels, deleted 1051233 non-owned parcels

Phase C auto DLB triggered (forced) at step 50
Phase C ParMETIS weights: particles=1424405 activeCells=60000 maxCellParticles=254
Phase C ParMETIS: alpha=1 ncon=1 ubvec=[1.049999952] moveRatio=0.9024129044 (moveT=6.007524926s, collT=0.649654838s)
Phase C ParMETIS: AdaptiveRepart (60000 cells, 1 constraints, ubvec=1.049999952)
Replicated mesh: rank 0 owns 6610 / 60000 cells
Local mesh: 6610 owned + 315 halo = 6925 / 60000 cells
Phase C ParMETIS AdaptiveRepart: 54802 / 60000 cells changed (0.9133666667)
Phase C auto DLB complete: rebalance #1


Phase C auto DLB triggered (forced) at step 100
Phase C ParMETIS weights: particles=1540749 activeCells=60000 maxCellParticles=322
Phase C ParMETIS: alpha=1 ncon=1 ubvec=[1.049999952] moveRatio=0.8869635409 (moveT=9.903050628s, collT=1.262065153s)
Phase C ParMETIS: AdaptiveRepart (60000 cells, 1 constraints, ubvec=1.049999952)
Replicated mesh: rank 0 owns 12728 / 60000 cells
Local mesh: 12728 owned + 704 halo = 13432 / 60000 cells
Phase C ParMETIS AdaptiveRepart: 44859 / 60000 cells changed (0.74765)
Phase C auto DLB complete: rebalance #2


Phase C auto DLB triggered (forced) at step 150
Phase C ParMETIS weights: particles=1653918 activeCells=60000 maxCellParticles=330
Phase C ParMETIS: alpha=1 ncon=1 ubvec=[1.049999952] moveRatio=0.9182877876 (moveT=18.40737538s, collT=1.637947697s)
Phase C ParMETIS: AdaptiveRepart (60000 cells, 1 constraints, ubvec=1.049999952)
Replicated mesh: rank 0 owns 11798 / 60000 cells
Local mesh: 11798 owned + 672 halo = 12470 / 60000 cells
Phase C ParMETIS AdaptiveRepart: 17988 / 60000 cells changed (0.2998)
Phase C auto DLB complete: rebalance #3


Phase C auto DLB triggered (forced) at step 200
Phase C ParMETIS weights: particles=1761722 activeCells=60000 maxCellParticles=357
Phase C ParMETIS: alpha=1 ncon=1 ubvec=[1.049999952] moveRatio=0.9001286374 (moveT=28.71312557s, collT=3.185787959s)
Phase C ParMETIS: AdaptiveRepart (60000 cells, 1 constraints, ubvec=1.049999952)
Replicated mesh: rank 0 owns 10641 / 60000 cells
Local mesh: 10641 owned + 682 halo = 11323 / 60000 cells
Phase C ParMETIS AdaptiveRepart: 33244 / 60000 cells changed (0.5540666667)
Phase C auto DLB complete: rebalance #4


Phase C auto DLB triggered (forced) at step 250
Phase C ParMETIS weights: particles=1863591 activeCells=60000 maxCellParticles=359
Phase C ParMETIS: alpha=1 ncon=1 ubvec=[1.049999952] moveRatio=0.8838197379 (moveT=39.73940344s, collT=5.223841594s)
Phase C ParMETIS: AdaptiveRepart (60000 cells, 1 constraints, ubvec=1.049999952)
Replicated mesh: rank 0 owns 2058 / 60000 cells
Local mesh: 2058 owned + 224 halo = 2282 / 60000 cells
Phase C ParMETIS AdaptiveRepart: 49603 / 60000 cells changed (0.8267166667)
Phase C auto DLB complete: rebalance #5

Time = 1.992015e-05

    Collision global reduction skipped (rank 0 local diagnostics)
    Collisions                      = 106805
    Collision candidates           = 217388
    Collision acceptance rate      = 0.4913104679

    Number of DSMC particles        = 1959517
    Number of stuck particles       = 0
    Number of free particles        = 1959517
    Average linear kinetic energy   = 1.529177915e-19
    Average rotational energy       = 1.345009353e-20
    Average vibrational energy      = 1.473069254e-23
    Average electronic energy       = 0
    Total energy                    = 0.001956177384

Stage 1.0  ExecutionTime = 73.4 s  ClockTime = 74 s  Iteration 300 (0.7 s)

End stage 1


DSMC solver profile summary
    solver profile steps          = 300
    move+collide wall [s]         = 70.27627163
    move only [s]                 = 46.97016698
    buildCellOccupancy [s]        = 5.616683353
    collision phase [s]           = 13.22883834
    post fields/output [s]        = 0.224025078
    total profiled [s]            = 66.03971375
    full evolve wall [s]          = 70.48311165
    move+collide cpu [s]          = 68.6
    move only cpu [s]             = 45.91
    buildCellOccupancy cpu [s]    = 5.56
    collision phase cpu [s]       = 12.95
    post fields/output cpu [s]    = 0.27
    total profiled cpu [s]        = 64.69
    full evolve cpu [s]           = 68.76
    collision localLoop max [s] = 13.20825482
    collision reduce max [s]    = 0
    collision sigmaBC max [s]   = 0.02015614
    collision total max [s]     = 13.22738953
    collision accounted max [s] = 13.2268774
    collision residual max [s]  = 0.000675049
    collision subphase max sum [s] = 13.22841096
    collision cumulative global collisions = 40662847
    collision cumulative global candidates  = 74247028
    collision cumulative acceptance        = 0.5476696926
    OpenMP enabled                = 0
    OpenMP max threads            = 1
    OpenMP move                   = 0 (static, chunk 64)
    OpenMP collision              = dynamic, chunk 8


Replicated mesh profiling summary:
    migration calls             = 36
    migration wall time [s]     = 6.198460343
    local particles (final)     = 226277
    migration wall max [s]      = 21.49518645
    migration pack max [s]      = 0.64001341
    migration local prep max [s]= 0.244906309
    migration size exchange max [s] = 0
    migration request post max [s] = 0.011108114
    migration wait max [s]      = 20.30901256
    migration deserialize max [s] = 0.287651634
    migration post max [s]      = 0.028995334
    migration candidate gather max [s] = 0.289389606
    migration accounted max [s] = 21.49518645
    migration residual max [s]  = 3.552713679e-15
    updateParticleCounts max [s]= 0.01687563
    migration subphase max sum [s] = 21.81107697
    particles per rank          = min 217968 max 279016 max/min 1.28007781
    rank wall time (evolve, 300 steps): min 62.43 max 66.24 max/min 1.061028352
    Phase C auto DLB checks      = 300
    Phase C auto DLB rebalances = 5
    Phase C auto DLB triggered checks = 5
    Phase C auto DLB wall max [s]= 6.226060479
    Phase C auto DLB check max [s]= 5.452481337
    Phase C ParMETIS max [s]     = 0.187308249
    Phase C migration max [s]    = 0.642841556
    Phase C cellOwner write max [s] = 0
    Phase C post-diagnostic max [s] = 0.000267363
    Phase C auto DLB accounted max [s] = 6.282898505
    Phase C auto DLB residual max [s] = -0.056838026

Total Iterations = 300
End main

