/*---------------------------------------------------------------------------*\
| =========                 |                                                 |
| \\      /  F ield         | OpenFOAM: The Open Source CFD Toolbox           |
|  \\    /   O peration     | Version:  v1706                                 |
|   \\  /    A nd           | Web:      www.OpenFOAM.com                      |
|    \\/     M anipulation  |                                                 |
\*---------------------------------------------------------------------------*/
Build  : v1706
Arch   : "LSB;label=32;scalar=64"
Exec   : dsmcFoam+
Date   : Jun 22 2026
Time   : 23:37:09
Host   : "SuperXCX-ROG"
PID    : 69525
Case   : /home/superxcx/code/OpenFoam/OF-1706/hyStrath_dlb/doc/worklog/v2506/detail_mix/fastrng_smoke_20260622/case_omp8_300
nProcs : 1
sigFpe : Enabling floating point exception trapping (FOAM_SIGFPE).
fileModificationChecking : Monitoring run-time modified files using timeStampMaster (fileModificationSkew 10)
allowSystemOperations : Allowing user-supplied system call operations

// * * * * * * * * * * * * * * * * * * * * * * * * * * * * * * * * * * * * * //
Create time

Create mesh for time = 0

Selecting dynamicFvMesh dynamicRefineFvMesh

Constructing dsmcCloud 
Selecting the coordinate system model:	dsmcCartesian

Selecting the time-step model:	dsmcConstantTimeStepModel

Constant time-step model:
- time-step [sec]	6.640048894e-08

Selecting the porous measurement model:	dsmcNoPorousMediumMeasurements


Creating dsmcControllers

Creating fields: 

Selecting field: dsmcVolFields

TimeData Statistics: 
 measurement option: write
 nSamples: 1, time interval: 6.640048894e-08
 nAverages: 15060, time interval: 0.0009999913634
 total no. of sampling steps: 0
 total no. of averaging Steps: 0


Selecting field: dsmcVolFields

TimeData Statistics: 
 measurement option: write
 nSamples: 1, time interval: 6.640048894e-08
 nAverages: 15060, time interval: 0.0009999913634
 total no. of sampling steps: 0
 total no. of averaging Steps: 0


Selecting field: dsmcVolFields

TimeData Statistics: 
 measurement option: write
 nSamples: 1, time interval: 6.640048894e-08
 nAverages: 15060, time interval: 0.0009999913634
 total no. of sampling steps: 0
 total no. of averaging Steps: 0


Selecting field: dsmcVolFields

TimeData Statistics: 
 measurement option: write
 nSamples: 1, time interval: 6.640048894e-08
 nAverages: 15060, time interval: 0.0009999913634
 total no. of sampling steps: 0
 total no. of averaging Steps: 0


Selecting field: dsmcVolFields

TimeData Statistics: 
 measurement option: write
 nSamples: 1, time interval: 6.640048894e-08
 nAverages: 15060, time interval: 0.0009999913634
 total no. of sampling steps: 0
 total no. of averaging Steps: 0


Selecting field: dsmcVolFields

TimeData Statistics: 
 measurement option: write
 nSamples: 1, time interval: 6.640048894e-08
 nAverages: 15060, time interval: 0.0009999913634
 total no. of sampling steps: 0
 total no. of averaging Steps: 0


Creating the boundary models: 

Selecting dsmcPatchBoundaryModel dsmcDeletionPatch
Selecting dsmcPatchBoundaryModel dsmcDeletionPatch
Selecting dsmcPatchBoundaryModel dsmcDiffuseWallPatch
Selecting dsmcGeneralBoundaryModel dsmcFreeStreamInflowPatch
Selecting BinaryCollisionModel LarsenBorgnakkeVariableHardSphere

Creating dsmcReactions

Selecting the reaction model dissociationQK
Selecting the reaction model dissociationExchangeQK
Selecting the reaction model dissociationQK
Selecting the reaction model dissociationQK
Selecting the reaction model dissociationQK
Selecting the reaction model dissociationQK
Selecting the reaction model dissociationQK
Selecting the reaction model dissociationExchangeQK
Selecting the reaction model dissociationQK
Selecting the reaction model dissociationExchangeQK
Selecting the reaction model dissociationExchangeQK
Selecting the reaction model dissociationQK
Number of reactions created: 12

Constructing constant properties for
	N2
	O2
	NO
	N
	O
Selecting collisionPartnerSelectionModel noTimeCounter

Initialising the measurement fields

Initialising dsmcVolFields field
Initialising dsmcVolFields field
Initialising dsmcVolFields field
Initialising dsmcVolFields field
Initialising dsmcVolFields field
Initialising dsmcVolFields field

Starting time loop

Time = 6.640048894e-07

    Collisions                      = 26329
    Collision candidates           = 35082
    Collision acceptance rate      = 0.7504988313

    Number of DSMC particles        = 1330311
    Number of stuck particles       = 0
    Number of free particles        = 1330311
    Average linear kinetic energy   = 1.893508733e-19
    Average rotational energy       = 1.329231262e-21
    Average vibrational energy      = 5.839925814e-26
    Average electronic energy       = 0
    Total energy                    = 0.00152198351

Stage 1.0  ExecutionTime = 12.2 s  ClockTime = 4 s  Iteration 10 (1.13 s)

Time = 1.328009779e-06

    Collisions                      = 36351
    Collision candidates           = 55175
    Collision acceptance rate      = 0.6588309923

    Number of DSMC particles        = 1353957
    Number of stuck particles       = 0
    Number of free particles        = 1353957
    Average linear kinetic energy   = 1.866043207e-19
    Average rotational energy       = 1.559567457e-21
    Average vibrational energy      = 1.033888842e-25
    Average electronic energy       = 0
    Total energy                    = 0.001528595721

Stage 1.0  ExecutionTime = 22.82 s  ClockTime = 5 s  Iteration 20 (1.18 s)

Time = 1.992014668e-06

    Collisions                      = 45939
    Collision candidates           = 75092
    Collision acceptance rate      = 0.6117695627

    Number of DSMC particles        = 1377461
    Number of stuck particles       = 0
    Number of free particles        = 1377461
    Average linear kinetic energy   = 1.841552648e-19
    Average rotational energy       = 1.871980402e-21
    Average vibrational energy      = 1.694614189e-25
    Average electronic energy       = 0
    Total energy                    = 0.001537473051

Stage 1.0  ExecutionTime = 36.66 s  ClockTime = 5 s  Iteration 30 (1.3 s)

Time = 2.656019558e-06

    Collisions                      = 56545
    Collision candidates           = 96315
    Collision acceptance rate      = 0.5870840471

    Number of DSMC particles        = 1400973
    Number of stuck particles       = 0
    Number of free particles        = 1400973
    Average linear kinetic energy   = 1.819404987e-19
    Average rotational energy       = 2.265578213e-21
    Average vibrational energy      = 1.556291577e-25
    Average electronic energy       = 0
    Total energy                    = 0.001548407749

Stage 1.0  ExecutionTime = 48.72 s  ClockTime = 7 s  Iteration 40 (1.34 s)

Time = 3.320024447e-06

    Collisions                      = 66548
    Collision candidates           = 116784
    Collision acceptance rate      = 0.569838334

    Number of DSMC particles        = 1424437
    Number of stuck particles       = 0
    Number of free particles        = 1424437
    Average linear kinetic energy   = 1.799270554e-19
    Average rotational energy       = 2.704035137e-21
    Average vibrational energy      = 3.058791136e-25
    Average electronic energy       = 0
    Total energy                    = 0.001560881511

Stage 1.0  ExecutionTime = 60.6 s  ClockTime = 9 s  Iteration 50 (1.43 s)

Time = 3.984029336e-06

    Collisions                      = 76578
    Collision candidates           = 136840
    Collision acceptance rate      = 0.559617071

    Number of DSMC particles        = 1447632
    Number of stuck particles       = 0
    Number of free particles        = 1447632
    Average linear kinetic energy   = 1.780486541e-19
    Average rotational energy       = 3.179413208e-21
    Average vibrational energy      = 5.594198415e-25
    Average electronic energy       = 0
    Total energy                    = 0.001574114156

Stage 1.0  ExecutionTime = 72.57 s  ClockTime = 10 s  Iteration 60 (1.55 s)

Time = 4.648034226e-06

    Collisions                      = 86302
    Collision candidates           = 156762
    Collision acceptance rate      = 0.5505288271

    Number of DSMC particles        = 1471325
    Number of stuck particles       = 0
    Number of free particles        = 1471325
    Average linear kinetic energy   = 1.763050835e-19
    Average rotational energy       = 3.661768708e-21
    Average vibrational energy      = 9.202706822e-25
    Average electronic energy       = 0
    Total energy                    = 0.001588746497

Stage 1.0  ExecutionTime = 85.73 s  ClockTime = 12 s  Iteration 70 (1.92 s)

Time = 5.312039115e-06

    Collisions                      = 95146
    Collision candidates           = 175384
    Collision acceptance rate      = 0.5425010263

    Number of DSMC particles        = 1494332
    Number of stuck particles       = 0
    Number of free particles        = 1494332
    Average linear kinetic energy   = 1.746807833e-19
    Average rotational energy       = 4.178286041e-21
    Average vibrational energy      = 1.24942315e-24
    Average electronic energy       = 0
    Total energy                    = 0.001603660187

Stage 1.0  ExecutionTime = 98.79 s  ClockTime = 14 s  Iteration 80 (1.7 s)

Time = 5.976044005e-06

    Collisions                      = 103625
    Collision candidates           = 193118
    Collision acceptance rate      = 0.5365890285

    Number of DSMC particles        = 1517694
    Number of stuck particles       = 0
    Number of free particles        = 1517694
    Average linear kinetic energy   = 1.731699319e-19
    Average rotational energy       = 4.690353935e-21
    Average vibrational energy      = 1.712123752e-24
    Average electronic energy       = 0
    Total energy                    = 0.001619640523

Stage 1.0  ExecutionTime = 112.7 s  ClockTime = 15 s  Iteration 90 (1.71 s)

Time = 6.640048894e-06

    Collisions                      = 111462
    Collision candidates           = 210379
    Collision acceptance rate      = 0.5298152382

    Number of DSMC particles        = 1540583
    Number of stuck particles       = 0
    Number of free particles        = 1540583
    Average linear kinetic energy   = 1.717325889e-19
    Average rotational energy       = 5.20295467e-21
    Average vibrational energy      = 1.848429885e-24
    Average electronic energy       = 0
    Total energy                    = 0.001635520429

Stage 1.0  ExecutionTime = 126.12 s  ClockTime = 17 s  Iteration 100 (2.01 s)

Time = 7.304053783e-06

    Collisions                      = 120434
    Collision candidates           = 227099
    Collision acceptance rate      = 0.5303149728

    Number of DSMC particles        = 1563892
    Number of stuck particles       = 0
    Number of free particles        = 1563892
    Average linear kinetic energy   = 1.703961316e-19
    Average rotational energy       = 5.706065284e-21
    Average vibrational energy      = 2.526887579e-24
    Average electronic energy       = 0
    Total energy                    = 0.001652452612

Stage 1.0  ExecutionTime = 140.15 s  ClockTime = 19 s  Iteration 110 (2.15 s)

Time = 7.968058673e-06

    Collisions                      = 127851
    Collision candidates           = 243167
    Collision acceptance rate      = 0.5257744678

    Number of DSMC particles        = 1586653
    Number of stuck particles       = 0
    Number of free particles        = 1586653
    Average linear kinetic energy   = 1.691273582e-19
    Average rotational energy       = 6.213002768e-21
    Average vibrational energy      = 2.853471364e-24
    Average electronic energy       = 0
    Total energy                    = 0.001669253023

Stage 1.0  ExecutionTime = 154.42 s  ClockTime = 21 s  Iteration 120 (1.91 s)

Time = 8.632063562e-06

    Collisions                      = 135232
    Collision candidates           = 259059
    Collision acceptance rate      = 0.5220123601

    Number of DSMC particles        = 1609110
    Number of stuck particles       = 0
    Number of free particles        = 1609110
    Average linear kinetic energy   = 1.67926408e-19
    Average rotational energy       = 6.700806398e-21
    Average vibrational energy      = 3.528516542e-24
    Average electronic energy       = 0
    Total energy                    = 0.001686000449

Stage 1.0  ExecutionTime = 170.89 s  ClockTime = 23 s  Iteration 130 (3.21 s)

Time = 9.296068452e-06

    Collisions                      = 142797
    Collision candidates           = 274009
    Collision acceptance rate      = 0.5211398166

    Number of DSMC particles        = 1631448
    Number of stuck particles       = 0
    Number of free particles        = 1631448
    Average linear kinetic energy   = 1.66781747e-19
    Average rotational energy       = 7.182470928e-21
    Average vibrational energy      = 4.308611572e-24
    Average electronic energy       = 0
    Total energy                    = 0.001702923628

Stage 1.0  ExecutionTime = 186.33 s  ClockTime = 25 s  Iteration 140 (2.1 s)

Time = 9.960073341e-06

    Collisions                      = 150395
    Collision candidates           = 289063
    Collision acceptance rate      = 0.5202845055

    Number of DSMC particles        = 1653865
    Number of stuck particles       = 0
    Number of free particles        = 1653865
    Average linear kinetic energy   = 1.656897467e-19
    Average rotational energy       = 7.673280073e-21
    Average vibrational energy      = 4.983618362e-24
    Average electronic energy       = 0
    Total energy                    = 0.001720363707

Stage 1.0  ExecutionTime = 200.72 s  ClockTime = 27 s  Iteration 150 (2.11 s)

Time = 1.062407823e-05

    Collisions                      = 156912
    Collision candidates           = 303713
    Collision acceptance rate      = 0.516645649

    Number of DSMC particles        = 1675839
    Number of stuck particles       = 0
    Number of free particles        = 1675839
    Average linear kinetic energy   = 1.646318719e-19
    Average rotational energy       = 8.147647311e-21
    Average vibrational energy      = 6.013357832e-24
    Average electronic energy       = 0
    Total energy                    = 0.001737364405

Stage 1.0  ExecutionTime = 218.96 s  ClockTime = 30 s  Iteration 160 (2.25 s)

Time = 1.128808312e-05

    Collisions                      = 163725
    Collision candidates           = 316923
    Collision acceptance rate      = 0.5166081351

    Number of DSMC particles        = 1697405
    Number of stuck particles       = 0
    Number of free particles        = 1697405
    Average linear kinetic energy   = 1.636254395e-19
    Average rotational energy       = 8.605295441e-21
    Average vibrational energy      = 7.137087043e-24
    Average electronic energy       = 0
    Total energy                    = 0.001754144551

Stage 1.0  ExecutionTime = 237.05 s  ClockTime = 32 s  Iteration 170 (2.54 s)

Time = 1.195208801e-05

    Collisions                      = 170446
    Collision candidates           = 330672
    Collision acceptance rate      = 0.5154533798

    Number of DSMC particles        = 1718953
    Number of stuck particles       = 0
    Number of free particles        = 1718953
    Average linear kinetic energy   = 1.626889095e-19
    Average rotational energy       = 9.038336796e-21
    Average vibrational energy      = 8.015474703e-24
    Average electronic energy       = 0
    Total energy                    = 0.00177122906

Stage 1.0  ExecutionTime = 252.73 s  ClockTime = 34 s  Iteration 180 (2.54 s)

Time = 1.26160929e-05

    Collisions                      = 176654
    Collision candidates           = 343920
    Collision acceptance rate      = 0.5136485229

    Number of DSMC particles        = 1740374
    Number of stuck particles       = 0
    Number of free particles        = 1740374
    Average linear kinetic energy   = 1.617560108e-19
    Average rotational energy       = 9.498598104e-21
    Average vibrational energy      = 9.606949602e-24
    Average electronic energy       = 0
    Total energy                    = 0.00178838273

Stage 1.0  ExecutionTime = 272.81 s  ClockTime = 37 s  Iteration 190 (4.48 s)

Time = 1.328009779e-05

    Collisions                      = 182410
    Collision candidates           = 357325
    Collision acceptance rate      = 0.5104876513

    Number of DSMC particles        = 1761564
    Number of stuck particles       = 0
    Number of free particles        = 1761564
    Average linear kinetic energy   = 1.60863641e-19
    Average rotational energy       = 9.935290307e-21
    Average vibrational energy      = 1.026917827e-23
    Average electronic energy       = 0
    Total energy                    = 0.001805348031

Stage 1.0  ExecutionTime = 292.06 s  ClockTime = 37 s  Iteration 200 (2.71 s)

Time = 1.394410268e-05

    Collisions                      = 189624
    Collision candidates           = 370994
    Collision acceptance rate      = 0.5111241691

    Number of DSMC particles        = 1782040
    Number of stuck particles       = 0
    Number of free particles        = 1782040
    Average linear kinetic energy   = 1.600088188e-19
    Average rotational energy       = 1.033541483e-20
    Average vibrational energy      = 1.152274542e-23
    Average electronic energy       = 0
    Total energy                    = 0.001821484632

Stage 1.0  ExecutionTime = 312.35 s  ClockTime = 40 s  Iteration 210 (3.07 s)

Time = 1.460810757e-05

    Collisions                      = 195859
    Collision candidates           = 383372
    Collision acceptance rate      = 0.510884989

    Number of DSMC particles        = 1802415
    Number of stuck particles       = 0
    Number of free particles        = 1802415
    Average linear kinetic energy   = 1.591820587e-19
    Average rotational energy       = 1.074661468e-20
    Average vibrational energy      = 1.261744577e-23
    Average electronic energy       = 0
    Total energy                    = 0.00183782839

Stage 1.0  ExecutionTime = 328.85 s  ClockTime = 42 s  Iteration 220 (2.64 s)

Time = 1.527211246e-05

    Collisions                      = 201972
    Collision candidates           = 395820
    Collision acceptance rate      = 0.5102622404

    Number of DSMC particles        = 1822623
    Number of stuck particles       = 0
    Number of free particles        = 1822623
    Average linear kinetic energy   = 1.583710398e-19
    Average rotational energy       = 1.114022098e-20
    Average vibrational energy      = 1.357853579e-23
    Average electronic energy       = 0
    Total energy                    = 0.001853879228

Stage 1.0  ExecutionTime = 345.69 s  ClockTime = 44 s  Iteration 230 (2.64 s)

Time = 1.593611735e-05

    Collisions                      = 206740
    Collision candidates           = 407657
    Collision acceptance rate      = 0.5071420336

    Number of DSMC particles        = 1842314
    Number of stuck particles       = 0
    Number of free particles        = 1842314
    Average linear kinetic energy   = 1.575678479e-19
    Average rotational energy       = 1.153927744e-20
    Average vibrational energy      = 1.475057025e-23
    Average electronic energy       = 0
    Total energy                    = 0.001869453598

Stage 1.0  ExecutionTime = 363.28 s  ClockTime = 47 s  Iteration 240 (2.82 s)

Time = 1.660012224e-05

    Collisions                      = 213077
    Collision candidates           = 418339
    Collision acceptance rate      = 0.5093405109

    Number of DSMC particles        = 1862412
    Number of stuck particles       = 0
    Number of free particles        = 1862412
    Average linear kinetic energy   = 1.568480605e-19
    Average rotational energy       = 1.190543803e-20
    Average vibrational energy      = 1.568692666e-23
    Average electronic energy       = 0
    Total energy                    = 0.001885906537

Stage 1.0  ExecutionTime = 380.82 s  ClockTime = 49 s  Iteration 250 (2.91 s)

Time = 1.726412712e-05

    Collisions                      = 218953
    Collision candidates           = 430394
    Collision acceptance rate      = 0.5087268875

    Number of DSMC particles        = 1882103
    Number of stuck particles       = 0
    Number of free particles        = 1882103
    Average linear kinetic energy   = 1.561113514e-19
    Average rotational energy       = 1.227899358e-20
    Average vibrational energy      = 1.728425652e-23
    Average electronic energy       = 0
    Total energy                    = 0.001901763025

Stage 1.0  ExecutionTime = 399.18 s  ClockTime = 52 s  Iteration 260 (2.87 s)

Time = 1.792813201e-05

    Collisions                      = 224466
    Collision candidates           = 442055
    Collision acceptance rate      = 0.5077784439

    Number of DSMC particles        = 1901347
    Number of stuck particles       = 0
    Number of free particles        = 1901347
    Average linear kinetic energy   = 1.553791256e-19
    Average rotational energy       = 1.265177209e-20
    Average vibrational energy      = 1.800918388e-23
    Average electronic energy       = 0
    Total energy                    = 0.00191711571

Stage 1.0  ExecutionTime = 417.37 s  ClockTime = 54 s  Iteration 270 (2.95 s)

Time = 1.85921369e-05

    Collisions                      = 229647
    Collision candidates           = 453791
    Collision acceptance rate      = 0.506063364

    Number of DSMC particles        = 1920502
    Number of stuck particles       = 0
    Number of free particles        = 1920502
    Average linear kinetic energy   = 1.546844355e-19
    Average rotational energy       = 1.299445293e-20
    Average vibrational energy      = 1.846859901e-23
    Average electronic energy       = 0
    Total energy                    = 0.001932378658

Stage 1.0  ExecutionTime = 435.81 s  ClockTime = 56 s  Iteration 280 (2.97 s)

Time = 1.925614179e-05

    Collisions                      = 234932
    Collision candidates           = 464585
    Collision acceptance rate      = 0.5056814146

    Number of DSMC particles        = 1939463
    Number of stuck particles       = 0
    Number of free particles        = 1939463
    Average linear kinetic energy   = 1.539968004e-19
    Average rotational energy       = 1.334142835e-20
    Average vibrational energy      = 1.983716896e-23
    Average electronic energy       = 0
    Total energy                    = 0.00194750866

Stage 1.0  ExecutionTime = 454.71 s  ClockTime = 59 s  Iteration 290 (3.37 s)

Time = 1.992014668e-05

    Collisions                      = 240211
    Collision candidates           = 474523
    Collision acceptance rate      = 0.5062157156

    Number of DSMC particles        = 1957752
    Number of stuck particles       = 0
    Number of free particles        = 1957752
    Average linear kinetic energy   = 1.533350045e-19
    Average rotational energy       = 1.367847796e-20
    Average vibrational energy      = 2.096998401e-23
    Average electronic energy       = 0
    Total energy                    = 0.0019620722

Stage 1.0  ExecutionTime = 474.14 s  ClockTime = 62 s  Iteration 300 (3.19 s)

End stage 1


DSMC solver profile summary
    solver profile steps          = 300
    move+collide wall [s]         = 58.9659958
    move only [s]                 = 44.83854831
    buildCellOccupancy [s]        = 4.165398205
    collision phase [s]           = 8.76620604
    post fields/output [s]        = 0.18806893
    total profiled [s]            = 57.95822148
    full evolve wall [s]          = 59.15566902
    move+collide cpu [s]          = 444.84
    move only cpu [s]             = 338.37
    buildCellOccupancy cpu [s]    = 31.07
    collision phase cpu [s]       = 66.13
    post fields/output cpu [s]    = 1.46
    total profiled cpu [s]        = 437.03
    full evolve cpu [s]           = 446.3
    collision localLoop max [s] = 8.742463648
    collision reduce max [s]    = 0.000528514
    collision sigmaBC max [s]   = 0.016205109
    collision total max [s]     = 8.759790279
    collision accounted max [s] = 8.759197271
    collision residual max [s]  = 0.000593008
    collision subphase max sum [s] = 8.759197271
    collision cumulative global collisions = 42833427
    collision cumulative global candidates  = 82287132
    collision cumulative acceptance        = 0.5205361514
    OpenMP enabled                = 1
    OpenMP max threads            = 8
    OpenMP move                   = 1 (static, chunk 64)
    OpenMP collision              = dynamic, chunk 8

Total Iterations = 300
End main

real 62.37
user 471.20
sys 3.38
