/*---------------------------------------------------------------------------*\
| =========                 |                                                 |
| \\      /  F ield         | OpenFOAM: The Open Source CFD Toolbox           |
|  \\    /   O peration     | Version:  v1706                                 |
|   \\  /    A nd           | Web:      www.OpenFOAM.com                      |
|    \\/     M anipulation  |                                                 |
\*---------------------------------------------------------------------------*/
Build  : v1706
Arch   : "LSB;label=32;scalar=64"
Exec   : dsmcFoam+
Date   : Jun 21 2026
Time   : 01:11:03
Host   : "SuperXCX-ROG"
PID    : 343149
/*---------------------------------------------------------------------------*\
| =========                 |                                                 |
| \\      /  F ield         | OpenFOAM: The Open Source CFD Toolbox           |
|  \\    /   O peration     | Version:  v1706                                 |
|   \\  /    A nd           | Web:      www.OpenFOAM.com                      |
|    \\/     M anipulation  |                                                 |
\*---------------------------------------------------------------------------*/
Build  : v1706
Arch   : "LSB;label=32;scalar=64"
Exec   : dsmcFoam+
Date   : Jun 21 2026
Time   : 01:11:03
Host   : "SuperXCX-ROG"
PID    : 343151
/*---------------------------------------------------------------------------*\
| =========                 |                                                 |
| \\      /  F ield         | OpenFOAM: The Open Source CFD Toolbox           |
|  \\    /   O peration     | Version:  v1706                                 |
|   \\  /    A nd           | Web:      www.OpenFOAM.com                      |
|    \\/     M anipulation  |                                                 |
\*---------------------------------------------------------------------------*/
Build  : v1706
Arch   : "LSB;label=32;scalar=64"
Exec   : dsmcFoam+
Date   : Jun 21 2026
Time   : 01:11:03
Host   : "SuperXCX-ROG"
PID    : 343152
/*---------------------------------------------------------------------------*\
| =========                 |                                                 |
| \\      /  F ield         | OpenFOAM: The Open Source CFD Toolbox           |
|  \\    /   O peration     | Version:  v1706                                 |
|   \\  /    A nd           | Web:      www.OpenFOAM.com                      |
|    \\/     M anipulation  |                                                 |
\*---------------------------------------------------------------------------*/
Build  : v1706
Arch   : "LSB;label=32;scalar=64"
Exec   : dsmcFoam+
Date   : Jun 21 2026
Time   : 01:11:03
Host   : "SuperXCX-ROG"
PID    : 343153
/*---------------------------------------------------------------------------*\
| =========                 |                                                 |
| \\      /  F ield         | OpenFOAM: The Open Source CFD Toolbox           |
|  \\    /   O peration     | Version:  v1706                                 |
|   \\  /    A nd           | Web:      www.OpenFOAM.com                      |
|    \\/     M anipulation  |                                                 |
\*---------------------------------------------------------------------------*/
Build  : v1706
Arch   : "LSB;label=32;scalar=64"
Exec   : dsmcFoam+
Date   : Jun 21 2026
Time   : 01:11:03
Host   : "SuperXCX-ROG"
PID    : 343155
/*---------------------------------------------------------------------------*\
| =========                 |                                                 |
| \\      /  F ield         | OpenFOAM: The Open Source CFD Toolbox           |
|  \\    /   O peration     | Version:  v1706                                 |
|   \\  /    A nd           | Web:      www.OpenFOAM.com                      |
|    \\/     M anipulation  |                                                 |
\*---------------------------------------------------------------------------*/
Build  : v1706
Arch   : "LSB;label=32;scalar=64"
Exec   : dsmcFoam+
Date   : Jun 21 2026
Time   : 01:11:03
Host   : "SuperXCX-ROG"
PID    : 343156
Case   : /home/superxcx/code/OpenFoam/OF-1706/hyStrath_dlb/run/hyStrath/dsmcFoam+/xcx_test/zb-cylinder-react/mpi8
nProcs : 1
sigFpe : Enabling floating point exception trapping (FOAM_SIGFPE).
Case   : /home/superxcx/code/OpenFoam/OF-1706/hyStrath_dlb/run/hyStrath/dsmcFoam+/xcx_test/zb-cylinder-react/mpi8
nProcs : 1
sigFpe : Enabling floating point exception trapping (FOAM_SIGFPE).
Case   : /home/superxcx/code/OpenFoam/OF-1706/hyStrath_dlb/run/hyStrath/dsmcFoam+/xcx_test/zb-cylinder-react/mpi8
nProcs : 1
sigFpe : Enabling floating point exception trapping (FOAM_SIGFPE).
Case   : /home/superxcx/code/OpenFoam/OF-1706/hyStrath_dlb/run/hyStrath/dsmcFoam+/xcx_test/zb-cylinder-react/mpi8
nProcs : 1
sigFpe : Enabling floating point exception trapping (FOAM_SIGFPE).
/*---------------------------------------------------------------------------*\
| =========                 |                                                 |
| \\      /  F ield         | OpenFOAM: The Open Source CFD Toolbox           |
|  \\    /   O peration     | Version:  v1706                                 |
|   \\  /    A nd           | Web:      www.OpenFOAM.com                      |
|    \\/     M anipulation  |                                                 |
\*---------------------------------------------------------------------------*/
Build  : v1706
Arch   : "LSB;label=32;scalar=64"
Exec   : dsmcFoam+
Date   : Jun 21 2026
Time   : 01:11:03
Host   : "SuperXCX-ROG"
PID    : 343154
Case   : /home/superxcx/code/OpenFoam/OF-1706/hyStrath_dlb/run/hyStrath/dsmcFoam+/xcx_test/zb-cylinder-react/mpi8
nProcs : 1
sigFpe : Enabling floating point exception trapping (FOAM_SIGFPE).
Case   : /home/superxcx/code/OpenFoam/OF-1706/hyStrath_dlb/run/hyStrath/dsmcFoam+/xcx_test/zb-cylinder-react/mpi8
nProcs : 1
sigFpe : Enabling floating point exception trapping (FOAM_SIGFPE).
fileModificationChecking : Monitoring run-time modified files using timeStampMaster (fileModificationSkew 10)
allowSystemOperations : Allowing user-supplied system call operations

fileModificationChecking : Monitoring run-time modified files using timeStampMaster (fileModificationSkew 10)
allowSystemOperations : Allowing user-supplied system call operations

fileModificationChecking : Monitoring run-time modified files using timeStampMaster (fileModificationSkew 10)
allowSystemOperations : Allowing user-supplied system call operations

fileModificationChecking : Monitoring run-time modified files using timeStampMaster (fileModificationSkew 10)
allowSystemOperations : Allowing user-supplied system call operations

fileModificationChecking : Monitoring run-time modified files using timeStampMaster (fileModificationSkew 10)
allowSystemOperations : Allowing user-supplied system call operations

fileModificationChecking : Monitoring run-time modified files using timeStampMaster (fileModificationSkew 10)
allowSystemOperations : Allowing user-supplied system call operations

// * * * * * * * * * * * * * * * * * * * * * * * * * * * * * * * * * * * * * //
Create time

// * * * * * * * * * * * * * * * * * * * * * * * * * * * * * * * * * * * * * //
Create time

// * * * * * * * * * * * * * * * * * * * * * * * * * * * * * * * * * * * * * //
Create time

// * * * * * * * * * * * * * * * * * * * * * * * * * * * * * * * * * * * * * //
Create time

// * * * * * * * * * * * * * * * * * * * * * * * * * * * * * * * * * * * * * //
Create time

// * * * * * * * * * * * * * * * * * * * * * * * * * * * * * * * * * * * * * //
Create time

Case   : /home/superxcx/code/OpenFoam/OF-1706/hyStrath_dlb/run/hyStrath/dsmcFoam+/xcx_test/zb-cylinder-react/mpi8
nProcs : 1
sigFpe : Enabling floating point exception trapping (FOAM_SIGFPE).
fileModificationChecking : Monitoring run-time modified files using timeStampMaster (fileModificationSkew 10)
allowSystemOperations : Allowing user-supplied system call operations

// * * * * * * * * * * * * * * * * * * * * * * * * * * * * * * * * * * * * * //
Create time

Create mesh for time = 0

Create mesh for time = 0

Create mesh for time = 0

Create mesh for time = 0

Create mesh for time = 0

Selecting dynamicFvMesh dynamicRefineFvMesh
Selecting dynamicFvMesh dynamicRefineFvMesh
Selecting dynamicFvMesh dynamicRefineFvMesh
Create mesh for time = 0

Selecting dynamicFvMesh dynamicRefineFvMesh
Selecting dynamicFvMesh dynamicRefineFvMesh
Selecting dynamicFvMesh dynamicRefineFvMesh
Create mesh for time = 0

Selecting dynamicFvMesh dynamicRefineFvMesh
/*---------------------------------------------------------------------------*\
| =========                 |                                                 |
| \\      /  F ield         | OpenFOAM: The Open Source CFD Toolbox           |
|  \\    /   O peration     | Version:  v1706                                 |
|   \\  /    A nd           | Web:      www.OpenFOAM.com                      |
|    \\/     M anipulation  |                                                 |
\*---------------------------------------------------------------------------*/
Build  : v1706
Arch   : "LSB;label=32;scalar=64"
Exec   : dsmcFoam+
Date   : Jun 21 2026
Time   : 01:11:03
Host   : "SuperXCX-ROG"
PID    : 343150
Case   : /home/superxcx/code/OpenFoam/OF-1706/hyStrath_dlb/run/hyStrath/dsmcFoam+/xcx_test/zb-cylinder-react/mpi8
nProcs : 1
sigFpe : Enabling floating point exception trapping (FOAM_SIGFPE).
fileModificationChecking : Monitoring run-time modified files using timeStampMaster (fileModificationSkew 10)
allowSystemOperations : Allowing user-supplied system call operations

// * * * * * * * * * * * * * * * * * * * * * * * * * * * * * * * * * * * * * //
Create time

Create mesh for time = 0

Selecting dynamicFvMesh dynamicRefineFvMesh

Constructing dsmcCloud 

Constructing dsmcCloud 

Constructing dsmcCloud 

Constructing dsmcCloud 

Constructing dsmcCloud 

Constructing dsmcCloud 

Constructing dsmcCloud 

Constructing dsmcCloud 
Selecting the coordinate system model:	dsmcCartesian

Selecting the time-step model:	dsmcConstantTimeStepModel

Constant time-step model:
- time-step [sec]	6.640048894e-08

Selecting the porous measurement model:	dsmcNoPorousMediumMeasurements


Creating dsmcControllers

Creating fields: 

Selecting field: dsmcVolFields

TimeData Statistics: 
 measurement option: write
 nSamples: 1, time interval: 6.640048894e-08
 nAverages: 15060, time interval: 0.0009999913634
 total no. of sampling steps: 0
 total no. of averaging Steps: 0


Selecting the coordinate system model:	dsmcCartesian

Selecting the time-step model:	dsmcConstantTimeStepModel

Constant time-step model:
- time-step [sec]	6.640048894e-08

Selecting the porous measurement model:	dsmcNoPorousMediumMeasurements

Selecting the coordinate system model:	dsmcCartesian

Selecting the time-step model:	dsmcConstantTimeStepModel

Constant time-step model:
- time-step [sec]	6.640048894e-08

Selecting the porous measurement model:	dsmcNoPorousMediumMeasurements


Creating dsmcControllers

Creating fields: 

Selecting field: dsmcVolFields

TimeData Statistics: 
 measurement option: write
 nSamples: 1, time interval: 6.640048894e-08
 nAverages: 15060, time interval: 0.0009999913634
 total no. of sampling steps: 0
 total no. of averaging Steps: 0



Creating dsmcControllers

Creating fields: 

Selecting field: dsmcVolFields

TimeData Statistics: 
 measurement option: write
 nSamples: 1, time interval: 6.640048894e-08
 nAverages: 15060, time interval: 0.0009999913634
 total no. of sampling steps: 0
 total no. of averaging Steps: 0


Selecting the coordinate system model:	dsmcCartesian

Selecting the time-step model:	dsmcConstantTimeStepModel

Constant time-step model:
- time-step [sec]	6.640048894e-08

Selecting the porous measurement model:	dsmcNoPorousMediumMeasurements

Selecting the coordinate system model:	dsmcCartesian

Selecting the time-step model:	dsmcConstantTimeStepModel

Constant time-step model:
- time-step [sec]	6.640048894e-08

Selecting the porous measurement model:	dsmcNoPorousMediumMeasurements


Creating dsmcControllers

Creating fields: 

Selecting field: dsmcVolFields

TimeData Statistics: 
 measurement option: write
 nSamples: 1, time interval: 6.640048894e-08
 nAverages: 15060, time interval: 0.0009999913634
 total no. of sampling steps: 0
 total no. of averaging Steps: 0



Creating dsmcControllers

Selecting field: dsmcVolFields

TimeData Statistics: 
 measurement option: write
 nSamples: 1, time interval: 6.640048894e-08
 nAverages: 15060, time interval: 0.0009999913634
 total no. of sampling steps: 0
 total no. of averaging Steps: 0


Creating fields: 

Selecting field: dsmcVolFields

TimeData Statistics: 
 measurement option: write
 nSamples: 1, time interval: 6.640048894e-08
 nAverages: 15060, time interval: 0.0009999913634
 total no. of sampling steps: 0
 total no. of averaging Steps: 0


Selecting the coordinate system model:	dsmcCartesian

Selecting the time-step model:	dsmcConstantTimeStepModel

Constant time-step model:
- time-step [sec]	6.640048894e-08

Selecting the porous measurement model:	dsmcNoPorousMediumMeasurements

Selecting the coordinate system model:	dsmcCartesian

Selecting the time-step model:	dsmcConstantTimeStepModel

Constant time-step model:
- time-step [sec]	6.640048894e-08

Selecting the porous measurement model:	dsmcNoPorousMediumMeasurements


Creating dsmcControllers

Selecting the coordinate system model:	dsmcCartesian

Selecting the time-step model:	dsmcConstantTimeStepModel

Creating fields: 

Selecting field: dsmcVolFields

TimeData Statistics: 
 measurement option: write
 nSamples: 1, time interval: 6.640048894e-08
 nAverages: 15060, time interval: 0.0009999913634
 total no. of sampling steps: 0
 total no. of averaging Steps: 0



Creating dsmcControllers

Constant time-step model:
- time-step [sec]	6.640048894e-08

Selecting the porous measurement model:	dsmcNoPorousMediumMeasurements

Creating fields: 

Selecting field: dsmcVolFields

TimeData Statistics: 
 measurement option: write
 nSamples: 1, time interval: 6.640048894e-08
 nAverages: 15060, time interval: 0.0009999913634
 total no. of sampling steps: 0
 total no. of averaging Steps: 0


Selecting field: dsmcVolFields

TimeData Statistics: 
 measurement option: write
 nSamples: 1, time interval: 6.640048894e-08
 nAverages: 15060, time interval: 0.0009999913634
 total no. of sampling steps: 0
 total no. of averaging Steps: 0



Creating dsmcControllers

Creating fields: 

Selecting field: dsmcVolFields

TimeData Statistics: 
 measurement option: write
 nSamples: 1, time interval: 6.640048894e-08
 nAverages: 15060, time interval: 0.0009999913634
 total no. of sampling steps: 0
 total no. of averaging Steps: 0


Selecting field: dsmcVolFields

TimeData Statistics: 
 measurement option: write
 nSamples: 1, time interval: 6.640048894e-08
 nAverages: 15060, time interval: 0.0009999913634
 total no. of sampling steps: 0
 total no. of averaging Steps: 0


Selecting field: dsmcVolFields

TimeData Statistics: 
 measurement option: write
 nSamples: 1, time interval: 6.640048894e-08
 nAverages: 15060, time interval: 0.0009999913634
 total no. of sampling steps: 0
 total no. of averaging Steps: 0


Selecting field: dsmcVolFields

TimeData Statistics: 
 measurement option: write
 nSamples: 1, time interval: 6.640048894e-08
 nAverages: 15060, time interval: 0.0009999913634
 total no. of sampling steps: 0
 total no. of averaging Steps: 0


Selecting field: dsmcVolFields

TimeData Statistics: 
 measurement option: write
 nSamples: 1, time interval: 6.640048894e-08
 nAverages: 15060, time interval: 0.0009999913634
 total no. of sampling steps: 0
 total no. of averaging Steps: 0


Selecting field: dsmcVolFields

TimeData Statistics: 
 measurement option: write
 nSamples: 1, time interval: 6.640048894e-08
 nAverages: 15060, time interval: 0.0009999913634
 total no. of sampling steps: 0
 total no. of averaging Steps: 0


Selecting field: dsmcVolFields

TimeData Statistics: 
 measurement option: write
 nSamples: 1, time interval: 6.640048894e-08
 nAverages: 15060, time interval: 0.0009999913634
 total no. of sampling steps: 0
 total no. of averaging Steps: 0


Selecting field: dsmcVolFields

TimeData Statistics: 
 measurement option: write
 nSamples: 1, time interval: 6.640048894e-08
 nAverages: 15060, time interval: 0.0009999913634
 total no. of sampling steps: 0
 total no. of averaging Steps: 0


Selecting field: dsmcVolFields

TimeData Statistics: 
 measurement option: write
 nSamples: 1, time interval: 6.640048894e-08
 nAverages: 15060, time interval: 0.0009999913634
 total no. of sampling steps: 0
 total no. of averaging Steps: 0


Selecting field: dsmcVolFields

TimeData Statistics: 
 measurement option: write
 nSamples: 1, time interval: 6.640048894e-08
 nAverages: 15060, time interval: 0.0009999913634
 total no. of sampling steps: 0
 total no. of averaging Steps: 0


Selecting field: dsmcVolFields

TimeData Statistics: 
 measurement option: write
 nSamples: 1, time interval: 6.640048894e-08
 nAverages: 15060, time interval: 0.0009999913634
 total no. of sampling steps: 0
 total no. of averaging Steps: 0


Selecting field: dsmcVolFields

TimeData Statistics: 
 measurement option: write
 nSamples: 1, time interval: 6.640048894e-08
 nAverages: 15060, time interval: 0.0009999913634
 total no. of sampling steps: 0
 total no. of averaging Steps: 0


Selecting field: dsmcVolFields

TimeData Statistics: 
 measurement option: write
 nSamples: 1, time interval: 6.640048894e-08
 nAverages: 15060, time interval: 0.0009999913634
 total no. of sampling steps: 0
 total no. of averaging Steps: 0


Selecting field: dsmcVolFields

TimeData Statistics: 
 measurement option: write
 nSamples: 1, time interval: 6.640048894e-08
 nAverages: 15060, time interval: 0.0009999913634
 total no. of sampling steps: 0
 total no. of averaging Steps: 0


Selecting field: dsmcVolFields

TimeData Statistics: 
 measurement option: write
 nSamples: 1, time interval: 6.640048894e-08
 nAverages: 15060, time interval: 0.0009999913634
 total no. of sampling steps: 0
 total no. of averaging Steps: 0


Selecting field: dsmcVolFields

TimeData Statistics: 
 measurement option: write
 nSamples: 1, time interval: 6.640048894e-08
 nAverages: 15060, time interval: 0.0009999913634
 total no. of sampling steps: 0
 total no. of averaging Steps: 0


Selecting field: dsmcVolFields

TimeData Statistics: 
 measurement option: write
 nSamples: 1, time interval: 6.640048894e-08
 nAverages: 15060, time interval: 0.0009999913634
 total no. of sampling steps: 0
 total no. of averaging Steps: 0


Selecting field: dsmcVolFields

TimeData Statistics: 
 measurement option: write
 nSamples: 1, time interval: 6.640048894e-08
 nAverages: 15060, time interval: 0.0009999913634
 total no. of sampling steps: 0
 total no. of averaging Steps: 0


Selecting field: dsmcVolFields

TimeData Statistics: 
 measurement option: write
 nSamples: 1, time interval: 6.640048894e-08
 nAverages: 15060, time interval: 0.0009999913634
 total no. of sampling steps: 0
 total no. of averaging Steps: 0


Selecting field: dsmcVolFields

TimeData Statistics: 
 measurement option: write
 nSamples: 1, time interval: 6.640048894e-08
 nAverages: 15060, time interval: 0.0009999913634
 total no. of sampling steps: 0
 total no. of averaging Steps: 0


Selecting field: dsmcVolFields

TimeData Statistics: 
 measurement option: write
 nSamples: 1, time interval: 6.640048894e-08
 nAverages: 15060, time interval: 0.0009999913634
 total no. of sampling steps: 0
 total no. of averaging Steps: 0


Selecting field: dsmcVolFields

TimeData Statistics: 
 measurement option: write
 nSamples: 1, time interval: 6.640048894e-08
 nAverages: 15060, time interval: 0.0009999913634
 total no. of sampling steps: 0
 total no. of averaging Steps: 0


Selecting field: dsmcVolFields

TimeData Statistics: 
 measurement option: write
 nSamples: 1, time interval: 6.640048894e-08
 nAverages: 15060, time interval: 0.0009999913634
 total no. of sampling steps: 0
 total no. of averaging Steps: 0


Selecting field: dsmcVolFields

TimeData Statistics: 
 measurement option: write
 nSamples: 1, time interval: 6.640048894e-08
 nAverages: 15060, time interval: 0.0009999913634
 total no. of sampling steps: 0
 total no. of averaging Steps: 0


Selecting field: dsmcVolFields

TimeData Statistics: 
 measurement option: write
 nSamples: 1, time interval: 6.640048894e-08
 nAverages: 15060, time interval: 0.0009999913634
 total no. of sampling steps: 0
 total no. of averaging Steps: 0


Selecting field: dsmcVolFields

TimeData Statistics: 
 measurement option: write
 nSamples: 1, time interval: 6.640048894e-08
 nAverages: 15060, time interval: 0.0009999913634
 total no. of sampling steps: 0
 total no. of averaging Steps: 0


Selecting field: dsmcVolFields

TimeData Statistics: 
 measurement option: write
 nSamples: 1, time interval: 6.640048894e-08
 nAverages: 15060, time interval: 0.0009999913634
 total no. of sampling steps: 0
 total no. of averaging Steps: 0


Selecting field: dsmcVolFields

TimeData Statistics: 
 measurement option: write
 nSamples: 1, time interval: 6.640048894e-08
 nAverages: 15060, time interval: 0.0009999913634
 total no. of sampling steps: 0
 total no. of averaging Steps: 0


Selecting field: dsmcVolFields

TimeData Statistics: 
 measurement option: write
 nSamples: 1, time interval: 6.640048894e-08
 nAverages: 15060, time interval: 0.0009999913634
 total no. of sampling steps: 0
 total no. of averaging Steps: 0


Selecting field: dsmcVolFields

TimeData Statistics: 
 measurement option: write
 nSamples: 1, time interval: 6.640048894e-08
 nAverages: 15060, time interval: 0.0009999913634
 total no. of sampling steps: 0
 total no. of averaging Steps: 0


Selecting field: dsmcVolFields

TimeData Statistics: 
 measurement option: write
 nSamples: 1, time interval: 6.640048894e-08
 nAverages: 15060, time interval: 0.0009999913634
 total no. of sampling steps: 0
 total no. of averaging Steps: 0


Selecting field: dsmcVolFields

TimeData Statistics: 
 measurement option: write
 nSamples: 1, time interval: 6.640048894e-08
 nAverages: 15060, time interval: 0.0009999913634
 total no. of sampling steps: 0
 total no. of averaging Steps: 0


Selecting field: dsmcVolFields

TimeData Statistics: 
 measurement option: write
 nSamples: 1, time interval: 6.640048894e-08
 nAverages: 15060, time interval: 0.0009999913634
 total no. of sampling steps: 0
 total no. of averaging Steps: 0


Selecting field: dsmcVolFields

TimeData Statistics: 
 measurement option: write
 nSamples: 1, time interval: 6.640048894e-08
 nAverages: 15060, time interval: 0.0009999913634
 total no. of sampling steps: 0
 total no. of averaging Steps: 0


Selecting field: dsmcVolFields

TimeData Statistics: 
 measurement option: write
 nSamples: 1, time interval: 6.640048894e-08
 nAverages: 15060, time interval: 0.0009999913634
 total no. of sampling steps: 0
 total no. of averaging Steps: 0


Creating the boundary models: 

Selecting dsmcPatchBoundaryModel dsmcDeletionPatch
Selecting dsmcPatchBoundaryModel dsmcDeletionPatch
Selecting dsmcPatchBoundaryModel dsmcDiffuseWallPatch
Selecting dsmcGeneralBoundaryModel dsmcFreeStreamInflowPatch
Selecting field: dsmcVolFields

TimeData Statistics: 
 measurement option: write
 nSamples: 1, time interval: 6.640048894e-08
 nAverages: 15060, time interval: 0.0009999913634
 total no. of sampling steps: 0
 total no. of averaging Steps: 0


Selecting BinaryCollisionModel LarsenBorgnakkeVariableHardSphere

Creating dsmcReactions

Selecting the reaction model dissociationQK
Selecting the reaction model dissociationExchangeQK
Selecting the reaction model dissociationQK
Selecting the reaction model dissociationQK
Selecting the reaction model dissociationQK
Selecting the reaction model dissociationQK
Selecting the reaction model dissociationQK
Selecting the reaction model dissociationExchangeQK
Selecting the reaction model dissociationQK
Selecting the reaction model dissociationExchangeQK
Selecting the reaction model dissociationExchangeQK
Selecting the reaction model dissociationQK
Number of reactions created: 12
Selecting field: dsmcVolFields

TimeData Statistics: 
 measurement option: write
 nSamples: 1, time interval: 6.640048894e-08
 nAverages: 15060, time interval: 0.0009999913634
 total no. of sampling steps: 0
 total no. of averaging Steps: 0


Selecting field: dsmcVolFields

TimeData Statistics: 
 measurement option: write
 nSamples: 1, time interval: 6.640048894e-08
 nAverages: 15060, time interval: 0.0009999913634
 total no. of sampling steps: 0
 total no. of averaging Steps: 0


Creating the boundary models: 

Selecting dsmcPatchBoundaryModel dsmcDeletionPatch
Selecting dsmcPatchBoundaryModel dsmcDeletionPatch
Selecting dsmcPatchBoundaryModel dsmcDiffuseWallPatch
Selecting dsmcGeneralBoundaryModel dsmcFreeStreamInflowPatch
Selecting field: dsmcVolFields

TimeData Statistics: 
 measurement option: write
 nSamples: 1, time interval: 6.640048894e-08
 nAverages: 15060, time interval: 0.0009999913634
 total no. of sampling steps: 0
 total no. of averaging Steps: 0


Creating the boundary models: 

Selecting dsmcPatchBoundaryModel dsmcDeletionPatch
Selecting dsmcPatchBoundaryModel dsmcDeletionPatch
Selecting dsmcPatchBoundaryModel dsmcDiffuseWallPatch
Selecting dsmcGeneralBoundaryModel dsmcFreeStreamInflowPatch
Selecting BinaryCollisionModel LarsenBorgnakkeVariableHardSphere

Creating dsmcReactions

Selecting the reaction model dissociationQK
Selecting the reaction model dissociationExchangeQK
Selecting the reaction model dissociationQK
Selecting the reaction model dissociationQK
Selecting the reaction model dissociationQK
Selecting the reaction model dissociationQK
Selecting the reaction model dissociationQK
Selecting the reaction model dissociationExchangeQK
Selecting the reaction model dissociationQK
Selecting the reaction model dissociationExchangeQK
Selecting the reaction model dissociationExchangeQK
Selecting the reaction model dissociationQK
Number of reactions created: 12
Selecting BinaryCollisionModel LarsenBorgnakkeVariableHardSphere

Creating dsmcReactions

Selecting the reaction model dissociationQK
Selecting the reaction model dissociationExchangeQK
Selecting the reaction model dissociationQK
Selecting the reaction model dissociationQK
Selecting the reaction model dissociationQK
Selecting the reaction model dissociationQK
Selecting the reaction model dissociationQK
Selecting the reaction model dissociationExchangeQK
Selecting the reaction model dissociationQK
Selecting the reaction model dissociationExchangeQK
Selecting the reaction model dissociationExchangeQK
Selecting the reaction model dissociationQK
Number of reactions created: 12
Creating the boundary models: 

Selecting dsmcPatchBoundaryModel dsmcDeletionPatch
Selecting dsmcPatchBoundaryModel dsmcDeletionPatch
Selecting dsmcPatchBoundaryModel dsmcDiffuseWallPatch
Selecting dsmcGeneralBoundaryModel dsmcFreeStreamInflowPatch
Creating the boundary models: 

Selecting dsmcPatchBoundaryModel dsmcDeletionPatch
Selecting dsmcPatchBoundaryModel dsmcDeletionPatch
Selecting dsmcPatchBoundaryModel dsmcDiffuseWallPatch
Selecting dsmcGeneralBoundaryModel dsmcFreeStreamInflowPatch
Selecting BinaryCollisionModel LarsenBorgnakkeVariableHardSphere

Creating dsmcReactions

Selecting the reaction model dissociationQK
Selecting the reaction model dissociationExchangeQK
Selecting the reaction model dissociationQK
Selecting the reaction model dissociationQK
Selecting the reaction model dissociationQK
Selecting the reaction model dissociationQK
Selecting the reaction model dissociationQK
Selecting the reaction model dissociationExchangeQK
Selecting the reaction model dissociationQK
Selecting the reaction model dissociationExchangeQK
Selecting the reaction model dissociationExchangeQK
Selecting the reaction model dissociationQK
Number of reactions created: 12
Creating the boundary models: 

Selecting dsmcPatchBoundaryModel dsmcDeletionPatch
Selecting dsmcPatchBoundaryModel dsmcDeletionPatch
Selecting dsmcPatchBoundaryModel dsmcDiffuseWallPatch
Selecting dsmcGeneralBoundaryModel dsmcFreeStreamInflowPatch
Creating the boundary models: 

Selecting dsmcPatchBoundaryModel dsmcDeletionPatch
Selecting dsmcPatchBoundaryModel dsmcDeletionPatch
Selecting dsmcPatchBoundaryModel dsmcDiffuseWallPatch
Selecting dsmcGeneralBoundaryModel dsmcFreeStreamInflowPatch
Selecting BinaryCollisionModel LarsenBorgnakkeVariableHardSphere

Creating dsmcReactions

Selecting the reaction model dissociationQK
Selecting the reaction model dissociationExchangeQK
Selecting the reaction model dissociationQK
Selecting the reaction model dissociationQK
Selecting the reaction model dissociationQK
Selecting the reaction model dissociationQK
Selecting the reaction model dissociationQK
Selecting the reaction model dissociationExchangeQK
Selecting the reaction model dissociationQK
Selecting the reaction model dissociationExchangeQK
Selecting the reaction model dissociationExchangeQK
Selecting the reaction model dissociationQK
Number of reactions created: 12
Creating the boundary models: 

Selecting dsmcPatchBoundaryModel dsmcDeletionPatch
Selecting dsmcPatchBoundaryModel dsmcDeletionPatch
Selecting dsmcPatchBoundaryModel dsmcDiffuseWallPatch
Selecting dsmcGeneralBoundaryModel dsmcFreeStreamInflowPatch
Selecting BinaryCollisionModel LarsenBorgnakkeVariableHardSphere
Selecting BinaryCollisionModel LarsenBorgnakkeVariableHardSphere

Creating dsmcReactions

Selecting the reaction model dissociationQK
Selecting the reaction model dissociationExchangeQK
Selecting the reaction model dissociationQK
Selecting the reaction model dissociationQK
Selecting the reaction model dissociationQK
Selecting the reaction model dissociationQK
Selecting the reaction model dissociationQK
Selecting the reaction model dissociationExchangeQK
Selecting the reaction model dissociationQK
Selecting the reaction model dissociationExchangeQK
Selecting the reaction model dissociationExchangeQK
Selecting the reaction model dissociationQK
Number of reactions created: 12

Creating dsmcReactions

Selecting the reaction model dissociationQK
Selecting the reaction model dissociationExchangeQK
Selecting the reaction model dissociationQK
Selecting the reaction model dissociationQK
Selecting the reaction model dissociationQK
Selecting the reaction model dissociationQK
Selecting the reaction model dissociationQK
Selecting the reaction model dissociationExchangeQK
Selecting the reaction model dissociationQK
Selecting the reaction model dissociationExchangeQK
Selecting the reaction model dissociationExchangeQK
Selecting the reaction model dissociationQK
Number of reactions created: 12
Selecting BinaryCollisionModel LarsenBorgnakkeVariableHardSphere

Creating dsmcReactions

Selecting the reaction model dissociationQK
Selecting the reaction model dissociationExchangeQK
Selecting the reaction model dissociationQK
Selecting the reaction model dissociationQK
Selecting the reaction model dissociationQK
Selecting the reaction model dissociationQK
Selecting the reaction model dissociationQK
Selecting the reaction model dissociationExchangeQK
Selecting the reaction model dissociationQK
Selecting the reaction model dissociationExchangeQK
Selecting the reaction model dissociationExchangeQK
Selecting the reaction model dissociationQK
Number of reactions created: 12

Constructing constant properties for
	N2
	O2
	NO
	N
	O

Constructing constant properties for
	N2
	O2
	NO
	N
	O

Constructing constant properties for
	N2
	O2
	NO
	N
	O

Constructing constant properties for
	N2
	O2
	NO
	N
	O

Constructing constant properties for
	N2
	O2
	NO
	N
	O

Constructing constant properties for
	N2
	O2
	NO
	N
	O

Constructing constant properties for
	N2
	O2
	NO
	N
	O

Constructing constant properties for
	N2
	O2
	NO
	N
	O
Selecting collisionPartnerSelectionModel noTimeCounter
Collision profile: collisionReduceOnlyOnOutput defaulted to true for replicatedMesh run
Collision profile: collisionOutputGlobalReduce defaulted to false for replicatedMesh run

Initialising the measurement fields

Initialising dsmcVolFields field
Initialising dsmcVolFields field
Initialising dsmcVolFields field
Initialising dsmcVolFields field
Initialising dsmcVolFields field
Initialising dsmcVolFields field
Selecting collisionPartnerSelectionModel noTimeCounter
Collision profile: collisionReduceOnlyOnOutput defaulted to true for replicatedMesh run
Collision profile: collisionOutputGlobalReduce defaulted to false for replicatedMesh run

Initialising the measurement fields

Initialising dsmcVolFields field
Initialising dsmcVolFields field
Initialising dsmcVolFields field
Initialising dsmcVolFields field
Initialising dsmcVolFields field
Initialising dsmcVolFields field
Selecting collisionPartnerSelectionModel noTimeCounter
Collision profile: collisionReduceOnlyOnOutput defaulted to true for replicatedMesh run
Collision profile: collisionOutputGlobalReduce defaulted to false for replicatedMesh run

Initialising the measurement fields

Initialising dsmcVolFields field
Initialising dsmcVolFields field
Initialising dsmcVolFields field
Initialising dsmcVolFields field
Initialising dsmcVolFields field
Initialising dsmcVolFields field
Selecting collisionPartnerSelectionModel noTimeCounter
Collision profile: collisionReduceOnlyOnOutput defaulted to true for replicatedMesh run
Collision profile: collisionOutputGlobalReduce defaulted to false for replicatedMesh run

Initialising the measurement fields

Initialising dsmcVolFields field
Initialising dsmcVolFields field
Initialising dsmcVolFields field
Initialising dsmcVolFields field
Initialising dsmcVolFields field
Initialising dsmcVolFields field
Selecting collisionPartnerSelectionModel noTimeCounter
Collision profile: collisionReduceOnlyOnOutput defaulted to true for replicatedMesh run
Collision profile: collisionOutputGlobalReduce defaulted to false for replicatedMesh run

Initialising the measurement fields

Initialising dsmcVolFields field
Initialising dsmcVolFields field
Initialising dsmcVolFields field
Initialising dsmcVolFields field
Initialising dsmcVolFields field
Initialising dsmcVolFields field
Selecting collisionPartnerSelectionModel noTimeCounter
Collision profile: collisionReduceOnlyOnOutput defaulted to true for replicatedMesh run
Collision profile: collisionOutputGlobalReduce defaulted to false for replicatedMesh run

Initialising the measurement fields

Initialising dsmcVolFields field
Initialising dsmcVolFields field
Initialising dsmcVolFields field
Initialising dsmcVolFields field
Selecting collisionPartnerSelectionModel noTimeCounter
Collision profile: collisionReduceOnlyOnOutput defaulted to true for replicatedMesh run
Collision profile: collisionOutputGlobalReduce defaulted to false for replicatedMesh run

Initialising the measurement fields

Initialising dsmcVolFields field
Initialising dsmcVolFields field
Initialising dsmcVolFields field
Initialising dsmcVolFields field
Initialising dsmcVolFields field
Initialising dsmcVolFields field
Initialising dsmcVolFields field
Initialising dsmcVolFields field
Selecting collisionPartnerSelectionModel noTimeCounter
Collision profile: collisionReduceOnlyOnOutput defaulted to true for replicatedMesh run
Collision profile: collisionOutputGlobalReduce defaulted to false for replicatedMesh run

Initialising the measurement fields

Initialising dsmcVolFields field
Initialising dsmcVolFields field
Initialising dsmcVolFields field
Initialising dsmcVolFields field
Initialising dsmcVolFields field
Initialising dsmcVolFields field
Replicated mesh: METIS decomposition complete, 60000 cells -> 8 ranks
Replicated mesh: rank 0 owns 7384 / 60000 cells
Local mesh: 7384 owned + 356 halo = 7740 / 60000 cells
Replicated mesh: flatTransfer=1 found=1
Replicated mesh: flat POD transfer enabled
Replicated mesh: gatherCandidates=0
Replicated mesh: overlapSizeExchange=0
Replicated mesh: writeMode=gathered
Phase C auto DLB: enabled (ParMETIS AdaptiveRepart), imbalanceThreshold=1.5, dlbSteps=50, sarSteps=50, triggerMode=legacyWindow, minGapSteps=50, checkCollective=allgather, particleGate=0, particleGateThreshold=1.5, skipPostDiag=0, adaptiveAlpha=0
Replicated mesh: initialized with 8 MPI ranks, migrate interval 10

Starting time loop

Replicated mesh: initial particle distribution

Replicated mesh: rank 0 kept 257871 parcels, deleted 1051233 non-owned parcels
Time = 6.640048894e-07

    Collision global reduction skipped (rank 0 local diagnostics)
    Collisions                      = 4034
    Collision candidates           = 5163
    Collision acceptance rate      = 0.7813286849

    Number of DSMC particles        = 1330266
    Number of stuck particles       = 0
    Number of free particles        = 1330266
    Average linear kinetic energy   = 1.893369338e-19
    Average rotational energy       = 1.326283784e-21
    Average vibrational energy      = 5.840123366e-26
    Average electronic energy       = 0
    Total energy                    = 0.001521797241

Stage 1.0  ExecutionTime = 6.96 s  ClockTime = 8 s  Iteration 10 (0.2 s)

Time = 1.328009779e-06

    Collision global reduction skipped (rank 0 local diagnostics)
    Collisions                      = 4147
    Collision candidates           = 5615
    Collision acceptance rate      = 0.7385574354

    Number of DSMC particles        = 1353927
    Number of stuck particles       = 0
    Number of free particles        = 1353927
    Average linear kinetic energy   = 1.865831686e-19
    Average rotational energy       = 1.544380654e-21
    Average vibrational energy      = 4.601055153e-26
    Average electronic energy       = 0
    Total energy                    = 0.001528266184

Stage 1.0  ExecutionTime = 8.64 s  ClockTime = 10 s  Iteration 20 (0.17 s)

Time = 1.992014668e-06

    Collision global reduction skipped (rank 0 local diagnostics)
    Collisions                      = 4147
    Collision candidates           = 5839
    Collision acceptance rate      = 0.7102243535

    Number of DSMC particles        = 1377425
    Number of stuck particles       = 0
    Number of free particles        = 1377425
    Average linear kinetic energy   = 1.84114325e-19
    Average rotational energy       = 1.860736792e-21
    Average vibrational energy      = 9.045128119e-26
    Average electronic energy       = 0
    Total energy                    = 0.001537000944

Stage 1.0  ExecutionTime = 10.39 s  ClockTime = 12 s  Iteration 30 (0.18 s)

Time = 2.656019558e-06

    Collision global reduction skipped (rank 0 local diagnostics)
    Collisions                      = 4153
    Collision candidates           = 6028
    Collision acceptance rate      = 0.6889515594

    Number of DSMC particles        = 1400967
    Number of stuck particles       = 0
    Number of free particles        = 1400967
    Average linear kinetic energy   = 1.818967545e-19
    Average rotational energy       = 2.239645978e-21
    Average vibrational energy      = 2.223283204e-26
    Average electronic energy       = 0
    Total energy                    = 0.001547814311

Stage 1.0  ExecutionTime = 12.18 s  ClockTime = 12 s  Iteration 40 (0.18 s)

Time = 3.320024447e-06

    Collision global reduction skipped (rank 0 local diagnostics)
    Collisions                      = 4123
    Collision candidates           = 6089
    Collision acceptance rate      = 0.6771226802


Phase C auto DLB triggered (threshold) at step 50: sar=0 loadImbalance=1.552970595 threshold=1.5 particleMaxMin=1
Phase C ParMETIS weights: particles=1424466 activeCells=60000 maxCellParticles=266
Phase C ParMETIS: alpha=1 ncon=1 ubvec=[1.049999952] moveRatio=0.9049259982 (moveT=7.307166915s, collT=0.767710953s)
Phase C ParMETIS: AdaptiveRepart (60000 cells, 1 constraints, ubvec=1.049999952)
Replicated mesh: rank 0 owns 7041 / 60000 cells
Local mesh: 7041 owned + 571 halo = 7612 / 60000 cells
Phase C ParMETIS AdaptiveRepart: 58080 / 60000 cells changed (0.968)
Phase C auto DLB complete: rebalance #1

    Number of DSMC particles        = 1424466
    Number of stuck particles       = 0
    Number of free particles        = 1424466
    Average linear kinetic energy   = 1.798438635e-19
    Average rotational energy       = 2.676186764e-21
    Average vibrational energy      = 1.309443785e-25
    Average electronic energy       = 0
    Total energy                    = 0.001559962754

Stage 1.0  ExecutionTime = 14.27 s  ClockTime = 14 s  Iteration 50 (0.38 s)

Time = 3.984029336e-06

    Collision global reduction skipped (rank 0 local diagnostics)
    Collisions                      = 2517
    Collision candidates           = 3083
    Collision acceptance rate      = 0.8164125851

    Number of DSMC particles        = 1447715
    Number of stuck particles       = 0
    Number of free particles        = 1447715
    Average linear kinetic energy   = 1.779545551e-19
    Average rotational energy       = 3.069833873e-21
    Average vibrational energy      = 2.579310147e-25
    Average electronic energy       = 0
    Total energy                    = 0.00157243258

Stage 1.0  ExecutionTime = 15.91 s  ClockTime = 16 s  Iteration 60 (0.71 s)

Time = 4.648034226e-06

    Collision global reduction skipped (rank 0 local diagnostics)
    Collisions                      = 2568
    Collision candidates           = 3363
    Collision acceptance rate      = 0.7636039251

    Number of DSMC particles        = 1471195
    Number of stuck particles       = 0
    Number of free particles        = 1471195
    Average linear kinetic energy   = 1.761554454e-19
    Average rotational energy       = 3.574127673e-21
    Average vibrational energy      = 8.3566584e-25
    Average electronic energy       = 0
    Total energy                    = 0.001586510872

Stage 1.0  ExecutionTime = 17.78 s  ClockTime = 18 s  Iteration 70 (0.82 s)

Time = 5.312039115e-06

    Collision global reduction skipped (rank 0 local diagnostics)
    Collisions                      = 2600
    Collision candidates           = 3569
    Collision acceptance rate      = 0.7284953769

    Number of DSMC particles        = 1494392
    Number of stuck particles       = 0
    Number of free particles        = 1494392
    Average linear kinetic energy   = 1.745243961e-19
    Average rotational energy       = 4.083132851e-21
    Average vibrational energy      = 1.239311852e-24
    Average electronic energy       = 0
    Total energy                    = 0.001601469087

Stage 1.0  ExecutionTime = 19.73 s  ClockTime = 20 s  Iteration 80 (0.9 s)

Time = 5.976044005e-06

    Collision global reduction skipped (rank 0 local diagnostics)
    Collisions                      = 2555
    Collision candidates           = 3613
    Collision acceptance rate      = 0.707168558

    Number of DSMC particles        = 1517816
    Number of stuck particles       = 0
    Number of free particles        = 1517816
    Average linear kinetic energy   = 1.730078586e-19
    Average rotational energy       = 4.610366563e-21
    Average vibrational energy      = 1.568100961e-24
    Average electronic energy       = 0
    Total energy                    = 0.001617564985

Stage 1.0  ExecutionTime = 21.83 s  ClockTime = 22 s  Iteration 90 (1.02 s)

Time = 6.640048894e-06

    Collision global reduction skipped (rank 0 local diagnostics)
    Collisions                      = 2582
    Collision candidates           = 3687
    Collision acceptance rate      = 0.7002983455


Phase C auto DLB triggered (threshold) at step 100: sar=0 loadImbalance=1.84770079 threshold=1.5 particleMaxMin=1
Phase C ParMETIS weights: particles=1540817 activeCells=60000 maxCellParticles=307
Phase C ParMETIS: alpha=1 ncon=1 ubvec=[1.049999952] moveRatio=0.9135214971 (moveT=11.99025457s, collT=1.135057323s)
Phase C ParMETIS: AdaptiveRepart (60000 cells, 1 constraints, ubvec=1.049999952)
Replicated mesh: rank 0 owns 4267 / 60000 cells
Local mesh: 4267 owned + 250 halo = 4517 / 60000 cells
Phase C ParMETIS AdaptiveRepart: 37889 / 60000 cells changed (0.6314833333)
Phase C auto DLB complete: rebalance #2

    Number of DSMC particles        = 1540817
    Number of stuck particles       = 0
    Number of free particles        = 1540817
    Average linear kinetic energy   = 1.715623303e-19
    Average rotational energy       = 5.135485034e-21
    Average vibrational energy      = 2.050065211e-24
    Average electronic energy       = 0
    Total energy                    = 0.001633572939

Stage 1.0  ExecutionTime = 24.28 s  ClockTime = 25 s  Iteration 100 (1.33 s)

Time = 7.304053783e-06

    Collision global reduction skipped (rank 0 local diagnostics)
    Collisions                      = 73337
    Collision candidates           = 136103
    Collision acceptance rate      = 0.5388345591

    Number of DSMC particles        = 1563822
    Number of stuck particles       = 0
    Number of free particles        = 1563822
    Average linear kinetic energy   = 1.702318961e-19
    Average rotational energy       = 5.5668826e-21
    Average vibrational energy      = 3.104608916e-24
    Average electronic energy       = 0
    Total energy                    = 0.001649537116

Stage 1.0  ExecutionTime = 26.36 s  ClockTime = 27 s  Iteration 110 (0.51 s)

Time = 7.968058673e-06

    Collision global reduction skipped (rank 0 local diagnostics)
    Collisions                      = 79963
    Collision candidates           = 152000
    Collision acceptance rate      = 0.5260723684

    Number of DSMC particles        = 1586535
    Number of stuck particles       = 0
    Number of free particles        = 1586535
    Average linear kinetic energy   = 1.689549326e-19
    Average rotational energy       = 6.0551275e-21
    Average vibrational energy      = 3.794680456e-24
    Average electronic energy       = 0
    Total energy                    = 0.001665993637

Stage 1.0  ExecutionTime = 28.54 s  ClockTime = 29 s  Iteration 120 (0.35 s)

Time = 8.632063562e-06

    Collision global reduction skipped (rank 0 local diagnostics)
    Collisions                      = 85027
    Collision candidates           = 164104
    Collision acceptance rate      = 0.5181287476

    Number of DSMC particles        = 1609095
    Number of stuck particles       = 0
    Number of free particles        = 1609095
    Average linear kinetic energy   = 1.677301241e-19
    Average rotational energy       = 6.569174034e-21
    Average vibrational energy      = 4.206049048e-24
    Average electronic energy       = 0
    Total energy                    = 0.001682825383

Stage 1.0  ExecutionTime = 30.7 s  ClockTime = 32 s  Iteration 130 (0.29 s)

Time = 9.296068452e-06

    Collision global reduction skipped (rank 0 local diagnostics)
    Collisions                      = 90359
    Collision candidates           = 175727
    Collision acceptance rate      = 0.514201005

    Number of DSMC particles        = 1631351
    Number of stuck particles       = 0
    Number of free particles        = 1631351
    Average linear kinetic energy   = 1.665587716e-19
    Average rotational energy       = 7.070199698e-21
    Average vibrational energy      = 4.721018638e-24
    Average electronic energy       = 0
    Total energy                    = 0.001699544986

Stage 1.0  ExecutionTime = 32.9 s  ClockTime = 34 s  Iteration 140 (0.22 s)

Time = 9.960073341e-06

    Collision global reduction skipped (rank 0 local diagnostics)
    Collisions                      = 95082
    Collision candidates           = 186450
    Collision acceptance rate      = 0.5099597747


Phase C auto DLB triggered (threshold) at step 150: sar=0 loadImbalance=1.80921451 threshold=1.5 particleMaxMin=1
Phase C ParMETIS weights: particles=1653588 activeCells=60000 maxCellParticles=332
Phase C ParMETIS: alpha=1 ncon=1 ubvec=[1.049999952] moveRatio=0.7898956201 (moveT=18.28074355s, collT=4.862495994s)
Phase C ParMETIS: AdaptiveRepart (60000 cells, 1 constraints, ubvec=1.049999952)
Replicated mesh: rank 0 owns 4260 / 60000 cells
Local mesh: 4260 owned + 276 halo = 4536 / 60000 cells
Phase C ParMETIS AdaptiveRepart: 30457 / 60000 cells changed (0.5076166667)
Phase C auto DLB complete: rebalance #3

    Number of DSMC particles        = 1653588
    Number of stuck particles       = 0
    Number of free particles        = 1653588
    Average linear kinetic energy   = 1.65466756e-19
    Average rotational energy       = 7.532528098e-21
    Average vibrational energy      = 5.457097134e-24
    Average electronic energy       = 0
    Total energy                    = 0.001716471384

Stage 1.0  ExecutionTime = 35.4 s  ClockTime = 37 s  Iteration 150 (0.4 s)

Time = 1.062407823e-05

    Collision global reduction skipped (rank 0 local diagnostics)
    Collisions                      = 83929
    Collision candidates           = 166131
    Collision acceptance rate      = 0.5051977054

    Number of DSMC particles        = 1675880
    Number of stuck particles       = 0
    Number of free particles        = 1675880
    Average linear kinetic energy   = 1.644633337e-19
    Average rotational energy       = 7.915277463e-21
    Average vibrational energy      = 6.219153199e-24
    Average electronic energy       = 0
    Total energy                    = 0.001733377737

Stage 1.0  ExecutionTime = 37.69 s  ClockTime = 39 s  Iteration 160 (0.24 s)

Time = 1.128808312e-05

    Collision global reduction skipped (rank 0 local diagnostics)
    Collisions                      = 87939
    Collision candidates           = 174393
    Collision acceptance rate      = 0.504257625

    Number of DSMC particles        = 1697639
    Number of stuck particles       = 0
    Number of free particles        = 1697639
    Average linear kinetic energy   = 1.634588456e-19
    Average rotational energy       = 8.357661945e-21
    Average vibrational energy      = 6.652748621e-24
    Average electronic energy       = 0
    Total energy                    = 0.001750162188

Stage 1.0  ExecutionTime = 40.03 s  ClockTime = 42 s  Iteration 170 (0.23 s)

Time = 1.195208801e-05

    Collision global reduction skipped (rank 0 local diagnostics)
    Collisions                      = 91687
    Collision candidates           = 182579
    Collision acceptance rate      = 0.5021771398

    Number of DSMC particles        = 1719202
    Number of stuck particles       = 0
    Number of free particles        = 1719202
    Average linear kinetic energy   = 1.624688239e-19
    Average rotational energy       = 8.794858564e-21
    Average vibrational energy      = 7.193208649e-24
    Average electronic energy       = 0
    Total energy                    = 0.001766695392

Stage 1.0  ExecutionTime = 42.55 s  ClockTime = 42 s  Iteration 180 (0.25 s)

Time = 1.26160929e-05

    Collision global reduction skipped (rank 0 local diagnostics)
    Collisions                      = 95454
    Collision candidates           = 190326
    Collision acceptance rate      = 0.5015289556

    Number of DSMC particles        = 1740567
    Number of stuck particles       = 0
    Number of free particles        = 1740567
    Average linear kinetic energy   = 1.61515248e-19
    Average rotational energy       = 9.258921469e-21
    Average vibrational energy      = 8.123692067e-24
    Average electronic energy       = 0
    Total energy                    = 0.001783548142

Stage 1.0  ExecutionTime = 45.16 s  ClockTime = 45 s  Iteration 190 (0.25 s)

Time = 1.328009779e-05

    Collision global reduction skipped (rank 0 local diagnostics)
    Collisions                      = 99184
    Collision candidates           = 198887
    Collision acceptance rate      = 0.498695239


Phase C auto DLB triggered (threshold) at step 200: sar=0 loadImbalance=1.956527056 threshold=1.5 particleMaxMin=1
Phase C ParMETIS weights: particles=1761811 activeCells=60000 maxCellParticles=352
Phase C ParMETIS: alpha=1 ncon=1 ubvec=[1.049999952] moveRatio=0.7396367262 (moveT=25.9937548s, collT=9.150193409s)
Phase C ParMETIS: AdaptiveRepart (60000 cells, 1 constraints, ubvec=1.049999952)
Replicated mesh: rank 0 owns 8418 / 60000 cells
Local mesh: 8418 owned + 546 halo = 8964 / 60000 cells
Phase C ParMETIS AdaptiveRepart: 49073 / 60000 cells changed (0.8178833333)
Phase C auto DLB complete: rebalance #4

    Number of DSMC particles        = 1761811
    Number of stuck particles       = 0
    Number of free particles        = 1761811
    Average linear kinetic energy   = 1.605899529e-19
    Average rotational energy       = 9.710436608e-21
    Average vibrational energy      = 8.987929931e-24
    Average electronic energy       = 0
    Total energy                    = 0.001800317608

Stage 1.0  ExecutionTime = 48.15 s  ClockTime = 48 s  Iteration 200 (0.45 s)

Time = 1.394410268e-05

    Collision global reduction skipped (rank 0 local diagnostics)
    Collisions                      = 4171
    Collision candidates           = 6381
    Collision acceptance rate      = 0.653659301

    Number of DSMC particles        = 1782347
    Number of stuck particles       = 0
    Number of free particles        = 1782347
    Average linear kinetic energy   = 1.597604744e-19
    Average rotational energy       = 1.005642008e-20
    Average vibrational energy      = 9.68703813e-24
    Average electronic energy       = 0
    Total energy                    = 0.001816139389

Stage 1.0  ExecutionTime = 50.47 s  ClockTime = 51 s  Iteration 210 (1.07 s)

Time = 1.460810757e-05

    Collision global reduction skipped (rank 0 local diagnostics)
    Collisions                      = 4709
    Collision candidates           = 7585
    Collision acceptance rate      = 0.6208305867

    Number of DSMC particles        = 1803017
    Number of stuck particles       = 0
    Number of free particles        = 1803017
    Average linear kinetic energy   = 1.589159554e-19
    Average rotational energy       = 1.047064363e-20
    Average vibrational energy      = 1.044808331e-23
    Average electronic energy       = 0
    Total energy                    = 0.001832554534

Stage 1.0  ExecutionTime = 52.88 s  ClockTime = 53 s  Iteration 220 (1.09 s)

Time = 1.527211246e-05

    Collision global reduction skipped (rank 0 local diagnostics)
    Collisions                      = 5158
    Collision candidates           = 8629
    Collision acceptance rate      = 0.5977517673

    Number of DSMC particles        = 1822907
    Number of stuck particles       = 0
    Number of free particles        = 1822907
    Average linear kinetic energy   = 1.580921202e-19
    Average rotational energy       = 1.086820279e-20
    Average vibrational energy      = 1.127247279e-23
    Average electronic energy       = 0
    Total energy                    = 0.001848117025

Stage 1.0  ExecutionTime = 55.44 s  ClockTime = 56 s  Iteration 230 (1.18 s)

Time = 1.593611735e-05

    Collision global reduction skipped (rank 0 local diagnostics)
    Collisions                      = 5619
    Collision candidates           = 9841
    Collision acceptance rate      = 0.5709785591

    Number of DSMC particles        = 1842974
    Number of stuck particles       = 0
    Number of free particles        = 1842974
    Average linear kinetic energy   = 1.572796162e-19
    Average rotational energy       = 1.127177163e-20
    Average vibrational energy      = 1.222165925e-23
    Average electronic energy       = 0
    Total energy                    = 0.001863950098

Stage 1.0  ExecutionTime = 58.22 s  ClockTime = 59 s  Iteration 240 (1.29 s)

Time = 1.660012224e-05

    Collision global reduction skipped (rank 0 local diagnostics)
    Collisions                      = 6506
    Collision candidates           = 11120
    Collision acceptance rate      = 0.5850719424


Phase C auto DLB triggered (threshold) at step 250: sar=0 loadImbalance=1.833343143 threshold=1.5 particleMaxMin=1
Phase C ParMETIS weights: particles=1863076 activeCells=60000 maxCellParticles=358
Phase C ParMETIS: alpha=1 ncon=1 ubvec=[1.049999952] moveRatio=0.7654724931 (moveT=32.05890465s, collT=9.82229283s)
Phase C ParMETIS: AdaptiveRepart (60000 cells, 1 constraints, ubvec=1.049999952)
Replicated mesh: rank 0 owns 8414 / 60000 cells
Local mesh: 8414 owned + 546 halo = 8960 / 60000 cells
Phase C ParMETIS AdaptiveRepart: 40803 / 60000 cells changed (0.68005)
Phase C auto DLB complete: rebalance #5

    Number of DSMC particles        = 1863076
    Number of stuck particles       = 0
    Number of free particles        = 1863076
    Average linear kinetic energy   = 1.565293205e-19
    Average rotational energy       = 1.165541414e-20
    Average vibrational energy      = 1.32746713e-23
    Average electronic energy       = 0
    Total energy                    = 0.001880194047

Stage 1.0  ExecutionTime = 61.3 s  ClockTime = 62 s  Iteration 250 (1.52 s)

Time = 1.726412712e-05

    Collision global reduction skipped (rank 0 local diagnostics)
    Collisions                      = 7289
    Collision candidates           = 12686
    Collision acceptance rate      = 0.5745703926

    Number of DSMC particles        = 1882559
    Number of stuck particles       = 0
    Number of free particles        = 1882559
    Average linear kinetic energy   = 1.558798211e-19
    Average rotational energy       = 1.193837162e-20
    Average vibrational energy      = 1.429469574e-23
    Average electronic energy       = 0
    Total energy                    = 0.001895727358

Stage 1.0  ExecutionTime = 63.95 s  ClockTime = 65 s  Iteration 260 (1.01 s)

Time = 1.792813201e-05

    Collision global reduction skipped (rank 0 local diagnostics)
    Collisions                      = 8086
    Collision candidates           = 14274
    Collision acceptance rate      = 0.5664845173

    Number of DSMC particles        = 1901954
    Number of stuck particles       = 0
    Number of free particles        = 1901954
    Average linear kinetic energy   = 1.551082664e-19
    Average rotational energy       = 1.235535654e-20
    Average vibrational energy      = 1.573405597e-23
    Average electronic energy       = 0
    Total energy                    = 0.001911228198

Stage 1.0  ExecutionTime = 66.76 s  ClockTime = 68 s  Iteration 270 (1.02 s)

Time = 1.85921369e-05

    Collision global reduction skipped (rank 0 local diagnostics)
    Collisions                      = 9094
    Collision candidates           = 15851
    Collision acceptance rate      = 0.5737177465

    Number of DSMC particles        = 1921052
    Number of stuck particles       = 0
    Number of free particles        = 1921052
    Average linear kinetic energy   = 1.543996012e-19
    Average rotational energy       = 1.272422663e-20
    Average vibrational energy      = 1.735946815e-23
    Average electronic energy       = 0
    Total energy                    = 0.001926521473

Stage 1.0  ExecutionTime = 69.65 s  ClockTime = 71 s  Iteration 280 (1.03 s)

Time = 1.925614179e-05

    Collision global reduction skipped (rank 0 local diagnostics)
    Collisions                      = 10168
    Collision candidates           = 17687
    Collision acceptance rate      = 0.5748855091

    Number of DSMC particles        = 1940330
    Number of stuck particles       = 0
    Number of free particles        = 1940330
    Average linear kinetic energy   = 1.537002242e-19
    Average rotational energy       = 1.309561223e-20
    Average vibrational energy      = 1.866973828e-23
    Average electronic energy       = 0
    Total energy                    = 0.001942051144

Stage 1.0  ExecutionTime = 72.63 s  ClockTime = 72 s  Iteration 290 (0.99 s)

Time = 1.992014668e-05

    Collision global reduction skipped (rank 0 local diagnostics)
    Collisions                      = 11144
    Collision candidates           = 19385
    Collision acceptance rate      = 0.5748774826


Phase C auto DLB triggered (threshold) at step 300: sar=0 loadImbalance=1.991939011 threshold=1.5 particleMaxMin=1
Phase C auto DLB skipped near end at step 300: remainingSteps=0 minRemainingSteps=50
    Number of DSMC particles        = 1958746
    Number of stuck particles       = 0
    Number of free particles        = 1958746
    Average linear kinetic energy   = 1.530235032e-19
    Average rotational energy       = 1.344119763e-20
    Average vibrational energy      = 2.04481044e-23
    Average electronic energy       = 0
    Total energy                    = 0.001956612717

Stage 1.0  ExecutionTime = 75.63 s  ClockTime = 75 s  Iteration 300 (0.9 s)

End stage 1


DSMC solver profile summary
    solver profile steps          = 300
    move+collide wall [s]         = 71.72364603
    move only [s]                 = 57.8663842
    buildCellOccupancy [s]        = 6.230757883
    collision phase [s]           = 10.85208867
    post fields/output [s]        = 0.284665979
    total profiled [s]            = 75.23389674
    full evolve wall [s]          = 71.9968397
    move+collide cpu [s]          = 66.2
    move only cpu [s]             = 53.51
    buildCellOccupancy cpu [s]    = 5.64
    collision phase cpu [s]       = 9.99
    post fields/output cpu [s]    = 0.29
    total profiled cpu [s]        = 69.43
    full evolve cpu [s]           = 66.43
    collision localLoop max [s] = 10.82610701
    collision reduce max [s]    = 0
    collision sigmaBC max [s]   = 0.022491828
    collision total max [s]     = 10.84731428
    collision accounted max [s] = 10.84666119
    collision residual max [s]  = 0.000739445
    collision subphase max sum [s] = 10.84859884
    collision cumulative global collisions = 40961797
    collision cumulative global candidates  = 74366879
    collision cumulative acceptance        = 0.550806993
    OpenMP enabled                = 0
    OpenMP max threads            = 1
    OpenMP move                   = 0 (static, chunk 64)
    OpenMP collision              = dynamic, chunk 8


Replicated mesh profiling summary:
    migration calls             = 36
    migration wall time [s]     = 3.958353427
    local particles (final)     = 267459
    migration wall max [s]      = 4.454255711
    migration pack max [s]      = 0.758017705
    migration local prep max [s]= 0.294074517
    migration size exchange max [s] = 3.37068664
    migration request post max [s] = 0.058231115
    migration wait max [s]      = 0.107344305
    migration deserialize max [s] = 0.315337394
    migration post max [s]      = 1.0216e-05
    migration candidate gather max [s] = 1.505e-06
    migration accounted max [s] = 4.454255711
    migration residual max [s]  = 1.776356839e-15
    updateParticleCounts max [s]= 0.292285234
    migration subphase max sum [s] = 4.903703397
    particles per rank          = min 220804 max 267459 max/min 1.211295991
    rank wall time (evolve, 300 steps): min 46.72 max 63.87 max/min 1.367080479
    Phase C auto DLB checks      = 300
    Phase C auto DLB rebalances = 5
    Phase C auto DLB triggered checks = 5
    Phase C auto DLB wall max [s]= 5.966138491
    Phase C auto DLB check max [s]= 5.126897856
    Phase C ParMETIS max [s]     = 0.213526219
    Phase C migration max [s]    = 0.681432349
    Phase C cellOwner write max [s] = 0
    Phase C post-diagnostic max [s] = 0.000678316
    Phase C auto DLB accounted max [s] = 6.02253474
    Phase C auto DLB residual max [s] = -0.056396249

Total Iterations = 300
End main

real 75.38
user 551.31
sys 56.46
