/*---------------------------------------------------------------------------*\
| =========                 |                                                 |
| \\      /  F ield         | OpenFOAM: The Open Source CFD Toolbox           |
|  \\    /   O peration     | Version:  v1706                                 |
|   \\  /    A nd           | Web:      www.OpenFOAM.com                      |
|    \\/     M anipulation  |                                                 |
\*---------------------------------------------------------------------------*/
Build  : v1706
Arch   : "LSB;label=32;scalar=64"
Exec   : dsmcFoam+
Date   : Jun 22 2026
Time   : 04:31:41
Host   : "SuperXCX-ROG"
PID    : 1041028
/*---------------------------------------------------------------------------*\
| =========                 |                                                 |
| \\      /  F ield         | OpenFOAM: The Open Source CFD Toolbox           |
|  \\    /   O peration     | Version:  v1706                                 |
|   \\  /    A nd           | Web:      www.OpenFOAM.com                      |
|    \\/     M anipulation  |                                                 |
\*---------------------------------------------------------------------------*/
Build  : v1706
Arch   : "LSB;label=32;scalar=64"
Exec   : dsmcFoam+
Date   : Jun 22 2026
Time   : 04:31:41
Host   : "SuperXCX-ROG"
PID    : 1041029
/*---------------------------------------------------------------------------*\
| =========                 |                                                 |
| \\      /  F ield         | OpenFOAM: The Open Source CFD Toolbox           |
|  \\    /   O peration     | Version:  v1706                                 |
|   \\  /    A nd           | Web:      www.OpenFOAM.com                      |
|    \\/     M anipulation  |                                                 |
\*---------------------------------------------------------------------------*/
Build  : v1706
Arch   : "LSB;label=32;scalar=64"
Exec   : dsmcFoam+
Date   : Jun 22 2026
Time   : 04:31:41
Host   : "SuperXCX-ROG"
PID    : 1041033
/*---------------------------------------------------------------------------*\
| =========                 |                                                 |
| \\      /  F ield         | OpenFOAM: The Open Source CFD Toolbox           |
|  \\    /   O peration     | Version:  v1706                                 |
|   \\  /    A nd           | Web:      www.OpenFOAM.com                      |
|    \\/     M anipulation  |                                                 |
\*---------------------------------------------------------------------------*/
Build  : v1706
Arch   : "LSB;label=32;scalar=64"
Exec   : dsmcFoam+
Date   : Jun 22 2026
Time   : 04:31:41
Host   : "SuperXCX-ROG"
PID    : 1041031
/*---------------------------------------------------------------------------*\
| =========                 |                                                 |
| \\      /  F ield         | OpenFOAM: The Open Source CFD Toolbox           |
|  \\    /   O peration     | Version:  v1706                                 |
|   \\  /    A nd           | Web:      www.OpenFOAM.com                      |
|    \\/     M anipulation  |                                                 |
\*---------------------------------------------------------------------------*/
Build  : v1706
Arch   : "LSB;label=32;scalar=64"
Exec   : dsmcFoam+
Date   : Jun 22 2026
Time   : 04:31:41
Host   : "SuperXCX-ROG"
PID    : 1041037
/*---------------------------------------------------------------------------*\
| =========                 |                                                 |
| \\      /  F ield         | OpenFOAM: The Open Source CFD Toolbox           |
|  \\    /   O peration     | Version:  v1706                                 |
|   \\  /    A nd           | Web:      www.OpenFOAM.com                      |
|    \\/     M anipulation  |                                                 |
\*---------------------------------------------------------------------------*/
Build  : v1706
Arch   : "LSB;label=32;scalar=64"
Exec   : dsmcFoam+
Date   : Jun 22 2026
Time   : 04:31:41
Host   : "SuperXCX-ROG"
PID    : 1041036
/*---------------------------------------------------------------------------*\
| =========                 |                                                 |
| \\      /  F ield         | OpenFOAM: The Open Source CFD Toolbox           |
|  \\    /   O peration     | Version:  v1706                                 |
|   \\  /    A nd           | Web:      www.OpenFOAM.com                      |
|    \\/     M anipulation  |                                                 |
\*---------------------------------------------------------------------------*/
Build  : v1706
Arch   : "LSB;label=32;scalar=64"
Exec   : dsmcFoam+
Date   : Jun 22 2026
Time   : 04:31:41
Host   : "SuperXCX-ROG"
PID    : 1041039
Case   : /home/superxcx/code/OpenFoam/OF-1706/hyStrath_dlb/doc/worklog/v2506/detail_mix/zb_omp8_mpi8_wallflux_compare_20260622_rerun/cases/MPI8
nProcs : 1
sigFpe : Enabling floating point exception trapping (FOAM_SIGFPE).
Case   : /home/superxcx/code/OpenFoam/OF-1706/hyStrath_dlb/doc/worklog/v2506/detail_mix/zb_omp8_mpi8_wallflux_compare_20260622_rerun/cases/MPI8
nProcs : 1
sigFpe : Enabling floating point exception trapping (FOAM_SIGFPE).
Case   : /home/superxcx/code/OpenFoam/OF-1706/hyStrath_dlb/doc/worklog/v2506/detail_mix/zb_omp8_mpi8_wallflux_compare_20260622_rerun/cases/MPI8
nProcs : 1
sigFpe : Enabling floating point exception trapping (FOAM_SIGFPE).
Case   : /home/superxcx/code/OpenFoam/OF-1706/hyStrath_dlb/doc/worklog/v2506/detail_mix/zb_omp8_mpi8_wallflux_compare_20260622_rerun/cases/MPI8
nProcs : 1
sigFpe : Enabling floating point exception trapping (FOAM_SIGFPE).
fileModificationChecking : Monitoring run-time modified files using timeStampMaster (fileModificationSkew 10)
allowSystemOperations : Allowing user-supplied system call operations

Case   : /home/superxcx/code/OpenFoam/OF-1706/hyStrath_dlb/doc/worklog/v2506/detail_mix/zb_omp8_mpi8_wallflux_compare_20260622_rerun/cases/MPI8
nProcs : 1
sigFpe : Enabling floating point exception trapping (FOAM_SIGFPE).
fileModificationChecking : Monitoring run-time modified files using timeStampMaster (fileModificationSkew 10)
allowSystemOperations : Allowing user-supplied system call operations

Case   : /home/superxcx/code/OpenFoam/OF-1706/hyStrath_dlb/doc/worklog/v2506/detail_mix/zb_omp8_mpi8_wallflux_compare_20260622_rerun/cases/MPI8
nProcs : 1
sigFpe : Enabling floating point exception trapping (FOAM_SIGFPE).
fileModificationChecking : Monitoring run-time modified files using timeStampMaster (fileModificationSkew 10)
allowSystemOperations : Allowing user-supplied system call operations

Case   : /home/superxcx/code/OpenFoam/OF-1706/hyStrath_dlb/doc/worklog/v2506/detail_mix/zb_omp8_mpi8_wallflux_compare_20260622_rerun/cases/MPI8
nProcs : 1
sigFpe : Enabling floating point exception trapping (FOAM_SIGFPE).
fileModificationChecking : Monitoring run-time modified files using timeStampMaster (fileModificationSkew 10)
allowSystemOperations : Allowing user-supplied system call operations

fileModificationChecking : Monitoring run-time modified files using timeStampMaster (fileModificationSkew 10)
allowSystemOperations : Allowing user-supplied system call operations

fileModificationChecking : Monitoring run-time modified files using timeStampMaster (fileModificationSkew 10)
allowSystemOperations : Allowing user-supplied system call operations

fileModificationChecking : Monitoring run-time modified files using timeStampMaster (fileModificationSkew 10)
allowSystemOperations : Allowing user-supplied system call operations

// * * * * * * * * * * * * * * * * * * * * * * * * * * * * * * * * * * * * * //
Create time

// * * * * * * * * * * * * * * * * * * * * * * * * * * * * * * * * * * * * * //
Create time

// * * * * * * * * * * * * * * * * * * * * * * * * * * * * * * * * * * * * * //
Create time

// * * * * * * * * * * * * * * * * * * * * * * * * * * * * * * * * * * * * * //
Create time

// * * * * * * * * * * * * * * * * * * * * * * * * * * * * * * * * * * * * * //
Create time

// * * * * * * * * * * * * * * * * * * * * * * * * * * * * * * * * * * * * * //
Create time

// * * * * * * * * * * * * * * * * * * * * * * * * * * * * * * * * * * * * * //
Create time

/*---------------------------------------------------------------------------*\
| =========                 |                                                 |
| \\      /  F ield         | OpenFOAM: The Open Source CFD Toolbox           |
|  \\    /   O peration     | Version:  v1706                                 |
|   \\  /    A nd           | Web:      www.OpenFOAM.com                      |
|    \\/     M anipulation  |                                                 |
\*---------------------------------------------------------------------------*/
Build  : v1706
Arch   : "LSB;label=32;scalar=64"
Exec   : dsmcFoam+
Date   : Jun 22 2026
Time   : 04:31:41
Host   : "SuperXCX-ROG"
PID    : 1041038
Create mesh for time = 0

Create mesh for time = 0

Create mesh for time = 0

Selecting dynamicFvMesh dynamicRefineFvMesh
Create mesh for time = 0

Selecting dynamicFvMesh dynamicRefineFvMesh
Create mesh for time = 0

Selecting dynamicFvMesh dynamicRefineFvMesh
Selecting dynamicFvMesh dynamicRefineFvMesh
Selecting dynamicFvMesh dynamicRefineFvMesh
Case   : /home/superxcx/code/OpenFoam/OF-1706/hyStrath_dlb/doc/worklog/v2506/detail_mix/zb_omp8_mpi8_wallflux_compare_20260622_rerun/cases/MPI8
nProcs : 1
sigFpe : Enabling floating point exception trapping (FOAM_SIGFPE).
fileModificationChecking : Monitoring run-time modified files using timeStampMaster (fileModificationSkew 10)
allowSystemOperations : Allowing user-supplied system call operations

Create mesh for time = 0

Create mesh for time = 0

Selecting dynamicFvMesh dynamicRefineFvMesh
// * * * * * * * * * * * * * * * * * * * * * * * * * * * * * * * * * * * * * //
Create time

Selecting dynamicFvMesh dynamicRefineFvMesh
Create mesh for time = 0

Selecting dynamicFvMesh dynamicRefineFvMesh

Constructing dsmcCloud 

Constructing dsmcCloud 

Constructing dsmcCloud 

Constructing dsmcCloud 

Constructing dsmcCloud 

Constructing dsmcCloud 

Constructing dsmcCloud 

Constructing dsmcCloud 
Selecting the coordinate system model:	dsmcCartesian

Selecting the time-step model:	dsmcConstantTimeStepModel

Constant time-step model:
- time-step [sec]	6.640048894e-08

Selecting the porous measurement model:	dsmcNoPorousMediumMeasurements


Creating dsmcControllers

Creating fields: 

Selecting field: dsmcVolFields

TimeData Statistics: 
 measurement option: write
 nSamples: 1, time interval: 6.640048894e-08
 nAverages: 300, time interval: 1.992014668e-05
 total no. of sampling steps: 0
 total no. of averaging Steps: 0


Selecting the coordinate system model:	dsmcCartesian

Selecting the time-step model:	dsmcConstantTimeStepModel

Constant time-step model:
- time-step [sec]	6.640048894e-08

Selecting the porous measurement model:	dsmcNoPorousMediumMeasurements

Selecting field: dsmcVolFields

TimeData Statistics: 
 measurement option: write
 nSamples: 1, time interval: 6.640048894e-08
 nAverages: 300, time interval: 1.992014668e-05
 total no. of sampling steps: 0
 total no. of averaging Steps: 0


Selecting the coordinate system model:	dsmcCartesian

Selecting the time-step model:	dsmcConstantTimeStepModel

Constant time-step model:
- time-step [sec]	6.640048894e-08

Selecting the porous measurement model:	dsmcNoPorousMediumMeasurements


Creating dsmcControllers

Creating fields: 

Selecting field: dsmcVolFields

TimeData Statistics: 
 measurement option: write
 nSamples: 1, time interval: 6.640048894e-08
 nAverages: 300, time interval: 1.992014668e-05
 total no. of sampling steps: 0
 total no. of averaging Steps: 0



Creating dsmcControllers

Creating fields: 

Selecting field: dsmcVolFields

TimeData Statistics: 
 measurement option: write
 nSamples: 1, time interval: 6.640048894e-08
 nAverages: 300, time interval: 1.992014668e-05
 total no. of sampling steps: 0
 total no. of averaging Steps: 0


Selecting the coordinate system model:	dsmcCartesian

Selecting the time-step model:	dsmcConstantTimeStepModel

Constant time-step model:
- time-step [sec]	6.640048894e-08

Selecting the porous measurement model:	dsmcNoPorousMediumMeasurements

Selecting the coordinate system model:	dsmcCartesian

Selecting the time-step model:	dsmcConstantTimeStepModel

Constant time-step model:
- time-step [sec]	6.640048894e-08

Selecting the porous measurement model:	dsmcNoPorousMediumMeasurements


Creating dsmcControllers

Creating fields: 

Selecting field: dsmcVolFields

TimeData Statistics: 
 measurement option: write
 nSamples: 1, time interval: 6.640048894e-08
 nAverages: 300, time interval: 1.992014668e-05
 total no. of sampling steps: 0
 total no. of averaging Steps: 0


Selecting the coordinate system model:	dsmcCartesian

Selecting the time-step model:	dsmcConstantTimeStepModel

Constant time-step model:
- time-step [sec]	6.640048894e-08

Selecting the porous measurement model:	dsmcNoPorousMediumMeasurements


Creating dsmcControllers

Creating fields: 

Selecting field: dsmcVolFields

TimeData Statistics: 
 measurement option: write
 nSamples: 1, time interval: 6.640048894e-08
 nAverages: 300, time interval: 1.992014668e-05
 total no. of sampling steps: 0
 total no. of averaging Steps: 0



Creating dsmcControllers

Creating fields: 

Selecting field: dsmcVolFields

TimeData Statistics: 
 measurement option: write
 nSamples: 1, time interval: 6.640048894e-08
 nAverages: 300, time interval: 1.992014668e-05
 total no. of sampling steps: 0
 total no. of averaging Steps: 0


Selecting the coordinate system model:	dsmcCartesian

Selecting the time-step model:	dsmcConstantTimeStepModel

Constant time-step model:
- time-step [sec]	6.640048894e-08

Selecting the porous measurement model:	dsmcNoPorousMediumMeasurements


Creating dsmcControllers

Creating fields: 

Selecting field: dsmcVolFields

TimeData Statistics: 
 measurement option: write
 nSamples: 1, time interval: 6.640048894e-08
 nAverages: 300, time interval: 1.992014668e-05
 total no. of sampling steps: 0
 total no. of averaging Steps: 0


Selecting field: dsmcVolFields

TimeData Statistics: 
 measurement option: write
 nSamples: 1, time interval: 6.640048894e-08
 nAverages: 300, time interval: 1.992014668e-05
 total no. of sampling steps: 0
 total no. of averaging Steps: 0


Selecting the coordinate system model:	dsmcCartesian

Selecting the time-step model:	dsmcConstantTimeStepModel

Constant time-step model:
- time-step [sec]	6.640048894e-08

Selecting the porous measurement model:	dsmcNoPorousMediumMeasurements

Selecting field: dsmcVolFields

TimeData Statistics: 
 measurement option: write
 nSamples: 1, time interval: 6.640048894e-08
 nAverages: 300, time interval: 1.992014668e-05
 total no. of sampling steps: 0
 total no. of averaging Steps: 0


Selecting field: dsmcVolFields

TimeData Statistics: 
 measurement option: write
 nSamples: 1, time interval: 6.640048894e-08
 nAverages: 300, time interval: 1.992014668e-05
 total no. of sampling steps: 0
 total no. of averaging Steps: 0



Creating dsmcControllers

Creating fields: 

Selecting field: dsmcVolFields

TimeData Statistics: 
 measurement option: write
 nSamples: 1, time interval: 6.640048894e-08
 nAverages: 300, time interval: 1.992014668e-05
 total no. of sampling steps: 0
 total no. of averaging Steps: 0


Selecting field: dsmcVolFields

TimeData Statistics: 
 measurement option: write
 nSamples: 1, time interval: 6.640048894e-08
 nAverages: 300, time interval: 1.992014668e-05
 total no. of sampling steps: 0
 total no. of averaging Steps: 0


Selecting field: dsmcVolFields

TimeData Statistics: 
 measurement option: write
 nSamples: 1, time interval: 6.640048894e-08
 nAverages: 300, time interval: 1.992014668e-05
 total no. of sampling steps: 0
 total no. of averaging Steps: 0


Selecting field: dsmcVolFields

TimeData Statistics: 
 measurement option: write
 nSamples: 1, time interval: 6.640048894e-08
 nAverages: 300, time interval: 1.992014668e-05
 total no. of sampling steps: 0
 total no. of averaging Steps: 0


Selecting field: dsmcVolFields

TimeData Statistics: 
 measurement option: write
 nSamples: 1, time interval: 6.640048894e-08
 nAverages: 300, time interval: 1.992014668e-05
 total no. of sampling steps: 0
 total no. of averaging Steps: 0


Selecting field: dsmcVolFields

TimeData Statistics: 
 measurement option: write
 nSamples: 1, time interval: 6.640048894e-08
 nAverages: 300, time interval: 1.992014668e-05
 total no. of sampling steps: 0
 total no. of averaging Steps: 0


Selecting field: dsmcVolFields

TimeData Statistics: 
 measurement option: write
 nSamples: 1, time interval: 6.640048894e-08
 nAverages: 300, time interval: 1.992014668e-05
 total no. of sampling steps: 0
 total no. of averaging Steps: 0


Selecting field: dsmcVolFields

TimeData Statistics: 
 measurement option: write
 nSamples: 1, time interval: 6.640048894e-08
 nAverages: 300, time interval: 1.992014668e-05
 total no. of sampling steps: 0
 total no. of averaging Steps: 0


Selecting field: dsmcVolFields

TimeData Statistics: 
 measurement option: write
 nSamples: 1, time interval: 6.640048894e-08
 nAverages: 300, time interval: 1.992014668e-05
 total no. of sampling steps: 0
 total no. of averaging Steps: 0


Selecting field: dsmcVolFields

TimeData Statistics: 
 measurement option: write
 nSamples: 1, time interval: 6.640048894e-08
 nAverages: 300, time interval: 1.992014668e-05
 total no. of sampling steps: 0
 total no. of averaging Steps: 0


Selecting field: dsmcVolFields

TimeData Statistics: 
 measurement option: write
 nSamples: 1, time interval: 6.640048894e-08
 nAverages: 300, time interval: 1.992014668e-05
 total no. of sampling steps: 0
 total no. of averaging Steps: 0


Selecting field: dsmcVolFields

TimeData Statistics: 
 measurement option: write
 nSamples: 1, time interval: 6.640048894e-08
 nAverages: 300, time interval: 1.992014668e-05
 total no. of sampling steps: 0
 total no. of averaging Steps: 0


Selecting field: dsmcVolFields

TimeData Statistics: 
 measurement option: write
 nSamples: 1, time interval: 6.640048894e-08
 nAverages: 300, time interval: 1.992014668e-05
 total no. of sampling steps: 0
 total no. of averaging Steps: 0


Selecting field: dsmcVolFields

TimeData Statistics: 
 measurement option: write
 nSamples: 1, time interval: 6.640048894e-08
 nAverages: 300, time interval: 1.992014668e-05
 total no. of sampling steps: 0
 total no. of averaging Steps: 0


Selecting field: dsmcVolFields

TimeData Statistics: 
 measurement option: write
 nSamples: 1, time interval: 6.640048894e-08
 nAverages: 300, time interval: 1.992014668e-05
 total no. of sampling steps: 0
 total no. of averaging Steps: 0


Selecting field: dsmcVolFields

TimeData Statistics: 
 measurement option: write
 nSamples: 1, time interval: 6.640048894e-08
 nAverages: 300, time interval: 1.992014668e-05
 total no. of sampling steps: 0
 total no. of averaging Steps: 0


Selecting field: dsmcVolFields

TimeData Statistics: 
 measurement option: write
 nSamples: 1, time interval: 6.640048894e-08
 nAverages: 300, time interval: 1.992014668e-05
 total no. of sampling steps: 0
 total no. of averaging Steps: 0


Selecting field: dsmcVolFields

TimeData Statistics: 
 measurement option: write
 nSamples: 1, time interval: 6.640048894e-08
 nAverages: 300, time interval: 1.992014668e-05
 total no. of sampling steps: 0
 total no. of averaging Steps: 0


Selecting field: dsmcVolFields

TimeData Statistics: 
 measurement option: write
 nSamples: 1, time interval: 6.640048894e-08
 nAverages: 300, time interval: 1.992014668e-05
 total no. of sampling steps: 0
 total no. of averaging Steps: 0


Selecting field: dsmcVolFields

TimeData Statistics: 
 measurement option: write
 nSamples: 1, time interval: 6.640048894e-08
 nAverages: 300, time interval: 1.992014668e-05
 total no. of sampling steps: 0
 total no. of averaging Steps: 0


Selecting field: dsmcVolFields

TimeData Statistics: 
 measurement option: write
 nSamples: 1, time interval: 6.640048894e-08
 nAverages: 300, time interval: 1.992014668e-05
 total no. of sampling steps: 0
 total no. of averaging Steps: 0


Selecting field: dsmcVolFields

TimeData Statistics: 
 measurement option: write
 nSamples: 1, time interval: 6.640048894e-08
 nAverages: 300, time interval: 1.992014668e-05
 total no. of sampling steps: 0
 total no. of averaging Steps: 0


Selecting field: dsmcVolFields

TimeData Statistics: 
 measurement option: write
 nSamples: 1, time interval: 6.640048894e-08
 nAverages: 300, time interval: 1.992014668e-05
 total no. of sampling steps: 0
 total no. of averaging Steps: 0


Selecting field: dsmcVolFields

TimeData Statistics: 
 measurement option: write
 nSamples: 1, time interval: 6.640048894e-08
 nAverages: 300, time interval: 1.992014668e-05
 total no. of sampling steps: 0
 total no. of averaging Steps: 0


Selecting field: dsmcVolFields

TimeData Statistics: 
 measurement option: write
 nSamples: 1, time interval: 6.640048894e-08
 nAverages: 300, time interval: 1.992014668e-05
 total no. of sampling steps: 0
 total no. of averaging Steps: 0


Selecting field: dsmcVolFields

TimeData Statistics: 
 measurement option: write
 nSamples: 1, time interval: 6.640048894e-08
 nAverages: 300, time interval: 1.992014668e-05
 total no. of sampling steps: 0
 total no. of averaging Steps: 0


Selecting field: dsmcVolFields

TimeData Statistics: 
 measurement option: write
 nSamples: 1, time interval: 6.640048894e-08
 nAverages: 300, time interval: 1.992014668e-05
 total no. of sampling steps: 0
 total no. of averaging Steps: 0


Selecting field: dsmcVolFields

TimeData Statistics: 
 measurement option: write
 nSamples: 1, time interval: 6.640048894e-08
 nAverages: 300, time interval: 1.992014668e-05
 total no. of sampling steps: 0
 total no. of averaging Steps: 0


Selecting field: dsmcVolFields

TimeData Statistics: 
 measurement option: write
 nSamples: 1, time interval: 6.640048894e-08
 nAverages: 300, time interval: 1.992014668e-05
 total no. of sampling steps: 0
 total no. of averaging Steps: 0


Creating the boundary models: 

Selecting dsmcPatchBoundaryModel dsmcDeletionPatch
Selecting dsmcPatchBoundaryModel dsmcDeletionPatch
Selecting dsmcPatchBoundaryModel dsmcDiffuseWallPatch
Selecting dsmcGeneralBoundaryModel dsmcFreeStreamInflowPatch
Selecting field: dsmcVolFields

TimeData Statistics: 
 measurement option: write
 nSamples: 1, time interval: 6.640048894e-08
 nAverages: 300, time interval: 1.992014668e-05
 total no. of sampling steps: 0
 total no. of averaging Steps: 0


Selecting field: dsmcVolFields

TimeData Statistics: 
 measurement option: write
 nSamples: 1, time interval: 6.640048894e-08
 nAverages: 300, time interval: 1.992014668e-05
 total no. of sampling steps: 0
 total no. of averaging Steps: 0


Selecting field: dsmcVolFields

TimeData Statistics: 
 measurement option: write
 nSamples: 1, time interval: 6.640048894e-08
 nAverages: 300, time interval: 1.992014668e-05
 total no. of sampling steps: 0
 total no. of averaging Steps: 0


Selecting BinaryCollisionModel LarsenBorgnakkeVariableHardSphere

Creating dsmcReactions

Selecting the reaction model dissociationQK
Selecting the reaction model dissociationExchangeQK
Selecting the reaction model dissociationQK
Selecting the reaction model dissociationQK
Selecting the reaction model dissociationQK
Selecting the reaction model dissociationQK
Selecting the reaction model dissociationQK
Selecting the reaction model dissociationExchangeQK
Selecting the reaction model dissociationQK
Selecting the reaction model dissociationExchangeQK
Selecting the reaction model dissociationExchangeQK
Selecting the reaction model dissociationQK
Number of reactions created: 12
Selecting field: dsmcVolFields

TimeData Statistics: 
 measurement option: write
 nSamples: 1, time interval: 6.640048894e-08
 nAverages: 300, time interval: 1.992014668e-05
 total no. of sampling steps: 0
 total no. of averaging Steps: 0


Selecting field: dsmcVolFields

TimeData Statistics: 
 measurement option: write
 nSamples: 1, time interval: 6.640048894e-08
 nAverages: 300, time interval: 1.992014668e-05
 total no. of sampling steps: 0
 total no. of averaging Steps: 0


Selecting field: dsmcVolFields

TimeData Statistics: 
 measurement option: write
 nSamples: 1, time interval: 6.640048894e-08
 nAverages: 300, time interval: 1.992014668e-05
 total no. of sampling steps: 0
 total no. of averaging Steps: 0


Selecting field: dsmcVolFields

TimeData Statistics: 
 measurement option: write
 nSamples: 1, time interval: 6.640048894e-08
 nAverages: 300, time interval: 1.992014668e-05
 total no. of sampling steps: 0
 total no. of averaging Steps: 0


Creating the boundary models: 

Selecting dsmcPatchBoundaryModel dsmcDeletionPatch
Selecting dsmcPatchBoundaryModel dsmcDeletionPatch
Selecting dsmcPatchBoundaryModel dsmcDiffuseWallPatch
Selecting dsmcGeneralBoundaryModel dsmcFreeStreamInflowPatch
Creating the boundary models: 

Selecting dsmcPatchBoundaryModel dsmcDeletionPatch
Selecting dsmcPatchBoundaryModel dsmcDeletionPatch
Selecting dsmcPatchBoundaryModel dsmcDiffuseWallPatch
Selecting dsmcGeneralBoundaryModel dsmcFreeStreamInflowPatch
Selecting field: dsmcVolFields

TimeData Statistics: 
 measurement option: write
 nSamples: 1, time interval: 6.640048894e-08
 nAverages: 300, time interval: 1.992014668e-05
 total no. of sampling steps: 0
 total no. of averaging Steps: 0


Selecting BinaryCollisionModel LarsenBorgnakkeVariableHardSphere

Creating dsmcReactions

Selecting the reaction model dissociationQK
Selecting the reaction model dissociationExchangeQK
Selecting the reaction model dissociationQK
Selecting the reaction model dissociationQK
Selecting the reaction model dissociationQK
Selecting the reaction model dissociationQK
Selecting the reaction model dissociationQK
Selecting the reaction model dissociationExchangeQK
Selecting the reaction model dissociationQK
Selecting the reaction model dissociationExchangeQK
Selecting the reaction model dissociationExchangeQK
Selecting the reaction model dissociationQK
Number of reactions created: 12
Selecting BinaryCollisionModel LarsenBorgnakkeVariableHardSphere

Creating dsmcReactions

Selecting the reaction model dissociationQK
Selecting the reaction model dissociationExchangeQK
Selecting the reaction model dissociationQK
Selecting the reaction model dissociationQK
Selecting the reaction model dissociationQK
Selecting the reaction model dissociationQK
Selecting the reaction model dissociationQK
Selecting the reaction model dissociationExchangeQK
Selecting the reaction model dissociationQK
Selecting the reaction model dissociationExchangeQK
Selecting the reaction model dissociationExchangeQK
Selecting the reaction model dissociationQK
Number of reactions created: 12
Creating the boundary models: 

Selecting dsmcPatchBoundaryModel dsmcDeletionPatch
Selecting dsmcPatchBoundaryModel dsmcDeletionPatch
Selecting dsmcPatchBoundaryModel dsmcDiffuseWallPatch
Selecting dsmcGeneralBoundaryModel dsmcFreeStreamInflowPatch
Creating the boundary models: 

Selecting dsmcPatchBoundaryModel dsmcDeletionPatch
Selecting dsmcPatchBoundaryModel dsmcDeletionPatch
Selecting dsmcPatchBoundaryModel dsmcDiffuseWallPatch
Selecting dsmcGeneralBoundaryModel dsmcFreeStreamInflowPatch
Creating the boundary models: 

Selecting dsmcPatchBoundaryModel dsmcDeletionPatch
Selecting dsmcPatchBoundaryModel dsmcDeletionPatch
Selecting dsmcPatchBoundaryModel dsmcDiffuseWallPatch
Selecting dsmcGeneralBoundaryModel dsmcFreeStreamInflowPatch
Selecting BinaryCollisionModel LarsenBorgnakkeVariableHardSphere

Creating dsmcReactions

Selecting the reaction model dissociationQK
Selecting the reaction model dissociationExchangeQK
Selecting BinaryCollisionModel LarsenBorgnakkeVariableHardSphere
Selecting the reaction model dissociationQK
Selecting the reaction model dissociationQK
Selecting the reaction model dissociationQK
Selecting the reaction model dissociationQK
Selecting the reaction model dissociationQK
Selecting the reaction model dissociationExchangeQK
Selecting the reaction model dissociationQK
Selecting the reaction model dissociationExchangeQK
Selecting the reaction model dissociationExchangeQK
Selecting the reaction model dissociationQK
Number of reactions created: 12

Creating dsmcReactions

Selecting the reaction model dissociationQK
Selecting the reaction model dissociationExchangeQK
Selecting the reaction model dissociationQK
Selecting the reaction model dissociationQK
Selecting the reaction model dissociationQK
Selecting the reaction model dissociationQK
Selecting the reaction model dissociationQK
Selecting the reaction model dissociationExchangeQK
Selecting the reaction model dissociationQK
Selecting the reaction model dissociationExchangeQK
Selecting the reaction model dissociationExchangeQK
Selecting the reaction model dissociationQK
Number of reactions created: 12
Selecting BinaryCollisionModel LarsenBorgnakkeVariableHardSphere
Creating the boundary models: 

Selecting dsmcPatchBoundaryModel dsmcDeletionPatch
Selecting dsmcPatchBoundaryModel dsmcDeletionPatch
Selecting dsmcPatchBoundaryModel dsmcDiffuseWallPatch
Selecting dsmcGeneralBoundaryModel dsmcFreeStreamInflowPatch

Creating dsmcReactions

Selecting the reaction model dissociationQK
Selecting the reaction model dissociationExchangeQK
Selecting the reaction model dissociationQK
Selecting the reaction model dissociationQK
Selecting the reaction model dissociationQK
Selecting the reaction model dissociationQK
Selecting the reaction model dissociationQK
Selecting the reaction model dissociationExchangeQK
Selecting the reaction model dissociationQK
Selecting the reaction model dissociationExchangeQK
Selecting the reaction model dissociationExchangeQK
Selecting the reaction model dissociationQK
Number of reactions created: 12
Selecting BinaryCollisionModel LarsenBorgnakkeVariableHardSphere

Creating dsmcReactions

Selecting the reaction model dissociationQK
Selecting the reaction model dissociationExchangeQK
Selecting the reaction model dissociationQK
Selecting the reaction model dissociationQK
Selecting the reaction model dissociationQK
Selecting the reaction model dissociationQK
Selecting the reaction model dissociationQK
Selecting the reaction model dissociationExchangeQK
Selecting the reaction model dissociationQK
Selecting the reaction model dissociationExchangeQK
Selecting the reaction model dissociationExchangeQK
Selecting the reaction model dissociationQK
Number of reactions created: 12
Creating the boundary models: 

Selecting dsmcPatchBoundaryModel dsmcDeletionPatch
Selecting dsmcPatchBoundaryModel dsmcDeletionPatch
Selecting dsmcPatchBoundaryModel dsmcDiffuseWallPatch
Selecting dsmcGeneralBoundaryModel dsmcFreeStreamInflowPatch
Selecting BinaryCollisionModel LarsenBorgnakkeVariableHardSphere

Creating dsmcReactions

Selecting the reaction model dissociationQK
Selecting the reaction model dissociationExchangeQK
Selecting the reaction model dissociationQK
Selecting the reaction model dissociationQK
Selecting the reaction model dissociationQK
Selecting the reaction model dissociationQK
Selecting the reaction model dissociationQK
Selecting the reaction model dissociationExchangeQK
Selecting the reaction model dissociationQK
Selecting the reaction model dissociationExchangeQK
Selecting the reaction model dissociationExchangeQK
Selecting the reaction model dissociationQK
Number of reactions created: 12

Constructing constant properties for
	N2
	O2
	NO
	N
	O

Constructing constant properties for
	N2
	O2
	NO
	N
	O

Constructing constant properties for
	N2
	O2
	NO
	N
	O

Constructing constant properties for
	N2
	O2
	NO
	N
	O

Constructing constant properties for
	N2
	O2
	NO
	N
	O

Constructing constant properties for
	N2
	O2
	NO
	N
	O
Selecting collisionPartnerSelectionModel noTimeCounter
Collision profile: collisionReduceOnlyOnOutput defaulted to true for replicatedMesh run
Collision profile: collisionOutputGlobalReduce defaulted to false for replicatedMesh run

Initialising the measurement fields

Initialising dsmcVolFields field

Constructing constant properties for
	N2
	O2
	NO
	N
	O
Initialising dsmcVolFields field
Initialising dsmcVolFields field
Initialising dsmcVolFields field
Initialising dsmcVolFields field

Constructing constant properties for
Initialising dsmcVolFields field
	N2
	O2
	NO
	N
	O
Selecting collisionPartnerSelectionModel noTimeCounter
Collision profile: collisionReduceOnlyOnOutput defaulted to true for replicatedMesh run
Collision profile: collisionOutputGlobalReduce defaulted to false for replicatedMesh run

Initialising the measurement fields

Initialising dsmcVolFields field
Initialising dsmcVolFields field
Initialising dsmcVolFields field
Selecting collisionPartnerSelectionModel noTimeCounter
Collision profile: collisionReduceOnlyOnOutput defaulted to true for replicatedMesh run
Collision profile: collisionOutputGlobalReduce defaulted to false for replicatedMesh run

Initialising the measurement fields

Initialising dsmcVolFields field
Initialising dsmcVolFields field
Initialising dsmcVolFields field
Initialising dsmcVolFields field
Initialising dsmcVolFields field
Initialising dsmcVolFields field
Initialising dsmcVolFields field
Initialising dsmcVolFields field
Initialising dsmcVolFields field
Selecting collisionPartnerSelectionModel noTimeCounter
Collision profile: collisionReduceOnlyOnOutput defaulted to true for replicatedMesh run
Collision profile: collisionOutputGlobalReduce defaulted to false for replicatedMesh run

Initialising the measurement fields

Initialising dsmcVolFields field
Initialising dsmcVolFields field
Initialising dsmcVolFields field
Initialising dsmcVolFields field
Initialising dsmcVolFields field
Initialising dsmcVolFields field
Selecting collisionPartnerSelectionModel noTimeCounter
Collision profile: collisionReduceOnlyOnOutput defaulted to true for replicatedMesh run
Collision profile: collisionOutputGlobalReduce defaulted to false for replicatedMesh run

Initialising the measurement fields

Initialising dsmcVolFields field
Initialising dsmcVolFields field
Initialising dsmcVolFields field
Initialising dsmcVolFields field
Initialising dsmcVolFields field
Initialising dsmcVolFields field
Selecting collisionPartnerSelectionModel noTimeCounter
Collision profile: collisionReduceOnlyOnOutput defaulted to true for replicatedMesh run
Collision profile: collisionOutputGlobalReduce defaulted to false for replicatedMesh run

Initialising the measurement fields

Initialising dsmcVolFields field
Initialising dsmcVolFields field
Selecting collisionPartnerSelectionModel noTimeCounter
Collision profile: collisionReduceOnlyOnOutput defaulted to true for replicatedMesh run
Collision profile: collisionOutputGlobalReduce defaulted to false for replicatedMesh run

Initialising the measurement fields

Initialising dsmcVolFields field
Initialising dsmcVolFields field
Initialising dsmcVolFields field
Initialising dsmcVolFields field
Initialising dsmcVolFields field
Initialising dsmcVolFields field
Initialising dsmcVolFields field
Initialising dsmcVolFields field
Selecting collisionPartnerSelectionModel noTimeCounter
Collision profile: collisionReduceOnlyOnOutput defaulted to true for replicatedMesh run
Collision profile: collisionOutputGlobalReduce defaulted to false for replicatedMesh run

Initialising the measurement fields

Initialising dsmcVolFields field
Initialising dsmcVolFields field
Initialising dsmcVolFields field
Initialising dsmcVolFields field
Initialising dsmcVolFields field
Initialising dsmcVolFields field
Initialising dsmcVolFields field
Initialising dsmcVolFields field
Replicated mesh: METIS decomposition complete, 60000 cells -> 8 ranks
Replicated mesh: rank 0 owns 7384 / 60000 cells
Local mesh: 7384 owned + 356 halo = 7740 / 60000 cells
Replicated mesh: flatTransfer=1 found=1
Replicated mesh: flat POD transfer enabled
Replicated mesh: gatherCandidates=0
Replicated mesh: overlapSizeExchange=0
Replicated mesh: writeMode=gathered
Phase C auto DLB: enabled (ParMETIS AdaptiveRepart), imbalanceThreshold=1.5, dlbSteps=50, sarSteps=50, triggerMode=legacyWindow, minGapSteps=50, checkCollective=allgather, particleGate=0, particleGateThreshold=1.5, skipPostDiag=0, adaptiveAlpha=0
Replicated mesh: initialized with 8 MPI ranks, migrate interval 1

Starting time loop

Replicated mesh: initial particle distribution

Replicated mesh: rank 0 kept 257859 parcels, deleted 1051233 non-owned parcels
Time = 6.640048894e-07

    Collision global reduction skipped (rank 0 local diagnostics)
    Collisions                      = 4145
    Collision candidates           = 5295
    Collision acceptance rate      = 0.7828139754

    Number of DSMC particles        = 1330307
    Number of stuck particles       = 0
    Number of free particles        = 1330307
    Average linear kinetic energy   = 1.89349066e-19
    Average rotational energy       = 1.326982107e-21
    Average vibrational energy      = 2.341374134e-26
    Average electronic energy       = 0
    Total energy                    = 0.001521946276

Stage 1.0  ExecutionTime = 6.74 s  ClockTime = 5 s  Iteration 10 (0.17 s)

Time = 1.328009779e-06

    Collision global reduction skipped (rank 0 local diagnostics)
    Collisions                      = 4279
    Collision candidates           = 5809
    Collision acceptance rate      = 0.7366155965

    Number of DSMC particles        = 1353927
    Number of stuck particles       = 0
    Number of free particles        = 1353927
    Average linear kinetic energy   = 1.866056224e-19
    Average rotational energy       = 1.555446186e-21
    Average vibrational energy      = 0
    Average electronic energy       = 0
    Total energy                    = 0.001528538107

Stage 1.0  ExecutionTime = 8.57 s  ClockTime = 7 s  Iteration 20 (0.21 s)

Time = 1.992014668e-06

    Collision global reduction skipped (rank 0 local diagnostics)
    Collisions                      = 4264
    Collision candidates           = 6075
    Collision acceptance rate      = 0.7018930041

    Number of DSMC particles        = 1377389
    Number of stuck particles       = 0
    Number of free particles        = 1377389
    Average linear kinetic energy   = 1.841310904e-19
    Average rotational energy       = 1.887183388e-21
    Average vibrational energy      = 4.522682263e-26
    Average electronic energy       = 0
    Total energy                    = 0.001537317519

Stage 1.0  ExecutionTime = 10.66 s  ClockTime = 9 s  Iteration 30 (0.24 s)

Time = 2.656019558e-06

    Collision global reduction skipped (rank 0 local diagnostics)
    Collisions                      = 4311
    Collision candidates           = 6177
    Collision acceptance rate      = 0.6979116076

    Number of DSMC particles        = 1401020
    Number of stuck particles       = 0
    Number of free particles        = 1401020
    Average linear kinetic energy   = 1.819153076e-19
    Average rotational energy       = 2.277196733e-21
    Average vibrational energy      = 4.111637232e-25
    Average electronic energy       = 0
    Total energy                    = 0.001548347751

Stage 1.0  ExecutionTime = 12.96 s  ClockTime = 12 s  Iteration 40 (0.24 s)

Time = 3.320024447e-06

    Collision global reduction skipped (rank 0 local diagnostics)
    Collisions                      = 4289
    Collision candidates           = 6294
    Collision acceptance rate      = 0.6814426438


Phase C auto DLB triggered (threshold) at step 50: sar=0 loadImbalance=1.57317317 threshold=1.5 particleMaxMin=1
Phase C ParMETIS weights: particles=1424457 activeCells=60000 maxCellParticles=259
Phase C ParMETIS: alpha=1 ncon=1 ubvec=[1.049999952] moveRatio=0.8715784672 (moveT=6.524412528s, collT=0.961330608s)
Phase C ParMETIS: AdaptiveRepart (60000 cells, 1 constraints, ubvec=1.049999952)
Replicated mesh: rank 0 owns 9235 / 60000 cells
Local mesh: 9235 owned + 858 halo = 10093 / 60000 cells
Phase C ParMETIS AdaptiveRepart: 51596 / 60000 cells changed (0.8599333333)
Phase C auto DLB complete: rebalance #1

    Number of DSMC particles        = 1424457
    Number of stuck particles       = 0
    Number of free particles        = 1424457
    Average linear kinetic energy   = 1.798912526e-19
    Average rotational energy       = 2.705648212e-21
    Average vibrational energy      = 6.997184527e-25
    Average electronic energy       = 0
    Total energy                    = 0.001560614581

Stage 1.0  ExecutionTime = 15.49 s  ClockTime = 15 s  Iteration 50 (0.42 s)

Time = 3.984029336e-06

    Collision global reduction skipped (rank 0 local diagnostics)
    Collisions                      = 2853
    Collision candidates           = 3372
    Collision acceptance rate      = 0.8460854093

    Number of DSMC particles        = 1447708
    Number of stuck particles       = 0
    Number of free particles        = 1447708
    Average linear kinetic energy   = 1.779961722e-19
    Average rotational energy       = 3.111762502e-21
    Average vibrational energy      = 8.709863028e-25
    Average electronic energy       = 0
    Total energy                    = 0.001573156001

Stage 1.0  ExecutionTime = 17.58 s  ClockTime = 17 s  Iteration 60 (0.24 s)

Time = 4.648034226e-06

    Collision global reduction skipped (rank 0 local diagnostics)
    Collisions                      = 2967
    Collision candidates           = 3851
    Collision acceptance rate      = 0.770449234

    Number of DSMC particles        = 1471159
    Number of stuck particles       = 0
    Number of free particles        = 1471159
    Average linear kinetic energy   = 1.762365123e-19
    Average rotational energy       = 3.616020387e-21
    Average vibrational energy      = 1.20631931e-24
    Average electronic energy       = 0
    Total energy                    = 0.001587560681

Stage 1.0  ExecutionTime = 19.78 s  ClockTime = 19 s  Iteration 70 (0.27 s)

Time = 5.312039115e-06

    Collision global reduction skipped (rank 0 local diagnostics)
    Collisions                      = 2935
    Collision candidates           = 3994
    Collision acceptance rate      = 0.7348522784

    Number of DSMC particles        = 1494293
    Number of stuck particles       = 0
    Number of free particles        = 1494293
    Average linear kinetic energy   = 1.746093879e-19
    Average rotational energy       = 4.146991354e-21
    Average vibrational energy      = 1.415969785e-24
    Average electronic energy       = 0
    Total energy                    = 0.001602699132

Stage 1.0  ExecutionTime = 22.3 s  ClockTime = 22 s  Iteration 80 (0.29 s)

Time = 5.976044005e-06

    Collision global reduction skipped (rank 0 local diagnostics)
    Collisions                      = 2960
    Collision candidates           = 4146
    Collision acceptance rate      = 0.7139411481

    Number of DSMC particles        = 1517767
    Number of stuck particles       = 0
    Number of free particles        = 1517767
    Average linear kinetic energy   = 1.73112899e-19
    Average rotational energy       = 4.672838124e-21
    Average vibrational energy      = 1.968210399e-24
    Average electronic energy       = 0
    Total energy                    = 0.001619041873

Stage 1.0  ExecutionTime = 25.25 s  ClockTime = 25 s  Iteration 90 (0.33 s)

Time = 6.640048894e-06

    Collision global reduction skipped (rank 0 local diagnostics)
    Collisions                      = 2975
    Collision candidates           = 4223
    Collision acceptance rate      = 0.7044754914


Phase C auto DLB triggered (threshold) at step 100: sar=0 loadImbalance=1.557751816 threshold=1.5 particleMaxMin=1
Phase C ParMETIS weights: particles=1540709 activeCells=60000 maxCellParticles=308
Phase C ParMETIS: alpha=1 ncon=1 ubvec=[1.049999952] moveRatio=0.9123199692 (moveT=14.51028581s, collT=1.394535195s)
Phase C ParMETIS: AdaptiveRepart (60000 cells, 1 constraints, ubvec=1.049999952)
Replicated mesh: rank 0 owns 5928 / 60000 cells
Local mesh: 5928 owned + 309 halo = 6237 / 60000 cells
Phase C ParMETIS AdaptiveRepart: 49658 / 60000 cells changed (0.8276333333)
Phase C auto DLB complete: rebalance #2

    Number of DSMC particles        = 1540709
    Number of stuck particles       = 0
    Number of free particles        = 1540709
    Average linear kinetic energy   = 1.716851354e-19
    Average rotational energy       = 5.202776533e-21
    Average vibrational energy      = 1.948428354e-24
    Average electronic energy       = 0
    Total energy                    = 0.001635214799

Stage 1.0  ExecutionTime = 28.87 s  ClockTime = 29 s  Iteration 100 (0.55 s)

Time = 7.304053783e-06

    Collision global reduction skipped (rank 0 local diagnostics)
    Collisions                      = 20228
    Collision candidates           = 33745
    Collision acceptance rate      = 0.5994369536

    Number of DSMC particles        = 1563895
    Number of stuck particles       = 0
    Number of free particles        = 1563895
    Average linear kinetic energy   = 1.70397994e-19
    Average rotational energy       = 5.623570244e-21
    Average vibrational energy      = 2.407153623e-24
    Average electronic energy       = 0
    Total energy                    = 0.001651698053

Stage 1.0  ExecutionTime = 32.38 s  ClockTime = 30 s  Iteration 110 (0.45 s)

Time = 7.968058673e-06

    Collision global reduction skipped (rank 0 local diagnostics)
    Collisions                      = 22275
    Collision candidates           = 38576
    Collision acceptance rate      = 0.5774315637

    Number of DSMC particles        = 1586424
    Number of stuck particles       = 0
    Number of free particles        = 1586424
    Average linear kinetic energy   = 1.690756208e-19
    Average rotational energy       = 6.151388493e-21
    Average vibrational energy      = 3.078879508e-24
    Average electronic energy       = 0
    Total energy                    = 0.001667935304

Stage 1.0  ExecutionTime = 35.92 s  ClockTime = 34 s  Iteration 120 (0.51 s)

Time = 8.632063562e-06

    Collision global reduction skipped (rank 0 local diagnostics)
    Collisions                      = 24128
    Collision candidates           = 42631
    Collision acceptance rate      = 0.5659731182

    Number of DSMC particles        = 1608994
    Number of stuck particles       = 0
    Number of free particles        = 1608994
    Average linear kinetic energy   = 1.678519486e-19
    Average rotational energy       = 6.650433937e-21
    Average vibrational energy      = 3.354322706e-24
    Average electronic energy       = 0
    Total energy                    = 0.001684672102

Stage 1.0  ExecutionTime = 39.8 s  ClockTime = 38 s  Iteration 130 (0.48 s)

Time = 9.296068452e-06

    Collision global reduction skipped (rank 0 local diagnostics)
    Collisions                      = 25939
    Collision candidates           = 46174
    Collision acceptance rate      = 0.561766362

    Number of DSMC particles        = 1631522
    Number of stuck particles       = 0
    Number of free particles        = 1631522
    Average linear kinetic energy   = 1.666971266e-19
    Average rotational energy       = 7.164324688e-21
    Average vibrational energy      = 3.813369039e-24
    Average electronic energy       = 0
    Total energy                    = 0.001701990026

Stage 1.0  ExecutionTime = 43.38 s  ClockTime = 42 s  Iteration 140 (0.46 s)

Time = 9.960073341e-06

    Collision global reduction skipped (rank 0 local diagnostics)
    Collisions                      = 27455
    Collision candidates           = 49604
    Collision acceptance rate      = 0.55348359


Phase C auto DLB triggered (threshold) at step 150: sar=0 loadImbalance=2.001485688 threshold=1.5 particleMaxMin=1
Phase C ParMETIS weights: particles=1653869 activeCells=60000 maxCellParticles=327
Phase C ParMETIS: alpha=1 ncon=1 ubvec=[1.049999952] moveRatio=0.8686035531 (moveT=21.69674333s, collT=3.282135991s)
Phase C ParMETIS: AdaptiveRepart (60000 cells, 1 constraints, ubvec=1.049999952)
Replicated mesh: rank 0 owns 9411 / 60000 cells
Local mesh: 9411 owned + 692 halo = 10103 / 60000 cells
Phase C ParMETIS AdaptiveRepart: 48342 / 60000 cells changed (0.8057)
Phase C auto DLB complete: rebalance #3

    Number of DSMC particles        = 1653869
    Number of stuck particles       = 0
    Number of free particles        = 1653869
    Average linear kinetic energy   = 1.655890786e-19
    Average rotational energy       = 7.660861646e-21
    Average vibrational energy      = 4.693755368e-24
    Average electronic energy       = 0
    Total energy                    = 0.001719242809

Stage 1.0  ExecutionTime = 47.34 s  ClockTime = 47 s  Iteration 150 (0.62 s)

Time = 1.062407823e-05

    Collision global reduction skipped (rank 0 local diagnostics)
    Collisions                      = 3767
    Collision candidates           = 5499
    Collision acceptance rate      = 0.6850336425

    Number of DSMC particles        = 1676084
    Number of stuck particles       = 0
    Number of free particles        = 1676084
    Average linear kinetic energy   = 1.645746314e-19
    Average rotational energy       = 8.073672689e-21
    Average vibrational energy      = 5.504752945e-24
    Average electronic energy       = 0
    Total energy                    = 0.001736293719

Stage 1.0  ExecutionTime = 50.67 s  ClockTime = 50 s  Iteration 160 (0.38 s)

Time = 1.128808312e-05

    Collision global reduction skipped (rank 0 local diagnostics)
    Collisions                      = 3960
    Collision candidates           = 6132
    Collision acceptance rate      = 0.6457925636

    Number of DSMC particles        = 1697767
    Number of stuck particles       = 0
    Number of free particles        = 1697767
    Average linear kinetic energy   = 1.635648772e-19
    Average rotational energy       = 8.554320479e-21
    Average vibrational energy      = 6.322862349e-24
    Average electronic energy       = 0
    Total energy                    = 0.001753374172

Stage 1.0  ExecutionTime = 53.98 s  ClockTime = 54 s  Iteration 170 (0.39 s)

Time = 1.195208801e-05

    Collision global reduction skipped (rank 0 local diagnostics)
    Collisions                      = 4174
    Collision candidates           = 6625
    Collision acceptance rate      = 0.6300377358

    Number of DSMC particles        = 1719206
    Number of stuck particles       = 0
    Number of free particles        = 1719206
    Average linear kinetic energy   = 1.625753915e-19
    Average rotational energy       = 9.027643081e-21
    Average vibrational energy      = 6.414772081e-24
    Average electronic energy       = 0
    Total energy                    = 0.00177019197

Stage 1.0  ExecutionTime = 57.28 s  ClockTime = 57 s  Iteration 180 (0.4 s)

Time = 1.26160929e-05

    Collision global reduction skipped (rank 0 local diagnostics)
    Collisions                      = 4159
    Collision candidates           = 6976
    Collision acceptance rate      = 0.5961869266

    Number of DSMC particles        = 1740471
    Number of stuck particles       = 0
    Number of free particles        = 1740471
    Average linear kinetic energy   = 1.616217533e-19
    Average rotational energy       = 9.499096523e-21
    Average vibrational energy      = 7.68620384e-24
    Average electronic energy       = 0
    Total energy                    = 0.001787065525

Stage 1.0  ExecutionTime = 60.78 s  ClockTime = 61 s  Iteration 190 (0.4 s)

Time = 1.328009779e-05

    Collision global reduction skipped (rank 0 local diagnostics)
    Collisions                      = 4408
    Collision candidates           = 7665
    Collision acceptance rate      = 0.5750815395


Phase C auto DLB triggered (threshold) at step 200: sar=0 loadImbalance=2.081910461 threshold=1.5 particleMaxMin=1
Phase C ParMETIS weights: particles=1761661 activeCells=60000 maxCellParticles=347
Phase C ParMETIS: alpha=1 ncon=1 ubvec=[1.049999952] moveRatio=0.8828135428 (moveT=29.26380802s, collT=3.884537132s)
Phase C ParMETIS: AdaptiveRepart (60000 cells, 1 constraints, ubvec=1.049999952)
Replicated mesh: rank 0 owns 8254 / 60000 cells
Local mesh: 8254 owned + 537 halo = 8791 / 60000 cells
Phase C ParMETIS AdaptiveRepart: 33832 / 60000 cells changed (0.5638666667)
Phase C auto DLB complete: rebalance #4

    Number of DSMC particles        = 1761661
    Number of stuck particles       = 0
    Number of free particles        = 1761661
    Average linear kinetic energy   = 1.607444393e-19
    Average rotational energy       = 9.924130544e-21
    Average vibrational energy      = 8.589757933e-24
    Average electronic energy       = 0
    Total energy                    = 0.001804051774

Stage 1.0  ExecutionTime = 64.58 s  ClockTime = 63 s  Iteration 200 (0.66 s)

Time = 1.394410268e-05

    Collision global reduction skipped (rank 0 local diagnostics)
    Collisions                      = 7330
    Collision candidates           = 12416
    Collision acceptance rate      = 0.590367268

    Number of DSMC particles        = 1782150
    Number of stuck particles       = 0
    Number of free particles        = 1782150
    Average linear kinetic energy   = 1.59898472e-19
    Average rotational energy       = 1.03408324e-20
    Average vibrational energy      = 8.954458266e-24
    Average electronic energy       = 0
    Total energy                    = 0.001820447607

Stage 1.0  ExecutionTime = 68.38 s  ClockTime = 67 s  Iteration 210 (0.52 s)

Time = 1.460810757e-05

    Collision global reduction skipped (rank 0 local diagnostics)
    Collisions                      = 7942
    Collision candidates           = 13448
    Collision acceptance rate      = 0.5905710886

    Number of DSMC particles        = 1802858
    Number of stuck particles       = 0
    Number of free particles        = 1802858
    Average linear kinetic energy   = 1.590501426e-19
    Average rotational energy       = 1.077932526e-20
    Average vibrational energy      = 1.007665939e-23
    Average electronic energy       = 0
    Total energy                    = 0.001837179489

Stage 1.0  ExecutionTime = 72.43 s  ClockTime = 71 s  Iteration 220 (0.45 s)

Time = 1.527211246e-05

    Collision global reduction skipped (rank 0 local diagnostics)
    Collisions                      = 8354
    Collision candidates           = 14364
    Collision acceptance rate      = 0.5815928711

    Number of DSMC particles        = 1823026
    Number of stuck particles       = 0
    Number of free particles        = 1823026
    Average linear kinetic energy   = 1.582833848e-19
    Average rotational energy       = 1.115540462e-20
    Average vibrational energy      = 1.078351792e-23
    Average electronic energy       = 0
    Total energy                    = 0.001853465863

Stage 1.0  ExecutionTime = 76.26 s  ClockTime = 75 s  Iteration 230 (0.48 s)

Time = 1.593611735e-05

    Collision global reduction skipped (rank 0 local diagnostics)
    Collisions                      = 8915
    Collision candidates           = 15410
    Collision acceptance rate      = 0.5785204413

    Number of DSMC particles        = 1842988
    Number of stuck particles       = 0
    Number of free particles        = 1842988
    Average linear kinetic energy   = 1.575133547e-19
    Average rotational energy       = 1.152854114e-20
    Average vibrational energy      = 1.20750877e-23
    Average electronic energy       = 0
    Total energy                    = 0.001869386638

Stage 1.0  ExecutionTime = 80.14 s  ClockTime = 80 s  Iteration 240 (0.45 s)

Time = 1.660012224e-05

    Collision global reduction skipped (rank 0 local diagnostics)
    Collisions                      = 9350
    Collision candidates           = 16532
    Collision acceptance rate      = 0.565569804


Phase C auto DLB triggered (threshold) at step 250: sar=0 loadImbalance=1.950948381 threshold=1.5 particleMaxMin=1
Phase C ParMETIS weights: particles=1863072 activeCells=60000 maxCellParticles=371
Phase C ParMETIS: alpha=1 ncon=1 ubvec=[1.049999952] moveRatio=0.8848213118 (moveT=37.76952002s, collT=4.916522367s)
Phase C ParMETIS: AdaptiveRepart (60000 cells, 1 constraints, ubvec=1.049999952)
Replicated mesh: rank 0 owns 10818 / 60000 cells
Local mesh: 10818 owned + 584 halo = 11402 / 60000 cells
Phase C ParMETIS AdaptiveRepart: 54299 / 60000 cells changed (0.9049833333)
Phase C auto DLB complete: rebalance #5

    Number of DSMC particles        = 1863072
    Number of stuck particles       = 0
    Number of free particles        = 1863072
    Average linear kinetic energy   = 1.567750697e-19
    Average rotational energy       = 1.191173483e-20
    Average vibrational energy      = 1.345648207e-23
    Average electronic energy       = 0
    Total energy                    = 0.001885804396

Stage 1.0  ExecutionTime = 84.63 s  ClockTime = 84 s  Iteration 250 (0.76 s)

Time = 1.726412712e-05

    Collision global reduction skipped (rank 0 local diagnostics)
    Collisions                      = 26322
    Collision candidates           = 41572
    Collision acceptance rate      = 0.6331665544

    Number of DSMC particles        = 1882259
    Number of stuck particles       = 0
    Number of free particles        = 1882259
    Average linear kinetic energy   = 1.560911325e-19
    Average rotational energy       = 1.220452594e-20
    Average vibrational energy      = 1.476658721e-23
    Average electronic energy       = 0
    Total energy                    = 0.001900822874

Stage 1.0  ExecutionTime = 87.53 s  ClockTime = 88 s  Iteration 260 (0.35 s)

Time = 1.792813201e-05

    Collision global reduction skipped (rank 0 local diagnostics)
    Collisions                      = 27992
    Collision candidates           = 46828
    Collision acceptance rate      = 0.5977620227

    Number of DSMC particles        = 1901792
    Number of stuck particles       = 0
    Number of free particles        = 1901792
    Average linear kinetic energy   = 1.553656599e-19
    Average rotational energy       = 1.257592018e-20
    Average vibrational energy      = 1.570358409e-23
    Average electronic energy       = 0
    Total energy                    = 0.00191651891

Stage 1.0  ExecutionTime = 90.77 s  ClockTime = 91 s  Iteration 270 (0.37 s)

Time = 1.85921369e-05

    Collision global reduction skipped (rank 0 local diagnostics)
    Collisions                      = 29839
    Collision candidates           = 50855
    Collision acceptance rate      = 0.5867466326

    Number of DSMC particles        = 1921180
    Number of stuck particles       = 0
    Number of free particles        = 1921180
    Average linear kinetic energy   = 1.546400327e-19
    Average rotational energy       = 1.29505312e-20
    Average vibrational energy      = 1.67442853e-23
    Average electronic energy       = 0
    Total energy                    = 0.00193202285

Stage 1.0  ExecutionTime = 94.3 s  ClockTime = 92 s  Iteration 280 (0.39 s)

Time = 1.925614179e-05

    Collision global reduction skipped (rank 0 local diagnostics)
    Collisions                      = 31490
    Collision candidates           = 54659
    Collision acceptance rate      = 0.5761173823

    Number of DSMC particles        = 1940027
    Number of stuck particles       = 0
    Number of free particles        = 1940027
    Average linear kinetic energy   = 1.539630741e-19
    Average rotational energy       = 1.33011506e-20
    Average vibrational energy      = 1.700624706e-23
    Average electronic energy       = 0
    Total energy                    = 0.001947180628

Stage 1.0  ExecutionTime = 97.79 s  ClockTime = 96 s  Iteration 290 (0.42 s)

Time = 1.992014668e-05

    Collision global reduction skipped (rank 0 local diagnostics)
    Collisions                      = 33665
    Collision candidates           = 58383
    Collision acceptance rate      = 0.5766233321


Phase C auto DLB triggered (threshold) at step 300: sar=0 loadImbalance=2.005339336 threshold=1.5 particleMaxMin=1
Phase C auto DLB skipped near end at step 300: remainingSteps=0 minRemainingSteps=50
    Number of DSMC particles        = 1958361
    Number of stuck particles       = 0
    Number of free particles        = 1958361
    Average linear kinetic energy   = 1.532770503e-19
    Average rotational energy       = 1.363686409e-20
    Average vibrational energy      = 1.833221616e-23
    Average electronic energy       = 0
    Total energy                    = 0.001961481608
Replicated mesh: wrote gathered cloud on rank0 at output time 1.992014668e-05 with 1958361 parcels
Written cellOwner field at output time 1.992014668e-05
Replicated mesh output timing:
    gather parcels [s]       = 0.21
    rank0 write [s]           = 7.35
    migrate-back [s]          = 0.26


Stage 1.0  ExecutionTime = 110.91 s  ClockTime = 110 s  Iteration 300 (9.27 s)

    Maximum imbalance = 9.266166963%

End stage 1


DSMC solver profile summary
    solver profile steps          = 300
    move+collide wall [s]         = 94.51258882
    move only [s]                 = 58.64473634
    buildCellOccupancy [s]        = 7.732470828
    collision phase [s]           = 15.42024099
    post fields/output [s]        = 15.39681291
    total profiled [s]            = 97.19426106
    full evolve wall [s]          = 104.5076224
    move+collide cpu [s]          = 87.22
    move only cpu [s]             = 54.12
    buildCellOccupancy cpu [s]    = 7.08
    collision phase cpu [s]       = 14.28
    post fields/output cpu [s]    = 14.18
    total profiled cpu [s]        = 89.66
    full evolve cpu [s]           = 96.48
    collision localLoop max [s] = 15.39594939
    collision reduce max [s]    = 0
    collision sigmaBC max [s]   = 0.027941741
    collision total max [s]     = 15.418317
    collision accounted max [s] = 15.41791847
    collision residual max [s]  = 0.000471166
    collision subphase max sum [s] = 15.42389114
    collision cumulative global collisions = 42317784
    collision cumulative global candidates  = 76440668
    collision cumulative acceptance        = 0.5536030114
    OpenMP enabled                = 0
    OpenMP max threads            = 1
    OpenMP move                   = 0 (static, chunk 64)
    OpenMP collision              = dynamic, chunk 8


Replicated mesh profiling summary:
    migration calls             = 307
    migration wall time [s]     = 26.46447028
    local particles (final)     = 260177
    migration wall max [s]      = 46.26118348
    migration pack max [s]      = 6.496355474
    migration local prep max [s]= 0.481152118
    migration size exchange max [s] = 40.99018688
    migration request post max [s] = 0.069565349
    migration wait max [s]      = 0.082653314
    migration deserialize max [s] = 0.517417952
    migration post max [s]      = 0.000462762
    migration candidate gather max [s] = 1.2313e-05
    migration accounted max [s] = 46.26118348
    migration residual max [s]  = 2.842170943e-14
    updateParticleCounts max [s]= 0.457389421
    migration subphase max sum [s] = 48.63780616
    particles per rank          = min 222112 max 265744 max/min 1.196441435
    rank wall time (evolve, 300 steps): min 80.79 max 86.19 max/min 1.066839955
    Phase C auto DLB checks      = 300
    Phase C auto DLB rebalances = 5
    Phase C auto DLB triggered checks = 5
    Phase C auto DLB wall max [s]= 1.273276589
    Phase C auto DLB check max [s]= 0.35399565
    Phase C ParMETIS max [s]     = 0.225840339
    Phase C migration max [s]    = 0.770797035
    Phase C cellOwner write max [s] = 0
    Phase C post-diagnostic max [s] = 0.000783664
    Phase C auto DLB accounted max [s] = 1.351416688
    Phase C auto DLB residual max [s] = -0.078140099

Total Iterations = 300
End main

real 110.94
user 97.72
sys 13.40
real 110.95
user 103.63
sys 7.51
real 110.95
user 97.82
sys 13.36
real real 110.95
user 100.35
sys 10.80
real 110.95
user 96.91
sys 14.22
110.95
user 97.51
sys 13.67
real 110.95
user 100.40
sys 10.77
real 110.97
user 100.42
sys 10.76
