case=ourmesh
mode=MPI8_ompcoll
np=8
OMP_NUM_THREADS=1
OMP_PROC_BIND=false
controlDict=doc/worklog/v2506/detail_mix/mpi8_openmp_collision_ab_20260611/controlDicts/ourmesh_mpi8_ompcoll_controlDict
start=2026-06-11T02:05:47+08:00
/*---------------------------------------------------------------------------*\
| =========                 |                                                 |
| \\      /  F ield         | OpenFOAM: The Open Source CFD Toolbox           |
|  \\    /   O peration     | Version:  v1706                                 |
|   \\  /    A nd           | Web:      www.OpenFOAM.com                      |
|    \\/     M anipulation  |                                                 |
\*---------------------------------------------------------------------------*/
Build  : v1706
Arch   : "LSB;label=32;scalar=64"
Exec   : dsmcFoam+
Date   : Jun 11 2026
Time   : 02:05:47
Host   : "SuperXCX-ROG"
PID    : 162286
/*---------------------------------------------------------------------------*\
| =========                 |                                                 |
| \\      /  F ield         | OpenFOAM: The Open Source CFD Toolbox           |
|  \\    /   O peration     | Version:  v1706                                 |
|   \\  /    A nd           | Web:      www.OpenFOAM.com                      |
|    \\/     M anipulation  |                                                 |
\*---------------------------------------------------------------------------*/
Build  : v1706
Arch   : "LSB;label=32;scalar=64"
Exec   : dsmcFoam+
Date   : Jun 11 2026
Time   : 02:05:47
Host   : "SuperXCX-ROG"
PID    : 162289
/*---------------------------------------------------------------------------*\
| =========                 |                                                 |
| \\      /  F ield         | OpenFOAM: The Open Source CFD Toolbox           |
|  \\    /   O peration     | Version:  v1706                                 |
|   \\  /    A nd           | Web:      www.OpenFOAM.com                      |
|    \\/     M anipulation  |                                                 |
\*---------------------------------------------------------------------------*/
Build  : v1706
Arch   : "LSB;label=32;scalar=64"
Exec   : dsmcFoam+
Date   : Jun 11 2026
Time   : 02:05:47
Host   : "SuperXCX-ROG"
PID    : 162290
/*---------------------------------------------------------------------------*\
| =========                 |                                                 |
| \\      /  F ield         | OpenFOAM: The Open Source CFD Toolbox           |
|  \\    /   O peration     | Version:  v1706                                 |
|   \\  /    A nd           | Web:      www.OpenFOAM.com                      |
|    \\/     M anipulation  |                                                 |
\*---------------------------------------------------------------------------*/
Build  : v1706
Arch   : "LSB;label=32;scalar=64"
Exec   : dsmcFoam+
Date   : Jun 11 2026
Time   : 02:05:47
Host   : "SuperXCX-ROG"
PID    : 162291
/*---------------------------------------------------------------------------*\
| =========                 |                                                 |
| \\      /  F ield         | OpenFOAM: The Open Source CFD Toolbox           |
|  \\    /   O peration     | Version:  v1706                                 |
|   \\  /    A nd           | Web:      www.OpenFOAM.com                      |
|    \\/     M anipulation  |                                                 |
\*---------------------------------------------------------------------------*/
Build  : v1706
Arch   : "LSB;label=32;scalar=64"
Exec   : dsmcFoam+
Date   : Jun 11 2026
Time   : 02:05:47
Host   : "SuperXCX-ROG"
PID    : 162293
/*---------------------------------------------------------------------------*\
| =========                 |                                                 |
| \\      /  F ield         | OpenFOAM: The Open Source CFD Toolbox           |
|  \\    /   O peration     | Version:  v1706                                 |
|   \\  /    A nd           | Web:      www.OpenFOAM.com                      |
|    \\/     M anipulation  |                                                 |
\*---------------------------------------------------------------------------*/
Build  : v1706
Arch   : "LSB;label=32;scalar=64"
Exec   : dsmcFoam+
Date   : Jun 11 2026
Time   : 02:05:47
Host   : "SuperXCX-ROG"
PID    : 162287
/*---------------------------------------------------------------------------*\
| =========                 |                                                 |
| \\      /  F ield         | OpenFOAM: The Open Source CFD Toolbox           |
|  \\    /   O peration     | Version:  v1706                                 |
|   \\  /    A nd           | Web:      www.OpenFOAM.com                      |
|    \\/     M anipulation  |                                                 |
\*---------------------------------------------------------------------------*/
Build  : v1706
Arch   : "LSB;label=32;scalar=64"
Exec   : dsmcFoam+
Date   : Jun 11 2026
Time   : 02:05:47
Host   : "SuperXCX-ROG"
PID    : 162288
/*---------------------------------------------------------------------------*\
| =========                 |                                                 |
| \\      /  F ield         | OpenFOAM: The Open Source CFD Toolbox           |
|  \\    /   O peration     | Version:  v1706                                 |
|   \\  /    A nd           | Web:      www.OpenFOAM.com                      |
|    \\/     M anipulation  |                                                 |
\*---------------------------------------------------------------------------*/
Build  : v1706
Arch   : "LSB;label=32;scalar=64"
Exec   : dsmcFoam+
Date   : Jun 11 2026
Time   : 02:05:47
Host   : "SuperXCX-ROG"
PID    : 162292
Case   : /home/superxcx/code/OpenFoam/OF-1706/hyStrath_dlb/run/hyStrath/dsmcFoam+/xcx_test/pal-phd-3.3.1-cylinder-react/timecompare/ourmesh/mpi8replicatedmesh
nProcs : 1
sigFpe : Enabling floating point exception trapping (FOAM_SIGFPE).
fileModificationChecking : Monitoring run-time modified files using timeStampMaster (fileModificationSkew 10)
allowSystemOperations : Allowing user-supplied system call operations

Case   : /home/superxcx/code/OpenFoam/OF-1706/hyStrath_dlb/run/hyStrath/dsmcFoam+/xcx_test/pal-phd-3.3.1-cylinder-react/timecompare/ourmesh/mpi8replicatedmesh
nProcs : 1
sigFpe : Enabling floating point exception trapping (FOAM_SIGFPE).
fileModificationChecking : Monitoring run-time modified files using timeStampMaster (fileModificationSkew 10)
allowSystemOperations : Allowing user-supplied system call operations

Case   : /home/superxcx/code/OpenFoam/OF-1706/hyStrath_dlb/run/hyStrath/dsmcFoam+/xcx_test/pal-phd-3.3.1-cylinder-react/timecompare/ourmesh/mpi8replicatedmesh
nProcs : 1
sigFpe : Enabling floating point exception trapping (FOAM_SIGFPE).
fileModificationChecking : Monitoring run-time modified files using timeStampMaster (fileModificationSkew 10)
allowSystemOperations : Allowing user-supplied system call operations

Case   : /home/superxcx/code/OpenFoam/OF-1706/hyStrath_dlb/run/hyStrath/dsmcFoam+/xcx_test/pal-phd-3.3.1-cylinder-react/timecompare/ourmesh/mpi8replicatedmesh
nProcs : 1
sigFpe : Enabling floating point exception trapping (FOAM_SIGFPE).
fileModificationChecking : Monitoring run-time modified files using timeStampMaster (fileModificationSkew 10)
allowSystemOperations : Allowing user-supplied system call operations

Case   : /home/superxcx/code/OpenFoam/OF-1706/hyStrath_dlb/run/hyStrath/dsmcFoam+/xcx_test/pal-phd-3.3.1-cylinder-react/timecompare/ourmesh/mpi8replicatedmesh
nProcs : 1
sigFpe : Enabling floating point exception trapping (FOAM_SIGFPE).
fileModificationChecking : Monitoring run-time modified files using timeStampMaster (fileModificationSkew 10)
allowSystemOperations : Allowing user-supplied system call operations

Case   : /home/superxcx/code/OpenFoam/OF-1706/hyStrath_dlb/run/hyStrath/dsmcFoam+/xcx_test/pal-phd-3.3.1-cylinder-react/timecompare/ourmesh/mpi8replicatedmesh
nProcs : 1
sigFpe : Enabling floating point exception trapping (FOAM_SIGFPE).
fileModificationChecking : Monitoring run-time modified files using timeStampMaster (fileModificationSkew 10)
allowSystemOperations : Allowing user-supplied system call operations

// * * * * * * * * * * * * * * * * * * * * * * * * * * * * * * * * * * * * * //
Create time

Case   : /home/superxcx/code/OpenFoam/OF-1706/hyStrath_dlb/run/hyStrath/dsmcFoam+/xcx_test/pal-phd-3.3.1-cylinder-react/timecompare/ourmesh/mpi8replicatedmesh
nProcs : 1
sigFpe : Enabling floating point exception trapping (FOAM_SIGFPE).
fileModificationChecking : Monitoring run-time modified files using timeStampMaster (fileModificationSkew 10)
allowSystemOperations : Allowing user-supplied system call operations

// * * * * * * * * * * * * * * * * * * * * * * * * * * * * * * * * * * * * * //
Create time

Case   : /home/superxcx/code/OpenFoam/OF-1706/hyStrath_dlb/run/hyStrath/dsmcFoam+/xcx_test/pal-phd-3.3.1-cylinder-react/timecompare/ourmesh/mpi8replicatedmesh
nProcs : 1
sigFpe : Enabling floating point exception trapping (FOAM_SIGFPE).
fileModificationChecking : Monitoring run-time modified files using timeStampMaster (fileModificationSkew 10)
allowSystemOperations : Allowing user-supplied system call operations

// * * * * * * * * * * * * * * * * * * * * * * * * * * * * * * * * * * * * * //
Create time

// * * * * * * * * * * * * * * * * * * * * * * * * * * * * * * * * * * * * * //
Create time

// * * * * * * * * * * * * * * * * * * * * * * * * * * * * * * * * * * * * * //
Create time

// * * * * * * * * * * * * * * * * * * * * * * * * * * * * * * * * * * * * * //
Create time

// * * * * * * * * * * * * * * * * * * * * * * * * * * * * * * * * * * * * * //
Create time

// * * * * * * * * * * * * * * * * * * * * * * * * * * * * * * * * * * * * * //
Create time

Create mesh for time = 0

Create mesh for time = 0

Create mesh for time = 0

Create mesh for time = 0

Create mesh for time = 0

Create mesh for time = 0

Create mesh for time = 0

Create mesh for time = 0

Selecting dynamicFvMesh staticFvMesh
Selecting dynamicFvMesh staticFvMesh
Selecting dynamicFvMesh staticFvMesh
Selecting dynamicFvMesh staticFvMesh
Selecting dynamicFvMesh staticFvMesh
Selecting dynamicFvMesh staticFvMesh
Selecting dynamicFvMesh staticFvMesh
Selecting dynamicFvMesh staticFvMesh

Constructing dsmcCloud 

Constructing dsmcCloud 

Constructing dsmcCloud 

Constructing dsmcCloud 

Constructing dsmcCloud 

Constructing dsmcCloud 

Constructing dsmcCloud 

Constructing dsmcCloud 
Selecting the coordinate system model:	dsmcCartesian

Selecting the time-step model:	dsmcConstantTimeStepModel

Selecting the coordinate system model:	dsmcCartesian

Selecting the time-step model:	dsmcConstantTimeStepModel

Constant time-step model:
- time-step [sec]	1e-07

Selecting the porous measurement model:	dsmcNoPorousMediumMeasurements

Constant time-step model:
- time-step [sec]	1e-07

Selecting the porous measurement model:	dsmcNoPorousMediumMeasurements

Selecting the coordinate system model:	dsmcCartesian

Selecting the time-step model:	dsmcConstantTimeStepModel

Constant time-step model:
- time-step [sec]	1e-07

Selecting the porous measurement model:	dsmcNoPorousMediumMeasurements

Selecting the coordinate system model:	dsmcCartesian

Selecting the time-step model:	dsmcConstantTimeStepModel

Selecting the coordinate system model:	dsmcCartesian

Selecting the time-step model:	dsmcConstantTimeStepModel

Constant time-step model:
- time-step [sec]	1e-07

Selecting the porous measurement model:	dsmcNoPorousMediumMeasurements

Constant time-step model:
- time-step [sec]	1e-07

Selecting the porous measurement model:	dsmcNoPorousMediumMeasurements


Creating dsmcControllers


Creating dsmcControllers


Creating dsmcControllers

--> FOAM Warning : 
    From function bool Foam::rmDir(const fileName &, const bool)
    in file POSIX.C at line 1047
    failed to remove directory "/home/superxcx/code/OpenFoam/OF-1706/hyStrath_dlb/run/hyStrath/dsmcFoam+/xcx_test/pal-phd-3.3.1-cylinder-react/timecompare/ourmesh/mpi8replicatedmesh/fieldMeasurements"
Creating fields: 

Selecting field: dsmcVolFields
Creating fields: 

Selecting field: dsmcVolFields

TimeData Statistics: 

TimeData Statistics: 
 measurement option: write
 nSamples: 1, time interval: 1e-07
 nAverages: 10000, time interval: 0.001
 total no. of sampling steps: 0
 total no. of averaging Steps: 0


Creating fields: 

Selecting field: dsmcVolFields

TimeData Statistics: 
 measurement option: write
 nSamples: 1, time interval: 1e-07
 nAverages: 10000, time interval: 0.001
 total no. of sampling steps: 0
 total no. of averaging Steps: 0


 measurement option: write
 nSamples: 1, time interval: 1e-07
 nAverages: 10000, time interval: 0.001
 total no. of sampling steps: 0
 total no. of averaging Steps: 0



Creating dsmcControllers


Creating dsmcControllers

Creating fields: 

Selecting field: dsmcVolFields

TimeData Statistics: 
 measurement option: write
 nSamples: 1, time interval: 1e-07
 nAverages: 10000, time interval: 0.001
 total no. of sampling steps: 0
 total no. of averaging Steps: 0


Creating fields: 

Selecting field: dsmcVolFields

TimeData Statistics: 
 measurement option: write
 nSamples: 1, time interval: 1e-07
 nAverages: 10000, time interval: 0.001
 total no. of sampling steps: 0
 total no. of averaging Steps: 0


Selecting the coordinate system model:	dsmcCartesian

Selecting the time-step model:	dsmcConstantTimeStepModel

Constant time-step model:
- time-step [sec]	1e-07

Selecting the porous measurement model:	dsmcNoPorousMediumMeasurements

Selecting the coordinate system model:	dsmcCartesian

Selecting the time-step model:	dsmcConstantTimeStepModel

Constant time-step model:
- time-step [sec]	1e-07

Selecting the porous measurement model:	dsmcNoPorousMediumMeasurements


Creating dsmcControllers

Creating fields: 

Selecting field: dsmcVolFields

TimeData Statistics: 
 measurement option: write
 nSamples: 1, time interval: 1e-07
 nAverages: 10000, time interval: 0.001
 total no. of sampling steps: 0
 total no. of averaging Steps: 0



Creating dsmcControllers

Creating fields: 

Selecting field: dsmcVolFields

TimeData Statistics: 
 measurement option: write
 nSamples: 1, time interval: 1e-07
 nAverages: 10000, time interval: 0.001
 total no. of sampling steps: 0
 total no. of averaging Steps: 0


Selecting the coordinate system model:	dsmcCartesian

Selecting the time-step model:	dsmcConstantTimeStepModel

Constant time-step model:
- time-step [sec]	1e-07

Selecting the porous measurement model:	dsmcNoPorousMediumMeasurements


Creating dsmcControllers

Creating fields: 

Selecting field: dsmcVolFields

TimeData Statistics: 
 measurement option: write
 nSamples: 1, time interval: 1e-07
 nAverages: 10000, time interval: 0.001
 total no. of sampling steps: 0
 total no. of averaging Steps: 0


Creating the boundary models: 

Selecting dsmcPatchBoundaryModel dsmcDeletionPatch
Creating the boundary models: 

Selecting dsmcPatchBoundaryModel dsmcDeletionPatch
Selecting dsmcPatchBoundaryModel dsmcDeletionPatch
Selecting dsmcPatchBoundaryModel dsmcDiffuseWallPatch
Selecting dsmcPatchBoundaryModel dsmcDeletionPatch
Selecting dsmcPatchBoundaryModel dsmcDiffuseWallPatch
Selecting dsmcGeneralBoundaryModel dsmcFreeStreamInflowPatch
Selecting dsmcGeneralBoundaryModel dsmcFreeStreamInflowPatch
Creating the boundary models: 

Selecting dsmcPatchBoundaryModel dsmcDeletionPatch
Selecting dsmcPatchBoundaryModel dsmcDeletionPatch
Selecting dsmcPatchBoundaryModel dsmcDiffuseWallPatch
Selecting dsmcGeneralBoundaryModel dsmcFreeStreamInflowPatch
Creating the boundary models: 

Selecting dsmcPatchBoundaryModel dsmcDeletionPatch
Selecting dsmcPatchBoundaryModel dsmcDeletionPatch
Selecting dsmcPatchBoundaryModel dsmcDiffuseWallPatch
Selecting dsmcGeneralBoundaryModel dsmcFreeStreamInflowPatch
Creating the boundary models: 

Selecting dsmcPatchBoundaryModel dsmcDeletionPatch
Selecting dsmcPatchBoundaryModel dsmcDeletionPatch
Selecting dsmcPatchBoundaryModel dsmcDiffuseWallPatch
Selecting dsmcGeneralBoundaryModel dsmcFreeStreamInflowPatch
Selecting BinaryCollisionModel LarsenBorgnakkeVariableHardSphere

Creating dsmcReactions

There are no chemical reactions defined.
Selecting BinaryCollisionModel LarsenBorgnakkeVariableHardSphere

Creating dsmcReactions

There are no chemical reactions defined.
Selecting BinaryCollisionModel LarsenBorgnakkeVariableHardSphere

Creating dsmcReactions

There are no chemical reactions defined.
Creating the boundary models: 

Selecting dsmcPatchBoundaryModel dsmcDeletionPatch
Selecting BinaryCollisionModel LarsenBorgnakkeVariableHardSphere
Selecting dsmcPatchBoundaryModel dsmcDeletionPatch

Creating dsmcReactions

There are no chemical reactions defined.
Selecting dsmcPatchBoundaryModel dsmcDiffuseWallPatch
Selecting dsmcGeneralBoundaryModel dsmcFreeStreamInflowPatch
Selecting BinaryCollisionModel LarsenBorgnakkeVariableHardSphere

Creating dsmcReactions

There are no chemical reactions defined.
Creating the boundary models: 

Selecting dsmcPatchBoundaryModel dsmcDeletionPatch
Selecting dsmcPatchBoundaryModel dsmcDeletionPatch
Selecting dsmcPatchBoundaryModel dsmcDiffuseWallPatch
Selecting dsmcGeneralBoundaryModel dsmcFreeStreamInflowPatch
Selecting BinaryCollisionModel LarsenBorgnakkeVariableHardSphere

Creating dsmcReactions

There are no chemical reactions defined.
Selecting BinaryCollisionModel LarsenBorgnakkeVariableHardSphere

Creating dsmcReactions

There are no chemical reactions defined.
Creating the boundary models: 

Selecting dsmcPatchBoundaryModel dsmcDeletionPatch
Selecting dsmcPatchBoundaryModel dsmcDeletionPatch
Selecting dsmcPatchBoundaryModel dsmcDiffuseWallPatch
Selecting dsmcGeneralBoundaryModel dsmcFreeStreamInflowPatch
Selecting BinaryCollisionModel LarsenBorgnakkeVariableHardSphere

Creating dsmcReactions

There are no chemical reactions defined.

Constructing constant properties for
	N2
	O2
	NO
	N
	O

Constructing constant properties for
	N2
	O2
	NO
	N
	O

Constructing constant properties for

Constructing constant properties for
	N2
	N2
	O2
	NO
	N
	O
	O2
	NO
	N
	O

Constructing constant properties for
	N2
	O2
	NO
	N
	O

Constructing constant properties for
	N2
	O2
	NO
	N
	O

Constructing constant properties for
	N2
	O2
	NO
	N
	O

Constructing constant properties for
	N2
	O2
	NO
	N
	O
Selecting collisionPartnerSelectionModel noTimeCounter

Initialising the measurement fields

Initialising dsmcVolFields field
Selecting collisionPartnerSelectionModel noTimeCounter
Selecting collisionPartnerSelectionModel noTimeCounter

Initialising the measurement fields

Initialising dsmcVolFields field

Initialising the measurement fields

Initialising dsmcVolFields field
Selecting collisionPartnerSelectionModel noTimeCounter

Initialising the measurement fields

Initialising dsmcVolFields field
Selecting collisionPartnerSelectionModel noTimeCounter

Initialising the measurement fields

Initialising dsmcVolFields field
Selecting collisionPartnerSelectionModel noTimeCounter

Initialising the measurement fields

Initialising dsmcVolFields field
Selecting collisionPartnerSelectionModel noTimeCounter

Initialising the measurement fields

Initialising dsmcVolFields field
Selecting collisionPartnerSelectionModel noTimeCounter

Initialising the measurement fields

Initialising dsmcVolFields field
Replicated mesh: METIS decomposition complete, 104151 cells -> 8 ranks
Replicated mesh: rank 0 owns 13019 / 104151 cells
Local mesh: 13019 owned + 310 halo = 13329 / 104151 cells
Replicated mesh: no-Alltoall async migration enabled
Replicated mesh: flatTransfer=1 found=1
Replicated mesh: flat POD transfer enabled
Replicated mesh: writeMode=gathered
Phase C auto DLB: enabled (ParMETIS AdaptiveRepart), imbalanceThreshold=1.5, dlbSteps=50, sarSteps=10, triggerMode=legacyWindow, minGapSteps=50, checkCollective=allgather, skipFixedKPostDiag=0
Replicated mesh: initialized with 8 MPI ranks, migrate interval 10

Starting time loop

Replicated mesh: initial particle distribution

Replicated mesh: rank 0 kept 251357 parcels, deleted 1806661 non-owned parcels
Time = 1e-06

    Collisions                      = 2834
    Collision candidates           = 2933
    Collision acceptance rate      = 0.9662461643

    Number of DSMC particles        = 2065837
    Number of stuck particles       = 0
    Number of free particles        = 2065837
    Average linear kinetic energy   = 1.111294785e-18
    Average rotational energy       = 2.628651957e-21
    Average vibrational energy      = 8.437573257e-24
    Average electronic energy       = 0
    Total energy                    = 1.150600841

Stage 1.0  ExecutionTime = 10.03 s  ClockTime = 12 s  Iteration 10 (0.12 s)

Time = 2e-06

    Collisions                      = 4320
    Collision candidates           = 4923
    Collision acceptance rate      = 0.8775137112

    Number of DSMC particles        = 2073973
    Number of stuck particles       = 0
    Number of free particles        = 2073973
    Average linear kinetic energy   = 1.107067732e-18
    Average rotational energy       = 2.680945698e-21
    Average vibrational energy      = 1.76544496e-23
    Average electronic energy       = 0
    Total energy                    = 1.150812705

Stage 1.0  ExecutionTime = 11.15 s  ClockTime = 13 s  Iteration 20 (0.13 s)

Time = 3e-06

    Collisions                      = 4889
    Collision candidates           = 6108
    Collision acceptance rate      = 0.8004256713

    Number of DSMC particles        = 2082068
    Number of stuck particles       = 0
    Number of free particles        = 2082068
    Average linear kinetic energy   = 1.102974268e-18
    Average rotational energy       = 2.754027257e-21
    Average vibrational energy      = 2.850867572e-23
    Average electronic energy       = 0
    Total energy                    = 1.151130429

Stage 1.0  ExecutionTime = 12.3 s  ClockTime = 14 s  Iteration 30 (0.12 s)

Time = 4e-06

    Collisions                      = 5381
    Collision candidates           = 7139
    Collision acceptance rate      = 0.7537470234

    Number of DSMC particles        = 2090223
    Number of stuck particles       = 0
    Number of free particles        = 2090223
    Average linear kinetic energy   = 1.098905927e-18
    Average rotational energy       = 2.839885026e-21
    Average vibrational energy      = 3.945617416e-23
    Average electronic energy       = 0
    Total energy                    = 1.151488454

Stage 1.0  ExecutionTime = 13.46 s  ClockTime = 12 s  Iteration 40 (0.13 s)

Time = 5e-06

    Collisions                      = 5908
    Collision candidates           = 8314
    Collision acceptance rate      = 0.710608612

    Number of DSMC particles        = 2098376
    Number of stuck particles       = 0
    Number of free particles        = 2098376
    Average linear kinetic energy   = 1.094979773e-18
    Average rotational energy       = 2.945180765e-21
    Average vibrational energy      = 5.45944033e-23
    Average electronic energy       = 0
    Total energy                    = 1.151986966

Stage 1.0  ExecutionTime = 14.66 s  ClockTime = 14 s  Iteration 50 (0.14 s)

Time = 6e-06

    Collisions                      = 6577
    Collision candidates           = 9627
    Collision acceptance rate      = 0.6831827153


Phase C auto DLB triggered (SAR) at step 60: sar=0.001393103417 loadImbalance=1.082781767 threshold=1.5
Phase C ParMETIS weights: particles=2106553 activeCells=103956 maxCellParticles=58
Phase C ParMETIS: alpha=0.8 ncon=2 ubvec=[1.049999952,1.5] moveRatio=0.738468379 (moveT=4.657126254s, collT=1.649340463s)
Phase C ParMETIS: AdaptiveRepart (104151 cells, 2 constraints, ubvec=1.049999952)
Replicated mesh: rank 0 owns 13162 / 104151 cells
Local mesh: 13162 owned + 474 halo = 13636 / 104151 cells
Phase C ParMETIS AdaptiveRepart: 99128 / 104151 cells changed (0.9517719465)
Phase C auto DLB complete: rebalance #1

    Number of DSMC particles        = 2106553
    Number of stuck particles       = 0
    Number of free particles        = 2106553
    Average linear kinetic energy   = 1.09116594e-18
    Average rotational energy       = 3.077440046e-21
    Average vibrational energy      = 7.215084225e-23
    Average electronic energy       = 0
    Total energy                    = 1.152616832

Stage 1.0  ExecutionTime = 16.04 s  ClockTime = 15 s  Iteration 60 (0.31 s)

Time = 7e-06

    Collisions                      = 5269
    Collision candidates           = 6993
    Collision acceptance rate      = 0.7534677535

    Number of DSMC particles        = 2114875
    Number of stuck particles       = 0
    Number of free particles        = 2114875
    Average linear kinetic energy   = 1.087322766e-18
    Average rotational energy       = 3.137436586e-21
    Average vibrational energy      = 8.327041498e-23
    Average electronic energy       = 0
    Total energy                    = 1.153181564

Stage 1.0  ExecutionTime = 17.11 s  ClockTime = 17 s  Iteration 70 (0.11 s)

Time = 8e-06

    Collisions                      = 6880
    Collision candidates           = 9758
    Collision acceptance rate      = 0.7050625128

    Number of DSMC particles        = 2122875
    Number of stuck particles       = 0
    Number of free particles        = 2122875
    Average linear kinetic energy   = 1.083573997e-18
    Average rotational energy       = 3.312091619e-21
    Average vibrational energy      = 1.00734949e-22
    Average electronic energy       = 0
    Total energy                    = 1.153768577

Stage 1.0  ExecutionTime = 18.29 s  ClockTime = 18 s  Iteration 80 (0.13 s)

Time = 9e-06

    Collisions                      = 7678
    Collision candidates           = 11342
    Collision acceptance rate      = 0.6769529184

    Number of DSMC particles        = 2130971
    Number of stuck particles       = 0
    Number of free particles        = 2130971
    Average linear kinetic energy   = 1.080083272e-18
    Average rotational energy       = 3.535167486e-21
    Average vibrational energy      = 1.253577741e-22
    Average electronic energy       = 0
    Total energy                    = 1.154713302

Stage 1.0  ExecutionTime = 19.45 s  ClockTime = 19 s  Iteration 90 (0.13 s)

Time = 1e-05

    Collisions                      = 8550
    Collision candidates           = 12990
    Collision acceptance rate      = 0.6581986143

    Number of DSMC particles        = 2139057
    Number of stuck particles       = 0
    Number of free particles        = 2139057
    Average linear kinetic energy   = 1.076713313e-18
    Average rotational energy       = 3.778251506e-21
    Average vibrational energy      = 1.586225308e-22
    Average electronic energy       = 0
    Total energy                    = 1.155786173

Stage 1.0  ExecutionTime = 20.63 s  ClockTime = 20 s  Iteration 100 (0.12 s)

Time = 1.1e-05

    Collisions                      = 9242
    Collision candidates           = 14519
    Collision acceptance rate      = 0.6365452166

    Number of DSMC particles        = 2147117
    Number of stuck particles       = 0
    Number of free particles        = 2147117
    Average linear kinetic energy   = 1.073375509e-18
    Average rotational energy       = 4.051171744e-21
    Average vibrational energy      = 1.954619426e-22
    Average electronic energy       = 0
    Total energy                    = 1.156890411

Stage 1.0  ExecutionTime = 21.82 s  ClockTime = 22 s  Iteration 110 (0.14 s)

Time = 1.2e-05

    Collisions                      = 10110
    Collision candidates           = 16111
    Collision acceptance rate      = 0.6275215691

    Number of DSMC particles        = 2155247
    Number of stuck particles       = 0
    Number of free particles        = 2155247
    Average linear kinetic energy   = 1.070078917e-18
    Average rotational energy       = 4.341501721e-21
    Average vibrational energy      = 2.339606207e-22
    Average electronic energy       = 0
    Total energy                    = 1.158072814

Stage 1.0  ExecutionTime = 23.07 s  ClockTime = 23 s  Iteration 120 (0.14 s)

Time = 1.3e-05

    Collisions                      = 10925
    Collision candidates           = 17744
    Collision acceptance rate      = 0.6157010821

    Number of DSMC particles        = 2163375
    Number of stuck particles       = 0
    Number of free particles        = 2163375
    Average linear kinetic energy   = 1.066891818e-18
    Average rotational energy       = 4.673102325e-21
    Average vibrational energy      = 2.743172649e-22
    Average electronic energy       = 0
    Total energy                    = 1.159395105

Stage 1.0  ExecutionTime = 24.32 s  ClockTime = 24 s  Iteration 130 (0.14 s)

Time = 1.4e-05

    Collisions                      = 11687
    Collision candidates           = 19233
    Collision acceptance rate      = 0.6076535122

    Number of DSMC particles        = 2171401
    Number of stuck particles       = 0
    Number of free particles        = 2171401
    Average linear kinetic energy   = 1.063782437e-18
    Average rotational energy       = 5.014620859e-21
    Average vibrational energy      = 3.224391377e-22
    Average electronic energy       = 0
    Total energy                    = 1.160743572

Stage 1.0  ExecutionTime = 25.6 s  ClockTime = 26 s  Iteration 140 (0.16 s)

Time = 1.5e-05

    Collisions                      = 12510
    Collision candidates           = 20681
    Collision acceptance rate      = 0.6049030511

    Number of DSMC particles        = 2179513
    Number of stuck particles       = 0
    Number of free particles        = 2179513
    Average linear kinetic energy   = 1.060745913e-18
    Average rotational energy       = 5.362137974e-21
    Average vibrational energy      = 3.697987426e-22
    Average electronic energy       = 0
    Total energy                    = 1.162201169

Stage 1.0  ExecutionTime = 26.95 s  ClockTime = 27 s  Iteration 150 (0.15 s)

Time = 1.6e-05

    Collisions                      = 13305
    Collision candidates           = 22369
    Collision acceptance rate      = 0.59479637

    Number of DSMC particles        = 2187660
    Number of stuck particles       = 0
    Number of free particles        = 2187660
    Average linear kinetic energy   = 1.057751019e-18
    Average rotational energy       = 5.748775431e-21
    Average vibrational energy      = 4.256232132e-22
    Average electronic energy       = 0
    Total energy                    = 1.163753539

Stage 1.0  ExecutionTime = 28.33 s  ClockTime = 29 s  Iteration 160 (0.16 s)

Time = 1.7e-05

    Collisions                      = 13888
    Collision candidates           = 23847
    Collision acceptance rate      = 0.5823793349

    Number of DSMC particles        = 2195921
    Number of stuck particles       = 0
    Number of free particles        = 2195921
    Average linear kinetic energy   = 1.054826646e-18
    Average rotational energy       = 6.140251289e-21
    Average vibrational energy      = 4.791245774e-22
    Average electronic energy       = 0
    Total energy                    = 1.165425805

Stage 1.0  ExecutionTime = 29.78 s  ClockTime = 30 s  Iteration 170 (0.15 s)

Time = 1.8e-05

    Collisions                      = 14615
    Collision candidates           = 25301
    Collision acceptance rate      = 0.5776451524

    Number of DSMC particles        = 2204003
    Number of stuck particles       = 0
    Number of free particles        = 2204003
    Average linear kinetic energy   = 1.051973006e-18
    Average rotational energy       = 6.555768994e-21
    Average vibrational energy      = 5.424628921e-22
    Average electronic energy       = 0
    Total energy                    = 1.167098092

Stage 1.0  ExecutionTime = 31.21 s  ClockTime = 32 s  Iteration 180 (0.16 s)

Time = 1.9e-05

    Collisions                      = 15456
    Collision candidates           = 26733
    Collision acceptance rate      = 0.5781618225


Phase C auto DLB triggered (SAR) at step 190: sar=0.0004113207179 loadImbalance=1.047097538 threshold=1.5
Phase C ParMETIS weights: particles=2212243 activeCells=104103 maxCellParticles=67
Phase C ParMETIS: alpha=0.8 ncon=2 ubvec=[1.049999952,1.5] moveRatio=0.7944236967 (moveT=16.83407708s, collT=4.356223699s)
Phase C ParMETIS: AdaptiveRepart (104151 cells, 2 constraints, ubvec=1.049999952)
Replicated mesh: rank 0 owns 13154 / 104151 cells
Local mesh: 13154 owned + 473 halo = 13627 / 104151 cells
Phase C ParMETIS AdaptiveRepart: 99 / 104151 cells changed (0.0009505429617)
Phase C auto DLB complete: rebalance #2

    Number of DSMC particles        = 2212243
    Number of stuck particles       = 0
    Number of free particles        = 2212243
    Average linear kinetic energy   = 1.049207136e-18
    Average rotational energy       = 6.985195338e-21
    Average vibrational energy      = 5.95847987e-22
    Average electronic energy       = 0
    Total energy                    = 1.168936126

Stage 1.0  ExecutionTime = 32.77 s  ClockTime = 34 s  Iteration 190 (0.26 s)

Time = 2e-05

    Collisions                      = 16141
    Collision candidates           = 28195
    Collision acceptance rate      = 0.5724773896

    Number of DSMC particles        = 2220242
    Number of stuck particles       = 0
    Number of free particles        = 2220242
    Average linear kinetic energy   = 1.046425724e-18
    Average rotational energy       = 7.4441778e-21
    Average vibrational energy      = 6.65724536e-22
    Average electronic energy       = 0
    Total energy                    = 1.170662144

Stage 1.0  ExecutionTime = 34.31 s  ClockTime = 35 s  Iteration 200 (0.18 s)

Time = 2.1e-05

    Collisions                      = 16832
    Collision candidates           = 29758
    Collision acceptance rate      = 0.5656294106

    Number of DSMC particles        = 2228436
    Number of stuck particles       = 0
    Number of free particles        = 2228436
    Average linear kinetic energy   = 1.043724228e-18
    Average rotational energy       = 7.862077536e-21
    Average vibrational energy      = 7.505397846e-22
    Average electronic energy       = 0
    Total energy                    = 1.172532655

Stage 1.0  ExecutionTime = 35.84 s  ClockTime = 37 s  Iteration 210 (0.18 s)

Time = 2.2e-05

    Collisions                      = 17505
    Collision candidates           = 31225
    Collision acceptance rate      = 0.5606084868

    Number of DSMC particles        = 2236542
    Number of stuck particles       = 0
    Number of free particles        = 2236542
    Average linear kinetic energy   = 1.041024063e-18
    Average rotational energy       = 8.364273511e-21
    Average vibrational energy      = 8.203086607e-22
    Average electronic energy       = 0
    Total energy                    = 1.174417871

Stage 1.0  ExecutionTime = 37.44 s  ClockTime = 39 s  Iteration 220 (0.18 s)

Time = 2.3e-05

    Collisions                      = 18163
    Collision candidates           = 32399
    Collision acceptance rate      = 0.5606037223

    Number of DSMC particles        = 2244486
    Number of stuck particles       = 0
    Number of free particles        = 2244486
    Average linear kinetic energy   = 1.038419647e-18
    Average rotational energy       = 8.848690455e-21
    Average vibrational energy      = 8.960478081e-22
    Average electronic energy       = 0
    Total energy                    = 1.176295144

Stage 1.0  ExecutionTime = 39.06 s  ClockTime = 41 s  Iteration 230 (0.18 s)

Time = 2.4e-05

    Collisions                      = 18630
    Collision candidates           = 33646
    Collision acceptance rate      = 0.5537062355

    Number of DSMC particles        = 2252630
    Number of stuck particles       = 0
    Number of free particles        = 2252630
    Average linear kinetic energy   = 1.035884875e-18
    Average rotational energy       = 9.349077152e-21
    Average vibrational energy      = 9.786882198e-22
    Average electronic energy       = 0
    Total energy                    = 1.17836499

Stage 1.0  ExecutionTime = 40.75 s  ClockTime = 43 s  Iteration 240 (0.19 s)

Time = 2.5e-05

    Collisions                      = 19552
    Collision candidates           = 35083
    Collision acceptance rate      = 0.5573069578

    Number of DSMC particles        = 2260784
    Number of stuck particles       = 0
    Number of free particles        = 2260784
    Average linear kinetic energy   = 1.033344709e-18
    Average rotational energy       = 9.859636347e-21
    Average vibrational energy      = 1.065871389e-21
    Average electronic energy       = 0
    Total energy                    = 1.180434698

Stage 1.0  ExecutionTime = 42.5 s  ClockTime = 41 s  Iteration 250 (0.18 s)

Time = 2.6e-05

    Collisions                      = 20440
    Collision candidates           = 36899
    Collision acceptance rate      = 0.5539445513

    Number of DSMC particles        = 2268807
    Number of stuck particles       = 0
    Number of free particles        = 2268807
    Average linear kinetic energy   = 1.030849987e-18
    Average rotational energy       = 1.037926101e-20
    Average vibrational energy      = 1.166956022e-21
    Average electronic energy       = 0
    Total energy                    = 1.182497902

Stage 1.0  ExecutionTime = 44.24 s  ClockTime = 43 s  Iteration 260 (0.18 s)

Time = 2.7e-05

    Collisions                      = 20955
    Collision candidates           = 38285
    Collision acceptance rate      = 0.5473423012

    Number of DSMC particles        = 2277013
    Number of stuck particles       = 0
    Number of free particles        = 2277013
    Average linear kinetic energy   = 1.028410703e-18
    Average rotational energy       = 1.086406437e-20
    Average vibrational energy      = 1.258318293e-21
    Average electronic energy       = 0
    Total energy                    = 1.184653682

Stage 1.0  ExecutionTime = 46.03 s  ClockTime = 45 s  Iteration 270 (0.2 s)

Time = 2.8e-05

    Collisions                      = 21632
    Collision candidates           = 39546
    Collision acceptance rate      = 0.547008547

    Number of DSMC particles        = 2285129
    Number of stuck particles       = 0
    Number of free particles        = 2285129
    Average linear kinetic energy   = 1.026057308e-18
    Average rotational energy       = 1.135089282e-20
    Average vibrational energy      = 1.357288068e-21
    Average electronic energy       = 0
    Total energy                    = 1.186856571

Stage 1.0  ExecutionTime = 47.86 s  ClockTime = 47 s  Iteration 280 (0.21 s)

Time = 2.9e-05

    Collisions                      = 22456
    Collision candidates           = 41159
    Collision acceptance rate      = 0.5455914867

    Number of DSMC particles        = 2293321
    Number of stuck particles       = 0
    Number of free particles        = 2293321
    Average linear kinetic energy   = 1.023708156e-18
    Average rotational energy       = 1.183171115e-20
    Average vibrational energy      = 1.457617598e-21
    Average electronic energy       = 0
    Total energy                    = 1.189084054

Stage 1.0  ExecutionTime = 49.75 s  ClockTime = 49 s  Iteration 290 (0.21 s)

Time = 3e-05

    Collisions                      = 23041
    Collision candidates           = 42407
    Collision acceptance rate      = 0.5433301106

    Number of DSMC particles        = 2301525
    Number of stuck particles       = 0
    Number of free particles        = 2301525
    Average linear kinetic energy   = 1.021339569e-18
    Average rotational energy       = 1.238583611e-20
    Average vibrational energy      = 1.564300292e-21
    Average electronic energy       = 0
    Total energy                    = 1.191372569

Stage 1.0  ExecutionTime = 51.67 s  ClockTime = 52 s  Iteration 300 (0.23 s)

Time = 3.1e-05

    Collisions                      = 23635
    Collision candidates           = 43608
    Collision acceptance rate      = 0.5419877087

    Number of DSMC particles        = 2309566
    Number of stuck particles       = 0
    Number of free particles        = 2309566
    Average linear kinetic energy   = 1.019039743e-18
    Average rotational energy       = 1.293934015e-20
    Average vibrational energy      = 1.681794792e-21
    Average electronic energy       = 0
    Total energy                    = 1.19365401

Stage 1.0  ExecutionTime = 53.6 s  ClockTime = 54 s  Iteration 310 (0.21 s)

Time = 3.2e-05

    Collisions                      = 24274
    Collision candidates           = 45078
    Collision acceptance rate      = 0.5384888416

    Number of DSMC particles        = 2317657
    Number of stuck particles       = 0
    Number of free particles        = 2317657
    Average linear kinetic energy   = 1.016761796e-18
    Average rotational energy       = 1.347683272e-20
    Average vibrational energy      = 1.796166289e-21
    Average electronic energy       = 0
    Total energy                    = 1.195951333

Stage 1.0  ExecutionTime = 55.57 s  ClockTime = 56 s  Iteration 320 (0.22 s)

Time = 3.3e-05

    Collisions                      = 24929
    Collision candidates           = 46357
    Collision acceptance rate      = 0.5377612874

    Number of DSMC particles        = 2325848
    Number of stuck particles       = 0
    Number of free particles        = 2325848
    Average linear kinetic energy   = 1.014506385e-18
    Average rotational energy       = 1.404944046e-20
    Average vibrational energy      = 1.920496605e-21
    Average electronic energy       = 0
    Total energy                    = 1.198365647

Stage 1.0  ExecutionTime = 57.58 s  ClockTime = 58 s  Iteration 330 (0.23 s)

Time = 3.4e-05

    Collisions                      = 25575
    Collision candidates           = 47560
    Collision acceptance rate      = 0.5377417998

    Number of DSMC particles        = 2333983
    Number of stuck particles       = 0
    Number of free particles        = 2333983
    Average linear kinetic energy   = 1.012277284e-18
    Average rotational energy       = 1.463340984e-20
    Average vibrational energy      = 2.037019222e-21
    Average electronic energy       = 0
    Total energy                    = 1.200773235

Stage 1.0  ExecutionTime = 59.7 s  ClockTime = 60 s  Iteration 340 (0.23 s)

Time = 3.5e-05

    Collisions                      = 26279
    Collision candidates           = 49160
    Collision acceptance rate      = 0.5345606184

    Number of DSMC particles        = 2342225
    Number of stuck particles       = 0
    Number of free particles        = 2342225
    Average linear kinetic energy   = 1.010056703e-18
    Average rotational energy       = 1.520428574e-20
    Average vibrational energy      = 2.150855897e-21
    Average electronic energy       = 0
    Total energy                    = 1.203214854

Stage 1.0  ExecutionTime = 61.78 s  ClockTime = 63 s  Iteration 350 (0.25 s)

Time = 3.6e-05

    Collisions                      = 26498
    Collision candidates           = 50242
    Collision acceptance rate      = 0.5274073484

    Number of DSMC particles        = 2350428
    Number of stuck particles       = 0
    Number of free particles        = 2350428
    Average linear kinetic energy   = 1.007930187e-18
    Average rotational energy       = 1.574884129e-20
    Average vibrational energy      = 2.279969655e-21
    Average electronic energy       = 0
    Total energy                    = 1.205721378

Stage 1.0  ExecutionTime = 63.9 s  ClockTime = 65 s  Iteration 360 (0.24 s)

Time = 3.7e-05

    Collisions                      = 27380
    Collision candidates           = 51550
    Collision acceptance rate      = 0.5311348206

    Number of DSMC particles        = 2358535
    Number of stuck particles       = 0
    Number of free particles        = 2358535
    Average linear kinetic energy   = 1.005789346e-18
    Average rotational energy       = 1.629509902e-20
    Average vibrational energy      = 2.409430573e-21
    Average electronic energy       = 0
    Total energy                    = 1.208152331

Stage 1.0  ExecutionTime = 66.08 s  ClockTime = 67 s  Iteration 370 (0.24 s)

Time = 3.8e-05

    Collisions                      = 27953
    Collision candidates           = 52626
    Collision acceptance rate      = 0.5311633033


Phase C auto DLB triggered (SAR) at step 380: sar=0.0006547772134 loadImbalance=1.040650868 threshold=1.5
Phase C ParMETIS weights: particles=2366520 activeCells=104100 maxCellParticles=94
Phase C ParMETIS: alpha=0.8 ncon=2 ubvec=[1.049999952,1.5] moveRatio=0.7968229654 (moveT=42.00941262s, collT=10.71172425s)
Phase C ParMETIS: AdaptiveRepart (104151 cells, 2 constraints, ubvec=1.049999952)
Replicated mesh: rank 0 owns 13164 / 104151 cells
Local mesh: 13164 owned + 472 halo = 13636 / 104151 cells
Phase C ParMETIS AdaptiveRepart: 195 / 104151 cells changed (0.001872281591)
Phase C auto DLB complete: rebalance #3

    Number of DSMC particles        = 2366520
    Number of stuck particles       = 0
    Number of free particles        = 2366520
    Average linear kinetic energy   = 1.003688332e-18
    Average rotational energy       = 1.688698592e-20
    Average vibrational energy      = 2.547348636e-21
    Average electronic energy       = 0
    Total energy                    = 1.210620126

Stage 1.0  ExecutionTime = 68.35 s  ClockTime = 70 s  Iteration 380 (0.34 s)

Time = 3.9e-05

    Collisions                      = 28711
    Collision candidates           = 54191
    Collision acceptance rate      = 0.5298112233

    Number of DSMC particles        = 2374665
    Number of stuck particles       = 0
    Number of free particles        = 2374665
    Average linear kinetic energy   = 1.001622013e-18
    Average rotational energy       = 1.743920205e-20
    Average vibrational energy      = 2.673324821e-21
    Average electronic energy       = 0
    Total energy                    = 1.213138626

Stage 1.0  ExecutionTime = 70.64 s  ClockTime = 72 s  Iteration 390 (0.27 s)

Time = 4e-05

    Collisions                      = 29538
    Collision candidates           = 55710
    Collision acceptance rate      = 0.5302100162

    Number of DSMC particles        = 2382818
    Number of stuck particles       = 0
    Number of free particles        = 2382818
    Average linear kinetic energy   = 9.99596718e-19
    Average rotational energy       = 1.800127695e-20
    Average vibrational energy      = 2.810530178e-21
    Average electronic energy       = 0
    Total energy                    = 1.215723901

Stage 1.0  ExecutionTime = 72.89 s  ClockTime = 72 s  Iteration 400 (0.27 s)

Time = 4.1e-05

    Collisions                      = 29977
    Collision candidates           = 56770
    Collision acceptance rate      = 0.5280429804

    Number of DSMC particles        = 2390753
    Number of stuck particles       = 0
    Number of free particles        = 2390753
    Average linear kinetic energy   = 9.975355447e-19
    Average rotational energy       = 1.857902916e-20
    Average vibrational energy      = 2.952400749e-21
    Average electronic energy       = 0
    Total energy                    = 1.218168713

Stage 1.0  ExecutionTime = 75.16 s  ClockTime = 74 s  Iteration 410 (0.25 s)

Time = 4.2e-05

    Collisions                      = 30641
    Collision candidates           = 58021
    Collision acceptance rate      = 0.5281018941

    Number of DSMC particles        = 2398796
    Number of stuck particles       = 0
    Number of free particles        = 2398796
    Average linear kinetic energy   = 9.955581706e-19
    Average rotational energy       = 1.913094725e-20
    Average vibrational energy      = 3.090552353e-21
    Average electronic energy       = 0
    Total energy                    = 1.220722901

Stage 1.0  ExecutionTime = 77.41 s  ClockTime = 77 s  Iteration 420 (0.25 s)

Time = 4.3e-05

    Collisions                      = 31304
    Collision candidates           = 59518
    Collision acceptance rate      = 0.5259585336

    Number of DSMC particles        = 2406903
    Number of stuck particles       = 0
    Number of free particles        = 2406903
    Average linear kinetic energy   = 9.935455622e-19
    Average rotational energy       = 1.972723256e-20
    Average vibrational energy      = 3.23781497e-21
    Average electronic energy       = 0
    Total energy                    = 1.223321218

Stage 1.0  ExecutionTime = 79.71 s  ClockTime = 79 s  Iteration 430 (0.25 s)

Time = 4.4e-05

    Collisions                      = 31874
    Collision candidates           = 60664
    Collision acceptance rate      = 0.5254186997

    Number of DSMC particles        = 2415043
    Number of stuck particles       = 0
    Number of free particles        = 2415043
    Average linear kinetic energy   = 9.915803734e-19
    Average rotational energy       = 2.030737296e-20
    Average vibrational energy      = 3.377563811e-21
    Average electronic energy       = 0
    Total energy                    = 1.22595469

Stage 1.0  ExecutionTime = 82.01 s  ClockTime = 82 s  Iteration 440 (0.26 s)

Time = 4.5e-05

    Collisions                      = 32460
    Collision candidates           = 61888
    Collision acceptance rate      = 0.5244958635

    Number of DSMC particles        = 2423189
    Number of stuck particles       = 0
    Number of free particles        = 2423189
    Average linear kinetic energy   = 9.896558254e-19
    Average rotational energy       = 2.087733723e-20
    Average vibrational energy      = 3.532835074e-21
    Average electronic energy       = 0
    Total energy                    = 1.228636785

Stage 1.0  ExecutionTime = 84.45 s  ClockTime = 85 s  Iteration 450 (0.27 s)

Time = 4.6e-05

    Collisions                      = 33164
    Collision candidates           = 63275
    Collision acceptance rate      = 0.5241248518

    Number of DSMC particles        = 2431400
    Number of stuck particles       = 0
    Number of free particles        = 2431400
    Average linear kinetic energy   = 9.877461556e-19
    Average rotational energy       = 2.144072138e-20
    Average vibrational energy      = 3.689215655e-21
    Average electronic energy       = 0
    Total energy                    = 1.231353466

Stage 1.0  ExecutionTime = 86.83 s  ClockTime = 87 s  Iteration 460 (0.27 s)

Time = 4.7e-05

    Collisions                      = 33763
    Collision candidates           = 64348
    Collision acceptance rate      = 0.5246938522

    Number of DSMC particles        = 2439677
    Number of stuck particles       = 0
    Number of free particles        = 2439677
    Average linear kinetic energy   = 9.858777642e-19
    Average rotational energy       = 2.199951346e-20
    Average vibrational energy      = 3.839806067e-21
    Average electronic energy       = 0
    Total energy                    = 1.23413145

Stage 1.0  ExecutionTime = 89.26 s  ClockTime = 90 s  Iteration 470 (0.28 s)

Time = 4.8e-05

    Collisions                      = 34154
    Collision candidates           = 65554
    Collision acceptance rate      = 0.5210055832

    Number of DSMC particles        = 2447693
    Number of stuck particles       = 0
    Number of free particles        = 2447693
    Average linear kinetic energy   = 9.840025273e-19
    Average rotational energy       = 2.258169975e-20
    Average vibrational energy      = 3.998118828e-21
    Average electronic energy       = 0
    Total energy                    = 1.236797667

Stage 1.0  ExecutionTime = 91.69 s  ClockTime = 93 s  Iteration 480 (0.28 s)

Time = 4.9e-05

    Collisions                      = 34828
    Collision candidates           = 66848
    Collision acceptance rate      = 0.5210028722

    Number of DSMC particles        = 2455796
    Number of stuck particles       = 0
    Number of free particles        = 2455796
    Average linear kinetic energy   = 9.821509821e-19
    Average rotational energy       = 2.312919865e-20
    Average vibrational energy      = 4.16010714e-21
    Average electronic energy       = 0
    Total energy                    = 1.239489711

Stage 1.0  ExecutionTime = 94.19 s  ClockTime = 95 s  Iteration 490 (0.29 s)

Time = 5e-05

    Collisions                      = 35412
    Collision candidates           = 68084
    Collision acceptance rate      = 0.520122202

    Number of DSMC particles        = 2463917
    Number of stuck particles       = 0
    Number of free particles        = 2463917
    Average linear kinetic energy   = 9.802801822e-19
    Average rotational energy       = 2.372857781e-20
    Average vibrational energy      = 4.335566444e-21
    Average electronic energy       = 0
    Total energy                    = 1.242238364

Stage 1.0  ExecutionTime = 96.7 s  ClockTime = 98 s  Iteration 500 (0.29 s)

End stage 1


DSMC solver profile summary
    solver profile steps          = 500
    move+collide wall [s]         = 90.3090897
    move only [s]                 = 72.55678231
    buildCellOccupancy [s]        = 11.00725033
    collision phase [s]           = 28.46579818
    post fields/output [s]        = 5.1663808
    total profiled [s]            = 117.1962116
    full evolve wall [s]          = 95.44578731
    move+collide cpu [s]          = 82.22
    move only cpu [s]             = 66.04
    buildCellOccupancy cpu [s]    = 10.03
    collision phase cpu [s]       = 25.93
    post fields/output cpu [s]    = 4.8
    total profiled cpu [s]        = 106.8
    full evolve cpu [s]           = 86.79
    OpenMP enabled                = 1
    OpenMP max threads            = 1
    OpenMP move                   = 0 (static, chunk 64)
    OpenMP collision              = dynamic, chunk 8


Replicated mesh profiling summary:
    migration calls             = 54
    migration wall time [s]     = 2.313106711
    local particles (final)     = 316887
    particles per rank          = min 271015 max 377104 max/min 1.391450658
    rank wall time (evolve, 500 steps): min 81.52 max 81.78 max/min 1.003189401
    Phase C auto DLB checks      = 500
    Phase C auto DLB rebalances = 3
    Phase C auto DLB triggered checks = 3
    Phase C auto DLB wall max [s]= 0.381831308
    Phase C auto DLB check max [s]= 0.033617042
    Phase C ParMETIS max [s]     = 0.17843645
    Phase C migration max [s]    = 0.216251931
    Phase C cellOwner write max [s] = 0
    Phase C post-diagnostic max [s] = 0.0005143
    Phase C auto DLB accounted max [s] = 0.428819723
    Phase C auto DLB residual max [s] = -0.046988415

Total Iterations = 500
End main

