case=zb
mode=MPI8
np=8
OMP_NUM_THREADS=1
case_dir=/home/superxcx/code/OpenFoam/OF-1706/hyStrath_dlb/run/hyStrath/dsmcFoam+/xcx_test/zb-cylinder-react/mpi8
controlDict=/home/superxcx/code/OpenFoam/OF-1706/hyStrath_dlb/doc/worklog/v2506/detail_mix/zb_perf_cache_repair_single_20260621/controlDicts/zb_MPI8_controlDict
start=2026-06-21T03:29:03+08:00
/*---------------------------------------------------------------------------*\
| =========                 |                                                 |
| \\      /  F ield         | OpenFOAM: The Open Source CFD Toolbox           |
|  \\    /   O peration     | Version:  v1706                                 |
|   \\  /    A nd           | Web:      www.OpenFOAM.com                      |
|    \\/     M anipulation  |                                                 |
\*---------------------------------------------------------------------------*/
Build  : v1706
Arch   : "LSB;label=32;scalar=64"
Exec   : dsmcFoam+
Date   : Jun 21 2026
Time   : 03:29:03
Host   : "SuperXCX-ROG"
PID    : 423797
/*---------------------------------------------------------------------------*\
| =========                 |                                                 |
| \\      /  F ield         | OpenFOAM: The Open Source CFD Toolbox           |
|  \\    /   O peration     | Version:  v1706                                 |
|   \\  /    A nd           | Web:      www.OpenFOAM.com                      |
|    \\/     M anipulation  |                                                 |
\*---------------------------------------------------------------------------*/
Build  : v1706
Arch   : "LSB;label=32;scalar=64"
Exec   : dsmcFoam+
Date   : Jun 21 2026
Time   : 03:29:03
Host   : "SuperXCX-ROG"
PID    : 423799
/*---------------------------------------------------------------------------*\
| =========                 |                                                 |
| \\      /  F ield         | OpenFOAM: The Open Source CFD Toolbox           |
|  \\    /   O peration     | Version:  v1706                                 |
|   \\  /    A nd           | Web:      www.OpenFOAM.com                      |
|    \\/     M anipulation  |                                                 |
\*---------------------------------------------------------------------------*/
Build  : v1706
Arch   : "LSB;label=32;scalar=64"
Exec   : dsmcFoam+
Date   : Jun 21 2026
Time   : 03:29:03
Host   : "SuperXCX-ROG"
PID    : 423800
/*---------------------------------------------------------------------------*\
| =========                 |                                                 |
| \\      /  F ield         | OpenFOAM: The Open Source CFD Toolbox           |
|  \\    /   O peration     | Version:  v1706                                 |
|   \\  /    A nd           | Web:      www.OpenFOAM.com                      |
|    \\/     M anipulation  |                                                 |
\*---------------------------------------------------------------------------*/
Build  : v1706
Arch   : "LSB;label=32;scalar=64"
Exec   : dsmcFoam+
Date   : Jun 21 2026
Time   : 03:29:03
Host   : "SuperXCX-ROG"
PID    : 423802
/*---------------------------------------------------------------------------*\
| =========                 |                                                 |
| \\      /  F ield         | OpenFOAM: The Open Source CFD Toolbox           |
|  \\    /   O peration     | Version:  v1706                                 |
|   \\  /    A nd           | Web:      www.OpenFOAM.com                      |
|    \\/     M anipulation  |                                                 |
\*---------------------------------------------------------------------------*/
Build  : v1706
Arch   : "LSB;label=32;scalar=64"
Exec   : dsmcFoam+
Date   : Jun 21 2026
Time   : 03:29:03
Host   : "SuperXCX-ROG"
PID    : 423803
/*---------------------------------------------------------------------------*\
| =========                 |                                                 |
| \\      /  F ield         | OpenFOAM: The Open Source CFD Toolbox           |
|  \\    /   O peration     | Version:  v1706                                 |
|   \\  /    A nd           | Web:      www.OpenFOAM.com                      |
|    \\/     M anipulation  |                                                 |
\*---------------------------------------------------------------------------*/
Build  : v1706
Arch   : "LSB;label=32;scalar=64"
Exec   : dsmcFoam+
Date   : Jun 21 2026
Time   : 03:29:03
Host   : "SuperXCX-ROG"
PID    : 423804
Case   : /home/superxcx/code/OpenFoam/OF-1706/hyStrath_dlb/run/hyStrath/dsmcFoam+/xcx_test/zb-cylinder-react/mpi8
nProcs : 1
sigFpe : Enabling floating point exception trapping (FOAM_SIGFPE).
Case   : /home/superxcx/code/OpenFoam/OF-1706/hyStrath_dlb/run/hyStrath/dsmcFoam+/xcx_test/zb-cylinder-react/mpi8
nProcs : 1
Case   : /home/superxcx/code/OpenFoam/OF-1706/hyStrath_dlb/run/hyStrath/dsmcFoam+/xcx_test/zb-cylinder-react/mpi8
nProcs : 1
sigFpe : Enabling floating point exception trapping (FOAM_SIGFPE).
Case   : /home/superxcx/code/OpenFoam/OF-1706/hyStrath_dlb/run/hyStrath/dsmcFoam+/xcx_test/zb-cylinder-react/mpi8
nProcs : 1
sigFpe : Enabling floating point exception trapping (FOAM_SIGFPE).
Case   : /home/superxcx/code/OpenFoam/OF-1706/hyStrath_dlb/run/hyStrath/dsmcFoam+/xcx_test/zb-cylinder-react/mpi8
nProcs : 1
sigFpe : Enabling floating point exception trapping (FOAM_SIGFPE).
sigFpe : Enabling floating point exception trapping (FOAM_SIGFPE).
fileModificationChecking : Monitoring run-time modified files using timeStampMaster (fileModificationSkew 10)
allowSystemOperations : Allowing user-supplied system call operations

fileModificationChecking : Monitoring run-time modified files using timeStampMaster (fileModificationSkew 10)
allowSystemOperations : Allowing user-supplied system call operations

fileModificationChecking : Monitoring run-time modified files using timeStampMaster (fileModificationSkew 10)
allowSystemOperations : Allowing user-supplied system call operations

fileModificationChecking : Monitoring run-time modified files using timeStampMaster (fileModificationSkew 10)
allowSystemOperations : Allowing user-supplied system call operations

fileModificationChecking : Monitoring run-time modified files using timeStampMaster (fileModificationSkew 10)
allowSystemOperations : Allowing user-supplied system call operations

// * * * * * * * * * * * * * * * * * * * * * * * * * * * * * * * * * * * * * //
Create time

// * * * * * * * * * * * * * * * * * * * * * * * * * * * * * * * * * * * * * //
Create time

// * * * * * * * * * * * * * * * * * * * * * * * * * * * * * * * * * * * * * //
Create time

// * * * * * * * * * * * * * * * * * * * * * * * * * * * * * * * * * * * * * //
Create time

// * * * * * * * * * * * * * * * * * * * * * * * * * * * * * * * * * * * * * //
Create time

Case   : /home/superxcx/code/OpenFoam/OF-1706/hyStrath_dlb/run/hyStrath/dsmcFoam+/xcx_test/zb-cylinder-react/mpi8
nProcs : 1
sigFpe : Enabling floating point exception trapping (FOAM_SIGFPE).
fileModificationChecking : Monitoring run-time modified files using timeStampMaster (fileModificationSkew 10)
allowSystemOperations : Allowing user-supplied system call operations

// * * * * * * * * * * * * * * * * * * * * * * * * * * * * * * * * * * * * * //
Create time

/*---------------------------------------------------------------------------*\
| =========                 |                                                 |
| \\      /  F ield         | OpenFOAM: The Open Source CFD Toolbox           |
|  \\    /   O peration     | Version:  v1706                                 |
|   \\  /    A nd           | Web:      www.OpenFOAM.com                      |
|    \\/     M anipulation  |                                                 |
\*---------------------------------------------------------------------------*/
Build  : v1706
Arch   : "LSB;label=32;scalar=64"
Exec   : dsmcFoam+
Date   : Jun 21 2026
Time   : 03:29:03
Host   : "SuperXCX-ROG"
PID    : 423798
Case   : /home/superxcx/code/OpenFoam/OF-1706/hyStrath_dlb/run/hyStrath/dsmcFoam+/xcx_test/zb-cylinder-react/mpi8
nProcs : 1
sigFpe : Enabling floating point exception trapping (FOAM_SIGFPE).
fileModificationChecking : Monitoring run-time modified files using timeStampMaster (fileModificationSkew 10)
allowSystemOperations : Allowing user-supplied system call operations

// * * * * * * * * * * * * * * * * * * * * * * * * * * * * * * * * * * * * * //
Create time

/*---------------------------------------------------------------------------*\
| =========                 |                                                 |
| \\      /  F ield         | OpenFOAM: The Open Source CFD Toolbox           |
|  \\    /   O peration     | Version:  v1706                                 |
|   \\  /    A nd           | Web:      www.OpenFOAM.com                      |
|    \\/     M anipulation  |                                                 |
\*---------------------------------------------------------------------------*/
Build  : v1706
Arch   : "LSB;label=32;scalar=64"
Exec   : dsmcFoam+
Date   : Jun 21 2026
Time   : 03:29:03
Host   : "SuperXCX-ROG"
PID    : 423801
Case   : /home/superxcx/code/OpenFoam/OF-1706/hyStrath_dlb/run/hyStrath/dsmcFoam+/xcx_test/zb-cylinder-react/mpi8
nProcs : 1
sigFpe : Enabling floating point exception trapping (FOAM_SIGFPE).
fileModificationChecking : Monitoring run-time modified files using timeStampMaster (fileModificationSkew 10)
allowSystemOperations : Allowing user-supplied system call operations

// * * * * * * * * * * * * * * * * * * * * * * * * * * * * * * * * * * * * * //
Create time

Create mesh for time = 0

Create mesh for time = 0

Create mesh for time = 0

Create mesh for time = 0

Create mesh for time = 0

Create mesh for time = 0

Create mesh for time = 0

Create mesh for time = 0

Selecting dynamicFvMesh dynamicRefineFvMesh
Selecting dynamicFvMesh dynamicRefineFvMesh
Selecting dynamicFvMesh dynamicRefineFvMesh
Selecting dynamicFvMesh dynamicRefineFvMesh
Selecting dynamicFvMesh dynamicRefineFvMesh
Selecting dynamicFvMesh dynamicRefineFvMesh
Selecting dynamicFvMesh dynamicRefineFvMesh
Selecting dynamicFvMesh dynamicRefineFvMesh

Constructing dsmcCloud 

Constructing dsmcCloud 

Constructing dsmcCloud 

Constructing dsmcCloud 

Constructing dsmcCloud 

Constructing dsmcCloud 

Constructing dsmcCloud 

Constructing dsmcCloud 
Selecting the coordinate system model:	dsmcCartesian

Selecting the time-step model:	dsmcConstantTimeStepModel

Constant time-step model:
- time-step [sec]	6.640048894e-08

Selecting the porous measurement model:	dsmcNoPorousMediumMeasurements


Creating dsmcControllers

Creating fields: 

Selecting field: dsmcVolFields

TimeData Statistics: 
 measurement option: write
 nSamples: 1, time interval: 6.640048894e-08
 nAverages: 15060, time interval: 0.0009999913634
 total no. of sampling steps: 0
 total no. of averaging Steps: 0


Selecting field: dsmcVolFields

TimeData Statistics: 
 measurement option: write
 nSamples: 1, time interval: 6.640048894e-08
 nAverages: 15060, time interval: 0.0009999913634
 total no. of sampling steps: 0
 total no. of averaging Steps: 0


Selecting field: dsmcVolFields

TimeData Statistics: 
 measurement option: write
 nSamples: 1, time interval: 6.640048894e-08
 nAverages: 15060, time interval: 0.0009999913634
 total no. of sampling steps: 0
 total no. of averaging Steps: 0


Selecting field: dsmcVolFields

TimeData Statistics: 
 measurement option: write
 nSamples: 1, time interval: 6.640048894e-08
 nAverages: 15060, time interval: 0.0009999913634
 total no. of sampling steps: 0
 total no. of averaging Steps: 0


Selecting the coordinate system model:	dsmcCartesian

Selecting the time-step model:	dsmcConstantTimeStepModel

Constant time-step model:
- time-step [sec]	6.640048894e-08

Selecting the porous measurement model:	dsmcNoPorousMediumMeasurements

Selecting field: dsmcVolFields

TimeData Statistics: 
 measurement option: write
 nSamples: 1, time interval: 6.640048894e-08
 nAverages: 15060, time interval: 0.0009999913634
 total no. of sampling steps: 0
 total no. of averaging Steps: 0



Creating dsmcControllers

Creating fields: 

Selecting field: dsmcVolFields

TimeData Statistics: 
 measurement option: write
 nSamples: 1, time interval: 6.640048894e-08
 nAverages: 15060, time interval: 0.0009999913634
 total no. of sampling steps: 0
 total no. of averaging Steps: 0


Selecting the coordinate system model:	dsmcCartesian

Selecting the time-step model:	dsmcConstantTimeStepModel

Constant time-step model:
- time-step [sec]	6.640048894e-08

Selecting the porous measurement model:	dsmcNoPorousMediumMeasurements


Creating dsmcControllers

Creating fields: 

Selecting field: dsmcVolFields

TimeData Statistics: 
 measurement option: write
 nSamples: 1, time interval: 6.640048894e-08
 nAverages: 15060, time interval: 0.0009999913634
 total no. of sampling steps: 0
 total no. of averaging Steps: 0


Selecting field: dsmcVolFields

TimeData Statistics: 
 measurement option: write
 nSamples: 1, time interval: 6.640048894e-08
 nAverages: 15060, time interval: 0.0009999913634
 total no. of sampling steps: 0
 total no. of averaging Steps: 0


Selecting field: dsmcVolFields

TimeData Statistics: 
 measurement option: write
Selecting the coordinate system model:	dsmcCartesian

 nSamples: 1, time interval: 6.640048894e-08
 nAverages: 15060, time interval: 0.0009999913634
 total no. of sampling steps: 0
 total no. of averaging Steps: 0


Selecting the time-step model:	dsmcConstantTimeStepModel

Constant time-step model:
- time-step [sec]	6.640048894e-08

Selecting the porous measurement model:	dsmcNoPorousMediumMeasurements


Creating dsmcControllers

Selecting the coordinate system model:	dsmcCartesian

Selecting the time-step model:	dsmcConstantTimeStepModel

Constant time-step model:
- time-step [sec]	6.640048894e-08

Selecting the porous measurement model:	dsmcNoPorousMediumMeasurements

Creating fields: 

Selecting field: dsmcVolFields

TimeData Statistics: 
 measurement option: write
 nSamples: 1, time interval: 6.640048894e-08
 nAverages: 15060, time interval: 0.0009999913634
 total no. of sampling steps: 0
 total no. of averaging Steps: 0



Creating dsmcControllers

Selecting field: dsmcVolFields

TimeData Statistics: 
 measurement option: write
 nSamples: 1, time interval: 6.640048894e-08
 nAverages: 15060, time interval: 0.0009999913634
 total no. of sampling steps: 0
 total no. of averaging Steps: 0


Creating fields: 

Selecting field: dsmcVolFields

TimeData Statistics: 
 measurement option: write
 nSamples: 1, time interval: 6.640048894e-08
 nAverages: 15060, time interval: 0.0009999913634
 total no. of sampling steps: 0
 total no. of averaging Steps: 0


Selecting field: dsmcVolFields

TimeData Statistics: 
 measurement option: write
 nSamples: 1, time interval: 6.640048894e-08
 nAverages: 15060, time interval: 0.0009999913634
 total no. of sampling steps: 0
 total no. of averaging Steps: 0


Creating the boundary models: 

Selecting dsmcPatchBoundaryModel dsmcDeletionPatch
Selecting dsmcPatchBoundaryModel dsmcDeletionPatch
Selecting dsmcPatchBoundaryModel dsmcDiffuseWallPatch
Selecting dsmcGeneralBoundaryModel dsmcFreeStreamInflowPatch
Selecting BinaryCollisionModel LarsenBorgnakkeVariableHardSphere
Selecting field: dsmcVolFields

TimeData Statistics: 
 measurement option: write
 nSamples: 1, time interval: 6.640048894e-08
 nAverages: 15060, time interval: 0.0009999913634
 total no. of sampling steps: 0
 total no. of averaging Steps: 0



Creating dsmcReactions

Selecting the reaction model dissociationQK
Selecting the reaction model dissociationExchangeQK
Selecting the reaction model dissociationQK
Selecting the reaction model dissociationQK
Selecting the reaction model dissociationQK
Selecting the reaction model dissociationQK
Selecting the reaction model dissociationQK
Selecting the reaction model dissociationExchangeQK
Selecting the reaction model dissociationQK
Selecting the reaction model dissociationExchangeQK
Selecting the reaction model dissociationExchangeQK
Selecting the reaction model dissociationQK
Number of reactions created: 12
Selecting field: dsmcVolFields

TimeData Statistics: 
 measurement option: write
 nSamples: 1, time interval: 6.640048894e-08
 nAverages: 15060, time interval: 0.0009999913634
 total no. of sampling steps: 0
 total no. of averaging Steps: 0


Selecting field: dsmcVolFields

TimeData Statistics: 
 measurement option: write
 nSamples: 1, time interval: 6.640048894e-08
 nAverages: 15060, time interval: 0.0009999913634
 total no. of sampling steps: 0
 total no. of averaging Steps: 0


Selecting the coordinate system model:	dsmcCartesian

Selecting the time-step model:	dsmcConstantTimeStepModel

Constant time-step model:
- time-step [sec]	6.640048894e-08

Selecting the porous measurement model:	dsmcNoPorousMediumMeasurements

Selecting field: dsmcVolFields

TimeData Statistics: 
 measurement option: write
 nSamples: 1, time interval: 6.640048894e-08
 nAverages: 15060, time interval: 0.0009999913634
 total no. of sampling steps: 0
 total no. of averaging Steps: 0


Selecting the coordinate system model:	dsmcCartesian

Selecting the time-step model:	dsmcConstantTimeStepModel

Constant time-step model:
- time-step [sec]	6.640048894e-08

Selecting the porous measurement model:	dsmcNoPorousMediumMeasurements


Creating dsmcControllers

Creating fields: 

Selecting field: dsmcVolFields

TimeData Statistics: 
 measurement option: write
 nSamples: 1, time interval: 6.640048894e-08
 nAverages: 15060, time interval: 0.0009999913634
 total no. of sampling steps: 0
 total no. of averaging Steps: 0



Creating dsmcControllers

Creating fields: 

Selecting field: dsmcVolFields

TimeData Statistics: 
 measurement option: write
Selecting field: dsmcVolFields

TimeData Statistics: 
 measurement option: write
 nSamples: 1, time interval: 6.640048894e-08
 nAverages: 15060, time interval: 0.0009999913634
 total no. of sampling steps: 0
 total no. of averaging Steps: 0


 nSamples: 1, time interval: 6.640048894e-08
 nAverages: 15060, time interval: 0.0009999913634
 total no. of sampling steps: 0
 total no. of averaging Steps: 0


Selecting field: dsmcVolFields

TimeData Statistics: 
 measurement option: write
 nSamples: 1, time interval: 6.640048894e-08
 nAverages: 15060, time interval: 0.0009999913634
 total no. of sampling steps: 0
 total no. of averaging Steps: 0


Selecting the coordinate system model:	dsmcCartesian

Selecting the time-step model:	dsmcConstantTimeStepModel

Constant time-step model:
- time-step [sec]	6.640048894e-08

Selecting the porous measurement model:	dsmcNoPorousMediumMeasurements

Selecting field: dsmcVolFields

TimeData Statistics: 
 measurement option: write
 nSamples: 1, time interval: 6.640048894e-08
 nAverages: 15060, time interval: 0.0009999913634
 total no. of sampling steps: 0
 total no. of averaging Steps: 0



Creating dsmcControllers

Creating fields: 

Selecting field: dsmcVolFields

TimeData Statistics: 
 measurement option: write
 nSamples: 1, time interval: 6.640048894e-08
 nAverages: 15060, time interval: 0.0009999913634
 total no. of sampling steps: 0
 total no. of averaging Steps: 0


Selecting field: dsmcVolFields

TimeData Statistics: 
 measurement option: write
 nSamples: 1, time interval: 6.640048894e-08
 nAverages: 15060, time interval: 0.0009999913634
 total no. of sampling steps: 0
 total no. of averaging Steps: 0


Selecting field: dsmcVolFields

TimeData Statistics: 
 measurement option: write
 nSamples: 1, time interval: 6.640048894e-08
 nAverages: 15060, time interval: 0.0009999913634
 total no. of sampling steps: 0
 total no. of averaging Steps: 0


Selecting field: dsmcVolFields

TimeData Statistics: 
 measurement option: write
 nSamples: 1, time interval: 6.640048894e-08
 nAverages: 15060, time interval: 0.0009999913634
 total no. of sampling steps: 0
 total no. of averaging Steps: 0


Selecting field: dsmcVolFields

TimeData Statistics: 
 measurement option: write
 nSamples: 1, time interval: 6.640048894e-08
 nAverages: 15060, time interval: 0.0009999913634
 total no. of sampling steps: 0
 total no. of averaging Steps: 0


Selecting field: dsmcVolFields

TimeData Statistics: 
 measurement option: write
 nSamples: 1, time interval: 6.640048894e-08
 nAverages: 15060, time interval: 0.0009999913634
 total no. of sampling steps: 0
 total no. of averaging Steps: 0


Selecting field: dsmcVolFields

TimeData Statistics: 
 measurement option: write
 nSamples: 1, time interval: 6.640048894e-08
 nAverages: 15060, time interval: 0.0009999913634
 total no. of sampling steps: 0
 total no. of averaging Steps: 0


Selecting field: dsmcVolFields

TimeData Statistics: 
 measurement option: write
 nSamples: 1, time interval: 6.640048894e-08
 nAverages: 15060, time interval: 0.0009999913634
 total no. of sampling steps: 0
 total no. of averaging Steps: 0


Selecting field: dsmcVolFields

TimeData Statistics: 
 measurement option: write
 nSamples: 1, time interval: 6.640048894e-08
 nAverages: 15060, time interval: 0.0009999913634
 total no. of sampling steps: 0
 total no. of averaging Steps: 0


Selecting field: dsmcVolFields

TimeData Statistics: 
 measurement option: write
 nSamples: 1, time interval: 6.640048894e-08
 nAverages: 15060, time interval: 0.0009999913634
 total no. of sampling steps: 0
 total no. of averaging Steps: 0


Selecting field: dsmcVolFields

TimeData Statistics: 
 measurement option: write
 nSamples: 1, time interval: 6.640048894e-08
 nAverages: 15060, time interval: 0.0009999913634
 total no. of sampling steps: 0
 total no. of averaging Steps: 0


Selecting field: dsmcVolFields

TimeData Statistics: 
 measurement option: write
 nSamples: 1, time interval: 6.640048894e-08
 nAverages: 15060, time interval: 0.0009999913634
 total no. of sampling steps: 0
 total no. of averaging Steps: 0


Selecting field: dsmcVolFields
Selecting field: dsmcVolFields

TimeData Statistics: 
 measurement option: write
 nSamples: 1, time interval: 6.640048894e-08
 nAverages: 15060, time interval: 0.0009999913634
 total no. of sampling steps: 0
 total no. of averaging Steps: 0



TimeData Statistics: 
 measurement option: write
 nSamples: 1, time interval: 6.640048894e-08
 nAverages: 15060, time interval: 0.0009999913634
 total no. of sampling steps: 0
 total no. of averaging Steps: 0


Selecting field: dsmcVolFields

TimeData Statistics: 
 measurement option: write
 nSamples: 1, time interval: 6.640048894e-08
 nAverages: 15060, time interval: 0.0009999913634
 total no. of sampling steps: 0
 total no. of averaging Steps: 0


Creating the boundary models: 

Selecting dsmcPatchBoundaryModel dsmcDeletionPatch
Selecting dsmcPatchBoundaryModel dsmcDeletionPatch
Selecting dsmcPatchBoundaryModel dsmcDiffuseWallPatch
Selecting dsmcGeneralBoundaryModel dsmcFreeStreamInflowPatch
Selecting field: dsmcVolFields

TimeData Statistics: 
 measurement option: write
 nSamples: 1, time interval: 6.640048894e-08
 nAverages: 15060, time interval: 0.0009999913634
 total no. of sampling steps: 0
 total no. of averaging Steps: 0


Selecting BinaryCollisionModel LarsenBorgnakkeVariableHardSphere

Creating dsmcReactions

Selecting the reaction model dissociationQK
Selecting the reaction model dissociationExchangeQK
Selecting the reaction model dissociationQK
Selecting the reaction model dissociationQK
Selecting the reaction model dissociationQK
Selecting the reaction model dissociationQK
Selecting the reaction model dissociationQK
Selecting the reaction model dissociationExchangeQK
Selecting the reaction model dissociationQK
Selecting the reaction model dissociationExchangeQK
Selecting the reaction model dissociationExchangeQK
Selecting the reaction model dissociationQK
Number of reactions created: 12
Selecting field: dsmcVolFields

TimeData Statistics: 
 measurement option: write
 nSamples: 1, time interval: 6.640048894e-08
 nAverages: 15060, time interval: 0.0009999913634
 total no. of sampling steps: 0
 total no. of averaging Steps: 0


Selecting field: dsmcVolFields

TimeData Statistics: 
 measurement option: write
 nSamples: 1, time interval: 6.640048894e-08
 nAverages: 15060, time interval: 0.0009999913634
 total no. of sampling steps: 0
 total no. of averaging Steps: 0


Selecting field: dsmcVolFields

TimeData Statistics: 
 measurement option: write
 nSamples: 1, time interval: 6.640048894e-08
 nAverages: 15060, time interval: 0.0009999913634
 total no. of sampling steps: 0
 total no. of averaging Steps: 0


Creating the boundary models: 

Selecting dsmcPatchBoundaryModel dsmcDeletionPatch
Selecting dsmcPatchBoundaryModel dsmcDeletionPatch
Selecting dsmcPatchBoundaryModel dsmcDiffuseWallPatch
Selecting dsmcGeneralBoundaryModel dsmcFreeStreamInflowPatch
Selecting field: dsmcVolFields

TimeData Statistics: 
 measurement option: write
 nSamples: 1, time interval: 6.640048894e-08
 nAverages: 15060, time interval: 0.0009999913634
 total no. of sampling steps: 0
 total no. of averaging Steps: 0


Selecting BinaryCollisionModel LarsenBorgnakkeVariableHardSphere

Creating dsmcReactions

Selecting the reaction model dissociationQK
Selecting the reaction model dissociationExchangeQK
Selecting the reaction model dissociationQK
Selecting the reaction model dissociationQK
Selecting the reaction model dissociationQK
Selecting the reaction model dissociationQK
Selecting the reaction model dissociationQK
Selecting the reaction model dissociationExchangeQK
Selecting the reaction model dissociationQK
Selecting the reaction model dissociationExchangeQK
Selecting the reaction model dissociationExchangeQK
Selecting the reaction model dissociationQK
Number of reactions created: 12
Selecting field: dsmcVolFields

TimeData Statistics: 
 measurement option: write
 nSamples: 1, time interval: 6.640048894e-08
 nAverages: 15060, time interval: 0.0009999913634
 total no. of sampling steps: 0
 total no. of averaging Steps: 0


Creating the boundary models: 

Selecting dsmcPatchBoundaryModel dsmcDeletionPatch
Selecting dsmcPatchBoundaryModel dsmcDeletionPatch
Selecting dsmcPatchBoundaryModel dsmcDiffuseWallPatch
Selecting dsmcGeneralBoundaryModel dsmcFreeStreamInflowPatch
Selecting field: dsmcVolFields

TimeData Statistics: 
 measurement option: write
 nSamples: 1, time interval: 6.640048894e-08
 nAverages: 15060, time interval: 0.0009999913634
 total no. of sampling steps: 0
 total no. of averaging Steps: 0


Selecting BinaryCollisionModel LarsenBorgnakkeVariableHardSphere

Creating dsmcReactions

Selecting the reaction model dissociationQK
Selecting the reaction model dissociationExchangeQK
Selecting the reaction model dissociationQK
Selecting the reaction model dissociationQK
Selecting the reaction model dissociationQK
Selecting the reaction model dissociationQK
Selecting the reaction model dissociationQK
Selecting the reaction model dissociationExchangeQK
Selecting the reaction model dissociationQK
Selecting the reaction model dissociationExchangeQK
Selecting the reaction model dissociationExchangeQK
Selecting the reaction model dissociationQK
Number of reactions created: 12
Creating the boundary models: 

Selecting dsmcPatchBoundaryModel dsmcDeletionPatch
Selecting dsmcPatchBoundaryModel dsmcDeletionPatch
Selecting dsmcPatchBoundaryModel dsmcDiffuseWallPatch
Selecting dsmcGeneralBoundaryModel dsmcFreeStreamInflowPatch
Selecting BinaryCollisionModel LarsenBorgnakkeVariableHardSphere

Creating dsmcReactions

Selecting the reaction model dissociationQK
Selecting the reaction model dissociationExchangeQK
Selecting the reaction model dissociationQK
Selecting the reaction model dissociationQK
Selecting the reaction model dissociationQK
Selecting the reaction model dissociationQK
Selecting the reaction model dissociationQK
Selecting the reaction model dissociationExchangeQK
Selecting the reaction model dissociationQK
Selecting the reaction model dissociationExchangeQK
Selecting the reaction model dissociationExchangeQK
Selecting the reaction model dissociationQK
Number of reactions created: 12
Selecting field: dsmcVolFields

TimeData Statistics: 
 measurement option: write
 nSamples: 1, time interval: 6.640048894e-08
 nAverages: 15060, time interval: 0.0009999913634
 total no. of sampling steps: 0
 total no. of averaging Steps: 0


Selecting field: dsmcVolFields

TimeData Statistics: 
 measurement option: write
 nSamples: 1, time interval: 6.640048894e-08
 nAverages: 15060, time interval: 0.0009999913634
 total no. of sampling steps: 0
 total no. of averaging Steps: 0


Selecting field: dsmcVolFields

TimeData Statistics: 
 measurement option: write
 nSamples: 1, time interval: 6.640048894e-08
 nAverages: 15060, time interval: 0.0009999913634
 total no. of sampling steps: 0
 total no. of averaging Steps: 0


Selecting field: dsmcVolFields

TimeData Statistics: 
 measurement option: write
 nSamples: 1, time interval: 6.640048894e-08
 nAverages: 15060, time interval: 0.0009999913634
 total no. of sampling steps: 0
 total no. of averaging Steps: 0


Creating the boundary models: 

Selecting dsmcPatchBoundaryModel dsmcDeletionPatch
Selecting dsmcPatchBoundaryModel dsmcDeletionPatch
Selecting dsmcPatchBoundaryModel dsmcDiffuseWallPatch
Selecting dsmcGeneralBoundaryModel dsmcFreeStreamInflowPatch
Creating the boundary models: 

Selecting dsmcPatchBoundaryModel dsmcDeletionPatch
Selecting dsmcPatchBoundaryModel dsmcDeletionPatch
Selecting dsmcPatchBoundaryModel dsmcDiffuseWallPatch
Selecting dsmcGeneralBoundaryModel dsmcFreeStreamInflowPatch
Selecting BinaryCollisionModel LarsenBorgnakkeVariableHardSphere

Creating dsmcReactions

Selecting the reaction model dissociationQK
Selecting the reaction model dissociationExchangeQK
Selecting the reaction model dissociationQK
Selecting the reaction model dissociationQK
Selecting the reaction model dissociationQK
Selecting the reaction model dissociationQK
Selecting the reaction model dissociationQK
Selecting the reaction model dissociationExchangeQK
Selecting the reaction model dissociationQK
Selecting the reaction model dissociationExchangeQK
Selecting the reaction model dissociationExchangeQK
Selecting the reaction model dissociationQK
Number of reactions created: 12
Selecting BinaryCollisionModel LarsenBorgnakkeVariableHardSphere

Creating dsmcReactions

Selecting the reaction model dissociationQK
Selecting the reaction model dissociationExchangeQK
Selecting the reaction model dissociationQK
Selecting the reaction model dissociationQK
Selecting the reaction model dissociationQK
Selecting the reaction model dissociationQK
Selecting the reaction model dissociationQK
Selecting the reaction model dissociationExchangeQK
Selecting the reaction model dissociationQK
Selecting the reaction model dissociationExchangeQK
Selecting the reaction model dissociationExchangeQK
Selecting the reaction model dissociationQK
Number of reactions created: 12
Creating the boundary models: 

Selecting dsmcPatchBoundaryModel dsmcDeletionPatch
Selecting dsmcPatchBoundaryModel dsmcDeletionPatch
Selecting dsmcPatchBoundaryModel dsmcDiffuseWallPatch
Selecting dsmcGeneralBoundaryModel dsmcFreeStreamInflowPatch
Selecting BinaryCollisionModel LarsenBorgnakkeVariableHardSphere

Creating dsmcReactions

Selecting the reaction model dissociationQK
Selecting the reaction model dissociationExchangeQK
Selecting the reaction model dissociationQK
Selecting the reaction model dissociationQK
Selecting the reaction model dissociationQK
Selecting the reaction model dissociationQK
Selecting the reaction model dissociationQK
Selecting the reaction model dissociationExchangeQK
Selecting the reaction model dissociationQK
Selecting the reaction model dissociationExchangeQK
Selecting the reaction model dissociationExchangeQK
Selecting the reaction model dissociationQK
Number of reactions created: 12

Constructing constant properties for
	N2
	O2
	NO
	N
	O
Selecting collisionPartnerSelectionModel noTimeCounter
Collision profile: collisionReduceOnlyOnOutput defaulted to true for replicatedMesh run
Collision profile: collisionOutputGlobalReduce defaulted to false for replicatedMesh run

Initialising the measurement fields

Initialising dsmcVolFields field
Initialising dsmcVolFields field
Initialising dsmcVolFields field
Initialising dsmcVolFields field
Initialising dsmcVolFields field
Initialising dsmcVolFields field

Constructing constant properties for
	N2
	O2
	NO
	N
	O

Constructing constant properties for
	N2
	O2
	NO
	N
	O
Selecting collisionPartnerSelectionModel noTimeCounter
Collision profile: collisionReduceOnlyOnOutput defaulted to true for replicatedMesh run
Collision profile: collisionOutputGlobalReduce defaulted to false for replicatedMesh run

Initialising the measurement fields

Initialising dsmcVolFields field
Initialising dsmcVolFields field
Initialising dsmcVolFields field
Initialising dsmcVolFields field
Initialising dsmcVolFields field
Initialising dsmcVolFields field

Constructing constant properties for
	N2
	O2
	NO
	N
	O

Constructing constant properties for
	N2
	O2
	NO
	N
	O
Selecting collisionPartnerSelectionModel noTimeCounter
Collision profile: collisionReduceOnlyOnOutput defaulted to true for replicatedMesh run
Collision profile: collisionOutputGlobalReduce defaulted to false for replicatedMesh run

Initialising the measurement fields

Initialising dsmcVolFields field
Initialising dsmcVolFields field
Initialising dsmcVolFields field
Initialising dsmcVolFields field
Initialising dsmcVolFields field
Initialising dsmcVolFields field
Selecting collisionPartnerSelectionModel noTimeCounter
Collision profile: collisionReduceOnlyOnOutput defaulted to true for replicatedMesh run
Collision profile: collisionOutputGlobalReduce defaulted to false for replicatedMesh run

Initialising the measurement fields

Initialising dsmcVolFields field
Initialising dsmcVolFields field
Initialising dsmcVolFields field
Initialising dsmcVolFields field
Initialising dsmcVolFields field
Initialising dsmcVolFields field
Selecting collisionPartnerSelectionModel noTimeCounter
Collision profile: collisionReduceOnlyOnOutput defaulted to true for replicatedMesh run
Collision profile: collisionOutputGlobalReduce defaulted to false for replicatedMesh run

Initialising the measurement fields

Initialising dsmcVolFields field
Initialising dsmcVolFields field
Initialising dsmcVolFields field
Initialising dsmcVolFields field
Initialising dsmcVolFields field
Initialising dsmcVolFields field

Constructing constant properties for
	N2
	O2
	NO
	N
	O

Constructing constant properties for
	N2
	O2
	NO
	N
	O

Constructing constant properties for
	N2
	O2
	NO
	N
	O
Selecting collisionPartnerSelectionModel noTimeCounter
Collision profile: collisionReduceOnlyOnOutput defaulted to true for replicatedMesh run
Collision profile: collisionOutputGlobalReduce defaulted to false for replicatedMesh run

Initialising the measurement fields

Initialising dsmcVolFields field
Selecting collisionPartnerSelectionModel noTimeCounter
Collision profile: collisionReduceOnlyOnOutput defaulted to true for replicatedMesh run
Collision profile: collisionOutputGlobalReduce defaulted to false for replicatedMesh run

Initialising the measurement fields

Initialising dsmcVolFields field
Initialising dsmcVolFields field
Initialising dsmcVolFields field
Initialising dsmcVolFields field
Initialising dsmcVolFields field
Initialising dsmcVolFields field
Initialising dsmcVolFields field
Initialising dsmcVolFields field
Initialising dsmcVolFields field
Initialising dsmcVolFields field
Initialising dsmcVolFields field
Selecting collisionPartnerSelectionModel noTimeCounter
Collision profile: collisionReduceOnlyOnOutput defaulted to true for replicatedMesh run
Collision profile: collisionOutputGlobalReduce defaulted to false for replicatedMesh run

Initialising the measurement fields

Initialising dsmcVolFields field
Initialising dsmcVolFields field
Initialising dsmcVolFields field
Initialising dsmcVolFields field
Initialising dsmcVolFields field
Initialising dsmcVolFields field
Replicated mesh: METIS decomposition complete, 60000 cells -> 8 ranks
Replicated mesh: rank 0 owns 7384 / 60000 cells
Local mesh: 7384 owned + 356 halo = 7740 / 60000 cells
Replicated mesh: flatTransfer=1 found=1
Replicated mesh: flat POD transfer enabled
Replicated mesh: gatherCandidates=0
Replicated mesh: overlapSizeExchange=0
Replicated mesh: writeMode=gathered
Phase C auto DLB: enabled (ParMETIS AdaptiveRepart), imbalanceThreshold=1.5, dlbSteps=50, sarSteps=50, triggerMode=legacyWindow, minGapSteps=50, checkCollective=allgather, particleGate=0, particleGateThreshold=1.5, skipPostDiag=0, adaptiveAlpha=0
Replicated mesh: initialized with 8 MPI ranks, migrate interval 10

Starting time loop

Replicated mesh: initial particle distribution

Replicated mesh: rank 0 kept 257857 parcels, deleted 1051233 non-owned parcels
Time = 6.640048894e-07

    Collision global reduction skipped (rank 0 local diagnostics)
    Collisions                      = 3992
    Collision candidates           = 5130
    Collision acceptance rate      = 0.7781676413

    Number of DSMC particles        = 1330317
    Number of stuck particles       = 0
    Number of free particles        = 1330317
    Average linear kinetic energy   = 1.893504729e-19
    Average rotational energy       = 1.328570453e-21
    Average vibrational energy      = 1.638949574e-25
    Average electronic energy       = 0
    Total energy                    = 0.001521982746

Stage 1.0  ExecutionTime = 7.12 s  ClockTime = 8 s  Iteration 10 (0.19 s)

Time = 1.328009779e-06

    Collision global reduction skipped (rank 0 local diagnostics)
    Collisions                      = 4051
    Collision candidates           = 5578
    Collision acceptance rate      = 0.7262459663

    Number of DSMC particles        = 1353977
    Number of stuck particles       = 0
    Number of free particles        = 1353977
    Average linear kinetic energy   = 1.865934215e-19
    Average rotational energy       = 1.546652194e-21
    Average vibrational energy      = 2.07039836e-25
    Average electronic energy       = 0
    Total energy                    = 0.001528425678

Stage 1.0  ExecutionTime = 8.78 s  ClockTime = 10 s  Iteration 20 (0.17 s)

Time = 1.992014668e-06

    Collision global reduction skipped (rank 0 local diagnostics)
    Collisions                      = 4042
    Collision candidates           = 5842
    Collision acceptance rate      = 0.6918863403

    Number of DSMC particles        = 1377465
    Number of stuck particles       = 0
    Number of free particles        = 1377465
    Average linear kinetic energy   = 1.841150232e-19
    Average rotational energy       = 1.861734093e-21
    Average vibrational energy      = 1.356729819e-25
    Average electronic energy       = 0
    Total energy                    = 0.001537059965

Stage 1.0  ExecutionTime = 10.46 s  ClockTime = 12 s  Iteration 30 (0.2 s)

Time = 2.656019558e-06

    Collision global reduction skipped (rank 0 local diagnostics)
    Collisions                      = 4148
    Collision candidates           = 5956
    Collision acceptance rate      = 0.6964405641

    Number of DSMC particles        = 1401007
    Number of stuck particles       = 0
    Number of free particles        = 1401007
    Average linear kinetic energy   = 1.818940044e-19
    Average rotational energy       = 2.238978238e-21
    Average vibrational energy      = 2.555421575e-25
    Average electronic energy       = 0
    Total energy                    = 0.001547831734

Stage 1.0  ExecutionTime = 12.35 s  ClockTime = 14 s  Iteration 40 (0.2 s)

Time = 3.320024447e-06

    Collision global reduction skipped (rank 0 local diagnostics)
    Collisions                      = 4195
    Collision candidates           = 6150
    Collision acceptance rate      = 0.6821138211


Phase C auto DLB triggered (threshold) at step 50: sar=0 loadImbalance=1.539364018 threshold=1.5 particleMaxMin=1
Phase C ParMETIS weights: particles=1424359 activeCells=60000 maxCellParticles=243
Phase C ParMETIS: alpha=1 ncon=1 ubvec=[1.049999952] moveRatio=0.9071995429 (moveT=7.430083845s, collT=0.760047977s)
Phase C ParMETIS: AdaptiveRepart (60000 cells, 1 constraints, ubvec=1.049999952)
Replicated mesh: rank 0 owns 6708 / 60000 cells
Local mesh: 6708 owned + 416 halo = 7124 / 60000 cells
Phase C ParMETIS AdaptiveRepart: 59996 / 60000 cells changed (0.9999333333)
Phase C auto DLB complete: rebalance #1

    Number of DSMC particles        = 1424359
    Number of stuck particles       = 0
    Number of free particles        = 1424359
    Average linear kinetic energy   = 1.798624754e-19
    Average rotational energy       = 2.671227753e-21
    Average vibrational energy      = 3.825588461e-25
    Average electronic energy       = 0
    Total energy                    = 0.001559964407

Stage 1.0  ExecutionTime = 14.49 s  ClockTime = 16 s  Iteration 50 (0.35 s)

Time = 3.984029336e-06

    Collision global reduction skipped (rank 0 local diagnostics)
    Collisions                      = 16396
    Collision candidates           = 27988
    Collision acceptance rate      = 0.5858224954

    Number of DSMC particles        = 1447763
    Number of stuck particles       = 0
    Number of free particles        = 1447763
    Average linear kinetic energy   = 1.77950282e-19
    Average rotational energy       = 3.076738572e-21
    Average vibrational energy      = 4.409171442e-25
    Average electronic energy       = 0
    Total energy                    = 0.001572509165

Stage 1.0  ExecutionTime = 16.2 s  ClockTime = 18 s  Iteration 60 (0.54 s)

Time = 4.648034226e-06

    Collision global reduction skipped (rank 0 local diagnostics)
    Collisions                      = 19105
    Collision candidates           = 34224
    Collision acceptance rate      = 0.5582339878

    Number of DSMC particles        = 1471209
    Number of stuck particles       = 0
    Number of free particles        = 1471209
    Average linear kinetic energy   = 1.761639649e-19
    Average rotational energy       = 3.573485557e-21
    Average vibrational energy      = 9.517342567e-25
    Average electronic energy       = 0
    Total energy                    = 0.00158659653

Stage 1.0  ExecutionTime = 18.04 s  ClockTime = 20 s  Iteration 70 (0.54 s)

Time = 5.312039115e-06

    Collision global reduction skipped (rank 0 local diagnostics)
    Collisions                      = 21524
    Collision candidates           = 39290
    Collision acceptance rate      = 0.5478238738

    Number of DSMC particles        = 1494409
    Number of stuck particles       = 0
    Number of free particles        = 1494409
    Average linear kinetic energy   = 1.745207713e-19
    Average rotational energy       = 4.098086539e-21
    Average vibrational energy      = 1.020329682e-24
    Average electronic energy       = 0
    Total energy                    = 0.001601586921

Stage 1.0  ExecutionTime = 20.15 s  ClockTime = 22 s  Iteration 80 (0.7 s)

Time = 5.976044005e-06

    Collision global reduction skipped (rank 0 local diagnostics)
    Collisions                      = 24470
    Collision candidates           = 44711
    Collision acceptance rate      = 0.5472926126

    Number of DSMC particles        = 1517808
    Number of stuck particles       = 0
    Number of free particles        = 1517808
    Average linear kinetic energy   = 1.730105963e-19
    Average rotational energy       = 4.616248784e-21
    Average vibrational energy      = 1.056021581e-24
    Average electronic energy       = 0
    Total energy                    = 0.001617630295

Stage 1.0  ExecutionTime = 22.3 s  ClockTime = 24 s  Iteration 90 (0.62 s)

Time = 6.640048894e-06

    Collision global reduction skipped (rank 0 local diagnostics)
    Collisions                      = 26971
    Collision candidates           = 49980
    Collision acceptance rate      = 0.5396358543


Phase C auto DLB triggered (threshold) at step 100: sar=0 loadImbalance=1.658344563 threshold=1.5 particleMaxMin=1
Phase C ParMETIS weights: particles=1540855 activeCells=60000 maxCellParticles=303
Phase C ParMETIS: alpha=1 ncon=1 ubvec=[1.049999952] moveRatio=0.8584375051 (moveT=13.12392992s, collT=2.16423007s)
Phase C ParMETIS: AdaptiveRepart (60000 cells, 1 constraints, ubvec=1.049999952)
Replicated mesh: rank 0 owns 12542 / 60000 cells
Local mesh: 12542 owned + 800 halo = 13342 / 60000 cells
Phase C ParMETIS AdaptiveRepart: 49599 / 60000 cells changed (0.82665)
Phase C auto DLB complete: rebalance #2

    Number of DSMC particles        = 1540855
    Number of stuck particles       = 0
    Number of free particles        = 1540855
    Average linear kinetic energy   = 1.71577437e-19
    Average rotational energy       = 5.13397083e-21
    Average vibrational energy      = 1.939417855e-24
    Average electronic energy       = 0
    Total energy                    = 0.001633737868

Stage 1.0  ExecutionTime = 24.7 s  ClockTime = 25 s  Iteration 100 (0.87 s)

Time = 7.304053783e-06

    Collision global reduction skipped (rank 0 local diagnostics)
    Collisions                      = 4439
    Collision candidates           = 6094
    Collision acceptance rate      = 0.7284213981

    Number of DSMC particles        = 1563755
    Number of stuck particles       = 0
    Number of free particles        = 1563755
    Average linear kinetic energy   = 1.703039895e-19
    Average rotational energy       = 5.413398984e-21
    Average vibrational energy      = 2.349220886e-24
    Average electronic energy       = 0
    Total energy                    = 0.001648695711

Stage 1.0  ExecutionTime = 26.65 s  ClockTime = 27 s  Iteration 110 (0.39 s)

Time = 7.968058673e-06

    Collision global reduction skipped (rank 0 local diagnostics)
    Collisions                      = 5547
    Collision candidates           = 8581
    Collision acceptance rate      = 0.6464281552

    Number of DSMC particles        = 1586648
    Number of stuck particles       = 0
    Number of free particles        = 1586648
    Average linear kinetic energy   = 1.689272695e-19
    Average rotational energy       = 5.868069826e-21
    Average vibrational energy      = 2.423408622e-24
    Average electronic energy       = 0
    Total energy                    = 0.001664055124

Stage 1.0  ExecutionTime = 28.7 s  ClockTime = 29 s  Iteration 120 (0.28 s)

Time = 8.632063562e-06

    Collision global reduction skipped (rank 0 local diagnostics)
    Collisions                      = 6809
    Collision candidates           = 11103
    Collision acceptance rate      = 0.6132576781

    Number of DSMC particles        = 1609165
    Number of stuck particles       = 0
    Number of free particles        = 1609165
    Average linear kinetic energy   = 1.67622077e-19
    Average rotational energy       = 6.346518779e-21
    Average vibrational energy      = 2.988873683e-24
    Average electronic energy       = 0
    Total energy                    = 0.001679693911

Stage 1.0  ExecutionTime = 31.15 s  ClockTime = 32 s  Iteration 130 (0.26 s)

Time = 9.296068452e-06

    Collision global reduction skipped (rank 0 local diagnostics)
    Collisions                      = 8065
    Collision candidates           = 13546
    Collision acceptance rate      = 0.5953787096

    Number of DSMC particles        = 1631679
    Number of stuck particles       = 0
    Number of free particles        = 1631679
    Average linear kinetic energy   = 1.663819887e-19
    Average rotational energy       = 6.836160695e-21
    Average vibrational energy      = 3.968795799e-24
    Average electronic energy       = 0
    Total energy                    = 0.001695857355

Stage 1.0  ExecutionTime = 33.61 s  ClockTime = 34 s  Iteration 140 (0.23 s)

Time = 9.960073341e-06

    Collision global reduction skipped (rank 0 local diagnostics)
    Collisions                      = 9231
    Collision candidates           = 16062
    Collision acceptance rate      = 0.5747104968


Phase C auto DLB triggered (threshold) at step 150: sar=0 loadImbalance=1.750140035 threshold=1.5 particleMaxMin=1
Phase C ParMETIS weights: particles=1653820 activeCells=60000 maxCellParticles=334
Phase C ParMETIS: alpha=1 ncon=1 ubvec=[1.049999952] moveRatio=0.8896570671 (moveT=23.41566564s, collT=2.904212554s)
Phase C ParMETIS: AdaptiveRepart (60000 cells, 1 constraints, ubvec=1.049999952)
Replicated mesh: rank 0 owns 3179 / 60000 cells
Local mesh: 3179 owned + 386 halo = 3565 / 60000 cells
Phase C ParMETIS AdaptiveRepart: 59608 / 60000 cells changed (0.9934666667)
Phase C auto DLB complete: rebalance #3

    Number of DSMC particles        = 1653820
    Number of stuck particles       = 0
    Number of free particles        = 1653820
    Average linear kinetic energy   = 1.652409325e-19
    Average rotational energy       = 7.299964108e-21
    Average vibrational energy      = 4.659048848e-24
    Average electronic energy       = 0
    Total energy                    = 0.001712155745

Stage 1.0  ExecutionTime = 36.53 s  ClockTime = 37 s  Iteration 150 (0.48 s)

Time = 1.062407823e-05

    Collision global reduction skipped (rank 0 local diagnostics)
    Collisions                      = 80115
    Collision candidates           = 151525
    Collision acceptance rate      = 0.5287246329

    Number of DSMC particles        = 1676086
    Number of stuck particles       = 0
    Number of free particles        = 1676086
    Average linear kinetic energy   = 1.642212517e-19
    Average rotational energy       = 7.635541726e-21
    Average vibrational energy      = 5.116635591e-24
    Average electronic energy       = 0
    Total energy                    = 0.001728332048

Stage 1.0  ExecutionTime = 39.01 s  ClockTime = 40 s  Iteration 160 (0.27 s)

Time = 1.128808312e-05

    Collision global reduction skipped (rank 0 local diagnostics)
    Collisions                      = 82687
    Collision candidates           = 160166
    Collision acceptance rate      = 0.5162581322

    Number of DSMC particles        = 1697613
    Number of stuck particles       = 0
    Number of free particles        = 1697613
    Average linear kinetic energy   = 1.631658608e-19
    Average rotational energy       = 8.10896337e-21
    Average vibrational energy      = 5.812023534e-24
    Average electronic energy       = 0
    Total energy                    = 0.001744609408

Stage 1.0  ExecutionTime = 41.39 s  ClockTime = 43 s  Iteration 170 (0.22 s)

Time = 1.195208801e-05

    Collision global reduction skipped (rank 0 local diagnostics)
    Collisions                      = 85701
    Collision candidates           = 167861
    Collision acceptance rate      = 0.5105474172

    Number of DSMC particles        = 1719296
    Number of stuck particles       = 0
    Number of free particles        = 1719296
    Average linear kinetic energy   = 1.62129964e-19
    Average rotational energy       = 8.613402176e-21
    Average vibrational energy      = 6.607894767e-24
    Average electronic energy       = 0
    Total energy                    = 0.001761418485

Stage 1.0  ExecutionTime = 43.93 s  ClockTime = 45 s  Iteration 180 (0.23 s)

Time = 1.26160929e-05

    Collision global reduction skipped (rank 0 local diagnostics)
    Collisions                      = 87546
    Collision candidates           = 173973
    Collision acceptance rate      = 0.5032160163

    Number of DSMC particles        = 1740667
    Number of stuck particles       = 0
    Number of free particles        = 1740667
    Average linear kinetic energy   = 1.61182497e-19
    Average rotational energy       = 9.067659893e-21
    Average vibrational energy      = 7.258769951e-24
    Average electronic energy       = 0
    Total energy                    = 0.001778168789

Stage 1.0  ExecutionTime = 46.6 s  ClockTime = 48 s  Iteration 190 (0.31 s)

Time = 1.328009779e-05

    Collision global reduction skipped (rank 0 local diagnostics)
    Collisions                      = 90074
    Collision candidates           = 180293
    Collision acceptance rate      = 0.4995978768


Phase C auto DLB triggered (threshold) at step 200: sar=0 loadImbalance=2.044709233 threshold=1.5 particleMaxMin=1
Phase C ParMETIS weights: particles=1761697 activeCells=60000 maxCellParticles=332
Phase C ParMETIS: alpha=1 ncon=1 ubvec=[1.049999952] moveRatio=0.8174301937 (moveT=31.46526619s, collT=7.027642966s)
Phase C ParMETIS: AdaptiveRepart (60000 cells, 1 constraints, ubvec=1.049999952)
Replicated mesh: rank 0 owns 3905 / 60000 cells
Local mesh: 3905 owned + 360 halo = 4265 / 60000 cells
Phase C ParMETIS AdaptiveRepart: 46220 / 60000 cells changed (0.7703333333)
Phase C auto DLB complete: rebalance #4

    Number of DSMC particles        = 1761697
    Number of stuck particles       = 0
    Number of free particles        = 1761697
    Average linear kinetic energy   = 1.602522485e-19
    Average rotational energy       = 9.501630255e-21
    Average vibrational energy      = 7.604779232e-24
    Average electronic energy       = 0
    Total energy                    = 0.001794409778

Stage 1.0  ExecutionTime = 49.59 s  ClockTime = 51 s  Iteration 200 (0.56 s)

Time = 1.394410268e-05

    Collision global reduction skipped (rank 0 local diagnostics)
    Collisions                      = 45153
    Collision candidates           = 83783
    Collision acceptance rate      = 0.5389279448

    Number of DSMC particles        = 1782378
    Number of stuck particles       = 0
    Number of free particles        = 1782378
    Average linear kinetic energy   = 1.594053186e-19
    Average rotational energy       = 9.938562168e-21
    Average vibrational energy      = 8.013477026e-24
    Average electronic energy       = 0
    Total energy                    = 0.001811094543

Stage 1.0  ExecutionTime = 52.71 s  ClockTime = 55 s  Iteration 210 (0.75 s)

Time = 1.460810757e-05

    Collision global reduction skipped (rank 0 local diagnostics)
    Collisions                      = 47022
    Collision candidates           = 87536
    Collision acceptance rate      = 0.5371732773

    Number of DSMC particles        = 1802866
    Number of stuck particles       = 0
    Number of free particles        = 1802866
    Average linear kinetic energy   = 1.585636804e-19
    Average rotational energy       = 1.036422056e-20
    Average vibrational energy      = 8.414297266e-24
    Average electronic energy       = 0
    Total energy                    = 0.001827417234

Stage 1.0  ExecutionTime = 55.38 s  ClockTime = 55 s  Iteration 220 (0.74 s)

Time = 1.527211246e-05

    Collision global reduction skipped (rank 0 local diagnostics)
    Collisions                      = 48309
    Collision candidates           = 90631
    Collision acceptance rate      = 0.5330295374

    Number of DSMC particles        = 1823162
    Number of stuck particles       = 0
    Number of free particles        = 1823162
    Average linear kinetic energy   = 1.577644463e-19
    Average rotational energy       = 1.075020573e-20
    Average vibrational energy      = 9.225701342e-24
    Average electronic energy       = 0
    Total energy                    = 0.001843477979

Stage 1.0  ExecutionTime = 58.2 s  ClockTime = 58 s  Iteration 230 (0.79 s)

Time = 1.593611735e-05

    Collision global reduction skipped (rank 0 local diagnostics)
    Collisions                      = 49422
    Collision candidates           = 93258
    Collision acceptance rate      = 0.5299491733

    Number of DSMC particles        = 1843237
    Number of stuck particles       = 0
    Number of free particles        = 1843237
    Average linear kinetic energy   = 1.569700584e-19
    Average rotational energy       = 1.115958255e-20
    Average vibrational energy      = 9.84271634e-24
    Average electronic energy       = 0
    Total energy                    = 0.001859525504

Stage 1.0  ExecutionTime = 61.09 s  ClockTime = 61 s  Iteration 240 (0.87 s)

Time = 1.660012224e-05

    Collision global reduction skipped (rank 0 local diagnostics)
    Collisions                      = 50672
    Collision candidates           = 95663
    Collision acceptance rate      = 0.5296927757


Phase C auto DLB triggered (threshold) at step 250: sar=0 loadImbalance=2.404532842 threshold=1.5 particleMaxMin=1
Phase C ParMETIS weights: particles=1862883 activeCells=60000 maxCellParticles=367
Phase C ParMETIS: alpha=1 ncon=1 ubvec=[1.049999952] moveRatio=0.8016232686 (moveT=39.32710035s, collT=9.7322295s)
Phase C ParMETIS: AdaptiveRepart (60000 cells, 1 constraints, ubvec=1.049999952)
Replicated mesh: rank 0 owns 3580 / 60000 cells
Local mesh: 3580 owned + 352 halo = 3932 / 60000 cells
Phase C ParMETIS AdaptiveRepart: 27348 / 60000 cells changed (0.4558)
Phase C auto DLB complete: rebalance #5

    Number of DSMC particles        = 1862883
    Number of stuck particles       = 0
    Number of free particles        = 1862883
    Average linear kinetic energy   = 1.562277115e-19
    Average rotational energy       = 1.153314114e-20
    Average vibrational energy      = 1.064986758e-23
    Average electronic energy       = 0
    Total energy                    = 0.00187523208

Stage 1.0  ExecutionTime = 64.35 s  ClockTime = 65 s  Iteration 250 (1.12 s)

Time = 1.726412712e-05

    Collision global reduction skipped (rank 0 local diagnostics)
    Collisions                      = 48720
    Collision candidates           = 92705
    Collision acceptance rate      = 0.5255379969

    Number of DSMC particles        = 1882594
    Number of stuck particles       = 0
    Number of free particles        = 1882594
    Average linear kinetic energy   = 1.554838229e-19
    Average rotational energy       = 1.188476101e-20
    Average vibrational energy      = 1.156262491e-23
    Average electronic energy       = 0
    Total energy                    = 0.001890653158

Stage 1.0  ExecutionTime = 67.5 s  ClockTime = 68 s  Iteration 260 (1.02 s)

Time = 1.792813201e-05

    Collision global reduction skipped (rank 0 local diagnostics)
    Collisions                      = 49626
    Collision candidates           = 95237
    Collision acceptance rate      = 0.5210789924

    Number of DSMC particles        = 1902130
    Number of stuck particles       = 0
    Number of free particles        = 1902130
    Average linear kinetic energy   = 1.547558147e-19
    Average rotational energy       = 1.224046778e-20
    Average vibrational energy      = 1.236802199e-23
    Average electronic energy       = 0
    Total energy                    = 0.001906032987

Stage 1.0  ExecutionTime = 70.74 s  ClockTime = 72 s  Iteration 270 (1.05 s)

Time = 1.85921369e-05

    Collision global reduction skipped (rank 0 local diagnostics)
    Collisions                      = 51135
    Collision candidates           = 97577
    Collision acceptance rate      = 0.5240476752

    Number of DSMC particles        = 1921043
    Number of stuck particles       = 0
    Number of free particles        = 1921043
    Average linear kinetic energy   = 1.540545703e-19
    Average rotational energy       = 1.258950122e-20
    Average vibrational energy      = 1.276472551e-23
    Average electronic energy       = 0
    Total energy                    = 0.001920929691

Stage 1.0  ExecutionTime = 74 s  ClockTime = 75 s  Iteration 280 (1.02 s)

Time = 1.925614179e-05

    Collision global reduction skipped (rank 0 local diagnostics)
    Collisions                      = 51692
    Collision candidates           = 99554
    Collision acceptance rate      = 0.5192357916

    Number of DSMC particles        = 1939957
    Number of stuck particles       = 0
    Number of free particles        = 1939957
    Average linear kinetic energy   = 1.533419642e-19
    Average rotational energy       = 1.295785722e-20
    Average vibrational energy      = 1.409211585e-23
    Average electronic energy       = 0
    Total energy                    = 0.001935851044

Stage 1.0  ExecutionTime = 77.51 s  ClockTime = 79 s  Iteration 290 (1.11 s)

Time = 1.992014668e-05

    Collision global reduction skipped (rank 0 local diagnostics)
    Collisions                      = 52573
    Collision candidates           = 101003
    Collision acceptance rate      = 0.5205092918


Phase C auto DLB triggered (threshold) at step 300: sar=0 loadImbalance=2.495874204 threshold=1.5 particleMaxMin=1
Phase C auto DLB skipped near end at step 300: remainingSteps=0 minRemainingSteps=50
    Number of DSMC particles        = 1958751
    Number of stuck particles       = 0
    Number of free particles        = 1958751
    Average linear kinetic energy   = 1.526821034e-19
    Average rotational energy       = 1.328389764e-20
    Average vibrational energy      = 1.484593244e-23
    Average electronic energy       = 0
    Total energy                    = 0.001950690899

Stage 1.0  ExecutionTime = 81 s  ClockTime = 83 s  Iteration 300 (1.14 s)

End stage 1


DSMC solver profile summary
    solver profile steps          = 300
    move+collide wall [s]         = 73.94531122
    move only [s]                 = 55.88945271
    buildCellOccupancy [s]        = 5.798686623
    collision phase [s]           = 12.65721947
    post fields/output [s]        = 0.264542952
    total profiled [s]            = 74.60990175
    full evolve wall [s]          = 74.20937695
    move+collide cpu [s]          = 68.32
    move only cpu [s]             = 51.65
    buildCellOccupancy cpu [s]    = 5.39
    collision phase cpu [s]       = 11.74
    post fields/output cpu [s]    = 0.4
    total profiled cpu [s]        = 69.18
    full evolve cpu [s]           = 68.52
    collision localLoop max [s] = 12.63003219
    collision reduce max [s]    = 0
    collision sigmaBC max [s]   = 0.023099388
    collision total max [s]     = 12.65257277
    collision accounted max [s] = 12.65179283
    collision residual max [s]  = 0.000779946
    collision subphase max sum [s] = 12.65313158
    collision cumulative global collisions = 39906331
    collision cumulative global candidates  = 72816668
    collision cumulative acceptance        = 0.5480384107
    OpenMP enabled                = 0
    OpenMP max threads            = 1
    OpenMP move                   = 0 (static, chunk 64)
    OpenMP collision              = dynamic, chunk 8


Replicated mesh profiling summary:
    migration calls             = 36
    migration wall time [s]     = 3.325039573
    local particles (final)     = 255997
    migration wall max [s]      = 4.244708303
    migration pack max [s]      = 0.505696156
    migration local prep max [s]= 0.256434917
    migration size exchange max [s] = 3.265220557
    migration request post max [s] = 0.05500728
    migration wait max [s]      = 0.08760753
    migration deserialize max [s] = 0.347943884
    migration post max [s]      = 0.015042618
    migration candidate gather max [s] = 8.239e-06
    migration accounted max [s] = 4.244708303
    migration residual max [s]  = 1.776356839e-15
    updateParticleCounts max [s]= 0.205342874
    migration subphase max sum [s] = 4.532961181
    particles per rank          = min 227971 max 264742 max/min 1.161296832
    rank wall time (evolve, 300 steps): min 48.42 max 65.52 max/min 1.353159851
    Phase C auto DLB checks      = 300
    Phase C auto DLB rebalances = 5
    Phase C auto DLB triggered checks = 5
    Phase C auto DLB wall max [s]= 6.815406748
    Phase C auto DLB check max [s]= 5.989911969
    Phase C ParMETIS max [s]     = 0.217618014
    Phase C migration max [s]    = 0.663502351
    Phase C cellOwner write max [s] = 0
    Phase C post-diagnostic max [s] = 0.000523723
    Phase C auto DLB accounted max [s] = 6.871556057
    Phase C auto DLB residual max [s] = -0.056149309

Total Iterations = 300
End main

real 83.64
user 581.63
sys 67.73
