case=ourmesh
mode=OMP8
rep=3
np=1
OMP_NUM_THREADS=8
case_dir=/home/superxcx/code/OpenFoam/OF-1706/hyStrath_dlb/run/hyStrath/dsmcFoam+/xcx_test/pal-phd-3.3.1-cylinder-react/timecompare/ourmesh/omp8
controlDict=/home/superxcx/code/OpenFoam/OF-1706/hyStrath_dlb/doc/worklog/v2506/detail_mix/repeat_nowrite_compute_20260610_rerun/controlDicts/ourmesh_OMP8_rep3_controlDict
start=2026-06-10T02:54:51+08:00
/*---------------------------------------------------------------------------*\
| =========                 |                                                 |
| \\      /  F ield         | OpenFOAM: The Open Source CFD Toolbox           |
|  \\    /   O peration     | Version:  v1706                                 |
|   \\  /    A nd           | Web:      www.OpenFOAM.com                      |
|    \\/     M anipulation  |                                                 |
\*---------------------------------------------------------------------------*/
Build  : v1706
Arch   : "LSB;label=32;scalar=64"
Exec   : dsmcFoam+
Date   : Jun 10 2026
Time   : 02:54:51
Host   : "SuperXCX-ROG"
PID    : 2044836
Case   : /home/superxcx/code/OpenFoam/OF-1706/hyStrath_dlb/run/hyStrath/dsmcFoam+/xcx_test/pal-phd-3.3.1-cylinder-react/timecompare/ourmesh/omp8
nProcs : 1
sigFpe : Enabling floating point exception trapping (FOAM_SIGFPE).
fileModificationChecking : Monitoring run-time modified files using timeStampMaster (fileModificationSkew 10)
allowSystemOperations : Allowing user-supplied system call operations

// * * * * * * * * * * * * * * * * * * * * * * * * * * * * * * * * * * * * * //
Create time

Create mesh for time = 0

Selecting dynamicFvMesh staticFvMesh

Constructing dsmcCloud 
Selecting the coordinate system model:	dsmcCartesian

Selecting the time-step model:	dsmcConstantTimeStepModel

Constant time-step model:
- time-step [sec]	1e-07

Selecting the porous measurement model:	dsmcNoPorousMediumMeasurements


Creating dsmcControllers

Creating fields: 

Selecting field: dsmcVolFields

TimeData Statistics: 
 measurement option: write
 nSamples: 1, time interval: 1e-07
 nAverages: 10000, time interval: 0.001
 total no. of sampling steps: 0
 total no. of averaging Steps: 0


Creating the boundary models: 

Selecting dsmcPatchBoundaryModel dsmcDeletionPatch
Selecting dsmcPatchBoundaryModel dsmcDeletionPatch
Selecting dsmcPatchBoundaryModel dsmcDiffuseWallPatch
Selecting dsmcGeneralBoundaryModel dsmcFreeStreamInflowPatch
Selecting BinaryCollisionModel LarsenBorgnakkeVariableHardSphere

Creating dsmcReactions

There are no chemical reactions defined.

Constructing constant properties for
	N2
	O2
	NO
	N
	O
Selecting collisionPartnerSelectionModel noTimeCounter

Initialising the measurement fields

Initialising dsmcVolFields field

Starting time loop

Time = 1e-06

    Collisions                      = 2825
    Collision candidates           = 2943
    Collision acceptance rate      = 0.959904859

    Number of DSMC particles        = 2065882
    Number of stuck particles       = 0
    Number of free particles        = 2065882
    Average linear kinetic energy   = 1.11130629e-18
    Average rotational energy       = 2.62973901e-21
    Average vibrational energy      = 7.971563894e-24
    Average electronic energy       = 0
    Total energy                    = 1.15063843

Stage 1.0  ExecutionTime = 14.51 s  ClockTime = 6 s  Iteration 10 (1.15 s)

Time = 2e-06

    Collisions                      = 4376
    Collision candidates           = 4977
    Collision acceptance rate      = 0.8792445248

    Number of DSMC particles        = 2074001
    Number of stuck particles       = 0
    Number of free particles        = 2074001
    Average linear kinetic energy   = 1.107068486e-18
    Average rotational energy       = 2.686101245e-21
    Average vibrational energy      = 1.724303205e-23
    Average electronic energy       = 0
    Total energy                    = 1.150833943

Stage 1.0  ExecutionTime = 24.35 s  ClockTime = 7 s  Iteration 20 (1.12 s)

Time = 3e-06

    Collisions                      = 4903
    Collision candidates           = 6149
    Collision acceptance rate      = 0.7973654253

    Number of DSMC particles        = 2082042
    Number of stuck particles       = 0
    Number of free particles        = 2082042
    Average linear kinetic energy   = 1.102969295e-18
    Average rotational energy       = 2.751745415e-21
    Average vibrational energy      = 2.779336283e-23
    Average electronic energy       = 0
    Total energy                    = 1.151107756

Stage 1.0  ExecutionTime = 34.25 s  ClockTime = 8 s  Iteration 30 (1.21 s)

Time = 4e-06

    Collisions                      = 5466
    Collision candidates           = 7265
    Collision acceptance rate      = 0.7523743978

    Number of DSMC particles        = 2090228
    Number of stuck particles       = 0
    Number of free particles        = 2090228
    Average linear kinetic energy   = 1.098931505e-18
    Average rotational energy       = 2.83905626e-21
    Average vibrational energy      = 3.955747052e-23
    Average electronic energy       = 0
    Total energy                    = 1.15151718

Stage 1.0  ExecutionTime = 44.23 s  ClockTime = 10 s  Iteration 40 (1.14 s)

Time = 5e-06

    Collisions                      = 6009
    Collision candidates           = 8463
    Collision acceptance rate      = 0.7100319036

    Number of DSMC particles        = 2098420
    Number of stuck particles       = 0
    Number of free particles        = 2098420
    Average linear kinetic energy   = 1.095011656e-18
    Average rotational energy       = 2.962179866e-21
    Average vibrational energy      = 5.51211166e-23
    Average electronic energy       = 0
    Total energy                    = 1.152062962

Stage 1.0  ExecutionTime = 54.96 s  ClockTime = 11 s  Iteration 50 (1.26 s)

Time = 6e-06

    Collisions                      = 6683
    Collision candidates           = 9763
    Collision acceptance rate      = 0.6845231998

    Number of DSMC particles        = 2106518
    Number of stuck particles       = 0
    Number of free particles        = 2106518
    Average linear kinetic energy   = 1.091194657e-18
    Average rotational energy       = 3.108182283e-21
    Average vibrational energy      = 7.199789326e-23
    Average electronic energy       = 0
    Total energy                    = 1.152660146

Stage 1.0  ExecutionTime = 65.57 s  ClockTime = 12 s  Iteration 60 (1.31 s)

Time = 7e-06

    Collisions                      = 7240
    Collision candidates           = 10928
    Collision acceptance rate      = 0.6625183016

    Number of DSMC particles        = 2114804
    Number of stuck particles       = 0
    Number of free particles        = 2114804
    Average linear kinetic energy   = 1.087549298e-18
    Average rotational energy       = 3.267057635e-21
    Average vibrational energy      = 9.370582046e-23
    Average electronic energy       = 0
    Total energy                    = 1.153530481

Stage 1.0  ExecutionTime = 76.56 s  ClockTime = 14 s  Iteration 70 (1.31 s)

Time = 8e-06

    Collisions                      = 7876
    Collision candidates           = 12304
    Collision acceptance rate      = 0.6401170351

    Number of DSMC particles        = 2122788
    Number of stuck particles       = 0
    Number of free particles        = 2122788
    Average linear kinetic energy   = 1.083948323e-18
    Average rotational energy       = 3.450516263e-21
    Average vibrational energy      = 1.193380562e-22
    Average electronic energy       = 0
    Total energy                    = 1.154285268

Stage 1.0  ExecutionTime = 87.72 s  ClockTime = 15 s  Iteration 80 (1.43 s)

Time = 9e-06

    Collisions                      = 8776
    Collision candidates           = 13665
    Collision acceptance rate      = 0.6422246615

    Number of DSMC particles        = 2130949
    Number of stuck particles       = 0
    Number of free particles        = 2130949
    Average linear kinetic energy   = 1.08046211e-18
    Average rotational energy       = 3.679324102e-21
    Average vibrational energy      = 1.528720125e-22
    Average electronic energy       = 0
    Total energy                    = 1.155287934

Stage 1.0  ExecutionTime = 99.11 s  ClockTime = 16 s  Iteration 90 (1.43 s)

Time = 1e-05

    Collisions                      = 9102
    Collision candidates           = 14703
    Collision acceptance rate      = 0.6190573352

    Number of DSMC particles        = 2138974
    Number of stuck particles       = 0
    Number of free particles        = 2138974
    Average linear kinetic energy   = 1.077084699e-18
    Average rotational energy       = 3.939234265e-21
    Average vibrational energy      = 1.801445413e-22
    Average electronic energy       = 0
    Total energy                    = 1.156333705

Stage 1.0  ExecutionTime = 110.8 s  ClockTime = 18 s  Iteration 100 (1.4 s)

Time = 1.1e-05

    Collisions                      = 9864
    Collision candidates           = 16052
    Collision acceptance rate      = 0.6145028657

    Number of DSMC particles        = 2147041
    Number of stuck particles       = 0
    Number of free particles        = 2147041
    Average linear kinetic energy   = 1.073774572e-18
    Average rotational energy       = 4.205983735e-21
    Average vibrational energy      = 2.105101033e-22
    Average electronic energy       = 0
    Total energy                    = 1.157460213

Stage 1.0  ExecutionTime = 122.58 s  ClockTime = 19 s  Iteration 110 (1.47 s)

Time = 1.2e-05

    Collisions                      = 10604
    Collision candidates           = 17533
    Collision acceptance rate      = 0.6048023727

    Number of DSMC particles        = 2155196
    Number of stuck particles       = 0
    Number of free particles        = 2155196
    Average linear kinetic energy   = 1.07053909e-18
    Average rotational energy       = 4.50020918e-21
    Average vibrational energy      = 2.532572405e-22
    Average electronic energy       = 0
    Total energy                    = 1.158733108

Stage 1.0  ExecutionTime = 134.43 s  ClockTime = 21 s  Iteration 120 (1.46 s)

Time = 1.3e-05

    Collisions                      = 11407
    Collision candidates           = 19089
    Collision acceptance rate      = 0.5975692807

    Number of DSMC particles        = 2163278
    Number of stuck particles       = 0
    Number of free particles        = 2163278
    Average linear kinetic energy   = 1.067290168e-18
    Average rotational energy       = 4.840713018e-21
    Average vibrational energy      = 2.954868677e-22
    Average electronic energy       = 0
    Total energy                    = 1.159978184

Stage 1.0  ExecutionTime = 146.68 s  ClockTime = 22 s  Iteration 130 (1.64 s)

Time = 1.4e-05

    Collisions                      = 12027
    Collision candidates           = 20391
    Collision acceptance rate      = 0.5898190378

    Number of DSMC particles        = 2171380
    Number of stuck particles       = 0
    Number of free particles        = 2171380
    Average linear kinetic energy   = 1.064236585e-18
    Average rotational energy       = 5.183746885e-21
    Average vibrational energy      = 3.456056613e-22
    Average electronic energy       = 0
    Total energy                    = 1.16143418

Stage 1.0  ExecutionTime = 158.99 s  ClockTime = 24 s  Iteration 140 (1.55 s)

Time = 1.5e-05

    Collisions                      = 12703
    Collision candidates           = 21783
    Collision acceptance rate      = 0.5831611807

    Number of DSMC particles        = 2179462
    Number of stuck particles       = 0
    Number of free particles        = 2179462
    Average linear kinetic energy   = 1.061223149e-18
    Average rotational energy       = 5.539737944e-21
    Average vibrational energy      = 3.945369188e-22
    Average electronic energy       = 0
    Total energy                    = 1.162914527

Stage 1.0  ExecutionTime = 171.25 s  ClockTime = 26 s  Iteration 150 (1.47 s)

Time = 1.6e-05

    Collisions                      = 13546
    Collision candidates           = 23105
    Collision acceptance rate      = 0.586280026

    Number of DSMC particles        = 2187634
    Number of stuck particles       = 0
    Number of free particles        = 2187634
    Average linear kinetic energy   = 1.058228496e-18
    Average rotational energy       = 5.936044821e-21
    Average vibrational energy      = 4.520510129e-22
    Average electronic energy       = 0
    Total energy                    = 1.164495727

Stage 1.0  ExecutionTime = 183.93 s  ClockTime = 27 s  Iteration 160 (1.68 s)

Time = 1.7e-05

    Collisions                      = 14082
    Collision candidates           = 24637
    Collision acceptance rate      = 0.5715793319

    Number of DSMC particles        = 2195868
    Number of stuck particles       = 0
    Number of free particles        = 2195868
    Average linear kinetic energy   = 1.055321531e-18
    Average rotational energy       = 6.334838978e-21
    Average vibrational energy      = 5.090538403e-22
    Average electronic energy       = 0
    Total energy                    = 1.166187533

Stage 1.0  ExecutionTime = 196.56 s  ClockTime = 29 s  Iteration 170 (1.69 s)

Time = 1.8e-05

    Collisions                      = 14999
    Collision candidates           = 26008
    Collision acceptance rate      = 0.576707167

    Number of DSMC particles        = 2204063
    Number of stuck particles       = 0
    Number of free particles        = 2204063
    Average linear kinetic energy   = 1.05251383e-18
    Average rotational energy       = 6.739277232e-21
    Average vibrational energy      = 5.667163015e-22
    Average electronic energy       = 0
    Total energy                    = 1.16795483

Stage 1.0  ExecutionTime = 209.53 s  ClockTime = 30 s  Iteration 180 (1.52 s)

Time = 1.9e-05

    Collisions                      = 15560
    Collision candidates           = 27394
    Collision acceptance rate      = 0.5680075929

    Number of DSMC particles        = 2212169
    Number of stuck particles       = 0
    Number of free particles        = 2212169
    Average linear kinetic energy   = 1.04971485e-18
    Average rotational energy       = 7.190550623e-21
    Average vibrational energy      = 6.234533705e-22
    Average electronic energy       = 0
    Total energy                    = 1.169716274

Stage 1.0  ExecutionTime = 221.97 s  ClockTime = 32 s  Iteration 190 (1.57 s)

Time = 2e-05

    Collisions                      = 16383
    Collision candidates           = 28980
    Collision acceptance rate      = 0.565320911

    Number of DSMC particles        = 2220241
    Number of stuck particles       = 0
    Number of free particles        = 2220241
    Average linear kinetic energy   = 1.046939374e-18
    Average rotational energy       = 7.645943929e-21
    Average vibrational energy      = 6.898155333e-22
    Average electronic energy       = 0
    Total energy                    = 1.171482558

Stage 1.0  ExecutionTime = 234.5 s  ClockTime = 33 s  Iteration 200 (1.5 s)

Time = 2.1e-05

    Collisions                      = 17100
    Collision candidates           = 30520
    Collision acceptance rate      = 0.5602883355

    Number of DSMC particles        = 2228405
    Number of stuck particles       = 0
    Number of free particles        = 2228405
    Average linear kinetic energy   = 1.044228249e-18
    Average rotational energy       = 8.129973049e-21
    Average vibrational energy      = 7.59378522e-22
    Average electronic energy       = 0
    Total energy                    = 1.173386264

Stage 1.0  ExecutionTime = 247.35 s  ClockTime = 35 s  Iteration 210 (1.57 s)

Time = 2.2e-05

    Collisions                      = 17831
    Collision candidates           = 31982
    Collision acceptance rate      = 0.557532362

    Number of DSMC particles        = 2236464
    Number of stuck particles       = 0
    Number of free particles        = 2236464
    Average linear kinetic energy   = 1.041594445e-18
    Average rotational energy       = 8.59085358e-21
    Average vibrational energy      = 8.442767005e-22
    Average electronic energy       = 0
    Total energy                    = 1.175294904

Stage 1.0  ExecutionTime = 260.95 s  ClockTime = 37 s  Iteration 220 (1.7 s)

Time = 2.3e-05

    Collisions                      = 18420
    Collision candidates           = 33296
    Collision acceptance rate      = 0.553219606

    Number of DSMC particles        = 2244436
    Number of stuck particles       = 0
    Number of free particles        = 2244436
    Average linear kinetic energy   = 1.038938155e-18
    Average rotational energy       = 9.086545577e-21
    Average vibrational energy      = 9.278656641e-22
    Average electronic energy       = 0
    Total energy                    = 1.177153451

Stage 1.0  ExecutionTime = 273.91 s  ClockTime = 38 s  Iteration 230 (1.53 s)

Time = 2.4e-05

    Collisions                      = 19296
    Collision candidates           = 34793
    Collision acceptance rate      = 0.5545943149

    Number of DSMC particles        = 2252606
    Number of stuck particles       = 0
    Number of free particles        = 2252606
    Average linear kinetic energy   = 1.036359241e-18
    Average rotational energy       = 9.575774768e-21
    Average vibrational energy      = 1.018273538e-21
    Average electronic energy       = 0
    Total energy                    = 1.17918663

Stage 1.0  ExecutionTime = 286.94 s  ClockTime = 40 s  Iteration 240 (1.67 s)

Time = 2.5e-05

    Collisions                      = 20007
    Collision candidates           = 36175
    Collision acceptance rate      = 0.5530615066

    Number of DSMC particles        = 2260708
    Number of stuck particles       = 0
    Number of free particles        = 2260708
    Average linear kinetic energy   = 1.033774683e-18
    Average rotational energy       = 1.008078527e-20
    Average vibrational energy      = 1.120151728e-21
    Average electronic energy       = 0
    Total energy                    = 1.181192372

Stage 1.0  ExecutionTime = 300.4 s  ClockTime = 42 s  Iteration 250 (1.65 s)

Time = 2.6e-05

    Collisions                      = 20489
    Collision candidates           = 37474
    Collision acceptance rate      = 0.546752415

    Number of DSMC particles        = 2268827
    Number of stuck particles       = 0
    Number of free particles        = 2268827
    Average linear kinetic energy   = 1.031284739e-18
    Average rotational energy       = 1.059346276e-20
    Average vibrational energy      = 1.212782058e-21
    Average electronic energy       = 0
    Total energy                    = 1.183296493

Stage 1.0  ExecutionTime = 314.33 s  ClockTime = 43 s  Iteration 260 (1.75 s)

Time = 2.7e-05

    Collisions                      = 21290
    Collision candidates           = 39014
    Collision acceptance rate      = 0.545701543

    Number of DSMC particles        = 2276939
    Number of stuck particles       = 0
    Number of free particles        = 2276939
    Average linear kinetic energy   = 1.028815451e-18
    Average rotational energy       = 1.111162905e-20
    Average vibrational energy      = 1.308592783e-21
    Average electronic energy       = 0
    Total energy                    = 1.185415056

Stage 1.0  ExecutionTime = 328.19 s  ClockTime = 45 s  Iteration 270 (1.65 s)

Time = 2.8e-05

    Collisions                      = 21918
    Collision candidates           = 40151
    Collision acceptance rate      = 0.545889268

    Number of DSMC particles        = 2285133
    Number of stuck particles       = 0
    Number of free particles        = 2285133
    Average linear kinetic energy   = 1.026417714e-18
    Average rotational energy       = 1.165053352e-20
    Average vibrational energy      = 1.414321701e-21
    Average electronic energy       = 0
    Total energy                    = 1.187677961

Stage 1.0  ExecutionTime = 341.49 s  ClockTime = 47 s  Iteration 280 (1.72 s)

Time = 2.9e-05

    Collisions                      = 22511
    Collision candidates           = 41505
    Collision acceptance rate      = 0.5423683894

    Number of DSMC particles        = 2293250
    Number of stuck particles       = 0
    Number of free particles        = 2293250
    Average linear kinetic energy   = 1.024013043e-18
    Average rotational energy       = 1.220268111e-20
    Average vibrational energy      = 1.521202795e-21
    Average electronic energy       = 0
    Total energy                    = 1.189895104

Stage 1.0  ExecutionTime = 355.39 s  ClockTime = 48 s  Iteration 290 (1.88 s)

Time = 3e-05

    Collisions                      = 23285
    Collision candidates           = 43267
    Collision acceptance rate      = 0.5381699679

    Number of DSMC particles        = 2301402
    Number of stuck particles       = 0
    Number of free particles        = 2301402
    Average linear kinetic energy   = 1.021633332e-18
    Average rotational energy       = 1.275210707e-20
    Average vibrational energy      = 1.633393295e-21
    Average electronic energy       = 0
    Total energy                    = 1.192147906

Stage 1.0  ExecutionTime = 368.86 s  ClockTime = 50 s  Iteration 300 (1.65 s)

Time = 3.1e-05

    Collisions                      = 23933
    Collision candidates           = 44589
    Collision acceptance rate      = 0.5367467313

    Number of DSMC particles        = 2309506
    Number of stuck particles       = 0
    Number of free particles        = 2309506
    Average linear kinetic energy   = 1.019352368e-18
    Average rotational energy       = 1.329766643e-20
    Average vibrational energy      = 1.731284033e-21
    Average electronic energy       = 0
    Total energy                    = 1.19445493

Stage 1.0  ExecutionTime = 382.6 s  ClockTime = 52 s  Iteration 310 (1.78 s)

Time = 3.2e-05

    Collisions                      = 24530
    Collision candidates           = 45840
    Collision acceptance rate      = 0.535122164

    Number of DSMC particles        = 2317672
    Number of stuck particles       = 0
    Number of free particles        = 2317672
    Average linear kinetic energy   = 1.01713163e-18
    Average rotational energy       = 1.383720024e-20
    Average vibrational energy      = 1.842104213e-21
    Average electronic energy       = 0
    Total energy                    = 1.196858492

Stage 1.0  ExecutionTime = 396.81 s  ClockTime = 54 s  Iteration 320 (1.84 s)

Time = 3.3e-05

    Collisions                      = 25296
    Collision candidates           = 47179
    Collision acceptance rate      = 0.5361707539

    Number of DSMC particles        = 2325849
    Number of stuck particles       = 0
    Number of free particles        = 2325849
    Average linear kinetic energy   = 1.014883893e-18
    Average rotational energy       = 1.439979338e-20
    Average vibrational energy      = 1.957326493e-21
    Average electronic energy       = 0
    Total energy                    = 1.199255439

Stage 1.0  ExecutionTime = 410.76 s  ClockTime = 55 s  Iteration 330 (1.76 s)

Time = 3.4e-05

    Collisions                      = 25930
    Collision candidates           = 48724
    Collision acceptance rate      = 0.5321812659

    Number of DSMC particles        = 2334039
    Number of stuck particles       = 0
    Number of free particles        = 2334039
    Average linear kinetic energy   = 1.012663477e-18
    Average rotational energy       = 1.496618191e-20
    Average vibrational energy      = 2.083715868e-21
    Average electronic energy       = 0
    Total energy                    = 1.201695587

Stage 1.0  ExecutionTime = 424.83 s  ClockTime = 57 s  Iteration 340 (1.85 s)

Time = 3.5e-05

    Collisions                      = 26527
    Collision candidates           = 50047
    Collision acceptance rate      = 0.5300417607

    Number of DSMC particles        = 2342074
    Number of stuck particles       = 0
    Number of free particles        = 2342074
    Average linear kinetic energy   = 1.010444751e-18
    Average rotational energy       = 1.552203682e-20
    Average vibrational energy      = 2.202716693e-21
    Average electronic energy       = 0
    Total energy                    = 1.204024533

Stage 1.0  ExecutionTime = 438.9 s  ClockTime = 59 s  Iteration 350 (1.87 s)

Time = 3.6e-05

    Collisions                      = 27292
    Collision candidates           = 51389
    Collision acceptance rate      = 0.5310864193

    Number of DSMC particles        = 2350217
    Number of stuck particles       = 0
    Number of free particles        = 2350217
    Average linear kinetic energy   = 1.008237115e-18
    Average rotational energy       = 1.609217985e-20
    Average vibrational energy      = 2.32865441e-21
    Average electronic energy       = 0
    Total energy                    = 1.206434483

Stage 1.0  ExecutionTime = 453.43 s  ClockTime = 61 s  Iteration 360 (1.85 s)

Time = 3.7e-05

    Collisions                      = 27903
    Collision candidates           = 52836
    Collision acceptance rate      = 0.5281058369

    Number of DSMC particles        = 2358363
    Number of stuck particles       = 0
    Number of free particles        = 2358363
    Average linear kinetic energy   = 1.006088011e-18
    Average rotational energy       = 1.665628756e-20
    Average vibrational energy      = 2.462646892e-21
    Average electronic energy       = 0
    Total energy                    = 1.208905064

Stage 1.0  ExecutionTime = 467.67 s  ClockTime = 63 s  Iteration 370 (1.86 s)

Time = 3.8e-05

    Collisions                      = 28810
    Collision candidates           = 54355
    Collision acceptance rate      = 0.5300340355

    Number of DSMC particles        = 2366435
    Number of stuck particles       = 0
    Number of free particles        = 2366435
    Average linear kinetic energy   = 1.003951592e-18
    Average rotational energy       = 1.724916352e-20
    Average vibrational energy      = 2.587796285e-21
    Average electronic energy       = 0
    Total energy                    = 1.211364531

Stage 1.0  ExecutionTime = 482.39 s  ClockTime = 64 s  Iteration 380 (1.83 s)

Time = 3.9e-05

    Collisions                      = 29275
    Collision candidates           = 55389
    Collision acceptance rate      = 0.5285345466

    Number of DSMC particles        = 2374591
    Number of stuck particles       = 0
    Number of free particles        = 2374591
    Average linear kinetic energy   = 1.001830254e-18
    Average rotational energy       = 1.782710847e-20
    Average vibrational energy      = 2.727423305e-21
    Average electronic energy       = 0
    Total energy                    = 1.213872856

Stage 1.0  ExecutionTime = 496.6 s  ClockTime = 66 s  Iteration 390 (1.86 s)

Time = 4e-05

    Collisions                      = 29658
    Collision candidates           = 56527
    Collision acceptance rate      = 0.5246696269

    Number of DSMC particles        = 2382697
    Number of stuck particles       = 0
    Number of free particles        = 2382697
    Average linear kinetic energy   = 9.998387386e-19
    Average rotational energy       = 1.836527539e-20
    Average vibrational energy      = 2.860800054e-21
    Average electronic energy       = 0
    Total energy                    = 1.216444035

Stage 1.0  ExecutionTime = 511.05 s  ClockTime = 68 s  Iteration 400 (1.9 s)

Time = 4.1e-05

    Collisions                      = 30431
    Collision candidates           = 57741
    Collision acceptance rate      = 0.5270258568

    Number of DSMC particles        = 2390587
    Number of stuck particles       = 0
    Number of free particles        = 2390587
    Average linear kinetic energy   = 9.978315244e-19
    Average rotational energy       = 1.896191369e-20
    Average vibrational energy      = 2.992101378e-21
    Average electronic energy       = 0
    Total energy                    = 1.218943027

Stage 1.0  ExecutionTime = 526.12 s  ClockTime = 70 s  Iteration 410 (2.19 s)

Time = 4.2e-05

    Collisions                      = 30889
    Collision candidates           = 59063
    Collision acceptance rate      = 0.5229839324

    Number of DSMC particles        = 2398545
    Number of stuck particles       = 0
    Number of free particles        = 2398545
    Average linear kinetic energy   = 9.958205294e-19
    Average rotational energy       = 1.951655883e-20
    Average vibrational energy      = 3.127623815e-21
    Average electronic energy       = 0
    Total energy                    = 1.221416721

Stage 1.0  ExecutionTime = 540.85 s  ClockTime = 72 s  Iteration 420 (1.89 s)

Time = 4.3e-05

    Collisions                      = 31612
    Collision candidates           = 59995
    Collision acceptance rate      = 0.5269105759

    Number of DSMC particles        = 2406714
    Number of stuck particles       = 0
    Number of free particles        = 2406714
    Average linear kinetic energy   = 9.938138551e-19
    Average rotational energy       = 2.010319908e-20
    Average vibrational energy      = 3.279938577e-21
    Average electronic energy       = 0
    Total energy                    = 1.224051122

Stage 1.0  ExecutionTime = 555.96 s  ClockTime = 74 s  Iteration 430 (1.92 s)

Time = 4.4e-05

    Collisions                      = 32157
    Collision candidates           = 61430
    Collision acceptance rate      = 0.5234738727

    Number of DSMC particles        = 2414884
    Number of stuck particles       = 0
    Number of free particles        = 2414884
    Average linear kinetic energy   = 9.918887962e-19
    Average rotational energy       = 2.071080441e-20
    Average vibrational energy      = 3.433325586e-21
    Average electronic energy       = 0
    Total energy                    = 1.226800828

Stage 1.0  ExecutionTime = 571.51 s  ClockTime = 76 s  Iteration 440 (2.05 s)

Time = 4.5e-05

    Collisions                      = 32638
    Collision candidates           = 62885
    Collision acceptance rate      = 0.5190108929

    Number of DSMC particles        = 2423073
    Number of stuck particles       = 0
    Number of free particles        = 2423073
    Average linear kinetic energy   = 9.899497779e-19
    Average rotational energy       = 2.127596713e-20
    Average vibrational energy      = 3.595252815e-21
    Average electronic energy       = 0
    Total energy                    = 1.22949268

Stage 1.0  ExecutionTime = 586.29 s  ClockTime = 77 s  Iteration 450 (1.95 s)

Time = 4.6e-05

    Collisions                      = 33259
    Collision candidates           = 63802
    Collision acceptance rate      = 0.5212845992

    Number of DSMC particles        = 2431177
    Number of stuck particles       = 0
    Number of free particles        = 2431177
    Average linear kinetic energy   = 9.880503689e-19
    Average rotational energy       = 2.184306331e-20
    Average vibrational energy      = 3.754416063e-21
    Average electronic energy       = 0
    Total energy                    = 1.232178667

Stage 1.0  ExecutionTime = 601.5 s  ClockTime = 79 s  Iteration 460 (2.03 s)

Time = 4.7e-05

    Collisions                      = 33920
    Collision candidates           = 65208
    Collision acceptance rate      = 0.5201815728

    Number of DSMC particles        = 2439298
    Number of stuck particles       = 0
    Number of free particles        = 2439298
    Average linear kinetic energy   = 9.861554549e-19
    Average rotational energy       = 2.240028611e-20
    Average vibrational energy      = 3.907811638e-21
    Average electronic energy       = 0
    Total energy                    = 1.23485016

Stage 1.0  ExecutionTime = 616.79 s  ClockTime = 81 s  Iteration 470 (1.9 s)

Time = 4.8e-05

    Collisions                      = 34596
    Collision candidates           = 66661
    Collision acceptance rate      = 0.5189841136

    Number of DSMC particles        = 2447464
    Number of stuck particles       = 0
    Number of free particles        = 2447464
    Average linear kinetic energy   = 9.842918382e-19
    Average rotational energy       = 2.29797342e-20
    Average vibrational energy      = 4.073446154e-21
    Average electronic energy       = 0
    Total energy                    = 1.237615262

Stage 1.0  ExecutionTime = 632.22 s  ClockTime = 83 s  Iteration 480 (1.97 s)

Time = 4.9e-05

    Collisions                      = 35211
    Collision candidates           = 67633
    Collision acceptance rate      = 0.5206186329

    Number of DSMC particles        = 2455580
    Number of stuck particles       = 0
    Number of free particles        = 2455580
    Average linear kinetic energy   = 9.824295761e-19
    Average rotational energy       = 2.357752481e-20
    Average vibrational energy      = 4.239902298e-21
    Average electronic energy       = 0
    Total energy                    = 1.240371168

Stage 1.0  ExecutionTime = 647.87 s  ClockTime = 85 s  Iteration 490 (2 s)

Time = 5e-05

    Collisions                      = 35706
    Collision candidates           = 68836
    Collision acceptance rate      = 0.5187111395

    Number of DSMC particles        = 2463606
    Number of stuck particles       = 0
    Number of free particles        = 2463606
    Average linear kinetic energy   = 9.806291223e-19
    Average rotational energy       = 2.414707868e-20
    Average vibrational energy      = 4.392648636e-21
    Average electronic energy       = 0
    Total energy                    = 1.243097216

Stage 1.0  ExecutionTime = 663.32 s  ClockTime = 87 s  Iteration 500 (2.16 s)

End stage 1


DSMC solver profile summary
    solver profile steps          = 500
    move+collide wall [s]         = 55.16982707
    move only [s]                 = 45.18012018
    buildCellOccupancy [s]        = 6.270715583
    collision phase [s]           = 3.213414199
    post fields/output [s]        = 24.84164259
    total profiled [s]            = 79.50589255
    full evolve wall [s]          = 80.01585827
    move+collide cpu [s]          = 440.89
    move only cpu [s]             = 361.27
    buildCellOccupancy cpu [s]    = 49.39
    collision phase cpu [s]       = 25.74
    post fields/output cpu [s]    = 198.65
    total profiled cpu [s]        = 635.05
    full evolve cpu [s]           = 639.56
    OpenMP enabled                = 1
    OpenMP max threads            = 8
    OpenMP move                   = 1 (static, chunk 64)
    OpenMP collision              = dynamic, chunk 8

Total Iterations = 500
End main

real 87.39
user 657.23
sys 7.35
