case=ourmesh
mode=MPI8origin
rep=1
np=8
OMP_NUM_THREADS=1
case_dir=/home/superxcx/code/OpenFoam/OF-1706/hyStrath_dlb/run/hyStrath/dsmcFoam+/xcx_test/pal-phd-3.3.1-cylinder-react/timecompare/ourmesh/mpi8origin
controlDict=/home/superxcx/code/OpenFoam/OF-1706/hyStrath_dlb/doc/worklog/v2506/detail_mix/repeat_nowrite_compute_20260610_rerun/controlDicts/ourmesh_MPI8origin_rep1_controlDict
start=2026-06-10T03:08:06+08:00
/*---------------------------------------------------------------------------*\
| =========                 |                                                 |
| \\      /  F ield         | OpenFOAM: The Open Source CFD Toolbox           |
|  \\    /   O peration     | Version:  v1706                                 |
|   \\  /    A nd           | Web:      www.OpenFOAM.com                      |
|    \\/     M anipulation  |                                                 |
\*---------------------------------------------------------------------------*/
Build  : v1706
Arch   : "LSB;label=32;scalar=64"
Exec   : dsmcFoam+ -parallel
Date   : Jun 10 2026
Time   : 03:08:07
Host   : "SuperXCX-ROG"
PID    : 2049081
Case   : /home/superxcx/code/OpenFoam/OF-1706/hyStrath_dlb/run/hyStrath/dsmcFoam+/xcx_test/pal-phd-3.3.1-cylinder-react/timecompare/ourmesh/mpi8origin
nProcs : 8
Slaves : 
7
(
"SuperXCX-ROG.2049082"
"SuperXCX-ROG.2049083"
"SuperXCX-ROG.2049084"
"SuperXCX-ROG.2049085"
"SuperXCX-ROG.2049086"
"SuperXCX-ROG.2049087"
"SuperXCX-ROG.2049088"
)

Pstream initialized with:
    floatTransfer      : 0
    nProcsSimpleSum    : 0
    commsType          : nonBlocking
    polling iterations : 0
sigFpe : Enabling floating point exception trapping (FOAM_SIGFPE).
fileModificationChecking : Monitoring run-time modified files using timeStampMaster (fileModificationSkew 10)
allowSystemOperations : Allowing user-supplied system call operations

// * * * * * * * * * * * * * * * * * * * * * * * * * * * * * * * * * * * * * //
Create time

Create mesh for time = 0

Selecting dynamicFvMesh staticFvMesh

Constructing dsmcCloud 
Selecting the coordinate system model:	dsmcCartesian

Selecting the time-step model:	dsmcConstantTimeStepModel

Constant time-step model:
- time-step [sec]	1e-07

Selecting the porous measurement model:	dsmcNoPorousMediumMeasurements


Creating dsmcControllers

Creating fields: 

Selecting field: dsmcVolFields

TimeData Statistics: 
 measurement option: write
 nSamples: 1, time interval: 1e-07
 nAverages: 10000, time interval: 0.001
 total no. of sampling steps: 0
 total no. of averaging Steps: 0


Creating the boundary models: 

Selecting dsmcPatchBoundaryModel dsmcDeletionPatch
Selecting dsmcPatchBoundaryModel dsmcDeletionPatch
Selecting dsmcPatchBoundaryModel dsmcDiffuseWallPatch
Selecting dsmcGeneralBoundaryModel dsmcFreeStreamInflowPatch
Selecting BinaryCollisionModel LarsenBorgnakkeVariableHardSphere

Creating dsmcReactions

There are no chemical reactions defined.

Constructing constant properties for
	N2
	O2
	NO
	N
	O
Selecting collisionPartnerSelectionModel noTimeCounter

Initialising the measurement fields

Initialising dsmcVolFields field

Starting time loop

Time = 1e-06

    Collisions                      = 2848
    Collision candidates           = 2971
    Collision acceptance rate      = 0.958599798

    Number of DSMC particles        = 2065857
    Number of stuck particles       = 0
    Number of free particles        = 2065857
    Average linear kinetic energy   = 1.111306803e-18
    Average rotational energy       = 2.629594599e-21
    Average vibrational energy      = 9.234848746e-24
    Average electronic energy       = 0
    Total energy                    = 1.150626191

Stage 1.0  ExecutionTime = 2.7 s  ClockTime = 3 s  Iteration 10 (0.17 s)

Time = 2e-06

    Collisions                      = 4349
    Collision candidates           = 4996
    Collision acceptance rate      = 0.8704963971

    Number of DSMC particles        = 2073971
    Number of stuck particles       = 0
    Number of free particles        = 2073971
    Average linear kinetic energy   = 1.107073914e-18
    Average rotational energy       = 2.686070644e-21
    Average vibrational energy      = 1.826262017e-23
    Average electronic energy       = 0
    Total energy                    = 1.150823951

Stage 1.0  ExecutionTime = 4.4 s  ClockTime = 4 s  Iteration 20 (0.19 s)

Time = 3e-06

    Collisions                      = 4885
    Collision candidates           = 6088
    Collision acceptance rate      = 0.8023981603

    Number of DSMC particles        = 2082051
    Number of stuck particles       = 0
    Number of free particles        = 2082051
    Average linear kinetic energy   = 1.102988747e-18
    Average rotational energy       = 2.751727075e-21
    Average vibrational energy      = 2.913757294e-23
    Average electronic energy       = 0
    Total energy                    = 1.151134363

Stage 1.0  ExecutionTime = 6.1 s  ClockTime = 6 s  Iteration 30 (0.18 s)

Time = 4e-06

    Collisions                      = 5373
    Collision candidates           = 7191
    Collision acceptance rate      = 0.74718398

    Number of DSMC particles        = 2090260
    Number of stuck particles       = 0
    Number of free particles        = 2090260
    Average linear kinetic energy   = 1.09895272e-18
    Average rotational energy       = 2.839828819e-21
    Average vibrational energy      = 4.169218739e-23
    Average electronic energy       = 0
    Total energy                    = 1.15156002

Stage 1.0  ExecutionTime = 7.85 s  ClockTime = 8 s  Iteration 40 (0.22 s)

Time = 5e-06

    Collisions                      = 6013
    Collision candidates           = 8441
    Collision acceptance rate      = 0.7123563559

    Number of DSMC particles        = 2098389
    Number of stuck particles       = 0
    Number of free particles        = 2098389
    Average linear kinetic energy   = 1.095025928e-18
    Average rotational energy       = 2.955420732e-21
    Average vibrational energy      = 5.554028638e-23
    Average electronic energy       = 0
    Total energy                    = 1.152054265

Stage 1.0  ExecutionTime = 9.72 s  ClockTime = 9 s  Iteration 50 (0.2 s)

Time = 6e-06

    Collisions                      = 6619
    Collision candidates           = 9644
    Collision acceptance rate      = 0.6863334716

    Number of DSMC particles        = 2106498
    Number of stuck particles       = 0
    Number of free particles        = 2106498
    Average linear kinetic energy   = 1.09121669e-18
    Average rotational energy       = 3.099639916e-21
    Average vibrational energy      = 7.260413647e-23
    Average electronic energy       = 0
    Total energy                    = 1.152664051

Stage 1.0  ExecutionTime = 11.59 s  ClockTime = 11 s  Iteration 60 (0.21 s)

Time = 7e-06

    Collisions                      = 7306
    Collision candidates           = 10869
    Collision acceptance rate      = 0.6721869537

    Number of DSMC particles        = 2114786
    Number of stuck particles       = 0
    Number of free particles        = 2114786
    Average linear kinetic energy   = 1.08755602e-18
    Average rotational energy       = 3.266237617e-21
    Average vibrational energy      = 9.442814105e-23
    Average electronic energy       = 0
    Total energy                    = 1.153527667

Stage 1.0  ExecutionTime = 13.55 s  ClockTime = 13 s  Iteration 70 (0.23 s)

Time = 8e-06

    Collisions                      = 7889
    Collision candidates           = 12109
    Collision acceptance rate      = 0.6514988851

    Number of DSMC particles        = 2122813
    Number of stuck particles       = 0
    Number of free particles        = 2122813
    Average linear kinetic energy   = 1.083966315e-18
    Average rotational energy       = 3.455884259e-21
    Average vibrational energy      = 1.180608191e-22
    Average electronic energy       = 0
    Total energy                    = 1.154322301

Stage 1.0  ExecutionTime = 15.51 s  ClockTime = 15 s  Iteration 80 (0.23 s)

Time = 9e-06

    Collisions                      = 8497
    Collision candidates           = 13367
    Collision acceptance rate      = 0.6356699334

    Number of DSMC particles        = 2130957
    Number of stuck particles       = 0
    Number of free particles        = 2130957
    Average linear kinetic energy   = 1.080510125e-18
    Average rotational energy       = 3.670334185e-21
    Average vibrational energy      = 1.43444765e-22
    Average electronic energy       = 0
    Total energy                    = 1.155323807

Stage 1.0  ExecutionTime = 17.56 s  ClockTime = 17 s  Iteration 90 (0.22 s)

Time = 1e-05

    Collisions                      = 9073
    Collision candidates           = 14525
    Collision acceptance rate      = 0.6246471601

    Number of DSMC particles        = 2139040
    Number of stuck particles       = 0
    Number of free particles        = 2139040
    Average linear kinetic energy   = 1.077130343e-18
    Average rotational energy       = 3.926969545e-21
    Average vibrational energy      = 1.77783744e-22
    Average electronic energy       = 0
    Total energy                    = 1.15640256

Stage 1.0  ExecutionTime = 19.64 s  ClockTime = 19 s  Iteration 100 (0.25 s)

Time = 1.1e-05

    Collisions                      = 9872
    Collision candidates           = 16157
    Collision acceptance rate      = 0.6110045182

    Number of DSMC particles        = 2147091
    Number of stuck particles       = 0
    Number of free particles        = 2147091
    Average linear kinetic energy   = 1.073796359e-18
    Average rotational energy       = 4.226232608e-21
    Average vibrational energy      = 2.142185934e-22
    Average electronic energy       = 0
    Total energy                    = 1.157536276

Stage 1.0  ExecutionTime = 21.77 s  ClockTime = 22 s  Iteration 110 (0.22 s)

Time = 1.2e-05

    Collisions                      = 10578
    Collision candidates           = 17591
    Collision acceptance rate      = 0.6013302257

    Number of DSMC particles        = 2155201
    Number of stuck particles       = 0
    Number of free particles        = 2155201
    Average linear kinetic energy   = 1.070561071e-18
    Average rotational energy       = 4.517674228e-21
    Average vibrational energy      = 2.505718882e-22
    Average electronic energy       = 0
    Total energy                    = 1.15877541

Stage 1.0  ExecutionTime = 23.97 s  ClockTime = 24 s  Iteration 120 (0.23 s)

Time = 1.3e-05

    Collisions                      = 11230
    Collision candidates           = 18846
    Collision acceptance rate      = 0.5958824154

    Number of DSMC particles        = 2163306
    Number of stuck particles       = 0
    Number of free particles        = 2163306
    Average linear kinetic energy   = 1.067420045e-18
    Average rotational energy       = 4.829778633e-21
    Average vibrational energy      = 2.904169467e-22
    Average electronic energy       = 0
    Total energy                    = 1.160116369

Stage 1.0  ExecutionTime = 26.31 s  ClockTime = 26 s  Iteration 130 (0.29 s)

Time = 1.4e-05

    Collisions                      = 12199
    Collision candidates           = 20353
    Collision acceptance rate      = 0.5993711001

    Number of DSMC particles        = 2171350
    Number of stuck particles       = 0
    Number of free particles        = 2171350
    Average linear kinetic energy   = 1.064272727e-18
    Average rotational energy       = 5.197414834e-21
    Average vibrational energy      = 3.34183371e-22
    Average electronic energy       = 0
    Total energy                    = 1.16145981

Stage 1.0  ExecutionTime = 28.68 s  ClockTime = 29 s  Iteration 140 (0.26 s)

Time = 1.5e-05

    Collisions                      = 12673
    Collision candidates           = 21546
    Collision acceptance rate      = 0.5881834215

    Number of DSMC particles        = 2179474
    Number of stuck particles       = 0
    Number of free particles        = 2179474
    Average linear kinetic energy   = 1.061247715e-18
    Average rotational energy       = 5.556333166e-21
    Average vibrational energy      = 3.815856281e-22
    Average electronic energy       = 0
    Total energy                    = 1.162951671

Stage 1.0  ExecutionTime = 31.05 s  ClockTime = 31 s  Iteration 150 (0.27 s)

Time = 1.6e-05

    Collisions                      = 13457
    Collision candidates           = 23179
    Collision acceptance rate      = 0.5805686181

    Number of DSMC particles        = 2187624
    Number of stuck particles       = 0
    Number of free particles        = 2187624
    Average linear kinetic energy   = 1.058293351e-18
    Average rotational energy       = 5.94592788e-21
    Average vibrational energy      = 4.38154903e-22
    Average electronic energy       = 0
    Total energy                    = 1.164556953

Stage 1.0  ExecutionTime = 33.46 s  ClockTime = 33 s  Iteration 160 (0.26 s)

Time = 1.7e-05

    Collisions                      = 14075
    Collision candidates           = 24508
    Collision acceptance rate      = 0.5743022686

    Number of DSMC particles        = 2195901
    Number of stuck particles       = 0
    Number of free particles        = 2195901
    Average linear kinetic energy   = 1.055438667e-18
    Average rotational energy       = 6.30255094e-21
    Average vibrational energy      = 4.986088796e-22
    Average electronic energy       = 0
    Total energy                    = 1.166286749

Stage 1.0  ExecutionTime = 35.96 s  ClockTime = 36 s  Iteration 170 (0.28 s)

Time = 1.8e-05

    Collisions                      = 14790
    Collision candidates           = 25963
    Collision acceptance rate      = 0.5696568193

    Number of DSMC particles        = 2204033
    Number of stuck particles       = 0
    Number of free particles        = 2204033
    Average linear kinetic energy   = 1.052608101e-18
    Average rotational energy       = 6.724326903e-21
    Average vibrational energy      = 5.675897964e-22
    Average electronic energy       = 0
    Total energy                    = 1.168027308

Stage 1.0  ExecutionTime = 38.46 s  ClockTime = 38 s  Iteration 180 (0.27 s)

Time = 1.9e-05

    Collisions                      = 15692
    Collision candidates           = 27516
    Collision acceptance rate      = 0.5702863788

    Number of DSMC particles        = 2212118
    Number of stuck particles       = 0
    Number of free particles        = 2212118
    Average linear kinetic energy   = 1.049854816e-18
    Average rotational energy       = 7.140792212e-21
    Average vibrational energy      = 6.209842795e-22
    Average electronic energy       = 0
    Total energy                    = 1.16978635

Stage 1.0  ExecutionTime = 41.05 s  ClockTime = 41 s  Iteration 190 (0.27 s)

Time = 2e-05

    Collisions                      = 16330
    Collision candidates           = 28908
    Collision acceptance rate      = 0.5648955306

    Number of DSMC particles        = 2220257
    Number of stuck particles       = 0
    Number of free particles        = 2220257
    Average linear kinetic energy   = 1.047110054e-18
    Average rotational energy       = 7.573645207e-21
    Average vibrational energy      = 6.910992498e-22
    Average electronic energy       = 0
    Total energy                    = 1.171601642

Stage 1.0  ExecutionTime = 43.7 s  ClockTime = 43 s  Iteration 200 (0.29 s)

Time = 2.1e-05

    Collisions                      = 17094
    Collision candidates           = 30347
    Collision acceptance rate      = 0.5632846739

    Number of DSMC particles        = 2228367
    Number of stuck particles       = 0
    Number of free particles        = 2228367
    Average linear kinetic energy   = 1.044375271e-18
    Average rotational energy       = 8.043300798e-21
    Average vibrational energy      = 7.682121738e-22
    Average electronic energy       = 0
    Total energy                    = 1.173443338

Stage 1.0  ExecutionTime = 46.4 s  ClockTime = 46 s  Iteration 210 (0.3 s)

Time = 2.2e-05

    Collisions                      = 17720
    Collision candidates           = 31740
    Collision acceptance rate      = 0.5582860744

    Number of DSMC particles        = 2236407
    Number of stuck particles       = 0
    Number of free particles        = 2236407
    Average linear kinetic energy   = 1.04173731e-18
    Average rotational energy       = 8.490145972e-21
    Average vibrational energy      = 8.541805588e-22
    Average electronic energy       = 0
    Total energy                    = 1.175323165

Stage 1.0  ExecutionTime = 49.14 s  ClockTime = 49 s  Iteration 220 (0.29 s)

Time = 2.3e-05

    Collisions                      = 18448
    Collision candidates           = 33194
    Collision acceptance rate      = 0.5557630897

    Number of DSMC particles        = 2244454
    Number of stuck particles       = 0
    Number of free particles        = 2244454
    Average linear kinetic energy   = 1.039155628e-18
    Average rotational energy       = 8.949036197e-21
    Average vibrational energy      = 9.325360495e-22
    Average electronic energy       = 0
    Total energy                    = 1.17725787

Stage 1.0  ExecutionTime = 51.94 s  ClockTime = 52 s  Iteration 230 (0.3 s)

Time = 2.4e-05

    Collisions                      = 19034
    Collision candidates           = 34427
    Collision acceptance rate      = 0.552880007

    Number of DSMC particles        = 2252617
    Number of stuck particles       = 0
    Number of free particles        = 2252617
    Average linear kinetic energy   = 1.036582934e-18
    Average rotational energy       = 9.445807804e-21
    Average vibrational energy      = 1.013039236e-21
    Average electronic energy       = 0
    Total energy                    = 1.179292057

Stage 1.0  ExecutionTime = 54.82 s  ClockTime = 55 s  Iteration 240 (0.31 s)

Time = 2.5e-05

    Collisions                      = 19769
    Collision candidates           = 35988
    Collision acceptance rate      = 0.5493219962

    Number of DSMC particles        = 2260645
    Number of stuck particles       = 0
    Number of free particles        = 2260645
    Average linear kinetic energy   = 1.034022487e-18
    Average rotational energy       = 9.98379352e-21
    Average vibrational energy      = 1.098425888e-21
    Average electronic energy       = 0
    Total energy                    = 1.181305364

Stage 1.0  ExecutionTime = 57.76 s  ClockTime = 58 s  Iteration 250 (0.34 s)

Time = 2.6e-05

    Collisions                      = 20554
    Collision candidates           = 37513
    Collision acceptance rate      = 0.5479167222

    Number of DSMC particles        = 2268733
    Number of stuck particles       = 0
    Number of free particles        = 2268733
    Average linear kinetic energy   = 1.031551165e-18
    Average rotational energy       = 1.048431571e-20
    Average vibrational energy      = 1.188641038e-21
    Average electronic energy       = 0
    Total energy                    = 1.183398496

Stage 1.0  ExecutionTime = 60.71 s  ClockTime = 61 s  Iteration 260 (0.32 s)

Time = 2.7e-05

    Collisions                      = 21378
    Collision candidates           = 38835
    Collision acceptance rate      = 0.5504828119

    Number of DSMC particles        = 2276946
    Number of stuck particles       = 0
    Number of free particles        = 2276946
    Average linear kinetic energy   = 1.029098898e-18
    Average rotational energy       = 1.100973752e-20
    Average vibrational energy      = 1.287832581e-21
    Average electronic energy       = 0
    Total energy                    = 1.185601761

Stage 1.0  ExecutionTime = 63.75 s  ClockTime = 64 s  Iteration 270 (0.34 s)

Time = 2.8e-05

    Collisions                      = 21889
    Collision candidates           = 40188
    Collision acceptance rate      = 0.5446650742

    Number of DSMC particles        = 2285016
    Number of stuck particles       = 0
    Number of free particles        = 2285016
    Average linear kinetic energy   = 1.026670349e-18
    Average rotational energy       = 1.153504215e-20
    Average vibrational energy      = 1.389029816e-21
    Average electronic energy       = 0
    Total energy                    = 1.187744943

Stage 1.0  ExecutionTime = 66.81 s  ClockTime = 67 s  Iteration 280 (0.36 s)

Time = 2.9e-05

    Collisions                      = 22663
    Collision candidates           = 41615
    Collision acceptance rate      = 0.5445872882

    Number of DSMC particles        = 2293184
    Number of stuck particles       = 0
    Number of free particles        = 2293184
    Average linear kinetic energy   = 1.024299398e-18
    Average rotational energy       = 1.20491172e-20
    Average vibrational energy      = 1.495919799e-21
    Average electronic energy       = 0
    Total energy                    = 1.189984126

Stage 1.0  ExecutionTime = 69.95 s  ClockTime = 70 s  Iteration 290 (0.34 s)

Time = 3e-05

    Collisions                      = 23284
    Collision candidates           = 42898
    Collision acceptance rate      = 0.542775887

    Number of DSMC particles        = 2301400
    Number of stuck particles       = 0
    Number of free particles        = 2301400
    Average linear kinetic energy   = 1.021985452e-18
    Average rotational energy       = 1.254960787e-20
    Average vibrational energy      = 1.601402689e-21
    Average electronic energy       = 0
    Total energy                    = 1.192282227

Stage 1.0  ExecutionTime = 73.22 s  ClockTime = 73 s  Iteration 300 (0.37 s)

Time = 3.1e-05

    Collisions                      = 23799
    Collision candidates           = 44357
    Collision acceptance rate      = 0.5365331289

    Number of DSMC particles        = 2309396
    Number of stuck particles       = 0
    Number of free particles        = 2309396
    Average linear kinetic energy   = 1.019705374e-18
    Average rotational energy       = 1.308327759e-20
    Average vibrational energy      = 1.71002056e-21
    Average electronic energy       = 0
    Total energy                    = 1.194533548

Stage 1.0  ExecutionTime = 76.49 s  ClockTime = 76 s  Iteration 310 (0.39 s)

Time = 3.2e-05

    Collisions                      = 24450
    Collision candidates           = 45766
    Collision acceptance rate      = 0.5342393917

    Number of DSMC particles        = 2317673
    Number of stuck particles       = 0
    Number of free particles        = 2317673
    Average linear kinetic energy   = 1.017432961e-18
    Average rotational energy       = 1.363490036e-20
    Average vibrational energy      = 1.820134726e-21
    Average electronic energy       = 0
    Total energy                    = 1.19694831

Stage 1.0  ExecutionTime = 79.83 s  ClockTime = 80 s  Iteration 320 (0.37 s)

Time = 3.3e-05

    Collisions                      = 25168
    Collision candidates           = 47220
    Collision acceptance rate      = 0.5329944939

    Number of DSMC particles        = 2325751
    Number of stuck particles       = 0
    Number of free particles        = 2325751
    Average linear kinetic energy   = 1.015177483e-18
    Average rotational energy       = 1.418930755e-20
    Average vibrational energy      = 1.938517719e-21
    Average electronic energy       = 0
    Total energy                    = 1.199279676

Stage 1.0  ExecutionTime = 83.25 s  ClockTime = 83 s  Iteration 330 (0.39 s)

Time = 3.4e-05

    Collisions                      = 26135
    Collision candidates           = 48510
    Collision acceptance rate      = 0.5387548959

    Number of DSMC particles        = 2333875
    Number of stuck particles       = 0
    Number of free particles        = 2333875
    Average linear kinetic energy   = 1.012940967e-18
    Average rotational energy       = 1.476693688e-20
    Average vibrational energy      = 2.055943122e-21
    Average electronic energy       = 0
    Total energy                    = 1.201670049

Stage 1.0  ExecutionTime = 86.7 s  ClockTime = 86 s  Iteration 340 (0.4 s)

Time = 3.5e-05

    Collisions                      = 26503
    Collision candidates           = 49791
    Collision acceptance rate      = 0.5322849511

    Number of DSMC particles        = 2342088
    Number of stuck particles       = 0
    Number of free particles        = 2342088
    Average linear kinetic energy   = 1.010722339e-18
    Average rotational energy       = 1.533292628e-20
    Average vibrational energy      = 2.191006335e-21
    Average electronic energy       = 0
    Total energy                    = 1.204121627

Stage 1.0  ExecutionTime = 90.23 s  ClockTime = 90 s  Iteration 350 (0.42 s)

Time = 3.6e-05

    Collisions                      = 27230
    Collision candidates           = 51186
    Collision acceptance rate      = 0.5319814012

    Number of DSMC particles        = 2350202
    Number of stuck particles       = 0
    Number of free particles        = 2350202
    Average linear kinetic energy   = 1.008599858e-18
    Average rotational energy       = 1.586948559e-20
    Average vibrational energy      = 2.319771096e-21
    Average electronic energy       = 0
    Total energy                    = 1.206580915

Stage 1.0  ExecutionTime = 93.77 s  ClockTime = 94 s  Iteration 360 (0.4 s)

Time = 3.7e-05

    Collisions                      = 27757
    Collision candidates           = 52291
    Collision acceptance rate      = 0.5308179228

    Number of DSMC particles        = 2358263
    Number of stuck particles       = 0
    Number of free particles        = 2358263
    Average linear kinetic energy   = 1.006516291e-18
    Average rotational energy       = 1.643802162e-20
    Average vibrational energy      = 2.442048643e-21
    Average electronic energy       = 0
    Total energy                    = 1.20907715

Stage 1.0  ExecutionTime = 97.42 s  ClockTime = 97 s  Iteration 370 (0.41 s)

Time = 3.8e-05

    Collisions                      = 28392
    Collision candidates           = 53750
    Collision acceptance rate      = 0.5282232558

    Number of DSMC particles        = 2366537
    Number of stuck particles       = 0
    Number of free particles        = 2366537
    Average linear kinetic energy   = 1.004413849e-18
    Average rotational energy       = 1.700619268e-20
    Average vibrational energy      = 2.582828344e-21
    Average electronic energy       = 0
    Total energy                    = 1.21167034

Stage 1.0  ExecutionTime = 101.08 s  ClockTime = 101 s  Iteration 380 (0.41 s)

Time = 3.9e-05

    Collisions                      = 29074
    Collision candidates           = 55169
    Collision acceptance rate      = 0.5269988581

    Number of DSMC particles        = 2374518
    Number of stuck particles       = 0
    Number of free particles        = 2374518
    Average linear kinetic energy   = 1.002324836e-18
    Average rotational energy       = 1.756999922e-20
    Average vibrational energy      = 2.715424381e-21
    Average electronic energy       = 0
    Total energy                    = 1.214103234

Stage 1.0  ExecutionTime = 104.78 s  ClockTime = 104 s  Iteration 390 (0.39 s)

Time = 4e-05

    Collisions                      = 29528
    Collision candidates           = 56214
    Collision acceptance rate      = 0.5252784004

    Number of DSMC particles        = 2382626
    Number of stuck particles       = 0
    Number of free particles        = 2382626
    Average linear kinetic energy   = 1.000222713e-18
    Average rotational energy       = 1.815470429e-20
    Average vibrational energy      = 2.851700065e-21
    Average electronic energy       = 0
    Total energy                    = 1.216603524

Stage 1.0  ExecutionTime = 108.54 s  ClockTime = 108 s  Iteration 400 (0.43 s)

Time = 4.1e-05

    Collisions                      = 30318
    Collision candidates           = 57705
    Collision acceptance rate      = 0.5253964128

    Number of DSMC particles        = 2390455
    Number of stuck particles       = 0
    Number of free particles        = 2390455
    Average linear kinetic energy   = 9.98164772e-19
    Average rotational energy       = 1.875191315e-20
    Average vibrational energy      = 2.98493023e-21
    Average electronic energy       = 0
    Total energy                    = 1.219014458

Stage 1.0  ExecutionTime = 112.32 s  ClockTime = 112 s  Iteration 410 (0.41 s)

Time = 4.2e-05

    Collisions                      = 30880
    Collision candidates           = 58956
    Collision acceptance rate      = 0.5237804464

    Number of DSMC particles        = 2398506
    Number of stuck particles       = 0
    Number of free particles        = 2398506
    Average linear kinetic energy   = 9.96154014e-19
    Average rotational energy       = 1.933415861e-20
    Average vibrational energy      = 3.127851285e-21
    Average electronic energy       = 0
    Total energy                    = 1.221578322

Stage 1.0  ExecutionTime = 116.15 s  ClockTime = 116 s  Iteration 420 (0.44 s)

Time = 4.3e-05

    Collisions                      = 31141
    Collision candidates           = 59827
    Collision acceptance rate      = 0.5205174921

    Number of DSMC particles        = 2406611
    Number of stuck particles       = 0
    Number of free particles        = 2406611
    Average linear kinetic energy   = 9.942167683e-19
    Average rotational energy       = 1.987731089e-20
    Average vibrational energy      = 3.284145566e-21
    Average electronic energy       = 0
    Total energy                    = 1.224216813

Stage 1.0  ExecutionTime = 119.96 s  ClockTime = 120 s  Iteration 430 (0.43 s)

Time = 4.4e-05

    Collisions                      = 31920
    Collision candidates           = 61065
    Collision acceptance rate      = 0.52272169

    Number of DSMC particles        = 2414812
    Number of stuck particles       = 0
    Number of free particles        = 2414812
    Average linear kinetic energy   = 9.922911492e-19
    Average rotational energy       = 2.042911971e-20
    Average vibrational energy      = 3.436844949e-21
    Average electronic energy       = 0
    Total energy                    = 1.226914196

Stage 1.0  ExecutionTime = 123.86 s  ClockTime = 124 s  Iteration 440 (0.43 s)

Time = 4.5e-05

    Collisions                      = 32412
    Collision candidates           = 62226
    Collision acceptance rate      = 0.5208755183

    Number of DSMC particles        = 2423042
    Number of stuck particles       = 0
    Number of free particles        = 2423042
    Average linear kinetic energy   = 9.904150641e-19
    Average rotational energy       = 2.096262243e-20
    Average vibrational energy      = 3.590421863e-21
    Average electronic energy       = 0
    Total energy                    = 1.229655178

Stage 1.0  ExecutionTime = 127.78 s  ClockTime = 128 s  Iteration 450 (0.44 s)

Time = 4.6e-05

    Collisions                      = 33057
    Collision candidates           = 63486
    Collision acceptance rate      = 0.5206974766

    Number of DSMC particles        = 2431231
    Number of stuck particles       = 0
    Number of free particles        = 2431231
    Average linear kinetic energy   = 9.885280335e-19
    Average rotational energy       = 2.151784094e-20
    Average vibrational energy      = 3.739537299e-21
    Average electronic energy       = 0
    Total energy                    = 1.23237326

Stage 1.0  ExecutionTime = 131.7 s  ClockTime = 131 s  Iteration 460 (0.44 s)

Time = 4.7e-05

    Collisions                      = 33924
    Collision candidates           = 64951
    Collision acceptance rate      = 0.5223014272

    Number of DSMC particles        = 2439411
    Number of stuck particles       = 0
    Number of free particles        = 2439411
    Average linear kinetic energy   = 9.866582445e-19
    Average rotational energy       = 2.208345058e-20
    Average vibrational energy      = 3.890129229e-21
    Average electronic energy       = 0
    Total energy                    = 1.235112606

Stage 1.0  ExecutionTime = 135.75 s  ClockTime = 135 s  Iteration 470 (0.45 s)

Time = 4.8e-05

    Collisions                      = 34166
    Collision candidates           = 65724
    Collision acceptance rate      = 0.5198405453

    Number of DSMC particles        = 2447423
    Number of stuck particles       = 0
    Number of free particles        = 2447423
    Average linear kinetic energy   = 9.847682962e-19
    Average rotational energy       = 2.269503978e-20
    Average vibrational energy      = 4.043820059e-21
    Average electronic energy       = 0
    Total energy                    = 1.237792939

Stage 1.0  ExecutionTime = 139.81 s  ClockTime = 140 s  Iteration 480 (0.48 s)

Time = 4.9e-05

    Collisions                      = 34995
    Collision candidates           = 67284
    Collision acceptance rate      = 0.5201087926

    Number of DSMC particles        = 2455511
    Number of stuck particles       = 0
    Number of free particles        = 2455511
    Average linear kinetic energy   = 9.828773467e-19
    Average rotational energy       = 2.332245053e-20
    Average vibrational energy      = 4.210219584e-21
    Average electronic energy       = 0
    Total energy                    = 1.240536455

Stage 1.0  ExecutionTime = 143.82 s  ClockTime = 144 s  Iteration 490 (0.47 s)

Time = 5e-05

    Collisions                      = 35629
    Collision candidates           = 68699
    Collision acceptance rate      = 0.5186247253

    Number of DSMC particles        = 2463614
    Number of stuck particles       = 0
    Number of free particles        = 2463614
    Average linear kinetic energy   = 9.810577101e-19
    Average rotational energy       = 2.39019053e-20
    Average vibrational energy      = 4.373799753e-21
    Average electronic energy       = 0
    Total energy                    = 1.243303966

Stage 1.0  ExecutionTime = 147.88 s  ClockTime = 148 s  Iteration 500 (0.43 s)

End stage 1


DSMC solver profile summary
    solver profile steps          = 500
    move+collide wall [s]         = 133.8236955
    move only [s]                 = 110.6485591
    buildCellOccupancy [s]        = 14.38546221
    collision phase [s]           = 18.02199416
    post fields/output [s]        = 21.79165336
    total profiled [s]            = 164.8476689
    full evolve wall [s]          = 145.2435211
    move+collide cpu [s]          = 133.74
    move only cpu [s]             = 110.51
    buildCellOccupancy cpu [s]    = 14.38
    collision phase cpu [s]       = 18.06
    post fields/output cpu [s]    = 21.59
    total profiled cpu [s]        = 164.54
    full evolve cpu [s]           = 145.21
    OpenMP enabled                = 0
    OpenMP max threads            = 1
    OpenMP move                   = 0 (static, chunk 1)
    OpenMP collision              = dynamic, chunk 1

Total Iterations = 500
End main

real 148.65
user 1079.00
sys 105.94
