case=ourmesh
mode=MPI8
rep=3
np=8
OMP_NUM_THREADS=1
case_dir=/home/superxcx/code/OpenFoam/OF-1706/hyStrath_dlb/run/hyStrath/dsmcFoam+/xcx_test/pal-phd-3.3.1-cylinder-react/timecompare/ourmesh/mpi8replicatedmesh
controlDict=/home/superxcx/code/OpenFoam/OF-1706/hyStrath_dlb/doc/worklog/v2506/detail_mix/repeat_nowrite_compute_20260610_rerun/controlDicts/ourmesh_MPI8_rep3_controlDict
start=2026-06-10T02:59:25+08:00
/*---------------------------------------------------------------------------*\
| =========                 |                                                 |
| \\      /  F ield         | OpenFOAM: The Open Source CFD Toolbox           |
|  \\    /   O peration     | Version:  v1706                                 |
|   \\  /    A nd           | Web:      www.OpenFOAM.com                      |
|    \\/     M anipulation  |                                                 |
\*---------------------------------------------------------------------------*/
Build  : v1706
Arch   : "LSB;label=32;scalar=64"
Exec   : dsmcFoam+
Date   : Jun 10 2026
Time   : 02:59:25
Host   : "SuperXCX-ROG"
PID    : 2045961
/*---------------------------------------------------------------------------*\
| =========                 |                                                 |
| \\      /  F ield         | OpenFOAM: The Open Source CFD Toolbox           |
|  \\    /   O peration     | Version:  v1706                                 |
|   \\  /    A nd           | Web:      www.OpenFOAM.com                      |
|    \\/     M anipulation  |                                                 |
\*---------------------------------------------------------------------------*/
Build  : v1706
Arch   : "LSB;label=32;scalar=64"
Exec   : dsmcFoam+
Date   : Jun 10 2026
Time   : 02:59:25
Host   : "SuperXCX-ROG"
PID    : 2045962
Case   : /home/superxcx/code/OpenFoam/OF-1706/hyStrath_dlb/run/hyStrath/dsmcFoam+/xcx_test/pal-phd-3.3.1-cylinder-react/timecompare/ourmesh/mpi8replicatedmesh
nProcs : 1
sigFpe : Enabling floating point exception trapping (FOAM_SIGFPE).
Case   : /home/superxcx/code/OpenFoam/OF-1706/hyStrath_dlb/run/hyStrath/dsmcFoam+/xcx_test/pal-phd-3.3.1-cylinder-react/timecompare/ourmesh/mpi8replicatedmesh
nProcs : 1
sigFpe : Enabling floating point exception trapping (FOAM_SIGFPE).
fileModificationChecking : Monitoring run-time modified files using timeStampMaster (fileModificationSkew 10)
allowSystemOperations : Allowing user-supplied system call operations

// * * * * * * * * * * * * * * * * * * * * * * * * * * * * * * * * * * * * * //
Create time

fileModificationChecking : Monitoring run-time modified files using timeStampMaster (fileModificationSkew 10)
allowSystemOperations : Allowing user-supplied system call operations

// * * * * * * * * * * * * * * * * * * * * * * * * * * * * * * * * * * * * * //
Create time

/*---------------------------------------------------------------------------*\
| =========                 |                                                 |
| \\      /  F ield         | OpenFOAM: The Open Source CFD Toolbox           |
|  \\    /   O peration     | Version:  v1706                                 |
|   \\  /    A nd           | Web:      www.OpenFOAM.com                      |
|    \\/     M anipulation  |                                                 |
\*---------------------------------------------------------------------------*/
Build  : v1706
Arch   : "LSB;label=32;scalar=64"
Exec   : dsmcFoam+
Date   : Jun 10 2026
Time   : 02:59:25
Host   : "SuperXCX-ROG"
PID    : 2045967
Create mesh for time = 0

Create mesh for time = 0

/*---------------------------------------------------------------------------*\
| =========                 |                                                 |
| \\      /  F ield         | OpenFOAM: The Open Source CFD Toolbox           |
|  \\    /   O peration     | Version:  v1706                                 |
|   \\  /    A nd           | Web:      www.OpenFOAM.com                      |
|    \\/     M anipulation  |                                                 |
\*---------------------------------------------------------------------------*/
Build  : v1706
Arch   : "LSB;label=32;scalar=64"
Exec   : dsmcFoam+
Date   : Jun 10 2026
Time   : 02:59:25
Host   : "SuperXCX-ROG"
PID    : 2045963
/*---------------------------------------------------------------------------*\
| =========                 |                                                 |
| \\      /  F ield         | OpenFOAM: The Open Source CFD Toolbox           |
|  \\    /   O peration     | Version:  v1706                                 |
|   \\  /    A nd           | Web:      www.OpenFOAM.com                      |
|    \\/     M anipulation  |                                                 |
\*---------------------------------------------------------------------------*/
Build  : v1706
Arch   : "LSB;label=32;scalar=64"
Exec   : dsmcFoam+
Date   : Jun 10 2026
Time   : 02:59:25
Host   : "SuperXCX-ROG"
PID    : 2045965
Case   : /home/superxcx/code/OpenFoam/OF-1706/hyStrath_dlb/run/hyStrath/dsmcFoam+/xcx_test/pal-phd-3.3.1-cylinder-react/timecompare/ourmesh/mpi8replicatedmesh
nProcs : 1
sigFpe : Enabling floating point exception trapping (FOAM_SIGFPE).
Selecting dynamicFvMesh staticFvMesh
Selecting dynamicFvMesh staticFvMesh
Case   : /home/superxcx/code/OpenFoam/OF-1706/hyStrath_dlb/run/hyStrath/dsmcFoam+/xcx_test/pal-phd-3.3.1-cylinder-react/timecompare/ourmesh/mpi8replicatedmesh
nProcs : 1
sigFpe : Enabling floating point exception trapping (FOAM_SIGFPE).
fileModificationChecking : Monitoring run-time modified files using timeStampMaster (fileModificationSkew 10)
allowSystemOperations : Allowing user-supplied system call operations

// * * * * * * * * * * * * * * * * * * * * * * * * * * * * * * * * * * * * * //
Create time

fileModificationChecking : Monitoring run-time modified files using timeStampMaster (fileModificationSkew 10)
allowSystemOperations : Allowing user-supplied system call operations

// * * * * * * * * * * * * * * * * * * * * * * * * * * * * * * * * * * * * * //
Create time

Case   : /home/superxcx/code/OpenFoam/OF-1706/hyStrath_dlb/run/hyStrath/dsmcFoam+/xcx_test/pal-phd-3.3.1-cylinder-react/timecompare/ourmesh/mpi8replicatedmesh
nProcs : 1
sigFpe : Enabling floating point exception trapping (FOAM_SIGFPE).
fileModificationChecking : Monitoring run-time modified files using timeStampMaster (fileModificationSkew 10)
allowSystemOperations : Allowing user-supplied system call operations

// * * * * * * * * * * * * * * * * * * * * * * * * * * * * * * * * * * * * * //
Create time

Create mesh for time = 0

Create mesh for time = 0

Selecting dynamicFvMesh staticFvMesh
Selecting dynamicFvMesh staticFvMesh
/*---------------------------------------------------------------------------*\
| =========                 |                                                 |
| \\      /  F ield         | OpenFOAM: The Open Source CFD Toolbox           |
|  \\    /   O peration     | Version:  v1706                                 |
|   \\  /    A nd           | Web:      www.OpenFOAM.com                      |
|    \\/     M anipulation  |                                                 |
\*---------------------------------------------------------------------------*/
Build  : v1706
Arch   : "LSB;label=32;scalar=64"
Exec   : dsmcFoam+
Date   : Jun 10 2026
Time   : 02:59:25
Host   : "SuperXCX-ROG"
PID    : 2045960
Create mesh for time = 0

Case   : /home/superxcx/code/OpenFoam/OF-1706/hyStrath_dlb/run/hyStrath/dsmcFoam+/xcx_test/pal-phd-3.3.1-cylinder-react/timecompare/ourmesh/mpi8replicatedmesh
nProcs : 1
sigFpe : Enabling floating point exception trapping (FOAM_SIGFPE).
fileModificationChecking : Monitoring run-time modified files using timeStampMaster (fileModificationSkew 10)
allowSystemOperations : Allowing user-supplied system call operations

// * * * * * * * * * * * * * * * * * * * * * * * * * * * * * * * * * * * * * //
Create time

Selecting dynamicFvMesh staticFvMesh
Create mesh for time = 0

Selecting dynamicFvMesh staticFvMesh
/*---------------------------------------------------------------------------*\
| =========                 |                                                 |
| \\      /  F ield         | OpenFOAM: The Open Source CFD Toolbox           |
|  \\    /   O peration     | Version:  v1706                                 |
|   \\  /    A nd           | Web:      www.OpenFOAM.com                      |
|    \\/     M anipulation  |                                                 |
\*---------------------------------------------------------------------------*/
Build  : v1706
Arch   : "LSB;label=32;scalar=64"
Exec   : dsmcFoam+
Date   : Jun 10 2026
Time   : 02:59:25
Host   : "SuperXCX-ROG"
PID    : 2045966
Case   : /home/superxcx/code/OpenFoam/OF-1706/hyStrath_dlb/run/hyStrath/dsmcFoam+/xcx_test/pal-phd-3.3.1-cylinder-react/timecompare/ourmesh/mpi8replicatedmesh
nProcs : 1
sigFpe : Enabling floating point exception trapping (FOAM_SIGFPE).
fileModificationChecking : Monitoring run-time modified files using timeStampMaster (fileModificationSkew 10)
allowSystemOperations : Allowing user-supplied system call operations

// * * * * * * * * * * * * * * * * * * * * * * * * * * * * * * * * * * * * * //
Create time

Create mesh for time = 0

Selecting dynamicFvMesh staticFvMesh
/*---------------------------------------------------------------------------*\
| =========                 |                                                 |
| \\      /  F ield         | OpenFOAM: The Open Source CFD Toolbox           |
|  \\    /   O peration     | Version:  v1706                                 |
|   \\  /    A nd           | Web:      www.OpenFOAM.com                      |
|    \\/     M anipulation  |                                                 |
\*---------------------------------------------------------------------------*/
Build  : v1706
Arch   : "LSB;label=32;scalar=64"
Exec   : dsmcFoam+
Date   : Jun 10 2026
Time   : 02:59:25
Host   : "SuperXCX-ROG"
PID    : 2045964
Case   : /home/superxcx/code/OpenFoam/OF-1706/hyStrath_dlb/run/hyStrath/dsmcFoam+/xcx_test/pal-phd-3.3.1-cylinder-react/timecompare/ourmesh/mpi8replicatedmesh
nProcs : 1
sigFpe : Enabling floating point exception trapping (FOAM_SIGFPE).
fileModificationChecking : Monitoring run-time modified files using timeStampMaster (fileModificationSkew 10)
allowSystemOperations : Allowing user-supplied system call operations

// * * * * * * * * * * * * * * * * * * * * * * * * * * * * * * * * * * * * * //
Create time

Create mesh for time = 0

Selecting dynamicFvMesh staticFvMesh

Constructing dsmcCloud 

Constructing dsmcCloud 

Constructing dsmcCloud 

Constructing dsmcCloud 

Constructing dsmcCloud 

Constructing dsmcCloud 

Constructing dsmcCloud 

Constructing dsmcCloud 
Selecting the coordinate system model:	dsmcCartesian

Selecting the time-step model:	dsmcConstantTimeStepModel

Constant time-step model:
- time-step [sec]	1e-07

Selecting the porous measurement model:	dsmcNoPorousMediumMeasurements


Creating dsmcControllers

Creating fields: 

Selecting field: dsmcVolFields

TimeData Statistics: 
 measurement option: write
 nSamples: 1, time interval: 1e-07
 nAverages: 10000, time interval: 0.001
 total no. of sampling steps: 0
 total no. of averaging Steps: 0


Creating the boundary models: 

Selecting dsmcPatchBoundaryModel dsmcDeletionPatch
Selecting dsmcPatchBoundaryModel dsmcDeletionPatch
Selecting dsmcPatchBoundaryModel dsmcDiffuseWallPatch
Selecting dsmcGeneralBoundaryModel dsmcFreeStreamInflowPatch
Selecting BinaryCollisionModel LarsenBorgnakkeVariableHardSphere

Creating dsmcReactions

There are no chemical reactions defined.
Selecting the coordinate system model:	dsmcCartesian

Selecting the time-step model:	dsmcConstantTimeStepModel

Constant time-step model:
- time-step [sec]	1e-07

Selecting the porous measurement model:	dsmcNoPorousMediumMeasurements

Selecting the coordinate system model:	dsmcCartesian

Selecting the time-step model:	dsmcConstantTimeStepModel

Constant time-step model:
- time-step [sec]	1e-07

Selecting the porous measurement model:	dsmcNoPorousMediumMeasurements


Creating dsmcControllers

Selecting the coordinate system model:	dsmcCartesian

Selecting the time-step model:	dsmcConstantTimeStepModel

Creating fields: 

Selecting field: dsmcVolFields

TimeData Statistics: 
 measurement option: write
 nSamples: 1, time interval: 1e-07
 nAverages: 10000, time interval: 0.001
 total no. of sampling steps: 0
 total no. of averaging Steps: 0


Constant time-step model:
- time-step [sec]	1e-07

Selecting the porous measurement model:	dsmcNoPorousMediumMeasurements


Creating dsmcControllers

Creating fields: 

Selecting field: dsmcVolFields

TimeData Statistics: 
 measurement option: write
 nSamples: 1, time interval: 1e-07
 nAverages: 10000, time interval: 0.001
 total no. of sampling steps: 0
 total no. of averaging Steps: 0


Selecting the coordinate system model:	dsmcCartesian

Selecting the time-step model:	dsmcConstantTimeStepModel


Creating dsmcControllers

Constant time-step model:
- time-step [sec]	1e-07

Selecting the porous measurement model:	dsmcNoPorousMediumMeasurements

Creating fields: 

Selecting field: dsmcVolFields

TimeData Statistics: 
 measurement option: write
 nSamples: 1, time interval: 1e-07
 nAverages: 10000, time interval: 0.001
 total no. of sampling steps: 0
 total no. of averaging Steps: 0



Creating dsmcControllers

Creating fields: 

Selecting field: dsmcVolFields

TimeData Statistics: 
 measurement option: write
 nSamples: 1, time interval: 1e-07
 nAverages: 10000, time interval: 0.001
 total no. of sampling steps: 0
 total no. of averaging Steps: 0


Selecting the coordinate system model:	dsmcCartesian

Selecting the time-step model:	dsmcConstantTimeStepModel

Constant time-step model:
- time-step [sec]	1e-07

Selecting the porous measurement model:	dsmcNoPorousMediumMeasurements

Creating the boundary models: 

Selecting dsmcPatchBoundaryModel dsmcDeletionPatch
Selecting dsmcPatchBoundaryModel dsmcDeletionPatch
Selecting dsmcPatchBoundaryModel dsmcDiffuseWallPatch
Selecting dsmcGeneralBoundaryModel dsmcFreeStreamInflowPatch

Creating dsmcControllers

Creating fields: 

Selecting field: dsmcVolFields

TimeData Statistics: 
 measurement option: write
 nSamples: 1, time interval: 1e-07
 nAverages: 10000, time interval: 0.001
 total no. of sampling steps: 0
 total no. of averaging Steps: 0


Selecting BinaryCollisionModel LarsenBorgnakkeVariableHardSphere

Creating dsmcReactions

There are no chemical reactions defined.
Creating the boundary models: 

Selecting dsmcPatchBoundaryModel dsmcDeletionPatch
Selecting dsmcPatchBoundaryModel dsmcDeletionPatch
Selecting dsmcPatchBoundaryModel dsmcDiffuseWallPatch
Selecting dsmcGeneralBoundaryModel dsmcFreeStreamInflowPatch
Selecting the coordinate system model:	dsmcCartesian

Selecting the time-step model:	dsmcConstantTimeStepModel

Constant time-step model:
- time-step [sec]	1e-07

Selecting the porous measurement model:	dsmcNoPorousMediumMeasurements

Creating the boundary models: 

Selecting dsmcPatchBoundaryModel dsmcDeletionPatch
Selecting dsmcPatchBoundaryModel dsmcDeletionPatch
Selecting dsmcPatchBoundaryModel dsmcDiffuseWallPatch
Selecting dsmcGeneralBoundaryModel dsmcFreeStreamInflowPatch
Selecting the coordinate system model:	dsmcCartesian

Selecting the time-step model:	dsmcConstantTimeStepModel

Constant time-step model:
- time-step [sec]	1e-07

Selecting the porous measurement model:	dsmcNoPorousMediumMeasurements


Creating dsmcControllers

Creating fields: 

Selecting field: dsmcVolFields

TimeData Statistics: 
 measurement option: write
 nSamples: 1, time interval: 1e-07
 nAverages: 10000, time interval: 0.001
 total no. of sampling steps: 0
 total no. of averaging Steps: 0


Creating the boundary models: 

Selecting dsmcPatchBoundaryModel dsmcDeletionPatch
Selecting dsmcPatchBoundaryModel dsmcDeletionPatch
Selecting dsmcPatchBoundaryModel dsmcDiffuseWallPatch
Selecting dsmcGeneralBoundaryModel dsmcFreeStreamInflowPatch
Selecting BinaryCollisionModel LarsenBorgnakkeVariableHardSphere

Creating dsmcReactions

There are no chemical reactions defined.
Selecting BinaryCollisionModel LarsenBorgnakkeVariableHardSphere

Creating dsmcReactions

There are no chemical reactions defined.

Creating dsmcControllers

Creating fields: 

Selecting field: dsmcVolFields

TimeData Statistics: 
 measurement option: write
 nSamples: 1, time interval: 1e-07
 nAverages: 10000, time interval: 0.001
 total no. of sampling steps: 0
 total no. of averaging Steps: 0


Selecting BinaryCollisionModel LarsenBorgnakkeVariableHardSphere

Creating dsmcReactions

There are no chemical reactions defined.
Creating the boundary models: 

Selecting dsmcPatchBoundaryModel dsmcDeletionPatch
Selecting dsmcPatchBoundaryModel dsmcDeletionPatch
Selecting dsmcPatchBoundaryModel dsmcDiffuseWallPatch
Selecting dsmcGeneralBoundaryModel dsmcFreeStreamInflowPatch
Selecting BinaryCollisionModel LarsenBorgnakkeVariableHardSphere

Creating dsmcReactions

There are no chemical reactions defined.
Creating the boundary models: 

Selecting dsmcPatchBoundaryModel dsmcDeletionPatch
Selecting dsmcPatchBoundaryModel dsmcDeletionPatch
Selecting dsmcPatchBoundaryModel dsmcDiffuseWallPatch
Selecting dsmcGeneralBoundaryModel dsmcFreeStreamInflowPatch
Creating the boundary models: 

Selecting dsmcPatchBoundaryModel dsmcDeletionPatch
Selecting dsmcPatchBoundaryModel dsmcDeletionPatch
Selecting dsmcPatchBoundaryModel dsmcDiffuseWallPatch
Selecting dsmcGeneralBoundaryModel dsmcFreeStreamInflowPatch
Selecting BinaryCollisionModel LarsenBorgnakkeVariableHardSphere

Creating dsmcReactions

There are no chemical reactions defined.
Selecting BinaryCollisionModel LarsenBorgnakkeVariableHardSphere

Creating dsmcReactions

There are no chemical reactions defined.

Constructing constant properties for
	N2
	O2
	NO
	N
	O

Constructing constant properties for
	N2
	O2
	NO
	N
	O

Constructing constant properties for
	N2
	O2
	NO
	N
	O

Constructing constant properties for
	N2
	O2
	NO
	N
	O

Constructing constant properties for
	N2
	O2
	NO
	N
	O
Selecting collisionPartnerSelectionModel noTimeCounter

Initialising the measurement fields

Initialising dsmcVolFields field
Selecting collisionPartnerSelectionModel noTimeCounter

Initialising the measurement fields

Initialising dsmcVolFields field
Selecting collisionPartnerSelectionModel noTimeCounter

Initialising the measurement fields

Initialising dsmcVolFields field
Selecting collisionPartnerSelectionModel noTimeCounter

Initialising the measurement fields

Initialising dsmcVolFields field
Selecting collisionPartnerSelectionModel noTimeCounter

Initialising the measurement fields

Initialising dsmcVolFields field

Constructing constant properties for
	N2
	O2
	NO
	N
	O

Constructing constant properties for
	N2
	O2
	NO
	N
	O

Constructing constant properties for
	N2
	O2
	NO
	N
	O
Selecting collisionPartnerSelectionModel noTimeCounter

Initialising the measurement fields

Initialising dsmcVolFields field
Selecting collisionPartnerSelectionModel noTimeCounter

Initialising the measurement fields

Initialising dsmcVolFields field
Selecting collisionPartnerSelectionModel noTimeCounter

Initialising the measurement fields

Initialising dsmcVolFields field
Replicated mesh: METIS decomposition complete, 104151 cells -> 8 ranks
Replicated mesh: rank 0 owns 13019 / 104151 cells
Local mesh: 13019 owned + 310 halo = 13329 / 104151 cells
Replicated mesh: no-Alltoall async migration enabled
Replicated mesh: flatTransfer=1 found=1
Replicated mesh: flat POD transfer enabled
Phase C auto DLB: enabled (ParMETIS AdaptiveRepart), imbalanceThreshold=1.5, dlbSteps=50, sarSteps=10, triggerMode=legacyWindow, minGapSteps=50, checkCollective=allgather, skipFixedKPostDiag=0
Replicated mesh: initialized with 8 MPI ranks, migrate interval 10

Starting time loop

Replicated mesh: initial particle distribution

Replicated mesh: rank 0 kept 251358 parcels, deleted 1806661 non-owned parcels
Time = 1e-06

    Collisions                      = 2885
    Collision candidates           = 2999
    Collision acceptance rate      = 0.9619873291

    Number of DSMC particles        = 2065821
    Number of stuck particles       = 0
    Number of free particles        = 2065821
    Average linear kinetic energy   = 1.111308714e-18
    Average rotational energy       = 2.631853696e-21
    Average vibrational energy      = 8.257403392e-24
    Average electronic energy       = 0
    Total energy                    = 1.150609438

Stage 1.0  ExecutionTime = 8.8 s  ClockTime = 9 s  Iteration 10 (0.15 s)

Time = 2e-06

    Collisions                      = 4249
    Collision candidates           = 4866
    Collision acceptance rate      = 0.8732018085

    Number of DSMC particles        = 2073994
    Number of stuck particles       = 0
    Number of free particles        = 2073994
    Average linear kinetic energy   = 1.107071732e-18
    Average rotational energy       = 2.685052488e-21
    Average vibrational energy      = 1.713779042e-23
    Average electronic energy       = 0
    Total energy                    = 1.150832228

Stage 1.0  ExecutionTime = 10.21 s  ClockTime = 11 s  Iteration 20 (0.16 s)

Time = 3e-06

    Collisions                      = 4787
    Collision candidates           = 6031
    Collision acceptance rate      = 0.7937323827

    Number of DSMC particles        = 2082040
    Number of stuck particles       = 0
    Number of free particles        = 2082040
    Average linear kinetic energy   = 1.102988152e-18
    Average rotational energy       = 2.752337425e-21
    Average vibrational energy      = 2.859297742e-23
    Average electronic energy       = 0
    Total energy                    = 1.15112773

Stage 1.0  ExecutionTime = 11.72 s  ClockTime = 12 s  Iteration 30 (0.16 s)

Time = 4e-06

    Collisions                      = 5425
    Collision candidates           = 7217
    Collision acceptance rate      = 0.7516973812

    Number of DSMC particles        = 2090203
    Number of stuck particles       = 0
    Number of free particles        = 2090203
    Average linear kinetic energy   = 1.09894648e-18
    Average rotational energy       = 2.839071941e-21
    Average vibrational energy      = 4.298169577e-23
    Average electronic energy       = 0
    Total energy                    = 1.151522653

Stage 1.0  ExecutionTime = 13.14 s  ClockTime = 14 s  Iteration 40 (0.15 s)

Time = 5e-06

    Collisions                      = 6087
    Collision candidates           = 8483
    Collision acceptance rate      = 0.7175527526


Phase C auto DLB triggered (SAR) at step 50: sar=0.002154463667 loadImbalance=1.060021228 threshold=1.5
Phase C ParMETIS: alpha=0.8 ncon=2 ubvec=[1.049999952,1.5] moveRatio=0.6736972703 (moveT=3.536848017s, collT=1.713058986s)
Phase C ParMETIS: AdaptiveRepart (104151 cells, 2 constraints, ubvec=1.049999952)
Replicated mesh: rank 0 owns 13791 / 104151 cells
Local mesh: 13791 owned + 428 halo = 14219 / 104151 cells
Phase C ParMETIS AdaptiveRepart: 102132 / 104151 cells changed (0.9806146844)
Phase C auto DLB complete: rebalance #1

    Number of DSMC particles        = 2098394
    Number of stuck particles       = 0
    Number of free particles        = 2098394
    Average linear kinetic energy   = 1.095011082e-18
    Average rotational energy       = 2.951096508e-21
    Average vibrational energy      = 5.624477181e-23
    Average electronic energy       = 0
    Total energy                    = 1.152037636

Stage 1.0  ExecutionTime = 14.84 s  ClockTime = 15 s  Iteration 50 (0.41 s)

Time = 6e-06

    Collisions                      = 4708
    Collision candidates           = 6039
    Collision acceptance rate      = 0.7795992714

    Number of DSMC particles        = 2106567
    Number of stuck particles       = 0
    Number of free particles        = 2106567
    Average linear kinetic energy   = 1.091035525e-18
    Average rotational energy       = 3.01210708e-21
    Average vibrational energy      = 6.515160416e-23
    Average electronic energy       = 0
    Total energy                    = 1.152410942

Stage 1.0  ExecutionTime = 16.39 s  ClockTime = 17 s  Iteration 60 (0.17 s)

Time = 7e-06

    Collisions                      = 6452
    Collision candidates           = 8799
    Collision acceptance rate      = 0.7332651438

    Number of DSMC particles        = 2114848
    Number of stuck particles       = 0
    Number of free particles        = 2114848
    Average linear kinetic energy   = 1.087295861e-18
    Average rotational energy       = 3.150807919e-21
    Average vibrational energy      = 8.234174748e-23
    Average electronic energy       = 0
    Total energy                    = 1.153151549

Stage 1.0  ExecutionTime = 17.96 s  ClockTime = 18 s  Iteration 70 (0.16 s)

Time = 8e-06

    Collisions                      = 7254
    Collision candidates           = 10371
    Collision acceptance rate      = 0.6994503905

    Number of DSMC particles        = 2122801
    Number of stuck particles       = 0
    Number of free particles        = 2122801
    Average linear kinetic energy   = 1.083639099e-18
    Average rotational energy       = 3.350734219e-21
    Average vibrational energy      = 1.08924629e-22
    Average electronic energy       = 0
    Total energy                    = 1.153847165

Stage 1.0  ExecutionTime = 19.55 s  ClockTime = 20 s  Iteration 80 (0.17 s)

Time = 9e-06

    Collisions                      = 7905
    Collision candidates           = 11878
    Collision acceptance rate      = 0.6655160801

    Number of DSMC particles        = 2130931
    Number of stuck particles       = 0
    Number of free particles        = 2130931
    Average linear kinetic energy   = 1.080206014e-18
    Average rotational energy       = 3.571079137e-21
    Average vibrational energy      = 1.369785598e-22
    Average electronic energy       = 0
    Total energy                    = 1.154873048

Stage 1.0  ExecutionTime = 21.21 s  ClockTime = 22 s  Iteration 90 (0.18 s)

Time = 1e-05

    Collisions                      = 8679
    Collision candidates           = 13406
    Collision acceptance rate      = 0.6473966881

    Number of DSMC particles        = 2138993
    Number of stuck particles       = 0
    Number of free particles        = 2138993
    Average linear kinetic energy   = 1.076786327e-18
    Average rotational energy       = 3.817442151e-21
    Average vibrational energy      = 1.707592734e-22
    Average electronic energy       = 0
    Total energy                    = 1.155884576

Stage 1.0  ExecutionTime = 22.92 s  ClockTime = 23 s  Iteration 100 (0.2 s)

Time = 1.1e-05

    Collisions                      = 9500
    Collision candidates           = 14893
    Collision acceptance rate      = 0.6378835695

    Number of DSMC particles        = 2147054
    Number of stuck particles       = 0
    Number of free particles        = 2147054
    Average linear kinetic energy   = 1.073499623e-18
    Average rotational energy       = 4.097389606e-21
    Average vibrational energy      = 2.000494944e-22
    Average electronic energy       = 0
    Total energy                    = 1.157044246

Stage 1.0  ExecutionTime = 24.66 s  ClockTime = 25 s  Iteration 110 (0.19 s)

Time = 1.2e-05

    Collisions                      = 10185
    Collision candidates           = 16514
    Collision acceptance rate      = 0.6167494247

    Number of DSMC particles        = 2155205
    Number of stuck particles       = 0
    Number of free particles        = 2155205
    Average linear kinetic energy   = 1.070167916e-18
    Average rotational energy       = 4.39780415e-21
    Average vibrational energy      = 2.474839813e-22
    Average electronic energy       = 0
    Total energy                    = 1.158221396

Stage 1.0  ExecutionTime = 26.44 s  ClockTime = 27 s  Iteration 120 (0.19 s)

Time = 1.3e-05

    Collisions                      = 11118
    Collision candidates           = 18106
    Collision acceptance rate      = 0.614050591

    Number of DSMC particles        = 2163320
    Number of stuck particles       = 0
    Number of free particles        = 2163320
    Average linear kinetic energy   = 1.067019955e-18
    Average rotational energy       = 4.703009793e-21
    Average vibrational energy      = 2.919498064e-22
    Average electronic energy       = 0
    Total energy                    = 1.159555652

Stage 1.0  ExecutionTime = 28.31 s  ClockTime = 29 s  Iteration 130 (0.2 s)

Time = 1.4e-05

    Collisions                      = 11809
    Collision candidates           = 19583
    Collision acceptance rate      = 0.6030230302

    Number of DSMC particles        = 2171391
    Number of stuck particles       = 0
    Number of free particles        = 2171391
    Average linear kinetic energy   = 1.063894345e-18
    Average rotational energy       = 5.048111451e-21
    Average vibrational energy      = 3.445287362e-22
    Average electronic energy       = 0
    Total energy                    = 1.160920068

Stage 1.0  ExecutionTime = 30.19 s  ClockTime = 31 s  Iteration 140 (0.21 s)

Time = 1.5e-05

    Collisions                      = 12505
    Collision candidates           = 21126
    Collision acceptance rate      = 0.5919246426


Phase C auto DLB triggered (SAR) at step 150: sar=0.001030021944 loadImbalance=1.099366076 threshold=1.5
Phase C ParMETIS: alpha=0.8 ncon=2 ubvec=[1.049999952,1.5] moveRatio=0.7473389761 (moveT=13.36625212s, collT=4.518874374s)
Phase C ParMETIS: AdaptiveRepart (104151 cells, 2 constraints, ubvec=1.049999952)
Replicated mesh: rank 0 owns 15721 / 104151 cells
Local mesh: 15721 owned + 326 halo = 16047 / 104151 cells
Phase C ParMETIS AdaptiveRepart: 87093 / 104151 cells changed (0.8362185673)
Phase C auto DLB complete: rebalance #2

    Number of DSMC particles        = 2179467
    Number of stuck particles       = 0
    Number of free particles        = 2179467
    Average linear kinetic energy   = 1.06082863e-18
    Average rotational energy       = 5.399721092e-21
    Average vibrational energy      = 3.869551011e-22
    Average electronic energy       = 0
    Total energy                    = 1.162326431

Stage 1.0  ExecutionTime = 32.32 s  ClockTime = 33 s  Iteration 150 (0.43 s)

Time = 1.6e-05

    Collisions                      = 11288
    Collision candidates           = 18260
    Collision acceptance rate      = 0.6181818182

    Number of DSMC particles        = 2187598
    Number of stuck particles       = 0
    Number of free particles        = 2187598
    Average linear kinetic energy   = 1.057891977e-18
    Average rotational energy       = 5.593459306e-21
    Average vibrational energy      = 4.198268908e-22
    Average electronic energy       = 0
    Total energy                    = 1.163698513

Stage 1.0  ExecutionTime = 33.96 s  ClockTime = 34 s  Iteration 160 (0.19 s)

Time = 1.7e-05

    Collisions                      = 13430
    Collision candidates           = 21756
    Collision acceptance rate      = 0.6173009744

    Number of DSMC particles        = 2195882
    Number of stuck particles       = 0
    Number of free particles        = 2195882
    Average linear kinetic energy   = 1.054842986e-18
    Average rotational energy       = 5.933721193e-21
    Average vibrational energy      = 4.734489925e-22
    Average electronic energy       = 0
    Total energy                    = 1.165190058

Stage 1.0  ExecutionTime = 35.6 s  ClockTime = 36 s  Iteration 170 (0.18 s)

Time = 1.8e-05

    Collisions                      = 14223
    Collision candidates           = 23504
    Collision acceptance rate      = 0.6051310415

    Number of DSMC particles        = 2203998
    Number of stuck particles       = 0
    Number of free particles        = 2203998
    Average linear kinetic energy   = 1.051895131e-18
    Average rotational energy       = 6.339102515e-21
    Average vibrational energy      = 5.309156829e-22
    Average electronic energy       = 0
    Total energy                    = 1.166758136

Stage 1.0  ExecutionTime = 37.3 s  ClockTime = 38 s  Iteration 180 (0.19 s)

Time = 1.9e-05

    Collisions                      = 15100
    Collision candidates           = 25348
    Collision acceptance rate      = 0.5957077481

    Number of DSMC particles        = 2212199
    Number of stuck particles       = 0
    Number of free particles        = 2212199
    Average linear kinetic energy   = 1.049014715e-18
    Average rotational energy       = 6.787318264e-21
    Average vibrational energy      = 6.043353555e-22
    Average electronic energy       = 0
    Total energy                    = 1.168490557

Stage 1.0  ExecutionTime = 39.04 s  ClockTime = 40 s  Iteration 190 (0.19 s)

Time = 2e-05

    Collisions                      = 15749
    Collision candidates           = 26928
    Collision acceptance rate      = 0.5848559121

    Number of DSMC particles        = 2220267
    Number of stuck particles       = 0
    Number of free particles        = 2220267
    Average linear kinetic energy   = 1.046201481e-18
    Average rotational energy       = 7.228758475e-21
    Average vibrational energy      = 6.64683101e-22
    Average electronic energy       = 0
    Total energy                    = 1.170186086

Stage 1.0  ExecutionTime = 40.85 s  ClockTime = 41 s  Iteration 200 (0.2 s)

Time = 2.1e-05

    Collisions                      = 16588
    Collision candidates           = 28521
    Collision acceptance rate      = 0.5816065355

    Number of DSMC particles        = 2228443
    Number of stuck particles       = 0
    Number of free particles        = 2228443
    Average linear kinetic energy   = 1.04343349e-18
    Average rotational energy       = 7.698866156e-21
    Average vibrational energy      = 7.421207916e-22
    Average electronic energy       = 0
    Total energy                    = 1.172021157

Stage 1.0  ExecutionTime = 42.66 s  ClockTime = 43 s  Iteration 210 (0.2 s)

Time = 2.2e-05

    Collisions                      = 17419
    Collision candidates           = 30032
    Collision acceptance rate      = 0.580014651

    Number of DSMC particles        = 2236498
    Number of stuck particles       = 0
    Number of free particles        = 2236498
    Average linear kinetic energy   = 1.040700733e-18
    Average rotational energy       = 8.206753796e-21
    Average vibrational energy      = 8.217902957e-22
    Average electronic energy       = 0
    Total energy                    = 1.173858714

Stage 1.0  ExecutionTime = 44.54 s  ClockTime = 45 s  Iteration 220 (0.22 s)

Time = 2.3e-05

    Collisions                      = 18115
    Collision candidates           = 31563
    Collision acceptance rate      = 0.5739315021

    Number of DSMC particles        = 2244486
    Number of stuck particles       = 0
    Number of free particles        = 2244486
    Average linear kinetic energy   = 1.038066089e-18
    Average rotational energy       = 8.697865313e-21
    Average vibrational energy      = 9.019275807e-22
    Average electronic energy       = 0
    Total energy                    = 1.175735702

Stage 1.0  ExecutionTime = 46.47 s  ClockTime = 47 s  Iteration 230 (0.22 s)

Time = 2.4e-05

    Collisions                      = 18667
    Collision candidates           = 32896
    Collision acceptance rate      = 0.5674550097

    Number of DSMC particles        = 2252652
    Number of stuck particles       = 0
    Number of free particles        = 2252652
    Average linear kinetic energy   = 1.035465952e-18
    Average rotational energy       = 9.217954084e-21
    Average vibrational energy      = 9.817993698e-22
    Average electronic energy       = 0
    Total energy                    = 1.177760471

Stage 1.0  ExecutionTime = 48.41 s  ClockTime = 49 s  Iteration 240 (0.23 s)

Time = 2.5e-05

    Collisions                      = 19532
    Collision candidates           = 34597
    Collision acceptance rate      = 0.5645576206

    Number of DSMC particles        = 2260733
    Number of stuck particles       = 0
    Number of free particles        = 2260733
    Average linear kinetic energy   = 1.032995421e-18
    Average rotational energy       = 9.732940632e-21
    Average vibrational energy      = 1.074837796e-21
    Average electronic energy       = 0
    Total energy                    = 1.179880169

Stage 1.0  ExecutionTime = 50.43 s  ClockTime = 51 s  Iteration 250 (0.22 s)

Time = 2.6e-05

    Collisions                      = 20069
    Collision candidates           = 35891
    Collision acceptance rate      = 0.5591652503

    Number of DSMC particles        = 2268784
    Number of stuck particles       = 0
    Number of free particles        = 2268784
    Average linear kinetic energy   = 1.030478592e-18
    Average rotational energy       = 1.025850143e-20
    Average vibrational energy      = 1.17173013e-21
    Average electronic energy       = 0
    Total energy                    = 1.181933034

Stage 1.0  ExecutionTime = 52.48 s  ClockTime = 53 s  Iteration 260 (0.21 s)

Time = 2.7e-05

    Collisions                      = 21006
    Collision candidates           = 37602
    Collision acceptance rate      = 0.5586404978

    Number of DSMC particles        = 2276944
    Number of stuck particles       = 0
    Number of free particles        = 2276944
    Average linear kinetic energy   = 1.028057848e-18
    Average rotational energy       = 1.076305153e-20
    Average vibrational energy      = 1.264321107e-21
    Average electronic energy       = 0
    Total energy                    = 1.184107902

Stage 1.0  ExecutionTime = 54.55 s  ClockTime = 55 s  Iteration 270 (0.23 s)

Time = 2.8e-05

    Collisions                      = 21576
    Collision candidates           = 38788
    Collision acceptance rate      = 0.5562545117

    Number of DSMC particles        = 2285056
    Number of stuck particles       = 0
    Number of free particles        = 2285056
    Average linear kinetic energy   = 1.025655604e-18
    Average rotational energy       = 1.127601556e-20
    Average vibrational energy      = 1.366417853e-21
    Average electronic energy       = 0
    Total energy                    = 1.18628458

Stage 1.0  ExecutionTime = 56.68 s  ClockTime = 57 s  Iteration 280 (0.23 s)

Time = 2.9e-05

    Collisions                      = 22278
    Collision candidates           = 40398
    Collision acceptance rate      = 0.5514629437

    Number of DSMC particles        = 2293118
    Number of stuck particles       = 0
    Number of free particles        = 2293118
    Average linear kinetic energy   = 1.02327196e-18
    Average rotational energy       = 1.181809067e-20
    Average vibrational energy      = 1.46573018e-21
    Average electronic energy       = 0
    Total energy                    = 1.18847236

Stage 1.0  ExecutionTime = 58.87 s  ClockTime = 59 s  Iteration 290 (0.23 s)

Time = 3e-05

    Collisions                      = 22773
    Collision candidates           = 41751
    Collision acceptance rate      = 0.5454480132

    Number of DSMC particles        = 2301360
    Number of stuck particles       = 0
    Number of free particles        = 2301360
    Average linear kinetic energy   = 1.020906537e-18
    Average rotational energy       = 1.238723458e-20
    Average vibrational energy      = 1.559511397e-21
    Average electronic energy       = 0
    Total energy                    = 1.190784975

Stage 1.0  ExecutionTime = 61.11 s  ClockTime = 62 s  Iteration 300 (0.26 s)

Time = 3.1e-05

    Collisions                      = 23606
    Collision candidates           = 43067
    Collision acceptance rate      = 0.5481226925


Phase C auto DLB triggered (SAR) at step 310: sar=0.000431497 loadImbalance=1.106297316 threshold=1.5
Phase C ParMETIS: alpha=0.8 ncon=2 ubvec=[1.049999952,1.5] moveRatio=0.7162791751 (moveT=28.45090837s, collT=11.26950981s)
Phase C ParMETIS: AdaptiveRepart (104151 cells, 2 constraints, ubvec=1.049999952)
Replicated mesh: rank 0 owns 16931 / 104151 cells
Local mesh: 16931 owned + 413 halo = 17344 / 104151 cells
Phase C ParMETIS AdaptiveRepart: 89114 / 104151 cells changed (0.8556230857)
Phase C auto DLB complete: rebalance #3

    Number of DSMC particles        = 2309503
    Number of stuck particles       = 0
    Number of free particles        = 2309503
    Average linear kinetic energy   = 1.018589804e-18
    Average rotational energy       = 1.296400687e-20
    Average vibrational energy      = 1.663265824e-21
    Average electronic energy       = 0
    Total energy                    = 1.193108969

Stage 1.0  ExecutionTime = 63.57 s  ClockTime = 64 s  Iteration 310 (0.51 s)

Time = 3.2e-05

    Collisions                      = 22055
    Collision candidates           = 36320
    Collision acceptance rate      = 0.6072411894

    Number of DSMC particles        = 2317728
    Number of stuck particles       = 0
    Number of free particles        = 2317728
    Average linear kinetic energy   = 1.016642712e-18
    Average rotational energy       = 1.317296232e-20
    Average vibrational energy      = 1.730435963e-21
    Average electronic energy       = 0
    Total energy                    = 1.195421651

Stage 1.0  ExecutionTime = 65.84 s  ClockTime = 66 s  Iteration 320 (0.24 s)

Time = 3.3e-05

    Collisions                      = 24109
    Collision candidates           = 40842
    Collision acceptance rate      = 0.5902992018

    Number of DSMC particles        = 2325723
    Number of stuck particles       = 0
    Number of free particles        = 2325723
    Average linear kinetic energy   = 1.014368351e-18
    Average rotational energy       = 1.36590376e-20
    Average vibrational energy      = 1.835784142e-21
    Average electronic energy       = 0
    Total energy                    = 1.197588234

Stage 1.0  ExecutionTime = 68.11 s  ClockTime = 69 s  Iteration 330 (0.25 s)

Time = 3.4e-05

    Collisions                      = 25472
    Collision candidates           = 43706
    Collision acceptance rate      = 0.5828032764

    Number of DSMC particles        = 2333917
    Number of stuck particles       = 0
    Number of free particles        = 2333917
    Average linear kinetic energy   = 1.01213684e-18
    Average rotational energy       = 1.416971427e-20
    Average vibrational energy      = 1.950479503e-21
    Average electronic energy       = 0
    Total energy                    = 1.199933285

Stage 1.0  ExecutionTime = 70.47 s  ClockTime = 71 s  Iteration 340 (0.26 s)

Time = 3.5e-05

    Collisions                      = 26467
    Collision candidates           = 45579
    Collision acceptance rate      = 0.580684087

    Number of DSMC particles        = 2342114
    Number of stuck particles       = 0
    Number of free particles        = 2342114
    Average linear kinetic energy   = 1.009886056e-18
    Average rotational energy       = 1.469179146e-20
    Average vibrational energy      = 2.075318088e-21
    Average electronic energy       = 0
    Total energy                    = 1.202269377

Stage 1.0  ExecutionTime = 72.86 s  ClockTime = 73 s  Iteration 350 (0.25 s)

Time = 3.6e-05

    Collisions                      = 26888
    Collision candidates           = 47554
    Collision acceptance rate      = 0.5654203642

    Number of DSMC particles        = 2350175
    Number of stuck particles       = 0
    Number of free particles        = 2350175
    Average linear kinetic energy   = 1.007643372e-18
    Average rotational energy       = 1.524856091e-20
    Average vibrational energy      = 2.200503254e-21
    Average electronic energy       = 0
    Total energy                    = 1.204573308

Stage 1.0  ExecutionTime = 75.29 s  ClockTime = 76 s  Iteration 360 (0.26 s)

Time = 3.7e-05

    Collisions                      = 27523
    Collision candidates           = 49089
    Collision acceptance rate      = 0.5606755078

    Number of DSMC particles        = 2358255
    Number of stuck particles       = 0
    Number of free particles        = 2358255
    Average linear kinetic energy   = 1.005368839e-18
    Average rotational energy       = 1.586573617e-20
    Average vibrational energy      = 2.335063521e-21
    Average electronic energy       = 0
    Total energy                    = 1.206919109

Stage 1.0  ExecutionTime = 77.76 s  ClockTime = 78 s  Iteration 370 (0.27 s)

Time = 3.8e-05

    Collisions                      = 28314
    Collision candidates           = 50790
    Collision acceptance rate      = 0.5574719433

    Number of DSMC particles        = 2366395
    Number of stuck particles       = 0
    Number of free particles        = 2366395
    Average linear kinetic energy   = 1.003187097e-18
    Average rotational energy       = 1.642783917e-20
    Average vibrational energy      = 2.454975388e-21
    Average electronic energy       = 0
    Total energy                    = 1.209310565

Stage 1.0  ExecutionTime = 80.17 s  ClockTime = 81 s  Iteration 380 (0.28 s)

Time = 3.9e-05

    Collisions                      = 28791
    Collision candidates           = 52246
    Collision acceptance rate      = 0.5510661103

    Number of DSMC particles        = 2374590
    Number of stuck particles       = 0
    Number of free particles        = 2374590
    Average linear kinetic energy   = 1.001053503e-18
    Average rotational energy       = 1.70151413e-20
    Average vibrational energy      = 2.590290102e-21
    Average electronic energy       = 0
    Total energy                    = 1.211823249

Stage 1.0  ExecutionTime = 82.68 s  ClockTime = 83 s  Iteration 390 (0.29 s)

Time = 4e-05

    Collisions                      = 29399
    Collision candidates           = 53555
    Collision acceptance rate      = 0.5489496779

    Number of DSMC particles        = 2382668
    Number of stuck particles       = 0
    Number of free particles        = 2382668
    Average linear kinetic energy   = 9.9893194e-19
    Average rotational energy       = 1.76322532e-20
    Average vibrational energy      = 2.721156299e-21
    Average electronic energy       = 0
    Total energy                    = 1.214309293

Stage 1.0  ExecutionTime = 85.2 s  ClockTime = 86 s  Iteration 400 (0.28 s)

Time = 4.1e-05

    Collisions                      = 29798
    Collision candidates           = 54565
    Collision acceptance rate      = 0.5461009805

    Number of DSMC particles        = 2390530
    Number of stuck particles       = 0
    Number of free particles        = 2390530
    Average linear kinetic energy   = 9.968396697e-19
    Average rotational energy       = 1.826483451e-20
    Average vibrational energy      = 2.847917608e-21
    Average electronic energy       = 0
    Total energy                    = 1.216722901

Stage 1.0  ExecutionTime = 87.87 s  ClockTime = 88 s  Iteration 410 (0.32 s)

Time = 4.2e-05

    Collisions                      = 30404
    Collision candidates           = 56088
    Collision acceptance rate      = 0.5420767366

    Number of DSMC particles        = 2398603
    Number of stuck particles       = 0
    Number of free particles        = 2398603
    Average linear kinetic energy   = 9.947511437e-19
    Average rotational energy       = 1.887473874e-20
    Average vibrational energy      = 3.004450621e-21
    Average electronic energy       = 0
    Total energy                    = 1.219246283

Stage 1.0  ExecutionTime = 90.48 s  ClockTime = 91 s  Iteration 420 (0.29 s)

Time = 4.3e-05

    Collisions                      = 31300
    Collision candidates           = 57293
    Collision acceptance rate      = 0.5463145585

    Number of DSMC particles        = 2406772
    Number of stuck particles       = 0
    Number of free particles        = 2406772
    Average linear kinetic energy   = 9.927948294e-19
    Average rotational energy       = 1.946896795e-20
    Average vibrational energy      = 3.164886077e-21
    Average electronic energy       = 0
    Total energy                    = 1.221952662

Stage 1.0  ExecutionTime = 93.24 s  ClockTime = 94 s  Iteration 430 (0.29 s)

Time = 4.4e-05

    Collisions                      = 31464
    Collision candidates           = 58447
    Collision acceptance rate      = 0.5383338751

    Number of DSMC particles        = 2414943
    Number of stuck particles       = 0
    Number of free particles        = 2414943
    Average linear kinetic energy   = 9.908698946e-19
    Average rotational energy       = 2.002955699e-20
    Average vibrational energy      = 3.316315231e-21
    Average electronic energy       = 0
    Total energy                    = 1.224636633

Stage 1.0  ExecutionTime = 95.93 s  ClockTime = 96 s  Iteration 440 (0.29 s)

Time = 4.5e-05

    Collisions                      = 32250
    Collision candidates           = 59830
    Collision acceptance rate      = 0.5390272439

    Number of DSMC particles        = 2423066
    Number of stuck particles       = 0
    Number of free particles        = 2423066
    Average linear kinetic energy   = 9.889440255e-19
    Average rotational energy       = 2.059641034e-20
    Average vibrational energy      = 3.461973582e-21
    Average electronic energy       = 0
    Total energy                    = 1.227285848

Stage 1.0  ExecutionTime = 98.72 s  ClockTime = 99 s  Iteration 450 (0.29 s)

Time = 4.6e-05

    Collisions                      = 32801
    Collision candidates           = 60815
    Collision acceptance rate      = 0.5393570665

    Number of DSMC particles        = 2431276
    Number of stuck particles       = 0
    Number of free particles        = 2431276
    Average linear kinetic energy   = 9.870119615e-19
    Average rotational energy       = 2.122061075e-20
    Average vibrational energy      = 3.62016902e-21
    Average electronic energy       = 0
    Total energy                    = 1.230046643

Stage 1.0  ExecutionTime = 101.54 s  ClockTime = 102 s  Iteration 460 (0.31 s)

Time = 4.7e-05

    Collisions                      = 33311
    Collision candidates           = 62053
    Collision acceptance rate      = 0.536815303

    Number of DSMC particles        = 2439469
    Number of stuck particles       = 0
    Number of free particles        = 2439469
    Average linear kinetic energy   = 9.85096162e-19
    Average rotational energy       = 2.186031229e-20
    Average vibrational energy      = 3.77289902e-21
    Average electronic energy       = 0
    Total energy                    = 1.232821487

Stage 1.0  ExecutionTime = 104.4 s  ClockTime = 105 s  Iteration 470 (0.31 s)

Time = 4.8e-05

    Collisions                      = 33850
    Collision candidates           = 63230
    Collision acceptance rate      = 0.5353471453


Phase C auto DLB triggered (SAR) at step 480: sar=0.0009075993235 loadImbalance=1.123896099 threshold=1.5
Phase C ParMETIS: alpha=0.8 ncon=2 ubvec=[1.049999952,1.5] moveRatio=0.7790410004 (moveT=55.59449276s, collT=15.76823748s)
Phase C ParMETIS: AdaptiveRepart (104151 cells, 2 constraints, ubvec=1.049999952)
Replicated mesh: rank 0 owns 11307 / 104151 cells
Local mesh: 11307 owned + 345 halo = 11652 / 104151 cells
Phase C ParMETIS AdaptiveRepart: 70799 / 104151 cells changed (0.6797726378)
Phase C auto DLB complete: rebalance #4

    Number of DSMC particles        = 2447607
    Number of stuck particles       = 0
    Number of free particles        = 2447607
    Average linear kinetic energy   = 9.832410305e-19
    Average rotational energy       = 2.244111429e-20
    Average vibrational energy      = 3.92511507e-21
    Average electronic energy       = 0
    Total energy                    = 1.235560898

Stage 1.0  ExecutionTime = 107.49 s  ClockTime = 108 s  Iteration 480 (0.57 s)

Time = 4.9e-05

    Collisions                      = 32780
    Collision candidates           = 57075
    Collision acceptance rate      = 0.5743320193

    Number of DSMC particles        = 2455761
    Number of stuck particles       = 0
    Number of free particles        = 2455761
    Average linear kinetic energy   = 9.816515068e-19
    Average rotational energy       = 2.278936439e-20
    Average vibrational energy      = 4.045770487e-21
    Average electronic energy       = 0
    Total energy                    = 1.238301082

Stage 1.0  ExecutionTime = 110.32 s  ClockTime = 111 s  Iteration 490 (0.35 s)

Time = 5e-05

    Collisions                      = 34418
    Collision candidates           = 60436
    Collision acceptance rate      = 0.569495003

    Number of DSMC particles        = 2463822
    Number of stuck particles       = 0
    Number of free particles        = 2463822
    Average linear kinetic energy   = 9.798612345e-19
    Average rotational energy       = 2.329115105e-20
    Average vibrational energy      = 4.185914725e-21
    Average electronic energy       = 0
    Total energy                    = 1.240951133

Stage 1.0  ExecutionTime = 113.18 s  ClockTime = 113 s  Iteration 500 (0.34 s)

End stage 1


DSMC solver profile summary
    solver profile steps          = 500
    move+collide wall [s]         = 91.71108833
    move only [s]                 = 57.79304549
    buildCellOccupancy [s]        = 7.52783958
    collision phase [s]           = 44.18742661
    post fields/output [s]        = 19.37034753
    total profiled [s]            = 128.8786592
    full evolve wall [s]          = 104.6471819
    move+collide cpu [s]          = 92.11
    move only cpu [s]             = 57.85
    buildCellOccupancy cpu [s]    = 7.44
    collision phase cpu [s]       = 44.37
    post fields/output cpu [s]    = 19.55
    total profiled cpu [s]        = 129.21
    full evolve cpu [s]           = 104.97
    OpenMP enabled                = 0
    OpenMP max threads            = 1
    OpenMP move                   = 0 (static, chunk 64)
    OpenMP collision              = dynamic, chunk 8


Replicated mesh profiling summary:
    migration calls             = 55
    migration wall time [s]     = 2.245612905
    local particles (final)     = 282053
    particles per rank          = min 239658 max 404567 max/min 1.688101378
    rank wall time (evolve, 500 steps): min 84.37 max 91.13 max/min 1.080123267
    Phase C auto DLB checks      = 500
    Phase C auto DLB rebalances = 4
    Phase C auto DLB triggered checks = 4
    Phase C auto DLB wall max [s]= 0.936054573
    Phase C auto DLB check max [s]= 0.023560081
    Phase C ParMETIS max [s]     = 0.273415732
    Phase C migration max [s]    = 0.670514825
    Phase C cellOwner write max [s] = 0
    Phase C post-diagnostic max [s] = 0.000587839
    Phase C auto DLB accounted max [s] = 0.968078477
    Phase C auto DLB residual max [s] = -0.032023904

Total Iterations = 500
End main

real 114.06
user 821.61
sys 87.82
