case=ourmesh
mode=MPI4xOMP2
rep=3
np=4
OMP_NUM_THREADS=2
case_dir=/home/superxcx/code/OpenFoam/OF-1706/hyStrath_dlb/run/hyStrath/dsmcFoam+/xcx_test/pal-phd-3.3.1-cylinder-react/timecompare/ourmesh/mix-mpi4omp2
controlDict=/home/superxcx/code/OpenFoam/OF-1706/hyStrath_dlb/doc/worklog/v2506/detail_mix/repeat_nowrite_compute_20260610_rerun/controlDicts/ourmesh_MPI4xOMP2_rep3_controlDict
start=2026-06-10T02:57:50+08:00
/*---------------------------------------------------------------------------*\
| =========                 |                                                 |
| \\      /  F ield         | OpenFOAM: The Open Source CFD Toolbox           |
|  \\    /   O peration     | Version:  v1706                                 |
|   \\  /    A nd           | Web:      www.OpenFOAM.com                      |
|    \\/     M anipulation  |                                                 |
\*---------------------------------------------------------------------------*/
Build  : v1706
Arch   : "LSB;label=32;scalar=64"
Exec   : dsmcFoam+
Date   : Jun 10 2026
Time   : 02:57:50
Host   : "SuperXCX-ROG"
PID    : 2045650
/*---------------------------------------------------------------------------*\
| =========                 |                                                 |
| \\      /  F ield         | OpenFOAM: The Open Source CFD Toolbox           |
|  \\    /   O peration     | Version:  v1706                                 |
|   \\  /    A nd           | Web:      www.OpenFOAM.com                      |
|    \\/     M anipulation  |                                                 |
\*---------------------------------------------------------------------------*/
Build  : v1706
Arch   : "LSB;label=32;scalar=64"
Exec   : dsmcFoam+
Date   : Jun 10 2026
Time   : 02:57:50
Host   : "SuperXCX-ROG"
PID    : 2045652
Case   : /home/superxcx/code/OpenFoam/OF-1706/hyStrath_dlb/run/hyStrath/dsmcFoam+/xcx_test/pal-phd-3.3.1-cylinder-react/timecompare/ourmesh/mix-mpi4omp2
nProcs : 1
Case   : /home/superxcx/code/OpenFoam/OF-1706/hyStrath_dlb/run/hyStrath/dsmcFoam+/xcx_test/pal-phd-3.3.1-cylinder-react/timecompare/ourmesh/mix-mpi4omp2
nProcs : 1
sigFpe : Enabling floating point exception trapping (FOAM_SIGFPE).
sigFpe : Enabling floating point exception trapping (FOAM_SIGFPE).
fileModificationChecking : Monitoring run-time modified files using timeStampMaster (fileModificationSkew 10)
allowSystemOperations : Allowing user-supplied system call operations

fileModificationChecking : Monitoring run-time modified files using timeStampMaster (fileModificationSkew 10)
allowSystemOperations : Allowing user-supplied system call operations

// * * * * * * * * * * * * * * * * * * * * * * * * * * * * * * * * * * * * * //
Create time

// * * * * * * * * * * * * * * * * * * * * * * * * * * * * * * * * * * * * * //
Create time

Create mesh for time = 0

Create mesh for time = 0

/*---------------------------------------------------------------------------*\
| =========                 |                                                 |
| \\      /  F ield         | OpenFOAM: The Open Source CFD Toolbox           |
|  \\    /   O peration     | Version:  v1706                                 |
|   \\  /    A nd           | Web:      www.OpenFOAM.com                      |
|    \\/     M anipulation  |                                                 |
\*---------------------------------------------------------------------------*/
Build  : v1706
Arch   : "LSB;label=32;scalar=64"
Exec   : dsmcFoam+
Date   : Jun 10 2026
Time   : 02:57:50
Host   : "SuperXCX-ROG"
PID    : 2045653
Selecting dynamicFvMesh staticFvMesh
/*---------------------------------------------------------------------------*\
| =========                 |                                                 |
| \\      /  F ield         | OpenFOAM: The Open Source CFD Toolbox           |
|  \\    /   O peration     | Version:  v1706                                 |
|   \\  /    A nd           | Web:      www.OpenFOAM.com                      |
|    \\/     M anipulation  |                                                 |
\*---------------------------------------------------------------------------*/
Build  : v1706
Arch   : "LSB;label=32;scalar=64"
Exec   : dsmcFoam+
Date   : Jun 10 2026
Time   : 02:57:50
Host   : "SuperXCX-ROG"
PID    : 2045651
Selecting dynamicFvMesh staticFvMesh
Case   : /home/superxcx/code/OpenFoam/OF-1706/hyStrath_dlb/run/hyStrath/dsmcFoam+/xcx_test/pal-phd-3.3.1-cylinder-react/timecompare/ourmesh/mix-mpi4omp2
nProcs : 1
sigFpe : Enabling floating point exception trapping (FOAM_SIGFPE).
fileModificationChecking : Monitoring run-time modified files using timeStampMaster (fileModificationSkew 10)
allowSystemOperations : Allowing user-supplied system call operations

// * * * * * * * * * * * * * * * * * * * * * * * * * * * * * * * * * * * * * //
Create time

Case   : /home/superxcx/code/OpenFoam/OF-1706/hyStrath_dlb/run/hyStrath/dsmcFoam+/xcx_test/pal-phd-3.3.1-cylinder-react/timecompare/ourmesh/mix-mpi4omp2
nProcs : 1
sigFpe : Enabling floating point exception trapping (FOAM_SIGFPE).
fileModificationChecking : Monitoring run-time modified files using timeStampMaster (fileModificationSkew 10)
allowSystemOperations : Allowing user-supplied system call operations

// * * * * * * * * * * * * * * * * * * * * * * * * * * * * * * * * * * * * * //
Create time

Create mesh for time = 0

Selecting dynamicFvMesh staticFvMesh
Create mesh for time = 0

Selecting dynamicFvMesh staticFvMesh

Constructing dsmcCloud 

Constructing dsmcCloud 

Constructing dsmcCloud 

Constructing dsmcCloud 
Selecting the coordinate system model:	dsmcCartesian

Selecting the time-step model:	dsmcConstantTimeStepModel

Constant time-step model:
- time-step [sec]	1e-07

Selecting the porous measurement model:	dsmcNoPorousMediumMeasurements


Creating dsmcControllers

Creating fields: 

Selecting field: dsmcVolFields

TimeData Statistics: 
 measurement option: write
 nSamples: 1, time interval: 1e-07
 nAverages: 10000, time interval: 0.001
 total no. of sampling steps: 0
 total no. of averaging Steps: 0


Selecting the coordinate system model:	dsmcCartesian

Selecting the time-step model:	dsmcConstantTimeStepModel

Constant time-step model:
- time-step [sec]	1e-07

Selecting the porous measurement model:	dsmcNoPorousMediumMeasurements


Creating dsmcControllers

Creating fields: 

Selecting field: dsmcVolFields

TimeData Statistics: 
 measurement option: write
 nSamples: 1, time interval: 1e-07
 nAverages: 10000, time interval: 0.001
 total no. of sampling steps: 0
 total no. of averaging Steps: 0


Selecting the coordinate system model:	dsmcCartesian

Selecting the time-step model:	dsmcConstantTimeStepModel

Constant time-step model:
- time-step [sec]	1e-07

Selecting the porous measurement model:	dsmcNoPorousMediumMeasurements


Creating dsmcControllers

Creating fields: 

Selecting field: dsmcVolFields

TimeData Statistics: 
 measurement option: write
 nSamples: 1, time interval: 1e-07
 nAverages: 10000, time interval: 0.001
 total no. of sampling steps: 0
 total no. of averaging Steps: 0


Selecting the coordinate system model:	dsmcCartesian

Selecting the time-step model:	dsmcConstantTimeStepModel

Creating the boundary models: 

Selecting dsmcPatchBoundaryModel dsmcDeletionPatch
Selecting dsmcPatchBoundaryModel dsmcDeletionPatch
Selecting dsmcPatchBoundaryModel dsmcDiffuseWallPatch
Selecting dsmcGeneralBoundaryModel dsmcFreeStreamInflowPatch
Constant time-step model:
- time-step [sec]	1e-07

Selecting the porous measurement model:	dsmcNoPorousMediumMeasurements


Creating dsmcControllers

Creating fields: 

Selecting field: dsmcVolFields

TimeData Statistics: 
 measurement option: write
 nSamples: 1, time interval: 1e-07
 nAverages: 10000, time interval: 0.001
 total no. of sampling steps: 0
 total no. of averaging Steps: 0


Selecting BinaryCollisionModel LarsenBorgnakkeVariableHardSphere

Creating dsmcReactions

There are no chemical reactions defined.
Creating the boundary models: 

Selecting dsmcPatchBoundaryModel dsmcDeletionPatch
Selecting dsmcPatchBoundaryModel dsmcDeletionPatch
Selecting dsmcPatchBoundaryModel dsmcDiffuseWallPatch
Selecting dsmcGeneralBoundaryModel dsmcFreeStreamInflowPatch
Selecting BinaryCollisionModel LarsenBorgnakkeVariableHardSphere

Creating dsmcReactions

There are no chemical reactions defined.
Creating the boundary models: 

Selecting dsmcPatchBoundaryModel dsmcDeletionPatch
Selecting dsmcPatchBoundaryModel dsmcDeletionPatch
Selecting dsmcPatchBoundaryModel dsmcDiffuseWallPatch
Selecting dsmcGeneralBoundaryModel dsmcFreeStreamInflowPatch
Selecting BinaryCollisionModel LarsenBorgnakkeVariableHardSphere

Creating dsmcReactions

There are no chemical reactions defined.
Creating the boundary models: 

Selecting dsmcPatchBoundaryModel dsmcDeletionPatch
Selecting dsmcPatchBoundaryModel dsmcDeletionPatch
Selecting dsmcPatchBoundaryModel dsmcDiffuseWallPatch
Selecting dsmcGeneralBoundaryModel dsmcFreeStreamInflowPatch
Selecting BinaryCollisionModel LarsenBorgnakkeVariableHardSphere

Creating dsmcReactions

There are no chemical reactions defined.

Constructing constant properties for
	N2
	O2
	NO
	N
	O

Constructing constant properties for
	N2
	O2
	NO
	N
	O

Constructing constant properties for
	N2
	O2
	NO
	N
	O
Selecting collisionPartnerSelectionModel noTimeCounter

Initialising the measurement fields

Initialising dsmcVolFields field
Selecting collisionPartnerSelectionModel noTimeCounter

Initialising the measurement fields

Initialising dsmcVolFields field
Selecting collisionPartnerSelectionModel noTimeCounter

Initialising the measurement fields

Initialising dsmcVolFields field

Constructing constant properties for
	N2
	O2
	NO
	N
	O
Selecting collisionPartnerSelectionModel noTimeCounter

Initialising the measurement fields

Initialising dsmcVolFields field
Replicated mesh: METIS decomposition complete, 104151 cells -> 4 ranks
Replicated mesh: rank 0 owns 26039 / 104151 cells
Local mesh: 26039 owned + 166 halo = 26205 / 104151 cells
Replicated mesh: no-Alltoall async migration enabled
Replicated mesh: flatTransfer=1 found=1
Replicated mesh: flat POD transfer enabled
Phase C auto DLB: enabled (ParMETIS AdaptiveRepart), imbalanceThreshold=1.5, dlbSteps=50, sarSteps=10, triggerMode=legacyWindow, minGapSteps=50, checkCollective=allgather, skipFixedKPostDiag=0
Replicated mesh: initialized with 4 MPI ranks, migrate interval 10

Starting time loop

Replicated mesh: initial particle distribution

Replicated mesh: rank 0 kept 637601 parcels, deleted 1420258 non-owned parcels
Time = 1e-06

    Collisions                      = 2764
    Collision candidates           = 2880
    Collision acceptance rate      = 0.9597222222

    Number of DSMC particles        = 2065829
    Number of stuck particles       = 0
    Number of free particles        = 2065829
    Average linear kinetic energy   = 1.111304492e-18
    Average rotational energy       = 2.629569821e-21
    Average vibrational energy      = 8.279379434e-24
    Average electronic energy       = 0
    Total energy                    = 1.150607196

Stage 1.0  ExecutionTime = 7.77 s  ClockTime = 6 s  Iteration 10 (0.29 s)

Time = 2e-06

    Collisions                      = 4377
    Collision candidates           = 5009
    Collision acceptance rate      = 0.8738271112

    Number of DSMC particles        = 2073981
    Number of stuck particles       = 0
    Number of free particles        = 2073981
    Average linear kinetic energy   = 1.107071894e-18
    Average rotational energy       = 2.681246765e-21
    Average vibrational energy      = 1.790244145e-23
    Average electronic energy       = 0
    Total energy                    = 1.150822029

Stage 1.0  ExecutionTime = 10.35 s  ClockTime = 8 s  Iteration 20 (0.29 s)

Time = 3e-06

    Collisions                      = 4760
    Collision candidates           = 5979
    Collision acceptance rate      = 0.7961197525

    Number of DSMC particles        = 2082046
    Number of stuck particles       = 0
    Number of free particles        = 2082046
    Average linear kinetic energy   = 1.102975687e-18
    Average rotational energy       = 2.751857428e-21
    Average vibrational energy      = 2.91709913e-23
    Average electronic energy       = 0
    Total energy                    = 1.151118173

Stage 1.0  ExecutionTime = 12.97 s  ClockTime = 9 s  Iteration 30 (0.29 s)

Time = 4e-06

    Collisions                      = 5348
    Collision candidates           = 7203
    Collision acceptance rate      = 0.7424684159

    Number of DSMC particles        = 2090222
    Number of stuck particles       = 0
    Number of free particles        = 2090222
    Average linear kinetic energy   = 1.098945357e-18
    Average rotational energy       = 2.839046807e-21
    Average vibrational energy      = 4.186405511e-23
    Average electronic energy       = 0
    Total energy                    = 1.151530752

Stage 1.0  ExecutionTime = 15.67 s  ClockTime = 10 s  Iteration 40 (0.3 s)

Time = 5e-06

    Collisions                      = 6104
    Collision candidates           = 8560
    Collision acceptance rate      = 0.7130841121

    Number of DSMC particles        = 2098388
    Number of stuck particles       = 0
    Number of free particles        = 2098388
    Average linear kinetic energy   = 1.095017561e-18
    Average rotational energy       = 2.95375788e-21
    Average vibrational energy      = 5.707379452e-23
    Average electronic energy       = 0
    Total energy                    = 1.152044802

Stage 1.0  ExecutionTime = 18.46 s  ClockTime = 12 s  Iteration 50 (0.31 s)

Time = 6e-06

    Collisions                      = 6578
    Collision candidates           = 9601
    Collision acceptance rate      = 0.6851369649

    Number of DSMC particles        = 2106525
    Number of stuck particles       = 0
    Number of free particles        = 2106525
    Average linear kinetic energy   = 1.091229445e-18
    Average rotational energy       = 3.087501248e-21
    Average vibrational energy      = 7.62594632e-23
    Average electronic energy       = 0
    Total energy                    = 1.152683323

Stage 1.0  ExecutionTime = 21.23 s  ClockTime = 13 s  Iteration 60 (0.28 s)

Time = 7e-06

    Collisions                      = 7275
    Collision candidates           = 10887
    Collision acceptance rate      = 0.668228162

    Number of DSMC particles        = 2114766
    Number of stuck particles       = 0
    Number of free particles        = 2114766
    Average linear kinetic energy   = 1.087578025e-18
    Average rotational energy       = 3.246410342e-21
    Average vibrational energy      = 9.425214118e-23
    Average electronic energy       = 0
    Total energy                    = 1.153518875

Stage 1.0  ExecutionTime = 24.06 s  ClockTime = 14 s  Iteration 70 (0.31 s)

Time = 8e-06

    Collisions                      = 7800
    Collision candidates           = 11987
    Collision acceptance rate      = 0.6507049303


Phase C auto DLB triggered (SAR) at step 80: sar=0.003260417967 loadImbalance=1.151948971 threshold=1.5
Phase C ParMETIS: alpha=0.8 ncon=2 ubvec=[1.049999952,1.5] moveRatio=0.960309395 (moveT=6.357071671s, collT=0.262744509s)
Phase C ParMETIS: AdaptiveRepart (104151 cells, 2 constraints, ubvec=1.049999952)
Replicated mesh: rank 0 owns 24216 / 104151 cells
Local mesh: 24216 owned + 350 halo = 24566 / 104151 cells
Phase C ParMETIS AdaptiveRepart: 69793 / 104151 cells changed (0.6701135851)
Phase C auto DLB complete: rebalance #1

    Number of DSMC particles        = 2122779
    Number of stuck particles       = 0
    Number of free particles        = 2122779
    Average linear kinetic energy   = 1.083957461e-18
    Average rotational energy       = 3.462358405e-21
    Average vibrational energy      = 1.172474499e-22
    Average electronic energy       = 0
    Total energy                    = 1.154300423

Stage 1.0  ExecutionTime = 27.47 s  ClockTime = 16 s  Iteration 80 (0.82 s)

Time = 9e-06

    Collisions                      = 7034
    Collision candidates           = 10419
    Collision acceptance rate      = 0.6751127747

    Number of DSMC particles        = 2130924
    Number of stuck particles       = 0
    Number of free particles        = 2130924
    Average linear kinetic energy   = 1.080388199e-18
    Average rotational energy       = 3.57273328e-21
    Average vibrational energy      = 1.272108185e-22
    Average electronic energy       = 0
    Total energy                    = 1.155054722

Stage 1.0  ExecutionTime = 30.6 s  ClockTime = 18 s  Iteration 90 (0.39 s)

Time = 1e-05

    Collisions                      = 8462
    Collision candidates           = 12753
    Collision acceptance rate      = 0.6635301498

    Number of DSMC particles        = 2138995
    Number of stuck particles       = 0
    Number of free particles        = 2138995
    Average linear kinetic energy   = 1.076845677e-18
    Average rotational energy       = 3.798778294e-21
    Average vibrational energy      = 1.643563553e-22
    Average electronic energy       = 0
    Total energy                    = 1.155922322

Stage 1.0  ExecutionTime = 33.7 s  ClockTime = 19 s  Iteration 100 (0.35 s)

Time = 1.1e-05

    Collisions                      = 9261
    Collision candidates           = 14410
    Collision acceptance rate      = 0.6426786954

    Number of DSMC particles        = 2147099
    Number of stuck particles       = 0
    Number of free particles        = 2147099
    Average linear kinetic energy   = 1.073488618e-18
    Average rotational energy       = 4.070597053e-21
    Average vibrational energy      = 1.947452648e-22
    Average electronic energy       = 0
    Total energy                    = 1.157022225

Stage 1.0  ExecutionTime = 36.86 s  ClockTime = 21 s  Iteration 110 (0.38 s)

Time = 1.2e-05

    Collisions                      = 10169
    Collision candidates           = 16198
    Collision acceptance rate      = 0.6277935548

    Number of DSMC particles        = 2155236
    Number of stuck particles       = 0
    Number of free particles        = 2155236
    Average linear kinetic energy   = 1.070183216e-18
    Average rotational energy       = 4.373501309e-21
    Average vibrational energy      = 2.376741459e-22
    Average electronic energy       = 0
    Total energy                    = 1.158217782

Stage 1.0  ExecutionTime = 40.01 s  ClockTime = 22 s  Iteration 120 (0.36 s)

Time = 1.3e-05

    Collisions                      = 10953
    Collision candidates           = 17670
    Collision acceptance rate      = 0.6198641766

    Number of DSMC particles        = 2163314
    Number of stuck particles       = 0
    Number of free particles        = 2163314
    Average linear kinetic energy   = 1.066983284e-18
    Average rotational energy       = 4.682381121e-21
    Average vibrational energy      = 2.834514503e-22
    Average electronic energy       = 0
    Total energy                    = 1.159481265

Stage 1.0  ExecutionTime = 43.17 s  ClockTime = 24 s  Iteration 130 (0.38 s)

Time = 1.4e-05

    Collisions                      = 11793
    Collision candidates           = 19249
    Collision acceptance rate      = 0.6126552029

    Number of DSMC particles        = 2171370
    Number of stuck particles       = 0
    Number of free particles        = 2171370
    Average linear kinetic energy   = 1.063856335e-18
    Average rotational energy       = 5.037575481e-21
    Average vibrational energy      = 3.206488458e-22
    Average electronic energy       = 0
    Total energy                    = 1.160830209

Stage 1.0  ExecutionTime = 46.38 s  ClockTime = 25 s  Iteration 140 (0.35 s)

Time = 1.5e-05

    Collisions                      = 12289
    Collision candidates           = 20540
    Collision acceptance rate      = 0.5982960078

    Number of DSMC particles        = 2179466
    Number of stuck particles       = 0
    Number of free particles        = 2179466
    Average linear kinetic energy   = 1.060816411e-18
    Average rotational energy       = 5.39073466e-21
    Average vibrational energy      = 3.713366559e-22
    Average electronic energy       = 0
    Total energy                    = 1.162285769

Stage 1.0  ExecutionTime = 49.62 s  ClockTime = 27 s  Iteration 150 (0.4 s)

Time = 1.6e-05

    Collisions                      = 13231
    Collision candidates           = 22338
    Collision acceptance rate      = 0.5923090697


Phase C auto DLB triggered (SAR) at step 160: sar=0.002920347375 loadImbalance=1.145356673 threshold=1.5
Phase C ParMETIS: alpha=0.8 ncon=2 ubvec=[1.049999952,1.5] moveRatio=0.7385885034 (moveT=11.25456157s, collT=3.983370672s)
Phase C ParMETIS: AdaptiveRepart (104151 cells, 2 constraints, ubvec=1.049999952)
Replicated mesh: rank 0 owns 27035 / 104151 cells
Local mesh: 27035 owned + 247 halo = 27282 / 104151 cells
Phase C ParMETIS AdaptiveRepart: 58017 / 104151 cells changed (0.5570469799)
Phase C auto DLB complete: rebalance #2

    Number of DSMC particles        = 2187663
    Number of stuck particles       = 0
    Number of free particles        = 2187663
    Average linear kinetic energy   = 1.057826586e-18
    Average rotational energy       = 5.775029253e-21
    Average vibrational energy      = 4.241769017e-22
    Average electronic energy       = 0
    Total energy                    = 1.163864928

Stage 1.0  ExecutionTime = 53.38 s  ClockTime = 29 s  Iteration 160 (0.88 s)

Time = 1.7e-05

    Collisions                      = 12755
    Collision candidates           = 21446
    Collision acceptance rate      = 0.5947496037

    Number of DSMC particles        = 2195899
    Number of stuck particles       = 0
    Number of free particles        = 2195899
    Average linear kinetic energy   = 1.054986668e-18
    Average rotational energy       = 6.061416724e-21
    Average vibrational energy      = 4.66507443e-22
    Average electronic energy       = 0
    Total energy                    = 1.165489416

Stage 1.0  ExecutionTime = 57.11 s  ClockTime = 31 s  Iteration 170 (0.43 s)

Time = 1.8e-05

    Collisions                      = 14075
    Collision candidates           = 23912
    Collision acceptance rate      = 0.5886165942

    Number of DSMC particles        = 2204029
    Number of stuck particles       = 0
    Number of free particles        = 2204029
    Average linear kinetic energy   = 1.052119473e-18
    Average rotational energy       = 6.450799149e-21
    Average vibrational energy      = 5.243129986e-22
    Average electronic energy       = 0
    Total energy                    = 1.16713759

Stage 1.0  ExecutionTime = 60.78 s  ClockTime = 33 s  Iteration 180 (0.41 s)

Time = 1.9e-05

    Collisions                      = 15212
    Collision candidates           = 25886
    Collision acceptance rate      = 0.5876535579

    Number of DSMC particles        = 2212235
    Number of stuck particles       = 0
    Number of free particles        = 2212235
    Average linear kinetic energy   = 1.049268915e-18
    Average rotational energy       = 6.878355901e-21
    Average vibrational energy      = 5.863024197e-22
    Average electronic energy       = 0
    Total energy                    = 1.168871499

Stage 1.0  ExecutionTime = 64.56 s  ClockTime = 35 s  Iteration 190 (0.46 s)

Time = 2e-05

    Collisions                      = 16117
    Collision candidates           = 27593
    Collision acceptance rate      = 0.584097416

    Number of DSMC particles        = 2220239
    Number of stuck particles       = 0
    Number of free particles        = 2220239
    Average linear kinetic energy   = 1.046428059e-18
    Average rotational energy       = 7.330716273e-21
    Average vibrational energy      = 6.565606102e-22
    Average electronic energy       = 0
    Total energy                    = 1.170527025

Stage 1.0  ExecutionTime = 68.42 s  ClockTime = 37 s  Iteration 200 (0.45 s)

Time = 2.1e-05

    Collisions                      = 16690
    Collision candidates           = 29117
    Collision acceptance rate      = 0.5732046571

    Number of DSMC particles        = 2228464
    Number of stuck particles       = 0
    Number of free particles        = 2228464
    Average linear kinetic energy   = 1.043665542e-18
    Average rotational energy       = 7.807593461e-21
    Average vibrational energy      = 7.258908088e-22
    Average electronic energy       = 0
    Total energy                    = 1.172393826

Stage 1.0  ExecutionTime = 72.3 s  ClockTime = 39 s  Iteration 210 (0.44 s)

Time = 2.2e-05

    Collisions                      = 17460
    Collision candidates           = 30576
    Collision acceptance rate      = 0.5710361068

    Number of DSMC particles        = 2236451
    Number of stuck particles       = 0
    Number of free particles        = 2236451
    Average linear kinetic energy   = 1.040987219e-18
    Average rotational energy       = 8.283451912e-21
    Average vibrational energy      = 8.070397076e-22
    Average electronic energy       = 0
    Total energy                    = 1.174223673

Stage 1.0  ExecutionTime = 76.25 s  ClockTime = 41 s  Iteration 220 (0.48 s)

Time = 2.3e-05

    Collisions                      = 18241
    Collision candidates           = 32337
    Collision acceptance rate      = 0.5640906701

    Number of DSMC particles        = 2244549
    Number of stuck particles       = 0
    Number of free particles        = 2244549
    Average linear kinetic energy   = 1.038349801e-18
    Average rotational energy       = 8.781648284e-21
    Average vibrational energy      = 8.892433377e-22
    Average electronic energy       = 0
    Total energy                    = 1.176166899

Stage 1.0  ExecutionTime = 80.22 s  ClockTime = 43 s  Iteration 230 (0.48 s)

Time = 2.4e-05

    Collisions                      = 18957
    Collision candidates           = 33739
    Collision acceptance rate      = 0.5618720175

    Number of DSMC particles        = 2252636
    Number of stuck particles       = 0
    Number of free particles        = 2252636
    Average linear kinetic energy   = 1.035724883e-18
    Average rotational energy       = 9.282701559e-21
    Average vibrational energy      = 9.791982584e-22
    Average electronic energy       = 0
    Total energy                    = 1.178113742

Stage 1.0  ExecutionTime = 84.12 s  ClockTime = 45 s  Iteration 240 (0.48 s)

Time = 2.5e-05

    Collisions                      = 19507
    Collision candidates           = 35002
    Collision acceptance rate      = 0.5573110108

    Number of DSMC particles        = 2260743
    Number of stuck particles       = 0
    Number of free particles        = 2260743
    Average linear kinetic energy   = 1.033192833e-18
    Average rotational energy       = 9.777504164e-21
    Average vibrational energy      = 1.065015571e-21
    Average electronic energy       = 0
    Total energy                    = 1.180147808

Stage 1.0  ExecutionTime = 87.99 s  ClockTime = 47 s  Iteration 250 (0.47 s)

Time = 2.6e-05

    Collisions                      = 20178
    Collision candidates           = 36518
    Collision acceptance rate      = 0.5525494277

    Number of DSMC particles        = 2268836
    Number of stuck particles       = 0
    Number of free particles        = 2268836
    Average linear kinetic energy   = 1.030741257e-18
    Average rotational energy       = 1.030445718e-20
    Average vibrational energy      = 1.150791901e-21
    Average electronic energy       = 0
    Total energy                    = 1.182286476

Stage 1.0  ExecutionTime = 91.95 s  ClockTime = 49 s  Iteration 260 (0.46 s)

Time = 2.7e-05

    Collisions                      = 21140
    Collision candidates           = 38152
    Collision acceptance rate      = 0.5540993919

    Number of DSMC particles        = 2276897
    Number of stuck particles       = 0
    Number of free particles        = 2276897
    Average linear kinetic energy   = 1.028286459e-18
    Average rotational energy       = 1.085537547e-20
    Average vibrational energy      = 1.235790476e-21
    Average electronic energy       = 0
    Total energy                    = 1.184416347

Stage 1.0  ExecutionTime = 95.96 s  ClockTime = 51 s  Iteration 270 (0.44 s)

Time = 2.8e-05

    Collisions                      = 21865
    Collision candidates           = 39541
    Collision acceptance rate      = 0.5529703346

    Number of DSMC particles        = 2285105
    Number of stuck particles       = 0
    Number of free particles        = 2285105
    Average linear kinetic energy   = 1.025838083e-18
    Average rotational energy       = 1.13746918e-20
    Average vibrational energy      = 1.330663365e-21
    Average electronic energy       = 0
    Total energy                    = 1.186590401

Stage 1.0  ExecutionTime = 100 s  ClockTime = 53 s  Iteration 280 (0.5 s)

Time = 2.9e-05

    Collisions                      = 22397
    Collision candidates           = 40720
    Collision acceptance rate      = 0.550024558

    Number of DSMC particles        = 2293189
    Number of stuck particles       = 0
    Number of free particles        = 2293189
    Average linear kinetic energy   = 1.023466632e-18
    Average rotational energy       = 1.190316366e-20
    Average vibrational energy      = 1.435272658e-21
    Average electronic energy       = 0
    Total energy                    = 1.188794989

Stage 1.0  ExecutionTime = 104 s  ClockTime = 55 s  Iteration 290 (0.47 s)

Time = 3e-05

    Collisions                      = 22852
    Collision candidates           = 41964
    Collision acceptance rate      = 0.5445620055

    Number of DSMC particles        = 2301472
    Number of stuck particles       = 0
    Number of free particles        = 2301472
    Average linear kinetic energy   = 1.021168938e-18
    Average rotational energy       = 1.244905104e-20
    Average vibrational energy      = 1.550882023e-21
    Average electronic energy       = 0
    Total energy                    = 1.191206086

Stage 1.0  ExecutionTime = 108.14 s  ClockTime = 57 s  Iteration 300 (0.52 s)

Time = 3.1e-05

    Collisions                      = 23643
    Collision candidates           = 43644
    Collision acceptance rate      = 0.5417239483

    Number of DSMC particles        = 2309526
    Number of stuck particles       = 0
    Number of free particles        = 2309526
    Average linear kinetic energy   = 1.018849618e-18
    Average rotational energy       = 1.301125452e-20
    Average vibrational energy      = 1.665338648e-21
    Average electronic energy       = 0
    Total energy                    = 1.193477828

Stage 1.0  ExecutionTime = 112.3 s  ClockTime = 59 s  Iteration 310 (0.49 s)

Time = 3.2e-05

    Collisions                      = 24384
    Collision candidates           = 45173
    Collision acceptance rate      = 0.5397914684

    Number of DSMC particles        = 2317663
    Number of stuck particles       = 0
    Number of free particles        = 2317663
    Average linear kinetic energy   = 1.0165714e-18
    Average rotational energy       = 1.354368678e-20
    Average vibrational energy      = 1.783812455e-21
    Average electronic energy       = 0
    Total energy                    = 1.195796949

Stage 1.0  ExecutionTime = 116.49 s  ClockTime = 61 s  Iteration 320 (0.5 s)

Time = 3.3e-05

    Collisions                      = 25144
    Collision candidates           = 46474
    Collision acceptance rate      = 0.5410336963

    Number of DSMC particles        = 2325780
    Number of stuck particles       = 0
    Number of free particles        = 2325780
    Average linear kinetic energy   = 1.014334847e-18
    Average rotational energy       = 1.408667039e-20
    Average vibrational energy      = 1.88999379e-21
    Average electronic energy       = 0
    Total energy                    = 1.198138953

Stage 1.0  ExecutionTime = 120.56 s  ClockTime = 63 s  Iteration 330 (0.51 s)

Time = 3.4e-05

    Collisions                      = 25615
    Collision candidates           = 47647
    Collision acceptance rate      = 0.5375994291

    Number of DSMC particles        = 2333906
    Number of stuck particles       = 0
    Number of free particles        = 2333906
    Average linear kinetic energy   = 1.012146872e-18
    Average rotational energy       = 1.463807734e-20
    Average vibrational energy      = 2.01261901e-21
    Average electronic energy       = 0
    Total energy                    = 1.200558409

Stage 1.0  ExecutionTime = 124.7 s  ClockTime = 65 s  Iteration 340 (0.51 s)

Time = 3.5e-05

    Collisions                      = 26535
    Collision candidates           = 49256
    Collision acceptance rate      = 0.5387160955


Phase C auto DLB triggered (SAR) at step 350: sar=0.002863435819 loadImbalance=1.196802121 threshold=1.5
Phase C ParMETIS: alpha=0.8 ncon=2 ubvec=[1.049999952,1.5] moveRatio=0.6031297185 (moveT=25.43051427s, collT=16.73373911s)
Phase C ParMETIS: AdaptiveRepart (104151 cells, 2 constraints, ubvec=1.049999952)
Replicated mesh: rank 0 owns 26806 / 104151 cells
Local mesh: 26806 owned + 535 halo = 27341 / 104151 cells
Phase C ParMETIS AdaptiveRepart: 98097 / 104151 cells changed (0.9418728577)
Phase C auto DLB complete: rebalance #3

    Number of DSMC particles        = 2342161
    Number of stuck particles       = 0
    Number of free particles        = 2342161
    Average linear kinetic energy   = 1.009986507e-18
    Average rotational energy       = 1.520370443e-20
    Average vibrational energy      = 2.139824491e-21
    Average electronic energy       = 0
    Total energy                    = 1.203086172

Stage 1.0  ExecutionTime = 129.46 s  ClockTime = 67 s  Iteration 350 (1 s)

Time = 3.6e-05

    Collisions                      = 24528
    Collision candidates           = 38812
    Collision acceptance rate      = 0.631969494

    Number of DSMC particles        = 2350173
    Number of stuck particles       = 0
    Number of free particles        = 2350173
    Average linear kinetic energy   = 1.008202897e-18
    Average rotational energy       = 1.53204341e-20
    Average vibrational energy      = 2.186549798e-21
    Average electronic energy       = 0
    Total energy                    = 1.205297834

Stage 1.0  ExecutionTime = 132.76 s  ClockTime = 69 s  Iteration 360 (0.37 s)

Time = 3.7e-05

    Collisions                      = 26654
    Collision candidates           = 43784
    Collision acceptance rate      = 0.6087611913

    Number of DSMC particles        = 2358314
    Number of stuck particles       = 0
    Number of free particles        = 2358314
    Average linear kinetic energy   = 1.0061265e-18
    Average rotational energy       = 1.573661445e-20
    Average vibrational energy      = 2.299405755e-21
    Average electronic energy       = 0
    Total energy                    = 1.207648405

Stage 1.0  ExecutionTime = 136.16 s  ClockTime = 71 s  Iteration 370 (0.4 s)

Time = 3.8e-05

    Collisions                      = 27687
    Collision candidates           = 46900
    Collision acceptance rate      = 0.5903411514

    Number of DSMC particles        = 2366529
    Number of stuck particles       = 0
    Number of free particles        = 2366529
    Average linear kinetic energy   = 1.003957187e-18
    Average rotational energy       = 1.631990491e-20
    Average vibrational energy      = 2.433144274e-21
    Average electronic energy       = 0
    Total energy                    = 1.210136716

Stage 1.0  ExecutionTime = 139.56 s  ClockTime = 73 s  Iteration 380 (0.41 s)

Time = 3.9e-05

    Collisions                      = 28796
    Collision candidates           = 49418
    Collision acceptance rate      = 0.582702659

    Number of DSMC particles        = 2374599
    Number of stuck particles       = 0
    Number of free particles        = 2374599
    Average linear kinetic energy   = 1.001754606e-18
    Average rotational energy       = 1.690232126e-20
    Average vibrational energy      = 2.57507072e-21
    Average electronic energy       = 0
    Total energy                    = 1.21250824

Stage 1.0  ExecutionTime = 142.96 s  ClockTime = 74 s  Iteration 390 (0.4 s)

Time = 4e-05

    Collisions                      = 29635
    Collision candidates           = 51291
    Collision acceptance rate      = 0.5777816771

    Number of DSMC particles        = 2382764
    Number of stuck particles       = 0
    Number of free particles        = 2382764
    Average linear kinetic energy   = 9.996675184e-19
    Average rotational energy       = 1.747123035e-20
    Average vibrational energy      = 2.715163297e-21
    Average electronic energy       = 0
    Total energy                    = 1.215035593

Stage 1.0  ExecutionTime = 146.44 s  ClockTime = 76 s  Iteration 400 (0.38 s)

Time = 4.1e-05

    Collisions                      = 30506
    Collision candidates           = 53263
    Collision acceptance rate      = 0.5727428046

    Number of DSMC particles        = 2390696
    Number of stuck particles       = 0
    Number of free particles        = 2390696
    Average linear kinetic energy   = 9.975203588e-19
    Average rotational energy       = 1.809432766e-20
    Average vibrational energy      = 2.865405891e-21
    Average electronic energy       = 0
    Total energy                    = 1.217438141

Stage 1.0  ExecutionTime = 149.97 s  ClockTime = 78 s  Iteration 410 (0.4 s)

Time = 4.2e-05

    Collisions                      = 30987
    Collision candidates           = 55063
    Collision acceptance rate      = 0.5627553893

    Number of DSMC particles        = 2398681
    Number of stuck particles       = 0
    Number of free particles        = 2398681
    Average linear kinetic energy   = 9.954255871e-19
    Average rotational energy       = 1.869519357e-20
    Average vibrational energy      = 2.99482772e-21
    Average electronic energy       = 0
    Total energy                    = 1.219867942

Stage 1.0  ExecutionTime = 153.55 s  ClockTime = 80 s  Iteration 420 (0.39 s)

Time = 4.3e-05

    Collisions                      = 31494
    Collision candidates           = 56291
    Collision acceptance rate      = 0.5594855305

    Number of DSMC particles        = 2406907
    Number of stuck particles       = 0
    Number of free particles        = 2406907
    Average linear kinetic energy   = 9.933442056e-19
    Average rotational energy       = 1.931692483e-20
    Average vibrational energy      = 3.138242953e-21
    Average electronic energy       = 0
    Total energy                    = 1.222467311

Stage 1.0  ExecutionTime = 157.14 s  ClockTime = 81 s  Iteration 430 (0.42 s)

Time = 4.4e-05

    Collisions                      = 31931
    Collision candidates           = 57701
    Collision acceptance rate      = 0.5533872896

    Number of DSMC particles        = 2415142
    Number of stuck particles       = 0
    Number of free particles        = 2415142
    Average linear kinetic energy   = 9.914060431e-19
    Average rotational energy       = 1.988731452e-20
    Average vibrational energy      = 3.271959814e-21
    Average electronic energy       = 0
    Total energy                    = 1.225159655

Stage 1.0  ExecutionTime = 160.78 s  ClockTime = 83 s  Iteration 440 (0.39 s)

Time = 4.5e-05

    Collisions                      = 32673
    Collision candidates           = 59126
    Collision acceptance rate      = 0.5525995332

    Number of DSMC particles        = 2423281
    Number of stuck particles       = 0
    Number of free particles        = 2423281
    Average linear kinetic energy   = 9.894123312e-19
    Average rotational energy       = 2.049133953e-20
    Average vibrational energy      = 3.42714198e-21
    Average electronic energy       = 0
    Total energy                    = 1.227792653

Stage 1.0  ExecutionTime = 164.44 s  ClockTime = 85 s  Iteration 450 (0.44 s)

Time = 4.6e-05

    Collisions                      = 33359
    Collision candidates           = 60594
    Collision acceptance rate      = 0.5505330561

    Number of DSMC particles        = 2431514
    Number of stuck particles       = 0
    Number of free particles        = 2431514
    Average linear kinetic energy   = 9.874674011e-19
    Average rotational energy       = 2.106482349e-20
    Average vibrational energy      = 3.579407303e-21
    Average electronic energy       = 0
    Total energy                    = 1.230481801

Stage 1.0  ExecutionTime = 168.1 s  ClockTime = 87 s  Iteration 460 (0.41 s)

Time = 4.7e-05

    Collisions                      = 33811
    Collision candidates           = 61876
    Collision acceptance rate      = 0.5464315728

    Number of DSMC particles        = 2439583
    Number of stuck particles       = 0
    Number of free particles        = 2439583
    Average linear kinetic energy   = 9.855472541e-19
    Average rotational energy       = 2.166291756e-20
    Average vibrational energy      = 3.728244666e-21
    Average electronic energy       = 0
    Total energy                    = 1.233134087

Stage 1.0  ExecutionTime = 171.84 s  ClockTime = 89 s  Iteration 470 (0.41 s)

Time = 4.8e-05

    Collisions                      = 34325
    Collision candidates           = 63104
    Collision acceptance rate      = 0.5439433316

    Number of DSMC particles        = 2447631
    Number of stuck particles       = 0
    Number of free particles        = 2447631
    Average linear kinetic energy   = 9.836035781e-19
    Average rotational energy       = 2.231243427e-20
    Average vibrational energy      = 3.869918306e-21
    Average electronic energy       = 0
    Total energy                    = 1.235791674

Stage 1.0  ExecutionTime = 175.67 s  ClockTime = 91 s  Iteration 480 (0.44 s)

Time = 4.9e-05

    Collisions                      = 34699
    Collision candidates           = 64039
    Collision acceptance rate      = 0.5418416902

    Number of DSMC particles        = 2455802
    Number of stuck particles       = 0
    Number of free particles        = 2455802
    Average linear kinetic energy   = 9.817428727e-19
    Average rotational energy       = 2.289984938e-20
    Average vibrational energy      = 4.043500431e-21
    Average electronic energy       = 0
    Total energy                    = 1.238566821

Stage 1.0  ExecutionTime = 179.49 s  ClockTime = 93 s  Iteration 490 (0.43 s)

Time = 5e-05

    Collisions                      = 35393
    Collision candidates           = 65257
    Collision acceptance rate      = 0.5423632714

    Number of DSMC particles        = 2463927
    Number of stuck particles       = 0
    Number of free particles        = 2463927
    Average linear kinetic energy   = 9.799192221e-19
    Average rotational energy       = 2.348768929e-20
    Average vibrational energy      = 4.216614004e-21
    Average electronic energy       = 0
    Total energy                    = 1.241355405

Stage 1.0  ExecutionTime = 183.36 s  ClockTime = 94 s  Iteration 500 (0.44 s)

End stage 1


DSMC solver profile summary
    solver profile steps          = 500
    move+collide wall [s]         = 69.93362987
    move only [s]                 = 47.90936321
    buildCellOccupancy [s]        = 5.927131581
    collision phase [s]           = 25.02813894
    post fields/output [s]        = 23.97794699
    total profiled [s]            = 102.8425807
    full evolve wall [s]          = 88.00401898
    move+collide cpu [s]          = 138.96
    move only cpu [s]             = 95.52
    buildCellOccupancy cpu [s]    = 11.61
    collision phase cpu [s]       = 50.04
    post fields/output cpu [s]    = 47.91
    total profiled cpu [s]        = 205.08
    full evolve cpu [s]           = 175.22
    OpenMP enabled                = 1
    OpenMP max threads            = 2
    OpenMP move                   = 1 (static, chunk 64)
    OpenMP collision              = dynamic, chunk 8


Replicated mesh profiling summary:
    migration calls             = 54
    migration wall time [s]     = 2.291135529
    local particles (final)     = 685339
    particles per rank          = min 543850 max 685339 max/min 1.260161809
    rank wall time (evolve, 500 steps): min 125.69 max 137.52 max/min 1.094120455
    Phase C auto DLB checks      = 500
    Phase C auto DLB rebalances = 3
    Phase C auto DLB triggered checks = 3
    Phase C auto DLB wall max [s]= 0.912746919
    Phase C auto DLB check max [s]= 0.015915188
    Phase C ParMETIS max [s]     = 0.383854614
    Phase C migration max [s]    = 0.619223124
    Phase C cellOwner write max [s] = 0
    Phase C post-diagnostic max [s] = 0.000166874
    Phase C auto DLB accounted max [s] = 1.0191598
    Phase C auto DLB residual max [s] = -0.106412881

Total Iterations = 500
End main

real 95.03
user 701.60
sys 33.24
