case=ourmesh
mode=OMP8
rep=1
np=1
OMP_NUM_THREADS=8
case_dir=/home/superxcx/code/OpenFoam/OF-1706/hyStrath_dlb/run/hyStrath/dsmcFoam+/xcx_test/pal-phd-3.3.1-cylinder-react/timecompare/ourmesh/omp8
controlDict=/home/superxcx/code/OpenFoam/OF-1706/hyStrath_dlb/doc/worklog/v2506/detail_mix/repeat_nowrite_compute_20260610_rerun/controlDicts/ourmesh_OMP8_rep1_controlDict
start=2026-06-10T02:30:41+08:00
/*---------------------------------------------------------------------------*\
| =========                 |                                                 |
| \\      /  F ield         | OpenFOAM: The Open Source CFD Toolbox           |
|  \\    /   O peration     | Version:  v1706                                 |
|   \\  /    A nd           | Web:      www.OpenFOAM.com                      |
|    \\/     M anipulation  |                                                 |
\*---------------------------------------------------------------------------*/
Build  : v1706
Arch   : "LSB;label=32;scalar=64"
Exec   : dsmcFoam+
Date   : Jun 10 2026
Time   : 02:30:41
Host   : "SuperXCX-ROG"
PID    : 2040560
Case   : /home/superxcx/code/OpenFoam/OF-1706/hyStrath_dlb/run/hyStrath/dsmcFoam+/xcx_test/pal-phd-3.3.1-cylinder-react/timecompare/ourmesh/omp8
nProcs : 1
sigFpe : Enabling floating point exception trapping (FOAM_SIGFPE).
fileModificationChecking : Monitoring run-time modified files using timeStampMaster (fileModificationSkew 10)
allowSystemOperations : Allowing user-supplied system call operations

// * * * * * * * * * * * * * * * * * * * * * * * * * * * * * * * * * * * * * //
Create time

Create mesh for time = 0

Selecting dynamicFvMesh staticFvMesh

Constructing dsmcCloud 
Selecting the coordinate system model:	dsmcCartesian

Selecting the time-step model:	dsmcConstantTimeStepModel

Constant time-step model:
- time-step [sec]	1e-07

Selecting the porous measurement model:	dsmcNoPorousMediumMeasurements


Creating dsmcControllers

Creating fields: 

Selecting field: dsmcVolFields

TimeData Statistics: 
 measurement option: write
 nSamples: 1, time interval: 1e-07
 nAverages: 10000, time interval: 0.001
 total no. of sampling steps: 0
 total no. of averaging Steps: 0


Creating the boundary models: 

Selecting dsmcPatchBoundaryModel dsmcDeletionPatch
Selecting dsmcPatchBoundaryModel dsmcDeletionPatch
Selecting dsmcPatchBoundaryModel dsmcDiffuseWallPatch
Selecting dsmcGeneralBoundaryModel dsmcFreeStreamInflowPatch
Selecting BinaryCollisionModel LarsenBorgnakkeVariableHardSphere

Creating dsmcReactions

There are no chemical reactions defined.

Constructing constant properties for
	N2
	O2
	NO
	N
	O
Selecting collisionPartnerSelectionModel noTimeCounter

Initialising the measurement fields

Initialising dsmcVolFields field

Starting time loop

Time = 1e-06

    Collisions                      = 2812
    Collision candidates           = 2921
    Collision acceptance rate      = 0.9626840123

    Number of DSMC particles        = 2065874
    Number of stuck particles       = 0
    Number of free particles        = 2065874
    Average linear kinetic energy   = 1.111299195e-18
    Average rotational energy       = 2.630468935e-21
    Average vibrational energy      = 8.572595082e-24
    Average electronic energy       = 0
    Total energy                    = 1.15062802

Stage 1.0  ExecutionTime = 14.15 s  ClockTime = 6 s  Iteration 10 (1.03 s)

Time = 2e-06

    Collisions                      = 4453
    Collision candidates           = 5061
    Collision acceptance rate      = 0.8798656392

    Number of DSMC particles        = 2073982
    Number of stuck particles       = 0
    Number of free particles        = 2073982
    Average linear kinetic energy   = 1.107077256e-18
    Average rotational energy       = 2.685755453e-21
    Average vibrational energy      = 1.838059187e-23
    Average electronic energy       = 0
    Total energy                    = 1.150833316

Stage 1.0  ExecutionTime = 23.37 s  ClockTime = 7 s  Iteration 20 (1.09 s)

Time = 3e-06

    Collisions                      = 4855
    Collision candidates           = 6073
    Collision acceptance rate      = 0.7994401449

    Number of DSMC particles        = 2082039
    Number of stuck particles       = 0
    Number of free particles        = 2082039
    Average linear kinetic energy   = 1.102974961e-18
    Average rotational energy       = 2.753457548e-21
    Average vibrational energy      = 2.7406165e-23
    Average electronic energy       = 0
    Total energy                    = 1.151113376

Stage 1.0  ExecutionTime = 32.76 s  ClockTime = 8 s  Iteration 30 (1.06 s)

Time = 4e-06

    Collisions                      = 5365
    Collision candidates           = 7251
    Collision acceptance rate      = 0.7398979451

    Number of DSMC particles        = 2090223
    Number of stuck particles       = 0
    Number of free particles        = 2090223
    Average linear kinetic energy   = 1.098938947e-18
    Average rotational energy       = 2.850158028e-21
    Average vibrational energy      = 4.087523186e-23
    Average electronic energy       = 0
    Total energy                    = 1.151535183

Stage 1.0  ExecutionTime = 42.33 s  ClockTime = 9 s  Iteration 40 (1.11 s)

Time = 5e-06

    Collisions                      = 6151
    Collision candidates           = 8613
    Collision acceptance rate      = 0.7141530245

    Number of DSMC particles        = 2098406
    Number of stuck particles       = 0
    Number of free particles        = 2098406
    Average linear kinetic energy   = 1.09501264e-18
    Average rotational energy       = 2.955569106e-21
    Average vibrational energy      = 5.578381153e-23
    Average electronic energy       = 0
    Total energy                    = 1.152050068

Stage 1.0  ExecutionTime = 52.57 s  ClockTime = 11 s  Iteration 50 (1.17 s)

Time = 6e-06

    Collisions                      = 6680
    Collision candidates           = 9709
    Collision acceptance rate      = 0.6880214234

    Number of DSMC particles        = 2106530
    Number of stuck particles       = 0
    Number of free particles        = 2106530
    Average linear kinetic energy   = 1.09120598e-18
    Average rotational energy       = 3.103219331e-21
    Average vibrational energy      = 7.291288069e-23
    Average electronic energy       = 0
    Total energy                    = 1.152674375

Stage 1.0  ExecutionTime = 62.84 s  ClockTime = 12 s  Iteration 60 (1.18 s)

Time = 7e-06

    Collisions                      = 7264
    Collision candidates           = 10912
    Collision acceptance rate      = 0.6656891496

    Number of DSMC particles        = 2114779
    Number of stuck particles       = 0
    Number of free particles        = 2114779
    Average linear kinetic energy   = 1.087561965e-18
    Average rotational energy       = 3.270081471e-21
    Average vibrational energy      = 9.46959621e-23
    Average electronic energy       = 0
    Total energy                    = 1.153534483

Stage 1.0  ExecutionTime = 73.35 s  ClockTime = 13 s  Iteration 70 (1.25 s)

Time = 8e-06

    Collisions                      = 7744
    Collision candidates           = 12019
    Collision acceptance rate      = 0.6443131708

    Number of DSMC particles        = 2122797
    Number of stuck particles       = 0
    Number of free particles        = 2122797
    Average linear kinetic energy   = 1.083961787e-18
    Average rotational energy       = 3.458467335e-21
    Average vibrational energy      = 1.168342633e-22
    Average electronic energy       = 0
    Total energy                    = 1.154310235

Stage 1.0  ExecutionTime = 84.15 s  ClockTime = 14 s  Iteration 80 (1.26 s)

Time = 9e-06

    Collisions                      = 8629
    Collision candidates           = 13414
    Collision acceptance rate      = 0.643283137

    Number of DSMC particles        = 2130925
    Number of stuck particles       = 0
    Number of free particles        = 2130925
    Average linear kinetic energy   = 1.080518299e-18
    Average rotational energy       = 3.682136533e-21
    Average vibrational energy      = 1.475423199e-22
    Average electronic energy       = 0
    Total energy                    = 1.155332108

Stage 1.0  ExecutionTime = 95.58 s  ClockTime = 16 s  Iteration 90 (1.41 s)

Time = 1e-05

    Collisions                      = 9101
    Collision candidates           = 14715
    Collision acceptance rate      = 0.6184845396

    Number of DSMC particles        = 2138950
    Number of stuck particles       = 0
    Number of free particles        = 2138950
    Average linear kinetic energy   = 1.077102581e-18
    Average rotational energy       = 3.945610404e-21
    Average vibrational energy      = 1.80128515e-22
    Average electronic energy       = 0
    Total energy                    = 1.156346657

Stage 1.0  ExecutionTime = 106.74 s  ClockTime = 17 s  Iteration 100 (1.33 s)

Time = 1.1e-05

    Collisions                      = 9985
    Collision candidates           = 16287
    Collision acceptance rate      = 0.6130656352

    Number of DSMC particles        = 2147051
    Number of stuck particles       = 0
    Number of free particles        = 2147051
    Average linear kinetic energy   = 1.073803292e-18
    Average rotational energy       = 4.219992429e-21
    Average vibrational energy      = 2.143041482e-22
    Average electronic energy       = 0
    Total energy                    = 1.157515546

Stage 1.0  ExecutionTime = 118.15 s  ClockTime = 19 s  Iteration 110 (1.35 s)

Time = 1.2e-05

    Collisions                      = 10506
    Collision candidates           = 17562
    Collision acceptance rate      = 0.598223437

    Number of DSMC particles        = 2155215
    Number of stuck particles       = 0
    Number of free particles        = 2155215
    Average linear kinetic energy   = 1.070484662e-18
    Average rotational energy       = 4.535546721e-21
    Average vibrational energy      = 2.486660761e-22
    Average electronic energy       = 0
    Total energy                    = 1.158717804

Stage 1.0  ExecutionTime = 129.82 s  ClockTime = 20 s  Iteration 120 (1.36 s)

Time = 1.3e-05

    Collisions                      = 11455
    Collision candidates           = 19058
    Collision acceptance rate      = 0.6010599223

    Number of DSMC particles        = 2163291
    Number of stuck particles       = 0
    Number of free particles        = 2163291
    Average linear kinetic energy   = 1.067299737e-18
    Average rotational energy       = 4.85984233e-21
    Average vibrational energy      = 2.940004005e-22
    Average electronic energy       = 0
    Total energy                    = 1.160014588

Stage 1.0  ExecutionTime = 141.5 s  ClockTime = 22 s  Iteration 130 (1.45 s)

Time = 1.4e-05

    Collisions                      = 11988
    Collision candidates           = 20289
    Collision acceptance rate      = 0.5908620435

    Number of DSMC particles        = 2171353
    Number of stuck particles       = 0
    Number of free particles        = 2171353
    Average linear kinetic energy   = 1.06418014e-18
    Average rotational energy       = 5.191550624e-21
    Average vibrational energy      = 3.427962243e-22
    Average electronic energy       = 0
    Total energy                    = 1.16136388

Stage 1.0  ExecutionTime = 153.34 s  ClockTime = 23 s  Iteration 140 (1.38 s)

Time = 1.5e-05

    Collisions                      = 12888
    Collision candidates           = 21871
    Collision acceptance rate      = 0.5892734671

    Number of DSMC particles        = 2179427
    Number of stuck particles       = 0
    Number of free particles        = 2179427
    Average linear kinetic energy   = 1.061145581e-18
    Average rotational energy       = 5.538540813e-21
    Average vibrational energy      = 3.905641003e-22
    Average electronic energy       = 0
    Total energy                    = 1.162805691

Stage 1.0  ExecutionTime = 165.28 s  ClockTime = 25 s  Iteration 150 (1.53 s)

Time = 1.6e-05

    Collisions                      = 13458
    Collision candidates           = 23236
    Collision acceptance rate      = 0.5791874677

    Number of DSMC particles        = 2187620
    Number of stuck particles       = 0
    Number of free particles        = 2187620
    Average linear kinetic energy   = 1.058174938e-18
    Average rotational energy       = 5.923294147e-21
    Average vibrational energy      = 4.507973466e-22
    Average electronic energy       = 0
    Total energy                    = 1.164414374

Stage 1.0  ExecutionTime = 176.81 s  ClockTime = 26 s  Iteration 160 (1.39 s)

Time = 1.7e-05

    Collisions                      = 14138
    Collision candidates           = 24660
    Collision acceptance rate      = 0.5733171127

    Number of DSMC particles        = 2195878
    Number of stuck particles       = 0
    Number of free particles        = 2195878
    Average linear kinetic energy   = 1.055296445e-18
    Average rotational energy       = 6.32832559e-21
    Average vibrational energy      = 5.082397353e-22
    Average electronic energy       = 0
    Total energy                    = 1.166157255

Stage 1.0  ExecutionTime = 188.75 s  ClockTime = 28 s  Iteration 170 (1.41 s)

Time = 1.8e-05

    Collisions                      = 15004
    Collision candidates           = 26108
    Collision acceptance rate      = 0.5746897503

    Number of DSMC particles        = 2203990
    Number of stuck particles       = 0
    Number of free particles        = 2203990
    Average linear kinetic energy   = 1.052453881e-18
    Average rotational energy       = 6.75386007e-21
    Average vibrational energy      = 5.708252037e-22
    Average electronic energy       = 0
    Total energy                    = 1.167870681

Stage 1.0  ExecutionTime = 200.9 s  ClockTime = 29 s  Iteration 180 (1.47 s)

Time = 1.9e-05

    Collisions                      = 15672
    Collision candidates           = 27669
    Collision acceptance rate      = 0.5664100618

    Number of DSMC particles        = 2212201
    Number of stuck particles       = 0
    Number of free particles        = 2212201
    Average linear kinetic energy   = 1.049634678e-18
    Average rotational energy       = 7.20451105e-21
    Average vibrational energy      = 6.366612707e-22
    Average electronic energy       = 0
    Total energy                    = 1.169674566

Stage 1.0  ExecutionTime = 213.07 s  ClockTime = 30 s  Iteration 190 (1.49 s)

Time = 2e-05

    Collisions                      = 16350
    Collision candidates           = 29035
    Collision acceptance rate      = 0.5631134837

    Number of DSMC particles        = 2220230
    Number of stuck particles       = 0
    Number of free particles        = 2220230
    Average linear kinetic energy   = 1.046917743e-18
    Average rotational energy       = 7.640584115e-21
    Average vibrational energy      = 7.094728183e-22
    Average electronic energy       = 0
    Total energy                    = 1.171468614

Stage 1.0  ExecutionTime = 225.56 s  ClockTime = 32 s  Iteration 200 (1.74 s)

Time = 2.1e-05

    Collisions                      = 17249
    Collision candidates           = 30499
    Collision acceptance rate      = 0.5655595265

    Number of DSMC particles        = 2228415
    Number of stuck particles       = 0
    Number of free particles        = 2228415
    Average linear kinetic energy   = 1.044192792e-18
    Average rotational energy       = 8.094494906e-21
    Average vibrational energy      = 7.885463473e-22
    Average electronic energy       = 0
    Total energy                    = 1.173344991

Stage 1.0  ExecutionTime = 238.26 s  ClockTime = 34 s  Iteration 210 (1.51 s)

Time = 2.2e-05

    Collisions                      = 17611
    Collision candidates           = 31854
    Collision acceptance rate      = 0.552866202

    Number of DSMC particles        = 2236449
    Number of stuck particles       = 0
    Number of free particles        = 2236449
    Average linear kinetic energy   = 1.041519254e-18
    Average rotational energy       = 8.592081546e-21
    Average vibrational energy      = 8.722419935e-22
    Average electronic energy       = 0
    Total energy                    = 1.175235585

Stage 1.0  ExecutionTime = 251.07 s  ClockTime = 35 s  Iteration 220 (1.5 s)

Time = 2.3e-05

    Collisions                      = 18663
    Collision candidates           = 33517
    Collision acceptance rate      = 0.5568219113

    Number of DSMC particles        = 2244481
    Number of stuck particles       = 0
    Number of free particles        = 2244481
    Average linear kinetic energy   = 1.038896497e-18
    Average rotational energy       = 9.066930367e-21
    Average vibrational energy      = 9.556833599e-22
    Average electronic energy       = 0
    Total energy                    = 1.177139507

Stage 1.0  ExecutionTime = 264.03 s  ClockTime = 37 s  Iteration 230 (1.62 s)

Time = 2.4e-05

    Collisions                      = 19244
    Collision candidates           = 34777
    Collision acceptance rate      = 0.5533542284

    Number of DSMC particles        = 2252665
    Number of stuck particles       = 0
    Number of free particles        = 2252665
    Average linear kinetic energy   = 1.03630919e-18
    Average rotational energy       = 9.566079307e-21
    Average vibrational energy      = 1.042416795e-21
    Average electronic energy       = 0
    Total energy                    = 1.179177415

Stage 1.0  ExecutionTime = 277.39 s  ClockTime = 38 s  Iteration 240 (1.63 s)

Time = 2.5e-05

    Collisions                      = 19837
    Collision candidates           = 36046
    Collision acceptance rate      = 0.5503245853

    Number of DSMC particles        = 2260756
    Number of stuck particles       = 0
    Number of free particles        = 2260756
    Average linear kinetic energy   = 1.033744171e-18
    Average rotational energy       = 1.009996949e-20
    Average vibrational energy      = 1.117382299e-21
    Average electronic energy       = 0
    Total energy                    = 1.181201516

Stage 1.0  ExecutionTime = 290.44 s  ClockTime = 40 s  Iteration 250 (1.55 s)

Time = 2.6e-05

    Collisions                      = 20351
    Collision candidates           = 37279
    Collision acceptance rate      = 0.5459105663

    Number of DSMC particles        = 2268797
    Number of stuck particles       = 0
    Number of free particles        = 2268797
    Average linear kinetic energy   = 1.031299714e-18
    Average rotational energy       = 1.059938294e-20
    Average vibrational energy      = 1.207795884e-21
    Average electronic energy       = 0
    Total energy                    = 1.183298895

Stage 1.0  ExecutionTime = 303.58 s  ClockTime = 42 s  Iteration 260 (1.56 s)

Time = 2.7e-05

    Collisions                      = 21278
    Collision candidates           = 38856
    Collision acceptance rate      = 0.5476116945

    Number of DSMC particles        = 2276956
    Number of stuck particles       = 0
    Number of free particles        = 2276956
    Average linear kinetic energy   = 1.028855144e-18
    Average rotational energy       = 1.108074835e-20
    Average vibrational energy      = 1.300015383e-21
    Average electronic energy       = 0
    Total energy                    = 1.185424174

Stage 1.0  ExecutionTime = 316.91 s  ClockTime = 43 s  Iteration 270 (1.6 s)

Time = 2.8e-05

    Collisions                      = 21936
    Collision candidates           = 40290
    Collision acceptance rate      = 0.5444527178

    Number of DSMC particles        = 2285050
    Number of stuck particles       = 0
    Number of free particles        = 2285050
    Average linear kinetic energy   = 1.02644366e-18
    Average rotational energy       = 1.160108334e-20
    Average vibrational energy      = 1.403729238e-21
    Average electronic energy       = 0
    Total energy                    = 1.187595866

Stage 1.0  ExecutionTime = 330.62 s  ClockTime = 45 s  Iteration 280 (1.63 s)

Time = 2.9e-05

    Collisions                      = 22643
    Collision candidates           = 41879
    Collision acceptance rate      = 0.5406767115

    Number of DSMC particles        = 2293254
    Number of stuck particles       = 0
    Number of free particles        = 2293254
    Average linear kinetic energy   = 1.024020145e-18
    Average rotational energy       = 1.215702227e-20
    Average vibrational energy      = 1.502400782e-21
    Average electronic energy       = 0
    Total energy                    = 1.189831411

Stage 1.0  ExecutionTime = 344.11 s  ClockTime = 47 s  Iteration 290 (1.63 s)

Time = 3e-05

    Collisions                      = 23437
    Collision candidates           = 43282
    Collision acceptance rate      = 0.5414953098

    Number of DSMC particles        = 2301363
    Number of stuck particles       = 0
    Number of free particles        = 2301363
    Average linear kinetic energy   = 1.021656367e-18
    Average rotational energy       = 1.268325652e-20
    Average vibrational energy      = 1.610466073e-21
    Average electronic energy       = 0
    Total energy                    = 1.192048603

Stage 1.0  ExecutionTime = 357.97 s  ClockTime = 48 s  Iteration 300 (1.69 s)

Time = 3.1e-05

    Collisions                      = 23689
    Collision candidates           = 44384
    Collision acceptance rate      = 0.5337283706

    Number of DSMC particles        = 2309510
    Number of stuck particles       = 0
    Number of free particles        = 2309510
    Average linear kinetic energy   = 1.019364005e-18
    Average rotational energy       = 1.323894184e-20
    Average vibrational energy      = 1.715184064e-21
    Average electronic energy       = 0
    Total energy                    = 1.194384034

Stage 1.0  ExecutionTime = 371.73 s  ClockTime = 50 s  Iteration 310 (1.72 s)

Time = 3.2e-05

    Collisions                      = 24589
    Collision candidates           = 45554
    Collision acceptance rate      = 0.539776968

    Number of DSMC particles        = 2317756
    Number of stuck particles       = 0
    Number of free particles        = 2317756
    Average linear kinetic energy   = 1.017138863e-18
    Average rotational energy       = 1.376435561e-20
    Average vibrational energy      = 1.827309024e-21
    Average electronic energy       = 0
    Total energy                    = 1.196808688

Stage 1.0  ExecutionTime = 385.44 s  ClockTime = 52 s  Iteration 320 (1.81 s)

Time = 3.3e-05

    Collisions                      = 25187
    Collision candidates           = 47102
    Collision acceptance rate      = 0.5347331324

    Number of DSMC particles        = 2325793
    Number of stuck particles       = 0
    Number of free particles        = 2325793
    Average linear kinetic energy   = 1.014853942e-18
    Average rotational energy       = 1.436389778e-20
    Average vibrational energy      = 1.934601328e-21
    Average electronic energy       = 0
    Total energy                    = 1.199123565

Stage 1.0  ExecutionTime = 399.12 s  ClockTime = 54 s  Iteration 330 (1.69 s)

Time = 3.4e-05

    Collisions                      = 25850
    Collision candidates           = 48475
    Collision acceptance rate      = 0.5332645694

    Number of DSMC particles        = 2333961
    Number of stuck particles       = 0
    Number of free particles        = 2333961
    Average linear kinetic energy   = 1.012667218e-18
    Average rotational energy       = 1.490165859e-20
    Average vibrational energy      = 2.054027439e-21
    Average electronic energy       = 0
    Total energy                    = 1.201549851

Stage 1.0  ExecutionTime = 413.2 s  ClockTime = 55 s  Iteration 340 (1.73 s)

Time = 3.5e-05

    Collisions                      = 26590
    Collision candidates           = 49845
    Collision acceptance rate      = 0.5334537065

    Number of DSMC particles        = 2342022
    Number of stuck particles       = 0
    Number of free particles        = 2342022
    Average linear kinetic energy   = 1.010490435e-18
    Average rotational energy       = 1.547343102e-20
    Average vibrational energy      = 2.163299489e-21
    Average electronic energy       = 0
    Total energy                    = 1.20394822

Stage 1.0  ExecutionTime = 427.18 s  ClockTime = 57 s  Iteration 350 (1.71 s)

Time = 3.6e-05

    Collisions                      = 27177
    Collision candidates           = 50971
    Collision acceptance rate      = 0.5331855369

    Number of DSMC particles        = 2350220
    Number of stuck particles       = 0
    Number of free particles        = 2350220
    Average linear kinetic energy   = 1.008343824e-18
    Average rotational energy       = 1.60452896e-20
    Average vibrational energy      = 2.289641029e-21
    Average electronic energy       = 0
    Total energy                    = 1.206460471

Stage 1.0  ExecutionTime = 440.79 s  ClockTime = 59 s  Iteration 360 (1.74 s)

Time = 3.7e-05

    Collisions                      = 27912
    Collision candidates           = 52517
    Collision acceptance rate      = 0.5314850429

    Number of DSMC particles        = 2358302
    Number of stuck particles       = 0
    Number of free particles        = 2358302
    Average linear kinetic energy   = 1.006163218e-18
    Average rotational energy       = 1.662075171e-20
    Average vibrational energy      = 2.415301828e-21
    Average electronic energy       = 0
    Total energy                    = 1.208864746

Stage 1.0  ExecutionTime = 454.67 s  ClockTime = 61 s  Iteration 370 (1.71 s)

Time = 3.8e-05

    Collisions                      = 28603
    Collision candidates           = 53747
    Collision acceptance rate      = 0.5321785402

    Number of DSMC particles        = 2366442
    Number of stuck particles       = 0
    Number of free particles        = 2366442
    Average linear kinetic energy   = 1.004024824e-18
    Average rotational energy       = 1.718658581e-20
    Average vibrational energy      = 2.554197465e-21
    Average electronic energy       = 0
    Total energy                    = 1.211340966

Stage 1.0  ExecutionTime = 468.68 s  ClockTime = 63 s  Iteration 380 (1.78 s)

Time = 3.9e-05

    Collisions                      = 29141
    Collision candidates           = 54863
    Collision acceptance rate      = 0.5311594335

    Number of DSMC particles        = 2374620
    Number of stuck particles       = 0
    Number of free particles        = 2374620
    Average linear kinetic energy   = 1.001998054e-18
    Average rotational energy       = 1.776763511e-20
    Average vibrational energy      = 2.680266947e-21
    Average electronic energy       = 0
    Total energy                    = 1.213960308

Stage 1.0  ExecutionTime = 482.83 s  ClockTime = 64 s  Iteration 390 (1.82 s)

Time = 4e-05

    Collisions                      = 29799
    Collision candidates           = 56554
    Collision acceptance rate      = 0.5269123316

    Number of DSMC particles        = 2382611
    Number of stuck particles       = 0
    Number of free particles        = 2382611
    Average linear kinetic energy   = 9.999468474e-19
    Average rotational energy       = 1.835046057e-20
    Average vibrational energy      = 2.821859152e-21
    Average electronic energy       = 0
    Total energy                    = 1.21646488

Stage 1.0  ExecutionTime = 497.16 s  ClockTime = 66 s  Iteration 400 (1.78 s)

Time = 4.1e-05

    Collisions                      = 30366
    Collision candidates           = 57864
    Collision acceptance rate      = 0.524782248

    Number of DSMC particles        = 2390522
    Number of stuck particles       = 0
    Number of free particles        = 2390522
    Average linear kinetic energy   = 9.978921731e-19
    Average rotational energy       = 1.890286754e-20
    Average vibrational energy      = 2.951615598e-21
    Average electronic energy       = 0
    Total energy                    = 1.218863408

Stage 1.0  ExecutionTime = 511.59 s  ClockTime = 68 s  Iteration 410 (1.83 s)

Time = 4.2e-05

    Collisions                      = 31122
    Collision candidates           = 59222
    Collision acceptance rate      = 0.525514167

    Number of DSMC particles        = 2398552
    Number of stuck particles       = 0
    Number of free particles        = 2398552
    Average linear kinetic energy   = 9.958930551e-19
    Average rotational energy       = 1.944947538e-20
    Average vibrational energy      = 3.085503254e-21
    Average electronic energy       = 0
    Total energy                    = 1.221376299

Stage 1.0  ExecutionTime = 526.07 s  ClockTime = 70 s  Iteration 420 (1.78 s)

Time = 4.3e-05

    Collisions                      = 31610
    Collision candidates           = 60288
    Collision acceptance rate      = 0.5243166136

    Number of DSMC particles        = 2406729
    Number of stuck particles       = 0
    Number of free particles        = 2406729
    Average linear kinetic energy   = 9.939065823e-19
    Average rotational energy       = 2.005968826e-20
    Average vibrational energy      = 3.236254531e-21
    Average electronic energy       = 0
    Total energy                    = 1.224065408

Stage 1.0  ExecutionTime = 540.76 s  ClockTime = 72 s  Iteration 430 (1.86 s)

Time = 4.4e-05

    Collisions                      = 32156
    Collision candidates           = 61491
    Collision acceptance rate      = 0.5229383162

    Number of DSMC particles        = 2414759
    Number of stuck particles       = 0
    Number of free particles        = 2414759
    Average linear kinetic energy   = 9.919307868e-19
    Average rotational energy       = 2.06305397e-20
    Average vibrational energy      = 3.385487557e-21
    Average electronic energy       = 0
    Total energy                    = 1.226633356

Stage 1.0  ExecutionTime = 555.73 s  ClockTime = 74 s  Iteration 440 (1.95 s)

Time = 4.5e-05

    Collisions                      = 32806
    Collision candidates           = 62773
    Collision acceptance rate      = 0.5226132254

    Number of DSMC particles        = 2422994
    Number of stuck particles       = 0
    Number of free particles        = 2422994
    Average linear kinetic energy   = 9.900192854e-19
    Average rotational energy       = 2.120885794e-20
    Average vibrational energy      = 3.539471179e-21
    Average electronic energy       = 0
    Total energy                    = 1.229387921

Stage 1.0  ExecutionTime = 570.71 s  ClockTime = 75 s  Iteration 450 (2.13 s)

Time = 4.6e-05

    Collisions                      = 33253
    Collision candidates           = 63957
    Collision acceptance rate      = 0.5199274513

    Number of DSMC particles        = 2431368
    Number of stuck particles       = 0
    Number of free particles        = 2431368
    Average linear kinetic energy   = 9.881135326e-19
    Average rotational energy       = 2.178798501e-20
    Average vibrational energy      = 3.702635772e-21
    Average electronic energy       = 0
    Total energy                    = 1.232222352

Stage 1.0  ExecutionTime = 585.7 s  ClockTime = 77 s  Iteration 460 (2.01 s)

Time = 4.7e-05

    Collisions                      = 33882
    Collision candidates           = 65056
    Collision acceptance rate      = 0.5208128382

    Number of DSMC particles        = 2439388
    Number of stuck particles       = 0
    Number of free particles        = 2439388
    Average linear kinetic energy   = 9.862080056e-19
    Average rotational energy       = 2.235362617e-20
    Average vibrational energy      = 3.85857132e-21
    Average electronic energy       = 0
    Total energy                    = 1.234842847

Stage 1.0  ExecutionTime = 600.68 s  ClockTime = 79 s  Iteration 470 (2.04 s)

Time = 4.8e-05

    Collisions                      = 34746
    Collision candidates           = 66445
    Collision acceptance rate      = 0.5229287381

    Number of DSMC particles        = 2447511
    Number of stuck particles       = 0
    Number of free particles        = 2447511
    Average linear kinetic energy   = 9.843174766e-19
    Average rotational energy       = 2.294679348e-20
    Average vibrational energy      = 4.014388893e-21
    Average electronic energy       = 0
    Total energy                    = 1.237557821

Stage 1.0  ExecutionTime = 615.24 s  ClockTime = 81 s  Iteration 480 (1.88 s)

Time = 4.9e-05

    Collisions                      = 35330
    Collision candidates           = 67760
    Collision acceptance rate      = 0.5213990555

    Number of DSMC particles        = 2455576
    Number of stuck particles       = 0
    Number of free particles        = 2455576
    Average linear kinetic energy   = 9.824371047e-19
    Average rotational energy       = 2.354527942e-20
    Average vibrational energy      = 4.175456458e-21
    Average electronic energy       = 0
    Total energy                    = 1.240259675

Stage 1.0  ExecutionTime = 630.35 s  ClockTime = 83 s  Iteration 490 (1.89 s)

Time = 5e-05

    Collisions                      = 35837
    Collision candidates           = 68792
    Collision acceptance rate      = 0.5209472032

    Number of DSMC particles        = 2463551
    Number of stuck particles       = 0
    Number of free particles        = 2463551
    Average linear kinetic energy   = 9.806174477e-19
    Average rotational energy       = 2.41285938e-20
    Average vibrational energy      = 4.335833897e-21
    Average electronic energy       = 0
    Total energy                    = 1.242962332

Stage 1.0  ExecutionTime = 645.64 s  ClockTime = 85 s  Iteration 500 (1.91 s)

End stage 1


DSMC solver profile summary
    solver profile steps          = 500
    move+collide wall [s]         = 54.23118476
    move only [s]                 = 44.93301826
    buildCellOccupancy [s]        = 5.72846506
    collision phase [s]           = 3.081835877
    post fields/output [s]        = 23.86117255
    total profiled [s]            = 77.60449174
    full evolve wall [s]          = 78.09726067
    move+collide cpu [s]          = 433.53
    move only cpu [s]             = 359.55
    buildCellOccupancy cpu [s]    = 44.96
    collision phase cpu [s]       = 24.69
    post fields/output cpu [s]    = 191.04
    total profiled cpu [s]        = 620.24
    full evolve cpu [s]           = 624.58
    OpenMP enabled                = 1
    OpenMP max threads            = 8
    OpenMP move                   = 1 (static, chunk 64)
    OpenMP collision              = dynamic, chunk 8

Total Iterations = 500
End main

real 85.05
user 640.02
sys 6.85
