case=zb
mode=MPI8
rep=2
np=8
OMP_NUM_THREADS=1
case_dir=/home/superxcx/code/OpenFoam/OF-1706/hyStrath_dlb/run/hyStrath/dsmcFoam+/xcx_test/zb-cylinder-react/mpi8
controlDict=/home/superxcx/code/OpenFoam/OF-1706/hyStrath_dlb/doc/worklog/v2506/detail_mix/repeat_nowrite_compute_20260610_rerun/controlDicts/zb_MPI8_rep2_controlDict
start=2026-06-10T02:53:03+08:00
/*---------------------------------------------------------------------------*\
| =========                 |                                                 |
| \\      /  F ield         | OpenFOAM: The Open Source CFD Toolbox           |
|  \\    /   O peration     | Version:  v1706                                 |
|   \\  /    A nd           | Web:      www.OpenFOAM.com                      |
|    \\/     M anipulation  |                                                 |
\*---------------------------------------------------------------------------*/
Build  : v1706
Arch   : "LSB;label=32;scalar=64"
Exec   : dsmcFoam+
Date   : Jun 10 2026
Time   : 02:53:03
Host   : "SuperXCX-ROG"
PID    : 2044511
/*---------------------------------------------------------------------------*\
| =========                 |                                                 |
| \\      /  F ield         | OpenFOAM: The Open Source CFD Toolbox           |
|  \\    /   O peration     | Version:  v1706                                 |
|   \\  /    A nd           | Web:      www.OpenFOAM.com                      |
|    \\/     M anipulation  |                                                 |
\*---------------------------------------------------------------------------*/
Build  : v1706
Arch   : "LSB;label=32;scalar=64"
Exec   : dsmcFoam+
Date   : Jun 10 2026
Time   : 02:53:03
Host   : "SuperXCX-ROG"
PID    : 2044512
Case   : /home/superxcx/code/OpenFoam/OF-1706/hyStrath_dlb/run/hyStrath/dsmcFoam+/xcx_test/zb-cylinder-react/mpi8
nProcs : 1
Case   : /home/superxcx/code/OpenFoam/OF-1706/hyStrath_dlb/run/hyStrath/dsmcFoam+/xcx_test/zb-cylinder-react/mpi8
nProcs : 1
sigFpe : Enabling floating point exception trapping (FOAM_SIGFPE).
sigFpe : Enabling floating point exception trapping (FOAM_SIGFPE).
fileModificationChecking : Monitoring run-time modified files using timeStampMaster (fileModificationSkew 10)
allowSystemOperations : Allowing user-supplied system call operations

fileModificationChecking : Monitoring run-time modified files using timeStampMaster (fileModificationSkew 10)
allowSystemOperations : Allowing user-supplied system call operations

// * * * * * * * * * * * * * * * * * * * * * * * * * * * * * * * * * * * * * //
Create time

// * * * * * * * * * * * * * * * * * * * * * * * * * * * * * * * * * * * * * //
Create time

Create mesh for time = 0

/*---------------------------------------------------------------------------*\
| =========                 |                                                 |
| \\      /  F ield         | OpenFOAM: The Open Source CFD Toolbox           |
|  \\    /   O peration     | Version:  v1706                                 |
|   \\  /    A nd           | Web:      www.OpenFOAM.com                      |
|    \\/     M anipulation  |                                                 |
\*---------------------------------------------------------------------------*/
Build  : v1706
Arch   : "LSB;label=32;scalar=64"
Exec   : dsmcFoam+
Date   : Jun 10 2026
Time   : 02:53:03
Host   : "SuperXCX-ROG"
PID    : 2044513
Create mesh for time = 0

Selecting dynamicFvMesh dynamicRefineFvMesh
/*---------------------------------------------------------------------------*\
| =========                 |                                                 |
| \\      /  F ield         | OpenFOAM: The Open Source CFD Toolbox           |
|  \\    /   O peration     | Version:  v1706                                 |
|   \\  /    A nd           | Web:      www.OpenFOAM.com                      |
|    \\/     M anipulation  |                                                 |
\*---------------------------------------------------------------------------*/
Build  : v1706
Arch   : "LSB;label=32;scalar=64"
Exec   : dsmcFoam+
Date   : Jun 10 2026
Time   : 02:53:03
Host   : "SuperXCX-ROG"
PID    : 2044508
/*---------------------------------------------------------------------------*\
| =========                 |                                                 |
| \\      /  F ield         | OpenFOAM: The Open Source CFD Toolbox           |
|  \\    /   O peration     | Version:  v1706                                 |
|   \\  /    A nd           | Web:      www.OpenFOAM.com                      |
|    \\/     M anipulation  |                                                 |
\*---------------------------------------------------------------------------*/
Build  : v1706
Arch   : "LSB;label=32;scalar=64"
Exec   : dsmcFoam+
Date   : Jun 10 2026
Time   : 02:53:03
Host   : "SuperXCX-ROG"
PID    : 2044509
Selecting dynamicFvMesh dynamicRefineFvMesh
/*---------------------------------------------------------------------------*\
| =========                 |                                                 |
| \\      /  F ield         | OpenFOAM: The Open Source CFD Toolbox           |
|  \\    /   O peration     | Version:  v1706                                 |
|   \\  /    A nd           | Web:      www.OpenFOAM.com                      |
|    \\/     M anipulation  |                                                 |
\*---------------------------------------------------------------------------*/
Build  : v1706
Arch   : "LSB;label=32;scalar=64"
Exec   : dsmcFoam+
Date   : Jun 10 2026
Time   : 02:53:03
Host   : "SuperXCX-ROG"
PID    : 2044510
Case   : /home/superxcx/code/OpenFoam/OF-1706/hyStrath_dlb/run/hyStrath/dsmcFoam+/xcx_test/zb-cylinder-react/mpi8
nProcs : 1
Case   : /home/superxcx/code/OpenFoam/OF-1706/hyStrath_dlb/run/hyStrath/dsmcFoam+/xcx_test/zb-cylinder-react/mpi8
nProcs : 1
sigFpe : Enabling floating point exception trapping (FOAM_SIGFPE).
fileModificationChecking : Monitoring run-time modified files using timeStampMaster (fileModificationSkew 10)
allowSystemOperations : Allowing user-supplied system call operations

sigFpe : Enabling floating point exception trapping (FOAM_SIGFPE).
Case   : /home/superxcx/code/OpenFoam/OF-1706/hyStrath_dlb/run/hyStrath/dsmcFoam+/xcx_test/zb-cylinder-react/mpi8
nProcs : 1
// * * * * * * * * * * * * * * * * * * * * * * * * * * * * * * * * * * * * * //
Create time

fileModificationChecking : Monitoring run-time modified files using timeStampMaster (fileModificationSkew 10)
allowSystemOperations : Allowing user-supplied system call operations

// * * * * * * * * * * * * * * * * * * * * * * * * * * * * * * * * * * * * * //
Create time

Case   : /home/superxcx/code/OpenFoam/OF-1706/hyStrath_dlb/run/hyStrath/dsmcFoam+/xcx_test/zb-cylinder-react/mpi8
nProcs : 1
sigFpe : Enabling floating point exception trapping (FOAM_SIGFPE).
fileModificationChecking : Monitoring run-time modified files using timeStampMaster (fileModificationSkew 10)
allowSystemOperations : Allowing user-supplied system call operations

// * * * * * * * * * * * * * * * * * * * * * * * * * * * * * * * * * * * * * //
Create time

sigFpe : Enabling floating point exception trapping (FOAM_SIGFPE).
fileModificationChecking : Monitoring run-time modified files using timeStampMaster (fileModificationSkew 10)
allowSystemOperations : Allowing user-supplied system call operations

// * * * * * * * * * * * * * * * * * * * * * * * * * * * * * * * * * * * * * //
Create time

/*---------------------------------------------------------------------------*\
| =========                 |                                                 |
| \\      /  F ield         | OpenFOAM: The Open Source CFD Toolbox           |
|  \\    /   O peration     | Version:  v1706                                 |
|   \\  /    A nd           | Web:      www.OpenFOAM.com                      |
|    \\/     M anipulation  |                                                 |
\*---------------------------------------------------------------------------*/
Build  : v1706
Arch   : "LSB;label=32;scalar=64"
Exec   : dsmcFoam+
Date   : Jun 10 2026
Time   : 02:53:03
Host   : "SuperXCX-ROG"
PID    : 2044506
/*---------------------------------------------------------------------------*\
| =========                 |                                                 |
| \\      /  F ield         | OpenFOAM: The Open Source CFD Toolbox           |
|  \\    /   O peration     | Version:  v1706                                 |
|   \\  /    A nd           | Web:      www.OpenFOAM.com                      |
|    \\/     M anipulation  |                                                 |
\*---------------------------------------------------------------------------*/
Build  : v1706
Arch   : "LSB;label=32;scalar=64"
Exec   : dsmcFoam+
Date   : Jun 10 2026
Time   : 02:53:03
Host   : "SuperXCX-ROG"
PID    : 2044507
Case   : /home/superxcx/code/OpenFoam/OF-1706/hyStrath_dlb/run/hyStrath/dsmcFoam+/xcx_test/zb-cylinder-react/mpi8
nProcs : 1
Case   : /home/superxcx/code/OpenFoam/OF-1706/hyStrath_dlb/run/hyStrath/dsmcFoam+/xcx_test/zb-cylinder-react/mpi8
nProcs : 1
sigFpe : Enabling floating point exception trapping (FOAM_SIGFPE).
fileModificationChecking : Monitoring run-time modified files using timeStampMaster (fileModificationSkew 10)
allowSystemOperations : Allowing user-supplied system call operations

// * * * * * * * * * * * * * * * * * * * * * * * * * * * * * * * * * * * * * //
Create time

sigFpe : Enabling floating point exception trapping (FOAM_SIGFPE).
fileModificationChecking : Monitoring run-time modified files using timeStampMaster (fileModificationSkew 10)
allowSystemOperations : Allowing user-supplied system call operations

// * * * * * * * * * * * * * * * * * * * * * * * * * * * * * * * * * * * * * //
Create time

Create mesh for time = 0

Create mesh for time = 0

Create mesh for time = 0

Selecting dynamicFvMesh dynamicRefineFvMesh
Selecting dynamicFvMesh dynamicRefineFvMesh
Create mesh for time = 0

Selecting dynamicFvMesh dynamicRefineFvMesh
Selecting dynamicFvMesh dynamicRefineFvMesh
Create mesh for time = 0

Selecting dynamicFvMesh dynamicRefineFvMesh
Create mesh for time = 0

Selecting dynamicFvMesh dynamicRefineFvMesh

Constructing dsmcCloud 

Constructing dsmcCloud 

Constructing dsmcCloud 

Constructing dsmcCloud 

Constructing dsmcCloud 

Constructing dsmcCloud 

Constructing dsmcCloud 

Constructing dsmcCloud 
Selecting the coordinate system model:	dsmcCartesian

Selecting the time-step model:	dsmcConstantTimeStepModel

Constant time-step model:
- time-step [sec]	6.640048894e-08

Selecting the porous measurement model:	dsmcNoPorousMediumMeasurements


Creating dsmcControllers

Creating fields: 

Selecting field: dsmcVolFields

TimeData Statistics: 
 measurement option: write
 nSamples: 1, time interval: 6.640048894e-08
 nAverages: 15060, time interval: 0.0009999913634
 total no. of sampling steps: 0
 total no. of averaging Steps: 0


Selecting the coordinate system model:	dsmcCartesian

Selecting the time-step model:	dsmcConstantTimeStepModel

Constant time-step model:
- time-step [sec]	6.640048894e-08

Selecting the porous measurement model:	dsmcNoPorousMediumMeasurements


Creating dsmcControllers

Creating fields: 

Selecting field: dsmcVolFields

TimeData Statistics: 
 measurement option: write
 nSamples: 1, time interval: 6.640048894e-08
 nAverages: 15060, time interval: 0.0009999913634
 total no. of sampling steps: 0
 total no. of averaging Steps: 0


Selecting field: dsmcVolFields

TimeData Statistics: 
 measurement option: write
 nSamples: 1, time interval: 6.640048894e-08
 nAverages: 15060, time interval: 0.0009999913634
 total no. of sampling steps: 0
 total no. of averaging Steps: 0


Selecting the coordinate system model:	dsmcCartesian

Selecting the time-step model:	dsmcConstantTimeStepModel

Constant time-step model:
- time-step [sec]	6.640048894e-08

Selecting the porous measurement model:	dsmcNoPorousMediumMeasurements

Selecting the coordinate system model:	dsmcCartesian

Selecting the time-step model:	dsmcConstantTimeStepModel

Constant time-step model:
- time-step [sec]	6.640048894e-08

Selecting the porous measurement model:	dsmcNoPorousMediumMeasurements


Creating dsmcControllers

Creating fields: 

Selecting field: dsmcVolFields

TimeData Statistics: 
 measurement option: write
 nSamples: 1, time interval: 6.640048894e-08
 nAverages: 15060, time interval: 0.0009999913634
 total no. of sampling steps: 0
 total no. of averaging Steps: 0



Creating dsmcControllers

Selecting field: dsmcVolFields

TimeData Statistics: 
 measurement option: write
 nSamples: 1, time interval: 6.640048894e-08
 nAverages: 15060, time interval: 0.0009999913634
 total no. of sampling steps: 0
 total no. of averaging Steps: 0


Creating fields: 

Selecting field: dsmcVolFields

TimeData Statistics: 
 measurement option: write
 nSamples: 1, time interval: 6.640048894e-08
 nAverages: 15060, time interval: 0.0009999913634
 total no. of sampling steps: 0
 total no. of averaging Steps: 0


Selecting field: dsmcVolFields

TimeData Statistics: 
 measurement option: write
 nSamples: 1, time interval: 6.640048894e-08
 nAverages: 15060, time interval: 0.0009999913634
 total no. of sampling steps: 0
 total no. of averaging Steps: 0


Selecting field: dsmcVolFields

TimeData Statistics: 
 measurement option: write
 nSamples: 1, time interval: 6.640048894e-08
 nAverages: 15060, time interval: 0.0009999913634
 total no. of sampling steps: 0
 total no. of averaging Steps: 0


Selecting field: dsmcVolFields

TimeData Statistics: 
 measurement option: write
 nSamples: 1, time interval: 6.640048894e-08
 nAverages: 15060, time interval: 0.0009999913634
 total no. of sampling steps: 0
 total no. of averaging Steps: 0


Selecting field: dsmcVolFields

TimeData Statistics: 
 measurement option: write
 nSamples: 1, time interval: 6.640048894e-08
 nAverages: 15060, time interval: 0.0009999913634
 total no. of sampling steps: 0
 total no. of averaging Steps: 0


Selecting field: dsmcVolFields

TimeData Statistics: 
 measurement option: write
 nSamples: 1, time interval: 6.640048894e-08
 nAverages: 15060, time interval: 0.0009999913634
 total no. of sampling steps: 0
 total no. of averaging Steps: 0


Selecting field: dsmcVolFields

TimeData Statistics: 
 measurement option: write
 nSamples: 1, time interval: 6.640048894e-08
 nAverages: 15060, time interval: 0.0009999913634
 total no. of sampling steps: 0
 total no. of averaging Steps: 0


Selecting the coordinate system model:	dsmcCartesian

Selecting the time-step model:	dsmcConstantTimeStepModel

Constant time-step model:
- time-step [sec]	6.640048894e-08

Selecting the porous measurement model:	dsmcNoPorousMediumMeasurements

Selecting field: dsmcVolFields

TimeData Statistics: 
 measurement option: write
 nSamples: 1, time interval: 6.640048894e-08
 nAverages: 15060, time interval: 0.0009999913634
 total no. of sampling steps: 0
 total no. of averaging Steps: 0



Creating dsmcControllers

Creating fields: 

Selecting field: dsmcVolFields

TimeData Statistics: 
 measurement option: write
 nSamples: 1, time interval: 6.640048894e-08
 nAverages: 15060, time interval: 0.0009999913634
 total no. of sampling steps: 0
 total no. of averaging Steps: 0


Selecting field: dsmcVolFields

TimeData Statistics: 
 measurement option: write
 nSamples: 1, time interval: 6.640048894e-08
 nAverages: 15060, time interval: 0.0009999913634
 total no. of sampling steps: 0
 total no. of averaging Steps: 0


Selecting field: dsmcVolFields

TimeData Statistics: 
 measurement option: write
 nSamples: 1, time interval: 6.640048894e-08
 nAverages: 15060, time interval: 0.0009999913634
 total no. of sampling steps: 0
 total no. of averaging Steps: 0


Selecting field: dsmcVolFields

TimeData Statistics: 
 measurement option: write
 nSamples: 1, time interval: 6.640048894e-08
 nAverages: 15060, time interval: 0.0009999913634
 total no. of sampling steps: 0
 total no. of averaging Steps: 0


Selecting the coordinate system model:	dsmcCartesian

Selecting the time-step model:	dsmcConstantTimeStepModel

Constant time-step model:
- time-step [sec]	6.640048894e-08

Selecting the porous measurement model:	dsmcNoPorousMediumMeasurements

Selecting the coordinate system model:	dsmcCartesian

Selecting the time-step model:	dsmcConstantTimeStepModel

Constant time-step model:
- time-step [sec]	6.640048894e-08

Selecting the porous measurement model:	dsmcNoPorousMediumMeasurements


Creating dsmcControllers

Selecting the coordinate system model:	dsmcCartesian

Selecting the time-step model:	dsmcConstantTimeStepModel

Creating fields: 

Selecting field: dsmcVolFields

TimeData Statistics: 
 measurement option: write
 nSamples: 1, time interval: 6.640048894e-08
 nAverages: 15060, time interval: 0.0009999913634
 total no. of sampling steps: 0
 total no. of averaging Steps: 0


Constant time-step model:
- time-step [sec]	6.640048894e-08

Selecting the porous measurement model:	dsmcNoPorousMediumMeasurements

Selecting field: dsmcVolFields

TimeData Statistics: 
 measurement option: write
 nSamples: 1, time interval: 6.640048894e-08
 nAverages: 15060, time interval: 0.0009999913634
 total no. of sampling steps: 0
 total no. of averaging Steps: 0



Creating dsmcControllers


Creating dsmcControllers

--> FOAM Warning : 
    From function bool Foam::rmDir(const fileName &, const bool)
    in file POSIX.C at line 990
    cannot open directory "/home/superxcx/code/OpenFoam/OF-1706/hyStrath_dlb/run/hyStrath/dsmcFoam+/xcx_test/zb-cylinder-react/mpi8/fieldMeasurements"
Creating fields: 

Selecting field: dsmcVolFields
Creating fields: 

Selecting field: dsmcVolFields

TimeData Statistics: 

TimeData Statistics: 
 measurement option: write
 measurement option: write
 nSamples: 1, time interval: 6.640048894e-08
 nAverages: 15060, time interval: 0.0009999913634
 total no. of sampling steps: 0
 total no. of averaging Steps: 0


 nSamples: 1, time interval: 6.640048894e-08
 nAverages: 15060, time interval: 0.0009999913634
 total no. of sampling steps: 0
 total no. of averaging Steps: 0


Selecting field: dsmcVolFields

TimeData Statistics: 
 measurement option: write
 nSamples: 1, time interval: 6.640048894e-08
 nAverages: 15060, time interval: 0.0009999913634
 total no. of sampling steps: 0
 total no. of averaging Steps: 0


Selecting field: dsmcVolFields

TimeData Statistics: 
 measurement option: write
 nSamples: 1, time interval: 6.640048894e-08
 nAverages: 15060, time interval: 0.0009999913634
 total no. of sampling steps: 0
 total no. of averaging Steps: 0


Selecting field: dsmcVolFields

TimeData Statistics: 
 measurement option: write
 nSamples: 1, time interval: 6.640048894e-08
 nAverages: 15060, time interval: 0.0009999913634
 total no. of sampling steps: 0
 total no. of averaging Steps: 0


Selecting field: dsmcVolFields

TimeData Statistics: 
 measurement option: write
 nSamples: 1, time interval: 6.640048894e-08
 nAverages: 15060, time interval: 0.0009999913634
 total no. of sampling steps: 0
 total no. of averaging Steps: 0


Selecting field: dsmcVolFields

TimeData Statistics: 
 measurement option: write
 nSamples: 1, time interval: 6.640048894e-08
 nAverages: 15060, time interval: 0.0009999913634
 total no. of sampling steps: 0
 total no. of averaging Steps: 0


Selecting field: dsmcVolFields

TimeData Statistics: 
 measurement option: write
 nSamples: 1, time interval: 6.640048894e-08
 nAverages: 15060, time interval: 0.0009999913634
 total no. of sampling steps: 0
 total no. of averaging Steps: 0


Selecting field: dsmcVolFields

TimeData Statistics: 
 measurement option: write
 nSamples: 1, time interval: 6.640048894e-08
 nAverages: 15060, time interval: 0.0009999913634
 total no. of sampling steps: 0
 total no. of averaging Steps: 0


Selecting field: dsmcVolFields

TimeData Statistics: 
 measurement option: write
 nSamples: 1, time interval: 6.640048894e-08
 nAverages: 15060, time interval: 0.0009999913634
 total no. of sampling steps: 0
 total no. of averaging Steps: 0


Selecting field: dsmcVolFields

TimeData Statistics: 
 measurement option: write
 nSamples: 1, time interval: 6.640048894e-08
 nAverages: 15060, time interval: 0.0009999913634
 total no. of sampling steps: 0
 total no. of averaging Steps: 0


Selecting field: dsmcVolFields

TimeData Statistics: 
 measurement option: write
 nSamples: 1, time interval: 6.640048894e-08
 nAverages: 15060, time interval: 0.0009999913634
 total no. of sampling steps: 0
 total no. of averaging Steps: 0


Creating the boundary models: 

Selecting dsmcPatchBoundaryModel dsmcDeletionPatch
Selecting dsmcPatchBoundaryModel dsmcDeletionPatch
Selecting dsmcPatchBoundaryModel dsmcDiffuseWallPatch
Selecting dsmcGeneralBoundaryModel dsmcFreeStreamInflowPatch
Selecting field: dsmcVolFields

TimeData Statistics: 
 measurement option: write
 nSamples: 1, time interval: 6.640048894e-08
 nAverages: 15060, time interval: 0.0009999913634
 total no. of sampling steps: 0
 total no. of averaging Steps: 0


Selecting BinaryCollisionModel LarsenBorgnakkeVariableHardSphere

Creating dsmcReactions

Selecting the reaction model dissociationQK
Selecting the reaction model dissociationExchangeQK
Selecting the reaction model dissociationQK
Selecting the reaction model dissociationQK
Selecting the reaction model dissociationQK
Selecting the reaction model dissociationQK
Selecting the reaction model dissociationQK
Selecting the reaction model dissociationExchangeQK
Selecting the reaction model dissociationQK
Selecting the reaction model dissociationExchangeQK
Selecting the reaction model dissociationExchangeQK
Selecting the reaction model dissociationQK
Number of reactions created: 12
Creating the boundary models: 

Selecting dsmcPatchBoundaryModel dsmcDeletionPatch
Selecting dsmcPatchBoundaryModel dsmcDeletionPatch
Selecting dsmcPatchBoundaryModel dsmcDiffuseWallPatch
Selecting dsmcGeneralBoundaryModel dsmcFreeStreamInflowPatch
Selecting field: dsmcVolFields

TimeData Statistics: 
 measurement option: write
 nSamples: 1, time interval: 6.640048894e-08
 nAverages: 15060, time interval: 0.0009999913634
 total no. of sampling steps: 0
 total no. of averaging Steps: 0


Selecting field: dsmcVolFields

TimeData Statistics: 
 measurement option: write
 nSamples: 1, time interval: 6.640048894e-08
 nAverages: 15060, time interval: 0.0009999913634
 total no. of sampling steps: 0
 total no. of averaging Steps: 0


Selecting BinaryCollisionModel LarsenBorgnakkeVariableHardSphere

Creating dsmcReactions

Selecting the reaction model dissociationQK
Selecting the reaction model dissociationExchangeQK
Selecting the reaction model dissociationQK
Selecting the reaction model dissociationQK
Selecting the reaction model dissociationQK
Selecting the reaction model dissociationQK
Selecting the reaction model dissociationQK
Selecting the reaction model dissociationExchangeQK
Selecting the reaction model dissociationQK
Selecting the reaction model dissociationExchangeQK
Selecting the reaction model dissociationExchangeQK
Selecting the reaction model dissociationQK
Number of reactions created: 12
Selecting field: dsmcVolFields

TimeData Statistics: 
 measurement option: write
 nSamples: 1, time interval: 6.640048894e-08
 nAverages: 15060, time interval: 0.0009999913634
 total no. of sampling steps: 0
 total no. of averaging Steps: 0


Selecting field: dsmcVolFields

TimeData Statistics: 
 measurement option: write
 nSamples: 1, time interval: 6.640048894e-08
 nAverages: 15060, time interval: 0.0009999913634
 total no. of sampling steps: 0
 total no. of averaging Steps: 0


Selecting field: dsmcVolFields

TimeData Statistics: 
 measurement option: write
 nSamples: 1, time interval: 6.640048894e-08
 nAverages: 15060, time interval: 0.0009999913634
 total no. of sampling steps: 0
 total no. of averaging Steps: 0


Creating the boundary models: 

Selecting dsmcPatchBoundaryModel dsmcDeletionPatch
Selecting dsmcPatchBoundaryModel dsmcDeletionPatch
Selecting dsmcPatchBoundaryModel dsmcDiffuseWallPatch
Selecting dsmcGeneralBoundaryModel dsmcFreeStreamInflowPatch
Selecting field: dsmcVolFields

TimeData Statistics: 
 measurement option: write
 nSamples: 1, time interval: 6.640048894e-08
 nAverages: 15060, time interval: 0.0009999913634
 total no. of sampling steps: 0
 total no. of averaging Steps: 0


Selecting BinaryCollisionModel LarsenBorgnakkeVariableHardSphere

Creating dsmcReactions

Selecting the reaction model dissociationQK
Selecting the reaction model dissociationExchangeQK
Selecting the reaction model dissociationQK
Selecting the reaction model dissociationQK
Selecting the reaction model dissociationQK
Selecting the reaction model dissociationQK
Selecting the reaction model dissociationQK
Selecting the reaction model dissociationExchangeQK
Selecting the reaction model dissociationQK
Selecting the reaction model dissociationExchangeQK
Selecting the reaction model dissociationExchangeQK
Selecting the reaction model dissociationQK
Number of reactions created: 12
Creating the boundary models: 

Selecting dsmcPatchBoundaryModel dsmcDeletionPatch
Selecting dsmcPatchBoundaryModel dsmcDeletionPatch
Selecting dsmcPatchBoundaryModel dsmcDiffuseWallPatch
Selecting dsmcGeneralBoundaryModel dsmcFreeStreamInflowPatch
Selecting field: dsmcVolFields

TimeData Statistics: 
 measurement option: write
 nSamples: 1, time interval: 6.640048894e-08
 nAverages: 15060, time interval: 0.0009999913634
 total no. of sampling steps: 0
 total no. of averaging Steps: 0


Selecting BinaryCollisionModel LarsenBorgnakkeVariableHardSphere

Creating dsmcReactions

Selecting the reaction model dissociationQK
Selecting the reaction model dissociationExchangeQK
Selecting the reaction model dissociationQK
Selecting the reaction model dissociationQK
Selecting the reaction model dissociationQK
Selecting the reaction model dissociationQK
Selecting the reaction model dissociationQK
Selecting the reaction model dissociationExchangeQK
Selecting the reaction model dissociationQK
Selecting the reaction model dissociationExchangeQK
Selecting the reaction model dissociationExchangeQK
Selecting the reaction model dissociationQK
Number of reactions created: 12
Selecting field: dsmcVolFields

TimeData Statistics: 
 measurement option: write
 nSamples: 1, time interval: 6.640048894e-08
 nAverages: 15060, time interval: 0.0009999913634
 total no. of sampling steps: 0
 total no. of averaging Steps: 0


Selecting field: dsmcVolFields

TimeData Statistics: 
 measurement option: write
 nSamples: 1, time interval: 6.640048894e-08
 nAverages: 15060, time interval: 0.0009999913634
 total no. of sampling steps: 0
 total no. of averaging Steps: 0


Selecting field: dsmcVolFields

TimeData Statistics: 
 measurement option: write
 nSamples: 1, time interval: 6.640048894e-08
 nAverages: 15060, time interval: 0.0009999913634
 total no. of sampling steps: 0
 total no. of averaging Steps: 0


Selecting field: dsmcVolFields

TimeData Statistics: 
 measurement option: write
 nSamples: 1, time interval: 6.640048894e-08
 nAverages: 15060, time interval: 0.0009999913634
 total no. of sampling steps: 0
 total no. of averaging Steps: 0


Selecting field: dsmcVolFields

TimeData Statistics: 
 measurement option: write
 nSamples: 1, time interval: 6.640048894e-08
 nAverages: 15060, time interval: 0.0009999913634
 total no. of sampling steps: 0
 total no. of averaging Steps: 0


Selecting field: dsmcVolFields

TimeData Statistics: 
 measurement option: write
 nSamples: 1, time interval: 6.640048894e-08
 nAverages: 15060, time interval: 0.0009999913634
 total no. of sampling steps: 0
 total no. of averaging Steps: 0


Selecting field: dsmcVolFields

TimeData Statistics: 
 measurement option: write
 nSamples: 1, time interval: 6.640048894e-08
 nAverages: 15060, time interval: 0.0009999913634
 total no. of sampling steps: 0
 total no. of averaging Steps: 0


Selecting field: dsmcVolFields

TimeData Statistics: 
 measurement option: write
 nSamples: 1, time interval: 6.640048894e-08
 nAverages: 15060, time interval: 0.0009999913634
 total no. of sampling steps: 0
 total no. of averaging Steps: 0


Creating the boundary models: 

Selecting dsmcPatchBoundaryModel dsmcDeletionPatch
Selecting dsmcPatchBoundaryModel dsmcDeletionPatch
Selecting dsmcPatchBoundaryModel dsmcDiffuseWallPatch
Selecting dsmcGeneralBoundaryModel dsmcFreeStreamInflowPatch
Selecting field: dsmcVolFields

TimeData Statistics: 
 measurement option: write
 nSamples: 1, time interval: 6.640048894e-08
 nAverages: 15060, time interval: 0.0009999913634
 total no. of sampling steps: 0
 total no. of averaging Steps: 0


Creating the boundary models: 

Selecting dsmcPatchBoundaryModel dsmcDeletionPatch
Selecting dsmcPatchBoundaryModel dsmcDeletionPatch
Selecting dsmcPatchBoundaryModel dsmcDiffuseWallPatch
Selecting dsmcGeneralBoundaryModel dsmcFreeStreamInflowPatch
Selecting BinaryCollisionModel LarsenBorgnakkeVariableHardSphere

Creating dsmcReactions

Selecting the reaction model dissociationQK
Selecting the reaction model dissociationExchangeQK
Selecting the reaction model dissociationQK
Selecting the reaction model dissociationQK
Selecting the reaction model dissociationQK
Selecting the reaction model dissociationQK
Selecting the reaction model dissociationQK
Selecting the reaction model dissociationExchangeQK
Selecting the reaction model dissociationQK
Selecting the reaction model dissociationExchangeQK
Selecting the reaction model dissociationExchangeQK
Selecting the reaction model dissociationQK
Number of reactions created: 12
Selecting BinaryCollisionModel LarsenBorgnakkeVariableHardSphere

Creating dsmcReactions

Selecting the reaction model dissociationQK
Selecting the reaction model dissociationExchangeQK
Selecting the reaction model dissociationQK
Selecting the reaction model dissociationQK
Selecting the reaction model dissociationQK
Selecting the reaction model dissociationQK
Selecting the reaction model dissociationQK
Selecting the reaction model dissociationExchangeQK
Selecting the reaction model dissociationQK
Selecting the reaction model dissociationExchangeQK
Selecting the reaction model dissociationExchangeQK
Selecting the reaction model dissociationQK
Number of reactions created: 12
Creating the boundary models: 

Selecting dsmcPatchBoundaryModel dsmcDeletionPatch
Selecting dsmcPatchBoundaryModel dsmcDeletionPatch
Selecting dsmcPatchBoundaryModel dsmcDiffuseWallPatch
Selecting dsmcGeneralBoundaryModel dsmcFreeStreamInflowPatch
Creating the boundary models: 

Selecting dsmcPatchBoundaryModel dsmcDeletionPatch
Selecting dsmcPatchBoundaryModel dsmcDeletionPatch
Selecting dsmcPatchBoundaryModel dsmcDiffuseWallPatch
Selecting dsmcGeneralBoundaryModel dsmcFreeStreamInflowPatch
Selecting BinaryCollisionModel LarsenBorgnakkeVariableHardSphere

Creating dsmcReactions

Selecting the reaction model dissociationQK
Selecting the reaction model dissociationExchangeQK
Selecting the reaction model dissociationQK
Selecting the reaction model dissociationQK
Selecting the reaction model dissociationQK
Selecting the reaction model dissociationQK
Selecting the reaction model dissociationQK
Selecting the reaction model dissociationExchangeQK
Selecting the reaction model dissociationQK
Selecting the reaction model dissociationExchangeQK
Selecting the reaction model dissociationExchangeQK
Selecting the reaction model dissociationQK
Number of reactions created: 12
Selecting BinaryCollisionModel LarsenBorgnakkeVariableHardSphere

Creating dsmcReactions

Selecting the reaction model dissociationQK
Selecting the reaction model dissociationExchangeQK
Selecting the reaction model dissociationQK
Selecting the reaction model dissociationQK
Selecting the reaction model dissociationQK
Selecting the reaction model dissociationQK
Selecting the reaction model dissociationQK
Selecting the reaction model dissociationExchangeQK
Selecting the reaction model dissociationQK
Selecting the reaction model dissociationExchangeQK
Selecting the reaction model dissociationExchangeQK
Selecting the reaction model dissociationQK
Number of reactions created: 12

Constructing constant properties for
	N2
	O2
	NO
	N
	O

Constructing constant properties for
	N2
	O2
	NO
	N
	O
Selecting collisionPartnerSelectionModel noTimeCounter

Initialising the measurement fields

Initialising dsmcVolFields field
Initialising dsmcVolFields field

Constructing constant properties for
	N2
	O2
	NO
	N
	O
Initialising dsmcVolFields field
Initialising dsmcVolFields field
Initialising dsmcVolFields field
Initialising dsmcVolFields field
Selecting collisionPartnerSelectionModel noTimeCounter

Initialising the measurement fields

Initialising dsmcVolFields field
Initialising dsmcVolFields field
Initialising dsmcVolFields field
Initialising dsmcVolFields field
Initialising dsmcVolFields field
Initialising dsmcVolFields field

Constructing constant properties for
	N2
	O2
	NO
	N
	O
Selecting collisionPartnerSelectionModel noTimeCounter

Initialising the measurement fields

Initialising dsmcVolFields field
Initialising dsmcVolFields field
Initialising dsmcVolFields field
Initialising dsmcVolFields field
Initialising dsmcVolFields field
Initialising dsmcVolFields field

Constructing constant properties for
	N2
	O2
	NO
	N
	O

Constructing constant properties for
	N2
	O2
	NO
	N
	O
Selecting collisionPartnerSelectionModel noTimeCounter

Initialising the measurement fields

Initialising dsmcVolFields field
Initialising dsmcVolFields field
Initialising dsmcVolFields field
Initialising dsmcVolFields field
Initialising dsmcVolFields field
Initialising dsmcVolFields field

Constructing constant properties for
	N2
	O2
	NO
	N
	O
Selecting collisionPartnerSelectionModel noTimeCounter

Initialising the measurement fields

Initialising dsmcVolFields field
Initialising dsmcVolFields field
Initialising dsmcVolFields field
Initialising dsmcVolFields field
Initialising dsmcVolFields field
Initialising dsmcVolFields field
Selecting collisionPartnerSelectionModel noTimeCounter

Initialising the measurement fields

Initialising dsmcVolFields field
Initialising dsmcVolFields field
Initialising dsmcVolFields field
Initialising dsmcVolFields field
Initialising dsmcVolFields field
Initialising dsmcVolFields field

Constructing constant properties for
	N2
	O2
	NO
	N
	O
Selecting collisionPartnerSelectionModel noTimeCounter

Initialising the measurement fields

Initialising dsmcVolFields field
Initialising dsmcVolFields field
Initialising dsmcVolFields field
Initialising dsmcVolFields field
Initialising dsmcVolFields field
Initialising dsmcVolFields field
Selecting collisionPartnerSelectionModel noTimeCounter

Initialising the measurement fields

Initialising dsmcVolFields field
Initialising dsmcVolFields field
Initialising dsmcVolFields field
Initialising dsmcVolFields field
Initialising dsmcVolFields field
Initialising dsmcVolFields field
Replicated mesh: METIS decomposition complete, 60000 cells -> 8 ranks
Replicated mesh: rank 0 owns 7384 / 60000 cells
Local mesh: 7384 owned + 356 halo = 7740 / 60000 cells
Replicated mesh: no-Alltoall async migration enabled
Replicated mesh: flatTransfer=1 found=1
Replicated mesh: flat POD transfer enabled
Phase C auto DLB: enabled (ParMETIS AdaptiveRepart), imbalanceThreshold=1.5, dlbSteps=50, sarSteps=10, triggerMode=legacyWindow, minGapSteps=50, checkCollective=allgather, skipFixedKPostDiag=0
Replicated mesh: initialized with 8 MPI ranks, migrate interval 10

Starting time loop

Replicated mesh: initial particle distribution

Replicated mesh: rank 0 kept 257876 parcels, deleted 1051233 non-owned parcels
Time = 6.640048894e-07

    Collisions                      = 25289
    Collision candidates           = 33629
    Collision acceptance rate      = 0.7519997621

    Number of DSMC particles        = 1330272
    Number of stuck particles       = 0
    Number of free particles        = 1330272
    Average linear kinetic energy   = 1.893378928e-19
    Average rotational energy       = 1.329243258e-21
    Average vibrational energy      = 2.341435736e-26
    Average electronic energy       = 0
    Total energy                    = 0.001521835101

Stage 1.0  ExecutionTime = 5.98 s  ClockTime = 7 s  Iteration 10 (0.21 s)

Time = 1.328009779e-06

    Collisions                      = 35401
    Collision candidates           = 53540
    Collision acceptance rate      = 0.6612065745

    Number of DSMC particles        = 1353956
    Number of stuck particles       = 0
    Number of free particles        = 1353956
    Average linear kinetic energy   = 1.865890215e-19
    Average rotational energy       = 1.543775308e-21
    Average vibrational energy      = 2.300478302e-26
    Average electronic energy       = 0
    Total energy                    = 0.001528341361

Stage 1.0  ExecutionTime = 7.95 s  ClockTime = 9 s  Iteration 20 (0.22 s)

Time = 1.992014668e-06

    Collisions                      = 45191
    Collision candidates           = 73540
    Collision acceptance rate      = 0.6145091107

    Number of DSMC particles        = 1377438
    Number of stuck particles       = 0
    Number of free particles        = 1377438
    Average linear kinetic energy   = 1.84131057e-19
    Average rotational energy       = 1.857116476e-21
    Average vibrational energy      = 2.261260688e-25
    Average electronic energy       = 0
    Total energy                    = 0.001537124935

Stage 1.0  ExecutionTime = 9.94 s  ClockTime = 11 s  Iteration 30 (0.22 s)

Time = 2.656019558e-06

    Collisions                      = 55320
    Collision candidates           = 93871
    Collision acceptance rate      = 0.5893193851

    Number of DSMC particles        = 1400983
    Number of stuck particles       = 0
    Number of free particles        = 1400983
    Average linear kinetic energy   = 1.819093915e-19
    Average rotational energy       = 2.248273602e-21
    Average vibrational energy      = 2.890235156e-25
    Average electronic energy       = 0
    Total energy                    = 0.001548012979

Stage 1.0  ExecutionTime = 12.04 s  ClockTime = 13 s  Iteration 40 (0.22 s)

Time = 3.320024447e-06

    Collisions                      = 64810
    Collision candidates           = 113835
    Collision acceptance rate      = 0.5693328063

    Number of DSMC particles        = 1424371
    Number of stuck particles       = 0
    Number of free particles        = 1424371
    Average linear kinetic energy   = 1.798686876e-19
    Average rotational energy       = 2.689346004e-21
    Average vibrational energy      = 3.717478719e-25
    Average electronic energy       = 0
    Total energy                    = 0.00156018539

Stage 1.0  ExecutionTime = 14.12 s  ClockTime = 15 s  Iteration 50 (0.22 s)

Time = 3.984029336e-06

    Collisions                      = 74556
    Collision candidates           = 133588
    Collision acceptance rate      = 0.5581040213

    Number of DSMC particles        = 1447716
    Number of stuck particles       = 0
    Number of free particles        = 1447716
    Average linear kinetic energy   = 1.779959493e-19
    Average rotational energy       = 3.153881822e-21
    Average vibrational energy      = 6.130506532e-25
    Average electronic energy       = 0
    Total energy                    = 0.001573526378

Stage 1.0  ExecutionTime = 16.28 s  ClockTime = 17 s  Iteration 60 (0.24 s)

Time = 4.648034226e-06

    Collisions                      = 84438
    Collision candidates           = 153367
    Collision acceptance rate      = 0.5505617245

    Number of DSMC particles        = 1471216
    Number of stuck particles       = 0
    Number of free particles        = 1471216
    Average linear kinetic energy   = 1.762548115e-19
    Average rotational energy       = 3.636335689e-21
    Average vibrational energy      = 5.504521865e-25
    Average electronic energy       = 0
    Total energy                    = 0.001587957263

Stage 1.0  ExecutionTime = 18.58 s  ClockTime = 19 s  Iteration 70 (0.25 s)

Time = 5.312039115e-06

    Collisions                      = 93323
    Collision candidates           = 172001
    Collision acceptance rate      = 0.5425724269

    Number of DSMC particles        = 1494459
    Number of stuck particles       = 0
    Number of free particles        = 1494459
    Average linear kinetic energy   = 1.746248894e-19
    Average rotational energy       = 4.135612015e-21
    Average vibrational energy      = 6.147179036e-25
    Average electronic energy       = 0
    Total energy                    = 0.001602906953

Stage 1.0  ExecutionTime = 20.98 s  ClockTime = 22 s  Iteration 80 (0.26 s)

Time = 5.976044005e-06

    Collisions                      = 101384
    Collision candidates           = 189059
    Collision acceptance rate      = 0.5362558778

    Number of DSMC particles        = 1517713
    Number of stuck particles       = 0
    Number of free particles        = 1517713
    Average linear kinetic energy   = 1.731001382e-19
    Average rotational energy       = 4.648260968e-21
    Average vibrational energy      = 1.097369464e-24
    Average electronic energy       = 0
    Total energy                    = 0.001618636329

Stage 1.0  ExecutionTime = 23.56 s  ClockTime = 24 s  Iteration 90 (0.29 s)

Time = 6.640048894e-06

    Collisions                      = 109953
    Collision candidates           = 206237
    Collision acceptance rate      = 0.5331390585

    Number of DSMC particles        = 1540729
    Number of stuck particles       = 0
    Number of free particles        = 1540729
    Average linear kinetic energy   = 1.716538479e-19
    Average rotational energy       = 5.159250935e-21
    Average vibrational energy      = 1.080743552e-24
    Average electronic energy       = 0
    Total energy                    = 0.001634536405

Stage 1.0  ExecutionTime = 26.2 s  ClockTime = 27 s  Iteration 100 (0.27 s)

Time = 7.304053783e-06

    Collisions                      = 117509
    Collision candidates           = 222698
    Collision acceptance rate      = 0.5276607783


Phase C auto DLB triggered (SAR) at step 110: sar=0.0007465586944 loadImbalance=1.045791354 threshold=1.5
Phase C ParMETIS: alpha=0.8 ncon=2 ubvec=[1.049999952,1.5] moveRatio=0.8658578829 (moveT=14.32901372s, collT=2.219907302s)
Phase C ParMETIS: AdaptiveRepart (60000 cells, 2 constraints, ubvec=1.049999952)
Replicated mesh: rank 0 owns 9311 / 60000 cells
Local mesh: 9311 owned + 614 halo = 9925 / 60000 cells
Phase C ParMETIS AdaptiveRepart: 55337 / 60000 cells changed (0.9222833333)
Phase C auto DLB complete: rebalance #1

    Number of DSMC particles        = 1563701
    Number of stuck particles       = 0
    Number of free particles        = 1563701
    Average linear kinetic energy   = 1.702791936e-19
    Average rotational energy       = 5.686839269e-21
    Average vibrational energy      = 1.582762303e-24
    Average electronic energy       = 0
    Total energy                    = 0.001650964419

Stage 1.0  ExecutionTime = 29.31 s  ClockTime = 30 s  Iteration 110 (0.64 s)

Time = 7.968058673e-06

    Collisions                      = 124478
    Collision candidates           = 214568
    Collision acceptance rate      = 0.5801331047

    Number of DSMC particles        = 1586630
    Number of stuck particles       = 0
    Number of free particles        = 1586630
    Average linear kinetic energy   = 1.690636521e-19
    Average rotational energy       = 6.070887746e-21
    Average vibrational energy      = 2.010502003e-24
    Average electronic energy       = 0
    Total energy                    = 0.00166726143

Stage 1.0  ExecutionTime = 31.95 s  ClockTime = 33 s  Iteration 120 (0.29 s)

Time = 8.632063562e-06

    Collisions                      = 133187
    Collision candidates           = 238026
    Collision acceptance rate      = 0.5595481166

    Number of DSMC particles        = 1609101
    Number of stuck particles       = 0
    Number of free particles        = 1609101
    Average linear kinetic energy   = 1.678164463e-19
    Average rotational energy       = 6.56935803e-21
    Average vibrational energy      = 2.620762256e-24
    Average electronic energy       = 0
    Total energy                    = 0.001683651536

Stage 1.0  ExecutionTime = 34.77 s  ClockTime = 36 s  Iteration 130 (0.3 s)

Time = 9.296068452e-06

    Collisions                      = 140272
    Collision candidates           = 256563
    Collision acceptance rate      = 0.5467351099

    Number of DSMC particles        = 1631541
    Number of stuck particles       = 0
    Number of free particles        = 1631541
    Average linear kinetic energy   = 1.666334701e-19
    Average rotational energy       = 7.065965072e-21
    Average vibrational energy      = 3.605525738e-24
    Average electronic energy       = 0
    Total energy                    = 0.001700421796

Stage 1.0  ExecutionTime = 37.78 s  ClockTime = 39 s  Iteration 140 (0.32 s)

Time = 9.960073341e-06

    Collisions                      = 147594
    Collision candidates           = 272827
    Collision acceptance rate      = 0.5409801816

    Number of DSMC particles        = 1653753
    Number of stuck particles       = 0
    Number of free particles        = 1653753
    Average linear kinetic energy   = 1.654988624e-19
    Average rotational energy       = 7.550617495e-21
    Average vibrational energy      = 4.244446432e-24
    Average electronic energy       = 0
    Total energy                    = 0.001717128695

Stage 1.0  ExecutionTime = 40.99 s  ClockTime = 42 s  Iteration 150 (0.35 s)

Time = 1.062407823e-05

    Collisions                      = 154064
    Collision candidates           = 286927
    Collision acceptance rate      = 0.5369449372

    Number of DSMC particles        = 1675906
    Number of stuck particles       = 0
    Number of free particles        = 1675906
    Average linear kinetic energy   = 1.644548986e-19
    Average rotational energy       = 8.017358688e-21
    Average vibrational energy      = 5.079585857e-24
    Average electronic energy       = 0
    Total energy                    = 0.001734334823

Stage 1.0  ExecutionTime = 44.37 s  ClockTime = 45 s  Iteration 160 (0.38 s)

Time = 1.128808312e-05

    Collisions                      = 160121
    Collision candidates           = 301151
    Collision acceptance rate      = 0.5316967236

    Number of DSMC particles        = 1697357
    Number of stuck particles       = 0
    Number of free particles        = 1697357
    Average linear kinetic energy   = 1.634566456e-19
    Average rotational energy       = 8.477958061e-21
    Average vibrational energy      = 5.968351225e-24
    Average electronic energy       = 0
    Total energy                    = 0.001751067201

Stage 1.0  ExecutionTime = 47.93 s  ClockTime = 49 s  Iteration 170 (0.39 s)

Time = 1.195208801e-05

    Collisions                      = 166984
    Collision candidates           = 315765
    Collision acceptance rate      = 0.5288236505

    Number of DSMC particles        = 1718828
    Number of stuck particles       = 0
    Number of free particles        = 1718828
    Average linear kinetic energy   = 1.62481752e-19
    Average rotational energy       = 8.94468693e-21
    Average vibrational energy      = 6.870260489e-24
    Average electronic energy       = 0
    Total energy                    = 0.001767986232

Stage 1.0  ExecutionTime = 51.67 s  ClockTime = 53 s  Iteration 180 (0.4 s)

Time = 1.26160929e-05

    Collisions                      = 173522
    Collision candidates           = 329260
    Collision acceptance rate      = 0.5270060135

    Number of DSMC particles        = 1740437
    Number of stuck particles       = 0
    Number of free particles        = 1740437
    Average linear kinetic energy   = 1.615739889e-19
    Average rotational energy       = 9.364324966e-21
    Average vibrational energy      = 8.250604545e-24
    Average electronic energy       = 0
    Total energy                    = 0.001785130355

Stage 1.0  ExecutionTime = 55.58 s  ClockTime = 56 s  Iteration 190 (0.46 s)

Time = 1.328009779e-05

    Collisions                      = 179785
    Collision candidates           = 342713
    Collision acceptance rate      = 0.5245934645

    Number of DSMC particles        = 1761546
    Number of stuck particles       = 0
    Number of free particles        = 1761546
    Average linear kinetic energy   = 1.606992956e-19
    Average rotational energy       = 9.776211494e-21
    Average vibrational energy      = 8.575489741e-24
    Average electronic energy       = 0
    Total energy                    = 0.001801893323

Stage 1.0  ExecutionTime = 59.64 s  ClockTime = 60 s  Iteration 200 (0.46 s)

Time = 1.394410268e-05

    Collisions                      = 186082
    Collision candidates           = 355809
    Collision acceptance rate      = 0.5229828363

    Number of DSMC particles        = 1782091
    Number of stuck particles       = 0
    Number of free particles        = 1782091
    Average linear kinetic energy   = 1.598221168e-19
    Average rotational energy       = 1.019507429e-20
    Average vibrational energy      = 9.35775688e-24
    Average electronic energy       = 0
    Total energy                    = 0.001818016695

Stage 1.0  ExecutionTime = 63.88 s  ClockTime = 65 s  Iteration 210 (0.47 s)

Time = 1.460810757e-05

    Collisions                      = 191347
    Collision candidates           = 367033
    Collision acceptance rate      = 0.5213345939

    Number of DSMC particles        = 1802539
    Number of stuck particles       = 0
    Number of free particles        = 1802539
    Average linear kinetic energy   = 1.58984539e-19
    Average rotational energy       = 1.060308863e-20
    Average vibrational energy      = 9.837521596e-24
    Average electronic energy       = 0
    Total energy                    = 0.001834236271

Stage 1.0  ExecutionTime = 68.25 s  ClockTime = 69 s  Iteration 220 (0.5 s)

Time = 1.527211246e-05

    Collisions                      = 197466
    Collision candidates           = 379725
    Collision acceptance rate      = 0.5200237014

    Number of DSMC particles        = 1822974
    Number of stuck particles       = 0
    Number of free particles        = 1822974
    Average linear kinetic energy   = 1.581698172e-19
    Average rotational energy       = 1.100871526e-20
    Average vibrational energy      = 1.119448198e-23
    Average electronic energy       = 0
    Total energy                    = 0.00185057084

Stage 1.0  ExecutionTime = 72.77 s  ClockTime = 74 s  Iteration 230 (0.48 s)

Time = 1.593611735e-05

    Collisions                      = 202938
    Collision candidates           = 391152
    Collision acceptance rate      = 0.5188213278

    Number of DSMC particles        = 1842923
    Number of stuck particles       = 0
    Number of free particles        = 1842923
    Average linear kinetic energy   = 1.574113884e-19
    Average rotational energy       = 1.138691116e-20
    Average vibrational energy      = 1.229834468e-23
    Average electronic energy       = 0
    Total energy                    = 0.001866629601

Stage 1.0  ExecutionTime = 77.49 s  ClockTime = 78 s  Iteration 240 (0.53 s)

Dissociation reaction O2 + N2 --> O + O + N2 is active, nReactions this time step = 1
Time = 1.660012224e-05

    Collisions                      = 207985
    Collision candidates           = 402589
    Collision acceptance rate      = 0.5166186856

Dissociation reaction O2 + N2 --> O + O + N2 is active, nReactions this time step = 0
    Number of DSMC particles        = 1862623
    Number of stuck particles       = 0
    Number of free particles        = 1862623
    Average linear kinetic energy   = 1.566401963e-19
    Average rotational energy       = 1.178427454e-20
    Average vibrational energy      = 1.382896697e-23
    Average electronic energy       = 0
    Total energy                    = 0.001882422308

Stage 1.0  ExecutionTime = 82.33 s  ClockTime = 83 s  Iteration 250 (0.53 s)

Dissociation reaction O2 + N2 --> O + O + N2 is active, nReactions this time step = 0
Dissociation reaction O2 + N2 --> O + O + N2 is active, nReactions this time step = 1
Dissociation reaction O2 + N2 --> O + O + N2 is active, nReactions this time step = 0
Dissociation reaction O2 + N2 --> O + O + N2 is active, nReactions this time step = 0
Dissociation reaction O2 + N2 --> O + O + N2 is active, nReactions this time step = 0
Dissociation reaction O2 + N2 --> O + O + N2 is active, nReactions this time step = 0
Dissociation reaction O2 + N2 --> O + O + N2 is active, nReactions this time step = 0
Dissociation reaction O2 + N2 --> O + O + N2 is active, nReactions this time step = 0
Dissociation reaction O2 + N2 --> O + O + N2 is active, nReactions this time step = 0
Time = 1.726412712e-05

    Collisions                      = 214144
    Collision candidates           = 413854
    Collision acceptance rate      = 0.517438517

Dissociation reaction O2 + N2 --> O + O + N2 is active, nReactions this time step = 0
    Number of DSMC particles        = 1882421
    Number of stuck particles       = 0
    Number of free particles        = 1882421
    Average linear kinetic energy   = 1.558973097e-19
    Average rotational energy       = 1.216154417e-20
    Average vibrational energy      = 1.524630884e-23
    Average electronic energy       = 0
    Total energy                    = 0.001898317294

Stage 1.0  ExecutionTime = 87.29 s  ClockTime = 88 s  Iteration 260 (0.54 s)

Dissociation reaction O2 + N2 --> O + O + N2 is active, nReactions this time step = 0
Dissociation reaction O2 + N2 --> O + O + N2 is active, nReactions this time step = 0
Dissociation reaction O2 + N2 --> O + O + N2 is active, nReactions this time step = 0
Dissociation reaction O2 + N2 --> O + O + N2 is active, nReactions this time step = 0
Dissociation reaction O2 + N2 --> O + O + N2 is active, nReactions this time step = 0
Dissociation reaction O2 + N2 --> O + O + N2 is active, nReactions this time step = 0
Dissociation reaction O2 + N2 --> O + O + N2 is active, nReactions this time step = 0
Dissociation reaction O2 + N2 --> O + O + N2 is active, nReactions this time step = 0
Dissociation reaction O2 + N2 --> O + O + N2 is active, nReactions this time step = 0
Time = 1.792813201e-05

    Collisions                      = 218466
    Collision candidates           = 424677
    Collision acceptance rate      = 0.5144286128

Dissociation reaction O2 + N2 --> O + O + N2 is active, nReactions this time step = 0
    Number of DSMC particles        = 1901795
    Number of stuck particles       = 0
    Number of free particles        = 1901795
    Average linear kinetic energy   = 1.551620337e-19
    Average rotational energy       = 1.254545075e-20
    Average vibrational energy      = 1.562261344e-23
    Average electronic energy       = 0
    Total energy                    = 0.001913849798

Stage 1.0  ExecutionTime = 92.34 s  ClockTime = 93 s  Iteration 270 (0.58 s)

Dissociation reaction O2 + N2 --> O + O + N2 is active, nReactions this time step = 0
Dissociation reaction O2 + N2 --> O + O + N2 is active, nReactions this time step = 0
Dissociation reaction O2 + N2 --> O + O + N2 is active, nReactions this time step = 0
Dissociation reaction O2 + N2 --> O + O + N2 is active, nReactions this time step = 0
Dissociation reaction O2 + N2 --> O + O + N2 is active, nReactions this time step = 0
Dissociation reaction O2 + N2 --> O + O + N2 is active, nReactions this time step = 0
Dissociation reaction O2 + N2 --> O + O + N2 is active, nReactions this time step = 0
Dissociation reaction O2 + N2 --> O + O + N2 is active, nReactions this time step = 0
Dissociation reaction O2 + N2 --> O + O + N2 is active, nReactions this time step = 0
Time = 1.85921369e-05

    Collisions                      = 223567
    Collision candidates           = 435200
    Collision acceptance rate      = 0.5137109375

Dissociation reaction O2 + N2 --> O + O + N2 is active, nReactions this time step = 0
    Number of DSMC particles        = 1921089
    Number of stuck particles       = 0
    Number of free particles        = 1921089
    Average linear kinetic energy   = 1.544794307e-19
    Average rotational energy       = 1.287774678e-20
    Average vibrational energy      = 1.716662794e-23
    Average electronic energy       = 0
    Total energy                    = 0.001929246068

Stage 1.0  ExecutionTime = 97.54 s  ClockTime = 98 s  Iteration 280 (0.59 s)

Dissociation reaction O2 + N2 --> O + O + N2 is active, nReactions this time step = 0
Dissociation reaction O2 + N2 --> O + O + N2 is active, nReactions this time step = 0
Dissociation reaction O2 + N2 --> O + O + N2 is active, nReactions this time step = 0
Dissociation reaction O2 + N2 --> O + O + N2 is active, nReactions this time step = 0
Dissociation reaction O2 + N2 --> O + O + N2 is active, nReactions this time step = 0
Dissociation reaction O2 + N2 --> O + O + N2 is active, nReactions this time step = 0
Dissociation reaction O2 + N2 --> O + O + N2 is active, nReactions this time step = 0
Dissociation reaction O2 + N2 --> O + O + N2 is active, nReactions this time step = 0
Dissociation reaction O2 + N2 --> O + O + N2 is active, nReactions this time step = 0
Time = 1.925614179e-05

    Collisions                      = 228117
    Collision candidates           = 445567
    Collision acceptance rate      = 0.5119701414


Phase C auto DLB triggered (SAR) at step 290: sar=0.0009489498007 loadImbalance=1.022551389 threshold=1.5
Phase C ParMETIS: alpha=0.8 ncon=2 ubvec=[1.049999952,1.5] moveRatio=0.722008664 (moveT=50.49405957s, collT=19.4414718s)
Phase C ParMETIS: AdaptiveRepart (60000 cells, 2 constraints, ubvec=1.049999952)
Replicated mesh: rank 0 owns 11315 / 60000 cells
Local mesh: 11315 owned + 882 halo = 12197 / 60000 cells
Phase C ParMETIS AdaptiveRepart: 43298 / 60000 cells changed (0.7216333333)
Phase C auto DLB complete: rebalance #2

Dissociation reaction O2 + N2 --> O + O + N2 is active, nReactions this time step = 0
    Number of DSMC particles        = 1939728
    Number of stuck particles       = 0
    Number of free particles        = 1939728
    Average linear kinetic energy   = 1.538145957e-19
    Average rotational energy       = 1.321405499e-20
    Average vibrational energy      = 1.831728899e-23
    Average electronic energy       = 0
    Total energy                    = 0.001944154087

Stage 1.0  ExecutionTime = 103.15 s  ClockTime = 104 s  Iteration 290 (0.86 s)

Dissociation reaction O2 + N2 --> O + O + N2 is active, nReactions this time step = 0
Dissociation reaction O2 + N2 --> O + O + N2 is active, nReactions this time step = 0
Dissociation reaction O2 + N2 --> O + O + N2 is active, nReactions this time step = 0
Dissociation reaction O2 + N2 --> O + O + N2 is active, nReactions this time step = 0
Dissociation reaction O2 + N2 --> O + O + N2 is active, nReactions this time step = 0
Dissociation reaction O2 + N2 --> O + O + N2 is active, nReactions this time step = 0
Dissociation reaction O2 + N2 --> O + O + N2 is active, nReactions this time step = 0
Dissociation reaction O2 + N2 --> O + O + N2 is active, nReactions this time step = 0
Dissociation reaction O2 + N2 --> O + O + N2 is active, nReactions this time step = 0
Time = 1.992014668e-05

    Collisions                      = 212065
    Collision candidates           = 383182
    Collision acceptance rate      = 0.5534315286

Dissociation reaction O2 + N2 --> O + O + N2 is active, nReactions this time step = 0
    Number of DSMC particles        = 1958500
    Number of stuck particles       = 0
    Number of free particles        = 1958500
    Average linear kinetic energy   = 1.532700607e-19
    Average rotational energy       = 1.337829717e-20
    Average vibrational energy      = 1.887274177e-23
    Average electronic energy       = 0
    Total energy                    = 0.001958506626

Stage 1.0  ExecutionTime = 106.79 s  ClockTime = 108 s  Iteration 300 (0.39 s)

End stage 1


DSMC solver profile summary
    solver profile steps          = 300
    move+collide wall [s]         = 89.83486166
    move only [s]                 = 52.56699289
    buildCellOccupancy [s]        = 15.04407259
    collision phase [s]           = 50.54522577
    post fields/output [s]        = 15.43542622
    total profiled [s]            = 133.5917175
    full evolve wall [s]          = 101.9274061
    move+collide cpu [s]          = 89.64
    move only cpu [s]             = 52.47
    buildCellOccupancy cpu [s]    = 14.98
    collision phase cpu [s]       = 50.49
    post fields/output cpu [s]    = 15.51
    total profiled cpu [s]        = 133.45
    full evolve cpu [s]           = 101.85
    OpenMP enabled                = 0
    OpenMP max threads            = 1
    OpenMP move                   = 0 (static, chunk 64)
    OpenMP collision              = dynamic, chunk 8


Replicated mesh profiling summary:
    migration calls             = 33
    migration wall time [s]     = 2.122002466
    local particles (final)     = 284676
    particles per rank          = min 172587 max 293315 max/min 1.699519663
    rank wall time (evolve, 300 steps): min 85.59 max 88.5 max/min 1.033999299
    Phase C auto DLB checks      = 300
    Phase C auto DLB rebalances = 2
    Phase C auto DLB triggered checks = 2
    Phase C auto DLB wall max [s]= 1.174290305
    Phase C auto DLB check max [s]= 0.571778036
    Phase C ParMETIS max [s]     = 0.139311744
    Phase C migration max [s]    = 0.489402918
    Phase C cellOwner write max [s] = 0
    Phase C post-diagnostic max [s] = 0.000224491
    Phase C auto DLB accounted max [s] = 1.200717189
    Phase C auto DLB residual max [s] = -0.026426884

Total Iterations = 300
End main

real 107.98
user 755.72
sys 102.42
