case=zb
mode=MPI4xOMP2
rep=1
np=4
OMP_NUM_THREADS=2
case_dir=/home/superxcx/code/OpenFoam/OF-1706/hyStrath_dlb/run/hyStrath/dsmcFoam+/xcx_test/zb-cylinder-react/mpi4omp2
controlDict=/home/superxcx/code/OpenFoam/OF-1706/hyStrath_dlb/doc/worklog/v2506/detail_mix/repeat_nowrite_compute_20260610_rerun/controlDicts/zb_MPI4xOMP2_rep1_controlDict
start=2026-06-10T02:39:29+08:00
/*---------------------------------------------------------------------------*\
| =========                 |                                                 |
| \\      /  F ield         | OpenFOAM: The Open Source CFD Toolbox           |
|  \\    /   O peration     | Version:  v1706                                 |
|   \\  /    A nd           | Web:      www.OpenFOAM.com                      |
|    \\/     M anipulation  |                                                 |
\*---------------------------------------------------------------------------*/
Build  : v1706
Arch   : "LSB;label=32;scalar=64"
Exec   : dsmcFoam+
Date   : Jun 10 2026
Time   : 02:39:29
Host   : "SuperXCX-ROG"
PID    : 2042147
/*---------------------------------------------------------------------------*\
| =========                 |                                                 |
| \\      /  F ield         | OpenFOAM: The Open Source CFD Toolbox           |
|  \\    /   O peration     | Version:  v1706                                 |
|   \\  /    A nd           | Web:      www.OpenFOAM.com                      |
|    \\/     M anipulation  |                                                 |
\*---------------------------------------------------------------------------*/
Build  : v1706
Arch   : "LSB;label=32;scalar=64"
Exec   : dsmcFoam+
Date   : Jun 10 2026
Time   : 02:39:29
Host   : "SuperXCX-ROG"
PID    : 2042148
Case   : /home/superxcx/code/OpenFoam/OF-1706/hyStrath_dlb/run/hyStrath/dsmcFoam+/xcx_test/zb-cylinder-react/mpi4omp2
nProcs : 1
sigFpe : Enabling floating point exception trapping (FOAM_SIGFPE).
fileModificationChecking : Monitoring run-time modified files using timeStampMaster (fileModificationSkew 10)
allowSystemOperations : Allowing user-supplied system call operations

// * * * * * * * * * * * * * * * * * * * * * * * * * * * * * * * * * * * * * //
Create time

/*---------------------------------------------------------------------------*\
| =========                 |                                                 |
| \\      /  F ield         | OpenFOAM: The Open Source CFD Toolbox           |
|  \\    /   O peration     | Version:  v1706                                 |
|   \\  /    A nd           | Web:      www.OpenFOAM.com                      |
|    \\/     M anipulation  |                                                 |
\*---------------------------------------------------------------------------*/
Build  : v1706
Arch   : "LSB;label=32;scalar=64"
Exec   : dsmcFoam+
Date   : Jun 10 2026
Time   : 02:39:29
Host   : "SuperXCX-ROG"
PID    : 2042149
Case   : /home/superxcx/code/OpenFoam/OF-1706/hyStrath_dlb/run/hyStrath/dsmcFoam+/xcx_test/zb-cylinder-react/mpi4omp2
nProcs : 1
sigFpe : Enabling floating point exception trapping (FOAM_SIGFPE).
fileModificationChecking : Monitoring run-time modified files using timeStampMaster (fileModificationSkew 10)
allowSystemOperations : Allowing user-supplied system call operations

// * * * * * * * * * * * * * * * * * * * * * * * * * * * * * * * * * * * * * //
Create time

/*---------------------------------------------------------------------------*\
| =========                 |                                                 |
| \\      /  F ield         | OpenFOAM: The Open Source CFD Toolbox           |
|  \\    /   O peration     | Version:  v1706                                 |
|   \\  /    A nd           | Web:      www.OpenFOAM.com                      |
|    \\/     M anipulation  |                                                 |
\*---------------------------------------------------------------------------*/
Build  : v1706
Arch   : "LSB;label=32;scalar=64"
Exec   : dsmcFoam+
Date   : Jun 10 2026
Time   : 02:39:29
Host   : "SuperXCX-ROG"
PID    : 2042150
Case   : /home/superxcx/code/OpenFoam/OF-1706/hyStrath_dlb/run/hyStrath/dsmcFoam+/xcx_test/zb-cylinder-react/mpi4omp2
nProcs : 1
sigFpe : Enabling floating point exception trapping (FOAM_SIGFPE).
fileModificationChecking : Monitoring run-time modified files using timeStampMaster (fileModificationSkew 10)
allowSystemOperations : Allowing user-supplied system call operations

// * * * * * * * * * * * * * * * * * * * * * * * * * * * * * * * * * * * * * //
Create time

Case   : /home/superxcx/code/OpenFoam/OF-1706/hyStrath_dlb/run/hyStrath/dsmcFoam+/xcx_test/zb-cylinder-react/mpi4omp2
nProcs : 1
sigFpe : Enabling floating point exception trapping (FOAM_SIGFPE).
fileModificationChecking : Monitoring run-time modified files using timeStampMaster (fileModificationSkew 10)
allowSystemOperations : Allowing user-supplied system call operations

// * * * * * * * * * * * * * * * * * * * * * * * * * * * * * * * * * * * * * //
Create time

Create mesh for time = 0

Create mesh for time = 0

Create mesh for time = 0

Create mesh for time = 0

Selecting dynamicFvMesh dynamicRefineFvMesh
Selecting dynamicFvMesh dynamicRefineFvMesh
Selecting dynamicFvMesh dynamicRefineFvMesh
Selecting dynamicFvMesh dynamicRefineFvMesh

Constructing dsmcCloud 

Constructing dsmcCloud 

Constructing dsmcCloud 

Constructing dsmcCloud 
Selecting the coordinate system model:	dsmcCartesian

Selecting the time-step model:	dsmcConstantTimeStepModel

Constant time-step model:
- time-step [sec]	6.640048894e-08

Selecting the porous measurement model:	dsmcNoPorousMediumMeasurements


Creating dsmcControllers

Creating fields: 

Selecting field: dsmcVolFields

TimeData Statistics: 
 measurement option: write
 nSamples: 1, time interval: 6.640048894e-08
 nAverages: 15060, time interval: 0.0009999913634
 total no. of sampling steps: 0
 total no. of averaging Steps: 0


Selecting the coordinate system model:	dsmcCartesian

Selecting the time-step model:	dsmcConstantTimeStepModel

Constant time-step model:
- time-step [sec]	6.640048894e-08

Selecting the porous measurement model:	dsmcNoPorousMediumMeasurements


Creating dsmcControllers

Creating fields: 

Selecting field: dsmcVolFields

TimeData Statistics: 
 measurement option: write
 nSamples: 1, time interval: 6.640048894e-08
 nAverages: 15060, time interval: 0.0009999913634
 total no. of sampling steps: 0
 total no. of averaging Steps: 0


Selecting the coordinate system model:	dsmcCartesian

Selecting the time-step model:	dsmcConstantTimeStepModel

Constant time-step model:
- time-step [sec]	6.640048894e-08

Selecting the porous measurement model:	dsmcNoPorousMediumMeasurements


Creating dsmcControllers

Creating fields: 

Selecting field: dsmcVolFields

TimeData Statistics: 
 measurement option: write
 nSamples: 1, time interval: 6.640048894e-08
 nAverages: 15060, time interval: 0.0009999913634
 total no. of sampling steps: 0
 total no. of averaging Steps: 0


Selecting field: dsmcVolFields

TimeData Statistics: 
 measurement option: write
 nSamples: 1, time interval: 6.640048894e-08
 nAverages: 15060, time interval: 0.0009999913634
 total no. of sampling steps: 0
 total no. of averaging Steps: 0


Selecting field: dsmcVolFields

TimeData Statistics: 
 measurement option: write
 nSamples: 1, time interval: 6.640048894e-08
 nAverages: 15060, time interval: 0.0009999913634
 total no. of sampling steps: 0
 total no. of averaging Steps: 0


Selecting field: dsmcVolFields

TimeData Statistics: 
 measurement option: write
 nSamples: 1, time interval: 6.640048894e-08
 nAverages: 15060, time interval: 0.0009999913634
 total no. of sampling steps: 0
 total no. of averaging Steps: 0


Selecting field: dsmcVolFields

TimeData Statistics: 
 measurement option: write
 nSamples: 1, time interval: 6.640048894e-08
 nAverages: 15060, time interval: 0.0009999913634
 total no. of sampling steps: 0
 total no. of averaging Steps: 0


Selecting field: dsmcVolFields

TimeData Statistics: 
 measurement option: write
 nSamples: 1, time interval: 6.640048894e-08
 nAverages: 15060, time interval: 0.0009999913634
 total no. of sampling steps: 0
 total no. of averaging Steps: 0


Selecting field: dsmcVolFields

TimeData Statistics: 
 measurement option: write
 nSamples: 1, time interval: 6.640048894e-08
 nAverages: 15060, time interval: 0.0009999913634
 total no. of sampling steps: 0
 total no. of averaging Steps: 0


Selecting field: dsmcVolFields

TimeData Statistics: 
 measurement option: write
 nSamples: 1, time interval: 6.640048894e-08
 nAverages: 15060, time interval: 0.0009999913634
 total no. of sampling steps: 0
 total no. of averaging Steps: 0


Selecting field: dsmcVolFields

TimeData Statistics: 
 measurement option: write
 nSamples: 1, time interval: 6.640048894e-08
 nAverages: 15060, time interval: 0.0009999913634
 total no. of sampling steps: 0
 total no. of averaging Steps: 0


Selecting field: dsmcVolFields

TimeData Statistics: 
 measurement option: write
 nSamples: 1, time interval: 6.640048894e-08
 nAverages: 15060, time interval: 0.0009999913634
 total no. of sampling steps: 0
 total no. of averaging Steps: 0


Selecting field: dsmcVolFields

TimeData Statistics: 
 measurement option: write
 nSamples: 1, time interval: 6.640048894e-08
 nAverages: 15060, time interval: 0.0009999913634
 total no. of sampling steps: 0
 total no. of averaging Steps: 0


Selecting field: dsmcVolFields

TimeData Statistics: 
 measurement option: write
 nSamples: 1, time interval: 6.640048894e-08
 nAverages: 15060, time interval: 0.0009999913634
 total no. of sampling steps: 0
 total no. of averaging Steps: 0


Selecting field: dsmcVolFields

TimeData Statistics: 
 measurement option: write
 nSamples: 1, time interval: 6.640048894e-08
 nAverages: 15060, time interval: 0.0009999913634
 total no. of sampling steps: 0
 total no. of averaging Steps: 0


Selecting field: dsmcVolFields

TimeData Statistics: 
 measurement option: write
 nSamples: 1, time interval: 6.640048894e-08
 nAverages: 15060, time interval: 0.0009999913634
 total no. of sampling steps: 0
 total no. of averaging Steps: 0


Selecting field: dsmcVolFields

TimeData Statistics: 
 measurement option: write
 nSamples: 1, time interval: 6.640048894e-08
 nAverages: 15060, time interval: 0.0009999913634
 total no. of sampling steps: 0
 total no. of averaging Steps: 0


Selecting the coordinate system model:	dsmcCartesian

Selecting the time-step model:	dsmcConstantTimeStepModel

Constant time-step model:
- time-step [sec]	6.640048894e-08

Selecting the porous measurement model:	dsmcNoPorousMediumMeasurements


Creating dsmcControllers

Creating fields: 

Selecting field: dsmcVolFields

TimeData Statistics: 
 measurement option: write
 nSamples: 1, time interval: 6.640048894e-08
 nAverages: 15060, time interval: 0.0009999913634
 total no. of sampling steps: 0
 total no. of averaging Steps: 0


Selecting field: dsmcVolFields

TimeData Statistics: 
 measurement option: write
 nSamples: 1, time interval: 6.640048894e-08
 nAverages: 15060, time interval: 0.0009999913634
 total no. of sampling steps: 0
 total no. of averaging Steps: 0


Creating the boundary models: 

Selecting dsmcPatchBoundaryModel dsmcDeletionPatch
Selecting dsmcPatchBoundaryModel dsmcDeletionPatch
Selecting dsmcPatchBoundaryModel dsmcDiffuseWallPatch
Selecting dsmcGeneralBoundaryModel dsmcFreeStreamInflowPatch
Creating the boundary models: 

Selecting dsmcPatchBoundaryModel dsmcDeletionPatch
Selecting dsmcPatchBoundaryModel dsmcDeletionPatch
Selecting dsmcPatchBoundaryModel dsmcDiffuseWallPatch
Selecting dsmcGeneralBoundaryModel dsmcFreeStreamInflowPatch
Selecting BinaryCollisionModel LarsenBorgnakkeVariableHardSphere

Creating dsmcReactions

Selecting the reaction model dissociationQK
Selecting the reaction model dissociationExchangeQK
Selecting the reaction model dissociationQK
Selecting the reaction model dissociationQK
Selecting the reaction model dissociationQK
Selecting the reaction model dissociationQK
Selecting the reaction model dissociationQK
Selecting the reaction model dissociationExchangeQK
Selecting the reaction model dissociationQK
Selecting the reaction model dissociationExchangeQK
Selecting the reaction model dissociationExchangeQK
Selecting the reaction model dissociationQK
Number of reactions created: 12
Selecting BinaryCollisionModel LarsenBorgnakkeVariableHardSphere

Creating dsmcReactions

Selecting the reaction model dissociationQK
Selecting the reaction model dissociationExchangeQK
Selecting the reaction model dissociationQK
Selecting the reaction model dissociationQK
Selecting the reaction model dissociationQK
Selecting the reaction model dissociationQK
Selecting the reaction model dissociationQK
Selecting the reaction model dissociationExchangeQK
Selecting the reaction model dissociationQK
Selecting the reaction model dissociationExchangeQK
Selecting the reaction model dissociationExchangeQK
Selecting the reaction model dissociationQK
Number of reactions created: 12
Selecting field: dsmcVolFields

TimeData Statistics: 
 measurement option: write
 nSamples: 1, time interval: 6.640048894e-08
 nAverages: 15060, time interval: 0.0009999913634
 total no. of sampling steps: 0
 total no. of averaging Steps: 0


Creating the boundary models: 

Selecting dsmcPatchBoundaryModel dsmcDeletionPatch
Selecting dsmcPatchBoundaryModel dsmcDeletionPatch
Selecting dsmcPatchBoundaryModel dsmcDiffuseWallPatch
Selecting dsmcGeneralBoundaryModel dsmcFreeStreamInflowPatch
Selecting BinaryCollisionModel LarsenBorgnakkeVariableHardSphere

Creating dsmcReactions

Selecting the reaction model dissociationQK
Selecting the reaction model dissociationExchangeQK
Selecting the reaction model dissociationQK
Selecting the reaction model dissociationQK
Selecting the reaction model dissociationQK
Selecting the reaction model dissociationQK
Selecting the reaction model dissociationQK
Selecting the reaction model dissociationExchangeQK
Selecting the reaction model dissociationQK
Selecting the reaction model dissociationExchangeQK
Selecting the reaction model dissociationExchangeQK
Selecting the reaction model dissociationQK
Number of reactions created: 12
Selecting field: dsmcVolFields

TimeData Statistics: 
 measurement option: write
 nSamples: 1, time interval: 6.640048894e-08
 nAverages: 15060, time interval: 0.0009999913634
 total no. of sampling steps: 0
 total no. of averaging Steps: 0


Selecting field: dsmcVolFields

TimeData Statistics: 
 measurement option: write
 nSamples: 1, time interval: 6.640048894e-08
 nAverages: 15060, time interval: 0.0009999913634
 total no. of sampling steps: 0
 total no. of averaging Steps: 0


Selecting field: dsmcVolFields

TimeData Statistics: 
 measurement option: write
 nSamples: 1, time interval: 6.640048894e-08
 nAverages: 15060, time interval: 0.0009999913634
 total no. of sampling steps: 0
 total no. of averaging Steps: 0


Selecting field: dsmcVolFields

TimeData Statistics: 
 measurement option: write
 nSamples: 1, time interval: 6.640048894e-08
 nAverages: 15060, time interval: 0.0009999913634
 total no. of sampling steps: 0
 total no. of averaging Steps: 0


Creating the boundary models: 

Selecting dsmcPatchBoundaryModel dsmcDeletionPatch
Selecting dsmcPatchBoundaryModel dsmcDeletionPatch
Selecting dsmcPatchBoundaryModel dsmcDiffuseWallPatch
Selecting dsmcGeneralBoundaryModel dsmcFreeStreamInflowPatch
Selecting BinaryCollisionModel LarsenBorgnakkeVariableHardSphere

Creating dsmcReactions

Selecting the reaction model dissociationQK
Selecting the reaction model dissociationExchangeQK
Selecting the reaction model dissociationQK
Selecting the reaction model dissociationQK
Selecting the reaction model dissociationQK
Selecting the reaction model dissociationQK
Selecting the reaction model dissociationQK
Selecting the reaction model dissociationExchangeQK
Selecting the reaction model dissociationQK
Selecting the reaction model dissociationExchangeQK
Selecting the reaction model dissociationExchangeQK
Selecting the reaction model dissociationQK
Number of reactions created: 12

Constructing constant properties for
	N2
	O2
	NO
	N
	O

Constructing constant properties for
	N2
	O2
	NO
	N
	O

Constructing constant properties for
	N2
	O2
	NO
	N
	O
Selecting collisionPartnerSelectionModel noTimeCounter

Initialising the measurement fields

Initialising dsmcVolFields field
Initialising dsmcVolFields field
Initialising dsmcVolFields field
Initialising dsmcVolFields field
Initialising dsmcVolFields field
Initialising dsmcVolFields field
Selecting collisionPartnerSelectionModel noTimeCounter

Initialising the measurement fields

Initialising dsmcVolFields field
Initialising dsmcVolFields field
Initialising dsmcVolFields field
Initialising dsmcVolFields field
Initialising dsmcVolFields field
Initialising dsmcVolFields field
Selecting collisionPartnerSelectionModel noTimeCounter

Initialising the measurement fields

Initialising dsmcVolFields field
Initialising dsmcVolFields field
Initialising dsmcVolFields field
Initialising dsmcVolFields field
Initialising dsmcVolFields field
Initialising dsmcVolFields field

Constructing constant properties for
	N2
	O2
	NO
	N
	O
Selecting collisionPartnerSelectionModel noTimeCounter

Initialising the measurement fields

Initialising dsmcVolFields field
Initialising dsmcVolFields field
Initialising dsmcVolFields field
Initialising dsmcVolFields field
Initialising dsmcVolFields field
Initialising dsmcVolFields field
Replicated mesh: METIS decomposition complete, 60000 cells -> 4 ranks
Replicated mesh: rank 0 owns 15022 / 60000 cells
Local mesh: 15022 owned + 492 halo = 15514 / 60000 cells
Replicated mesh: no-Alltoall async migration enabled
Replicated mesh: flatTransfer=1 found=1
Replicated mesh: flat POD transfer enabled
Phase C auto DLB: enabled (ParMETIS AdaptiveRepart), imbalanceThreshold=1.5, dlbSteps=50, sarSteps=10, triggerMode=legacyWindow, minGapSteps=50, checkCollective=allgather, skipFixedKPostDiag=0
Replicated mesh: initialized with 4 MPI ranks, migrate interval 10

Starting time loop

Replicated mesh: initial particle distribution

Replicated mesh: rank 0 kept 201681 parcels, deleted 1105064 non-owned parcels
Time = 6.640048894e-07

    Collisions                      = 25893
    Collision candidates           = 34461
    Collision acceptance rate      = 0.7513711152

    Number of DSMC particles        = 1330284
    Number of stuck particles       = 0
    Number of free particles        = 1330284
    Average linear kinetic energy   = 1.893417733e-19
    Average rotational energy       = 1.32906169e-21
    Average vibrational energy      = 1.170707308e-25
    Average electronic energy       = 0
    Total energy                    = 0.001521879101

Stage 1.0  ExecutionTime = 6.53 s  ClockTime = 5 s  Iteration 10 (0.39 s)

Time = 1.328009779e-06

    Collisions                      = 36015
    Collision candidates           = 54356
    Collision acceptance rate      = 0.6625763485

    Number of DSMC particles        = 1353919
    Number of stuck particles       = 0
    Number of free particles        = 1353919
    Average linear kinetic energy   = 1.865980095e-19
    Average rotational energy       = 1.554519532e-21
    Average vibrational energy      = 1.380324702e-25
    Average electronic energy       = 0
    Total energy                    = 0.001528460825

Stage 1.0  ExecutionTime = 9.85 s  ClockTime = 7 s  Iteration 20 (0.39 s)

Time = 1.992014668e-06

    Collisions                      = 46112
    Collision candidates           = 75333
    Collision acceptance rate      = 0.6121089031

    Number of DSMC particles        = 1377411
    Number of stuck particles       = 0
    Number of free particles        = 1377411
    Average linear kinetic energy   = 1.841394205e-19
    Average rotational energy       = 1.870109337e-21
    Average vibrational energy      = 2.261305014e-25
    Average electronic energy       = 0
    Total energy                    = 0.001537271304

Stage 1.0  ExecutionTime = 13.37 s  ClockTime = 9 s  Iteration 30 (0.43 s)

Time = 2.656019558e-06

    Collisions                      = 56590
    Collision candidates           = 95750
    Collision acceptance rate      = 0.5910182768

    Number of DSMC particles        = 1401011
    Number of stuck particles       = 0
    Number of free particles        = 1401011
    Average linear kinetic energy   = 1.819172324e-19
    Average rotational energy       = 2.265693491e-21
    Average vibrational energy      = 2.777735617e-25
    Average electronic energy       = 0
    Total energy                    = 0.001548256166

Stage 1.0  ExecutionTime = 17.01 s  ClockTime = 11 s  Iteration 40 (0.42 s)

Time = 3.320024447e-06

    Collisions                      = 66251
    Collision candidates           = 116386
    Collision acceptance rate      = 0.5692351314

    Number of DSMC particles        = 1424433
    Number of stuck particles       = 0
    Number of free particles        = 1424433
    Average linear kinetic energy   = 1.798811811e-19
    Average rotational energy       = 2.705061077e-21
    Average vibrational energy      = 2.623988408e-25
    Average electronic energy       = 0
    Total energy                    = 0.001560493455

Stage 1.0  ExecutionTime = 20.75 s  ClockTime = 13 s  Iteration 50 (0.41 s)

Time = 3.984029336e-06

    Collisions                      = 75410
    Collision candidates           = 135502
    Collision acceptance rate      = 0.5565231509

    Number of DSMC particles        = 1447668
    Number of stuck particles       = 0
    Number of free particles        = 1447668
    Average linear kinetic energy   = 1.779865536e-19
    Average rotational energy       = 3.186172894e-21
    Average vibrational energy      = 2.79702965e-25
    Average electronic energy       = 0
    Total energy                    = 0.001573670181

Stage 1.0  ExecutionTime = 24.58 s  ClockTime = 14 s  Iteration 60 (0.44 s)

Time = 4.648034226e-06

    Collisions                      = 85501
    Collision candidates           = 155567
    Collision acceptance rate      = 0.5496088502

    Number of DSMC particles        = 1471182
    Number of stuck particles       = 0
    Number of free particles        = 1471182
    Average linear kinetic energy   = 1.762276046e-19
    Average rotational energy       = 3.681133386e-21
    Average vibrational energy      = 4.122386799e-25
    Average electronic energy       = 0
    Total energy                    = 0.001588074621

Stage 1.0  ExecutionTime = 28.56 s  ClockTime = 17 s  Iteration 70 (0.49 s)

Time = 5.312039115e-06

    Collisions                      = 94566
    Collision candidates           = 173985
    Collision acceptance rate      = 0.5435296146

    Number of DSMC particles        = 1494386
    Number of stuck particles       = 0
    Number of free particles        = 1494386
    Average linear kinetic energy   = 1.746003075e-19
    Average rotational energy       = 4.204166198e-21
    Average vibrational energy      = 6.142675089e-25
    Average electronic energy       = 0
    Total energy                    = 0.001603222922

Stage 1.0  ExecutionTime = 32.59 s  ClockTime = 19 s  Iteration 80 (0.45 s)

Time = 5.976044005e-06

    Collisions                      = 102378
    Collision candidates           = 191412
    Collision acceptance rate      = 0.5348567488


Phase C auto DLB triggered (SAR) at step 90: sar=0.001806981833 loadImbalance=1.073238687 threshold=1.5
Phase C ParMETIS: alpha=0.8 ncon=2 ubvec=[1.049999952,1.5] moveRatio=0.5906041561 (moveT=7.436256083s, collT=5.154674757s)
Phase C ParMETIS: AdaptiveRepart (60000 cells, 2 constraints, ubvec=1.049999952)
Replicated mesh: rank 0 owns 16882 / 60000 cells
Local mesh: 16882 owned + 592 halo = 17474 / 60000 cells
Phase C ParMETIS AdaptiveRepart: 58065 / 60000 cells changed (0.96775)
Phase C auto DLB complete: rebalance #1

    Number of DSMC particles        = 1517552
    Number of stuck particles       = 0
    Number of free particles        = 1517552
    Average linear kinetic energy   = 1.730694362e-19
    Average rotational energy       = 4.719084691e-21
    Average vibrational energy      = 1.507035875e-24
    Average electronic energy       = 0
    Total energy                    = 0.001618833674

Stage 1.0  ExecutionTime = 37.16 s  ClockTime = 21 s  Iteration 90 (0.89 s)

Time = 6.640048894e-06

    Collisions                      = 106932
    Collision candidates           = 183511
    Collision acceptance rate      = 0.5827007645

    Number of DSMC particles        = 1540814
    Number of stuck particles       = 0
    Number of free particles        = 1540814
    Average linear kinetic energy   = 1.71656126e-19
    Average rotational energy       = 5.110713781e-21
    Average vibrational energy      = 2.160668944e-24
    Average electronic energy       = 0
    Total energy                    = 0.001634208904

Stage 1.0  ExecutionTime = 40.96 s  ClockTime = 23 s  Iteration 100 (0.42 s)

Time = 7.304053783e-06

    Collisions                      = 116813
    Collision candidates           = 207992
    Collision acceptance rate      = 0.5616225624

    Number of DSMC particles        = 1563835
    Number of stuck particles       = 0
    Number of free particles        = 1563835
    Average linear kinetic energy   = 1.702347444e-19
    Average rotational energy       = 5.6483369e-21
    Average vibrational energy      = 2.328035629e-24
    Average electronic energy       = 0
    Total energy                    = 0.001650334555

Stage 1.0  ExecutionTime = 45.12 s  ClockTime = 25 s  Iteration 110 (0.47 s)

Time = 7.968058673e-06

    Collisions                      = 123900
    Collision candidates           = 226627
    Collision acceptance rate      = 0.5467133219

    Number of DSMC particles        = 1586596
    Number of stuck particles       = 0
    Number of free particles        = 1586596
    Average linear kinetic energy   = 1.689029109e-19
    Average rotational energy       = 6.149922708e-21
    Average vibrational energy      = 2.775047361e-24
    Average electronic energy       = 0
    Total energy                    = 0.001666455171

Stage 1.0  ExecutionTime = 49.49 s  ClockTime = 27 s  Iteration 120 (0.49 s)

Time = 8.632063562e-06

    Collisions                      = 131475
    Collision candidates           = 242771
    Collision acceptance rate      = 0.5415597415

    Number of DSMC particles        = 1609265
    Number of stuck particles       = 0
    Number of free particles        = 1609265
    Average linear kinetic energy   = 1.676359436e-19
    Average rotational energy       = 6.673725351e-21
    Average vibrational energy      = 3.296584834e-24
    Average electronic energy       = 0
    Total energy                    = 0.001683094527

Stage 1.0  ExecutionTime = 54.04 s  ClockTime = 29 s  Iteration 130 (0.53 s)

Dissociation reaction O2 + N2 --> O + O + N2 is active, nReactions this time step = 1
Dissociation reaction O2 + N2 --> O + O + N2 is active, nReactions this time step = 0
Dissociation reaction O2 + N2 --> O + O + N2 is active, nReactions this time step = 0
Dissociation reaction O2 + N2 --> O + O + N2 is active, nReactions this time step = 0
Dissociation reaction O2 + N2 --> O + O + N2 is active, nReactions this time step = 0
Dissociation reaction O2 + N2 --> O + O + N2 is active, nReactions this time step = 0
Dissociation reaction O2 + N2 --> O + O + N2 is active, nReactions this time step = 0
Time = 9.296068452e-06

    Collisions                      = 138681
    Collision candidates           = 258438
    Collision acceptance rate      = 0.5366122629

Dissociation reaction O2 + N2 --> O + O + N2 is active, nReactions this time step = 0
    Number of DSMC particles        = 1631571
    Number of stuck particles       = 0
    Number of free particles        = 1631571
    Average linear kinetic energy   = 1.664431372e-19
    Average rotational energy       = 7.186894874e-21
    Average vibrational energy      = 3.670846009e-24
    Average electronic energy       = 0
    Total energy                    = 0.001699774286

Stage 1.0  ExecutionTime = 58.82 s  ClockTime = 32 s  Iteration 140 (0.51 s)

Dissociation reaction O2 + N2 --> O + O + N2 is active, nReactions this time step = 0
Dissociation reaction O2 + N2 --> O + O + N2 is active, nReactions this time step = 0
Dissociation reaction O2 + N2 --> O + O + N2 is active, nReactions this time step = 0
Dissociation reaction O2 + N2 --> O + O + N2 is active, nReactions this time step = 0
Dissociation reaction O2 + N2 --> O + O + N2 is active, nReactions this time step = 0
Dissociation reaction O2 + N2 --> O + O + N2 is active, nReactions this time step = 0
Dissociation reaction O2 + N2 --> O + O + N2 is active, nReactions this time step = 0
Dissociation reaction O2 + N2 --> O + O + N2 is active, nReactions this time step = 0
Dissociation reaction O2 + N2 --> O + O + N2 is active, nReactions this time step = 0
Time = 9.960073341e-06

    Collisions                      = 145108
    Collision candidates           = 273387
    Collision acceptance rate      = 0.530778713


Phase C auto DLB triggered (SAR) at step 150: sar=1.038603333e-05 loadImbalance=1.041085039 threshold=1.5
Phase C ParMETIS: alpha=0.8 ncon=2 ubvec=[1.049999952,1.5] moveRatio=0.6457446948 (moveT=14.68921402s, collT=8.058497478s)
Phase C ParMETIS: AdaptiveRepart (60000 cells, 2 constraints, ubvec=1.049999952)
Replicated mesh: rank 0 owns 16872 / 60000 cells
Local mesh: 16872 owned + 635 halo = 17507 / 60000 cells
Phase C ParMETIS AdaptiveRepart: 30989 / 60000 cells changed (0.5164833333)
Phase C auto DLB complete: rebalance #2

Dissociation reaction O2 + N2 --> O + O + N2 is active, nReactions this time step = 0
    Number of DSMC particles        = 1653719
    Number of stuck particles       = 0
    Number of free particles        = 1653719
    Average linear kinetic energy   = 1.653274552e-19
    Average rotational energy       = 7.676525658e-21
    Average vibrational energy      = 4.101861768e-24
    Average electronic energy       = 0
    Total energy                    = 0.001716640521

Stage 1.0  ExecutionTime = 64.12 s  ClockTime = 34 s  Iteration 150 (0.99 s)

Dissociation reaction O2 + N2 --> O + O + N2 is active, nReactions this time step = 0
Dissociation reaction O2 + N2 --> O + O + N2 is active, nReactions this time step = 0
Dissociation reaction O2 + N2 --> O + O + N2 is active, nReactions this time step = 0
Dissociation reaction O2 + N2 --> O + O + N2 is active, nReactions this time step = 0
Dissociation reaction O2 + N2 --> O + O + N2 is active, nReactions this time step = 0
Dissociation reaction O2 + N2 --> O + O + N2 is active, nReactions this time step = 0
Dissociation reaction O2 + N2 --> O + O + N2 is active, nReactions this time step = 0
Dissociation reaction O2 + N2 --> O + O + N2 is active, nReactions this time step = 0
Dissociation reaction O2 + N2 --> O + O + N2 is active, nReactions this time step = 0
Time = 1.062407823e-05

    Collisions                      = 144800
    Collision candidates           = 259621
    Collision acceptance rate      = 0.5577360845

Dissociation reaction O2 + N2 --> O + O + N2 is active, nReactions this time step = 0
    Number of DSMC particles        = 1675893
    Number of stuck particles       = 0
    Number of free particles        = 1675893
    Average linear kinetic energy   = 1.64362901e-19
    Average rotational energy       = 7.967137447e-21
    Average vibrational energy      = 4.780542218e-24
    Average electronic energy       = 0
    Total energy                    = 0.001732888301

Stage 1.0  ExecutionTime = 68.67 s  ClockTime = 37 s  Iteration 160 (0.52 s)

Dissociation reaction O2 + N2 --> O + O + N2 is active, nReactions this time step = 0
Dissociation reaction O2 + N2 --> O + O + N2 is active, nReactions this time step = 0
Dissociation reaction O2 + N2 --> O + O + N2 is active, nReactions this time step = 0
Dissociation reaction O2 + N2 --> O + O + N2 is active, nReactions this time step = 0
Dissociation reaction O2 + N2 --> O + O + N2 is active, nReactions this time step = 0
Dissociation reaction O2 + N2 --> O + O + N2 is active, nReactions this time step = 0
Dissociation reaction O2 + N2 --> O + O + N2 is active, nReactions this time step = 0
Dissociation reaction O2 + N2 --> O + O + N2 is active, nReactions this time step = 0
Dissociation reaction O2 + N2 --> O + O + N2 is active, nReactions this time step = 0
Time = 1.128808312e-05

    Collisions                      = 151672
    Collision candidates           = 278208
    Collision acceptance rate      = 0.5451748332

Dissociation reaction O2 + N2 --> O + O + N2 is active, nReactions this time step = 0
    Number of DSMC particles        = 1697739
    Number of stuck particles       = 0
    Number of free particles        = 1697739
    Average linear kinetic energy   = 1.632281943e-19
    Average rotational energy       = 8.429209601e-21
    Average vibrational energy      = 5.487675082e-24
    Average electronic energy       = 0
    Total energy                    = 0.001748632715

Stage 1.0  ExecutionTime = 73.47 s  ClockTime = 39 s  Iteration 170 (0.57 s)

Dissociation reaction O2 + N2 --> O + O + N2 is active, nReactions this time step = 0
Dissociation reaction O2 + N2 --> O + O + N2 is active, nReactions this time step = 0
Dissociation reaction O2 + N2 --> O + O + N2 is active, nReactions this time step = 0
Dissociation reaction O2 + N2 --> O + O + N2 is active, nReactions this time step = 0
Dissociation reaction O2 + N2 --> O + O + N2 is active, nReactions this time step = 0
Dissociation reaction O2 + N2 --> O + O + N2 is active, nReactions this time step = 0
Dissociation reaction O2 + N2 --> O + O + N2 is active, nReactions this time step = 0
Dissociation reaction O2 + N2 --> O + O + N2 is active, nReactions this time step = 0
Dissociation reaction O2 + N2 --> O + O + N2 is active, nReactions this time step = 0
Time = 1.195208801e-05

    Collisions                      = 156314
    Collision candidates           = 291435
    Collision acceptance rate      = 0.5363597372

Dissociation reaction O2 + N2 --> O + O + N2 is active, nReactions this time step = 0
    Number of DSMC particles        = 1719199
    Number of stuck particles       = 0
    Number of free particles        = 1719199
    Average linear kinetic energy   = 1.621859138e-19
    Average rotational energy       = 8.889287378e-21
    Average vibrational energy      = 6.197389065e-24
    Average electronic energy       = 0
    Total energy                    = 0.001764737816

Stage 1.0  ExecutionTime = 78.53 s  ClockTime = 42 s  Iteration 180 (0.53 s)

Dissociation reaction O2 + N2 --> O + O + N2 is active, nReactions this time step = 0
Dissociation reaction O2 + N2 --> O + O + N2 is active, nReactions this time step = 0
Dissociation reaction O2 + N2 --> O + O + N2 is active, nReactions this time step = 0
Dissociation reaction O2 + N2 --> O + O + N2 is active, nReactions this time step = 0
Dissociation reaction O2 + N2 --> O + O + N2 is active, nReactions this time step = 0
Dissociation reaction O2 + N2 --> O + O + N2 is active, nReactions this time step = 0
Dissociation reaction O2 + N2 --> O + O + N2 is active, nReactions this time step = 0
Dissociation reaction O2 + N2 --> O + O + N2 is active, nReactions this time step = 0
Dissociation reaction O2 + N2 --> O + O + N2 is active, nReactions this time step = 0
Time = 1.26160929e-05

    Collisions                      = 162200
    Collision candidates           = 305098
    Collision acceptance rate      = 0.5316324591

Dissociation reaction O2 + N2 --> O + O + N2 is active, nReactions this time step = 0
    Number of DSMC particles        = 1740577
    Number of stuck particles       = 0
    Number of free particles        = 1740577
    Average linear kinetic energy   = 1.611732956e-19
    Average rotational energy       = 9.343187807e-21
    Average vibrational energy      = 6.434123425e-24
    Average electronic energy       = 0
    Total energy                    = 0.001780849609

Stage 1.0  ExecutionTime = 83.75 s  ClockTime = 44 s  Iteration 190 (0.56 s)

Dissociation reaction O2 + N2 --> O + O + N2 is active, nReactions this time step = 0
Dissociation reaction O2 + N2 --> O + O + N2 is active, nReactions this time step = 0
Dissociation reaction O2 + N2 --> O + O + N2 is active, nReactions this time step = 0
Dissociation reaction O2 + N2 --> O + O + N2 is active, nReactions this time step = 0
Dissociation reaction O2 + N2 --> O + O + N2 is active, nReactions this time step = 0
Dissociation reaction O2 + N2 --> O + O + N2 is active, nReactions this time step = 0
Dissociation reaction O2 + N2 --> O + O + N2 is active, nReactions this time step = 0
Dissociation reaction O2 + N2 --> O + O + N2 is active, nReactions this time step = 0
Dissociation reaction O2 + N2 --> O + O + N2 is active, nReactions this time step = 0
Time = 1.328009779e-05

    Collisions                      = 167767
    Collision candidates           = 318007
    Collision acceptance rate      = 0.5275575695

Dissociation reaction O2 + N2 --> O + O + N2 is active, nReactions this time step = 0
    Number of DSMC particles        = 1761594
    Number of stuck particles       = 0
    Number of free particles        = 1761594
    Average linear kinetic energy   = 1.602730866e-19
    Average rotational energy       = 9.739503947e-21
    Average vibrational energy      = 6.852439462e-24
    Average electronic energy       = 0
    Total energy                    = 0.001797031384

Stage 1.0  ExecutionTime = 89.18 s  ClockTime = 47 s  Iteration 200 (0.59 s)

Dissociation reaction O2 + N2 --> O + O + N2 is active, nReactions this time step = 0
Dissociation reaction O2 + N2 --> O + O + N2 is active, nReactions this time step = 0
Dissociation reaction O2 + N2 --> O + O + N2 is active, nReactions this time step = 0
Dissociation reaction O2 + N2 --> O + O + N2 is active, nReactions this time step = 0
Dissociation reaction O2 + N2 --> O + O + N2 is active, nReactions this time step = 0
Dissociation reaction O2 + N2 --> O + O + N2 is active, nReactions this time step = 0
Dissociation reaction O2 + N2 --> O + O + N2 is active, nReactions this time step = 0
Dissociation reaction O2 + N2 --> O + O + N2 is active, nReactions this time step = 0
Dissociation reaction O2 + N2 --> O + O + N2 is active, nReactions this time step = 0
Time = 1.394410268e-05

    Collisions                      = 174194
    Collision candidates           = 330677
    Collision acceptance rate      = 0.5267799091

Dissociation reaction O2 + N2 --> O + O + N2 is active, nReactions this time step = 0
    Number of DSMC particles        = 1782516
    Number of stuck particles       = 0
    Number of free particles        = 1782516
    Average linear kinetic energy   = 1.593698553e-19
    Average rotational energy       = 1.017055631e-20
    Average vibrational energy      = 7.400868198e-24
    Average electronic energy       = 0
    Total energy                    = 0.001813330131

Stage 1.0  ExecutionTime = 94.8 s  ClockTime = 50 s  Iteration 210 (0.65 s)

Dissociation reaction O2 + N2 --> O + O + N2 is active, nReactions this time step = 0
Dissociation reaction O2 + N2 --> O + O + N2 is active, nReactions this time step = 0
Dissociation reaction O2 + N2 --> O + O + N2 is active, nReactions this time step = 0
Dissociation reaction O2 + N2 --> O + O + N2 is active, nReactions this time step = 0
Dissociation reaction O2 + N2 --> O + O + N2 is active, nReactions this time step = 0
Dissociation reaction O2 + N2 --> O + O + N2 is active, nReactions this time step = 0
Dissociation reaction O2 + N2 --> O + O + N2 is active, nReactions this time step = 0
Dissociation reaction O2 + N2 --> O + O + N2 is active, nReactions this time step = 0
Dissociation reaction O2 + N2 --> O + O + N2 is active, nReactions this time step = 0
Time = 1.460810757e-05

    Collisions                      = 179118
    Collision candidates           = 342687
    Collision acceptance rate      = 0.5226868834

Dissociation reaction O2 + N2 --> O + O + N2 is active, nReactions this time step = 0
    Number of DSMC particles        = 1802658
    Number of stuck particles       = 0
    Number of free particles        = 1802658
    Average linear kinetic energy   = 1.585243229e-19
    Average rotational energy       = 1.055611405e-20
    Average vibrational energy      = 8.267503681e-24
    Average electronic energy       = 0
    Total energy                    = 0.001828854634

Stage 1.0  ExecutionTime = 100.66 s  ClockTime = 53 s  Iteration 220 (0.65 s)

Dissociation reaction O2 + N2 --> O + O + N2 is active, nReactions this time step = 0
Dissociation reaction O2 + N2 --> O + O + N2 is active, nReactions this time step = 0
Dissociation reaction O2 + N2 --> O + O + N2 is active, nReactions this time step = 0
Dissociation reaction O2 + N2 --> O + O + N2 is active, nReactions this time step = 0
Dissociation reaction O2 + N2 --> O + O + N2 is active, nReactions this time step = 0
Dissociation reaction O2 + N2 --> O + O + N2 is active, nReactions this time step = 0
Dissociation reaction O2 + N2 --> O + O + N2 is active, nReactions this time step = 0
Dissociation reaction O2 + N2 --> O + O + N2 is active, nReactions this time step = 0
Dissociation reaction O2 + N2 --> O + O + N2 is active, nReactions this time step = 0
Time = 1.527211246e-05

    Collisions                      = 185691
    Collision candidates           = 354825
    Collision acceptance rate      = 0.5233312196

Dissociation reaction O2 + N2 --> O + O + N2 is active, nReactions this time step = 0
    Number of DSMC particles        = 1823201
    Number of stuck particles       = 0
    Number of free particles        = 1823201
    Average linear kinetic energy   = 1.576902134e-19
    Average rotational energy       = 1.096228983e-20
    Average vibrational energy      = 9.10473505e-24
    Average electronic energy       = 0
    Total energy                    = 0.001845024073

Stage 1.0  ExecutionTime = 106.77 s  ClockTime = 56 s  Iteration 230 (0.68 s)

Dissociation reaction O2 + N2 --> O + O + N2 is active, nReactions this time step = 0
Dissociation reaction O2 + N2 --> O + O + N2 is active, nReactions this time step = 0
Dissociation reaction O2 + N2 --> O + O + N2 is active, nReactions this time step = 0
Dissociation reaction O2 + N2 --> O + O + N2 is active, nReactions this time step = 0
Dissociation reaction O2 + N2 --> O + O + N2 is active, nReactions this time step = 0
Dissociation reaction O2 + N2 --> O + O + N2 is active, nReactions this time step = 0
Dissociation reaction O2 + N2 --> O + O + N2 is active, nReactions this time step = 0
Dissociation reaction O2 + N2 --> O + O + N2 is active, nReactions this time step = 0
Dissociation reaction O2 + N2 --> O + O + N2 is active, nReactions this time step = 0
Time = 1.593611735e-05

    Collisions                      = 190848
    Collision candidates           = 366983
    Collision acceptance rate      = 0.5200458877

Dissociation reaction O2 + N2 --> O + O + N2 is active, nReactions this time step = 0
    Number of DSMC particles        = 1843422
    Number of stuck particles       = 0
    Number of free particles        = 1843422
    Average linear kinetic energy   = 1.568742031e-19
    Average rotational energy       = 1.136295135e-20
    Average vibrational energy      = 9.83220927e-24
    Average electronic energy       = 0
    Total energy                    = 0.001860901179

Stage 1.0  ExecutionTime = 112.99 s  ClockTime = 59 s  Iteration 240 (0.72 s)

Dissociation reaction O2 + N2 --> O + O + N2 is active, nReactions this time step = 0
Dissociation reaction O2 + N2 --> O + O + N2 is active, nReactions this time step = 0
Dissociation reaction O2 + N2 --> O + O + N2 is active, nReactions this time step = 0
Dissociation reaction O2 + N2 --> O + O + N2 is active, nReactions this time step = 0
Dissociation reaction O2 + N2 --> O + O + N2 is active, nReactions this time step = 0
Dissociation reaction O2 + N2 --> O + O + N2 is active, nReactions this time step = 0
Dissociation reaction O2 + N2 --> O + O + N2 is active, nReactions this time step = 0
Dissociation reaction O2 + N2 --> O + O + N2 is active, nReactions this time step = 0
Dissociation reaction O2 + N2 --> O + O + N2 is active, nReactions this time step = 0
Time = 1.660012224e-05

    Collisions                      = 196054
    Collision candidates           = 379049
    Collision acceptance rate      = 0.5172260051

Dissociation reaction O2 + N2 --> O + O + N2 is active, nReactions this time step = 0
    Number of DSMC particles        = 1863415
    Number of stuck particles       = 0
    Number of free particles        = 1863415
    Average linear kinetic energy   = 1.560854934e-19
    Average rotational energy       = 1.174074832e-20
    Average vibrational energy      = 1.071195435e-23
    Average electronic energy       = 0
    Total energy                    = 0.001876499382

Stage 1.0  ExecutionTime = 119.22 s  ClockTime = 62 s  Iteration 250 (0.7 s)

Dissociation reaction O2 + N2 --> O + O + N2 is active, nReactions this time step = 0
Dissociation reaction O2 + N2 --> O + O + N2 is active, nReactions this time step = 0
Dissociation reaction O2 + N2 --> O + O + N2 is active, nReactions this time step = 0
Dissociation reaction O2 + N2 --> O + O + N2 is active, nReactions this time step = 0
Dissociation reaction O2 + N2 --> O + O + N2 is active, nReactions this time step = 0
Dissociation reaction O2 + N2 --> O + O + N2 is active, nReactions this time step = 0
Dissociation reaction O2 + N2 --> O + O + N2 is active, nReactions this time step = 0
Dissociation reaction O2 + N2 --> O + O + N2 is active, nReactions this time step = 0
Dissociation reaction O2 + N2 --> O + O + N2 is active, nReactions this time step = 0
Time = 1.726412712e-05

    Collisions                      = 202544
    Collision candidates           = 391098
    Collision acceptance rate      = 0.5178855428

Dissociation reaction O2 + N2 --> O + O + N2 is active, nReactions this time step = 0
    Number of DSMC particles        = 1883306
    Number of stuck particles       = 0
    Number of free particles        = 1883306
    Average linear kinetic energy   = 1.55352064e-19
    Average rotational energy       = 1.209676096e-20
    Average vibrational energy      = 1.163105764e-23
    Average electronic energy       = 0
    Total energy                    = 0.001892275689

Stage 1.0  ExecutionTime = 125.62 s  ClockTime = 65 s  Iteration 260 (0.75 s)

Dissociation reaction O2 + N2 --> O + O + N2 is active, nReactions this time step = 0
Dissociation reaction O2 + N2 --> O + O + N2 is active, nReactions this time step = 0
Dissociation reaction O2 + N2 --> O + O + N2 is active, nReactions this time step = 0
Dissociation reaction O2 + N2 --> O + O + N2 is active, nReactions this time step = 0
Dissociation reaction O2 + N2 --> O + O + N2 is active, nReactions this time step = 0
Dissociation reaction O2 + N2 --> O + O + N2 is active, nReactions this time step = 0
Dissociation reaction O2 + N2 --> O + O + N2 is active, nReactions this time step = 0
Dissociation reaction O2 + N2 --> O + O + N2 is active, nReactions this time step = 0
Dissociation reaction O2 + N2 --> O + O + N2 is active, nReactions this time step = 0
Time = 1.792813201e-05

    Collisions                      = 208364
    Collision candidates           = 403729
    Collision acceptance rate      = 0.5160986701

Dissociation reaction O2 + N2 --> O + O + N2 is active, nReactions this time step = 0
    Number of DSMC particles        = 1902465
    Number of stuck particles       = 0
    Number of free particles        = 1902465
    Average linear kinetic energy   = 1.546171801e-19
    Average rotational energy       = 1.244813326e-20
    Average vibrational energy      = 1.311537853e-23
    Average electronic energy       = 0
    Total energy                    = 0.001907165177

Stage 1.0  ExecutionTime = 132.32 s  ClockTime = 68 s  Iteration 270 (0.78 s)

Dissociation reaction O2 + N2 --> O + O + N2 is active, nReactions this time step = 0
Dissociation reaction O2 + N2 --> O + O + N2 is active, nReactions this time step = 0
Dissociation reaction O2 + N2 --> O + O + N2 is active, nReactions this time step = 0
Dissociation reaction O2 + N2 --> O + O + N2 is active, nReactions this time step = 0
Dissociation reaction O2 + N2 --> O + O + N2 is active, nReactions this time step = 0
Dissociation reaction O2 + N2 --> O + O + N2 is active, nReactions this time step = 0
Dissociation reaction O2 + N2 --> O + O + N2 is active, nReactions this time step = 0
Dissociation reaction O2 + N2 --> O + O + N2 is active, nReactions this time step = 0
Dissociation reaction O2 + N2 --> O + O + N2 is active, nReactions this time step = 0
Time = 1.85921369e-05

    Collisions                      = 214185
    Collision candidates           = 415560
    Collision acceptance rate      = 0.5154129368

Dissociation reaction O2 + N2 --> O + O + N2 is active, nReactions this time step = 0
    Number of DSMC particles        = 1921731
    Number of stuck particles       = 0
    Number of free particles        = 1921731
    Average linear kinetic energy   = 1.538969886e-19
    Average rotational energy       = 1.279651789e-20
    Average vibrational energy      = 1.463542984e-23
    Average electronic energy       = 0
    Total energy                    = 0.001922209226

Stage 1.0  ExecutionTime = 139.22 s  ClockTime = 72 s  Iteration 280 (0.78 s)

Dissociation reaction O2 + N2 --> O + O + N2 is active, nReactions this time step = 0
Dissociation reaction O2 + N2 --> O + O + N2 is active, nReactions this time step = 0
Dissociation reaction O2 + N2 --> O + O + N2 is active, nReactions this time step = 0
Dissociation reaction O2 + N2 --> O + O + N2 is active, nReactions this time step = 0
Dissociation reaction O2 + N2 --> O + O + N2 is active, nReactions this time step = 0
Dissociation reaction O2 + N2 --> O + O + N2 is active, nReactions this time step = 0
Dissociation reaction O2 + N2 --> O + O + N2 is active, nReactions this time step = 0
Dissociation reaction O2 + N2 --> O + O + N2 is active, nReactions this time step = 0
Dissociation reaction O2 + N2 --> O + O + N2 is active, nReactions this time step = 0
Time = 1.925614179e-05

    Collisions                      = 219821
    Collision candidates           = 427293
    Collision acceptance rate      = 0.5144502718

Dissociation reaction O2 + N2 --> O + O + N2 is active, nReactions this time step = 0
    Number of DSMC particles        = 1940823
    Number of stuck particles       = 0
    Number of free particles        = 1940823
    Average linear kinetic energy   = 1.532275739e-19
    Average rotational energy       = 1.310705797e-20
    Average vibrational energy      = 1.533317861e-23
    Average electronic energy       = 0
    Total energy                    = 0.001937135029

Stage 1.0  ExecutionTime = 146.19 s  ClockTime = 75 s  Iteration 290 (0.79 s)

Dissociation reaction O2 + N2 --> O + O + N2 is active, nReactions this time step = 0
Dissociation reaction O2 + N2 --> O + O + N2 is active, nReactions this time step = 0
Dissociation reaction O2 + N2 --> O + O + N2 is active, nReactions this time step = 0
Dissociation reaction O2 + N2 --> O + O + N2 is active, nReactions this time step = 0
Dissociation reaction O2 + N2 --> O + O + N2 is active, nReactions this time step = 0
Dissociation reaction O2 + N2 --> O + O + N2 is active, nReactions this time step = 0
Dissociation reaction O2 + N2 --> O + O + N2 is active, nReactions this time step = 0
Dissociation reaction O2 + O2 --> O + O + O2 is active, nReactions this time step = 1
Dissociation reaction O2 + N2 --> O + O + N2 is active, nReactions this time step = 0
Dissociation reaction O2 + O2 --> O + O + O2 is active, nReactions this time step = 0
Dissociation reaction O2 + N2 --> O + O + N2 is active, nReactions this time step = 0
Dissociation reaction O2 + O2 --> O + O + O2 is active, nReactions this time step = 0
Time = 1.992014668e-05

    Collisions                      = 226205
    Collision candidates           = 439909
    Collision acceptance rate      = 0.5142086204

Dissociation reaction O2 + N2 --> O + O + N2 is active, nReactions this time step = 0
Dissociation reaction O2 + O2 --> O + O + O2 is active, nReactions this time step = 0
    Number of DSMC particles        = 1959525
    Number of stuck particles       = 0
    Number of free particles        = 1959525
    Average linear kinetic energy   = 1.525442708e-19
    Average rotational energy       = 1.343181628e-20
    Average vibrational energy      = 1.659220679e-23
    Average electronic energy       = 0
    Total energy                    = 0.001951600829

Stage 1.0  ExecutionTime = 153.52 s  ClockTime = 79 s  Iteration 300 (0.77 s)

End stage 1


DSMC solver profile summary
    solver profile steps          = 300
    move+collide wall [s]         = 64.97889474
    move only [s]                 = 39.74271855
    buildCellOccupancy [s]        = 7.15205339
    collision phase [s]           = 23.06877689
    post fields/output [s]        = 11.06409386
    total profiled [s]            = 81.02764269
    full evolve wall [s]          = 74.34856485
    move+collide cpu [s]          = 129.21
    move only cpu [s]             = 79.01
    buildCellOccupancy cpu [s]    = 13.47
    collision phase cpu [s]       = 46.28
    post fields/output cpu [s]    = 22.13
    total profiled cpu [s]        = 160.89
    full evolve cpu [s]           = 148.05
    OpenMP enabled                = 1
    OpenMP max threads            = 2
    OpenMP move                   = 1 (static, chunk 64)
    OpenMP collision              = dynamic, chunk 8


Replicated mesh profiling summary:
    migration calls             = 33
    migration wall time [s]     = 1.554571876
    local particles (final)     = 368948
    particles per rank          = min 368948 max 609647 max/min 1.652392749
    rank wall time (evolve, 300 steps): min 124.63 max 127.97 max/min 1.026799326
    Phase C auto DLB checks      = 300
    Phase C auto DLB rebalances = 2
    Phase C auto DLB triggered checks = 2
    Phase C auto DLB wall max [s]= 0.513072592
    Phase C auto DLB check max [s]= 0.08557207
    Phase C ParMETIS max [s]     = 0.148559662
    Phase C migration max [s]    = 0.313647053
    Phase C cellOwner write max [s] = 0
    Phase C post-diagnostic max [s] = 0.000123775
    Phase C auto DLB accounted max [s] = 0.54790256
    Phase C auto DLB residual max [s] = -0.034829968

Total Iterations = 300
End main

real 79.38
user 588.50
sys 27.25
