case=zb
mode=MPI4xOMP2
rep=2
np=4
OMP_NUM_THREADS=2
case_dir=/home/superxcx/code/OpenFoam/OF-1706/hyStrath_dlb/run/hyStrath/dsmcFoam+/xcx_test/zb-cylinder-react/mpi4omp2
controlDict=/home/superxcx/code/OpenFoam/OF-1706/hyStrath_dlb/doc/worklog/v2506/detail_mix/repeat_nowrite_compute_20260610_rerun/controlDicts/zb_MPI4xOMP2_rep2_controlDict
start=2026-06-10T02:51:46+08:00
/*---------------------------------------------------------------------------*\
| =========                 |                                                 |
| \\      /  F ield         | OpenFOAM: The Open Source CFD Toolbox           |
|  \\    /   O peration     | Version:  v1706                                 |
|   \\  /    A nd           | Web:      www.OpenFOAM.com                      |
|    \\/     M anipulation  |                                                 |
\*---------------------------------------------------------------------------*/
Build  : v1706
Arch   : "LSB;label=32;scalar=64"
Exec   : dsmcFoam+
Date   : Jun 10 2026
Time   : 02:51:46
Host   : "SuperXCX-ROG"
PID    : 2044345
/*---------------------------------------------------------------------------*\
| =========                 |                                                 |
| \\      /  F ield         | OpenFOAM: The Open Source CFD Toolbox           |
|  \\    /   O peration     | Version:  v1706                                 |
|   \\  /    A nd           | Web:      www.OpenFOAM.com                      |
|    \\/     M anipulation  |                                                 |
\*---------------------------------------------------------------------------*/
Build  : v1706
Arch   : "LSB;label=32;scalar=64"
Exec   : dsmcFoam+
Date   : Jun 10 2026
Time   : 02:51:46
Host   : "SuperXCX-ROG"
PID    : 2044346
/*---------------------------------------------------------------------------*\
| =========                 |                                                 |
| \\      /  F ield         | OpenFOAM: The Open Source CFD Toolbox           |
|  \\    /   O peration     | Version:  v1706                                 |
|   \\  /    A nd           | Web:      www.OpenFOAM.com                      |
|    \\/     M anipulation  |                                                 |
\*---------------------------------------------------------------------------*/
Build  : v1706
Arch   : "LSB;label=32;scalar=64"
Exec   : dsmcFoam+
Date   : Jun 10 2026
Time   : 02:51:46
Host   : "SuperXCX-ROG"
PID    : 2044347
/*---------------------------------------------------------------------------*\
| =========                 |                                                 |
| \\      /  F ield         | OpenFOAM: The Open Source CFD Toolbox           |
|  \\    /   O peration     | Version:  v1706                                 |
|   \\  /    A nd           | Web:      www.OpenFOAM.com                      |
|    \\/     M anipulation  |                                                 |
\*---------------------------------------------------------------------------*/
Build  : v1706
Arch   : "LSB;label=32;scalar=64"
Exec   : dsmcFoam+
Date   : Jun 10 2026
Time   : 02:51:46
Host   : "SuperXCX-ROG"
PID    : 2044348
Case   : /home/superxcx/code/OpenFoam/OF-1706/hyStrath_dlb/run/hyStrath/dsmcFoam+/xcx_test/zb-cylinder-react/mpi4omp2
nProcs : 1
sigFpe : Enabling floating point exception trapping (FOAM_SIGFPE).
Case   : /home/superxcx/code/OpenFoam/OF-1706/hyStrath_dlb/run/hyStrath/dsmcFoam+/xcx_test/zb-cylinder-react/mpi4omp2
nProcs : 1
sigFpe : Enabling floating point exception trapping (FOAM_SIGFPE).
fileModificationChecking : Monitoring run-time modified files using timeStampMaster (fileModificationSkew 10)
allowSystemOperations : Allowing user-supplied system call operations

Case   : /home/superxcx/code/OpenFoam/OF-1706/hyStrath_dlb/run/hyStrath/dsmcFoam+/xcx_test/zb-cylinder-react/mpi4omp2
nProcs : 1
sigFpe : Enabling floating point exception trapping (FOAM_SIGFPE).
fileModificationChecking : Monitoring run-time modified files using timeStampMaster (fileModificationSkew 10)
allowSystemOperations : Allowing user-supplied system call operations

Case   : /home/superxcx/code/OpenFoam/OF-1706/hyStrath_dlb/run/hyStrath/dsmcFoam+/xcx_test/zb-cylinder-react/mpi4omp2
nProcs : 1
sigFpe : Enabling floating point exception trapping (FOAM_SIGFPE).
fileModificationChecking : Monitoring run-time modified files using timeStampMaster (fileModificationSkew 10)
allowSystemOperations : Allowing user-supplied system call operations

fileModificationChecking : Monitoring run-time modified files using timeStampMaster (fileModificationSkew 10)
allowSystemOperations : Allowing user-supplied system call operations

// * * * * * * * * * * * * * * * * * * * * * * * * * * * * * * * * * * * * * //
Create time

// * * * * * * * * * * * * * * * * * * * * * * * * * * * * * * * * * * * * * //
Create time

// * * * * * * * * * * * * * * * * * * * * * * * * * * * * * * * * * * * * * //
Create time

// * * * * * * * * * * * * * * * * * * * * * * * * * * * * * * * * * * * * * //
Create time

Create mesh for time = 0

Create mesh for time = 0

Create mesh for time = 0

Create mesh for time = 0

Selecting dynamicFvMesh dynamicRefineFvMesh
Selecting dynamicFvMesh dynamicRefineFvMesh
Selecting dynamicFvMesh dynamicRefineFvMesh
Selecting dynamicFvMesh dynamicRefineFvMesh

Constructing dsmcCloud 

Constructing dsmcCloud 

Constructing dsmcCloud 

Constructing dsmcCloud 
Selecting the coordinate system model:	dsmcCartesian

Selecting the time-step model:	dsmcConstantTimeStepModel

Constant time-step model:
- time-step [sec]	6.640048894e-08

Selecting the porous measurement model:	dsmcNoPorousMediumMeasurements

Selecting the coordinate system model:	dsmcCartesian

Selecting the time-step model:	dsmcConstantTimeStepModel

Constant time-step model:
- time-step [sec]	6.640048894e-08

Selecting the porous measurement model:	dsmcNoPorousMediumMeasurements


Creating dsmcControllers


Creating dsmcControllers

Selecting the coordinate system model:	dsmcCartesian

Selecting the time-step model:	dsmcConstantTimeStepModel

Constant time-step model:
- time-step [sec]	6.640048894e-08

Selecting the porous measurement model:	dsmcNoPorousMediumMeasurements

Creating fields: 

Selecting field: dsmcVolFields

TimeData Statistics: 
 measurement option: write
 nSamples: 1, time interval: 6.640048894e-08
 nAverages: 15060, time interval: 0.0009999913634
 total no. of sampling steps: 0
 total no. of averaging Steps: 0


Creating fields: 

Selecting field: dsmcVolFields

TimeData Statistics: 
 measurement option: write
 nSamples: 1, time interval: 6.640048894e-08
 nAverages: 15060, time interval: 0.0009999913634
 total no. of sampling steps: 0
 total no. of averaging Steps: 0



Creating dsmcControllers

Creating fields: 

Selecting field: dsmcVolFields

TimeData Statistics: 
 measurement option: write
 nSamples: 1, time interval: 6.640048894e-08
 nAverages: 15060, time interval: 0.0009999913634
 total no. of sampling steps: 0
 total no. of averaging Steps: 0


Selecting the coordinate system model:	dsmcCartesian

Selecting the time-step model:	dsmcConstantTimeStepModel

Constant time-step model:
- time-step [sec]	6.640048894e-08

Selecting the porous measurement model:	dsmcNoPorousMediumMeasurements


Creating dsmcControllers

Creating fields: 

Selecting field: dsmcVolFields

TimeData Statistics: 
 measurement option: write
 nSamples: 1, time interval: 6.640048894e-08
 nAverages: 15060, time interval: 0.0009999913634
 total no. of sampling steps: 0
 total no. of averaging Steps: 0


Selecting field: dsmcVolFields

TimeData Statistics: 
 measurement option: write
 nSamples: 1, time interval: 6.640048894e-08
 nAverages: 15060, time interval: 0.0009999913634
 total no. of sampling steps: 0
 total no. of averaging Steps: 0


Selecting field: dsmcVolFields

TimeData Statistics: 
 measurement option: write
 nSamples: 1, time interval: 6.640048894e-08
 nAverages: 15060, time interval: 0.0009999913634
 total no. of sampling steps: 0
 total no. of averaging Steps: 0


Selecting field: dsmcVolFields

TimeData Statistics: 
 measurement option: write
 nSamples: 1, time interval: 6.640048894e-08
 nAverages: 15060, time interval: 0.0009999913634
 total no. of sampling steps: 0
 total no. of averaging Steps: 0


Selecting field: dsmcVolFields

TimeData Statistics: 
 measurement option: write
 nSamples: 1, time interval: 6.640048894e-08
 nAverages: 15060, time interval: 0.0009999913634
 total no. of sampling steps: 0
 total no. of averaging Steps: 0


Selecting field: dsmcVolFields

TimeData Statistics: 
 measurement option: write
 nSamples: 1, time interval: 6.640048894e-08
 nAverages: 15060, time interval: 0.0009999913634
 total no. of sampling steps: 0
 total no. of averaging Steps: 0


Selecting field: dsmcVolFields

TimeData Statistics: 
 measurement option: write
 nSamples: 1, time interval: 6.640048894e-08
 nAverages: 15060, time interval: 0.0009999913634
 total no. of sampling steps: 0
 total no. of averaging Steps: 0


Selecting field: dsmcVolFields

TimeData Statistics: 
 measurement option: write
 nSamples: 1, time interval: 6.640048894e-08
 nAverages: 15060, time interval: 0.0009999913634
 total no. of sampling steps: 0
 total no. of averaging Steps: 0


Selecting field: dsmcVolFields

TimeData Statistics: 
 measurement option: write
 nSamples: 1, time interval: 6.640048894e-08
 nAverages: 15060, time interval: 0.0009999913634
 total no. of sampling steps: 0
 total no. of averaging Steps: 0


Selecting field: dsmcVolFields

TimeData Statistics: 
 measurement option: write
 nSamples: 1, time interval: 6.640048894e-08
 nAverages: 15060, time interval: 0.0009999913634
 total no. of sampling steps: 0
 total no. of averaging Steps: 0


Selecting field: dsmcVolFields

TimeData Statistics: 
 measurement option: write
 nSamples: 1, time interval: 6.640048894e-08
 nAverages: 15060, time interval: 0.0009999913634
 total no. of sampling steps: 0
 total no. of averaging Steps: 0


Selecting field: dsmcVolFields

TimeData Statistics: 
 measurement option: write
 nSamples: 1, time interval: 6.640048894e-08
 nAverages: 15060, time interval: 0.0009999913634
 total no. of sampling steps: 0
 total no. of averaging Steps: 0


Selecting field: dsmcVolFields

TimeData Statistics: 
 measurement option: write
 nSamples: 1, time interval: 6.640048894e-08
 nAverages: 15060, time interval: 0.0009999913634
 total no. of sampling steps: 0
 total no. of averaging Steps: 0


Selecting field: dsmcVolFields

TimeData Statistics: 
 measurement option: write
 nSamples: 1, time interval: 6.640048894e-08
 nAverages: 15060, time interval: 0.0009999913634
 total no. of sampling steps: 0
 total no. of averaging Steps: 0


Selecting field: dsmcVolFields

TimeData Statistics: 
 measurement option: write
 nSamples: 1, time interval: 6.640048894e-08
 nAverages: 15060, time interval: 0.0009999913634
 total no. of sampling steps: 0
 total no. of averaging Steps: 0


Selecting field: dsmcVolFields

TimeData Statistics: 
 measurement option: write
 nSamples: 1, time interval: 6.640048894e-08
 nAverages: 15060, time interval: 0.0009999913634
 total no. of sampling steps: 0
 total no. of averaging Steps: 0


Selecting field: dsmcVolFields

TimeData Statistics: 
 measurement option: write
 nSamples: 1, time interval: 6.640048894e-08
 nAverages: 15060, time interval: 0.0009999913634
 total no. of sampling steps: 0
 total no. of averaging Steps: 0


Selecting field: dsmcVolFields

TimeData Statistics: 
 measurement option: write
 nSamples: 1, time interval: 6.640048894e-08
 nAverages: 15060, time interval: 0.0009999913634
 total no. of sampling steps: 0
 total no. of averaging Steps: 0


Selecting field: dsmcVolFields

TimeData Statistics: 
 measurement option: write
 nSamples: 1, time interval: 6.640048894e-08
 nAverages: 15060, time interval: 0.0009999913634
 total no. of sampling steps: 0
 total no. of averaging Steps: 0


Creating the boundary models: 

Selecting dsmcPatchBoundaryModel dsmcDeletionPatch
Selecting dsmcPatchBoundaryModel dsmcDeletionPatch
Selecting dsmcPatchBoundaryModel dsmcDiffuseWallPatch
Selecting dsmcGeneralBoundaryModel dsmcFreeStreamInflowPatch
Selecting field: dsmcVolFields

TimeData Statistics: 
 measurement option: write
 nSamples: 1, time interval: 6.640048894e-08
 nAverages: 15060, time interval: 0.0009999913634
 total no. of sampling steps: 0
 total no. of averaging Steps: 0


Selecting field: dsmcVolFields

TimeData Statistics: 
 measurement option: write
 nSamples: 1, time interval: 6.640048894e-08
 nAverages: 15060, time interval: 0.0009999913634
 total no. of sampling steps: 0
 total no. of averaging Steps: 0


Selecting BinaryCollisionModel LarsenBorgnakkeVariableHardSphere
Creating the boundary models: 

Selecting dsmcPatchBoundaryModel dsmcDeletionPatch
Selecting dsmcPatchBoundaryModel dsmcDeletionPatch
Selecting dsmcPatchBoundaryModel dsmcDiffuseWallPatch
Selecting dsmcGeneralBoundaryModel dsmcFreeStreamInflowPatch

Creating dsmcReactions

Selecting the reaction model dissociationQK
Selecting the reaction model dissociationExchangeQK
Selecting the reaction model dissociationQK
Selecting the reaction model dissociationQK
Selecting the reaction model dissociationQK
Selecting the reaction model dissociationQK
Selecting the reaction model dissociationQK
Selecting the reaction model dissociationExchangeQK
Selecting the reaction model dissociationQK
Selecting the reaction model dissociationExchangeQK
Selecting the reaction model dissociationExchangeQK
Selecting the reaction model dissociationQK
Number of reactions created: 12
Selecting BinaryCollisionModel LarsenBorgnakkeVariableHardSphere

Creating dsmcReactions

Selecting the reaction model dissociationQK
Selecting the reaction model dissociationExchangeQK
Selecting the reaction model dissociationQK
Selecting the reaction model dissociationQK
Selecting the reaction model dissociationQK
Selecting the reaction model dissociationQK
Selecting the reaction model dissociationQK
Selecting the reaction model dissociationExchangeQK
Selecting the reaction model dissociationQK
Selecting the reaction model dissociationExchangeQK
Selecting the reaction model dissociationExchangeQK
Selecting the reaction model dissociationQK
Number of reactions created: 12
Creating the boundary models: 

Selecting dsmcPatchBoundaryModel dsmcDeletionPatch
Selecting dsmcPatchBoundaryModel dsmcDeletionPatch
Selecting dsmcPatchBoundaryModel dsmcDiffuseWallPatch
Selecting dsmcGeneralBoundaryModel dsmcFreeStreamInflowPatch
Creating the boundary models: 

Selecting dsmcPatchBoundaryModel dsmcDeletionPatch
Selecting dsmcPatchBoundaryModel dsmcDeletionPatch
Selecting dsmcPatchBoundaryModel dsmcDiffuseWallPatch
Selecting dsmcGeneralBoundaryModel dsmcFreeStreamInflowPatch
Selecting BinaryCollisionModel LarsenBorgnakkeVariableHardSphere

Creating dsmcReactions

Selecting the reaction model dissociationQK
Selecting the reaction model dissociationExchangeQK
Selecting the reaction model dissociationQK
Selecting the reaction model dissociationQK
Selecting the reaction model dissociationQK
Selecting the reaction model dissociationQK
Selecting the reaction model dissociationQK
Selecting the reaction model dissociationExchangeQK
Selecting the reaction model dissociationQK
Selecting the reaction model dissociationExchangeQK
Selecting the reaction model dissociationExchangeQK
Selecting the reaction model dissociationQK
Number of reactions created: 12
Selecting BinaryCollisionModel LarsenBorgnakkeVariableHardSphere

Creating dsmcReactions

Selecting the reaction model dissociationQK
Selecting the reaction model dissociationExchangeQK
Selecting the reaction model dissociationQK
Selecting the reaction model dissociationQK
Selecting the reaction model dissociationQK
Selecting the reaction model dissociationQK
Selecting the reaction model dissociationQK
Selecting the reaction model dissociationExchangeQK
Selecting the reaction model dissociationQK
Selecting the reaction model dissociationExchangeQK
Selecting the reaction model dissociationExchangeQK
Selecting the reaction model dissociationQK
Number of reactions created: 12

Constructing constant properties for
	N2
	O2
	NO
	N
	O

Constructing constant properties for
	N2
	O2
	NO
	N
	O

Constructing constant properties for
	N2
	O2
	NO
	N
	O

Constructing constant properties for
	N2
	O2
	NO
	N
	O
Selecting collisionPartnerSelectionModel noTimeCounter

Initialising the measurement fields

Initialising dsmcVolFields field
Initialising dsmcVolFields field
Initialising dsmcVolFields field
Initialising dsmcVolFields field
Initialising dsmcVolFields field
Initialising dsmcVolFields field
Selecting collisionPartnerSelectionModel noTimeCounter

Initialising the measurement fields

Initialising dsmcVolFields field
Selecting collisionPartnerSelectionModel noTimeCounter

Initialising the measurement fields

Initialising dsmcVolFields field
Initialising dsmcVolFields field
Initialising dsmcVolFields field
Initialising dsmcVolFields field
Initialising dsmcVolFields field
Initialising dsmcVolFields field
Initialising dsmcVolFields field
Initialising dsmcVolFields field
Initialising dsmcVolFields field
Initialising dsmcVolFields field
Initialising dsmcVolFields field
Selecting collisionPartnerSelectionModel noTimeCounter

Initialising the measurement fields

Initialising dsmcVolFields field
Initialising dsmcVolFields field
Initialising dsmcVolFields field
Initialising dsmcVolFields field
Initialising dsmcVolFields field
Initialising dsmcVolFields field
Replicated mesh: METIS decomposition complete, 60000 cells -> 4 ranks
Replicated mesh: rank 0 owns 15022 / 60000 cells
Local mesh: 15022 owned + 492 halo = 15514 / 60000 cells
Replicated mesh: no-Alltoall async migration enabled
Replicated mesh: flatTransfer=1 found=1
Replicated mesh: flat POD transfer enabled
Phase C auto DLB: enabled (ParMETIS AdaptiveRepart), imbalanceThreshold=1.5, dlbSteps=50, sarSteps=10, triggerMode=legacyWindow, minGapSteps=50, checkCollective=allgather, skipFixedKPostDiag=0
Replicated mesh: initialized with 4 MPI ranks, migrate interval 10

Starting time loop

Replicated mesh: initial particle distribution

Replicated mesh: rank 0 kept 201681 parcels, deleted 1105064 non-owned parcels
Time = 6.640048894e-07

    Collisions                      = 25759
    Collision candidates           = 34304
    Collision acceptance rate      = 0.7509036847

    Number of DSMC particles        = 1330333
    Number of stuck particles       = 0
    Number of free particles        = 1330333
    Average linear kinetic energy   = 1.893443864e-19
    Average rotational energy       = 1.327550385e-21
    Average vibrational energy      = 2.341328374e-26
    Average electronic energy       = 0
    Total energy                    = 0.001521943205

Stage 1.0  ExecutionTime = 6.51 s  ClockTime = 5 s  Iteration 10 (0.35 s)

Time = 1.328009779e-06

    Collisions                      = 35764
    Collision candidates           = 54228
    Collision acceptance rate      = 0.6595116914

    Number of DSMC particles        = 1353929
    Number of stuck particles       = 0
    Number of free particles        = 1353929
    Average linear kinetic energy   = 1.865997823e-19
    Average rotational energy       = 1.560679469e-21
    Average vibrational energy      = 6.901572534e-26
    Average electronic energy       = 0
    Total energy                    = 0.001528535996

Stage 1.0  ExecutionTime = 10.02 s  ClockTime = 7 s  Iteration 20 (0.39 s)

Time = 1.992014668e-06

    Collisions                      = 45845
    Collision candidates           = 74537
    Collision acceptance rate      = 0.6150636597

    Number of DSMC particles        = 1377478
    Number of stuck particles       = 0
    Number of free particles        = 1377478
    Average linear kinetic energy   = 1.841477306e-19
    Average rotational energy       = 1.881844328e-21
    Average vibrational energy      = 2.596465297e-25
    Average electronic energy       = 0
    Total energy                    = 0.001537512027

Stage 1.0  ExecutionTime = 13.64 s  ClockTime = 9 s  Iteration 30 (0.43 s)

Time = 2.656019558e-06

    Collisions                      = 56202
    Collision candidates           = 95443
    Collision acceptance rate      = 0.5888540804

    Number of DSMC particles        = 1400908
    Number of stuck particles       = 0
    Number of free particles        = 1400908
    Average linear kinetic energy   = 1.819170284e-19
    Average rotational energy       = 2.269129441e-21
    Average vibrational energy      = 3.442390496e-25
    Average electronic energy       = 0
    Total energy                    = 0.001548170066

Stage 1.0  ExecutionTime = 17.44 s  ClockTime = 11 s  Iteration 40 (0.46 s)

Time = 3.320024447e-06

    Collisions                      = 66024
    Collision candidates           = 115759
    Collision acceptance rate      = 0.5703573804

    Number of DSMC particles        = 1424343
    Number of stuck particles       = 0
    Number of free particles        = 1424343
    Average linear kinetic energy   = 1.798759605e-19
    Average rotational energy       = 2.713726313e-21
    Average vibrational energy      = 4.26299047e-25
    Average electronic energy       = 0
    Total energy                    = 0.001560425697

Stage 1.0  ExecutionTime = 21.35 s  ClockTime = 13 s  Iteration 50 (0.41 s)

Time = 3.984029336e-06

    Collisions                      = 75974
    Collision candidates           = 136154
    Collision acceptance rate      = 0.5580004994

    Number of DSMC particles        = 1447736
    Number of stuck particles       = 0
    Number of free particles        = 1447736
    Average linear kinetic energy   = 1.779983037e-19
    Average rotational energy       = 3.191628761e-21
    Average vibrational energy      = 3.97896163e-25
    Average electronic energy       = 0
    Total energy                    = 0.001573894585

Stage 1.0  ExecutionTime = 25.29 s  ClockTime = 15 s  Iteration 60 (0.46 s)

Time = 4.648034226e-06

    Collisions                      = 85616
    Collision candidates           = 155824
    Collision acceptance rate      = 0.5494403943

    Number of DSMC particles        = 1471367
    Number of stuck particles       = 0
    Number of free particles        = 1471367
    Average linear kinetic energy   = 1.762449541e-19
    Average rotational energy       = 3.683331278e-21
    Average vibrational energy      = 8.567372175e-25
    Average electronic energy       = 0
    Total energy                    = 0.001588450812

Stage 1.0  ExecutionTime = 29.26 s  ClockTime = 17 s  Iteration 70 (0.45 s)

Time = 5.312039115e-06

    Collisions                      = 94117
    Collision candidates           = 173984
    Collision acceptance rate      = 0.5409520416


Phase C auto DLB triggered (SAR) at step 80: sar=0.0005310486 loadImbalance=1.076128344 threshold=1.5
Phase C ParMETIS: alpha=0.8 ncon=2 ubvec=[1.049999952,1.5] moveRatio=0.584488838 (moveT=6.59803848s, collT=4.690523509s)
Phase C ParMETIS: AdaptiveRepart (60000 cells, 2 constraints, ubvec=1.049999952)
Replicated mesh: rank 0 owns 17187 / 60000 cells
Local mesh: 17187 owned + 532 halo = 17719 / 60000 cells
Phase C ParMETIS AdaptiveRepart: 46566 / 60000 cells changed (0.7761)
Phase C auto DLB complete: rebalance #1

    Number of DSMC particles        = 1494345
    Number of stuck particles       = 0
    Number of free particles        = 1494345
    Average linear kinetic energy   = 1.746168231e-19
    Average rotational energy       = 4.193728645e-21
    Average vibrational energy      = 1.155255951e-24
    Average electronic energy       = 0
    Total energy                    = 0.001603238282

Stage 1.0  ExecutionTime = 33.75 s  ClockTime = 19 s  Iteration 80 (0.9 s)

Time = 5.976044005e-06

    Collisions                      = 100964
    Collision candidates           = 174902
    Collision acceptance rate      = 0.5772604087

    Number of DSMC particles        = 1517848
    Number of stuck particles       = 0
    Number of free particles        = 1517848
    Average linear kinetic energy   = 1.731174328e-19
    Average rotational energy       = 4.615025756e-21
    Average vibrational energy      = 1.189024242e-24
    Average electronic energy       = 0
    Total energy                    = 0.001618635969

Stage 1.0  ExecutionTime = 37.5 s  ClockTime = 21 s  Iteration 90 (0.42 s)

Time = 6.640048894e-06

    Collisions                      = 110984
    Collision candidates           = 198933
    Collision acceptance rate      = 0.5578963772

    Number of DSMC particles        = 1540802
    Number of stuck particles       = 0
    Number of free particles        = 1540802
    Average linear kinetic energy   = 1.716022542e-19
    Average rotational energy       = 5.162407821e-21
    Average vibrational energy      = 1.362771824e-24
    Average electronic energy       = 0
    Total energy                    = 0.001634168667

Stage 1.0  ExecutionTime = 41.39 s  ClockTime = 23 s  Iteration 100 (0.43 s)

Time = 7.304053783e-06

    Collisions                      = 119106
    Collision candidates           = 218591
    Collision acceptance rate      = 0.5448806218

    Number of DSMC particles        = 1563692
    Number of stuck particles       = 0
    Number of free particles        = 1563692
    Average linear kinetic energy   = 1.702047033e-19
    Average rotational energy       = 5.680435038e-21
    Average vibrational energy      = 1.850647314e-24
    Average electronic energy       = 0
    Total energy                    = 0.001650198466

Stage 1.0  ExecutionTime = 45.48 s  ClockTime = 25 s  Iteration 110 (0.45 s)

Time = 7.968058673e-06

    Collisions                      = 125319
    Collision candidates           = 234194
    Collision acceptance rate      = 0.5351076458

    Number of DSMC particles        = 1586441
    Number of stuck particles       = 0
    Number of free particles        = 1586441
    Average linear kinetic energy   = 1.689136618e-19
    Average rotational energy       = 6.191063675e-21
    Average vibrational energy      = 2.314043273e-24
    Average electronic energy       = 0
    Total energy                    = 0.001666781921

Stage 1.0  ExecutionTime = 49.82 s  ClockTime = 27 s  Iteration 120 (0.49 s)

Time = 8.632063562e-06

    Collisions                      = 132245
    Collision candidates           = 248682
    Collision acceptance rate      = 0.5317835629

    Number of DSMC particles        = 1609136
    Number of stuck particles       = 0
    Number of free particles        = 1609136
    Average linear kinetic energy   = 1.677157576e-19
    Average rotational energy       = 6.699368574e-21
    Average vibrational energy      = 2.532819592e-24
    Average electronic energy       = 0
    Total energy                    = 0.001683970405

Stage 1.0  ExecutionTime = 54.33 s  ClockTime = 29 s  Iteration 130 (0.5 s)

Time = 9.296068452e-06

    Collisions                      = 139136
    Collision candidates           = 263408
    Collision acceptance rate      = 0.5282147847


Phase C auto DLB triggered (SAR) at step 140: sar=0.001179695033 loadImbalance=1.049572906 threshold=1.5
Phase C ParMETIS: alpha=0.8 ncon=2 ubvec=[1.049999952,1.5] moveRatio=0.681373489 (moveT=14.24305682s, collT=6.660393417s)
Phase C ParMETIS: AdaptiveRepart (60000 cells, 2 constraints, ubvec=1.049999952)
Replicated mesh: rank 0 owns 15922 / 60000 cells
Local mesh: 15922 owned + 654 halo = 16576 / 60000 cells
Phase C ParMETIS AdaptiveRepart: 34099 / 60000 cells changed (0.5683166667)
Phase C auto DLB complete: rebalance #2

    Number of DSMC particles        = 1631429
    Number of stuck particles       = 0
    Number of free particles        = 1631429
    Average linear kinetic energy   = 1.665548921e-19
    Average rotational energy       = 7.204174213e-21
    Average vibrational energy      = 2.918016307e-24
    Average electronic energy       = 0
    Total energy                    = 0.001700882042

Stage 1.0  ExecutionTime = 59.5 s  ClockTime = 32 s  Iteration 140 (0.98 s)

Time = 9.960073341e-06

    Collisions                      = 142900
    Collision candidates           = 267081
    Collision acceptance rate      = 0.5350436759

    Number of DSMC particles        = 1653726
    Number of stuck particles       = 0
    Number of free particles        = 1653726
    Average linear kinetic energy   = 1.655065228e-19
    Average rotational energy       = 7.627725364e-21
    Average vibrational energy      = 3.273116783e-24
    Average electronic energy       = 0
    Total energy                    = 0.001717932123

Stage 1.0  ExecutionTime = 63.88 s  ClockTime = 34 s  Iteration 150 (0.5 s)

Time = 1.062407823e-05

    Collisions                      = 150323
    Collision candidates           = 284153
    Collision acceptance rate      = 0.5290213371

    Number of DSMC particles        = 1676051
    Number of stuck particles       = 0
    Number of free particles        = 1676051
    Average linear kinetic energy   = 1.644449396e-19
    Average rotational energy       = 8.119891441e-21
    Average vibrational energy      = 4.223004704e-24
    Average electronic energy       = 0
    Total energy                    = 0.001735407213

Stage 1.0  ExecutionTime = 68.49 s  ClockTime = 36 s  Iteration 160 (0.53 s)

Time = 1.128808312e-05

    Collisions                      = 158394
    Collision candidates           = 300825
    Collision acceptance rate      = 0.5265320369

    Number of DSMC particles        = 1697756
    Number of stuck particles       = 0
    Number of free particles        = 1697756
    Average linear kinetic energy   = 1.634128311e-19
    Average rotational energy       = 8.590629777e-21
    Average vibrational energy      = 4.855625814e-24
    Average electronic energy       = 0
    Total energy                    = 0.001752168908

Stage 1.0  ExecutionTime = 73.2 s  ClockTime = 39 s  Iteration 170 (0.54 s)

Dissociation reaction O2 + N2 --> O + O + N2 is active, nReactions this time step = 1
Dissociation reaction O2 + N2 --> O + O + N2 is active, nReactions this time step = 0
Dissociation reaction O2 + N2 --> O + O + N2 is active, nReactions this time step = 0
Dissociation reaction O2 + N2 --> O + O + N2 is active, nReactions this time step = 0
Dissociation reaction O2 + N2 --> O + O + N2 is active, nReactions this time step = 0
Dissociation reaction O2 + N2 --> O + O + N2 is active, nReactions this time step = 0
Dissociation reaction O2 + N2 --> O + O + N2 is active, nReactions this time step = 0
Time = 1.195208801e-05

    Collisions                      = 165271
    Collision candidates           = 316364
    Collision acceptance rate      = 0.5224077329

Dissociation reaction O2 + N2 --> O + O + N2 is active, nReactions this time step = 0
    Number of DSMC particles        = 1719255
    Number of stuck particles       = 0
    Number of free particles        = 1719255
    Average linear kinetic energy   = 1.624019031e-19
    Average rotational energy       = 9.05359485e-21
    Average vibrational energy      = 5.800078323e-24
    Average electronic energy       = 0
    Total energy                    = 0.001768714163

Stage 1.0  ExecutionTime = 78.33 s  ClockTime = 41 s  Iteration 180 (0.57 s)

Dissociation reaction O2 + N2 --> O + O + N2 is active, nReactions this time step = 0
Dissociation reaction O2 + N2 --> O + O + N2 is active, nReactions this time step = 0
Dissociation reaction O2 + N2 --> O + O + N2 is active, nReactions this time step = 0
Dissociation reaction O2 + N2 --> O + O + N2 is active, nReactions this time step = 0
Dissociation reaction O2 + N2 --> O + O + N2 is active, nReactions this time step = 0
Dissociation reaction O2 + N2 --> O + O + N2 is active, nReactions this time step = 0
Dissociation reaction O2 + N2 --> O + O + N2 is active, nReactions this time step = 0
Dissociation reaction O2 + N2 --> O + O + N2 is active, nReactions this time step = 0
Dissociation reaction O2 + N2 --> O + O + N2 is active, nReactions this time step = 0
Time = 1.26160929e-05

    Collisions                      = 171987
    Collision candidates           = 330223
    Collision acceptance rate      = 0.5208207787

Dissociation reaction O2 + N2 --> O + O + N2 is active, nReactions this time step = 0
    Number of DSMC particles        = 1740341
    Number of stuck particles       = 0
    Number of free particles        = 1740341
    Average linear kinetic energy   = 1.614251571e-19
    Average rotational energy       = 9.507149379e-21
    Average vibrational energy      = 7.419761821e-24
    Average electronic energy       = 0
    Total energy                    = 0.001784960485

Stage 1.0  ExecutionTime = 83.52 s  ClockTime = 44 s  Iteration 190 (0.6 s)

Dissociation reaction O2 + N2 --> O + O + N2 is active, nReactions this time step = 0
Dissociation reaction O2 + N2 --> O + O + N2 is active, nReactions this time step = 0
Dissociation reaction O2 + N2 --> O + O + N2 is active, nReactions this time step = 0
Dissociation reaction O2 + N2 --> O + O + N2 is active, nReactions this time step = 0
Dissociation reaction O2 + N2 --> O + O + N2 is active, nReactions this time step = 0
Dissociation reaction O2 + N2 --> O + O + N2 is active, nReactions this time step = 0
Dissociation reaction O2 + N2 --> O + O + N2 is active, nReactions this time step = 0
Dissociation reaction O2 + O2 --> O + O + O2 is active, nReactions this time step = 1
Dissociation reaction O2 + N2 --> O + O + N2 is active, nReactions this time step = 0
Dissociation reaction O2 + O2 --> O + O + O2 is active, nReactions this time step = 0
Dissociation reaction O2 + N2 --> O + O + N2 is active, nReactions this time step = 0
Dissociation reaction O2 + O2 --> O + O + O2 is active, nReactions this time step = 0
Time = 1.328009779e-05

    Collisions                      = 177796
    Collision candidates           = 342856
    Collision acceptance rate      = 0.5185733952

Dissociation reaction O2 + N2 --> O + O + N2 is active, nReactions this time step = 0
Dissociation reaction O2 + O2 --> O + O + O2 is active, nReactions this time step = 0
    Number of DSMC particles        = 1761397
    Number of stuck particles       = 0
    Number of free particles        = 1761397
    Average linear kinetic energy   = 1.605055914e-19
    Average rotational energy       = 9.951232771e-21
    Average vibrational energy      = 8.408528683e-24
    Average electronic energy       = 0
    Total energy                    = 0.001801541697

Stage 1.0  ExecutionTime = 88.96 s  ClockTime = 47 s  Iteration 200 (0.62 s)

Dissociation reaction O2 + N2 --> O + O + N2 is active, nReactions this time step = 0
Dissociation reaction O2 + O2 --> O + O + O2 is active, nReactions this time step = 0
Dissociation reaction O2 + N2 --> O + O + N2 is active, nReactions this time step = 0
Dissociation reaction O2 + O2 --> O + O + O2 is active, nReactions this time step = 0
Dissociation reaction O2 + N2 --> O + O + N2 is active, nReactions this time step = 0
Dissociation reaction O2 + O2 --> O + O + O2 is active, nReactions this time step = 0
Dissociation reaction O2 + N2 --> O + O + N2 is active, nReactions this time step = 0
Dissociation reaction O2 + O2 --> O + O + O2 is active, nReactions this time step = 0
Dissociation reaction O2 + N2 --> O + O + N2 is active, nReactions this time step = 0
Dissociation reaction O2 + O2 --> O + O + O2 is active, nReactions this time step = 0
Dissociation reaction O2 + N2 --> O + O + N2 is active, nReactions this time step = 1
Dissociation reaction O2 + O2 --> O + O + O2 is active, nReactions this time step = 0
Dissociation reaction O2 + N2 --> O + O + N2 is active, nReactions this time step = 0
Dissociation reaction O2 + O2 --> O + O + O2 is active, nReactions this time step = 0
Dissociation reaction O2 + N2 --> O + O + N2 is active, nReactions this time step = 0
Dissociation reaction O2 + O2 --> O + O + O2 is active, nReactions this time step = 0
Dissociation reaction O2 + N2 --> O + O + N2 is active, nReactions this time step = 0
Dissociation reaction O2 + O2 --> O + O + O2 is active, nReactions this time step = 0
Time = 1.394410268e-05

    Collisions                      = 183479
    Collision candidates           = 355780
    Collision acceptance rate      = 0.5157091461

Dissociation reaction O2 + N2 --> O + O + N2 is active, nReactions this time step = 0
Dissociation reaction O2 + O2 --> O + O + O2 is active, nReactions this time step = 0
    Number of DSMC particles        = 1781926
    Number of stuck particles       = 0
    Number of free particles        = 1781926
    Average linear kinetic energy   = 1.59612425e-19
    Average rotational energy       = 1.036629944e-20
    Average vibrational energy      = 9.123353014e-24
    Average electronic energy       = 0
    Total energy                    = 0.001817434594

Stage 1.0  ExecutionTime = 94.6 s  ClockTime = 49 s  Iteration 210 (0.61 s)

Dissociation reaction O2 + N2 --> O + O + N2 is active, nReactions this time step = 1
Dissociation reaction O2 + O2 --> O + O + O2 is active, nReactions this time step = 0
Dissociation reaction O2 + N2 --> O + O + N2 is active, nReactions this time step = 0
Dissociation reaction O2 + O2 --> O + O + O2 is active, nReactions this time step = 0
Dissociation reaction O2 + N2 --> O + O + N2 is active, nReactions this time step = 0
Dissociation reaction O2 + O2 --> O + O + O2 is active, nReactions this time step = 0
Dissociation reaction O2 + N2 --> O + O + N2 is active, nReactions this time step = 0
Dissociation reaction O2 + O2 --> O + O + O2 is active, nReactions this time step = 0
Dissociation reaction O2 + N2 --> O + O + N2 is active, nReactions this time step = 0
Dissociation reaction O2 + O2 --> O + O + O2 is active, nReactions this time step = 0
Dissociation reaction O2 + N2 --> O + O + N2 is active, nReactions this time step = 0
Dissociation reaction O2 + O2 --> O + O + O2 is active, nReactions this time step = 0
Dissociation reaction O2 + N2 --> O + O + N2 is active, nReactions this time step = 0
Dissociation reaction O2 + O2 --> O + O + O2 is active, nReactions this time step = 0
Dissociation reaction O2 + N2 --> O + O + N2 is active, nReactions this time step = 0
Dissociation reaction O2 + O2 --> O + O + O2 is active, nReactions this time step = 0
Dissociation reaction O2 + N2 --> O + O + N2 is active, nReactions this time step = 0
Dissociation reaction O2 + O2 --> O + O + O2 is active, nReactions this time step = 0
Time = 1.460810757e-05

    Collisions                      = 189201
    Collision candidates           = 367932
    Collision acceptance rate      = 0.5142281726

Dissociation reaction O2 + N2 --> O + O + N2 is active, nReactions this time step = 0
Dissociation reaction O2 + O2 --> O + O + O2 is active, nReactions this time step = 0
    Number of DSMC particles        = 1802685
    Number of stuck particles       = 0
    Number of free particles        = 1802685
    Average linear kinetic energy   = 1.587741866e-19
    Average rotational energy       = 1.077519562e-20
    Average vibrational energy      = 1.052885543e-23
    Average electronic energy       = 0
    Total energy                    = 0.001833978649

Stage 1.0  ExecutionTime = 100.37 s  ClockTime = 52 s  Iteration 220 (0.65 s)

Dissociation reaction O2 + N2 --> O + O + N2 is active, nReactions this time step = 0
Dissociation reaction O2 + O2 --> O + O + O2 is active, nReactions this time step = 0
Dissociation reaction O2 + N2 --> O + O + N2 is active, nReactions this time step = 0
Dissociation reaction O2 + O2 --> O + O + O2 is active, nReactions this time step = 0
Dissociation reaction O2 + N2 --> O + O + N2 is active, nReactions this time step = 0
Dissociation reaction O2 + O2 --> O + O + O2 is active, nReactions this time step = 0
Dissociation reaction O2 + N2 --> O + O + N2 is active, nReactions this time step = 0
Dissociation reaction O2 + O2 --> O + O + O2 is active, nReactions this time step = 0
Dissociation reaction O2 + N2 --> O + O + N2 is active, nReactions this time step = 0
Dissociation reaction O2 + O2 --> O + O + O2 is active, nReactions this time step = 0
Dissociation reaction O2 + N2 --> O + O + N2 is active, nReactions this time step = 0
Dissociation reaction O2 + O2 --> O + O + O2 is active, nReactions this time step = 0
Dissociation reaction O2 + N2 --> O + O + N2 is active, nReactions this time step = 0
Dissociation reaction O2 + O2 --> O + O + O2 is active, nReactions this time step = 0
Dissociation reaction O2 + N2 --> O + O + N2 is active, nReactions this time step = 0
Dissociation reaction O2 + O2 --> O + O + O2 is active, nReactions this time step = 0
Dissociation reaction O2 + N2 --> O + O + N2 is active, nReactions this time step = 0
Dissociation reaction O2 + O2 --> O + O + O2 is active, nReactions this time step = 0
Time = 1.527211246e-05

    Collisions                      = 195020
    Collision candidates           = 379787
    Collision acceptance rate      = 0.5134983557

Dissociation reaction O2 + N2 --> O + O + N2 is active, nReactions this time step = 0
Dissociation reaction O2 + O2 --> O + O + O2 is active, nReactions this time step = 0
    Number of DSMC particles        = 1822765
    Number of stuck particles       = 0
    Number of free particles        = 1822765
    Average linear kinetic energy   = 1.579618322e-19
    Average rotational energy       = 1.117417437e-20
    Average vibrational energy      = 1.136881215e-23
    Average electronic energy       = 0
    Total energy                    = 0.001849895494

Stage 1.0  ExecutionTime = 106.33 s  ClockTime = 55 s  Iteration 230 (0.68 s)

Dissociation reaction O2 + N2 --> O + O + N2 is active, nReactions this time step = 0
Dissociation reaction O2 + O2 --> O + O + O2 is active, nReactions this time step = 0
Dissociation reaction O2 + N2 --> O + O + N2 is active, nReactions this time step = 0
Dissociation reaction O2 + O2 --> O + O + O2 is active, nReactions this time step = 0
Dissociation reaction O2 + N2 --> O + O + N2 is active, nReactions this time step = 0
Dissociation reaction O2 + O2 --> O + O + O2 is active, nReactions this time step = 0
Dissociation reaction O2 + N2 --> O + O + N2 is active, nReactions this time step = 0
Dissociation reaction O2 + O2 --> O + O + O2 is active, nReactions this time step = 0
Dissociation reaction O2 + N2 --> O + O + N2 is active, nReactions this time step = 0
Dissociation reaction O2 + O2 --> O + O + O2 is active, nReactions this time step = 0
Dissociation reaction O2 + N2 --> O + O + N2 is active, nReactions this time step = 0
Dissociation reaction O2 + O2 --> O + O + O2 is active, nReactions this time step = 0
Dissociation reaction O2 + N2 --> O + O + N2 is active, nReactions this time step = 0
Dissociation reaction O2 + O2 --> O + O + O2 is active, nReactions this time step = 0
Dissociation reaction O2 + N2 --> O + O + N2 is active, nReactions this time step = 0
Dissociation reaction O2 + O2 --> O + O + O2 is active, nReactions this time step = 0
Dissociation reaction O2 + N2 --> O + O + N2 is active, nReactions this time step = 0
Dissociation reaction O2 + O2 --> O + O + O2 is active, nReactions this time step = 0
Time = 1.593611735e-05

    Collisions                      = 200172
    Collision candidates           = 391133
    Collision acceptance rate      = 0.5117747672

Dissociation reaction O2 + N2 --> O + O + N2 is active, nReactions this time step = 0
Dissociation reaction O2 + O2 --> O + O + O2 is active, nReactions this time step = 0
    Number of DSMC particles        = 1842805
    Number of stuck particles       = 0
    Number of free particles        = 1842805
    Average linear kinetic energy   = 1.571477774e-19
    Average rotational energy       = 1.157604232e-20
    Average vibrational energy      = 1.316969302e-23
    Average electronic energy       = 0
    Total energy                    = 0.001865696206

Stage 1.0  ExecutionTime = 112.36 s  ClockTime = 58 s  Iteration 240 (0.69 s)

Dissociation reaction O2 + N2 --> O + O + N2 is active, nReactions this time step = 0
Dissociation reaction O2 + O2 --> O + O + O2 is active, nReactions this time step = 0
Dissociation reaction O2 + N2 --> O + O + N2 is active, nReactions this time step = 0
Dissociation reaction O2 + O2 --> O + O + O2 is active, nReactions this time step = 0
Dissociation reaction O2 + N2 --> O + O + N2 is active, nReactions this time step = 0
Dissociation reaction O2 + O2 --> O + O + O2 is active, nReactions this time step = 0
Dissociation reaction O2 + N2 --> O + O + N2 is active, nReactions this time step = 0
Dissociation reaction O2 + O2 --> O + O + O2 is active, nReactions this time step = 0
Dissociation reaction O2 + N2 --> O + O + N2 is active, nReactions this time step = 0
Dissociation reaction O2 + O2 --> O + O + O2 is active, nReactions this time step = 0
Dissociation reaction O2 + N2 --> O + O + N2 is active, nReactions this time step = 0
Dissociation reaction O2 + O2 --> O + O + O2 is active, nReactions this time step = 0
Dissociation reaction O2 + N2 --> O + O + N2 is active, nReactions this time step = 0
Dissociation reaction O2 + O2 --> O + O + O2 is active, nReactions this time step = 0
Dissociation reaction O2 + N2 --> O + O + N2 is active, nReactions this time step = 0
Dissociation reaction O2 + O2 --> O + O + O2 is active, nReactions this time step = 0
Dissociation reaction O2 + N2 --> O + O + N2 is active, nReactions this time step = 0
Dissociation reaction O2 + O2 --> O + O + O2 is active, nReactions this time step = 0
Time = 1.660012224e-05

    Collisions                      = 206817
    Collision candidates           = 403630
    Collision acceptance rate      = 0.5123925377


Phase C auto DLB triggered (SAR) at step 250: sar=0.005418549045 loadImbalance=1.04806255 threshold=1.5
Phase C ParMETIS: alpha=0.8 ncon=2 ubvec=[1.049999952,1.5] moveRatio=0.7017130148 (moveT=29.76138088s, collT=12.65108726s)
Phase C ParMETIS: AdaptiveRepart (60000 cells, 2 constraints, ubvec=1.049999952)
Replicated mesh: rank 0 owns 18784 / 60000 cells
Local mesh: 18784 owned + 649 halo = 19433 / 60000 cells
Phase C ParMETIS AdaptiveRepart: 48732 / 60000 cells changed (0.8122)
Phase C auto DLB complete: rebalance #3

Dissociation reaction O2 + N2 --> O + O + N2 is active, nReactions this time step = 1
Dissociation reaction O2 + O2 --> O + O + O2 is active, nReactions this time step = 0
    Number of DSMC particles        = 1862870
    Number of stuck particles       = 0
    Number of free particles        = 1862870
    Average linear kinetic energy   = 1.563385299e-19
    Average rotational energy       = 1.199634505e-20
    Average vibrational energy      = 1.464008392e-23
    Average electronic energy       = 0
    Total energy                    = 0.001881679566

Stage 1.0  ExecutionTime = 119.31 s  ClockTime = 62 s  Iteration 250 (1.4 s)

Dissociation reaction O2 + N2 --> O + O + N2 is active, nReactions this time step = 0
Dissociation reaction O2 + O2 --> O + O + O2 is active, nReactions this time step = 0
Dissociation reaction O2 + N2 --> O + O + N2 is active, nReactions this time step = 0
Dissociation reaction O2 + O2 --> O + O + O2 is active, nReactions this time step = 0
Dissociation reaction O2 + N2 --> O + O + N2 is active, nReactions this time step = 0
Dissociation reaction O2 + O2 --> O + O + O2 is active, nReactions this time step = 0
Dissociation reaction O2 + N2 --> O + O + N2 is active, nReactions this time step = 0
Dissociation reaction O2 + O2 --> O + O + O2 is active, nReactions this time step = 0
Dissociation reaction O2 + N2 --> O + O + N2 is active, nReactions this time step = 0
Dissociation reaction O2 + O2 --> O + O + O2 is active, nReactions this time step = 0
Dissociation reaction O2 + N2 --> O + O + N2 is active, nReactions this time step = 0
Dissociation reaction O2 + O2 --> O + O + O2 is active, nReactions this time step = 0
Dissociation reaction O2 + N2 --> O + O + N2 is active, nReactions this time step = 0
Dissociation reaction O2 + O2 --> O + O + O2 is active, nReactions this time step = 0
Dissociation reaction O2 + N2 --> O + O + N2 is active, nReactions this time step = 0
Dissociation reaction O2 + O2 --> O + O + O2 is active, nReactions this time step = 0
Dissociation reaction O2 + N2 --> O + O + N2 is active, nReactions this time step = 0
Dissociation reaction O2 + O2 --> O + O + O2 is active, nReactions this time step = 0
Time = 1.726412712e-05

    Collisions                      = 204044
    Collision candidates           = 353329
    Collision acceptance rate      = 0.5774901013

Dissociation reaction O2 + N2 --> O + O + N2 is active, nReactions this time step = 0
Dissociation reaction O2 + O2 --> O + O + O2 is active, nReactions this time step = 0
    Number of DSMC particles        = 1882610
    Number of stuck particles       = 0
    Number of free particles        = 1882610
    Average linear kinetic energy   = 1.556742669e-19
    Average rotational energy       = 1.224258404e-20
    Average vibrational energy      = 1.614885496e-23
    Average electronic energy       = 0
    Total energy                    = 0.001896914069

Stage 1.0  ExecutionTime = 124.86 s  ClockTime = 64 s  Iteration 260 (0.68 s)

Dissociation reaction O2 + N2 --> O + O + N2 is active, nReactions this time step = 0
Dissociation reaction O2 + O2 --> O + O + O2 is active, nReactions this time step = 0
Dissociation reaction O2 + N2 --> O + O + N2 is active, nReactions this time step = 0
Dissociation reaction O2 + O2 --> O + O + O2 is active, nReactions this time step = 0
Dissociation reaction O2 + N2 --> O + O + N2 is active, nReactions this time step = 0
Dissociation reaction O2 + O2 --> O + O + O2 is active, nReactions this time step = 0
Dissociation reaction O2 + N2 --> O + O + N2 is active, nReactions this time step = 0
Dissociation reaction O2 + O2 --> O + O + O2 is active, nReactions this time step = 0
Dissociation reaction O2 + N2 --> O + O + N2 is active, nReactions this time step = 0
Dissociation reaction O2 + O2 --> O + O + O2 is active, nReactions this time step = 0
Dissociation reaction O2 + N2 --> O + O + N2 is active, nReactions this time step = 0
Dissociation reaction O2 + O2 --> O + O + O2 is active, nReactions this time step = 0
Dissociation reaction O2 + N2 --> O + O + N2 is active, nReactions this time step = 0
Dissociation reaction O2 + O2 --> O + O + O2 is active, nReactions this time step = 0
Dissociation reaction O2 + N2 --> O + O + N2 is active, nReactions this time step = 0
Dissociation reaction O2 + O2 --> O + O + O2 is active, nReactions this time step = 0
Dissociation reaction O2 + N2 --> O + O + N2 is active, nReactions this time step = 0
Dissociation reaction O2 + O2 --> O + O + O2 is active, nReactions this time step = 0
Time = 1.792813201e-05

    Collisions                      = 210028
    Collision candidates           = 375164
    Collision acceptance rate      = 0.5598298344

Dissociation reaction O2 + N2 --> O + O + N2 is active, nReactions this time step = 0
Dissociation reaction O2 + O2 --> O + O + O2 is active, nReactions this time step = 0
    Number of DSMC particles        = 1901981
    Number of stuck particles       = 0
    Number of free particles        = 1901981
    Average linear kinetic energy   = 1.549163739e-19
    Average rotational energy       = 1.261201419e-20
    Average vibrational energy      = 1.704695857e-23
    Average electronic energy       = 0
    Total energy                    = 0.001912009404

Stage 1.0  ExecutionTime = 130.71 s  ClockTime = 67 s  Iteration 270 (0.71 s)

Dissociation reaction O2 + N2 --> O + O + N2 is active, nReactions this time step = 0
Dissociation reaction O2 + O2 --> O + O + O2 is active, nReactions this time step = 0
Dissociation reaction O2 + N2 --> O + O + N2 is active, nReactions this time step = 0
Dissociation reaction O2 + O2 --> O + O + O2 is active, nReactions this time step = 0
Dissociation reaction O2 + N2 --> O + O + N2 is active, nReactions this time step = 0
Dissociation reaction O2 + O2 --> O + O + O2 is active, nReactions this time step = 0
Dissociation reaction O2 + N2 --> O + O + N2 is active, nReactions this time step = 0
Dissociation reaction O2 + O2 --> O + O + O2 is active, nReactions this time step = 0
Dissociation reaction O2 + N2 --> O + O + N2 is active, nReactions this time step = 0
Dissociation reaction O2 + O2 --> O + O + O2 is active, nReactions this time step = 0
Dissociation reaction O2 + N2 --> O + O + N2 is active, nReactions this time step = 0
Dissociation reaction O2 + O2 --> O + O + O2 is active, nReactions this time step = 0
Dissociation reaction O2 + N2 --> O + O + N2 is active, nReactions this time step = 0
Dissociation reaction O2 + O2 --> O + O + O2 is active, nReactions this time step = 0
Dissociation reaction O2 + N2 --> O + O + N2 is active, nReactions this time step = 0
Dissociation reaction O2 + O2 --> O + O + O2 is active, nReactions this time step = 0
Dissociation reaction O2 + N2 --> O + O + N2 is active, nReactions this time step = 0
Dissociation reaction O2 + O2 --> O + O + O2 is active, nReactions this time step = 0
Time = 1.85921369e-05

    Collisions                      = 215417
    Collision candidates           = 391458
    Collision acceptance rate      = 0.550294029

Dissociation reaction O2 + N2 --> O + O + N2 is active, nReactions this time step = 0
Dissociation reaction O2 + O2 --> O + O + O2 is active, nReactions this time step = 0
    Number of DSMC particles        = 1921166
    Number of stuck particles       = 0
    Number of free particles        = 1921166
    Average linear kinetic energy   = 1.541157924e-19
    Average rotational energy       = 1.302110612e-20
    Average vibrational energy      = 1.775985556e-23
    Average electronic energy       = 0
    Total energy                    = 0.001926791079

Stage 1.0  ExecutionTime = 136.67 s  ClockTime = 70 s  Iteration 280 (0.7 s)

Dissociation reaction O2 + N2 --> O + O + N2 is active, nReactions this time step = 0
Dissociation reaction O2 + O2 --> O + O + O2 is active, nReactions this time step = 0
Dissociation reaction O2 + N2 --> O + O + N2 is active, nReactions this time step = 0
Dissociation reaction O2 + O2 --> O + O + O2 is active, nReactions this time step = 0
Dissociation reaction O2 + N2 --> O + O + N2 is active, nReactions this time step = 0
Dissociation reaction O2 + O2 --> O + O + O2 is active, nReactions this time step = 0
Dissociation reaction O2 + N2 --> O + O + N2 is active, nReactions this time step = 0
Dissociation reaction O2 + O2 --> O + O + O2 is active, nReactions this time step = 0
Dissociation reaction O2 + N2 --> O + O + N2 is active, nReactions this time step = 0
Dissociation reaction O2 + O2 --> O + O + O2 is active, nReactions this time step = 0
Dissociation reaction O2 + N2 --> O + O + N2 is active, nReactions this time step = 0
Dissociation reaction O2 + O2 --> O + O + O2 is active, nReactions this time step = 0
Dissociation reaction O2 + N2 --> O + O + N2 is active, nReactions this time step = 0
Dissociation reaction O2 + O2 --> O + O + O2 is active, nReactions this time step = 0
Dissociation reaction O2 + N2 --> O + O + N2 is active, nReactions this time step = 0
Dissociation reaction O2 + O2 --> O + O + O2 is active, nReactions this time step = 0
Dissociation reaction O2 + N2 --> O + O + N2 is active, nReactions this time step = 0
Dissociation reaction O2 + O2 --> O + O + O2 is active, nReactions this time step = 0
Time = 1.925614179e-05

    Collisions                      = 220975
    Collision candidates           = 406035
    Collision acceptance rate      = 0.5442264829

Dissociation reaction O2 + N2 --> O + O + N2 is active, nReactions this time step = 0
Dissociation reaction O2 + O2 --> O + O + O2 is active, nReactions this time step = 0
    Number of DSMC particles        = 1940435
    Number of stuck particles       = 0
    Number of free particles        = 1940435
    Average linear kinetic energy   = 1.534197789e-19
    Average rotational energy       = 1.335064069e-20
    Average vibrational energy      = 1.87951288e-23
    Average electronic energy       = 0
    Total energy                    = 0.001941861779

Stage 1.0  ExecutionTime = 142.88 s  ClockTime = 73 s  Iteration 290 (0.74 s)

Dissociation reaction O2 + N2 --> O + O + N2 is active, nReactions this time step = 0
Dissociation reaction O2 + O2 --> O + O + O2 is active, nReactions this time step = 0
Dissociation reaction O2 + N2 --> O + O + N2 is active, nReactions this time step = 0
Dissociation reaction O2 + O2 --> O + O + O2 is active, nReactions this time step = 0
Dissociation reaction O2 + N2 --> O + O + N2 is active, nReactions this time step = 0
Dissociation reaction O2 + O2 --> O + O + O2 is active, nReactions this time step = 0
Dissociation reaction O2 + N2 --> O + O + N2 is active, nReactions this time step = 0
Dissociation reaction O2 + O2 --> O + O + O2 is active, nReactions this time step = 0
Dissociation reaction O2 + N2 --> O + O + N2 is active, nReactions this time step = 0
Dissociation reaction O2 + O2 --> O + O + O2 is active, nReactions this time step = 0
Dissociation reaction O2 + N2 --> O + O + N2 is active, nReactions this time step = 0
Dissociation reaction O2 + O2 --> O + O + O2 is active, nReactions this time step = 0
Dissociation reaction O2 + N2 --> O + O + N2 is active, nReactions this time step = 0
Dissociation reaction O2 + O2 --> O + O + O2 is active, nReactions this time step = 0
Dissociation reaction O2 + N2 --> O + O + N2 is active, nReactions this time step = 0
Dissociation reaction O2 + O2 --> O + O + O2 is active, nReactions this time step = 0
Dissociation reaction O2 + N2 --> O + O + N2 is active, nReactions this time step = 0
Dissociation reaction O2 + O2 --> O + O + O2 is active, nReactions this time step = 0
Time = 1.992014668e-05

    Collisions                      = 226923
    Collision candidates           = 419944
    Collision acceptance rate      = 0.5403649058

Dissociation reaction O2 + N2 --> O + O + N2 is active, nReactions this time step = 0
Dissociation reaction O2 + O2 --> O + O + O2 is active, nReactions this time step = 0
    Number of DSMC particles        = 1959437
    Number of stuck particles       = 0
    Number of free particles        = 1959437
    Average linear kinetic energy   = 1.527167671e-19
    Average rotational energy       = 1.369161626e-20
    Average vibrational energy      = 1.944658198e-23
    Average electronic energy       = 0
    Total energy                    = 0.001956629087

Stage 1.0  ExecutionTime = 149.37 s  ClockTime = 77 s  Iteration 300 (0.76 s)

End stage 1


DSMC solver profile summary
    solver profile steps          = 300
    move+collide wall [s]         = 62.34182541
    move only [s]                 = 36.82467423
    buildCellOccupancy [s]        = 7.299196551
    collision phase [s]           = 18.57048277
    post fields/output [s]        = 11.274126
    total profiled [s]            = 73.96847955
    full evolve wall [s]          = 71.98791916
    move+collide cpu [s]          = 124.15
    move only cpu [s]             = 73.26
    buildCellOccupancy cpu [s]    = 13.72
    collision phase cpu [s]       = 37.32
    post fields/output cpu [s]    = 22.46
    total profiled cpu [s]        = 146.76
    full evolve cpu [s]           = 143.5
    OpenMP enabled                = 1
    OpenMP max threads            = 2
    OpenMP move                   = 1 (static, chunk 64)
    OpenMP collision              = dynamic, chunk 8


Replicated mesh profiling summary:
    migration calls             = 34
    migration wall time [s]     = 1.621352029
    local particles (final)     = 386116
    particles per rank          = min 386116 max 566642 max/min 1.467543433
    rank wall time (evolve, 300 steps): min 119.15 max 122.28 max/min 1.026269408
    Phase C auto DLB checks      = 300
    Phase C auto DLB rebalances = 3
    Phase C auto DLB triggered checks = 3
    Phase C auto DLB wall max [s]= 0.792374518
    Phase C auto DLB check max [s]= 0.095850464
    Phase C ParMETIS max [s]     = 0.220915359
    Phase C migration max [s]    = 0.529027523
    Phase C cellOwner write max [s] = 0
    Phase C post-diagnostic max [s] = 0.00019183
    Phase C auto DLB accounted max [s] = 0.845985176
    Phase C auto DLB residual max [s] = -0.053610658

Total Iterations = 300
End main

real 77.02
user 574.61
sys 24.15
