case=ourmesh
mode=MPI4xOMP2
rep=3
np=4
OMP_NUM_THREADS=2
case_dir=/home/superxcx/code/OpenFoam/OF-1706/hyStrath_dlb/run/hyStrath/dsmcFoam+/xcx_test/pal-phd-3.3.1-cylinder-react/timecompare/ourmesh/mix-mpi4omp2
controlDict=/home/superxcx/code/OpenFoam/OF-1706/hyStrath_dlb/doc/worklog/v2506/detail_mix/repeat_nowrite_compute_20260610_parmetisfix_clean/controlDicts/ourmesh_MPI4xOMP2_rep3_controlDict
start=2026-06-10T23:52:53+08:00
/*---------------------------------------------------------------------------*\
| =========                 |                                                 |
| \\      /  F ield         | OpenFOAM: The Open Source CFD Toolbox           |
|  \\    /   O peration     | Version:  v1706                                 |
|   \\  /    A nd           | Web:      www.OpenFOAM.com                      |
|    \\/     M anipulation  |                                                 |
\*---------------------------------------------------------------------------*/
Build  : v1706
Arch   : "LSB;label=32;scalar=64"
Exec   : dsmcFoam+
Date   : Jun 10 2026
Time   : 23:52:53
Host   : "SuperXCX-ROG"
PID    : 102122
/*---------------------------------------------------------------------------*\
| =========                 |                                                 |
| \\      /  F ield         | OpenFOAM: The Open Source CFD Toolbox           |
|  \\    /   O peration     | Version:  v1706                                 |
|   \\  /    A nd           | Web:      www.OpenFOAM.com                      |
|    \\/     M anipulation  |                                                 |
\*---------------------------------------------------------------------------*/
Build  : v1706
Arch   : "LSB;label=32;scalar=64"
Exec   : dsmcFoam+
Date   : Jun 10 2026
Time   : 23:52:53
Host   : "SuperXCX-ROG"
PID    : 102125
/*---------------------------------------------------------------------------*\
| =========                 |                                                 |
| \\      /  F ield         | OpenFOAM: The Open Source CFD Toolbox           |
|  \\    /   O peration     | Version:  v1706                                 |
|   \\  /    A nd           | Web:      www.OpenFOAM.com                      |
|    \\/     M anipulation  |                                                 |
\*---------------------------------------------------------------------------*/
Build  : v1706
Arch   : "LSB;label=32;scalar=64"
Exec   : dsmcFoam+
Date   : Jun 10 2026
Time   : 23:52:53
Host   : "SuperXCX-ROG"
PID    : 102123
Case   : /home/superxcx/code/OpenFoam/OF-1706/hyStrath_dlb/run/hyStrath/dsmcFoam+/xcx_test/pal-phd-3.3.1-cylinder-react/timecompare/ourmesh/mix-mpi4omp2
nProcs : 1
sigFpe : Enabling floating point exception trapping (FOAM_SIGFPE).
fileModificationChecking : Monitoring run-time modified files using timeStampMaster (fileModificationSkew 10)
allowSystemOperations : Allowing user-supplied system call operations

Case   : /home/superxcx/code/OpenFoam/OF-1706/hyStrath_dlb/run/hyStrath/dsmcFoam+/xcx_test/pal-phd-3.3.1-cylinder-react/timecompare/ourmesh/mix-mpi4omp2
nProcs : 1
sigFpe : Enabling floating point exception trapping (FOAM_SIGFPE).
fileModificationChecking : Monitoring run-time modified files using timeStampMaster (fileModificationSkew 10)
allowSystemOperations : Allowing user-supplied system call operations

// * * * * * * * * * * * * * * * * * * * * * * * * * * * * * * * * * * * * * //
Create time

// * * * * * * * * * * * * * * * * * * * * * * * * * * * * * * * * * * * * * //
Create time

Case   : /home/superxcx/code/OpenFoam/OF-1706/hyStrath_dlb/run/hyStrath/dsmcFoam+/xcx_test/pal-phd-3.3.1-cylinder-react/timecompare/ourmesh/mix-mpi4omp2
nProcs : 1
sigFpe : Enabling floating point exception trapping (FOAM_SIGFPE).
fileModificationChecking : Monitoring run-time modified files using timeStampMaster (fileModificationSkew 10)
allowSystemOperations : Allowing user-supplied system call operations

// * * * * * * * * * * * * * * * * * * * * * * * * * * * * * * * * * * * * * //
Create time

Create mesh for time = 0

Create mesh for time = 0

Selecting dynamicFvMesh staticFvMesh
Selecting dynamicFvMesh staticFvMesh
Create mesh for time = 0

Selecting dynamicFvMesh staticFvMesh
/*---------------------------------------------------------------------------*\
| =========                 |                                                 |
| \\      /  F ield         | OpenFOAM: The Open Source CFD Toolbox           |
|  \\    /   O peration     | Version:  v1706                                 |
|   \\  /    A nd           | Web:      www.OpenFOAM.com                      |
|    \\/     M anipulation  |                                                 |
\*---------------------------------------------------------------------------*/
Build  : v1706
Arch   : "LSB;label=32;scalar=64"
Exec   : dsmcFoam+
Date   : Jun 10 2026
Time   : 23:52:53
Host   : "SuperXCX-ROG"
PID    : 102124
Case   : /home/superxcx/code/OpenFoam/OF-1706/hyStrath_dlb/run/hyStrath/dsmcFoam+/xcx_test/pal-phd-3.3.1-cylinder-react/timecompare/ourmesh/mix-mpi4omp2
nProcs : 1
sigFpe : Enabling floating point exception trapping (FOAM_SIGFPE).
fileModificationChecking : Monitoring run-time modified files using timeStampMaster (fileModificationSkew 10)
allowSystemOperations : Allowing user-supplied system call operations

// * * * * * * * * * * * * * * * * * * * * * * * * * * * * * * * * * * * * * //
Create time

Create mesh for time = 0

Selecting dynamicFvMesh staticFvMesh

Constructing dsmcCloud 

Constructing dsmcCloud 

Constructing dsmcCloud 

Constructing dsmcCloud 
Selecting the coordinate system model:	dsmcCartesian

Selecting the time-step model:	dsmcConstantTimeStepModel

Constant time-step model:
- time-step [sec]	1e-07

Selecting the porous measurement model:	dsmcNoPorousMediumMeasurements


Creating dsmcControllers

Creating fields: 

Selecting field: dsmcVolFields

TimeData Statistics: 
 measurement option: write
 nSamples: 1, time interval: 1e-07
 nAverages: 10000, time interval: 0.001
 total no. of sampling steps: 0
 total no. of averaging Steps: 0


Selecting the coordinate system model:	dsmcCartesian

Selecting the time-step model:	dsmcConstantTimeStepModel

Constant time-step model:
- time-step [sec]	1e-07

Selecting the porous measurement model:	dsmcNoPorousMediumMeasurements


Creating dsmcControllers

Creating fields: 

Selecting field: dsmcVolFields

TimeData Statistics: 
 measurement option: write
 nSamples: 1, time interval: 1e-07
 nAverages: 10000, time interval: 0.001
 total no. of sampling steps: 0
 total no. of averaging Steps: 0


Selecting the coordinate system model:	dsmcCartesian

Selecting the time-step model:	dsmcConstantTimeStepModel

Selecting the coordinate system model:	dsmcCartesian

Selecting the time-step model:	dsmcConstantTimeStepModel

Constant time-step model:
- time-step [sec]	1e-07

Selecting the porous measurement model:	dsmcNoPorousMediumMeasurements

Constant time-step model:
- time-step [sec]	1e-07

Selecting the porous measurement model:	dsmcNoPorousMediumMeasurements


Creating dsmcControllers

Creating the boundary models: 

Selecting dsmcPatchBoundaryModel dsmcDeletionPatch
Selecting dsmcPatchBoundaryModel dsmcDeletionPatch
Selecting dsmcPatchBoundaryModel dsmcDiffuseWallPatch
Selecting dsmcGeneralBoundaryModel dsmcFreeStreamInflowPatch
Creating fields: 

Selecting field: dsmcVolFields

TimeData Statistics: 
 measurement option: write
 nSamples: 1, time interval: 1e-07
 nAverages: 10000, time interval: 0.001
 total no. of sampling steps: 0
 total no. of averaging Steps: 0



Creating dsmcControllers

Creating fields: 

Selecting field: dsmcVolFields

TimeData Statistics: 
 measurement option: write
 nSamples: 1, time interval: 1e-07
 nAverages: 10000, time interval: 0.001
 total no. of sampling steps: 0
 total no. of averaging Steps: 0


Selecting BinaryCollisionModel LarsenBorgnakkeVariableHardSphere

Creating dsmcReactions

There are no chemical reactions defined.
Creating the boundary models: 

Selecting dsmcPatchBoundaryModel dsmcDeletionPatch
Selecting dsmcPatchBoundaryModel dsmcDeletionPatch
Selecting dsmcPatchBoundaryModel dsmcDiffuseWallPatch
Selecting dsmcGeneralBoundaryModel dsmcFreeStreamInflowPatch
Creating the boundary models: 

Selecting dsmcPatchBoundaryModel dsmcDeletionPatch
Selecting dsmcPatchBoundaryModel dsmcDeletionPatch
Selecting dsmcPatchBoundaryModel dsmcDiffuseWallPatch
Selecting dsmcGeneralBoundaryModel dsmcFreeStreamInflowPatch
Selecting BinaryCollisionModel LarsenBorgnakkeVariableHardSphere

Creating dsmcReactions

There are no chemical reactions defined.
Creating the boundary models: 

Selecting dsmcPatchBoundaryModel dsmcDeletionPatch
Selecting dsmcPatchBoundaryModel dsmcDeletionPatch
Selecting dsmcPatchBoundaryModel dsmcDiffuseWallPatch
Selecting dsmcGeneralBoundaryModel dsmcFreeStreamInflowPatch
Selecting BinaryCollisionModel LarsenBorgnakkeVariableHardSphere

Creating dsmcReactions

There are no chemical reactions defined.
Selecting BinaryCollisionModel LarsenBorgnakkeVariableHardSphere

Creating dsmcReactions

There are no chemical reactions defined.

Constructing constant properties for
	N2
	O2
	NO
	N
	O
Selecting collisionPartnerSelectionModel noTimeCounter

Initialising the measurement fields

Initialising dsmcVolFields field

Constructing constant properties for
	N2
	O2
	NO
	N
	O

Constructing constant properties for
	N2
	O2
	NO
	N
	O
Selecting collisionPartnerSelectionModel noTimeCounter

Initialising the measurement fields

Initialising dsmcVolFields field
Selecting collisionPartnerSelectionModel noTimeCounter

Initialising the measurement fields

Initialising dsmcVolFields field

Constructing constant properties for
	N2
	O2
	NO
	N
	O
Selecting collisionPartnerSelectionModel noTimeCounter

Initialising the measurement fields

Initialising dsmcVolFields field
Replicated mesh: METIS decomposition complete, 104151 cells -> 4 ranks
Replicated mesh: rank 0 owns 26039 / 104151 cells
Local mesh: 26039 owned + 166 halo = 26205 / 104151 cells
Replicated mesh: no-Alltoall async migration enabled
Replicated mesh: flatTransfer=1 found=1
Replicated mesh: flat POD transfer enabled
Replicated mesh: writeMode=gathered
Phase C auto DLB: enabled (ParMETIS AdaptiveRepart), imbalanceThreshold=1.5, dlbSteps=50, sarSteps=10, triggerMode=legacyWindow, minGapSteps=50, checkCollective=allgather, skipFixedKPostDiag=0
Replicated mesh: initialized with 4 MPI ranks, migrate interval 10

Starting time loop

Replicated mesh: initial particle distribution

Replicated mesh: rank 0 kept 637604 parcels, deleted 1420258 non-owned parcels
Time = 1e-06

    Collisions                      = 2859
    Collision candidates           = 2952
    Collision acceptance rate      = 0.968495935

    Number of DSMC particles        = 2065831
    Number of stuck particles       = 0
    Number of free particles        = 2065831
    Average linear kinetic energy   = 1.111310411e-18
    Average rotational energy       = 2.628953419e-21
    Average vibrational energy      = 8.506054466e-24
    Average electronic energy       = 0
    Total energy                    = 1.150614021

Stage 1.0  ExecutionTime = 7.54 s  ClockTime = 7 s  Iteration 10 (0.23 s)

Time = 2e-06

    Collisions                      = 4293
    Collision candidates           = 4913
    Collision acceptance rate      = 0.873804193

    Number of DSMC particles        = 2073950
    Number of stuck particles       = 0
    Number of free particles        = 2073950
    Average linear kinetic energy   = 1.107081877e-18
    Average rotational energy       = 2.679412316e-21
    Average vibrational energy      = 1.672852245e-23
    Average electronic energy       = 0
    Total energy                    = 1.15081206

Stage 1.0  ExecutionTime = 9.47 s  ClockTime = 8 s  Iteration 20 (0.21 s)

Time = 3e-06

    Collisions                      = 4937
    Collision candidates           = 6118
    Collision acceptance rate      = 0.8069630598

    Number of DSMC particles        = 2082040
    Number of stuck particles       = 0
    Number of free particles        = 2082040
    Average linear kinetic energy   = 1.102984528e-18
    Average rotational energy       = 2.754681364e-21
    Average vibrational energy      = 2.678746408e-23
    Average electronic energy       = 0
    Total energy                    = 1.151124518

Stage 1.0  ExecutionTime = 11.47 s  ClockTime = 9 s  Iteration 30 (0.22 s)

Time = 4e-06

    Collisions                      = 5398
    Collision candidates           = 7193
    Collision acceptance rate      = 0.7504518282

    Number of DSMC particles        = 2090222
    Number of stuck particles       = 0
    Number of free particles        = 2090222
    Average linear kinetic energy   = 1.098936593e-18
    Average rotational energy       = 2.83510375e-21
    Average vibrational energy      = 4.12753596e-23
    Average electronic energy       = 0
    Total energy                    = 1.151516857

Stage 1.0  ExecutionTime = 13.44 s  ClockTime = 10 s  Iteration 40 (0.21 s)

Time = 5e-06

    Collisions                      = 5957
    Collision candidates           = 8414
    Collision acceptance rate      = 0.7079866889

    Number of DSMC particles        = 2098381
    Number of stuck particles       = 0
    Number of free particles        = 2098381
    Average linear kinetic energy   = 1.095010992e-18
    Average rotational energy       = 2.955691874e-21
    Average vibrational energy      = 5.910002686e-23
    Average electronic energy       = 0
    Total energy                    = 1.152038221

Stage 1.0  ExecutionTime = 15.44 s  ClockTime = 12 s  Iteration 50 (0.22 s)

Time = 6e-06

    Collisions                      = 6600
    Collision candidates           = 9610
    Collision acceptance rate      = 0.6867845994

    Number of DSMC particles        = 2106536
    Number of stuck particles       = 0
    Number of free particles        = 2106536
    Average linear kinetic energy   = 1.091205104e-18
    Average rotational energy       = 3.084533887e-21
    Average vibrational energy      = 7.585031698e-23
    Average electronic energy       = 0
    Total energy                    = 1.152660149

Stage 1.0  ExecutionTime = 17.47 s  ClockTime = 13 s  Iteration 60 (0.22 s)

Time = 7e-06

    Collisions                      = 7244
    Collision candidates           = 10896
    Collision acceptance rate      = 0.6648311307


Phase C auto DLB triggered (SAR) at step 70: sar=0.00601348365 loadImbalance=1.032021162 threshold=1.5
Phase C ParMETIS weights: particles=2114770 activeCells=103999 maxCellParticles=61
Phase C ParMETIS: alpha=0.8 ncon=2 ubvec=[1.049999952,1.5] moveRatio=0.9544067336 (moveT=6.160544217s, collT=0.294297309s)
Phase C ParMETIS: AdaptiveRepart (104151 cells, 2 constraints, ubvec=1.049999952)
Replicated mesh: rank 0 owns 27204 / 104151 cells
Local mesh: 27204 owned + 436 halo = 27640 / 104151 cells
Phase C ParMETIS AdaptiveRepart: 71751 / 104151 cells changed (0.6889132125)
Phase C auto DLB complete: rebalance #1

    Number of DSMC particles        = 2114770
    Number of stuck particles       = 0
    Number of free particles        = 2114770
    Average linear kinetic energy   = 1.087554516e-18
    Average rotational energy       = 3.25094698e-21
    Average vibrational energy      = 9.795506654e-23
    Average electronic energy       = 0
    Total energy                    = 1.153504911

Stage 1.0  ExecutionTime = 20 s  ClockTime = 14 s  Iteration 70 (0.68 s)

Time = 8e-06

    Collisions                      = 6300
    Collision candidates           = 9213
    Collision acceptance rate      = 0.6838163465

    Number of DSMC particles        = 2122808
    Number of stuck particles       = 0
    Number of free particles        = 2122808
    Average linear kinetic energy   = 1.083813193e-18
    Average rotational energy       = 3.342664571e-21
    Average vibrational energy      = 1.137018224e-22
    Average electronic energy       = 0
    Total energy                    = 1.154032259

Stage 1.0  ExecutionTime = 22 s  ClockTime = 15 s  Iteration 80 (0.23 s)

Time = 9e-06

    Collisions                      = 7569
    Collision candidates           = 11375
    Collision acceptance rate      = 0.6654065934

    Number of DSMC particles        = 2130961
    Number of stuck particles       = 0
    Number of free particles        = 2130961
    Average linear kinetic energy   = 1.08022046e-18
    Average rotational energy       = 3.540270768e-21
    Average vibrational energy      = 1.368487683e-22
    Average electronic energy       = 0
    Total energy                    = 1.154871736

Stage 1.0  ExecutionTime = 24.07 s  ClockTime = 16 s  Iteration 90 (0.23 s)

Time = 1e-05

    Collisions                      = 8658
    Collision candidates           = 13268
    Collision acceptance rate      = 0.6525474827

    Number of DSMC particles        = 2139021
    Number of stuck particles       = 0
    Number of free particles        = 2139021
    Average linear kinetic energy   = 1.076815661e-18
    Average rotational energy       = 3.764541277e-21
    Average vibrational energy      = 1.687448783e-22
    Average electronic energy       = 0
    Total energy                    = 1.155872347

Stage 1.0  ExecutionTime = 26.05 s  ClockTime = 17 s  Iteration 100 (0.22 s)

Time = 1.1e-05

    Collisions                      = 9270
    Collision candidates           = 14524
    Collision acceptance rate      = 0.6382539245

    Number of DSMC particles        = 2147073
    Number of stuck particles       = 0
    Number of free particles        = 2147073
    Average linear kinetic energy   = 1.073488191e-18
    Average rotational energy       = 4.045801846e-21
    Average vibrational energy      = 2.004219338e-22
    Average electronic energy       = 0
    Total energy                    = 1.156987232

Stage 1.0  ExecutionTime = 28.1 s  ClockTime = 19 s  Iteration 110 (0.23 s)

Time = 1.2e-05

    Collisions                      = 10107
    Collision candidates           = 16162
    Collision acceptance rate      = 0.6253557728

    Number of DSMC particles        = 2155221
    Number of stuck particles       = 0
    Number of free particles        = 2155221
    Average linear kinetic energy   = 1.070218656e-18
    Average rotational energy       = 4.353558671e-21
    Average vibrational energy      = 2.374207872e-22
    Average electronic energy       = 0
    Total energy                    = 1.158226149

Stage 1.0  ExecutionTime = 30.13 s  ClockTime = 20 s  Iteration 120 (0.24 s)

Time = 1.3e-05

    Collisions                      = 10907
    Collision candidates           = 17622
    Collision acceptance rate      = 0.6189422313

    Number of DSMC particles        = 2163363
    Number of stuck particles       = 0
    Number of free particles        = 2163363
    Average linear kinetic energy   = 1.067100472e-18
    Average rotational energy       = 4.681261998e-21
    Average vibrational energy      = 2.822432365e-22
    Average electronic energy       = 0
    Total energy                    = 1.159631771

Stage 1.0  ExecutionTime = 32.23 s  ClockTime = 21 s  Iteration 130 (0.23 s)

Time = 1.4e-05

    Collisions                      = 11586
    Collision candidates           = 19152
    Collision acceptance rate      = 0.6049498747

    Number of DSMC particles        = 2171334
    Number of stuck particles       = 0
    Number of free particles        = 2171334
    Average linear kinetic energy   = 1.064005562e-18
    Average rotational energy       = 5.04303937e-21
    Average vibrational energy      = 3.307703282e-22
    Average electronic energy       = 0
    Total energy                    = 1.160989895

Stage 1.0  ExecutionTime = 34.34 s  ClockTime = 22 s  Iteration 140 (0.24 s)

Time = 1.5e-05

    Collisions                      = 12467
    Collision candidates           = 20945
    Collision acceptance rate      = 0.5952255908

    Number of DSMC particles        = 2179422
    Number of stuck particles       = 0
    Number of free particles        = 2179422
    Average linear kinetic energy   = 1.06090251e-18
    Average rotational energy       = 5.414620705e-21
    Average vibrational energy      = 3.785186331e-22
    Average electronic energy       = 0
    Total energy                    = 1.162389983

Stage 1.0  ExecutionTime = 36.53 s  ClockTime = 23 s  Iteration 150 (0.25 s)

Time = 1.6e-05

    Collisions                      = 13257
    Collision candidates           = 22408
    Collision acceptance rate      = 0.5916190646

    Number of DSMC particles        = 2187616
    Number of stuck particles       = 0
    Number of free particles        = 2187616
    Average linear kinetic energy   = 1.057945683e-18
    Average rotational energy       = 5.785816027e-21
    Average vibrational energy      = 4.387515892e-22
    Average electronic energy       = 0
    Total energy                    = 1.163997933

Stage 1.0  ExecutionTime = 38.69 s  ClockTime = 24 s  Iteration 160 (0.26 s)

Time = 1.7e-05

    Collisions                      = 14008
    Collision candidates           = 24009
    Collision acceptance rate      = 0.5834478737

    Number of DSMC particles        = 2195904
    Number of stuck particles       = 0
    Number of free particles        = 2195904
    Average linear kinetic energy   = 1.055035078e-18
    Average rotational energy       = 6.190606409e-21
    Average vibrational energy      = 4.984311959e-22
    Average electronic energy       = 0
    Total energy                    = 1.165722116

Stage 1.0  ExecutionTime = 40.87 s  ClockTime = 26 s  Iteration 170 (0.24 s)

Time = 1.8e-05

    Collisions                      = 14633
    Collision candidates           = 25560
    Collision acceptance rate      = 0.5724960876

    Number of DSMC particles        = 2204046
    Number of stuck particles       = 0
    Number of free particles        = 2204046
    Average linear kinetic energy   = 1.052191495e-18
    Average rotational energy       = 6.627327853e-21
    Average vibrational energy      = 5.561889197e-22
    Average electronic energy       = 0
    Total energy                    = 1.167455629

Stage 1.0  ExecutionTime = 43.16 s  ClockTime = 27 s  Iteration 180 (0.26 s)

Time = 1.9e-05

    Collisions                      = 15435
    Collision candidates           = 26927
    Collision acceptance rate      = 0.5732164742


Phase C auto DLB triggered (SAR) at step 190: sar=0.0009170878939 loadImbalance=1.031749277 threshold=1.5
Phase C ParMETIS weights: particles=2212205 activeCells=104103 maxCellParticles=71
Phase C ParMETIS: alpha=0.8 ncon=2 ubvec=[1.049999952,1.5] moveRatio=0.9139509727 (moveT=16.30987262s, collT=1.535584201s)
Phase C ParMETIS: AdaptiveRepart (104151 cells, 2 constraints, ubvec=1.049999952)
Replicated mesh: rank 0 owns 27202 / 104151 cells
Local mesh: 27202 owned + 435 halo = 27637 / 104151 cells
Phase C ParMETIS AdaptiveRepart: 340 / 104151 cells changed (0.003264490979)
Phase C auto DLB complete: rebalance #2

    Number of DSMC particles        = 2212205
    Number of stuck particles       = 0
    Number of free particles        = 2212205
    Average linear kinetic energy   = 1.049395979e-18
    Average rotational energy       = 7.077001969e-21
    Average vibrational energy      = 6.167481359e-22
    Average electronic energy       = 0
    Total energy                    = 1.169249592

Stage 1.0  ExecutionTime = 45.77 s  ClockTime = 28 s  Iteration 190 (0.6 s)

Time = 2e-05

    Collisions                      = 16273
    Collision candidates           = 28465
    Collision acceptance rate      = 0.5716845249

    Number of DSMC particles        = 2220217
    Number of stuck particles       = 0
    Number of free particles        = 2220217
    Average linear kinetic energy   = 1.04661908e-18
    Average rotational energy       = 7.50253728e-21
    Average vibrational energy      = 6.820674989e-22
    Average electronic energy       = 0
    Total energy                    = 1.170946536

Stage 1.0  ExecutionTime = 48.15 s  ClockTime = 29 s  Iteration 200 (0.27 s)

Time = 2.1e-05

    Collisions                      = 16879
    Collision candidates           = 29827
    Collision acceptance rate      = 0.5658966708

    Number of DSMC particles        = 2228425
    Number of stuck particles       = 0
    Number of free particles        = 2228425
    Average linear kinetic energy   = 1.043947437e-18
    Average rotational energy       = 7.951671232e-21
    Average vibrational energy      = 7.595597688e-22
    Average electronic energy       = 0
    Total energy                    = 1.172885447

Stage 1.0  ExecutionTime = 50.57 s  ClockTime = 28 s  Iteration 210 (0.28 s)

Time = 2.2e-05

    Collisions                      = 17869
    Collision candidates           = 31500
    Collision acceptance rate      = 0.5672698413

    Number of DSMC particles        = 2236488
    Number of stuck particles       = 0
    Number of free particles        = 2236488
    Average linear kinetic energy   = 1.041274325e-18
    Average rotational energy       = 8.427282214e-21
    Average vibrational energy      = 8.423308e-22
    Average electronic energy       = 0
    Total energy                    = 1.174764456

Stage 1.0  ExecutionTime = 52.93 s  ClockTime = 29 s  Iteration 220 (0.28 s)

Time = 2.3e-05

    Collisions                      = 18438
    Collision candidates           = 32728
    Collision acceptance rate      = 0.563370814

    Number of DSMC particles        = 2244502
    Number of stuck particles       = 0
    Number of free particles        = 2244502
    Average linear kinetic energy   = 1.038655325e-18
    Average rotational energy       = 8.915861637e-21
    Average vibrational energy      = 9.273708417e-22
    Average electronic energy       = 0
    Total energy                    = 1.176678555

Stage 1.0  ExecutionTime = 55.33 s  ClockTime = 31 s  Iteration 230 (0.28 s)

Time = 2.4e-05

    Collisions                      = 18844
    Collision candidates           = 34176
    Collision acceptance rate      = 0.5513810861

    Number of DSMC particles        = 2252578
    Number of stuck particles       = 0
    Number of free particles        = 2252578
    Average linear kinetic energy   = 1.036136192e-18
    Average rotational energy       = 9.389434299e-21
    Average vibrational energy      = 1.000073457e-21
    Average electronic energy       = 0
    Total energy                    = 1.178690384

Stage 1.0  ExecutionTime = 57.77 s  ClockTime = 32 s  Iteration 240 (0.29 s)

Time = 2.5e-05

    Collisions                      = 19739
    Collision candidates           = 35644
    Collision acceptance rate      = 0.5537818427

    Number of DSMC particles        = 2260689
    Number of stuck particles       = 0
    Number of free particles        = 2260689
    Average linear kinetic energy   = 1.033591325e-18
    Average rotational energy       = 9.918383145e-21
    Average vibrational energy      = 1.079120802e-21
    Average electronic energy       = 0
    Total energy                    = 1.180745238

Stage 1.0  ExecutionTime = 60.38 s  ClockTime = 33 s  Iteration 250 (0.32 s)

Time = 2.6e-05

    Collisions                      = 20239
    Collision candidates           = 37001
    Collision acceptance rate      = 0.5469852166

    Number of DSMC particles        = 2268869
    Number of stuck particles       = 0
    Number of free particles        = 2268869
    Average linear kinetic energy   = 1.031135581e-18
    Average rotational energy       = 1.041460683e-20
    Average vibrational energy      = 1.177626724e-21
    Average electronic energy       = 0
    Total energy                    = 1.182906407

Stage 1.0  ExecutionTime = 62.93 s  ClockTime = 35 s  Iteration 260 (0.31 s)

Time = 2.7e-05

    Collisions                      = 20922
    Collision candidates           = 38288
    Collision acceptance rate      = 0.5464375261

    Number of DSMC particles        = 2276916
    Number of stuck particles       = 0
    Number of free particles        = 2276916
    Average linear kinetic energy   = 1.028678702e-18
    Average rotational energy       = 1.091610928e-20
    Average vibrational energy      = 1.274355498e-21
    Average electronic energy       = 0
    Total energy                    = 1.184985829

Stage 1.0  ExecutionTime = 65.55 s  ClockTime = 36 s  Iteration 270 (0.3 s)

Time = 2.8e-05

    Collisions                      = 21916
    Collision candidates           = 39979
    Collision acceptance rate      = 0.5481877986

    Number of DSMC particles        = 2285084
    Number of stuck particles       = 0
    Number of free particles        = 2285084
    Average linear kinetic energy   = 1.026241816e-18
    Average rotational energy       = 1.144550225e-20
    Average vibrational energy      = 1.371401423e-21
    Average electronic energy       = 0
    Total energy                    = 1.187168228

Stage 1.0  ExecutionTime = 68.16 s  ClockTime = 38 s  Iteration 280 (0.31 s)

Time = 2.9e-05

    Collisions                      = 22550
    Collision candidates           = 41360
    Collision acceptance rate      = 0.545212766

    Number of DSMC particles        = 2293192
    Number of stuck particles       = 0
    Number of free particles        = 2293192
    Average linear kinetic energy   = 1.023857269e-18
    Average rotational energy       = 1.198187219e-20
    Average vibrational energy      = 1.484842297e-21
    Average electronic energy       = 0
    Total energy                    = 1.18939153

Stage 1.0  ExecutionTime = 70.77 s  ClockTime = 39 s  Iteration 290 (0.3 s)

Time = 3e-05

    Collisions                      = 23291
    Collision candidates           = 42696
    Collision acceptance rate      = 0.5455077759

    Number of DSMC particles        = 2301371
    Number of stuck particles       = 0
    Number of free particles        = 2301371
    Average linear kinetic energy   = 1.021538488e-18
    Average rotational energy       = 1.254971684e-20
    Average vibrational energy      = 1.589199834e-21
    Average electronic energy       = 0
    Total energy                    = 1.191738972

Stage 1.0  ExecutionTime = 73.4 s  ClockTime = 40 s  Iteration 300 (0.32 s)

Time = 3.1e-05

    Collisions                      = 23856
    Collision candidates           = 43912
    Collision acceptance rate      = 0.5432683549

    Number of DSMC particles        = 2309543
    Number of stuck particles       = 0
    Number of free particles        = 2309543
    Average linear kinetic energy   = 1.019264993e-18
    Average rotational energy       = 1.307529025e-20
    Average vibrational energy      = 1.701839195e-21
    Average electronic energy       = 0
    Total energy                    = 1.194082372

Stage 1.0  ExecutionTime = 76.09 s  ClockTime = 42 s  Iteration 310 (0.3 s)

Time = 3.2e-05

    Collisions                      = 24622
    Collision candidates           = 45490
    Collision acceptance rate      = 0.5412618158

    Number of DSMC particles        = 2317630
    Number of stuck particles       = 0
    Number of free particles        = 2317630
    Average linear kinetic energy   = 1.017009451e-18
    Average rotational energy       = 1.363711361e-20
    Average vibrational energy      = 1.824757322e-21
    Average electronic energy       = 0
    Total energy                    = 1.196443255

Stage 1.0  ExecutionTime = 78.85 s  ClockTime = 43 s  Iteration 320 (0.32 s)

Time = 3.3e-05

    Collisions                      = 25285
    Collision candidates           = 46769
    Collision acceptance rate      = 0.5406358913

    Number of DSMC particles        = 2325787
    Number of stuck particles       = 0
    Number of free particles        = 2325787
    Average linear kinetic energy   = 1.014726644e-18
    Average rotational energy       = 1.416882367e-20
    Average vibrational energy      = 1.936958792e-21
    Average electronic energy       = 0
    Total energy                    = 1.198748328

Stage 1.0  ExecutionTime = 81.65 s  ClockTime = 45 s  Iteration 330 (0.32 s)

Time = 3.4e-05

    Collisions                      = 25685
    Collision candidates           = 48035
    Collision acceptance rate      = 0.5347142708

    Number of DSMC particles        = 2333947
    Number of stuck particles       = 0
    Number of free particles        = 2333947
    Average linear kinetic energy   = 1.012527843e-18
    Average rotational energy       = 1.473129149e-20
    Average vibrational energy      = 2.057407777e-21
    Average electronic energy       = 0
    Total energy                    = 1.201185129

Stage 1.0  ExecutionTime = 84.45 s  ClockTime = 47 s  Iteration 340 (0.34 s)

Time = 3.5e-05

    Collisions                      = 26461
    Collision candidates           = 49450
    Collision acceptance rate      = 0.5351061678

    Number of DSMC particles        = 2342094
    Number of stuck particles       = 0
    Number of free particles        = 2342094
    Average linear kinetic energy   = 1.010372236e-18
    Average rotational energy       = 1.528829196e-20
    Average vibrational energy      = 2.177899156e-21
    Average electronic energy       = 0
    Total energy                    = 1.203647106

Stage 1.0  ExecutionTime = 87.32 s  ClockTime = 48 s  Iteration 350 (0.35 s)

Time = 3.6e-05

    Collisions                      = 27261
    Collision candidates           = 50820
    Collision acceptance rate      = 0.5364226682

    Number of DSMC particles        = 2350244
    Number of stuck particles       = 0
    Number of free particles        = 2350244
    Average linear kinetic energy   = 1.008253539e-18
    Average rotational energy       = 1.583209855e-20
    Average vibrational energy      = 2.294066745e-21
    Average electronic energy       = 0
    Total energy                    = 1.206121371

Stage 1.0  ExecutionTime = 90.25 s  ClockTime = 50 s  Iteration 360 (0.37 s)

Time = 3.7e-05

    Collisions                      = 27987
    Collision candidates           = 52289
    Collision acceptance rate      = 0.5352368567

    Number of DSMC particles        = 2358320
    Number of stuck particles       = 0
    Number of free particles        = 2358320
    Average linear kinetic energy   = 1.00610143e-18
    Average rotational energy       = 1.639160807e-20
    Average vibrational energy      = 2.431582371e-21
    Average electronic energy       = 0
    Total energy                    = 1.208550115

Stage 1.0  ExecutionTime = 93.14 s  ClockTime = 51 s  Iteration 370 (0.37 s)

Time = 3.8e-05

    Collisions                      = 28589
    Collision candidates           = 53627
    Collision acceptance rate      = 0.5331083223

    Number of DSMC particles        = 2366447
    Number of stuck particles       = 0
    Number of free particles        = 2366447
    Average linear kinetic energy   = 1.003972346e-18
    Average rotational energy       = 1.698684967e-20
    Average vibrational energy      = 2.559175022e-21
    Average electronic energy       = 0
    Total energy                    = 1.211050989

Stage 1.0  ExecutionTime = 96.1 s  ClockTime = 53 s  Iteration 380 (0.35 s)

Time = 3.9e-05

    Collisions                      = 29252
    Collision candidates           = 54938
    Collision acceptance rate      = 0.5324547672

    Number of DSMC particles        = 2374610
    Number of stuck particles       = 0
    Number of free particles        = 2374610
    Average linear kinetic energy   = 1.001914193e-18
    Average rotational energy       = 1.754046998e-20
    Average vibrational energy      = 2.695410893e-21
    Average electronic energy       = 0
    Total energy                    = 1.213603893

Stage 1.0  ExecutionTime = 99.03 s  ClockTime = 55 s  Iteration 390 (0.36 s)

Time = 4e-05

    Collisions                      = 29747
    Collision candidates           = 56093
    Collision acceptance rate      = 0.5303157257

    Number of DSMC particles        = 2382613
    Number of stuck particles       = 0
    Number of free particles        = 2382613
    Average linear kinetic energy   = 9.998484411e-19
    Average rotational energy       = 1.809017849e-20
    Average vibrational energy      = 2.830718565e-21
    Average electronic energy       = 0
    Total energy                    = 1.216049148

Stage 1.0  ExecutionTime = 101.99 s  ClockTime = 56 s  Iteration 400 (0.36 s)

Time = 4.1e-05

    Collisions                      = 30005
    Collision candidates           = 57185
    Collision acceptance rate      = 0.5247005334

    Number of DSMC particles        = 2390565
    Number of stuck particles       = 0
    Number of free particles        = 2390565
    Average linear kinetic energy   = 9.978003434e-19
    Average rotational energy       = 1.865761452e-20
    Average vibrational energy      = 2.968676458e-21
    Average electronic energy       = 0
    Total energy                    = 1.218502816

Stage 1.0  ExecutionTime = 104.94 s  ClockTime = 58 s  Iteration 410 (0.36 s)

Time = 4.2e-05

    Collisions                      = 30698
    Collision candidates           = 58423
    Collision acceptance rate      = 0.5254437465

    Number of DSMC particles        = 2398735
    Number of stuck particles       = 0
    Number of free particles        = 2398735
    Average linear kinetic energy   = 9.958159199e-19
    Average rotational energy       = 1.921684743e-20
    Average vibrational energy      = 3.117387146e-21
    Average electronic energy       = 0
    Total energy                    = 1.221136205

Stage 1.0  ExecutionTime = 107.95 s  ClockTime = 59 s  Iteration 420 (0.37 s)

Time = 4.3e-05

    Collisions                      = 31278
    Collision candidates           = 59527
    Collision acceptance rate      = 0.5254422363

    Number of DSMC particles        = 2406833
    Number of stuck particles       = 0
    Number of free particles        = 2406833
    Average linear kinetic energy   = 9.93822163e-19
    Average rotational energy       = 1.980498244e-20
    Average vibrational energy      = 3.255487352e-21
    Average electronic energy       = 0
    Total energy                    = 1.223733339

Stage 1.0  ExecutionTime = 111.04 s  ClockTime = 58 s  Iteration 430 (0.37 s)

Time = 4.4e-05

    Collisions                      = 32041
    Collision candidates           = 61257
    Collision acceptance rate      = 0.5230585892


Phase C auto DLB triggered (SAR) at step 440: sar=0.0003203620483 loadImbalance=1.019971784 threshold=1.5
Phase C ParMETIS weights: particles=2414981 activeCells=104102 maxCellParticles=94
Phase C ParMETIS: alpha=0.8 ncon=2 ubvec=[1.049999952,1.5] moveRatio=0.9082320159 (moveT=43.61244797s, collT=4.406612365s)
Phase C ParMETIS: AdaptiveRepart (104151 cells, 2 constraints, ubvec=1.049999952)
Replicated mesh: rank 0 owns 27202 / 104151 cells
Local mesh: 27202 owned + 435 halo = 27637 / 104151 cells
Phase C ParMETIS AdaptiveRepart: 173 / 104151 cells changed (0.001661049822)
Phase C auto DLB complete: rebalance #3

    Number of DSMC particles        = 2414981
    Number of stuck particles       = 0
    Number of free particles        = 2414981
    Average linear kinetic energy   = 9.91881889e-19
    Average rotational energy       = 2.037914053e-20
    Average vibrational energy      = 3.397944906e-21
    Average electronic energy       = 0
    Total energy                    = 1.226398563

Stage 1.0  ExecutionTime = 114.48 s  ClockTime = 60 s  Iteration 440 (0.75 s)

Time = 4.5e-05

    Collisions                      = 32662
    Collision candidates           = 62091
    Collision acceptance rate      = 0.5260343689

    Number of DSMC particles        = 2423187
    Number of stuck particles       = 0
    Number of free particles        = 2423187
    Average linear kinetic energy   = 9.900033723e-19
    Average rotational energy       = 2.093552548e-20
    Average vibrational energy      = 3.543193974e-21
    Average electronic energy       = 0
    Total energy                    = 1.229139908

Stage 1.0  ExecutionTime = 117.75 s  ClockTime = 62 s  Iteration 450 (0.4 s)

Time = 4.6e-05

    Collisions                      = 33207
    Collision candidates           = 63205
    Collision acceptance rate      = 0.5253856499

    Number of DSMC particles        = 2431399
    Number of stuck particles       = 0
    Number of free particles        = 2431399
    Average linear kinetic energy   = 9.880718061e-19
    Average rotational energy       = 2.153010444e-20
    Average vibrational energy      = 3.69922167e-21
    Average electronic energy       = 0
    Total energy                    = 1.23186968

Stage 1.0  ExecutionTime = 120.93 s  ClockTime = 64 s  Iteration 460 (0.4 s)

Time = 4.7e-05

    Collisions                      = 33652
    Collision candidates           = 64338
    Collision acceptance rate      = 0.5230501414

    Number of DSMC particles        = 2439467
    Number of stuck particles       = 0
    Number of free particles        = 2439467
    Average linear kinetic energy   = 9.861721913e-19
    Average rotational energy       = 2.210853336e-20
    Average vibrational energy      = 3.86435918e-21
    Average electronic energy       = 0
    Total energy                    = 1.234547266

Stage 1.0  ExecutionTime = 124.21 s  ClockTime = 65 s  Iteration 470 (0.42 s)

Time = 4.8e-05

    Collisions                      = 34472
    Collision candidates           = 66056
    Collision acceptance rate      = 0.5218602398

    Number of DSMC particles        = 2447606
    Number of stuck particles       = 0
    Number of free particles        = 2447606
    Average linear kinetic energy   = 9.842860553e-19
    Average rotational energy       = 2.269564304e-20
    Average vibrational energy      = 4.01531376e-21
    Average electronic energy       = 0
    Total energy                    = 1.237261176

Stage 1.0  ExecutionTime = 127.47 s  ClockTime = 67 s  Iteration 480 (0.39 s)

Time = 4.9e-05

    Collisions                      = 35059
    Collision candidates           = 67285
    Collision acceptance rate      = 0.5210522405

    Number of DSMC particles        = 2455763
    Number of stuck particles       = 0
    Number of free particles        = 2455763
    Average linear kinetic energy   = 9.824363817e-19
    Average rotational energy       = 2.326575925e-20
    Average vibrational energy      = 4.173559519e-21
    Average electronic energy       = 0
    Total energy                    = 1.24000769

Stage 1.0  ExecutionTime = 130.74 s  ClockTime = 69 s  Iteration 490 (0.41 s)

Time = 5e-05

    Collisions                      = 35597
    Collision candidates           = 68537
    Collision acceptance rate      = 0.5193836906

    Number of DSMC particles        = 2463938
    Number of stuck particles       = 0
    Number of free particles        = 2463938
    Average linear kinetic energy   = 9.806405356e-19
    Average rotational energy       = 2.380857756e-20
    Average vibrational energy      = 4.346122314e-21
    Average electronic energy       = 0
    Total energy                    = 1.242804457

Stage 1.0  ExecutionTime = 134.06 s  ClockTime = 71 s  Iteration 500 (0.41 s)

End stage 1


DSMC solver profile summary
    solver profile steps          = 500
    move+collide wall [s]         = 66.34840933
    move only [s]                 = 52.3497374
    buildCellOccupancy [s]        = 7.392582614
    collision phase [s]           = 11.8539784
    post fields/output [s]        = 2.233632165
    total profiled [s]            = 73.82993059
    full evolve wall [s]          = 68.58716062
    move+collide cpu [s]          = 121.4
    move only cpu [s]             = 95.63
    buildCellOccupancy cpu [s]    = 12.83
    collision phase cpu [s]       = 22.16
    post fields/output cpu [s]    = 4.17
    total profiled cpu [s]        = 134.79
    full evolve cpu [s]           = 125.36
    OpenMP enabled                = 1
    OpenMP max threads            = 2
    OpenMP move                   = 1 (static, chunk 64)
    OpenMP collision              = dynamic, chunk 8


Replicated mesh profiling summary:
    migration calls             = 54
    migration wall time [s]     = 1.197057711
    local particles (final)     = 656958
    particles per rank          = min 549162 max 656958 max/min 1.196291805
    rank wall time (evolve, 500 steps): min 119.95 max 120.2 max/min 1.002084202
    Phase C auto DLB checks      = 500
    Phase C auto DLB rebalances = 3
    Phase C auto DLB triggered checks = 3
    Phase C auto DLB wall max [s]= 0.587667307
    Phase C auto DLB check max [s]= 0.017755545
    Phase C ParMETIS max [s]     = 0.406938294
    Phase C migration max [s]    = 0.239740106
    Phase C cellOwner write max [s] = 0
    Phase C post-diagnostic max [s] = 0.000179959
    Phase C auto DLB accounted max [s] = 0.664613904
    Phase C auto DLB residual max [s] = -0.076946597

Total Iterations = 500
End main

real 71.24
user 523.71
sys 13.59
