case=ourmesh
mode=OMP8
rep=2
np=1
OMP_NUM_THREADS=8
case_dir=/home/superxcx/code/OpenFoam/OF-1706/hyStrath_dlb/run/hyStrath/dsmcFoam+/xcx_test/pal-phd-3.3.1-cylinder-react/timecompare/ourmesh/omp8
controlDict=/home/superxcx/code/OpenFoam/OF-1706/hyStrath_dlb/doc/worklog/v2506/detail_mix/repeat_nowrite_compute_20260610_parmetisfix_clean/controlDicts/ourmesh_OMP8_rep2_controlDict
start=2026-06-10T23:41:03+08:00
/*---------------------------------------------------------------------------*\
| =========                 |                                                 |
| \\      /  F ield         | OpenFOAM: The Open Source CFD Toolbox           |
|  \\    /   O peration     | Version:  v1706                                 |
|   \\  /    A nd           | Web:      www.OpenFOAM.com                      |
|    \\/     M anipulation  |                                                 |
\*---------------------------------------------------------------------------*/
Build  : v1706
Arch   : "LSB;label=32;scalar=64"
Exec   : dsmcFoam+
Date   : Jun 10 2026
Time   : 23:41:03
Host   : "SuperXCX-ROG"
PID    : 96496
Case   : /home/superxcx/code/OpenFoam/OF-1706/hyStrath_dlb/run/hyStrath/dsmcFoam+/xcx_test/pal-phd-3.3.1-cylinder-react/timecompare/ourmesh/omp8
nProcs : 1
sigFpe : Enabling floating point exception trapping (FOAM_SIGFPE).
fileModificationChecking : Monitoring run-time modified files using timeStampMaster (fileModificationSkew 10)
allowSystemOperations : Allowing user-supplied system call operations

// * * * * * * * * * * * * * * * * * * * * * * * * * * * * * * * * * * * * * //
Create time

Create mesh for time = 0

Selecting dynamicFvMesh staticFvMesh

Constructing dsmcCloud 
Selecting the coordinate system model:	dsmcCartesian

Selecting the time-step model:	dsmcConstantTimeStepModel

Constant time-step model:
- time-step [sec]	1e-07

Selecting the porous measurement model:	dsmcNoPorousMediumMeasurements


Creating dsmcControllers

Creating fields: 

Selecting field: dsmcVolFields

TimeData Statistics: 
 measurement option: write
 nSamples: 1, time interval: 1e-07
 nAverages: 10000, time interval: 0.001
 total no. of sampling steps: 0
 total no. of averaging Steps: 0


Creating the boundary models: 

Selecting dsmcPatchBoundaryModel dsmcDeletionPatch
Selecting dsmcPatchBoundaryModel dsmcDeletionPatch
Selecting dsmcPatchBoundaryModel dsmcDiffuseWallPatch
Selecting dsmcGeneralBoundaryModel dsmcFreeStreamInflowPatch
Selecting BinaryCollisionModel LarsenBorgnakkeVariableHardSphere

Creating dsmcReactions

There are no chemical reactions defined.

Constructing constant properties for
	N2
	O2
	NO
	N
	O
Selecting collisionPartnerSelectionModel noTimeCounter

Initialising the measurement fields

Initialising dsmcVolFields field

Starting time loop

Time = 1e-06

    Collisions                      = 2840
    Collision candidates           = 2952
    Collision acceptance rate      = 0.9620596206

    Number of DSMC particles        = 2065848
    Number of stuck particles       = 0
    Number of free particles        = 2065848
    Average linear kinetic energy   = 1.11130426e-18
    Average rotational energy       = 2.630390357e-21
    Average vibrational energy      = 8.092834991e-24
    Average electronic energy       = 0
    Total energy                    = 1.150618194

Stage 1.0  ExecutionTime = 10.87 s  ClockTime = 6 s  Iteration 10 (0.82 s)

Time = 2e-06

    Collisions                      = 4318
    Collision candidates           = 4968
    Collision acceptance rate      = 0.8691626409

    Number of DSMC particles        = 2073991
    Number of stuck particles       = 0
    Number of free particles        = 2073991
    Average linear kinetic energy   = 1.107084931e-18
    Average rotational energy       = 2.683173947e-21
    Average vibrational energy      = 1.818787266e-23
    Average electronic energy       = 0
    Total energy                    = 1.150843392

Stage 1.0  ExecutionTime = 17.48 s  ClockTime = 7 s  Iteration 20 (0.86 s)

Time = 3e-06

    Collisions                      = 4852
    Collision candidates           = 6006
    Collision acceptance rate      = 0.8078588079

    Number of DSMC particles        = 2082022
    Number of stuck particles       = 0
    Number of free particles        = 2082022
    Average linear kinetic energy   = 1.102984868e-18
    Average rotational energy       = 2.752791409e-21
    Average vibrational energy      = 2.939797193e-23
    Average electronic energy       = 0
    Total energy                    = 1.151115671

Stage 1.0  ExecutionTime = 25.16 s  ClockTime = 8 s  Iteration 30 (0.89 s)

Time = 4e-06

    Collisions                      = 5431
    Collision candidates           = 7243
    Collision acceptance rate      = 0.7498274196

    Number of DSMC particles        = 2090215
    Number of stuck particles       = 0
    Number of free particles        = 2090215
    Average linear kinetic energy   = 1.098927307e-18
    Average rotational energy       = 2.840654051e-21
    Average vibrational energy      = 4.4850135e-23
    Average electronic energy       = 0
    Total energy                    = 1.151512832

Stage 1.0  ExecutionTime = 32.07 s  ClockTime = 9 s  Iteration 40 (0.85 s)

Time = 5e-06

    Collisions                      = 6065
    Collision candidates           = 8505
    Collision acceptance rate      = 0.7131099353

    Number of DSMC particles        = 2098365
    Number of stuck particles       = 0
    Number of free particles        = 2098365
    Average linear kinetic energy   = 1.095000896e-18
    Average rotational energy       = 2.954111801e-21
    Average vibrational energy      = 5.768607062e-23
    Average electronic energy       = 0
    Total energy                    = 1.152015703

Stage 1.0  ExecutionTime = 39.49 s  ClockTime = 10 s  Iteration 50 (0.87 s)

Time = 6e-06

    Collisions                      = 6663
    Collision candidates           = 9804
    Collision acceptance rate      = 0.679620563

    Number of DSMC particles        = 2106518
    Number of stuck particles       = 0
    Number of free particles        = 2106518
    Average linear kinetic energy   = 1.09119883e-18
    Average rotational energy       = 3.095344755e-21
    Average vibrational energy      = 7.533242454e-23
    Average electronic energy       = 0
    Total energy                    = 1.152654533

Stage 1.0  ExecutionTime = 47.17 s  ClockTime = 11 s  Iteration 60 (0.91 s)

Time = 7e-06

    Collisions                      = 7331
    Collision candidates           = 10984
    Collision acceptance rate      = 0.667425346

    Number of DSMC particles        = 2114782
    Number of stuck particles       = 0
    Number of free particles        = 2114782
    Average linear kinetic energy   = 1.087523583e-18
    Average rotational energy       = 3.265813379e-21
    Average vibrational energy      = 9.879146671e-23
    Average electronic energy       = 0
    Total energy                    = 1.153495352

Stage 1.0  ExecutionTime = 54.37 s  ClockTime = 12 s  Iteration 70 (0.94 s)

Time = 8e-06

    Collisions                      = 7623
    Collision candidates           = 11975
    Collision acceptance rate      = 0.6365762004

    Number of DSMC particles        = 2122819
    Number of stuck particles       = 0
    Number of free particles        = 2122819
    Average linear kinetic energy   = 1.083920719e-18
    Average rotational energy       = 3.459100354e-21
    Average vibrational energy      = 1.243418599e-22
    Average electronic energy       = 0
    Total energy                    = 1.154287248

Stage 1.0  ExecutionTime = 61.79 s  ClockTime = 13 s  Iteration 80 (0.95 s)

Time = 9e-06

    Collisions                      = 8484
    Collision candidates           = 13501
    Collision acceptance rate      = 0.6283978965

    Number of DSMC particles        = 2130947
    Number of stuck particles       = 0
    Number of free particles        = 2130947
    Average linear kinetic energy   = 1.08048442e-18
    Average rotational energy       = 3.684636501e-21
    Average vibrational energy      = 1.531251692e-22
    Average electronic energy       = 0
    Total energy                    = 1.15531655

Stage 1.0  ExecutionTime = 70.02 s  ClockTime = 14 s  Iteration 90 (1.11 s)

Time = 1e-05

    Collisions                      = 8958
    Collision candidates           = 14448
    Collision acceptance rate      = 0.6200166113

    Number of DSMC particles        = 2138994
    Number of stuck particles       = 0
    Number of free particles        = 2138994
    Average linear kinetic energy   = 1.077053028e-18
    Average rotational energy       = 3.945331686e-21
    Average vibrational energy      = 1.850717332e-22
    Average electronic energy       = 0
    Total energy                    = 1.156322437

Stage 1.0  ExecutionTime = 77.76 s  ClockTime = 15 s  Iteration 100 (0.95 s)

Time = 1.1e-05

    Collisions                      = 9857
    Collision candidates           = 15927
    Collision acceptance rate      = 0.6188861681

    Number of DSMC particles        = 2147070
    Number of stuck particles       = 0
    Number of free particles        = 2147070
    Average linear kinetic energy   = 1.073733631e-18
    Average rotational energy       = 4.216168603e-21
    Average vibrational energy      = 2.261763549e-22
    Average electronic energy       = 0
    Total energy                    = 1.157459647

Stage 1.0  ExecutionTime = 85.45 s  ClockTime = 16 s  Iteration 110 (1.08 s)

Time = 1.2e-05

    Collisions                      = 10585
    Collision candidates           = 17494
    Collision acceptance rate      = 0.6050645936

    Number of DSMC particles        = 2155193
    Number of stuck particles       = 0
    Number of free particles        = 2155193
    Average linear kinetic energy   = 1.070446314e-18
    Average rotational energy       = 4.520992877e-21
    Average vibrational energy      = 2.644341294e-22
    Average electronic energy       = 0
    Total energy                    = 1.15866596

Stage 1.0  ExecutionTime = 93.2 s  ClockTime = 17 s  Iteration 120 (0.95 s)

Time = 1.3e-05

    Collisions                      = 11432
    Collision candidates           = 19044
    Collision acceptance rate      = 0.6002940559

    Number of DSMC particles        = 2163310
    Number of stuck particles       = 0
    Number of free particles        = 2163310
    Average linear kinetic energy   = 1.067264459e-18
    Average rotational energy       = 4.847987305e-21
    Average vibrational energy      = 3.09687809e-22
    Average electronic energy       = 0
    Total energy                    = 1.159990764

Stage 1.0  ExecutionTime = 101.09 s  ClockTime = 18 s  Iteration 130 (1.03 s)

Time = 1.4e-05

    Collisions                      = 12118
    Collision candidates           = 20373
    Collision acceptance rate      = 0.5948068522

    Number of DSMC particles        = 2171390
    Number of stuck particles       = 0
    Number of free particles        = 2171390
    Average linear kinetic energy   = 1.064180334e-18
    Average rotational energy       = 5.202260052e-21
    Average vibrational energy      = 3.521592753e-22
    Average electronic energy       = 0
    Total energy                    = 1.161405673

Stage 1.0  ExecutionTime = 109.17 s  ClockTime = 19 s  Iteration 140 (0.99 s)

Time = 1.5e-05

    Collisions                      = 12875
    Collision candidates           = 21752
    Collision acceptance rate      = 0.5918995954

    Number of DSMC particles        = 2179457
    Number of stuck particles       = 0
    Number of free particles        = 2179457
    Average linear kinetic energy   = 1.06112535e-18
    Average rotational energy       = 5.541048264e-21
    Average vibrational energy      = 4.005096094e-22
    Average electronic energy       = 0
    Total energy                    = 1.16281322

Stage 1.0  ExecutionTime = 117.19 s  ClockTime = 20 s  Iteration 150 (1.13 s)

Time = 1.6e-05

    Collisions                      = 13653
    Collision candidates           = 23348
    Collision acceptance rate      = 0.5847610074

    Number of DSMC particles        = 2187598
    Number of stuck particles       = 0
    Number of free particles        = 2187598
    Average linear kinetic energy   = 1.058140871e-18
    Average rotational energy       = 5.927065522e-21
    Average vibrational energy      = 4.457911309e-22
    Average electronic energy       = 0
    Total energy                    = 1.164364051

Stage 1.0  ExecutionTime = 125.16 s  ClockTime = 19 s  Iteration 160 (1.02 s)

Time = 1.7e-05

    Collisions                      = 14095
    Collision candidates           = 24614
    Collision acceptance rate      = 0.5726415861

    Number of DSMC particles        = 2195910
    Number of stuck particles       = 0
    Number of free particles        = 2195910
    Average linear kinetic energy   = 1.055247663e-18
    Average rotational energy       = 6.348669206e-21
    Average vibrational energy      = 5.000675494e-22
    Average electronic energy       = 0
    Total energy                    = 1.166134053

Stage 1.0  ExecutionTime = 133.26 s  ClockTime = 20 s  Iteration 170 (1.04 s)

Time = 1.8e-05

    Collisions                      = 14947
    Collision candidates           = 25971
    Collision acceptance rate      = 0.5755265488

    Number of DSMC particles        = 2204051
    Number of stuck particles       = 0
    Number of free particles        = 2204051
    Average linear kinetic energy   = 1.052439246e-18
    Average rotational energy       = 6.740506453e-21
    Average vibrational energy      = 5.609047675e-22
    Average electronic energy       = 0
    Total energy                    = 1.167861228

Stage 1.0  ExecutionTime = 141.52 s  ClockTime = 21 s  Iteration 180 (1.05 s)

Time = 1.9e-05

    Collisions                      = 15619
    Collision candidates           = 27324
    Collision acceptance rate      = 0.5716220173

    Number of DSMC particles        = 2212145
    Number of stuck particles       = 0
    Number of free particles        = 2212145
    Average linear kinetic energy   = 1.049636269e-18
    Average rotational energy       = 7.184811977e-21
    Average vibrational energy      = 6.312903721e-22
    Average electronic energy       = 0
    Total energy                    = 1.169618988

Stage 1.0  ExecutionTime = 149.88 s  ClockTime = 22 s  Iteration 190 (1.08 s)

Time = 2e-05

    Collisions                      = 16291
    Collision candidates           = 28867
    Collision acceptance rate      = 0.564346832

    Number of DSMC particles        = 2220260
    Number of stuck particles       = 0
    Number of free particles        = 2220260
    Average linear kinetic energy   = 1.04686625e-18
    Average rotational energy       = 7.647900328e-21
    Average vibrational energy      = 7.065910452e-22
    Average electronic energy       = 0
    Total energy                    = 1.171432202

Stage 1.0  ExecutionTime = 158.65 s  ClockTime = 24 s  Iteration 200 (1.1 s)

Time = 2.1e-05

    Collisions                      = 17172
    Collision candidates           = 30411
    Collision acceptance rate      = 0.5646641018

    Number of DSMC particles        = 2228437
    Number of stuck particles       = 0
    Number of free particles        = 2228437
    Average linear kinetic energy   = 1.044129762e-18
    Average rotational energy       = 8.1099094e-21
    Average vibrational energy      = 7.767453531e-22
    Average electronic energy       = 0
    Total energy                    = 1.173290372

Stage 1.0  ExecutionTime = 167.08 s  ClockTime = 25 s  Iteration 210 (1.12 s)

Time = 2.2e-05

    Collisions                      = 17849
    Collision candidates           = 31799
    Collision acceptance rate      = 0.5613069593

    Number of DSMC particles        = 2236431
    Number of stuck particles       = 0
    Number of free particles        = 2236431
    Average linear kinetic energy   = 1.041500551e-18
    Average rotational energy       = 8.569370038e-21
    Average vibrational energy      = 8.458481464e-22
    Average electronic energy       = 0
    Total energy                    = 1.175150302

Stage 1.0  ExecutionTime = 175.68 s  ClockTime = 26 s  Iteration 220 (1.1 s)

Time = 2.3e-05

    Collisions                      = 18358
    Collision candidates           = 33178
    Collision acceptance rate      = 0.553318464

    Number of DSMC particles        = 2244508
    Number of stuck particles       = 0
    Number of free particles        = 2244508
    Average linear kinetic energy   = 1.038869607e-18
    Average rotational energy       = 9.071819055e-21
    Average vibrational energy      = 9.2526205e-22
    Average electronic energy       = 0
    Total energy                    = 1.177094836

Stage 1.0  ExecutionTime = 184.35 s  ClockTime = 27 s  Iteration 230 (1.14 s)

Time = 2.4e-05

    Collisions                      = 19298
    Collision candidates           = 34790
    Collision acceptance rate      = 0.5546996263

    Number of DSMC particles        = 2252639
    Number of stuck particles       = 0
    Number of free particles        = 2252639
    Average linear kinetic energy   = 1.036280555e-18
    Average rotational energy       = 9.579407091e-21
    Average vibrational energy      = 1.00953024e-21
    Average electronic energy       = 0
    Total energy                    = 1.179109524

Stage 1.0  ExecutionTime = 193.12 s  ClockTime = 28 s  Iteration 240 (1.15 s)

Time = 2.5e-05

    Collisions                      = 20038
    Collision candidates           = 36075
    Collision acceptance rate      = 0.5554539155

    Number of DSMC particles        = 2260722
    Number of stuck particles       = 0
    Number of free particles        = 2260722
    Average linear kinetic energy   = 1.033748931e-18
    Average rotational energy       = 1.008257473e-20
    Average vibrational energy      = 1.102318322e-21
    Average electronic energy       = 0
    Total energy                    = 1.181152442

Stage 1.0  ExecutionTime = 201.76 s  ClockTime = 29 s  Iteration 250 (1.15 s)

Time = 2.6e-05

    Collisions                      = 20720
    Collision candidates           = 37572
    Collision acceptance rate      = 0.5514745023

    Number of DSMC particles        = 2268831
    Number of stuck particles       = 0
    Number of free particles        = 2268831
    Average linear kinetic energy   = 1.031219965e-18
    Average rotational energy       = 1.061608139e-20
    Average vibrational energy      = 1.198618172e-21
    Average electronic energy       = 0
    Total energy                    = 1.183234691

Stage 1.0  ExecutionTime = 210.56 s  ClockTime = 30 s  Iteration 260 (1.23 s)

Time = 2.7e-05

    Collisions                      = 21507
    Collision candidates           = 39106
    Collision acceptance rate      = 0.549966757

    Number of DSMC particles        = 2276944
    Number of stuck particles       = 0
    Number of free particles        = 2276944
    Average linear kinetic energy   = 1.028750277e-18
    Average rotational energy       = 1.113904879e-20
    Average vibrational energy      = 1.289423566e-21
    Average electronic energy       = 0
    Total energy                    = 1.185352853

Stage 1.0  ExecutionTime = 219.79 s  ClockTime = 32 s  Iteration 270 (1.18 s)

Time = 2.8e-05

    Collisions                      = 22183
    Collision candidates           = 40423
    Collision acceptance rate      = 0.5487717389

    Number of DSMC particles        = 2285132
    Number of stuck particles       = 0
    Number of free particles        = 2285132
    Average linear kinetic energy   = 1.026392116e-18
    Average rotational energy       = 1.16729446e-20
    Average vibrational energy      = 1.380684276e-21
    Average electronic energy       = 0
    Total energy                    = 1.187635367

Stage 1.0  ExecutionTime = 228.93 s  ClockTime = 33 s  Iteration 280 (1.17 s)

Time = 2.9e-05

    Collisions                      = 22647
    Collision candidates           = 41840
    Collision acceptance rate      = 0.5412762906

    Number of DSMC particles        = 2293174
    Number of stuck particles       = 0
    Number of free particles        = 2293174
    Average linear kinetic energy   = 1.024000592e-18
    Average rotational energy       = 1.221111956e-20
    Average vibrational energy      = 1.488842981e-21
    Average electronic energy       = 0
    Total energy                    = 1.189813966

Stage 1.0  ExecutionTime = 237.8 s  ClockTime = 34 s  Iteration 290 (1.24 s)

Time = 3e-05

    Collisions                      = 23256
    Collision candidates           = 42841
    Collision acceptance rate      = 0.5428444714

    Number of DSMC particles        = 2301441
    Number of stuck particles       = 0
    Number of free particles        = 2301441
    Average linear kinetic energy   = 1.021678513e-18
    Average rotational energy       = 1.277099126e-20
    Average vibrational energy      = 1.598011761e-21
    Average electronic energy       = 0
    Total energy                    = 1.192201116

Stage 1.0  ExecutionTime = 247.08 s  ClockTime = 35 s  Iteration 300 (1.23 s)

Time = 3.1e-05

    Collisions                      = 23737
    Collision candidates           = 44282
    Collision acceptance rate      = 0.5360417325

    Number of DSMC particles        = 2309446
    Number of stuck particles       = 0
    Number of free particles        = 2309446
    Average linear kinetic energy   = 1.019308815e-18
    Average rotational energy       = 1.333338615e-20
    Average vibrational energy      = 1.705983224e-21
    Average electronic energy       = 0
    Total energy                    = 1.194385638

Stage 1.0  ExecutionTime = 256.74 s  ClockTime = 37 s  Iteration 310 (1.3 s)

Time = 3.2e-05

    Collisions                      = 24742
    Collision candidates           = 45759
    Collision acceptance rate      = 0.5407023755

    Number of DSMC particles        = 2317592
    Number of stuck particles       = 0
    Number of free particles        = 2317592
    Average linear kinetic energy   = 1.017026106e-18
    Average rotational energy       = 1.387637249e-20
    Average vibrational energy      = 1.816218711e-21
    Average electronic energy       = 0
    Total energy                    = 1.196710296

Stage 1.0  ExecutionTime = 266.24 s  ClockTime = 38 s  Iteration 320 (1.36 s)

Time = 3.3e-05

    Collisions                      = 25055
    Collision candidates           = 46853
    Collision acceptance rate      = 0.5347576463

    Number of DSMC particles        = 2325850
    Number of stuck particles       = 0
    Number of free particles        = 2325850
    Average linear kinetic energy   = 1.014771175e-18
    Average rotational energy       = 1.444036976e-20
    Average vibrational energy      = 1.940705186e-21
    Average electronic energy       = 0
    Total energy                    = 1.199152731

Stage 1.0  ExecutionTime = 275.76 s  ClockTime = 39 s  Iteration 330 (1.29 s)

Time = 3.4e-05

    Collisions                      = 25777
    Collision candidates           = 48292
    Collision acceptance rate      = 0.5337737099

    Number of DSMC particles        = 2333876
    Number of stuck particles       = 0
    Number of free particles        = 2333876
    Average linear kinetic energy   = 1.012573404e-18
    Average rotational energy       = 1.497481775e-20
    Average vibrational energy      = 2.05991514e-21
    Average electronic energy       = 0
    Total energy                    = 1.20148886

Stage 1.0  ExecutionTime = 285.24 s  ClockTime = 41 s  Iteration 340 (1.29 s)

Time = 3.5e-05

    Collisions                      = 26267
    Collision candidates           = 49679
    Collision acceptance rate      = 0.5287344753

    Number of DSMC particles        = 2342092
    Number of stuck particles       = 0
    Number of free particles        = 2342092
    Average linear kinetic energy   = 1.010347254e-18
    Average rotational energy       = 1.556284147e-20
    Average vibrational energy      = 2.182167706e-21
    Average electronic energy       = 0
    Total energy                    = 1.203943333

Stage 1.0  ExecutionTime = 294.77 s  ClockTime = 42 s  Iteration 350 (1.33 s)

Time = 3.6e-05

    Collisions                      = 27214
    Collision candidates           = 50987
    Collision acceptance rate      = 0.5337438955

    Number of DSMC particles        = 2350232
    Number of stuck particles       = 0
    Number of free particles        = 2350232
    Average linear kinetic energy   = 1.008220388e-18
    Average rotational energy       = 1.612850013e-20
    Average vibrational energy      = 2.30160644e-21
    Average electronic energy       = 0
    Total energy                    = 1.206433423

Stage 1.0  ExecutionTime = 305.5 s  ClockTime = 43 s  Iteration 360 (1.43 s)

Time = 3.7e-05

    Collisions                      = 27908
    Collision candidates           = 52567
    Collision acceptance rate      = 0.5309034185

    Number of DSMC particles        = 2358353
    Number of stuck particles       = 0
    Number of free particles        = 2358353
    Average linear kinetic energy   = 1.006057687e-18
    Average rotational energy       = 1.672157144e-20
    Average vibrational energy      = 2.430064376e-21
    Average electronic energy       = 0
    Total energy                    = 1.208902741

Stage 1.0  ExecutionTime = 315.69 s  ClockTime = 45 s  Iteration 370 (1.36 s)

Time = 3.8e-05

    Collisions                      = 28381
    Collision candidates           = 53600
    Collision acceptance rate      = 0.5294962687

    Number of DSMC particles        = 2366423
    Number of stuck particles       = 0
    Number of free particles        = 2366423
    Average linear kinetic energy   = 1.003973638e-18
    Average rotational energy       = 1.726628245e-20
    Average vibrational energy      = 2.555337324e-21
    Average electronic energy       = 0
    Total energy                    = 1.211366322

Stage 1.0  ExecutionTime = 326.16 s  ClockTime = 46 s  Iteration 380 (1.39 s)

Time = 3.9e-05

    Collisions                      = 29260
    Collision candidates           = 55149
    Collision acceptance rate      = 0.5305626575

    Number of DSMC particles        = 2374521
    Number of stuck particles       = 0
    Number of free particles        = 2374521
    Average linear kinetic energy   = 1.001891043e-18
    Average rotational energy       = 1.78176914e-20
    Average vibrational energy      = 2.689244203e-21
    Average electronic energy       = 0
    Total energy                    = 1.213852736

Stage 1.0  ExecutionTime = 336.32 s  ClockTime = 48 s  Iteration 390 (1.45 s)

Time = 4e-05

    Collisions                      = 30000
    Collision candidates           = 56564
    Collision acceptance rate      = 0.5303726752

    Number of DSMC particles        = 2382661
    Number of stuck particles       = 0
    Number of free particles        = 2382661
    Average linear kinetic energy   = 9.998533411e-19
    Average rotational energy       = 1.841745881e-20
    Average vibrational energy      = 2.831726941e-21
    Average electronic energy       = 0
    Total energy                    = 1.216470584

Stage 1.0  ExecutionTime = 347.47 s  ClockTime = 49 s  Iteration 400 (1.43 s)

Time = 4.1e-05

    Collisions                      = 30277
    Collision candidates           = 57974
    Collision acceptance rate      = 0.5222513541

    Number of DSMC particles        = 2390461
    Number of stuck particles       = 0
    Number of free particles        = 2390461
    Average linear kinetic energy   = 9.977812596e-19
    Average rotational energy       = 1.899018874e-20
    Average vibrational energy      = 2.970068561e-21
    Average electronic energy       = 0
    Total energy                    = 1.218826163

Stage 1.0  ExecutionTime = 357.95 s  ClockTime = 50 s  Iteration 410 (1.47 s)

Time = 4.2e-05

    Collisions                      = 30839
    Collision candidates           = 58903
    Collision acceptance rate      = 0.5235556763

    Number of DSMC particles        = 2398630
    Number of stuck particles       = 0
    Number of free particles        = 2398630
    Average linear kinetic energy   = 9.957608534e-19
    Average rotational energy       = 1.956328908e-20
    Average vibrational energy      = 3.111783824e-21
    Average electronic energy       = 0
    Total energy                    = 1.221425483

Stage 1.0  ExecutionTime = 368.59 s  ClockTime = 49 s  Iteration 420 (1.57 s)

Time = 4.3e-05

    Collisions                      = 31480
    Collision candidates           = 60059
    Collision acceptance rate      = 0.5241512513

    Number of DSMC particles        = 2406637
    Number of stuck particles       = 0
    Number of free particles        = 2406637
    Average linear kinetic energy   = 9.938119989e-19
    Average rotational energy       = 2.012487521e-20
    Average vibrational energy      = 3.254894326e-21
    Average electronic energy       = 0
    Total energy                    = 1.224005673

Stage 1.0  ExecutionTime = 379.35 s  ClockTime = 51 s  Iteration 430 (1.47 s)

Time = 4.4e-05

    Collisions                      = 32036
    Collision candidates           = 61178
    Collision acceptance rate      = 0.5236522933

    Number of DSMC particles        = 2414850
    Number of stuck particles       = 0
    Number of free particles        = 2414850
    Average linear kinetic energy   = 9.918811643e-19
    Average rotational energy       = 2.072070051e-20
    Average vibrational energy      = 3.396904058e-21
    Average electronic energy       = 0
    Total energy                    = 1.226742314

Stage 1.0  ExecutionTime = 390.43 s  ClockTime = 52 s  Iteration 440 (1.49 s)

Time = 4.5e-05

    Collisions                      = 32591
    Collision candidates           = 62464
    Collision acceptance rate      = 0.5217565318

    Number of DSMC particles        = 2422920
    Number of stuck particles       = 0
    Number of free particles        = 2422920
    Average linear kinetic energy   = 9.899706888e-19
    Average rotational energy       = 2.126473924e-20
    Average vibrational energy      = 3.556372437e-21
    Average electronic energy       = 0
    Total energy                    = 1.229379675

Stage 1.0  ExecutionTime = 401.26 s  ClockTime = 54 s  Iteration 450 (1.56 s)

Time = 4.6e-05

    Collisions                      = 33428
    Collision candidates           = 63687
    Collision acceptance rate      = 0.5248794887

    Number of DSMC particles        = 2431177
    Number of stuck particles       = 0
    Number of free particles        = 2431177
    Average linear kinetic energy   = 9.88105137e-19
    Average rotational energy       = 2.183200391e-20
    Average vibrational energy      = 3.709680944e-21
    Average electronic energy       = 0
    Total energy                    = 1.23217742

Stage 1.0  ExecutionTime = 413.47 s  ClockTime = 55 s  Iteration 460 (1.64 s)

Time = 4.7e-05

    Collisions                      = 33857
    Collision candidates           = 64932
    Collision acceptance rate      = 0.5214224111

    Number of DSMC particles        = 2439219
    Number of stuck particles       = 0
    Number of free particles        = 2439219
    Average linear kinetic energy   = 9.861746861e-19
    Average rotational energy       = 2.24283331e-20
    Average vibrational energy      = 3.866515136e-21
    Average electronic energy       = 0
    Total energy                    = 1.234817463

Stage 1.0  ExecutionTime = 425.82 s  ClockTime = 57 s  Iteration 470 (1.71 s)

Time = 4.8e-05

    Collisions                      = 34446
    Collision candidates           = 66244
    Collision acceptance rate      = 0.5199867158

    Number of DSMC particles        = 2447381
    Number of stuck particles       = 0
    Number of free particles        = 2447381
    Average linear kinetic energy   = 9.843329036e-19
    Average rotational energy       = 2.297403487e-20
    Average vibrational energy      = 4.029503156e-21
    Average electronic energy       = 0
    Total energy                    = 1.237562796

Stage 1.0  ExecutionTime = 437.57 s  ClockTime = 59 s  Iteration 480 (1.58 s)

Time = 4.9e-05

    Collisions                      = 35345
    Collision candidates           = 67500
    Collision acceptance rate      = 0.5236296296

    Number of DSMC particles        = 2455544
    Number of stuck particles       = 0
    Number of free particles        = 2455544
    Average linear kinetic energy   = 9.825051002e-19
    Average rotational energy       = 2.356233977e-20
    Average vibrational energy      = 4.175650711e-21
    Average electronic energy       = 0
    Total energy                    = 1.24034818

Stage 1.0  ExecutionTime = 448.92 s  ClockTime = 60 s  Iteration 490 (1.57 s)

Time = 5e-05

    Collisions                      = 35560
    Collision candidates           = 68606
    Collision acceptance rate      = 0.5183220127

    Number of DSMC particles        = 2463681
    Number of stuck particles       = 0
    Number of free particles        = 2463681
    Average linear kinetic energy   = 9.806641699e-19
    Average rotational energy       = 2.414232451e-20
    Average vibrational energy      = 4.329255119e-21
    Average electronic energy       = 0
    Total energy                    = 1.243094286

Stage 1.0  ExecutionTime = 460.3 s  ClockTime = 62 s  Iteration 500 (1.62 s)

End stage 1


DSMC solver profile summary
    solver profile steps          = 500
    move+collide wall [s]         = 58.58108834
    move only [s]                 = 47.74108455
    buildCellOccupancy [s]        = 6.754894827
    collision phase [s]           = 3.537174565
    post fields/output [s]        = 0.642693085
    total profiled [s]            = 58.67584702
    full evolve wall [s]          = 59.22725574
    move+collide cpu [s]          = 433.62
    move only cpu [s]             = 353.49
    buildCellOccupancy cpu [s]    = 49.35
    collision phase cpu [s]       = 26.13
    post fields/output cpu [s]    = 4.74
    total profiled cpu [s]        = 433.71
    full evolve cpu [s]           = 438.37
    OpenMP enabled                = 1
    OpenMP max threads            = 8
    OpenMP move                   = 1 (static, chunk 64)
    OpenMP collision              = dynamic, chunk 8

Total Iterations = 500
End main

real 61.51
user 457.86
sys 3.52
