case=ourmesh
mode=MPI8origin
rep=1
np=8
OMP_NUM_THREADS=1
case_dir=/home/superxcx/code/OpenFoam/OF-1706/hyStrath_dlb/run/hyStrath/dsmcFoam+/xcx_test/pal-phd-3.3.1-cylinder-react/timecompare/ourmesh/mpi8origin
controlDict=/home/superxcx/code/OpenFoam/OF-1706/hyStrath_dlb/doc/worklog/v2506/detail_mix/repeat_nowrite_compute_20260610_parmetisfix_clean/controlDicts/ourmesh_MPI8origin_rep1_controlDict
start=2026-06-11T00:00:18+08:00
/*---------------------------------------------------------------------------*\
| =========                 |                                                 |
| \\      /  F ield         | OpenFOAM: The Open Source CFD Toolbox           |
|  \\    /   O peration     | Version:  v1706                                 |
|   \\  /    A nd           | Web:      www.OpenFOAM.com                      |
|    \\/     M anipulation  |                                                 |
\*---------------------------------------------------------------------------*/
Build  : v1706
Arch   : "LSB;label=32;scalar=64"
Exec   : dsmcFoam+ -parallel
Date   : Jun 11 2026
Time   : 00:00:19
Host   : "SuperXCX-ROG"
PID    : 107590
Case   : /home/superxcx/code/OpenFoam/OF-1706/hyStrath_dlb/run/hyStrath/dsmcFoam+/xcx_test/pal-phd-3.3.1-cylinder-react/timecompare/ourmesh/mpi8origin
nProcs : 8
Slaves : 
7
(
"SuperXCX-ROG.107591"
"SuperXCX-ROG.107592"
"SuperXCX-ROG.107593"
"SuperXCX-ROG.107594"
"SuperXCX-ROG.107595"
"SuperXCX-ROG.107596"
"SuperXCX-ROG.107597"
)

Pstream initialized with:
    floatTransfer      : 0
    nProcsSimpleSum    : 0
    commsType          : nonBlocking
    polling iterations : 0
sigFpe : Enabling floating point exception trapping (FOAM_SIGFPE).
fileModificationChecking : Monitoring run-time modified files using timeStampMaster (fileModificationSkew 10)
allowSystemOperations : Allowing user-supplied system call operations

// * * * * * * * * * * * * * * * * * * * * * * * * * * * * * * * * * * * * * //
Create time

Create mesh for time = 0

Selecting dynamicFvMesh staticFvMesh

Constructing dsmcCloud 
Selecting the coordinate system model:	dsmcCartesian

Selecting the time-step model:	dsmcConstantTimeStepModel

Constant time-step model:
- time-step [sec]	1e-07

Selecting the porous measurement model:	dsmcNoPorousMediumMeasurements


Creating dsmcControllers

Creating fields: 

Selecting field: dsmcVolFields

TimeData Statistics: 
 measurement option: write
 nSamples: 1, time interval: 1e-07
 nAverages: 10000, time interval: 0.001
 total no. of sampling steps: 0
 total no. of averaging Steps: 0


Creating the boundary models: 

Selecting dsmcPatchBoundaryModel dsmcDeletionPatch
Selecting dsmcPatchBoundaryModel dsmcDeletionPatch
Selecting dsmcPatchBoundaryModel dsmcDiffuseWallPatch
Selecting dsmcGeneralBoundaryModel dsmcFreeStreamInflowPatch
Selecting BinaryCollisionModel LarsenBorgnakkeVariableHardSphere

Creating dsmcReactions

There are no chemical reactions defined.

Constructing constant properties for
	N2
	O2
	NO
	N
	O
Selecting collisionPartnerSelectionModel noTimeCounter

Initialising the measurement fields

Initialising dsmcVolFields field

Starting time loop

Time = 1e-06

    Collisions                      = 2804
    Collision candidates           = 2912
    Collision acceptance rate      = 0.9629120879

    Number of DSMC particles        = 2065859
    Number of stuck particles       = 0
    Number of free particles        = 2065859
    Average linear kinetic energy   = 1.111305245e-18
    Average rotational energy       = 2.628750485e-21
    Average vibrational energy      = 8.783565006e-24
    Average electronic energy       = 0
    Total energy                    = 1.150624358

Stage 1.0  ExecutionTime = 2.55 s  ClockTime = 3 s  Iteration 10 (0.18 s)

Time = 2e-06

    Collisions                      = 4364
    Collision candidates           = 4956
    Collision acceptance rate      = 0.8805488297

    Number of DSMC particles        = 2073975
    Number of stuck particles       = 0
    Number of free particles        = 2073975
    Average linear kinetic energy   = 1.10707255e-18
    Average rotational energy       = 2.683379365e-21
    Average vibrational energy      = 1.851443345e-23
    Average electronic energy       = 0
    Total energy                    = 1.150822226

Stage 1.0  ExecutionTime = 4.19 s  ClockTime = 5 s  Iteration 20 (0.19 s)

Time = 3e-06

    Collisions                      = 4816
    Collision candidates           = 6000
    Collision acceptance rate      = 0.8026666667

    Number of DSMC particles        = 2082055
    Number of stuck particles       = 0
    Number of free particles        = 2082055
    Average linear kinetic energy   = 1.102980067e-18
    Average rotational energy       = 2.750113562e-21
    Average vibrational energy      = 2.964236263e-23
    Average electronic energy       = 0
    Total energy                    = 1.151126385

Stage 1.0  ExecutionTime = 5.81 s  ClockTime = 6 s  Iteration 30 (0.17 s)

Time = 4e-06

    Collisions                      = 5365
    Collision candidates           = 7267
    Collision acceptance rate      = 0.7382688867

    Number of DSMC particles        = 2090208
    Number of stuck particles       = 0
    Number of free particles        = 2090208
    Average linear kinetic energy   = 1.098941249e-18
    Average rotational energy       = 2.83589127e-21
    Average vibrational energy      = 3.941963263e-23
    Average electronic energy       = 0
    Total energy                    = 1.151512894

Stage 1.0  ExecutionTime = 7.46 s  ClockTime = 8 s  Iteration 40 (0.17 s)

Time = 5e-06

    Collisions                      = 5803
    Collision candidates           = 8282
    Collision acceptance rate      = 0.7006761652

    Number of DSMC particles        = 2098385
    Number of stuck particles       = 0
    Number of free particles        = 2098385
    Average linear kinetic energy   = 1.095018897e-18
    Average rotational energy       = 2.944802648e-21
    Average vibrational energy      = 5.329630018e-23
    Average electronic energy       = 0
    Total energy                    = 1.152031197

Stage 1.0  ExecutionTime = 9.14 s  ClockTime = 10 s  Iteration 50 (0.19 s)

Time = 6e-06

    Collisions                      = 6578
    Collision candidates           = 9613
    Collision acceptance rate      = 0.6842817019

    Number of DSMC particles        = 2106509
    Number of stuck particles       = 0
    Number of free particles        = 2106509
    Average linear kinetic energy   = 1.091225761e-18
    Average rotational energy       = 3.078771314e-21
    Average vibrational energy      = 7.319301349e-23
    Average electronic energy       = 0
    Total energy                    = 1.152658264

Stage 1.0  ExecutionTime = 10.89 s  ClockTime = 12 s  Iteration 60 (0.18 s)

Time = 7e-06

    Collisions                      = 7113
    Collision candidates           = 10767
    Collision acceptance rate      = 0.6606297019

    Number of DSMC particles        = 2114804
    Number of stuck particles       = 0
    Number of free particles        = 2114804
    Average linear kinetic energy   = 1.087572782e-18
    Average rotational energy       = 3.245510348e-21
    Average vibrational energy      = 9.262288578e-23
    Average electronic energy       = 0
    Total energy                    = 1.153531383

Stage 1.0  ExecutionTime = 12.65 s  ClockTime = 14 s  Iteration 70 (0.2 s)

Time = 8e-06

    Collisions                      = 7791
    Collision candidates           = 12053
    Collision acceptance rate      = 0.6463950884

    Number of DSMC particles        = 2122798
    Number of stuck particles       = 0
    Number of free particles        = 2122798
    Average linear kinetic energy   = 1.083972412e-18
    Average rotational energy       = 3.442168919e-21
    Average vibrational energy      = 1.196437634e-22
    Average electronic energy       = 0
    Total energy                    = 1.154307738

Stage 1.0  ExecutionTime = 14.47 s  ClockTime = 16 s  Iteration 80 (0.2 s)

Time = 9e-06

    Collisions                      = 8312
    Collision candidates           = 13225
    Collision acceptance rate      = 0.6285066163

    Number of DSMC particles        = 2130935
    Number of stuck particles       = 0
    Number of free particles        = 2130935
    Average linear kinetic energy   = 1.080476294e-18
    Average rotational energy       = 3.679275924e-21
    Average vibrational energy      = 1.477469172e-22
    Average electronic energy       = 0
    Total energy                    = 1.155289944

Stage 1.0  ExecutionTime = 16.37 s  ClockTime = 18 s  Iteration 90 (0.2 s)

Time = 1e-05

    Collisions                      = 9196
    Collision candidates           = 14759
    Collision acceptance rate      = 0.6230774443

    Number of DSMC particles        = 2138967
    Number of stuck particles       = 0
    Number of free particles        = 2138967
    Average linear kinetic energy   = 1.077112008e-18
    Average rotational energy       = 3.910813981e-21
    Average vibrational energy      = 1.773641787e-22
    Average electronic energy       = 0
    Total energy                    = 1.156325759

Stage 1.0  ExecutionTime = 18.29 s  ClockTime = 20 s  Iteration 100 (0.22 s)

Time = 1.1e-05

    Collisions                      = 9966
    Collision candidates           = 16229
    Collision acceptance rate      = 0.6140858956

    Number of DSMC particles        = 2147042
    Number of stuck particles       = 0
    Number of free particles        = 2147042
    Average linear kinetic energy   = 1.073761428e-18
    Average rotational energy       = 4.186670243e-21
    Average vibrational energy      = 2.165162618e-22
    Average electronic energy       = 0
    Total energy                    = 1.157432355

Stage 1.0  ExecutionTime = 20.23 s  ClockTime = 22 s  Iteration 110 (0.21 s)

Time = 1.2e-05

    Collisions                      = 10639
    Collision candidates           = 17480
    Collision acceptance rate      = 0.6086384439

    Number of DSMC particles        = 2155197
    Number of stuck particles       = 0
    Number of free particles        = 2155197
    Average linear kinetic energy   = 1.070492033e-18
    Average rotational energy       = 4.4802777e-21
    Average vibrational energy      = 2.564304379e-22
    Average electronic energy       = 0
    Total energy                    = 1.158664879

Stage 1.0  ExecutionTime = 22.24 s  ClockTime = 24 s  Iteration 120 (0.22 s)

Time = 1.3e-05

    Collisions                      = 11312
    Collision candidates           = 18875
    Collision acceptance rate      = 0.5993112583

    Number of DSMC particles        = 2163289
    Number of stuck particles       = 0
    Number of free particles        = 2163289
    Average linear kinetic energy   = 1.06734409e-18
    Average rotational energy       = 4.79437824e-21
    Average vibrational energy      = 3.016642729e-22
    Average electronic energy       = 0
    Total energy                    = 1.159998971

Stage 1.0  ExecutionTime = 24.28 s  ClockTime = 27 s  Iteration 130 (0.22 s)

Time = 1.4e-05

    Collisions                      = 12104
    Collision candidates           = 20328
    Collision acceptance rate      = 0.5954348682

    Number of DSMC particles        = 2171377
    Number of stuck particles       = 0
    Number of free particles        = 2171377
    Average linear kinetic energy   = 1.06423207e-18
    Average rotational energy       = 5.150275635e-21
    Average vibrational energy      = 3.471451024e-22
    Average electronic energy       = 0
    Total energy                    = 1.161393006

Stage 1.0  ExecutionTime = 26.43 s  ClockTime = 26 s  Iteration 140 (0.24 s)

Time = 1.5e-05

    Collisions                      = 12729
    Collision candidates           = 21568
    Collision acceptance rate      = 0.5901798961

    Number of DSMC particles        = 2179486
    Number of stuck particles       = 0
    Number of free particles        = 2179486
    Average linear kinetic energy   = 1.061184343e-18
    Average rotational energy       = 5.53252879e-21
    Average vibrational energy      = 4.000185442e-22
    Average electronic energy       = 0
    Total energy                    = 1.162883161

Stage 1.0  ExecutionTime = 28.6 s  ClockTime = 28 s  Iteration 150 (0.24 s)

Time = 1.6e-05

    Collisions                      = 13400
    Collision candidates           = 23059
    Collision acceptance rate      = 0.5811180016

    Number of DSMC particles        = 2187561
    Number of stuck particles       = 0
    Number of free particles        = 2187561
    Average linear kinetic energy   = 1.058213004e-18
    Average rotational energy       = 5.923906979e-21
    Average vibrational energy      = 4.490833019e-22
    Average electronic energy       = 0
    Total energy                    = 1.164423402

Stage 1.0  ExecutionTime = 30.82 s  ClockTime = 31 s  Iteration 160 (0.25 s)

Time = 1.7e-05

    Collisions                      = 13974
    Collision candidates           = 24333
    Collision acceptance rate      = 0.5742818395

    Number of DSMC particles        = 2195842
    Number of stuck particles       = 0
    Number of free particles        = 2195842
    Average linear kinetic energy   = 1.05536713e-18
    Average rotational energy       = 6.305396139e-21
    Average vibrational energy      = 5.092877166e-22
    Average electronic energy       = 0
    Total energy                    = 1.16619172

Stage 1.0  ExecutionTime = 33.17 s  ClockTime = 34 s  Iteration 170 (0.25 s)

Time = 1.8e-05

    Collisions                      = 14908
    Collision candidates           = 26000
    Collision acceptance rate      = 0.5733846154

    Number of DSMC particles        = 2204012
    Number of stuck particles       = 0
    Number of free particles        = 2204012
    Average linear kinetic energy   = 1.052577998e-18
    Average rotational energy       = 6.724831564e-21
    Average vibrational energy      = 5.640540946e-22
    Average electronic energy       = 0
    Total energy                    = 1.167979665

Stage 1.0  ExecutionTime = 35.57 s  ClockTime = 36 s  Iteration 180 (0.25 s)

Time = 1.9e-05

    Collisions                      = 15631
    Collision candidates           = 27425
    Collision acceptance rate      = 0.5699544211

    Number of DSMC particles        = 2212207
    Number of stuck particles       = 0
    Number of free particles        = 2212207
    Average linear kinetic energy   = 1.049790905e-18
    Average rotational energy       = 7.157203852e-21
    Average vibrational energy      = 6.304783681e-22
    Average electronic energy       = 0
    Total energy                    = 1.169791377

Stage 1.0  ExecutionTime = 37.99 s  ClockTime = 39 s  Iteration 190 (0.26 s)

Time = 2e-05

    Collisions                      = 16262
    Collision candidates           = 28827
    Collision acceptance rate      = 0.5641239116

    Number of DSMC particles        = 2220174
    Number of stuck particles       = 0
    Number of free particles        = 2220174
    Average linear kinetic energy   = 1.047044035e-18
    Average rotational energy       = 7.604588186e-21
    Average vibrational energy      = 6.970456267e-22
    Average electronic energy       = 0
    Total energy                    = 1.171525508

Stage 1.0  ExecutionTime = 40.45 s  ClockTime = 41 s  Iteration 200 (0.27 s)

Time = 2.1e-05

    Collisions                      = 17248
    Collision candidates           = 30541
    Collision acceptance rate      = 0.5647490259

    Number of DSMC particles        = 2228436
    Number of stuck particles       = 0
    Number of free particles        = 2228436
    Average linear kinetic energy   = 1.044329699e-18
    Average rotational energy       = 8.057900228e-21
    Average vibrational energy      = 7.722610717e-22
    Average electronic energy       = 0
    Total energy                    = 1.173449673

Stage 1.0  ExecutionTime = 42.95 s  ClockTime = 44 s  Iteration 210 (0.27 s)

Time = 2.2e-05

    Collisions                      = 17810
    Collision candidates           = 31822
    Collision acceptance rate      = 0.5596756961

    Number of DSMC particles        = 2236435
    Number of stuck particles       = 0
    Number of free particles        = 2236435
    Average linear kinetic energy   = 1.041621726e-18
    Average rotational energy       = 8.526084626e-21
    Average vibrational energy      = 8.444533496e-22
    Average electronic energy       = 0
    Total energy                    = 1.175237942

Stage 1.0  ExecutionTime = 45.43 s  ClockTime = 47 s  Iteration 220 (0.27 s)

Time = 2.3e-05

    Collisions                      = 18504
    Collision candidates           = 33292
    Collision acceptance rate      = 0.5558092034

    Number of DSMC particles        = 2244462
    Number of stuck particles       = 0
    Number of free particles        = 2244462
    Average linear kinetic energy   = 1.03905889e-18
    Average rotational energy       = 8.9983274e-21
    Average vibrational energy      = 9.211199915e-22
    Average electronic energy       = 0
    Total energy                    = 1.177196008

Stage 1.0  ExecutionTime = 47.94 s  ClockTime = 50 s  Iteration 230 (0.28 s)

Time = 2.4e-05

    Collisions                      = 19207
    Collision candidates           = 34786
    Collision acceptance rate      = 0.5521474156

    Number of DSMC particles        = 2252662
    Number of stuck particles       = 0
    Number of free particles        = 2252662
    Average linear kinetic energy   = 1.036478344e-18
    Average rotational energy       = 9.485578017e-21
    Average vibrational energy      = 1.005208152e-21
    Average electronic energy       = 0
    Total energy                    = 1.179233788

Stage 1.0  ExecutionTime = 50.47 s  ClockTime = 52 s  Iteration 240 (0.27 s)

Time = 2.5e-05

    Collisions                      = 19898
    Collision candidates           = 36271
    Collision acceptance rate      = 0.5485925395

    Number of DSMC particles        = 2260692
    Number of stuck particles       = 0
    Number of free particles        = 2260692
    Average linear kinetic energy   = 1.033934339e-18
    Average rotational energy       = 9.995198223e-21
    Average vibrational energy      = 1.091480827e-21
    Average electronic energy       = 0
    Total energy                    = 1.181235328

Stage 1.0  ExecutionTime = 53.13 s  ClockTime = 55 s  Iteration 250 (0.31 s)

Time = 2.6e-05

    Collisions                      = 20685
    Collision candidates           = 37587
    Collision acceptance rate      = 0.5503232501

    Number of DSMC particles        = 2268834
    Number of stuck particles       = 0
    Number of free particles        = 2268834
    Average linear kinetic energy   = 1.031455139e-18
    Average rotational energy       = 1.049306115e-20
    Average vibrational energy      = 1.193709609e-21
    Average electronic energy       = 0
    Total energy                    = 1.183357916

Stage 1.0  ExecutionTime = 55.8 s  ClockTime = 55 s  Iteration 260 (0.31 s)

Time = 2.7e-05

    Collisions                      = 21205
    Collision candidates           = 39188
    Collision acceptance rate      = 0.5411095233

    Number of DSMC particles        = 2276853
    Number of stuck particles       = 0
    Number of free particles        = 2276853
    Average linear kinetic energy   = 1.029010679e-18
    Average rotational energy       = 1.09893837e-20
    Average vibrational energy      = 1.286220195e-21
    Average electronic energy       = 0
    Total energy                    = 1.185427898

Stage 1.0  ExecutionTime = 58.51 s  ClockTime = 58 s  Iteration 270 (0.29 s)

Time = 2.8e-05

    Collisions                      = 22069
    Collision candidates           = 40460
    Collision acceptance rate      = 0.5454522986

    Number of DSMC particles        = 2285066
    Number of stuck particles       = 0
    Number of free particles        = 2285066
    Average linear kinetic energy   = 1.02656677e-18
    Average rotational energy       = 1.152052502e-20
    Average vibrational energy      = 1.389088748e-21
    Average electronic energy       = 0
    Total energy                    = 1.187636072

Stage 1.0  ExecutionTime = 61.31 s  ClockTime = 61 s  Iteration 280 (0.31 s)

Time = 2.9e-05

    Collisions                      = 22718
    Collision candidates           = 41901
    Collision acceptance rate      = 0.5421827641

    Number of DSMC particles        = 2293233
    Number of stuck particles       = 0
    Number of free particles        = 2293233
    Average linear kinetic energy   = 1.024170643e-18
    Average rotational energy       = 1.203693503e-20
    Average vibrational energy      = 1.499256532e-21
    Average electronic energy       = 0
    Total energy                    = 1.189851779

Stage 1.0  ExecutionTime = 64.17 s  ClockTime = 65 s  Iteration 290 (0.31 s)

Time = 3e-05

    Collisions                      = 23429
    Collision candidates           = 43132
    Collision acceptance rate      = 0.543192989

    Number of DSMC particles        = 2301460
    Number of stuck particles       = 0
    Number of free particles        = 2301460
    Average linear kinetic energy   = 1.021825494e-18
    Average rotational energy       = 1.258978932e-20
    Average vibrational energy      = 1.612774161e-21
    Average electronic energy       = 0
    Total energy                    = 1.192188567

Stage 1.0  ExecutionTime = 67.09 s  ClockTime = 68 s  Iteration 300 (0.31 s)

Time = 3.1e-05

    Collisions                      = 23661
    Collision candidates           = 44276
    Collision acceptance rate      = 0.5343978679

    Number of DSMC particles        = 2309524
    Number of stuck particles       = 0
    Number of free particles        = 2309524
    Average linear kinetic energy   = 1.019553278e-18
    Average rotational energy       = 1.310857684e-20
    Average vibrational energy      = 1.718212434e-21
    Average electronic energy       = 0
    Total energy                    = 1.194462795

Stage 1.0  ExecutionTime = 70.15 s  ClockTime = 71 s  Iteration 310 (0.33 s)

Time = 3.2e-05

    Collisions                      = 24721
    Collision candidates           = 45868
    Collision acceptance rate      = 0.5389596233

    Number of DSMC particles        = 2317577
    Number of stuck particles       = 0
    Number of free particles        = 2317577
    Average linear kinetic energy   = 1.017245942e-18
    Average rotational energy       = 1.369460068e-20
    Average vibrational energy      = 1.835262679e-21
    Average electronic energy       = 0
    Total energy                    = 1.196768726

Stage 1.0  ExecutionTime = 73.2 s  ClockTime = 75 s  Iteration 320 (0.34 s)

Time = 3.3e-05

    Collisions                      = 24979
    Collision candidates           = 46912
    Collision acceptance rate      = 0.5324650409

    Number of DSMC particles        = 2325830
    Number of stuck particles       = 0
    Number of free particles        = 2325830
    Average linear kinetic energy   = 1.014986383e-18
    Average rotational energy       = 1.425099807e-20
    Average vibrational energy      = 1.957695678e-21
    Average electronic energy       = 0
    Total energy                    = 1.199192223

Stage 1.0  ExecutionTime = 76.27 s  ClockTime = 78 s  Iteration 330 (0.34 s)

Time = 3.4e-05

    Collisions                      = 25804
    Collision candidates           = 48295
    Collision acceptance rate      = 0.5342996169

    Number of DSMC particles        = 2333939
    Number of stuck particles       = 0
    Number of free particles        = 2333939
    Average linear kinetic energy   = 1.012750424e-18
    Average rotational energy       = 1.479989878e-20
    Average vibrational energy      = 2.080398774e-21
    Average electronic energy       = 0
    Total energy                    = 1.201547649

Stage 1.0  ExecutionTime = 79.42 s  ClockTime = 81 s  Iteration 340 (0.38 s)

Time = 3.5e-05

    Collisions                      = 26255
    Collision candidates           = 49211
    Collision acceptance rate      = 0.5335189287

    Number of DSMC particles        = 2342100
    Number of stuck particles       = 0
    Number of free particles        = 2342100
    Average linear kinetic energy   = 1.010588867e-18
    Average rotational energy       = 1.537659714e-20
    Average vibrational energy      = 2.197578495e-21
    Average electronic energy       = 0
    Total energy                    = 1.204030331

Stage 1.0  ExecutionTime = 82.56 s  ClockTime = 85 s  Iteration 350 (0.34 s)

Time = 3.6e-05

    Collisions                      = 27030
    Collision candidates           = 50769
    Collision acceptance rate      = 0.532411511

    Number of DSMC particles        = 2350249
    Number of stuck particles       = 0
    Number of free particles        = 2350249
    Average linear kinetic energy   = 1.008475258e-18
    Average rotational energy       = 1.594096654e-20
    Average vibrational energy      = 2.318118076e-21
    Average electronic energy       = 0
    Total energy                    = 1.206540681

Stage 1.0  ExecutionTime = 85.76 s  ClockTime = 85 s  Iteration 360 (0.34 s)

Time = 3.7e-05

    Collisions                      = 27830
    Collision candidates           = 52073
    Collision acceptance rate      = 0.5344420333

    Number of DSMC particles        = 2358314
    Number of stuck particles       = 0
    Number of free particles        = 2358314
    Average linear kinetic energy   = 1.006353154e-18
    Average rotational energy       = 1.6516346e-20
    Average vibrational energy      = 2.439108551e-21
    Average electronic energy       = 0
    Total energy                    = 1.208999823

Stage 1.0  ExecutionTime = 88.97 s  ClockTime = 89 s  Iteration 370 (0.37 s)

Time = 3.8e-05

    Collisions                      = 28529
    Collision candidates           = 53523
    Collision acceptance rate      = 0.5330231863

    Number of DSMC particles        = 2366388
    Number of stuck particles       = 0
    Number of free particles        = 2366388
    Average linear kinetic energy   = 1.004242969e-18
    Average rotational energy       = 1.710080324e-20
    Average vibrational energy      = 2.570855065e-21
    Average electronic energy       = 0
    Total energy                    = 1.211489644

Stage 1.0  ExecutionTime = 92.24 s  ClockTime = 93 s  Iteration 380 (0.37 s)

Time = 3.9e-05

    Collisions                      = 28898
    Collision candidates           = 54598
    Collision acceptance rate      = 0.5292867871

    Number of DSMC particles        = 2374524
    Number of stuck particles       = 0
    Number of free particles        = 2374524
    Average linear kinetic energy   = 1.002187163e-18
    Average rotational energy       = 1.766187544e-20
    Average vibrational energy      = 2.704344684e-21
    Average electronic energy       = 0
    Total energy                    = 1.214038775

Stage 1.0  ExecutionTime = 95.56 s  ClockTime = 96 s  Iteration 390 (0.37 s)

Time = 4e-05

    Collisions                      = 29626
    Collision candidates           = 56208
    Collision acceptance rate      = 0.527077996

    Number of DSMC particles        = 2382582
    Number of stuck particles       = 0
    Number of free particles        = 2382582
    Average linear kinetic energy   = 1.000118983e-18
    Average rotational energy       = 1.825476963e-20
    Average vibrational energy      = 2.846477123e-21
    Average electronic energy       = 0
    Total energy                    = 1.216570469

Stage 1.0  ExecutionTime = 98.93 s  ClockTime = 100 s  Iteration 400 (0.39 s)

Time = 4.1e-05

    Collisions                      = 30157
    Collision candidates           = 57570
    Collision acceptance rate      = 0.5238318569

    Number of DSMC particles        = 2390584
    Number of stuck particles       = 0
    Number of free particles        = 2390584
    Average linear kinetic energy   = 9.980728853e-19
    Average rotational energy       = 1.882860168e-20
    Average vibrational energy      = 2.991885571e-21
    Average electronic energy       = 0
    Total energy                    = 1.219070389

Stage 1.0  ExecutionTime = 102.36 s  ClockTime = 104 s  Iteration 410 (0.37 s)

Time = 4.2e-05

    Collisions                      = 30651
    Collision candidates           = 58521
    Collision acceptance rate      = 0.5237607013

    Number of DSMC particles        = 2398669
    Number of stuck particles       = 0
    Number of free particles        = 2398669
    Average linear kinetic energy   = 9.960724595e-19
    Average rotational energy       = 1.941245931e-20
    Average vibrational energy      = 3.140866991e-21
    Average electronic energy       = 0
    Total energy                    = 1.221673048

Stage 1.0  ExecutionTime = 105.77 s  ClockTime = 107 s  Iteration 420 (0.38 s)

Time = 4.3e-05

    Collisions                      = 31193
    Collision candidates           = 59711
    Collision acceptance rate      = 0.5223995579

    Number of DSMC particles        = 2406726
    Number of stuck particles       = 0
    Number of free particles        = 2406726
    Average linear kinetic energy   = 9.941089783e-19
    Average rotational energy       = 1.999782855e-20
    Average vibrational energy      = 3.277543609e-21
    Average electronic energy       = 0
    Total energy                    = 1.224282684

Stage 1.0  ExecutionTime = 109.23 s  ClockTime = 111 s  Iteration 430 (0.38 s)

Time = 4.4e-05

    Collisions                      = 31967
    Collision candidates           = 61317
    Collision acceptance rate      = 0.521339922

    Number of DSMC particles        = 2414875
    Number of stuck particles       = 0
    Number of free particles        = 2414875
    Average linear kinetic energy   = 9.921453795e-19
    Average rotational energy       = 2.056841314e-20
    Average vibrational energy      = 3.438368485e-21
    Average electronic energy       = 0
    Total energy                    = 1.226940225

Stage 1.0  ExecutionTime = 112.75 s  ClockTime = 115 s  Iteration 440 (0.39 s)

Time = 4.5e-05

    Collisions                      = 32805
    Collision candidates           = 62677
    Collision acceptance rate      = 0.5233977376

    Number of DSMC particles        = 2423084
    Number of stuck particles       = 0
    Number of free particles        = 2423084
    Average linear kinetic energy   = 9.901852e-19
    Average rotational energy       = 2.112311459e-20
    Average vibrational energy      = 3.591417696e-21
    Average electronic energy       = 0
    Total energy                    = 1.229593651

Stage 1.0  ExecutionTime = 116.24 s  ClockTime = 116 s  Iteration 450 (0.39 s)

Time = 4.6e-05

    Collisions                      = 33459
    Collision candidates           = 63924
    Collision acceptance rate      = 0.5234184344

    Number of DSMC particles        = 2431270
    Number of stuck particles       = 0
    Number of free particles        = 2431270
    Average linear kinetic energy   = 9.883004486e-19
    Average rotational energy       = 2.166416288e-20
    Average vibrational energy      = 3.746257222e-21
    Average electronic energy       = 0
    Total energy                    = 1.232302412

Stage 1.0  ExecutionTime = 119.78 s  ClockTime = 120 s  Iteration 460 (0.4 s)

Time = 4.7e-05

    Collisions                      = 33754
    Collision candidates           = 65044
    Collision acceptance rate      = 0.5189410245

    Number of DSMC particles        = 2439310
    Number of stuck particles       = 0
    Number of free particles        = 2439310
    Average linear kinetic energy   = 9.864209957e-19
    Average rotational energy       = 2.223549375e-20
    Average vibrational energy      = 3.901764252e-21
    Average electronic energy       = 0
    Total energy                    = 1.234971737

Stage 1.0  ExecutionTime = 123.44 s  ClockTime = 124 s  Iteration 470 (0.46 s)

Time = 4.8e-05

    Collisions                      = 34556
    Collision candidates           = 66442
    Collision acceptance rate      = 0.5200927124

    Number of DSMC particles        = 2447395
    Number of stuck particles       = 0
    Number of free particles        = 2447395
    Average linear kinetic energy   = 9.845400888e-19
    Average rotational energy       = 2.281533076e-20
    Average vibrational energy      = 4.058150562e-21
    Average electronic energy       = 0
    Total energy                    = 1.237664257

Stage 1.0  ExecutionTime = 127.06 s  ClockTime = 128 s  Iteration 480 (0.4 s)

Time = 4.9e-05

    Collisions                      = 35030
    Collision candidates           = 67540
    Collision acceptance rate      = 0.5186556115

    Number of DSMC particles        = 2455610
    Number of stuck particles       = 0
    Number of free particles        = 2455610
    Average linear kinetic energy   = 9.826970597e-19
    Average rotational energy       = 2.337557721e-20
    Average vibrational energy      = 4.219438756e-21
    Average electronic energy       = 0
    Total energy                    = 1.240441662

Stage 1.0  ExecutionTime = 130.74 s  ClockTime = 132 s  Iteration 490 (0.43 s)

Time = 5e-05

    Collisions                      = 35610
    Collision candidates           = 68774
    Collision acceptance rate      = 0.5177828831

    Number of DSMC particles        = 2463695
    Number of stuck particles       = 0
    Number of free particles        = 2463695
    Average linear kinetic energy   = 9.809369775e-19
    Average rotational energy       = 2.389903921e-20
    Average vibrational energy      = 4.380890407e-21
    Average electronic energy       = 0
    Total energy                    = 1.243201324

Stage 1.0  ExecutionTime = 134.39 s  ClockTime = 136 s  Iteration 500 (0.42 s)

End stage 1


DSMC solver profile summary
    solver profile steps          = 500
    move+collide wall [s]         = 144.4253157
    move only [s]                 = 118.0646265
    buildCellOccupancy [s]        = 16.29521582
    collision phase [s]           = 20.58165481
    post fields/output [s]        = 0.479442174
    total profiled [s]            = 155.4209393
    full evolve wall [s]          = 144.8900734
    move+collide cpu [s]          = 131.52
    move only cpu [s]             = 107.58
    buildCellOccupancy cpu [s]    = 14.93
    collision phase cpu [s]       = 18.66
    post fields/output cpu [s]    = 0.48
    total profiled cpu [s]        = 141.65
    full evolve cpu [s]           = 131.94
    OpenMP enabled                = 0
    OpenMP max threads            = 1
    OpenMP move                   = 0 (static, chunk 1)
    OpenMP collision              = dynamic, chunk 1

Total Iterations = 500
End main

real 136.78
user 985.35
sys 91.69
