case=ourmesh
mode=MPI2xOMP4
rep=3
np=2
OMP_NUM_THREADS=4
case_dir=/home/superxcx/code/OpenFoam/OF-1706/hyStrath_dlb/run/hyStrath/dsmcFoam+/xcx_test/pal-phd-3.3.1-cylinder-react/timecompare/ourmesh/mix-mpi4omp2
controlDict=/home/superxcx/code/OpenFoam/OF-1706/hyStrath_dlb/doc/worklog/v2506/detail_mix/repeat_nowrite_compute_20260610_parmetisfix_clean/controlDicts/ourmesh_MPI2xOMP4_rep3_controlDict
start=2026-06-10T23:51:44+08:00
/*---------------------------------------------------------------------------*\
| =========                 |                                                 |
| \\      /  F ield         | OpenFOAM: The Open Source CFD Toolbox           |
|  \\    /   O peration     | Version:  v1706                                 |
|   \\  /    A nd           | Web:      www.OpenFOAM.com                      |
|    \\/     M anipulation  |                                                 |
\*---------------------------------------------------------------------------*/
Build  : v1706
Arch   : "LSB;label=32;scalar=64"
Exec   : dsmcFoam+
Date   : Jun 10 2026
Time   : 23:51:44
Host   : "SuperXCX-ROG"
PID    : 101489
/*---------------------------------------------------------------------------*\
| =========                 |                                                 |
| \\      /  F ield         | OpenFOAM: The Open Source CFD Toolbox           |
|  \\    /   O peration     | Version:  v1706                                 |
|   \\  /    A nd           | Web:      www.OpenFOAM.com                      |
|    \\/     M anipulation  |                                                 |
\*---------------------------------------------------------------------------*/
Build  : v1706
Arch   : "LSB;label=32;scalar=64"
Exec   : dsmcFoam+
Date   : Jun 10 2026
Time   : 23:51:44
Host   : "SuperXCX-ROG"
PID    : 101490
Case   : /home/superxcx/code/OpenFoam/OF-1706/hyStrath_dlb/run/hyStrath/dsmcFoam+/xcx_test/pal-phd-3.3.1-cylinder-react/timecompare/ourmesh/mix-mpi4omp2
nProcs : 1
sigFpe : Enabling floating point exception trapping (FOAM_SIGFPE).
fileModificationChecking : Monitoring run-time modified files using timeStampMaster (fileModificationSkew 10)
allowSystemOperations : Allowing user-supplied system call operations

Case   : /home/superxcx/code/OpenFoam/OF-1706/hyStrath_dlb/run/hyStrath/dsmcFoam+/xcx_test/pal-phd-3.3.1-cylinder-react/timecompare/ourmesh/mix-mpi4omp2
nProcs : 1
sigFpe : Enabling floating point exception trapping (FOAM_SIGFPE).
fileModificationChecking : Monitoring run-time modified files using timeStampMaster (fileModificationSkew 10)
allowSystemOperations : Allowing user-supplied system call operations

// * * * * * * * * * * * * * * * * * * * * * * * * * * * * * * * * * * * * * //
Create time

// * * * * * * * * * * * * * * * * * * * * * * * * * * * * * * * * * * * * * //
Create time

Create mesh for time = 0

Create mesh for time = 0

Selecting dynamicFvMesh staticFvMesh
Selecting dynamicFvMesh staticFvMesh

Constructing dsmcCloud 

Constructing dsmcCloud 
Selecting the coordinate system model:	dsmcCartesian

Selecting the time-step model:	dsmcConstantTimeStepModel

Constant time-step model:
- time-step [sec]	1e-07

Selecting the porous measurement model:	dsmcNoPorousMediumMeasurements


Creating dsmcControllers

Selecting the coordinate system model:	dsmcCartesian

Selecting the time-step model:	dsmcConstantTimeStepModel

Creating fields: 

Selecting field: dsmcVolFields

TimeData Statistics: 
 measurement option: write
 nSamples: 1, time interval: 1e-07
 nAverages: 10000, time interval: 0.001
 total no. of sampling steps: 0
 total no. of averaging Steps: 0


Constant time-step model:
- time-step [sec]	1e-07

Selecting the porous measurement model:	dsmcNoPorousMediumMeasurements


Creating dsmcControllers

Creating fields: 

Selecting field: dsmcVolFields

TimeData Statistics: 
 measurement option: write
 nSamples: 1, time interval: 1e-07
 nAverages: 10000, time interval: 0.001
 total no. of sampling steps: 0
 total no. of averaging Steps: 0


Creating the boundary models: 

Selecting dsmcPatchBoundaryModel dsmcDeletionPatch
Selecting dsmcPatchBoundaryModel dsmcDeletionPatch
Selecting dsmcPatchBoundaryModel dsmcDiffuseWallPatch
Selecting dsmcGeneralBoundaryModel dsmcFreeStreamInflowPatch
Creating the boundary models: 

Selecting dsmcPatchBoundaryModel dsmcDeletionPatch
Selecting dsmcPatchBoundaryModel dsmcDeletionPatch
Selecting dsmcPatchBoundaryModel dsmcDiffuseWallPatch
Selecting dsmcGeneralBoundaryModel dsmcFreeStreamInflowPatch
Selecting BinaryCollisionModel LarsenBorgnakkeVariableHardSphere

Creating dsmcReactions

There are no chemical reactions defined.
Selecting BinaryCollisionModel LarsenBorgnakkeVariableHardSphere

Creating dsmcReactions

There are no chemical reactions defined.

Constructing constant properties for
	N2
	O2
	NO
	N
	O

Constructing constant properties for
	N2
	O2
	NO
	N
	O
Selecting collisionPartnerSelectionModel noTimeCounter

Initialising the measurement fields

Initialising dsmcVolFields field
Selecting collisionPartnerSelectionModel noTimeCounter

Initialising the measurement fields

Initialising dsmcVolFields field
Replicated mesh: METIS decomposition complete, 104151 cells -> 2 ranks
Replicated mesh: rank 0 owns 52075 / 104151 cells
Local mesh: 52075 owned + 156 halo = 52231 / 104151 cells
Replicated mesh: no-Alltoall async migration enabled
Replicated mesh: flatTransfer=1 found=1
Replicated mesh: flat POD transfer enabled
Replicated mesh: writeMode=gathered
Phase C auto DLB: enabled (ParMETIS AdaptiveRepart), imbalanceThreshold=1.5, dlbSteps=50, sarSteps=10, triggerMode=legacyWindow, minGapSteps=50, checkCollective=allgather, skipFixedKPostDiag=0
Replicated mesh: initialized with 2 MPI ranks, migrate interval 10

Starting time loop

Replicated mesh: initial particle distribution

Replicated mesh: rank 0 kept 1196043 parcels, deleted 862225 non-owned parcels
Time = 1e-06

    Collisions                      = 2876
    Collision candidates           = 2978
    Collision acceptance rate      = 0.9657488247

    Number of DSMC particles        = 2065871
    Number of stuck particles       = 0
    Number of free particles        = 2065871
    Average linear kinetic energy   = 1.111301993e-18
    Average rotational energy       = 2.629623681e-21
    Average vibrational energy      = 8.424094849e-24
    Average electronic energy       = 0
    Total energy                    = 1.150628213

Stage 1.0  ExecutionTime = 9.29 s  ClockTime = 7 s  Iteration 10 (0.43 s)

Time = 2e-06

    Collisions                      = 4385
    Collision candidates           = 5006
    Collision acceptance rate      = 0.8759488614

    Number of DSMC particles        = 2073977
    Number of stuck particles       = 0
    Number of free particles        = 2073977
    Average linear kinetic energy   = 1.107059315e-18
    Average rotational energy       = 2.681419471e-21
    Average vibrational energy      = 1.868842337e-23
    Average electronic energy       = 0
    Total energy                    = 1.150807759

Stage 1.0  ExecutionTime = 13.3 s  ClockTime = 8 s  Iteration 20 (0.44 s)

Time = 3e-06

    Collisions                      = 4923
    Collision candidates           = 6113
    Collision acceptance rate      = 0.8053328971

    Number of DSMC particles        = 2082064
    Number of stuck particles       = 0
    Number of free particles        = 2082064
    Average linear kinetic energy   = 1.102983332e-18
    Average rotational energy       = 2.752103397e-21
    Average vibrational energy      = 2.785633706e-23
    Average electronic energy       = 0
    Total energy                    = 1.151134971

Stage 1.0  ExecutionTime = 17.33 s  ClockTime = 9 s  Iteration 30 (0.46 s)

Time = 4e-06

    Collisions                      = 5385
    Collision candidates           = 7185
    Collision acceptance rate      = 0.7494780793

    Number of DSMC particles        = 2090220
    Number of stuck particles       = 0
    Number of free particles        = 2090220
    Average linear kinetic energy   = 1.098931352e-18
    Average rotational energy       = 2.83667874e-21
    Average vibrational energy      = 4.028983764e-23
    Average electronic energy       = 0
    Total energy                    = 1.151510894

Stage 1.0  ExecutionTime = 21.47 s  ClockTime = 7 s  Iteration 40 (0.51 s)

Time = 5e-06

    Collisions                      = 6124
    Collision candidates           = 8528
    Collision acceptance rate      = 0.7181050657

    Number of DSMC particles        = 2098384
    Number of stuck particles       = 0
    Number of free particles        = 2098384
    Average linear kinetic energy   = 1.095007445e-18
    Average rotational energy       = 2.949751185e-21
    Average vibrational energy      = 5.564175752e-23
    Average electronic energy       = 0
    Total energy                    = 1.152026285

Stage 1.0  ExecutionTime = 25.64 s  ClockTime = 9 s  Iteration 50 (0.47 s)

Time = 6e-06

    Collisions                      = 6547
    Collision candidates           = 9628
    Collision acceptance rate      = 0.6799958455

    Number of DSMC particles        = 2106534
    Number of stuck particles       = 0
    Number of free particles        = 2106534
    Average linear kinetic energy   = 1.091227584e-18
    Average rotational energy       = 3.09210679e-21
    Average vibrational energy      = 7.350757551e-23
    Average electronic energy       = 0
    Total energy                    = 1.152688241

Stage 1.0  ExecutionTime = 29.78 s  ClockTime = 10 s  Iteration 60 (0.47 s)

Time = 7e-06

    Collisions                      = 7126
    Collision candidates           = 10752
    Collision acceptance rate      = 0.6627604167

    Number of DSMC particles        = 2114812
    Number of stuck particles       = 0
    Number of free particles        = 2114812
    Average linear kinetic energy   = 1.08756434e-18
    Average rotational energy       = 3.255054157e-21
    Average vibrational energy      = 9.260646882e-23
    Average electronic energy       = 0
    Total energy                    = 1.153536895

Stage 1.0  ExecutionTime = 33.97 s  ClockTime = 11 s  Iteration 70 (0.47 s)

Time = 8e-06

    Collisions                      = 7798
    Collision candidates           = 12066
    Collision acceptance rate      = 0.6462787999

    Number of DSMC particles        = 2122799
    Number of stuck particles       = 0
    Number of free particles        = 2122799
    Average linear kinetic energy   = 1.083917956e-18
    Average rotational energy       = 3.446171523e-21
    Average vibrational energy      = 1.154863018e-22
    Average electronic energy       = 0
    Total energy                    = 1.154250319

Stage 1.0  ExecutionTime = 38.19 s  ClockTime = 12 s  Iteration 80 (0.48 s)

Time = 9e-06

    Collisions                      = 8537
    Collision candidates           = 13408
    Collision acceptance rate      = 0.6367094272


Phase C auto DLB triggered (SAR) at step 90: sar=0.009917100905 loadImbalance=1.022384809 threshold=1.5
Phase C ParMETIS weights: particles=2130957 activeCells=104050 maxCellParticles=58
Phase C ParMETIS: alpha=0.8 ncon=2 ubvec=[1.049999952,1.5] moveRatio=0.9671004719 (moveT=8.301596715s, collT=0.282409762s)
Phase C ParMETIS: AdaptiveRepart (104151 cells, 2 constraints, ubvec=1.049999952)
Replicated mesh: rank 0 owns 52062 / 104151 cells
Local mesh: 52062 owned + 155 halo = 52217 / 104151 cells
Phase C ParMETIS AdaptiveRepart: 13 / 104151 cells changed (0.0001248187727)
Phase C auto DLB complete: rebalance #1

    Number of DSMC particles        = 2130957
    Number of stuck particles       = 0
    Number of free particles        = 2130957
    Average linear kinetic energy   = 1.080479924e-18
    Average rotational energy       = 3.6715492e-21
    Average vibrational energy      = 1.441295967e-22
    Average electronic energy       = 0
    Total energy                    = 1.155293652

Stage 1.0  ExecutionTime = 43.39 s  ClockTime = 13 s  Iteration 90 (1.45 s)

Time = 1e-05

    Collisions                      = 9037
    Collision candidates           = 14621
    Collision acceptance rate      = 0.6180835784

    Number of DSMC particles        = 2138988
    Number of stuck particles       = 0
    Number of free particles        = 2138988
    Average linear kinetic energy   = 1.077063961e-18
    Average rotational energy       = 3.913405798e-21
    Average vibrational energy      = 1.765466617e-22
    Average electronic energy       = 0
    Total energy                    = 1.156287624

Stage 1.0  ExecutionTime = 47.7 s  ClockTime = 15 s  Iteration 100 (0.53 s)

Time = 1.1e-05

    Collisions                      = 9822
    Collision candidates           = 16062
    Collision acceptance rate      = 0.6115054165

    Number of DSMC particles        = 2147084
    Number of stuck particles       = 0
    Number of free particles        = 2147084
    Average linear kinetic energy   = 1.073763177e-18
    Average rotational energy       = 4.182511102e-21
    Average vibrational energy      = 2.076517318e-22
    Average electronic energy       = 0
    Total energy                    = 1.157442893

Stage 1.0  ExecutionTime = 52.32 s  ClockTime = 16 s  Iteration 110 (0.53 s)

Time = 1.2e-05

    Collisions                      = 10540
    Collision candidates           = 17545
    Collision acceptance rate      = 0.6007409518

    Number of DSMC particles        = 2155178
    Number of stuck particles       = 0
    Number of free particles        = 2155178
    Average linear kinetic energy   = 1.070479625e-18
    Average rotational energy       = 4.497430632e-21
    Average vibrational energy      = 2.485758217e-22
    Average electronic energy       = 0
    Total energy                    = 1.158651313

Stage 1.0  ExecutionTime = 56.74 s  ClockTime = 17 s  Iteration 120 (0.51 s)

Time = 1.3e-05

    Collisions                      = 11293
    Collision candidates           = 18786
    Collision acceptance rate      = 0.6011391462

    Number of DSMC particles        = 2163304
    Number of stuck particles       = 0
    Number of free particles        = 2163304
    Average linear kinetic energy   = 1.067288577e-18
    Average rotational energy       = 4.807145219e-21
    Average vibrational energy      = 2.918778372e-22
    Average electronic energy       = 0
    Total energy                    = 1.159950193

Stage 1.0  ExecutionTime = 61.2 s  ClockTime = 18 s  Iteration 130 (0.51 s)

Time = 1.4e-05

    Collisions                      = 12013
    Collision candidates           = 20292
    Collision acceptance rate      = 0.5920067021

    Number of DSMC particles        = 2171331
    Number of stuck particles       = 0
    Number of free particles        = 2171331
    Average linear kinetic energy   = 1.064201665e-18
    Average rotational energy       = 5.15809921e-21
    Average vibrational energy      = 3.443380705e-22
    Average electronic energy       = 0
    Total energy                    = 1.161340839

Stage 1.0  ExecutionTime = 65.57 s  ClockTime = 20 s  Iteration 140 (0.5 s)

Time = 1.5e-05

    Collisions                      = 12623
    Collision candidates           = 21618
    Collision acceptance rate      = 0.5839115552

    Number of DSMC particles        = 2179426
    Number of stuck particles       = 0
    Number of free particles        = 2179426
    Average linear kinetic energy   = 1.061184733e-18
    Average rotational energy       = 5.511953842e-21
    Average vibrational energy      = 3.94262691e-22
    Average electronic energy       = 0
    Total energy                    = 1.16282288

Stage 1.0  ExecutionTime = 70.16 s  ClockTime = 21 s  Iteration 150 (0.52 s)

Time = 1.6e-05

    Collisions                      = 13532
    Collision candidates           = 23246
    Collision acceptance rate      = 0.5821216553

    Number of DSMC particles        = 2187594
    Number of stuck particles       = 0
    Number of free particles        = 2187594
    Average linear kinetic energy   = 1.058183512e-18
    Average rotational energy       = 5.929830125e-21
    Average vibrational energy      = 4.475209505e-22
    Average electronic energy       = 0
    Total energy                    = 1.164413478

Stage 1.0  ExecutionTime = 74.84 s  ClockTime = 22 s  Iteration 160 (0.5 s)

Time = 1.7e-05

    Collisions                      = 14116
    Collision candidates           = 24421
    Collision acceptance rate      = 0.5780271078

    Number of DSMC particles        = 2195885
    Number of stuck particles       = 0
    Number of free particles        = 2195885
    Average linear kinetic energy   = 1.055309565e-18
    Average rotational energy       = 6.330218414e-21
    Average vibrational energy      = 5.020035629e-22
    Average electronic energy       = 0
    Total energy                    = 1.166170608

Stage 1.0  ExecutionTime = 79.64 s  ClockTime = 23 s  Iteration 170 (0.58 s)

Time = 1.8e-05

    Collisions                      = 14842
    Collision candidates           = 26032
    Collision acceptance rate      = 0.5701444376


Phase C auto DLB triggered (SAR) at step 180: sar=0.0008485646528 loadImbalance=1.016310099 threshold=1.5
Phase C ParMETIS weights: particles=2204045 activeCells=104099 maxCellParticles=68
Phase C ParMETIS: alpha=0.8 ncon=2 ubvec=[1.049999952,1.5] moveRatio=0.9624399086 (moveT=17.23613955s, collT=0.672655997s)
Phase C ParMETIS: AdaptiveRepart (104151 cells, 2 constraints, ubvec=1.049999952)
Replicated mesh: rank 0 owns 52062 / 104151 cells
Local mesh: 52062 owned + 155 halo = 52217 / 104151 cells
Phase C ParMETIS AdaptiveRepart: 0 / 104151 cells changed (0)
Phase C auto DLB complete: rebalance #2

    Number of DSMC particles        = 2204045
    Number of stuck particles       = 0
    Number of free particles        = 2204045
    Average linear kinetic energy   = 1.052466364e-18
    Average rotational energy       = 6.741123707e-21
    Average vibrational energy      = 5.618865359e-22
    Average electronic energy       = 0
    Total energy                    = 1.167889696

Stage 1.0  ExecutionTime = 85.4 s  ClockTime = 25 s  Iteration 180 (1.53 s)

Time = 1.9e-05

    Collisions                      = 15732
    Collision candidates           = 27512
    Collision acceptance rate      = 0.5718232044

    Number of DSMC particles        = 2212140
    Number of stuck particles       = 0
    Number of free particles        = 2212140
    Average linear kinetic energy   = 1.049662056e-18
    Average rotational energy       = 7.146231694e-21
    Average vibrational energy      = 6.353699448e-22
    Average electronic energy       = 0
    Total energy                    = 1.169606707

Stage 1.0  ExecutionTime = 90.19 s  ClockTime = 26 s  Iteration 190 (0.54 s)

Time = 2e-05

    Collisions                      = 16146
    Collision candidates           = 28562
    Collision acceptance rate      = 0.5652965479

    Number of DSMC particles        = 2220234
    Number of stuck particles       = 0
    Number of free particles        = 2220234
    Average linear kinetic energy   = 1.046927034e-18
    Average rotational energy       = 7.601641076e-21
    Average vibrational energy      = 7.060093841e-22
    Average electronic energy       = 0
    Total energy                    = 1.171433963

Stage 1.0  ExecutionTime = 94.99 s  ClockTime = 28 s  Iteration 200 (0.56 s)

Time = 2.1e-05

    Collisions                      = 17058
    Collision candidates           = 30492
    Collision acceptance rate      = 0.5594254231

    Number of DSMC particles        = 2228383
    Number of stuck particles       = 0
    Number of free particles        = 2228383
    Average linear kinetic energy   = 1.044209138e-18
    Average rotational energy       = 8.065863153e-21
    Average vibrational energy      = 7.805303419e-22
    Average electronic energy       = 0
    Total energy                    = 1.173305522

Stage 1.0  ExecutionTime = 100.09 s  ClockTime = 29 s  Iteration 210 (0.57 s)

Time = 2.2e-05

    Collisions                      = 17810
    Collision candidates           = 31920
    Collision acceptance rate      = 0.5579573935

    Number of DSMC particles        = 2236418
    Number of stuck particles       = 0
    Number of free particles        = 2236418
    Average linear kinetic energy   = 1.041511989e-18
    Average rotational energy       = 8.53640278e-21
    Average vibrational energy      = 8.639148992e-22
    Average electronic energy       = 0
    Total energy                    = 1.175139599

Stage 1.0  ExecutionTime = 105.05 s  ClockTime = 30 s  Iteration 220 (0.58 s)

Time = 2.3e-05

    Collisions                      = 18216
    Collision candidates           = 32938
    Collision acceptance rate      = 0.5530390431

    Number of DSMC particles        = 2244507
    Number of stuck particles       = 0
    Number of free particles        = 2244507
    Average linear kinetic energy   = 1.038904979e-18
    Average rotational energy       = 9.007181774e-21
    Average vibrational energy      = 9.443603384e-22
    Average electronic energy       = 0
    Total energy                    = 1.177082901

Stage 1.0  ExecutionTime = 110 s  ClockTime = 32 s  Iteration 230 (0.57 s)

Time = 2.4e-05

    Collisions                      = 19011
    Collision candidates           = 34735
    Collision acceptance rate      = 0.5473153879

    Number of DSMC particles        = 2252616
    Number of stuck particles       = 0
    Number of free particles        = 2252616
    Average linear kinetic energy   = 1.036311265e-18
    Average rotational energy       = 9.501571677e-21
    Average vibrational energy      = 1.020501934e-21
    Average electronic energy       = 0
    Total energy                    = 1.179056764

Stage 1.0  ExecutionTime = 114.89 s  ClockTime = 33 s  Iteration 240 (0.57 s)

Time = 2.5e-05

    Collisions                      = 19889
    Collision candidates           = 36097
    Collision acceptance rate      = 0.5509876167

    Number of DSMC particles        = 2260755
    Number of stuck particles       = 0
    Number of free particles        = 2260755
    Average linear kinetic energy   = 1.033804184e-18
    Average rotational energy       = 9.99449629e-21
    Average vibrational energy      = 1.101433598e-21
    Average electronic energy       = 0
    Total energy                    = 1.181131578

Stage 1.0  ExecutionTime = 120.22 s  ClockTime = 35 s  Iteration 250 (0.64 s)

Time = 2.6e-05

    Collisions                      = 20589
    Collision candidates           = 37579
    Collision acceptance rate      = 0.5478857873

    Number of DSMC particles        = 2268828
    Number of stuck particles       = 0
    Number of free particles        = 2268828
    Average linear kinetic energy   = 1.031310593e-18
    Average rotational energy       = 1.050429155e-20
    Average vibrational energy      = 1.200787743e-21
    Average electronic energy       = 0
    Total energy                    = 1.183211581

Stage 1.0  ExecutionTime = 125.53 s  ClockTime = 36 s  Iteration 260 (0.6 s)

Time = 2.7e-05

    Collisions                      = 21176
    Collision candidates           = 38802
    Collision acceptance rate      = 0.5457450647

    Number of DSMC particles        = 2276967
    Number of stuck particles       = 0
    Number of free particles        = 2276967
    Average linear kinetic energy   = 1.028834038e-18
    Average rotational energy       = 1.101543064e-20
    Average vibrational energy      = 1.290998609e-21
    Average electronic energy       = 0
    Total energy                    = 1.185321244

Stage 1.0  ExecutionTime = 130.6 s  ClockTime = 37 s  Iteration 270 (0.58 s)

Time = 2.8e-05

    Collisions                      = 21796
    Collision candidates           = 40209
    Collision acceptance rate      = 0.5420676963

    Number of DSMC particles        = 2285078
    Number of stuck particles       = 0
    Number of free particles        = 2285078
    Average linear kinetic energy   = 1.026415245e-18
    Average rotational energy       = 1.155374766e-20
    Average vibrational energy      = 1.385415309e-21
    Average electronic energy       = 0
    Total energy                    = 1.187502945

Stage 1.0  ExecutionTime = 135.71 s  ClockTime = 39 s  Iteration 280 (0.66 s)

Time = 2.9e-05

    Collisions                      = 22531
    Collision candidates           = 41693
    Collision acceptance rate      = 0.5404024656

    Number of DSMC particles        = 2293294
    Number of stuck particles       = 0
    Number of free particles        = 2293294
    Average linear kinetic energy   = 1.024079861e-18
    Average rotational energy       = 1.206925765e-20
    Average vibrational energy      = 1.483369328e-21
    Average electronic energy       = 0
    Total energy                    = 1.189798179

Stage 1.0  ExecutionTime = 140.93 s  ClockTime = 37 s  Iteration 290 (0.64 s)

Time = 3e-05

    Collisions                      = 23320
    Collision candidates           = 42903
    Collision acceptance rate      = 0.543551733

    Number of DSMC particles        = 2301493
    Number of stuck particles       = 0
    Number of free particles        = 2301493
    Average linear kinetic energy   = 1.021785903e-18
    Average rotational energy       = 1.259504969e-20
    Average vibrational energy      = 1.586839766e-21
    Average electronic energy       = 0
    Total energy                    = 1.192136311

Stage 1.0  ExecutionTime = 146.14 s  ClockTime = 39 s  Iteration 300 (0.61 s)

Time = 3.1e-05

    Collisions                      = 23985
    Collision candidates           = 44470
    Collision acceptance rate      = 0.5393523724

    Number of DSMC particles        = 2309551
    Number of stuck particles       = 0
    Number of free particles        = 2309551
    Average linear kinetic energy   = 1.019484506e-18
    Average rotational energy       = 1.314124319e-20
    Average vibrational energy      = 1.697755789e-21
    Average electronic energy       = 0
    Total energy                    = 1.194411442

Stage 1.0  ExecutionTime = 151.51 s  ClockTime = 40 s  Iteration 310 (0.61 s)

Time = 3.2e-05

    Collisions                      = 24779
    Collision candidates           = 45988
    Collision acceptance rate      = 0.5388144733

    Number of DSMC particles        = 2317712
    Number of stuck particles       = 0
    Number of free particles        = 2317712
    Average linear kinetic energy   = 1.017174835e-18
    Average rotational energy       = 1.369662621e-20
    Average vibrational energy      = 1.814653713e-21
    Average electronic energy       = 0
    Total energy                    = 1.1967345

Stage 1.0  ExecutionTime = 157.04 s  ClockTime = 42 s  Iteration 320 (0.63 s)

Time = 3.3e-05

    Collisions                      = 25451
    Collision candidates           = 47307
    Collision acceptance rate      = 0.537996491

    Number of DSMC particles        = 2325891
    Number of stuck particles       = 0
    Number of free particles        = 2325891
    Average linear kinetic energy   = 1.014967057e-18
    Average rotational energy       = 1.424652725e-20
    Average vibrational energy      = 1.929936453e-21
    Average electronic energy       = 0
    Total energy                    = 1.199163717

Stage 1.0  ExecutionTime = 162.39 s  ClockTime = 43 s  Iteration 330 (0.63 s)

Time = 3.4e-05

    Collisions                      = 26060
    Collision candidates           = 48485
    Collision acceptance rate      = 0.5374858204

    Number of DSMC particles        = 2333979
    Number of stuck particles       = 0
    Number of free particles        = 2333979
    Average linear kinetic energy   = 1.012742995e-18
    Average rotational energy       = 1.482905937e-20
    Average vibrational energy      = 2.049749214e-21
    Average electronic energy       = 0
    Total energy                    = 1.201557834

Stage 1.0  ExecutionTime = 167.91 s  ClockTime = 45 s  Iteration 340 (0.71 s)

Time = 3.5e-05

    Collisions                      = 26585
    Collision candidates           = 49849
    Collision acceptance rate      = 0.533310598

    Number of DSMC particles        = 2342190
    Number of stuck particles       = 0
    Number of free particles        = 2342190
    Average linear kinetic energy   = 1.010564106e-18
    Average rotational energy       = 1.538537632e-20
    Average vibrational energy      = 2.172579025e-21
    Average electronic energy       = 0
    Total energy                    = 1.204028606

Stage 1.0  ExecutionTime = 173.47 s  ClockTime = 46 s  Iteration 350 (0.66 s)

Time = 3.6e-05

    Collisions                      = 27321
    Collision candidates           = 51123
    Collision acceptance rate      = 0.5344169943

    Number of DSMC particles        = 2350236
    Number of stuck particles       = 0
    Number of free particles        = 2350236
    Average linear kinetic energy   = 1.008353428e-18
    Average rotational energy       = 1.597422225e-20
    Average vibrational energy      = 2.293379175e-21
    Average electronic energy       = 0
    Total energy                    = 1.20640085

Stage 1.0  ExecutionTime = 179.06 s  ClockTime = 48 s  Iteration 360 (0.76 s)

Time = 3.7e-05

    Collisions                      = 27698
    Collision candidates           = 52224
    Collision acceptance rate      = 0.5303691789

    Number of DSMC particles        = 2358438
    Number of stuck particles       = 0
    Number of free particles        = 2358438
    Average linear kinetic energy   = 1.006256996e-18
    Average rotational energy       = 1.651330085e-20
    Average vibrational energy      = 2.433728901e-21
    Average electronic energy       = 0
    Total energy                    = 1.208940066

Stage 1.0  ExecutionTime = 184.69 s  ClockTime = 49 s  Iteration 370 (0.67 s)

Time = 3.8e-05

    Collisions                      = 28373
    Collision candidates           = 53575
    Collision acceptance rate      = 0.5295940271

    Number of DSMC particles        = 2366542
    Number of stuck particles       = 0
    Number of free particles        = 2366542
    Average linear kinetic energy   = 1.004157293e-18
    Average rotational energy       = 1.708821886e-20
    Average vibrational energy      = 2.565156061e-21
    Average electronic energy       = 0
    Total energy                    = 1.211445473

Stage 1.0  ExecutionTime = 190.22 s  ClockTime = 51 s  Iteration 380 (0.68 s)

Time = 3.9e-05

    Collisions                      = 28945
    Collision candidates           = 54830
    Collision acceptance rate      = 0.5279044319

    Number of DSMC particles        = 2374615
    Number of stuck particles       = 0
    Number of free particles        = 2374615
    Average linear kinetic energy   = 1.002059798e-18
    Average rotational energy       = 1.765329623e-20
    Average vibrational energy      = 2.703267529e-21
    Average electronic energy       = 0
    Total energy                    = 1.213922615

Stage 1.0  ExecutionTime = 195.85 s  ClockTime = 52 s  Iteration 390 (0.68 s)

Time = 4e-05

    Collisions                      = 29481
    Collision candidates           = 55725
    Collision acceptance rate      = 0.5290444145

    Number of DSMC particles        = 2382720
    Number of stuck particles       = 0
    Number of free particles        = 2382720
    Average linear kinetic energy   = 1.000039992e-18
    Average rotational energy       = 1.823495927e-20
    Average vibrational energy      = 2.834950758e-21
    Average electronic energy       = 0
    Total energy                    = 1.216509493

Stage 1.0  ExecutionTime = 201.63 s  ClockTime = 54 s  Iteration 400 (0.73 s)

Time = 4.1e-05

    Collisions                      = 30362
    Collision candidates           = 57530
    Collision acceptance rate      = 0.5277594299

    Number of DSMC particles        = 2390576
    Number of stuck particles       = 0
    Number of free particles        = 2390576
    Average linear kinetic energy   = 9.979624669e-19
    Average rotational energy       = 1.882846241e-20
    Average vibrational energy      = 2.970045085e-21
    Average electronic energy       = 0
    Total energy                    = 1.218908056

Stage 1.0  ExecutionTime = 207.52 s  ClockTime = 56 s  Iteration 410 (0.68 s)

Time = 4.2e-05

    Collisions                      = 31082
    Collision candidates           = 58820
    Collision acceptance rate      = 0.5284257055

    Number of DSMC particles        = 2398659
    Number of stuck particles       = 0
    Number of free particles        = 2398659
    Average linear kinetic energy   = 9.959428885e-19
    Average rotational energy       = 1.941746144e-20
    Average vibrational energy      = 3.12461927e-21
    Average electronic energy       = 0
    Total energy                    = 1.221499069

Stage 1.0  ExecutionTime = 213.39 s  ClockTime = 57 s  Iteration 420 (0.7 s)

Time = 4.3e-05

    Collisions                      = 31462
    Collision candidates           = 59801
    Collision acceptance rate      = 0.5261116035


Phase C auto DLB triggered (SAR) at step 430: sar=0.0002738904717 loadImbalance=1.0115265 threshold=1.5
Phase C ParMETIS weights: particles=2406745 activeCells=104097 maxCellParticles=96
Phase C ParMETIS: alpha=0.8 ncon=2 ubvec=[1.049999952,1.5] moveRatio=0.9560889371 (moveT=45.77041884s, collT=2.102134708s)
Phase C ParMETIS: AdaptiveRepart (104151 cells, 2 constraints, ubvec=1.049999952)
Replicated mesh: rank 0 owns 52059 / 104151 cells
Local mesh: 52059 owned + 155 halo = 52214 / 104151 cells
Phase C ParMETIS AdaptiveRepart: 3 / 104151 cells changed (2.880433217e-05)
Phase C auto DLB complete: rebalance #3

    Number of DSMC particles        = 2406745
    Number of stuck particles       = 0
    Number of free particles        = 2406745
    Average linear kinetic energy   = 9.940011434e-19
    Average rotational energy       = 1.99701443e-20
    Average vibrational energy      = 3.273996704e-21
    Average electronic energy       = 0
    Total energy                    = 1.224125001

Stage 1.0  ExecutionTime = 220.26 s  ClockTime = 59 s  Iteration 430 (1.65 s)

Time = 4.4e-05

    Collisions                      = 32020
    Collision candidates           = 61022
    Collision acceptance rate      = 0.5247287863

    Number of DSMC particles        = 2414860
    Number of stuck particles       = 0
    Number of free particles        = 2414860
    Average linear kinetic energy   = 9.920409635e-19
    Average rotational energy       = 2.053647104e-20
    Average vibrational energy      = 3.417059958e-21
    Average electronic energy       = 0
    Total energy                    = 1.226742233

Stage 1.0  ExecutionTime = 226.47 s  ClockTime = 61 s  Iteration 440 (0.81 s)

Time = 4.5e-05

    Collisions                      = 32794
    Collision candidates           = 62546
    Collision acceptance rate      = 0.5243181019

    Number of DSMC particles        = 2423071
    Number of stuck particles       = 0
    Number of free particles        = 2423071
    Average linear kinetic energy   = 9.901091939e-19
    Average rotational energy       = 2.109874578e-20
    Average vibrational energy      = 3.579738529e-21
    Average electronic energy       = 0
    Total energy                    = 1.229451297

Stage 1.0  ExecutionTime = 232.68 s  ClockTime = 63 s  Iteration 450 (0.78 s)

Time = 4.6e-05

    Collisions                      = 33150
    Collision candidates           = 63512
    Collision acceptance rate      = 0.5219486081

    Number of DSMC particles        = 2431372
    Number of stuck particles       = 0
    Number of free particles        = 2431372
    Average linear kinetic energy   = 9.882193496e-19
    Average rotational energy       = 2.166287894e-20
    Average vibrational energy      = 3.734828082e-21
    Average electronic energy       = 0
    Total energy                    = 1.232240065

Stage 1.0  ExecutionTime = 239 s  ClockTime = 64 s  Iteration 460 (0.75 s)

Time = 4.7e-05

    Collisions                      = 34002
    Collision candidates           = 64879
    Collision acceptance rate      = 0.5240832935

    Number of DSMC particles        = 2439349
    Number of stuck particles       = 0
    Number of free particles        = 2439349
    Average linear kinetic energy   = 9.863183057e-19
    Average rotational energy       = 2.222575052e-20
    Average vibrational energy      = 3.896464211e-21
    Average electronic energy       = 0
    Total energy                    = 1.234847885

Stage 1.0  ExecutionTime = 244.98 s  ClockTime = 66 s  Iteration 470 (0.79 s)

Time = 4.8e-05

    Collisions                      = 34524
    Collision candidates           = 66148
    Collision acceptance rate      = 0.5219205418

    Number of DSMC particles        = 2447479
    Number of stuck particles       = 0
    Number of free particles        = 2447479
    Average linear kinetic energy   = 9.844893769e-19
    Average rotational energy       = 2.276789327e-20
    Average vibrational energy      = 4.052491241e-21
    Average electronic energy       = 0
    Total energy                    = 1.237579702

Stage 1.0  ExecutionTime = 251.07 s  ClockTime = 68 s  Iteration 480 (0.75 s)

Time = 4.9e-05

    Collisions                      = 34902
    Collision candidates           = 67132
    Collision acceptance rate      = 0.5199010904

    Number of DSMC particles        = 2455544
    Number of stuck particles       = 0
    Number of free particles        = 2455544
    Average linear kinetic energy   = 9.826087699e-19
    Average rotational energy       = 2.339587723e-20
    Average vibrational energy      = 4.20445088e-21
    Average electronic energy       = 0
    Total energy                    = 1.240306445

Stage 1.0  ExecutionTime = 257.34 s  ClockTime = 67 s  Iteration 490 (0.77 s)

Time = 5e-05

    Collisions                      = 35617
    Collision candidates           = 68528
    Collision acceptance rate      = 0.5197437544

    Number of DSMC particles        = 2463786
    Number of stuck particles       = 0
    Number of free particles        = 2463786
    Average linear kinetic energy   = 9.807897116e-19
    Average rotational energy       = 2.396585318e-20
    Average vibrational energy      = 4.366466776e-21
    Average electronic energy       = 0
    Total energy                    = 1.243130367

Stage 1.0  ExecutionTime = 263.67 s  ClockTime = 68 s  Iteration 500 (0.75 s)

End stage 1


DSMC solver profile summary
    solver profile steps          = 500
    move+collide wall [s]         = 68.1123346
    move only [s]                 = 55.0223094
    buildCellOccupancy [s]        = 7.787389977
    collision phase [s]           = 17.27728428
    post fields/output [s]        = 1.054984938
    total profiled [s]            = 81.1419686
    full evolve wall [s]          = 69.15639753
    move+collide cpu [s]          = 247.47
    move only cpu [s]             = 201.69
    buildCellOccupancy cpu [s]    = 27.6
    collision phase cpu [s]       = 63.46
    post fields/output cpu [s]    = 3.87
    total profiled cpu [s]        = 296.62
    full evolve cpu [s]           = 251.35
    OpenMP enabled                = 1
    OpenMP max threads            = 4
    OpenMP move                   = 1 (static, chunk 64)
    OpenMP collision              = dynamic, chunk 8


Replicated mesh profiling summary:
    migration calls             = 53
    migration wall time [s]     = 1.088770914
    local particles (final)     = 1321159
    particles per rank          = min 1135226 max 1321159 max/min 1.163785008
    rank wall time (evolve, 500 steps): min 244.6 max 244.76 max/min 1.000654129
    Phase C auto DLB checks      = 500
    Phase C auto DLB rebalances = 3
    Phase C auto DLB triggered checks = 3
    Phase C auto DLB wall max [s]= 1.079618253
    Phase C auto DLB check max [s]= 0.012925746
    Phase C ParMETIS max [s]     = 1.015855905
    Phase C migration max [s]    = 0.058485751
    Phase C cellOwner write max [s] = 0
    Phase C post-diagnostic max [s] = 0.017204496
    Phase C auto DLB accounted max [s] = 1.104471898
    Phase C auto DLB residual max [s] = -0.024853645

Total Iterations = 500
End main

real 68.60
user 519.10
sys 9.39
