case=ourmesh
mode=OMP8
rep=3
np=1
OMP_NUM_THREADS=8
case_dir=/home/superxcx/code/OpenFoam/OF-1706/hyStrath_dlb/run/hyStrath/dsmcFoam+/xcx_test/pal-phd-3.3.1-cylinder-react/timecompare/ourmesh/omp8
controlDict=/home/superxcx/code/OpenFoam/OF-1706/hyStrath_dlb/doc/worklog/v2506/detail_mix/repeat_nowrite_compute_20260610_parmetisfix_clean/controlDicts/ourmesh_OMP8_rep3_controlDict
start=2026-06-10T23:50:40+08:00
/*---------------------------------------------------------------------------*\
| =========                 |                                                 |
| \\      /  F ield         | OpenFOAM: The Open Source CFD Toolbox           |
|  \\    /   O peration     | Version:  v1706                                 |
|   \\  /    A nd           | Web:      www.OpenFOAM.com                      |
|    \\/     M anipulation  |                                                 |
\*---------------------------------------------------------------------------*/
Build  : v1706
Arch   : "LSB;label=32;scalar=64"
Exec   : dsmcFoam+
Date   : Jun 10 2026
Time   : 23:50:40
Host   : "SuperXCX-ROG"
PID    : 101004
Case   : /home/superxcx/code/OpenFoam/OF-1706/hyStrath_dlb/run/hyStrath/dsmcFoam+/xcx_test/pal-phd-3.3.1-cylinder-react/timecompare/ourmesh/omp8
nProcs : 1
sigFpe : Enabling floating point exception trapping (FOAM_SIGFPE).
fileModificationChecking : Monitoring run-time modified files using timeStampMaster (fileModificationSkew 10)
allowSystemOperations : Allowing user-supplied system call operations

// * * * * * * * * * * * * * * * * * * * * * * * * * * * * * * * * * * * * * //
Create time

Create mesh for time = 0

Selecting dynamicFvMesh staticFvMesh

Constructing dsmcCloud 
Selecting the coordinate system model:	dsmcCartesian

Selecting the time-step model:	dsmcConstantTimeStepModel

Constant time-step model:
- time-step [sec]	1e-07

Selecting the porous measurement model:	dsmcNoPorousMediumMeasurements


Creating dsmcControllers

Creating fields: 

Selecting field: dsmcVolFields

TimeData Statistics: 
 measurement option: write
 nSamples: 1, time interval: 1e-07
 nAverages: 10000, time interval: 0.001
 total no. of sampling steps: 0
 total no. of averaging Steps: 0


Creating the boundary models: 

Selecting dsmcPatchBoundaryModel dsmcDeletionPatch
Selecting dsmcPatchBoundaryModel dsmcDeletionPatch
Selecting dsmcPatchBoundaryModel dsmcDiffuseWallPatch
Selecting dsmcGeneralBoundaryModel dsmcFreeStreamInflowPatch
Selecting BinaryCollisionModel LarsenBorgnakkeVariableHardSphere

Creating dsmcReactions

There are no chemical reactions defined.

Constructing constant properties for
	N2
	O2
	NO
	N
	O
Selecting collisionPartnerSelectionModel noTimeCounter

Initialising the measurement fields

Initialising dsmcVolFields field

Starting time loop

Time = 1e-06

    Collisions                      = 2795
    Collision candidates           = 2904
    Collision acceptance rate      = 0.9624655647

    Number of DSMC particles        = 2065875
    Number of stuck particles       = 0
    Number of free particles        = 2065875
    Average linear kinetic energy   = 1.111304294e-18
    Average rotational energy       = 2.62911727e-21
    Average vibrational energy      = 8.640872417e-24
    Average electronic energy       = 0
    Total energy                    = 1.150632519

Stage 1.0  ExecutionTime = 10.86 s  ClockTime = 5 s  Iteration 10 (0.86 s)

Time = 2e-06

    Collisions                      = 4374
    Collision candidates           = 4997
    Collision acceptance rate      = 0.8753251951

    Number of DSMC particles        = 2073979
    Number of stuck particles       = 0
    Number of free particles        = 2073979
    Average linear kinetic energy   = 1.107072378e-18
    Average rotational energy       = 2.686652226e-21
    Average vibrational energy      = 1.83012203e-23
    Average electronic energy       = 0
    Total energy                    = 1.15082744

Stage 1.0  ExecutionTime = 18.08 s  ClockTime = 6 s  Iteration 20 (0.89 s)

Time = 3e-06

    Collisions                      = 4941
    Collision candidates           = 6177
    Collision acceptance rate      = 0.7999028655

    Number of DSMC particles        = 2082035
    Number of stuck particles       = 0
    Number of free particles        = 2082035
    Average linear kinetic energy   = 1.102978631e-18
    Average rotational energy       = 2.753345916e-21
    Average vibrational energy      = 2.944885565e-23
    Average electronic energy       = 0
    Total energy                    = 1.151116995

Stage 1.0  ExecutionTime = 25.28 s  ClockTime = 7 s  Iteration 30 (0.88 s)

Time = 4e-06

    Collisions                      = 5452
    Collision candidates           = 7253
    Collision acceptance rate      = 0.7516889563

    Number of DSMC particles        = 2090239
    Number of stuck particles       = 0
    Number of free particles        = 2090239
    Average linear kinetic energy   = 1.098925653e-18
    Average rotational energy       = 2.836996014e-21
    Average vibrational energy      = 4.174124054e-23
    Average electronic energy       = 0
    Total energy                    = 1.151517253

Stage 1.0  ExecutionTime = 32.41 s  ClockTime = 8 s  Iteration 40 (0.95 s)

Time = 5e-06

    Collisions                      = 5979
    Collision candidates           = 8455
    Collision acceptance rate      = 0.7071555293

    Number of DSMC particles        = 2098402
    Number of stuck particles       = 0
    Number of free particles        = 2098402
    Average linear kinetic energy   = 1.095020293e-18
    Average rotational energy       = 2.946875852e-21
    Average vibrational energy      = 5.735952462e-23
    Average electronic energy       = 0
    Total energy                    = 1.152048434

Stage 1.0  ExecutionTime = 39.96 s  ClockTime = 9 s  Iteration 50 (0.89 s)

Time = 6e-06

    Collisions                      = 6546
    Collision candidates           = 9610
    Collision acceptance rate      = 0.6811654527

    Number of DSMC particles        = 2106517
    Number of stuck particles       = 0
    Number of free particles        = 2106517
    Average linear kinetic energy   = 1.091209503e-18
    Average rotational energy       = 3.09474641e-21
    Average vibrational energy      = 7.922699576e-23
    Average electronic energy       = 0
    Total energy                    = 1.152668699

Stage 1.0  ExecutionTime = 47.36 s  ClockTime = 10 s  Iteration 60 (0.97 s)

Time = 7e-06

    Collisions                      = 7318
    Collision candidates           = 10990
    Collision acceptance rate      = 0.665878071

    Number of DSMC particles        = 2114776
    Number of stuck particles       = 0
    Number of free particles        = 2114776
    Average linear kinetic energy   = 1.087581449e-18
    Average rotational energy       = 3.254376945e-21
    Average vibrational energy      = 9.445331133e-23
    Average electronic energy       = 0
    Total energy                    = 1.153536586

Stage 1.0  ExecutionTime = 55.4 s  ClockTime = 11 s  Iteration 70 (0.94 s)

Time = 8e-06

    Collisions                      = 7909
    Collision candidates           = 12233
    Collision acceptance rate      = 0.6465298782

    Number of DSMC particles        = 2122794
    Number of stuck particles       = 0
    Number of free particles        = 2122794
    Average linear kinetic energy   = 1.083932525e-18
    Average rotational energy       = 3.447149941e-21
    Average vibrational energy      = 1.184055889e-22
    Average electronic energy       = 0
    Total energy                    = 1.1542672

Stage 1.0  ExecutionTime = 63.08 s  ClockTime = 12 s  Iteration 80 (0.94 s)

Time = 9e-06

    Collisions                      = 8657
    Collision candidates           = 13423
    Collision acceptance rate      = 0.6449377933

    Number of DSMC particles        = 2130918
    Number of stuck particles       = 0
    Number of free particles        = 2130918
    Average linear kinetic energy   = 1.08048168e-18
    Average rotational energy       = 3.675759415e-21
    Average vibrational energy      = 1.483163028e-22
    Average electronic energy       = 0
    Total energy                    = 1.155283326

Stage 1.0  ExecutionTime = 70.69 s  ClockTime = 13 s  Iteration 90 (0.93 s)

Time = 1e-05

    Collisions                      = 9134
    Collision candidates           = 14619
    Collision acceptance rate      = 0.6248033381

    Number of DSMC particles        = 2138997
    Number of stuck particles       = 0
    Number of free particles        = 2138997
    Average linear kinetic energy   = 1.077103982e-18
    Average rotational energy       = 3.91630957e-21
    Average vibrational energy      = 1.810810991e-22
    Average electronic energy       = 0
    Total energy                    = 1.156343246

Stage 1.0  ExecutionTime = 78.33 s  ClockTime = 12 s  Iteration 100 (0.94 s)

Time = 1.1e-05

    Collisions                      = 9886
    Collision candidates           = 16061
    Collision acceptance rate      = 0.6155282984

    Number of DSMC particles        = 2147028
    Number of stuck particles       = 0
    Number of free particles        = 2147028
    Average linear kinetic energy   = 1.073793425e-18
    Average rotational energy       = 4.196937721e-21
    Average vibrational energy      = 2.231005617e-22
    Average electronic energy       = 0
    Total energy                    = 1.157477248

Stage 1.0  ExecutionTime = 86.37 s  ClockTime = 13 s  Iteration 110 (0.98 s)

Time = 1.2e-05

    Collisions                      = 10559
    Collision candidates           = 17510
    Collision acceptance rate      = 0.6030268418

    Number of DSMC particles        = 2155190
    Number of stuck particles       = 0
    Number of free particles        = 2155190
    Average linear kinetic energy   = 1.070550197e-18
    Average rotational energy       = 4.495543225e-21
    Average vibrational energy      = 2.580834588e-22
    Average electronic energy       = 0
    Total energy                    = 1.158742024

Stage 1.0  ExecutionTime = 94.36 s  ClockTime = 14 s  Iteration 120 (1.1 s)

Time = 1.3e-05

    Collisions                      = 11519
    Collision candidates           = 19058
    Collision acceptance rate      = 0.6044180921

    Number of DSMC particles        = 2163295
    Number of stuck particles       = 0
    Number of free particles        = 2163295
    Average linear kinetic energy   = 1.067306076e-18
    Average rotational energy       = 4.837505928e-21
    Average vibrational energy      = 3.045147311e-22
    Average electronic energy       = 0
    Total energy                    = 1.160010802

Stage 1.0  ExecutionTime = 102.31 s  ClockTime = 15 s  Iteration 130 (1.18 s)

Time = 1.4e-05

    Collisions                      = 12165
    Collision candidates           = 20476
    Collision acceptance rate      = 0.5941101778

    Number of DSMC particles        = 2171377
    Number of stuck particles       = 0
    Number of free particles        = 2171377
    Average linear kinetic energy   = 1.064275911e-18
    Average rotational energy       = 5.201708197e-21
    Average vibrational energy      = 3.506720093e-22
    Average electronic energy       = 0
    Total energy                    = 1.161500273

Stage 1.0  ExecutionTime = 110.14 s  ClockTime = 16 s  Iteration 140 (1.01 s)

Time = 1.5e-05

    Collisions                      = 12845
    Collision candidates           = 21847
    Collision acceptance rate      = 0.5879525793

    Number of DSMC particles        = 2179466
    Number of stuck particles       = 0
    Number of free particles        = 2179466
    Average linear kinetic energy   = 1.061203519e-18
    Average rotational energy       = 5.556177785e-21
    Average vibrational energy      = 4.039975988e-22
    Average electronic energy       = 0
    Total energy                    = 1.162923495

Stage 1.0  ExecutionTime = 118.55 s  ClockTime = 17 s  Iteration 150 (1.01 s)

Time = 1.6e-05

    Collisions                      = 13453
    Collision candidates           = 23316
    Collision acceptance rate      = 0.5769857609

    Number of DSMC particles        = 2187588
    Number of stuck particles       = 0
    Number of free particles        = 2187588
    Average linear kinetic energy   = 1.058215581e-18
    Average rotational energy       = 5.953756663e-21
    Average vibrational energy      = 4.622828817e-22
    Average electronic energy       = 0
    Total energy                    = 1.164487679

Stage 1.0  ExecutionTime = 127.87 s  ClockTime = 18 s  Iteration 160 (1.07 s)

Time = 1.7e-05

    Collisions                      = 14086
    Collision candidates           = 24708
    Collision acceptance rate      = 0.5700987534

    Number of DSMC particles        = 2195865
    Number of stuck particles       = 0
    Number of free particles        = 2195865
    Average linear kinetic energy   = 1.055345625e-18
    Average rotational energy       = 6.330833234e-21
    Average vibrational energy      = 5.219573586e-22
    Average electronic energy       = 0
    Total energy                    = 1.166222162

Stage 1.0  ExecutionTime = 136.37 s  ClockTime = 20 s  Iteration 170 (1.24 s)

Time = 1.8e-05

    Collisions                      = 15040
    Collision candidates           = 26133
    Collision acceptance rate      = 0.5755175449

    Number of DSMC particles        = 2204015
    Number of stuck particles       = 0
    Number of free particles        = 2204015
    Average linear kinetic energy   = 1.052493296e-18
    Average rotational energy       = 6.752615899e-21
    Average vibrational energy      = 5.802672531e-22
    Average electronic energy       = 0
    Total energy                    = 1.167936398

Stage 1.0  ExecutionTime = 144.79 s  ClockTime = 21 s  Iteration 180 (1.08 s)

Time = 1.9e-05

    Collisions                      = 15627
    Collision candidates           = 27434
    Collision acceptance rate      = 0.5696216374

    Number of DSMC particles        = 2212212
    Number of stuck particles       = 0
    Number of free particles        = 2212212
    Average linear kinetic energy   = 1.049669415e-18
    Average rotational energy       = 7.200748577e-21
    Average vibrational energy      = 6.44730651e-22
    Average electronic energy       = 0
    Total energy                    = 1.169723569

Stage 1.0  ExecutionTime = 153.66 s  ClockTime = 22 s  Iteration 190 (1.14 s)

Time = 2e-05

    Collisions                      = 16445
    Collision candidates           = 28999
    Collision acceptance rate      = 0.5670885203

    Number of DSMC particles        = 2220287
    Number of stuck particles       = 0
    Number of free particles        = 2220287
    Average linear kinetic energy   = 1.046939263e-18
    Average rotational energy       = 7.640066704e-21
    Average vibrational energy      = 7.176498421e-22
    Average electronic energy       = 0
    Total energy                    = 1.171531083

Stage 1.0  ExecutionTime = 162.6 s  ClockTime = 23 s  Iteration 200 (1.21 s)

Time = 2.1e-05

    Collisions                      = 17220
    Collision candidates           = 30358
    Collision acceptance rate      = 0.5672310429

    Number of DSMC particles        = 2228447
    Number of stuck particles       = 0
    Number of free particles        = 2228447
    Average linear kinetic energy   = 1.044192328e-18
    Average rotational energy       = 8.12990302e-21
    Average vibrational energy      = 7.878998603e-22
    Average electronic energy       = 0
    Total energy                    = 1.173400056

Stage 1.0  ExecutionTime = 171.47 s  ClockTime = 24 s  Iteration 210 (1.12 s)

Time = 2.2e-05

    Collisions                      = 17730
    Collision candidates           = 31723
    Collision acceptance rate      = 0.5589004823

    Number of DSMC particles        = 2236435
    Number of stuck particles       = 0
    Number of free particles        = 2236435
    Average linear kinetic energy   = 1.041537866e-18
    Average rotational energy       = 8.583986857e-21
    Average vibrational energy      = 8.555803724e-22
    Average electronic energy       = 0
    Total energy                    = 1.175221358

Stage 1.0  ExecutionTime = 180.31 s  ClockTime = 26 s  Iteration 220 (1.14 s)

Time = 2.3e-05

    Collisions                      = 18434
    Collision candidates           = 33324
    Collision acceptance rate      = 0.553174889

    Number of DSMC particles        = 2244457
    Number of stuck particles       = 0
    Number of free particles        = 2244457
    Average linear kinetic energy   = 1.038926565e-18
    Average rotational energy       = 9.06315022e-21
    Average vibrational energy      = 9.367031356e-22
    Average electronic energy       = 0
    Total energy                    = 1.177135121

Stage 1.0  ExecutionTime = 189.01 s  ClockTime = 27 s  Iteration 230 (1.19 s)

Time = 2.4e-05

    Collisions                      = 19118
    Collision candidates           = 34700
    Collision acceptance rate      = 0.5509510086

    Number of DSMC particles        = 2252670
    Number of stuck particles       = 0
    Number of free particles        = 2252670
    Average linear kinetic energy   = 1.036366294e-18
    Average rotational energy       = 9.551175101e-21
    Average vibrational energy      = 1.021497916e-21
    Average electronic energy       = 0
    Total energy                    = 1.179204001

Stage 1.0  ExecutionTime = 198.3 s  ClockTime = 28 s  Iteration 240 (1.28 s)

Time = 2.5e-05

    Collisions                      = 19816
    Collision candidates           = 36123
    Collision acceptance rate      = 0.5485701631

    Number of DSMC particles        = 2260685
    Number of stuck particles       = 0
    Number of free particles        = 2260685
    Average linear kinetic energy   = 1.03381734e-18
    Average rotational energy       = 1.006529224e-20
    Average vibrational energy      = 1.107829148e-21
    Average electronic energy       = 0
    Total energy                    = 1.18119713

Stage 1.0  ExecutionTime = 207.36 s  ClockTime = 29 s  Iteration 250 (1.18 s)

Time = 2.6e-05

    Collisions                      = 20548
    Collision candidates           = 37617
    Collision acceptance rate      = 0.5462423904

    Number of DSMC particles        = 2268840
    Number of stuck particles       = 0
    Number of free particles        = 2268840
    Average linear kinetic energy   = 1.03132643e-18
    Average rotational energy       = 1.058518855e-20
    Average vibrational energy      = 1.191701441e-21
    Average electronic energy       = 0
    Total energy                    = 1.183317269

Stage 1.0  ExecutionTime = 216.59 s  ClockTime = 31 s  Iteration 260 (1.23 s)

Time = 2.7e-05

    Collisions                      = 21164
    Collision candidates           = 38898
    Collision acceptance rate      = 0.5440896704

    Number of DSMC particles        = 2276898
    Number of stuck particles       = 0
    Number of free particles        = 2276898
    Average linear kinetic energy   = 1.028875219e-18
    Average rotational energy       = 1.110010353e-20
    Average vibrational energy      = 1.296754668e-21
    Average electronic energy       = 0
    Total energy                    = 1.185435155

Stage 1.0  ExecutionTime = 225.59 s  ClockTime = 32 s  Iteration 270 (1.35 s)

Time = 2.8e-05

    Collisions                      = 21849
    Collision candidates           = 40199
    Collision acceptance rate      = 0.5435209831

    Number of DSMC particles        = 2285139
    Number of stuck particles       = 0
    Number of free particles        = 2285139
    Average linear kinetic energy   = 1.026467804e-18
    Average rotational energy       = 1.160240152e-20
    Average vibrational energy      = 1.392873374e-21
    Average electronic energy       = 0
    Total energy                    = 1.18765881

Stage 1.0  ExecutionTime = 235.04 s  ClockTime = 33 s  Iteration 280 (1.37 s)

Time = 2.9e-05

    Collisions                      = 22478
    Collision candidates           = 41601
    Collision acceptance rate      = 0.5403235499

    Number of DSMC particles        = 2293232
    Number of stuck particles       = 0
    Number of free particles        = 2293232
    Average linear kinetic energy   = 1.024065227e-18
    Average rotational energy       = 1.218149649e-20
    Average vibrational energy      = 1.499331497e-21
    Average electronic energy       = 0
    Total energy                    = 1.18989623

Stage 1.0  ExecutionTime = 244.37 s  ClockTime = 34 s  Iteration 290 (1.25 s)

Time = 3e-05

    Collisions                      = 23283
    Collision candidates           = 43021
    Collision acceptance rate      = 0.5412008089

    Number of DSMC particles        = 2301489
    Number of stuck particles       = 0
    Number of free particles        = 2301489
    Average linear kinetic energy   = 1.021763557e-18
    Average rotational energy       = 1.272926479e-20
    Average vibrational energy      = 1.605494123e-21
    Average electronic energy       = 0
    Total energy                    = 1.192284439

Stage 1.0  ExecutionTime = 254.1 s  ClockTime = 36 s  Iteration 300 (1.42 s)

Time = 3.1e-05

    Collisions                      = 24077
    Collision candidates           = 44587
    Collision acceptance rate      = 0.5400004486

    Number of DSMC particles        = 2309524
    Number of stuck particles       = 0
    Number of free particles        = 2309524
    Average linear kinetic energy   = 1.019423484e-18
    Average rotational energy       = 1.32887218e-20
    Average vibrational energy      = 1.708642217e-21
    Average electronic energy       = 0
    Total energy                    = 1.194509887

Stage 1.0  ExecutionTime = 264.13 s  ClockTime = 37 s  Iteration 310 (1.29 s)

Time = 3.2e-05

    Collisions                      = 24757
    Collision candidates           = 45889
    Collision acceptance rate      = 0.5394974831

    Number of DSMC particles        = 2317691
    Number of stuck particles       = 0
    Number of free particles        = 2317691
    Average linear kinetic energy   = 1.017111964e-18
    Average rotational energy       = 1.383870846e-20
    Average vibrational energy      = 1.819295991e-21
    Average electronic energy       = 0
    Total energy                    = 1.196820831

Stage 1.0  ExecutionTime = 274.46 s  ClockTime = 39 s  Iteration 320 (1.32 s)

Time = 3.3e-05

    Collisions                      = 25068
    Collision candidates           = 47179
    Collision acceptance rate      = 0.5313380953

    Number of DSMC particles        = 2325843
    Number of stuck particles       = 0
    Number of free particles        = 2325843
    Average linear kinetic energy   = 1.014889229e-18
    Average rotational energy       = 1.43790032e-20
    Average vibrational energy      = 1.939080937e-21
    Average electronic energy       = 0
    Total energy                    = 1.199213155

Stage 1.0  ExecutionTime = 284.2 s  ClockTime = 40 s  Iteration 330 (1.32 s)

Time = 3.4e-05

    Collisions                      = 26000
    Collision candidates           = 48699
    Collision acceptance rate      = 0.5338918664

    Number of DSMC particles        = 2333950
    Number of stuck particles       = 0
    Number of free particles        = 2333950
    Average linear kinetic energy   = 1.012675785e-18
    Average rotational energy       = 1.493150355e-20
    Average vibrational energy      = 2.055946741e-21
    Average electronic energy       = 0
    Total energy                    = 1.201591255

Stage 1.0  ExecutionTime = 294.8 s  ClockTime = 41 s  Iteration 340 (1.38 s)

Time = 3.5e-05

    Collisions                      = 26521
    Collision candidates           = 49767
    Collision acceptance rate      = 0.5329033295

    Number of DSMC particles        = 2342074
    Number of stuck particles       = 0
    Number of free particles        = 2342074
    Average linear kinetic energy   = 1.010504822e-18
    Average rotational energy       = 1.55263288e-20
    Average vibrational energy      = 2.172667931e-21
    Average electronic energy       = 0
    Total energy                    = 1.204064715

Stage 1.0  ExecutionTime = 305.86 s  ClockTime = 43 s  Iteration 350 (1.37 s)

Time = 3.6e-05

    Collisions                      = 27419
    Collision candidates           = 51128
    Collision acceptance rate      = 0.5362814896

    Number of DSMC particles        = 2350194
    Number of stuck particles       = 0
    Number of free particles        = 2350194
    Average linear kinetic energy   = 1.00837608e-18
    Average rotational energy       = 1.608265967e-20
    Average vibrational energy      = 2.299736289e-21
    Average electronic energy       = 0
    Total energy                    = 1.206540805

Stage 1.0  ExecutionTime = 315.89 s  ClockTime = 42 s  Iteration 360 (1.39 s)

Time = 3.7e-05

    Collisions                      = 27799
    Collision candidates           = 52112
    Collision acceptance rate      = 0.5334471907

    Number of DSMC particles        = 2358348
    Number of stuck particles       = 0
    Number of free particles        = 2358348
    Average linear kinetic energy   = 1.006237806e-18
    Average rotational energy       = 1.664939411e-20
    Average vibrational energy      = 2.433254267e-21
    Average electronic energy       = 0
    Total energy                    = 1.209031221

Stage 1.0  ExecutionTime = 326.3 s  ClockTime = 43 s  Iteration 370 (1.38 s)

Time = 3.8e-05

    Collisions                      = 28459
    Collision candidates           = 53591
    Collision acceptance rate      = 0.5310406598

    Number of DSMC particles        = 2366509
    Number of stuck particles       = 0
    Number of free particles        = 2366509
    Average linear kinetic energy   = 1.004145564e-18
    Average rotational energy       = 1.72269248e-20
    Average vibrational energy      = 2.56898653e-21
    Average electronic energy       = 0
    Total energy                    = 1.211583359

Stage 1.0  ExecutionTime = 336.99 s  ClockTime = 44 s  Iteration 380 (1.49 s)

Time = 3.9e-05

    Collisions                      = 29108
    Collision candidates           = 54818
    Collision acceptance rate      = 0.5309934693

    Number of DSMC particles        = 2374573
    Number of stuck particles       = 0
    Number of free particles        = 2374573
    Average linear kinetic energy   = 1.002055002e-18
    Average rotational energy       = 1.778723358e-20
    Average vibrational energy      = 2.705004353e-21
    Average electronic energy       = 0
    Total energy                    = 1.214056533

Stage 1.0  ExecutionTime = 348 s  ClockTime = 46 s  Iteration 390 (1.5 s)

Time = 4e-05

    Collisions                      = 29494
    Collision candidates           = 56064
    Collision acceptance rate      = 0.5260773402

    Number of DSMC particles        = 2382541
    Number of stuck particles       = 0
    Number of free particles        = 2382541
    Average linear kinetic energy   = 9.999548098e-19
    Average rotational energy       = 1.839295149e-20
    Average vibrational energy      = 2.84061122e-21
    Average electronic energy       = 0
    Total energy                    = 1.216511583

Stage 1.0  ExecutionTime = 359.2 s  ClockTime = 47 s  Iteration 400 (1.5 s)

Time = 4.1e-05

    Collisions                      = 30449
    Collision candidates           = 57654
    Collision acceptance rate      = 0.5281333472

    Number of DSMC particles        = 2390546
    Number of stuck particles       = 0
    Number of free particles        = 2390546
    Average linear kinetic energy   = 9.979067153e-19
    Average rotational energy       = 1.896883813e-20
    Average vibrational energy      = 2.979804661e-21
    Average electronic energy       = 0
    Total energy                    = 1.219005573

Stage 1.0  ExecutionTime = 371.65 s  ClockTime = 49 s  Iteration 410 (1.61 s)

Time = 4.2e-05

    Collisions                      = 31058
    Collision candidates           = 59211
    Collision acceptance rate      = 0.5245309149

    Number of DSMC particles        = 2398491
    Number of stuck particles       = 0
    Number of free particles        = 2398491
    Average linear kinetic energy   = 9.958312105e-19
    Average rotational energy       = 1.958299685e-20
    Average vibrational energy      = 3.119291311e-21
    Average electronic energy       = 0
    Total energy                    = 1.221471715

Stage 1.0  ExecutionTime = 383.06 s  ClockTime = 51 s  Iteration 420 (1.54 s)

Time = 4.3e-05

    Collisions                      = 31672
    Collision candidates           = 60345
    Collision acceptance rate      = 0.5248487861

    Number of DSMC particles        = 2406739
    Number of stuck particles       = 0
    Number of free particles        = 2406739
    Average linear kinetic energy   = 9.938448306e-19
    Average rotational energy       = 2.016298586e-20
    Average vibrational energy      = 3.264981521e-21
    Average electronic energy       = 0
    Total energy                    = 1.224155058

Stage 1.0  ExecutionTime = 394.7 s  ClockTime = 52 s  Iteration 430 (1.64 s)

Time = 4.4e-05

    Collisions                      = 32191
    Collision candidates           = 61456
    Collision acceptance rate      = 0.5238056496

    Number of DSMC particles        = 2414808
    Number of stuck particles       = 0
    Number of free particles        = 2414808
    Average linear kinetic energy   = 9.918892862e-19
    Average rotational energy       = 2.073905706e-20
    Average vibrational energy      = 3.411140203e-21
    Average electronic energy       = 0
    Total energy                    = 1.226770136

Stage 1.0  ExecutionTime = 406.22 s  ClockTime = 54 s  Iteration 440 (1.68 s)

Time = 4.5e-05

    Collisions                      = 32494
    Collision candidates           = 62342
    Collision acceptance rate      = 0.5212216483

    Number of DSMC particles        = 2423023
    Number of stuck particles       = 0
    Number of free particles        = 2423023
    Average linear kinetic energy   = 9.899516607e-19
    Average rotational energy       = 2.132359668e-20
    Average vibrational energy      = 3.563244028e-21
    Average electronic energy       = 0
    Total energy                    = 1.229488515

Stage 1.0  ExecutionTime = 417.5 s  ClockTime = 55 s  Iteration 450 (1.55 s)

Time = 4.6e-05

    Collisions                      = 33487
    Collision candidates           = 63687
    Collision acceptance rate      = 0.5258058945

    Number of DSMC particles        = 2431201
    Number of stuck particles       = 0
    Number of free particles        = 2431201
    Average linear kinetic energy   = 9.880679343e-19
    Average rotational energy       = 2.190137491e-20
    Average vibrational energy      = 3.705643154e-21
    Average electronic energy       = 0
    Total energy                    = 1.232223779

Stage 1.0  ExecutionTime = 428.96 s  ClockTime = 57 s  Iteration 460 (1.69 s)

Time = 4.7e-05

    Collisions                      = 33838
    Collision candidates           = 64581
    Collision acceptance rate      = 0.5239621561

    Number of DSMC particles        = 2439361
    Number of stuck particles       = 0
    Number of free particles        = 2439361
    Average linear kinetic energy   = 9.862394792e-19
    Average rotational energy       = 2.24513528e-20
    Average vibrational energy      = 3.851736007e-21
    Average electronic energy       = 0
    Total energy                    = 1.234978426

Stage 1.0  ExecutionTime = 441.53 s  ClockTime = 59 s  Iteration 470 (1.67 s)

Time = 4.8e-05

    Collisions                      = 34564
    Collision candidates           = 66299
    Collision acceptance rate      = 0.5213351634

    Number of DSMC particles        = 2447365
    Number of stuck particles       = 0
    Number of free particles        = 2447365
    Average linear kinetic energy   = 9.843356472e-19
    Average rotational energy       = 2.303631088e-20
    Average vibrational energy      = 4.008749872e-21
    Average electronic energy       = 0
    Total energy                    = 1.237608873

Stage 1.0  ExecutionTime = 453.66 s  ClockTime = 60 s  Iteration 480 (1.66 s)

Time = 4.9e-05

    Collisions                      = 35215
    Collision candidates           = 67711
    Collision acceptance rate      = 0.5200779785

    Number of DSMC particles        = 2455521
    Number of stuck particles       = 0
    Number of free particles        = 2455521
    Average linear kinetic energy   = 9.825035499e-19
    Average rotational energy       = 2.358403123e-20
    Average vibrational energy      = 4.16732649e-21
    Average electronic energy       = 0
    Total energy                    = 1.24035107

Stage 1.0  ExecutionTime = 466.21 s  ClockTime = 62 s  Iteration 490 (1.61 s)

Time = 5e-05

    Collisions                      = 35680
    Collision candidates           = 68865
    Collision acceptance rate      = 0.5181151528

    Number of DSMC particles        = 2463545
    Number of stuck particles       = 0
    Number of free particles        = 2463545
    Average linear kinetic energy   = 9.806513617e-19
    Average rotational energy       = 2.416225622e-20
    Average vibrational energy      = 4.322631757e-21
    Average electronic energy       = 0
    Total energy                    = 1.243026281

Stage 1.0  ExecutionTime = 478.3 s  ClockTime = 64 s  Iteration 500 (1.65 s)

End stage 1


DSMC solver profile summary
    solver profile steps          = 500
    move+collide wall [s]         = 61.61394193
    move only [s]                 = 50.59254207
    buildCellOccupancy [s]        = 6.85023106
    collision phase [s]           = 3.615277956
    post fields/output [s]        = 0.665625453
    total profiled [s]            = 61.72367654
    full evolve wall [s]          = 62.28289406
    move+collide cpu [s]          = 450.92
    move only cpu [s]             = 370.27
    buildCellOccupancy cpu [s]    = 49.61
    collision phase cpu [s]       = 26.52
    post fields/output cpu [s]    = 4.84
    total profiled cpu [s]        = 451.24
    full evolve cpu [s]           = 455.78
    OpenMP enabled                = 1
    OpenMP max threads            = 8
    OpenMP move                   = 1 (static, chunk 64)
    OpenMP collision              = dynamic, chunk 8

Total Iterations = 500
End main

real 64.06
user 475.81
sys 3.57
