case=zb
mode=MPI4xOMP2
rep=3
np=4
OMP_NUM_THREADS=2
case_dir=/home/superxcx/code/OpenFoam/OF-1706/hyStrath_dlb/run/hyStrath/dsmcFoam+/xcx_test/zb-cylinder-react/mpi4omp2
controlDict=/home/superxcx/code/OpenFoam/OF-1706/hyStrath_dlb/doc/worklog/v2506/detail_mix/repeat_nowrite_compute_20260610_parmetisfix_clean/controlDicts/zb_MPI4xOMP2_rep3_controlDict
start=2026-06-10T23:57:49+08:00
/*---------------------------------------------------------------------------*\
| =========                 |                                                 |
| \\      /  F ield         | OpenFOAM: The Open Source CFD Toolbox           |
|  \\    /   O peration     | Version:  v1706                                 |
|   \\  /    A nd           | Web:      www.OpenFOAM.com                      |
|    \\/     M anipulation  |                                                 |
\*---------------------------------------------------------------------------*/
Build  : v1706
Arch   : "LSB;label=32;scalar=64"
Exec   : dsmcFoam+
Date   : Jun 10 2026
Time   : 23:57:49
Host   : "SuperXCX-ROG"
PID    : 104561
/*---------------------------------------------------------------------------*\
| =========                 |                                                 |
| \\      /  F ield         | OpenFOAM: The Open Source CFD Toolbox           |
|  \\    /   O peration     | Version:  v1706                                 |
|   \\  /    A nd           | Web:      www.OpenFOAM.com                      |
|    \\/     M anipulation  |                                                 |
\*---------------------------------------------------------------------------*/
Build  : v1706
Arch   : "LSB;label=32;scalar=64"
Exec   : dsmcFoam+
Date   : Jun 10 2026
Time   : 23:57:49
Host   : "SuperXCX-ROG"
PID    : 104562
/*---------------------------------------------------------------------------*\
| =========                 |                                                 |
| \\      /  F ield         | OpenFOAM: The Open Source CFD Toolbox           |
|  \\    /   O peration     | Version:  v1706                                 |
|   \\  /    A nd           | Web:      www.OpenFOAM.com                      |
|    \\/     M anipulation  |                                                 |
\*---------------------------------------------------------------------------*/
Build  : v1706
Arch   : "LSB;label=32;scalar=64"
Exec   : dsmcFoam+
Date   : Jun 10 2026
Time   : 23:57:49
Host   : "SuperXCX-ROG"
PID    : 104563
Case   : /home/superxcx/code/OpenFoam/OF-1706/hyStrath_dlb/run/hyStrath/dsmcFoam+/xcx_test/zb-cylinder-react/mpi4omp2
nProcs : 1
sigFpe : Enabling floating point exception trapping (FOAM_SIGFPE).
fileModificationChecking : Monitoring run-time modified files using timeStampMaster (fileModificationSkew 10)
allowSystemOperations : Allowing user-supplied system call operations

// * * * * * * * * * * * * * * * * * * * * * * * * * * * * * * * * * * * * * //
Create time

Case   : /home/superxcx/code/OpenFoam/OF-1706/hyStrath_dlb/run/hyStrath/dsmcFoam+/xcx_test/zb-cylinder-react/mpi4omp2
nProcs : 1
sigFpe : Enabling floating point exception trapping (FOAM_SIGFPE).
fileModificationChecking : Monitoring run-time modified files using timeStampMaster (fileModificationSkew 10)
allowSystemOperations : Allowing user-supplied system call operations

// * * * * * * * * * * * * * * * * * * * * * * * * * * * * * * * * * * * * * //
Create time

Case   : /home/superxcx/code/OpenFoam/OF-1706/hyStrath_dlb/run/hyStrath/dsmcFoam+/xcx_test/zb-cylinder-react/mpi4omp2
nProcs : 1
sigFpe : Enabling floating point exception trapping (FOAM_SIGFPE).
fileModificationChecking : Monitoring run-time modified files using timeStampMaster (fileModificationSkew 10)
allowSystemOperations : Allowing user-supplied system call operations

// * * * * * * * * * * * * * * * * * * * * * * * * * * * * * * * * * * * * * //
Create time

Create mesh for time = 0

Create mesh for time = 0

/*---------------------------------------------------------------------------*\
| =========                 |                                                 |
| \\      /  F ield         | OpenFOAM: The Open Source CFD Toolbox           |
|  \\    /   O peration     | Version:  v1706                                 |
|   \\  /    A nd           | Web:      www.OpenFOAM.com                      |
|    \\/     M anipulation  |                                                 |
\*---------------------------------------------------------------------------*/
Build  : v1706
Arch   : "LSB;label=32;scalar=64"
Exec   : dsmcFoam+
Date   : Jun 10 2026
Time   : 23:57:49
Host   : "SuperXCX-ROG"
PID    : 104564
Create mesh for time = 0

Case   : /home/superxcx/code/OpenFoam/OF-1706/hyStrath_dlb/run/hyStrath/dsmcFoam+/xcx_test/zb-cylinder-react/mpi4omp2
nProcs : 1
sigFpe : Enabling floating point exception trapping (FOAM_SIGFPE).
fileModificationChecking : Monitoring run-time modified files using timeStampMaster (fileModificationSkew 10)
allowSystemOperations : Allowing user-supplied system call operations

// * * * * * * * * * * * * * * * * * * * * * * * * * * * * * * * * * * * * * //
Create time

Create mesh for time = 0

Selecting dynamicFvMesh dynamicRefineFvMesh
Selecting dynamicFvMesh dynamicRefineFvMesh
Selecting dynamicFvMesh dynamicRefineFvMesh
Selecting dynamicFvMesh dynamicRefineFvMesh

Constructing dsmcCloud 

Constructing dsmcCloud 

Constructing dsmcCloud 

Constructing dsmcCloud 
Selecting the coordinate system model:	dsmcCartesian

Selecting the time-step model:	dsmcConstantTimeStepModel

Constant time-step model:
- time-step [sec]	6.640048894e-08

Selecting the porous measurement model:	dsmcNoPorousMediumMeasurements


Creating dsmcControllers

Creating fields: 

Selecting field: dsmcVolFields

TimeData Statistics: 
 measurement option: write
 nSamples: 1, time interval: 6.640048894e-08
 nAverages: 15060, time interval: 0.0009999913634
 total no. of sampling steps: 0
 total no. of averaging Steps: 0


Selecting field: dsmcVolFields

TimeData Statistics: 
 measurement option: write
 nSamples: 1, time interval: 6.640048894e-08
 nAverages: 15060, time interval: 0.0009999913634
 total no. of sampling steps: 0
 total no. of averaging Steps: 0


Selecting field: dsmcVolFields

TimeData Statistics: 
 measurement option: write
 nSamples: 1, time interval: 6.640048894e-08
 nAverages: 15060, time interval: 0.0009999913634
 total no. of sampling steps: 0
 total no. of averaging Steps: 0


Selecting field: dsmcVolFields

TimeData Statistics: 
 measurement option: write
 nSamples: 1, time interval: 6.640048894e-08
 nAverages: 15060, time interval: 0.0009999913634
 total no. of sampling steps: 0
 total no. of averaging Steps: 0


Selecting the coordinate system model:	dsmcCartesian

Selecting the time-step model:	dsmcConstantTimeStepModel

Selecting field: dsmcVolFields

TimeData Statistics: 
 measurement option: write
 nSamples: 1, time interval: 6.640048894e-08
 nAverages: 15060, time interval: 0.0009999913634
Constant time-step model:
- time-step [sec]	6.640048894e-08

Selecting the porous measurement model:	dsmcNoPorousMediumMeasurements

 total no. of sampling steps: 0
 total no. of averaging Steps: 0



Creating dsmcControllers

Creating fields: 

Selecting field: dsmcVolFields

TimeData Statistics: 
 measurement option: write
 nSamples: 1, time interval: 6.640048894e-08
 nAverages: 15060, time interval: 0.0009999913634
 total no. of sampling steps: 0
 total no. of averaging Steps: 0


Selecting field: dsmcVolFields

TimeData Statistics: 
 measurement option: write
 nSamples: 1, time interval: 6.640048894e-08
 nAverages: 15060, time interval: 0.0009999913634
 total no. of sampling steps: 0
 total no. of averaging Steps: 0


Selecting field: dsmcVolFields

TimeData Statistics: 
 measurement option: write
 nSamples: 1, time interval: 6.640048894e-08
 nAverages: 15060, time interval: 0.0009999913634
 total no. of sampling steps: 0
 total no. of averaging Steps: 0


Selecting the coordinate system model:	dsmcCartesian

Selecting the time-step model:	dsmcConstantTimeStepModel

Constant time-step model:
- time-step [sec]	6.640048894e-08

Selecting the porous measurement model:	dsmcNoPorousMediumMeasurements


Creating dsmcControllers

Creating fields: 

Selecting field: dsmcVolFields

TimeData Statistics: 
 measurement option: write
 nSamples: 1, time interval: 6.640048894e-08
 nAverages: 15060, time interval: 0.0009999913634
 total no. of sampling steps: 0
 total no. of averaging Steps: 0


Selecting field: dsmcVolFields

TimeData Statistics: 
 measurement option: write
 nSamples: 1, time interval: 6.640048894e-08
 nAverages: 15060, time interval: 0.0009999913634
 total no. of sampling steps: 0
 total no. of averaging Steps: 0


Creating the boundary models: 

Selecting dsmcPatchBoundaryModel dsmcDeletionPatch
Selecting dsmcPatchBoundaryModel dsmcDeletionPatch
Selecting dsmcPatchBoundaryModel dsmcDiffuseWallPatch
Selecting dsmcGeneralBoundaryModel dsmcFreeStreamInflowPatch
Selecting BinaryCollisionModel LarsenBorgnakkeVariableHardSphere

Creating dsmcReactions

Selecting the reaction model dissociationQK
Selecting the reaction model dissociationExchangeQK
Selecting the reaction model dissociationQK
Selecting the reaction model dissociationQK
Selecting the reaction model dissociationQK
Selecting the reaction model dissociationQK
Selecting the reaction model dissociationQK
Selecting the reaction model dissociationExchangeQK
Selecting the reaction model dissociationQK
Selecting the reaction model dissociationExchangeQK
Selecting the reaction model dissociationExchangeQK
Selecting the reaction model dissociationQK
Number of reactions created: 12
Selecting field: dsmcVolFields

TimeData Statistics: 
 measurement option: write
 nSamples: 1, time interval: 6.640048894e-08
 nAverages: 15060, time interval: 0.0009999913634
 total no. of sampling steps: 0
 total no. of averaging Steps: 0


Selecting the coordinate system model:	dsmcCartesian

Selecting the time-step model:	dsmcConstantTimeStepModel

Constant time-step model:
- time-step [sec]	6.640048894e-08

Selecting the porous measurement model:	dsmcNoPorousMediumMeasurements

Selecting field: dsmcVolFields

TimeData Statistics: 
 measurement option: write
 nSamples: 1, time interval: 6.640048894e-08
 nAverages: 15060, time interval: 0.0009999913634
 total no. of sampling steps: 0
 total no. of averaging Steps: 0



Creating dsmcControllers

Creating fields: 

Selecting field: dsmcVolFields

TimeData Statistics: 
 measurement option: write
 nSamples: 1, time interval: 6.640048894e-08
 nAverages: 15060, time interval: 0.0009999913634
 total no. of sampling steps: 0
 total no. of averaging Steps: 0


Selecting field: dsmcVolFields

TimeData Statistics: 
 measurement option: write
 nSamples: 1, time interval: 6.640048894e-08
 nAverages: 15060, time interval: 0.0009999913634
 total no. of sampling steps: 0
 total no. of averaging Steps: 0


Selecting field: dsmcVolFields

TimeData Statistics: 
 measurement option: write
 nSamples: 1, time interval: 6.640048894e-08
 nAverages: 15060, time interval: 0.0009999913634
 total no. of sampling steps: 0
 total no. of averaging Steps: 0


Selecting field: dsmcVolFields

TimeData Statistics: 
 measurement option: write
 nSamples: 1, time interval: 6.640048894e-08
 nAverages: 15060, time interval: 0.0009999913634
 total no. of sampling steps: 0
 total no. of averaging Steps: 0


Selecting field: dsmcVolFields

TimeData Statistics: 
 measurement option: write
 nSamples: 1, time interval: 6.640048894e-08
 nAverages: 15060, time interval: 0.0009999913634
 total no. of sampling steps: 0
 total no. of averaging Steps: 0


Selecting field: dsmcVolFields

TimeData Statistics: 
 measurement option: write
 nSamples: 1, time interval: 6.640048894e-08
 nAverages: 15060, time interval: 0.0009999913634
 total no. of sampling steps: 0
 total no. of averaging Steps: 0


Selecting field: dsmcVolFields

TimeData Statistics: 
 measurement option: write
 nSamples: 1, time interval: 6.640048894e-08
 nAverages: 15060, time interval: 0.0009999913634
 total no. of sampling steps: 0
 total no. of averaging Steps: 0


Selecting field: dsmcVolFields

TimeData Statistics: 
 measurement option: write
 nSamples: 1, time interval: 6.640048894e-08
 nAverages: 15060, time interval: 0.0009999913634
 total no. of sampling steps: 0
 total no. of averaging Steps: 0


Creating the boundary models: 

Selecting dsmcPatchBoundaryModel dsmcDeletionPatch
Selecting dsmcPatchBoundaryModel dsmcDeletionPatch
Selecting dsmcPatchBoundaryModel dsmcDiffuseWallPatch
Selecting dsmcGeneralBoundaryModel dsmcFreeStreamInflowPatch
Selecting field: dsmcVolFields

TimeData Statistics: 
 measurement option: write
 nSamples: 1, time interval: 6.640048894e-08
 nAverages: 15060, time interval: 0.0009999913634
 total no. of sampling steps: 0
 total no. of averaging Steps: 0


Selecting BinaryCollisionModel LarsenBorgnakkeVariableHardSphere

Creating dsmcReactions

Selecting the reaction model dissociationQK
Selecting the reaction model dissociationExchangeQK
Selecting the reaction model dissociationQK
Selecting the reaction model dissociationQK
Selecting the reaction model dissociationQK
Selecting the reaction model dissociationQK
Selecting the reaction model dissociationQK
Selecting the reaction model dissociationExchangeQK
Selecting the reaction model dissociationQK
Selecting the reaction model dissociationExchangeQK
Selecting the reaction model dissociationExchangeQK
Selecting the reaction model dissociationQK
Number of reactions created: 12
Selecting field: dsmcVolFields

TimeData Statistics: 
 measurement option: write
 nSamples: 1, time interval: 6.640048894e-08
 nAverages: 15060, time interval: 0.0009999913634
 total no. of sampling steps: 0
 total no. of averaging Steps: 0


Selecting field: dsmcVolFields

TimeData Statistics: 
 measurement option: write
 nSamples: 1, time interval: 6.640048894e-08
 nAverages: 15060, time interval: 0.0009999913634
 total no. of sampling steps: 0
 total no. of averaging Steps: 0


Creating the boundary models: 

Selecting dsmcPatchBoundaryModel dsmcDeletionPatch
Selecting dsmcPatchBoundaryModel dsmcDeletionPatch
Selecting dsmcPatchBoundaryModel dsmcDiffuseWallPatch
Selecting dsmcGeneralBoundaryModel dsmcFreeStreamInflowPatch
Selecting BinaryCollisionModel LarsenBorgnakkeVariableHardSphere

Creating dsmcReactions

Selecting the reaction model dissociationQK
Selecting the reaction model dissociationExchangeQK
Selecting the reaction model dissociationQK
Selecting the reaction model dissociationQK
Selecting the reaction model dissociationQK
Selecting the reaction model dissociationQK
Selecting the reaction model dissociationQK
Selecting the reaction model dissociationExchangeQK
Selecting the reaction model dissociationQK
Selecting the reaction model dissociationExchangeQK
Selecting the reaction model dissociationExchangeQK
Selecting the reaction model dissociationQK
Number of reactions created: 12
Selecting field: dsmcVolFields

TimeData Statistics: 
 measurement option: write
 nSamples: 1, time interval: 6.640048894e-08
 nAverages: 15060, time interval: 0.0009999913634
 total no. of sampling steps: 0
 total no. of averaging Steps: 0


Creating the boundary models: 

Selecting dsmcPatchBoundaryModel dsmcDeletionPatch
Selecting dsmcPatchBoundaryModel dsmcDeletionPatch
Selecting dsmcPatchBoundaryModel dsmcDiffuseWallPatch
Selecting dsmcGeneralBoundaryModel dsmcFreeStreamInflowPatch
Selecting BinaryCollisionModel LarsenBorgnakkeVariableHardSphere

Creating dsmcReactions

Selecting the reaction model dissociationQK
Selecting the reaction model dissociationExchangeQK
Selecting the reaction model dissociationQK
Selecting the reaction model dissociationQK
Selecting the reaction model dissociationQK
Selecting the reaction model dissociationQK
Selecting the reaction model dissociationQK
Selecting the reaction model dissociationExchangeQK
Selecting the reaction model dissociationQK
Selecting the reaction model dissociationExchangeQK
Selecting the reaction model dissociationExchangeQK
Selecting the reaction model dissociationQK
Number of reactions created: 12

Constructing constant properties for
	N2
	O2
	NO
	N
	O
Selecting collisionPartnerSelectionModel noTimeCounter

Initialising the measurement fields

Initialising dsmcVolFields field
Initialising dsmcVolFields field
Initialising dsmcVolFields field
Initialising dsmcVolFields field
Initialising dsmcVolFields field
Initialising dsmcVolFields field

Constructing constant properties for
	N2
	O2
	NO
	N
	O
Selecting collisionPartnerSelectionModel noTimeCounter

Initialising the measurement fields

Initialising dsmcVolFields field
Initialising dsmcVolFields field
Initialising dsmcVolFields field
Initialising dsmcVolFields field
Initialising dsmcVolFields field
Initialising dsmcVolFields field

Constructing constant properties for
	N2
	O2
	NO
	N
	O

Constructing constant properties for
	N2
	O2
	NO
	N
	O
Selecting collisionPartnerSelectionModel noTimeCounter

Initialising the measurement fields

Initialising dsmcVolFields field
Initialising dsmcVolFields field
Initialising dsmcVolFields field
Initialising dsmcVolFields field
Initialising dsmcVolFields field
Initialising dsmcVolFields field
Selecting collisionPartnerSelectionModel noTimeCounter

Initialising the measurement fields

Initialising dsmcVolFields field
Initialising dsmcVolFields field
Initialising dsmcVolFields field
Initialising dsmcVolFields field
Initialising dsmcVolFields field
Initialising dsmcVolFields field
Replicated mesh: METIS decomposition complete, 60000 cells -> 4 ranks
Replicated mesh: rank 0 owns 15022 / 60000 cells
Local mesh: 15022 owned + 492 halo = 15514 / 60000 cells
Replicated mesh: no-Alltoall async migration enabled
Replicated mesh: flatTransfer=1 found=1
Replicated mesh: flat POD transfer enabled
Replicated mesh: writeMode=gathered
Phase C auto DLB: enabled (ParMETIS AdaptiveRepart), imbalanceThreshold=1.5, dlbSteps=50, sarSteps=10, triggerMode=legacyWindow, minGapSteps=50, checkCollective=allgather, skipFixedKPostDiag=0
Replicated mesh: initialized with 4 MPI ranks, migrate interval 10

Starting time loop

Replicated mesh: initial particle distribution

Replicated mesh: rank 0 kept 201681 parcels, deleted 1105064 non-owned parcels
Time = 6.640048894e-07

    Collisions                      = 25853
    Collision candidates           = 34480
    Collision acceptance rate      = 0.7497969838

    Number of DSMC particles        = 1330288
    Number of stuck particles       = 0
    Number of free particles        = 1330288
    Average linear kinetic energy   = 1.893488302e-19
    Average rotational energy       = 1.329107998e-21
    Average vibrational energy      = 7.024222725e-26
    Average electronic energy       = 0
    Total energy                    = 0.001521939999

Stage 1.0  ExecutionTime = 5.78 s  ClockTime = 5 s  Iteration 10 (0.26 s)

Time = 1.328009779e-06

    Collisions                      = 36022
    Collision candidates           = 54369
    Collision acceptance rate      = 0.6625466718

    Number of DSMC particles        = 1353906
    Number of stuck particles       = 0
    Number of free particles        = 1353906
    Average linear kinetic energy   = 1.865976957e-19
    Average rotational energy       = 1.556192559e-21
    Average vibrational energy      = 9.202253037e-26
    Average electronic energy       = 0
    Total energy                    = 0.001528456817

Stage 1.0  ExecutionTime = 8.42 s  ClockTime = 7 s  Iteration 20 (0.29 s)

Time = 1.992014668e-06

    Collisions                      = 46004
    Collision candidates           = 74956
    Collision acceptance rate      = 0.6137467314

    Number of DSMC particles        = 1377438
    Number of stuck particles       = 0
    Number of free particles        = 1377438
    Average linear kinetic energy   = 1.841127635e-19
    Average rotational energy       = 1.880739574e-21
    Average vibrational energy      = 1.130630344e-25
    Average electronic energy       = 0
    Total energy                    = 0.001537168047

Stage 1.0  ExecutionTime = 11.17 s  ClockTime = 8 s  Iteration 30 (0.31 s)

Time = 2.656019558e-06

    Collisions                      = 56273
    Collision candidates           = 95554
    Collision acceptance rate      = 0.5889130753

    Number of DSMC particles        = 1401059
    Number of stuck particles       = 0
    Number of free particles        = 1401059
    Average linear kinetic energy   = 1.819110624e-19
    Average rotational energy       = 2.269162015e-21
    Average vibrational energy      = 8.892548851e-26
    Average electronic energy       = 0
    Total energy                    = 0.001548284914

Stage 1.0  ExecutionTime = 14.12 s  ClockTime = 10 s  Iteration 40 (0.38 s)

Time = 3.320024447e-06

    Collisions                      = 66241
    Collision candidates           = 116348
    Collision acceptance rate      = 0.5693350982

    Number of DSMC particles        = 1424434
    Number of stuck particles       = 0
    Number of free particles        = 1424434
    Average linear kinetic energy   = 1.798693499e-19
    Average rotational energy       = 2.705732669e-21
    Average vibrational energy      = 2.294728204e-25
    Average electronic energy       = 0
    Total energy                    = 0.001560398892

Stage 1.0  ExecutionTime = 17.12 s  ClockTime = 11 s  Iteration 50 (0.31 s)

Time = 3.984029336e-06

    Collisions                      = 75665
    Collision candidates           = 135781
    Collision acceptance rate      = 0.5572576428

    Number of DSMC particles        = 1447657
    Number of stuck particles       = 0
    Number of free particles        = 1447657
    Average linear kinetic energy   = 1.780000825e-19
    Average rotational energy       = 3.183918156e-21
    Average vibrational energy      = 4.085517819e-25
    Average electronic energy       = 0
    Total energy                    = 0.00157375727

Stage 1.0  ExecutionTime = 20.2 s  ClockTime = 13 s  Iteration 60 (0.34 s)

Time = 4.648034226e-06

    Collisions                      = 85233
    Collision candidates           = 155534
    Collision acceptance rate      = 0.548002366


Phase C auto DLB triggered (SAR) at step 70: sar=0.00213950315 loadImbalance=1.026403234 threshold=1.5
Phase C ParMETIS weights: particles=1471301 activeCells=60000 maxCellParticles=299
Phase C ParMETIS: alpha=0.8 ncon=2 ubvec=[1.049999952,1.5] moveRatio=0.637241768 (moveT=6.190186781s, collT=3.523844992s)
Phase C ParMETIS: AdaptiveRepart (60000 cells, 2 constraints, ubvec=1.049999952)
Replicated mesh: rank 0 owns 11592 / 60000 cells
Local mesh: 11592 owned + 413 halo = 12005 / 60000 cells
Phase C ParMETIS AdaptiveRepart: 45090 / 60000 cells changed (0.7515)
Phase C auto DLB complete: rebalance #1

    Number of DSMC particles        = 1471301
    Number of stuck particles       = 0
    Number of free particles        = 1471301
    Average linear kinetic energy   = 1.762632762e-19
    Average rotational energy       = 3.668918992e-21
    Average vibrational energy      = 5.713464199e-25
    Average electronic energy       = 0
    Total energy                    = 0.001588411556

Stage 1.0  ExecutionTime = 23.75 s  ClockTime = 15 s  Iteration 70 (0.76 s)

Time = 5.312039115e-06

    Collisions                      = 84938
    Collision candidates           = 144806
    Collision acceptance rate      = 0.5865640926

    Number of DSMC particles        = 1494465
    Number of stuck particles       = 0
    Number of free particles        = 1494465
    Average linear kinetic energy   = 1.745863599e-19
    Average rotational energy       = 4.009598655e-21
    Average vibrational energy      = 7.917513378e-25
    Average electronic energy       = 0
    Total energy                    = 0.001601439555

Stage 1.0  ExecutionTime = 26.94 s  ClockTime = 17 s  Iteration 80 (0.37 s)

Time = 5.976044005e-06

    Collisions                      = 93435
    Collision candidates           = 166276
    Collision acceptance rate      = 0.5619271573

    Number of DSMC particles        = 1517804
    Number of stuck particles       = 0
    Number of free particles        = 1517804
    Average linear kinetic energy   = 1.729389116e-19
    Average rotational energy       = 4.514894357e-21
    Average vibrational energy      = 1.097540177e-24
    Average electronic energy       = 0
    Total energy                    = 0.001616050574

Stage 1.0  ExecutionTime = 30.33 s  ClockTime = 19 s  Iteration 90 (0.39 s)

Time = 6.640048894e-06

    Collisions                      = 100859
    Collision candidates           = 183967
    Collision acceptance rate      = 0.5482450657

    Number of DSMC particles        = 1540847
    Number of stuck particles       = 0
    Number of free particles        = 1540847
    Average linear kinetic energy   = 1.714284132e-19
    Average rotational energy       = 5.017497725e-21
    Average vibrational energy      = 1.111332002e-24
    Average electronic energy       = 0
    Total energy                    = 0.00163126719

Stage 1.0  ExecutionTime = 33.91 s  ClockTime = 21 s  Iteration 100 (0.39 s)

Time = 7.304053783e-06

    Collisions                      = 108289
    Collision candidates           = 199591
    Collision acceptance rate      = 0.542554524

    Number of DSMC particles        = 1563786
    Number of stuck particles       = 0
    Number of free particles        = 1563786
    Average linear kinetic energy   = 1.700051852e-19
    Average rotational energy       = 5.517026147e-21
    Average vibrational energy      = 1.403184868e-24
    Average electronic energy       = 0
    Total energy                    = 0.001646888226

Stage 1.0  ExecutionTime = 37.69 s  ClockTime = 23 s  Iteration 110 (0.43 s)

Time = 7.968058673e-06

    Collisions                      = 114923
    Collision candidates           = 214292
    Collision acceptance rate      = 0.5362916021

    Number of DSMC particles        = 1586514
    Number of stuck particles       = 0
    Number of free particles        = 1586514
    Average linear kinetic energy   = 1.686725993e-19
    Average rotational energy       = 6.026465319e-21
    Average vibrational energy      = 2.030507909e-24
    Average electronic energy       = 0
    Total energy                    = 0.001662994399

Stage 1.0  ExecutionTime = 41.7 s  ClockTime = 25 s  Iteration 120 (0.44 s)

Time = 8.632063562e-06

    Collisions                      = 122201
    Collision candidates           = 229508
    Collision acceptance rate      = 0.5324476707

    Number of DSMC particles        = 1609126
    Number of stuck particles       = 0
    Number of free particles        = 1609126
    Average linear kinetic energy   = 1.674258828e-19
    Average rotational energy       = 6.521860802e-21
    Average vibrational energy      = 2.195095926e-24
    Average electronic energy       = 0
    Total energy                    = 0.001679444214

Stage 1.0  ExecutionTime = 45.83 s  ClockTime = 27 s  Iteration 130 (0.45 s)

Time = 9.296068452e-06

    Collisions                      = 129669
    Collision candidates           = 244711
    Collision acceptance rate      = 0.529886274

    Number of DSMC particles        = 1631546
    Number of stuck particles       = 0
    Number of free particles        = 1631546
    Average linear kinetic energy   = 1.662464495e-19
    Average rotational energy       = 7.001843652e-21
    Average vibrational energy      = 3.15611161e-24
    Average electronic energy       = 0
    Total energy                    = 0.001696006255

Stage 1.0  ExecutionTime = 50.22 s  ClockTime = 30 s  Iteration 140 (0.53 s)

Time = 9.960073341e-06

    Collisions                      = 136216
    Collision candidates           = 259709
    Collision acceptance rate      = 0.5244947229

    Number of DSMC particles        = 1653973
    Number of stuck particles       = 0
    Number of free particles        = 1653973
    Average linear kinetic energy   = 1.651121624e-19
    Average rotational energy       = 7.47025063e-21
    Average vibrational energy      = 3.565065113e-24
    Average electronic energy       = 0
    Total energy                    = 0.001712715288

Stage 1.0  ExecutionTime = 54.77 s  ClockTime = 29 s  Iteration 150 (0.52 s)

Time = 1.062407823e-05

    Collisions                      = 144678
    Collision candidates           = 275312
    Collision acceptance rate      = 0.5255056082

    Number of DSMC particles        = 1675965
    Number of stuck particles       = 0
    Number of free particles        = 1675965
    Average linear kinetic energy   = 1.640396975e-19
    Average rotational energy       = 7.929488484e-21
    Average vibrational energy      = 3.870752879e-24
    Average electronic energy       = 0
    Total energy                    = 0.001729324944

Stage 1.0  ExecutionTime = 59.46 s  ClockTime = 32 s  Iteration 160 (0.52 s)

Time = 1.128808312e-05

    Collisions                      = 151770
    Collision candidates           = 289825
    Collision acceptance rate      = 0.5236608298

    Number of DSMC particles        = 1697685
    Number of stuck particles       = 0
    Number of free particles        = 1697685
    Average linear kinetic energy   = 1.630106954e-19
    Average rotational energy       = 8.363695687e-21
    Average vibrational energy      = 4.618163383e-24
    Average electronic energy       = 0
    Total energy                    = 0.00174568544

Stage 1.0  ExecutionTime = 64.43 s  ClockTime = 35 s  Iteration 170 (0.55 s)

Time = 1.195208801e-05

    Collisions                      = 158597
    Collision candidates           = 305141
    Collision acceptance rate      = 0.5197498861

    Number of DSMC particles        = 1719360
    Number of stuck particles       = 0
    Number of free particles        = 1719360
    Average linear kinetic energy   = 1.6201651e-19
    Average rotational energy       = 8.798646961e-21
    Average vibrational energy      = 5.47343217e-24
    Average electronic energy       = 0
    Total energy                    = 0.001762212955

Stage 1.0  ExecutionTime = 69.5 s  ClockTime = 37 s  Iteration 180 (0.58 s)

Time = 1.26160929e-05

    Collisions                      = 165733
    Collision candidates           = 318503
    Collision acceptance rate      = 0.5203498868

    Number of DSMC particles        = 1740940
    Number of stuck particles       = 0
    Number of free particles        = 1740940
    Average linear kinetic energy   = 1.610623467e-19
    Average rotational energy       = 9.226845322e-21
    Average vibrational energy      = 5.772664079e-24
    Average electronic energy       = 0
    Total energy                    = 0.001778839895

Stage 1.0  ExecutionTime = 74.76 s  ClockTime = 40 s  Iteration 190 (0.57 s)

Time = 1.328009779e-05

    Collisions                      = 171910
    Collision candidates           = 332185
    Collision acceptance rate      = 0.5175128317

    Number of DSMC particles        = 1761599
    Number of stuck particles       = 0
    Number of free particles        = 1761599
    Average linear kinetic energy   = 1.60145099e-19
    Average rotational energy       = 9.638524777e-21
    Average vibrational energy      = 6.508346726e-24
    Average electronic energy       = 0
    Total energy                    = 0.001794612762

Stage 1.0  ExecutionTime = 80.28 s  ClockTime = 43 s  Iteration 200 (0.61 s)

Time = 1.394410268e-05

    Collisions                      = 178457
    Collision candidates           = 345469
    Collision acceptance rate      = 0.5165644385


Phase C auto DLB triggered (SAR) at step 210: sar=0.0004740131868 loadImbalance=1.019331533 threshold=1.5
Phase C ParMETIS weights: particles=1782258 activeCells=60000 maxCellParticles=351
Phase C ParMETIS: alpha=0.8 ncon=2 ubvec=[1.049999952,1.5] moveRatio=0.5399443684 (moveT=21.3665694s, collT=18.20522846s)
Phase C ParMETIS: AdaptiveRepart (60000 cells, 2 constraints, ubvec=1.049999952)
Replicated mesh: rank 0 owns 16434 / 60000 cells
Local mesh: 16434 owned + 752 halo = 17186 / 60000 cells
Phase C ParMETIS AdaptiveRepart: 59580 / 60000 cells changed (0.993)
Phase C auto DLB complete: rebalance #2

    Number of DSMC particles        = 1782258
    Number of stuck particles       = 0
    Number of free particles        = 1782258
    Average linear kinetic energy   = 1.592690351e-19
    Average rotational energy       = 1.004587711e-20
    Average vibrational energy      = 7.366785325e-24
    Average electronic energy       = 0
    Total energy                    = 0.001810655918

Stage 1.0  ExecutionTime = 86.2 s  ClockTime = 47 s  Iteration 210 (1.02 s)

Time = 1.460810757e-05

    Collisions                      = 179568
    Collision candidates           = 323341
    Collision acceptance rate      = 0.5553517803

    Number of DSMC particles        = 1802741
    Number of stuck particles       = 0
    Number of free particles        = 1802741
    Average linear kinetic energy   = 1.585860795e-19
    Average rotational energy       = 1.029191729e-20
    Average vibrational energy      = 7.473537308e-24
    Average electronic energy       = 0
    Total energy                    = 0.00182674057

Stage 1.0  ExecutionTime = 90.02 s  ClockTime = 49 s  Iteration 220 (0.42 s)

Time = 1.527211246e-05

    Collisions                      = 191263
    Collision candidates           = 351561
    Collision acceptance rate      = 0.544039299

    Number of DSMC particles        = 1823007
    Number of stuck particles       = 0
    Number of free particles        = 1823007
    Average linear kinetic energy   = 1.577290476e-19
    Average rotational energy       = 1.068324181e-20
    Average vibrational energy      = 8.626908793e-24
    Average electronic energy       = 0
    Total energy                    = 0.001842195057

Stage 1.0  ExecutionTime = 94.17 s  ClockTime = 51 s  Iteration 230 (0.44 s)

Time = 1.593611735e-05

    Collisions                      = 199153
    Collision candidates           = 372882
    Collision acceptance rate      = 0.5340912138

    Number of DSMC particles        = 1843216
    Number of stuck particles       = 0
    Number of free particles        = 1843216
    Average linear kinetic energy   = 1.568436842e-19
    Average rotational energy       = 1.1079481e-20
    Average vibrational energy      = 9.182426291e-24
    Average electronic energy       = 0
    Total energy                    = 0.00185721354

Stage 1.0  ExecutionTime = 98.56 s  ClockTime = 53 s  Iteration 240 (0.5 s)

Time = 1.660012224e-05

    Collisions                      = 204198
    Collision candidates           = 386317
    Collision acceptance rate      = 0.5285762729

    Number of DSMC particles        = 1863191
    Number of stuck particles       = 0
    Number of free particles        = 1863191
    Average linear kinetic energy   = 1.559648344e-19
    Average rotational energy       = 1.14841714e-20
    Average vibrational energy      = 1.064521712e-23
    Average electronic energy       = 0
    Total energy                    = 0.001872055888

Stage 1.0  ExecutionTime = 103.26 s  ClockTime = 56 s  Iteration 250 (0.57 s)

Time = 1.726412712e-05

    Collisions                      = 208208
    Collision candidates           = 396105
    Collision acceptance rate      = 0.525638404

    Number of DSMC particles        = 1882803
    Number of stuck particles       = 0
    Number of free particles        = 1882803
    Average linear kinetic energy   = 1.551646608e-19
    Average rotational energy       = 1.186455037e-20
    Average vibrational energy      = 1.122077722e-23
    Average electronic energy       = 0
    Total energy                    = 0.001887025358

Stage 1.0  ExecutionTime = 108.3 s  ClockTime = 59 s  Iteration 260 (0.59 s)

Time = 1.792813201e-05

    Collisions                      = 212797
    Collision candidates           = 406777
    Collision acceptance rate      = 0.5231293805

    Number of DSMC particles        = 1902513
    Number of stuck particles       = 0
    Number of free particles        = 1902513
    Average linear kinetic energy   = 1.544040184e-19
    Average rotational energy       = 1.223076027e-20
    Average vibrational energy      = 1.19462601e-23
    Average electronic energy       = 0
    Total energy                    = 0.001902285364

Stage 1.0  ExecutionTime = 113.29 s  ClockTime = 59 s  Iteration 270 (0.58 s)

Time = 1.85921369e-05

    Collisions                      = 216829
    Collision candidates           = 416142
    Collision acceptance rate      = 0.5210457007

    Number of DSMC particles        = 1921848
    Number of stuck particles       = 0
    Number of free particles        = 1921848
    Average linear kinetic energy   = 1.536678452e-19
    Average rotational energy       = 1.260321104e-20
    Average vibrational energy      = 1.341324225e-23
    Average electronic energy       = 0
    Total energy                    = 0.001917440851

Stage 1.0  ExecutionTime = 118.74 s  ClockTime = 62 s  Iteration 280 (0.57 s)

Time = 1.925614179e-05

    Collisions                      = 220965
    Collision candidates           = 426447
    Collision acceptance rate      = 0.5181534868

    Number of DSMC particles        = 1940931
    Number of stuck particles       = 0
    Number of free particles        = 1940931
    Average linear kinetic energy   = 1.52922825e-19
    Average rotational energy       = 1.298182545e-20
    Average vibrational energy      = 1.444343548e-23
    Average electronic energy       = 0
    Total energy                    = 0.001932225077

Stage 1.0  ExecutionTime = 124.14 s  ClockTime = 65 s  Iteration 290 (0.66 s)

Time = 1.992014668e-05

    Collisions                      = 226017
    Collision candidates           = 435612
    Collision acceptance rate      = 0.518849343

    Number of DSMC particles        = 1960011
    Number of stuck particles       = 0
    Number of free particles        = 1960011
    Average linear kinetic energy   = 1.522494709e-19
    Average rotational energy       = 1.333169172e-20
    Average vibrational energy      = 1.48265199e-23
    Average electronic energy       = 0
    Total energy                    = 0.001947419762

Stage 1.0  ExecutionTime = 129.62 s  ClockTime = 68 s  Iteration 300 (0.64 s)

End stage 1


DSMC solver profile summary
    solver profile steps          = 300
    move+collide wall [s]         = 67.64537118
    move only [s]                 = 41.33593656
    buildCellOccupancy [s]        = 3.671966689
    collision phase [s]           = 25.2557993
    post fields/output [s]        = 0.561223661
    total profiled [s]            = 70.82492621
    full evolve wall [s]          = 68.2018689
    move+collide cpu [s]          = 123.22
    move only cpu [s]             = 75.33
    buildCellOccupancy cpu [s]    = 6.43
    collision phase cpu [s]       = 46.18
    post fields/output cpu [s]    = 1.09
    total profiled cpu [s]        = 129.03
    full evolve cpu [s]           = 124.11
    OpenMP enabled                = 1
    OpenMP max threads            = 2
    OpenMP move                   = 1 (static, chunk 64)
    OpenMP collision              = dynamic, chunk 8


Replicated mesh profiling summary:
    migration calls             = 33
    migration wall time [s]     = 2.727587714
    local particles (final)     = 419090
    particles per rank          = min 419090 max 530812 max/min 1.266582357
    rank wall time (evolve, 300 steps): min 122.14 max 122.32 max/min 1.001473719
    Phase C auto DLB checks      = 300
    Phase C auto DLB rebalances = 2
    Phase C auto DLB triggered checks = 2
    Phase C auto DLB wall max [s]= 0.584295893
    Phase C auto DLB check max [s]= 0.007980211
    Phase C ParMETIS max [s]     = 0.164898933
    Phase C migration max [s]    = 0.434073409
    Phase C cellOwner write max [s] = 0
    Phase C post-diagnostic max [s] = 0.000151614
    Phase C auto DLB accounted max [s] = 0.607104167
    Phase C auto DLB residual max [s] = -0.022808274

Total Iterations = 300
End main

real 67.91
user 494.78
sys 24.53
