case=zb
mode=MPI8
rep=2
np=8
OMP_NUM_THREADS=1
case_dir=/home/superxcx/code/OpenFoam/OF-1706/hyStrath_dlb/run/hyStrath/dsmcFoam+/xcx_test/zb-cylinder-react/mpi8
controlDict=/home/superxcx/code/OpenFoam/OF-1706/hyStrath_dlb/doc/worklog/v2506/detail_mix/repeat_nowrite_compute_20260610_parmetisfix_clean/controlDicts/zb_MPI8_rep2_controlDict
start=2026-06-10T23:49:19+08:00
/*---------------------------------------------------------------------------*\
| =========                 |                                                 |
| \\      /  F ield         | OpenFOAM: The Open Source CFD Toolbox           |
|  \\    /   O peration     | Version:  v1706                                 |
|   \\  /    A nd           | Web:      www.OpenFOAM.com                      |
|    \\/     M anipulation  |                                                 |
\*---------------------------------------------------------------------------*/
Build  : v1706
Arch   : "LSB;label=32;scalar=64"
Exec   : dsmcFoam+
Date   : Jun 10 2026
Time   : 23:49:19
Host   : "SuperXCX-ROG"
PID    : 100419
/*---------------------------------------------------------------------------*\
| =========                 |                                                 |
| \\      /  F ield         | OpenFOAM: The Open Source CFD Toolbox           |
|  \\    /   O peration     | Version:  v1706                                 |
|   \\  /    A nd           | Web:      www.OpenFOAM.com                      |
|    \\/     M anipulation  |                                                 |
\*---------------------------------------------------------------------------*/
Build  : v1706
Arch   : "LSB;label=32;scalar=64"
Exec   : dsmcFoam+
Date   : Jun 10 2026
Time   : 23:49:19
Host   : "SuperXCX-ROG"
PID    : 100422
/*---------------------------------------------------------------------------*\
| =========                 |                                                 |
| \\      /  F ield         | OpenFOAM: The Open Source CFD Toolbox           |
|  \\    /   O peration     | Version:  v1706                                 |
|   \\  /    A nd           | Web:      www.OpenFOAM.com                      |
|    \\/     M anipulation  |                                                 |
\*---------------------------------------------------------------------------*/
Build  : v1706
Arch   : "LSB;label=32;scalar=64"
Exec   : dsmcFoam+
Date   : Jun 10 2026
Time   : 23:49:19
Host   : "SuperXCX-ROG"
PID    : 100423
/*---------------------------------------------------------------------------*\
| =========                 |                                                 |
| \\      /  F ield         | OpenFOAM: The Open Source CFD Toolbox           |
|  \\    /   O peration     | Version:  v1706                                 |
|   \\  /    A nd           | Web:      www.OpenFOAM.com                      |
|    \\/     M anipulation  |                                                 |
\*---------------------------------------------------------------------------*/
Build  : v1706
Arch   : "LSB;label=32;scalar=64"
Exec   : dsmcFoam+
Date   : Jun 10 2026
Time   : 23:49:19
Host   : "SuperXCX-ROG"
PID    : 100424
/*---------------------------------------------------------------------------*\
| =========                 |                                                 |
| \\      /  F ield         | OpenFOAM: The Open Source CFD Toolbox           |
|  \\    /   O peration     | Version:  v1706                                 |
|   \\  /    A nd           | Web:      www.OpenFOAM.com                      |
|    \\/     M anipulation  |                                                 |
\*---------------------------------------------------------------------------*/
Build  : v1706
Arch   : "LSB;label=32;scalar=64"
Exec   : dsmcFoam+
Date   : Jun 10 2026
Time   : 23:49:19
Host   : "SuperXCX-ROG"
PID    : 100418
/*---------------------------------------------------------------------------*\
| =========                 |                                                 |
| \\      /  F ield         | OpenFOAM: The Open Source CFD Toolbox           |
|  \\    /   O peration     | Version:  v1706                                 |
|   \\  /    A nd           | Web:      www.OpenFOAM.com                      |
|    \\/     M anipulation  |                                                 |
\*---------------------------------------------------------------------------*/
Build  : v1706
Arch   : "LSB;label=32;scalar=64"
Exec   : dsmcFoam+
Date   : Jun 10 2026
Time   : 23:49:19
Host   : "SuperXCX-ROG"
PID    : 100420
Case   : /home/superxcx/code/OpenFoam/OF-1706/hyStrath_dlb/run/hyStrath/dsmcFoam+/xcx_test/zb-cylinder-react/mpi8
nProcs : 1
sigFpe : Enabling floating point exception trapping (FOAM_SIGFPE).
Case   : /home/superxcx/code/OpenFoam/OF-1706/hyStrath_dlb/run/hyStrath/dsmcFoam+/xcx_test/zb-cylinder-react/mpi8
nProcs : 1
sigFpe : Enabling floating point exception trapping (FOAM_SIGFPE).
Case   : /home/superxcx/code/OpenFoam/OF-1706/hyStrath_dlb/run/hyStrath/dsmcFoam+/xcx_test/zb-cylinder-react/mpi8
nProcs : 1
Case   : /home/superxcx/code/OpenFoam/OF-1706/hyStrath_dlb/run/hyStrath/dsmcFoam+/xcx_test/zb-cylinder-react/mpi8
nProcs : 1
sigFpe : Enabling floating point exception trapping (FOAM_SIGFPE).
fileModificationChecking : Monitoring run-time modified files using timeStampMaster (fileModificationSkew 10)
allowSystemOperations : Allowing user-supplied system call operations

fileModificationChecking : Monitoring run-time modified files using timeStampMaster (fileModificationSkew 10)
allowSystemOperations : Allowing user-supplied system call operations

fileModificationChecking : Monitoring run-time modified files using timeStampMaster (fileModificationSkew 10)
allowSystemOperations : Allowing user-supplied system call operations

sigFpe : Enabling floating point exception trapping (FOAM_SIGFPE).
// * * * * * * * * * * * * * * * * * * * * * * * * * * * * * * * * * * * * * //
Create time

// * * * * * * * * * * * * * * * * * * * * * * * * * * * * * * * * * * * * * //
Create time

// * * * * * * * * * * * * * * * * * * * * * * * * * * * * * * * * * * * * * //
Create time

Case   : /home/superxcx/code/OpenFoam/OF-1706/hyStrath_dlb/run/hyStrath/dsmcFoam+/xcx_test/zb-cylinder-react/mpi8
nProcs : 1
fileModificationChecking : Monitoring run-time modified files using timeStampMaster (fileModificationSkew 10)
allowSystemOperations : Allowing user-supplied system call operations

sigFpe : Enabling floating point exception trapping (FOAM_SIGFPE).
// * * * * * * * * * * * * * * * * * * * * * * * * * * * * * * * * * * * * * //
Create time

fileModificationChecking : Monitoring run-time modified files using timeStampMaster (fileModificationSkew 10)
allowSystemOperations : Allowing user-supplied system call operations

// * * * * * * * * * * * * * * * * * * * * * * * * * * * * * * * * * * * * * //
Create time

Case   : /home/superxcx/code/OpenFoam/OF-1706/hyStrath_dlb/run/hyStrath/dsmcFoam+/xcx_test/zb-cylinder-react/mpi8
nProcs : 1
sigFpe : Enabling floating point exception trapping (FOAM_SIGFPE).
/*---------------------------------------------------------------------------*\
| =========                 |                                                 |
| \\      /  F ield         | OpenFOAM: The Open Source CFD Toolbox           |
|  \\    /   O peration     | Version:  v1706                                 |
|   \\  /    A nd           | Web:      www.OpenFOAM.com                      |
|    \\/     M anipulation  |                                                 |
\*---------------------------------------------------------------------------*/
Build  : v1706
Arch   : "LSB;label=32;scalar=64"
Exec   : dsmcFoam+
Date   : Jun 10 2026
Time   : 23:49:19
Host   : "SuperXCX-ROG"
PID    : 100421
/*---------------------------------------------------------------------------*\
| =========                 |                                                 |
| \\      /  F ield         | OpenFOAM: The Open Source CFD Toolbox           |
|  \\    /   O peration     | Version:  v1706                                 |
|   \\  /    A nd           | Web:      www.OpenFOAM.com                      |
|    \\/     M anipulation  |                                                 |
\*---------------------------------------------------------------------------*/
Build  : v1706
Arch   : "LSB;label=32;scalar=64"
Exec   : dsmcFoam+
Date   : Jun 10 2026
Time   : 23:49:19
Host   : "SuperXCX-ROG"
PID    : 100425
fileModificationChecking : Monitoring run-time modified files using timeStampMaster (fileModificationSkew 10)
allowSystemOperations : Allowing user-supplied system call operations

// * * * * * * * * * * * * * * * * * * * * * * * * * * * * * * * * * * * * * //
Create time

Case   : /home/superxcx/code/OpenFoam/OF-1706/hyStrath_dlb/run/hyStrath/dsmcFoam+/xcx_test/zb-cylinder-react/mpi8
nProcs : 1
Case   : /home/superxcx/code/OpenFoam/OF-1706/hyStrath_dlb/run/hyStrath/dsmcFoam+/xcx_test/zb-cylinder-react/mpi8
nProcs : 1
sigFpe : Enabling floating point exception trapping (FOAM_SIGFPE).
sigFpe : Enabling floating point exception trapping (FOAM_SIGFPE).
fileModificationChecking : Monitoring run-time modified files using timeStampMaster (fileModificationSkew 10)
allowSystemOperations : Allowing user-supplied system call operations

fileModificationChecking : Monitoring run-time modified files using timeStampMaster (fileModificationSkew 10)
allowSystemOperations : Allowing user-supplied system call operations

// * * * * * * * * * * * * * * * * * * * * * * * * * * * * * * * * * * * * * //
Create time

// * * * * * * * * * * * * * * * * * * * * * * * * * * * * * * * * * * * * * //
Create time

Create mesh for time = 0

Create mesh for time = 0

Create mesh for time = 0

Create mesh for time = 0

Selecting dynamicFvMesh dynamicRefineFvMesh
Create mesh for time = 0

Selecting dynamicFvMesh dynamicRefineFvMesh
Create mesh for time = 0

Selecting dynamicFvMesh dynamicRefineFvMesh
Selecting dynamicFvMesh dynamicRefineFvMesh
Selecting dynamicFvMesh dynamicRefineFvMesh
Create mesh for time = 0

Create mesh for time = 0

Selecting dynamicFvMesh dynamicRefineFvMesh
Selecting dynamicFvMesh dynamicRefineFvMesh
Selecting dynamicFvMesh dynamicRefineFvMesh

Constructing dsmcCloud 

Constructing dsmcCloud 

Constructing dsmcCloud 

Constructing dsmcCloud 

Constructing dsmcCloud 

Constructing dsmcCloud 

Constructing dsmcCloud 

Constructing dsmcCloud 
Selecting the coordinate system model:	dsmcCartesian

Selecting the time-step model:	dsmcConstantTimeStepModel

Constant time-step model:
- time-step [sec]	6.640048894e-08

Selecting the porous measurement model:	dsmcNoPorousMediumMeasurements


Creating dsmcControllers

Creating fields: 

Selecting field: dsmcVolFields

TimeData Statistics: 
 measurement option: write
 nSamples: 1, time interval: 6.640048894e-08
 nAverages: 15060, time interval: 0.0009999913634
 total no. of sampling steps: 0
 total no. of averaging Steps: 0


Selecting the coordinate system model:	dsmcCartesian

Selecting the time-step model:	dsmcConstantTimeStepModel

Constant time-step model:
- time-step [sec]	6.640048894e-08

Selecting the porous measurement model:	dsmcNoPorousMediumMeasurements

Selecting field: dsmcVolFields

TimeData Statistics: 
 measurement option: write
 nSamples: 1, time interval: 6.640048894e-08
 nAverages: 15060, time interval: 0.0009999913634
 total no. of sampling steps: 0
 total no. of averaging Steps: 0



Creating dsmcControllers

Creating fields: 

Selecting field: dsmcVolFields

TimeData Statistics: 
 measurement option: write
 nSamples: 1, time interval: 6.640048894e-08
 nAverages: 15060, time interval: 0.0009999913634
 total no. of sampling steps: 0
 total no. of averaging Steps: 0


Selecting field: dsmcVolFields

TimeData Statistics: 
 measurement option: write
 nSamples: 1, time interval: 6.640048894e-08
 nAverages: 15060, time interval: 0.0009999913634
 total no. of sampling steps: 0
 total no. of averaging Steps: 0


Selecting the coordinate system model:	dsmcCartesian

Selecting the time-step model:	dsmcConstantTimeStepModel

Constant time-step model:
- time-step [sec]	6.640048894e-08

Selecting the porous measurement model:	dsmcNoPorousMediumMeasurements

Selecting field: dsmcVolFields

TimeData Statistics: 
 measurement option: write
 nSamples: 1, time interval: 6.640048894e-08
 nAverages: 15060, time interval: 0.0009999913634
 total no. of sampling steps: 0
 total no. of averaging Steps: 0



Creating dsmcControllers

Creating fields: 

Selecting field: dsmcVolFields

TimeData Statistics: 
 measurement option: write
 nSamples: 1, time interval: 6.640048894e-08
 nAverages: 15060, time interval: 0.0009999913634
 total no. of sampling steps: 0
 total no. of averaging Steps: 0


Selecting the coordinate system model:	dsmcCartesian

Selecting the time-step model:	dsmcConstantTimeStepModel

Constant time-step model:
- time-step [sec]	6.640048894e-08

Selecting the porous measurement model:	dsmcNoPorousMediumMeasurements


Creating dsmcControllers

Creating fields: 

Selecting field: dsmcVolFields

TimeData Statistics: 
 measurement option: write
 nSamples: 1, time interval: 6.640048894e-08
 nAverages: 15060, time interval: 0.0009999913634
 total no. of sampling steps: 0
 total no. of averaging Steps: 0


Selecting field: dsmcVolFields

TimeData Statistics: 
 measurement option: write
 nSamples: 1, time interval: 6.640048894e-08
 nAverages: 15060, time interval: 0.0009999913634
 total no. of sampling steps: 0
 total no. of averaging Steps: 0


Selecting field: dsmcVolFields

TimeData Statistics: 
 measurement option: write
 nSamples: 1, time interval: 6.640048894e-08
 nAverages: 15060, time interval: 0.0009999913634
 total no. of sampling steps: 0
 total no. of averaging Steps: 0


Selecting field: dsmcVolFields

TimeData Statistics: 
 measurement option: write
 nSamples: 1, time interval: 6.640048894e-08
 nAverages: 15060, time interval: 0.0009999913634
 total no. of sampling steps: 0
 total no. of averaging Steps: 0


Selecting field: dsmcVolFields

TimeData Statistics: 
 measurement option: write
 nSamples: 1, time interval: 6.640048894e-08
 nAverages: 15060, time interval: 0.0009999913634
 total no. of sampling steps: 0
 total no. of averaging Steps: 0


Selecting field: dsmcVolFields

TimeData Statistics: 
 measurement option: write
 nSamples: 1, time interval: 6.640048894e-08
 nAverages: 15060, time interval: 0.0009999913634
 total no. of sampling steps: 0
 total no. of averaging Steps: 0


Selecting field: dsmcVolFields

TimeData Statistics: 
 measurement option: write
 nSamples: 1, time interval: 6.640048894e-08
 nAverages: 15060, time interval: 0.0009999913634
 total no. of sampling steps: 0
 total no. of averaging Steps: 0


Selecting field: dsmcVolFields

TimeData Statistics: 
 measurement option: write
 nSamples: 1, time interval: 6.640048894e-08
 nAverages: 15060, time interval: 0.0009999913634
 total no. of sampling steps: 0
 total no. of averaging Steps: 0


Selecting the coordinate system model:	dsmcCartesian

Selecting the time-step model:	dsmcConstantTimeStepModel

Constant time-step model:
- time-step [sec]	6.640048894e-08

Selecting the porous measurement model:	dsmcNoPorousMediumMeasurements


Creating dsmcControllers

Creating fields: 

Selecting field: dsmcVolFields

TimeData Statistics: 
 measurement option: write
 nSamples: 1, time interval: 6.640048894e-08
 nAverages: 15060, time interval: 0.0009999913634
 total no. of sampling steps: 0
 total no. of averaging Steps: 0


Selecting the coordinate system model:	dsmcCartesian

Selecting the time-step model:	dsmcConstantTimeStepModel

Constant time-step model:
- time-step [sec]	6.640048894e-08

Selecting the porous measurement model:	dsmcNoPorousMediumMeasurements


Creating dsmcControllers

Creating fields: 

Selecting field: dsmcVolFields

TimeData Statistics: 
 measurement option: write
 nSamples: 1, time interval: 6.640048894e-08
 nAverages: 15060, time interval: 0.0009999913634
 total no. of sampling steps: 0
 total no. of averaging Steps: 0


Selecting field: dsmcVolFields

TimeData Statistics: 
 measurement option: write
 nSamples: 1, time interval: 6.640048894e-08
 nAverages: 15060, time interval: 0.0009999913634
 total no. of sampling steps: 0
 total no. of averaging Steps: 0


Selecting field: dsmcVolFields

TimeData Statistics: 
 measurement option: write
 nSamples: 1, time interval: 6.640048894e-08
 nAverages: 15060, time interval: 0.0009999913634
 total no. of sampling steps: 0
 total no. of averaging Steps: 0


Selecting field: dsmcVolFields

TimeData Statistics: 
 measurement option: write
 nSamples: 1, time interval: 6.640048894e-08
 nAverages: 15060, time interval: 0.0009999913634
 total no. of sampling steps: 0
 total no. of averaging Steps: 0


Selecting field: dsmcVolFields

TimeData Statistics: 
 measurement option: write
 nSamples: 1, time interval: 6.640048894e-08
 nAverages: 15060, time interval: 0.0009999913634
 total no. of sampling steps: 0
 total no. of averaging Steps: 0


Selecting the coordinate system model:	dsmcCartesian

Selecting the time-step model:	dsmcConstantTimeStepModel

Constant time-step model:
- time-step [sec]	6.640048894e-08

Selecting the porous measurement model:	dsmcNoPorousMediumMeasurements


Creating dsmcControllers

Selecting field: dsmcVolFields

TimeData Statistics: 
 measurement option: write
 nSamples: 1, time interval: 6.640048894e-08
 nAverages: 15060, time interval: 0.0009999913634
 total no. of sampling steps: 0
 total no. of averaging Steps: 0


Creating fields: 

Selecting field: dsmcVolFields

TimeData Statistics: 
 measurement option: write
 nSamples: 1, time interval: 6.640048894e-08
 nAverages: 15060, time interval: 0.0009999913634
 total no. of sampling steps: 0
 total no. of averaging Steps: 0


Selecting field: dsmcVolFields

TimeData Statistics: 
 measurement option: write
 nSamples: 1, time interval: 6.640048894e-08
 nAverages: 15060, time interval: 0.0009999913634
 total no. of sampling steps: 0
 total no. of averaging Steps: 0


Selecting field: dsmcVolFields

TimeData Statistics: 
 measurement option: write
 nSamples: 1, time interval: 6.640048894e-08
 nAverages: 15060, time interval: 0.0009999913634
 total no. of sampling steps: 0
 total no. of averaging Steps: 0


Selecting field: dsmcVolFields

TimeData Statistics: 
 measurement option: write
Selecting field: dsmcVolFields

TimeData Statistics: 
 measurement option: write
 nSamples: 1, time interval: 6.640048894e-08
 nAverages: 15060, time interval: 0.0009999913634
 total no. of sampling steps: 0
 total no. of averaging Steps: 0


 nSamples: 1, time interval: 6.640048894e-08
 nAverages: 15060, time interval: 0.0009999913634
 total no. of sampling steps: 0
 total no. of averaging Steps: 0


Creating the boundary models: 

Selecting dsmcPatchBoundaryModel dsmcDeletionPatch
Selecting dsmcPatchBoundaryModel dsmcDeletionPatch
Selecting dsmcPatchBoundaryModel dsmcDiffuseWallPatch
Selecting dsmcGeneralBoundaryModel dsmcFreeStreamInflowPatch
Selecting BinaryCollisionModel LarsenBorgnakkeVariableHardSphere

Creating dsmcReactions

Selecting the reaction model dissociationQK
Selecting the reaction model dissociationExchangeQK
Selecting the reaction model dissociationQK
Selecting the reaction model dissociationQK
Selecting the reaction model dissociationQK
Selecting the reaction model dissociationQK
Selecting the reaction model dissociationQK
Selecting the reaction model dissociationExchangeQK
Selecting the reaction model dissociationQK
Selecting the reaction model dissociationExchangeQK
Selecting the reaction model dissociationExchangeQK
Selecting the reaction model dissociationQK
Number of reactions created: 12
Selecting field: dsmcVolFields

TimeData Statistics: 
 measurement option: write
 nSamples: 1, time interval: 6.640048894e-08
 nAverages: 15060, time interval: 0.0009999913634
 total no. of sampling steps: 0
 total no. of averaging Steps: 0


Selecting field: dsmcVolFields

TimeData Statistics: 
 measurement option: write
 nSamples: 1, time interval: 6.640048894e-08
 nAverages: 15060, time interval: 0.0009999913634
 total no. of sampling steps: 0
 total no. of averaging Steps: 0


Selecting field: dsmcVolFields

TimeData Statistics: 
 measurement option: write
 nSamples: 1, time interval: 6.640048894e-08
 nAverages: 15060, time interval: 0.0009999913634
 total no. of sampling steps: 0
 total no. of averaging Steps: 0


Selecting the coordinate system model:	dsmcCartesian

Selecting the time-step model:	dsmcConstantTimeStepModel

Selecting field: dsmcVolFields

TimeData Statistics: 
 measurement option: write
 nSamples: 1, time interval: 6.640048894e-08
 nAverages: 15060, time interval: 0.0009999913634
 total no. of sampling steps: 0
 total no. of averaging Steps: 0


Constant time-step model:
- time-step [sec]	6.640048894e-08

Selecting the porous measurement model:	dsmcNoPorousMediumMeasurements

Selecting field: dsmcVolFields

TimeData Statistics: 
 measurement option: write
 nSamples: 1, time interval: 6.640048894e-08
 nAverages: 15060, time interval: 0.0009999913634
 total no. of sampling steps: 0
 total no. of averaging Steps: 0


Creating the boundary models: 

Selecting dsmcPatchBoundaryModel dsmcDeletionPatch
Selecting dsmcPatchBoundaryModel dsmcDeletionPatch
Selecting dsmcPatchBoundaryModel dsmcDiffuseWallPatch
Selecting dsmcGeneralBoundaryModel dsmcFreeStreamInflowPatch

Creating dsmcControllers

Creating fields: 

Selecting field: dsmcVolFields

TimeData Statistics: 
 measurement option: write
 nSamples: 1, time interval: 6.640048894e-08
 nAverages: 15060, time interval: 0.0009999913634
 total no. of sampling steps: 0
 total no. of averaging Steps: 0


Selecting BinaryCollisionModel LarsenBorgnakkeVariableHardSphere

Creating dsmcReactions

Selecting the reaction model dissociationQK
Selecting the reaction model dissociationExchangeQK
Selecting the reaction model dissociationQK
Selecting the reaction model dissociationQK
Selecting the reaction model dissociationQK
Selecting the reaction model dissociationQK
Selecting the reaction model dissociationQK
Selecting the reaction model dissociationExchangeQK
Selecting the reaction model dissociationQK
Selecting the reaction model dissociationExchangeQK
Selecting the reaction model dissociationExchangeQK
Selecting the reaction model dissociationQK
Number of reactions created: 12
Selecting field: dsmcVolFields

TimeData Statistics: 
 measurement option: write
 nSamples: 1, time interval: 6.640048894e-08
 nAverages: 15060, time interval: 0.0009999913634
 total no. of sampling steps: 0
 total no. of averaging Steps: 0


Selecting field: dsmcVolFields

TimeData Statistics: 
 measurement option: write
 nSamples: 1, time interval: 6.640048894e-08
 nAverages: 15060, time interval: 0.0009999913634
 total no. of sampling steps: 0
 total no. of averaging Steps: 0


Selecting field: dsmcVolFields

TimeData Statistics: 
 measurement option: write
 nSamples: 1, time interval: 6.640048894e-08
 nAverages: 15060, time interval: 0.0009999913634
 total no. of sampling steps: 0
 total no. of averaging Steps: 0


Creating the boundary models: 

Selecting dsmcPatchBoundaryModel dsmcDeletionPatch
Selecting dsmcPatchBoundaryModel dsmcDeletionPatch
Selecting dsmcPatchBoundaryModel dsmcDiffuseWallPatch
Selecting dsmcGeneralBoundaryModel dsmcFreeStreamInflowPatch
Selecting field: dsmcVolFields

TimeData Statistics: 
 measurement option: write
 nSamples: 1, time interval: 6.640048894e-08
 nAverages: 15060, time interval: 0.0009999913634
 total no. of sampling steps: 0
 total no. of averaging Steps: 0


Selecting field: dsmcVolFields

TimeData Statistics: 
 measurement option: write
 nSamples: 1, time interval: 6.640048894e-08
 nAverages: 15060, time interval: 0.0009999913634
 total no. of sampling steps: 0
 total no. of averaging Steps: 0


Selecting BinaryCollisionModel LarsenBorgnakkeVariableHardSphere

Creating dsmcReactions

Selecting the reaction model dissociationQK
Selecting the reaction model dissociationExchangeQK
Selecting the reaction model dissociationQK
Selecting the reaction model dissociationQK
Selecting the reaction model dissociationQK
Selecting the reaction model dissociationQK
Selecting the reaction model dissociationQK
Selecting the reaction model dissociationExchangeQK
Selecting the reaction model dissociationQK
Selecting the reaction model dissociationExchangeQK
Selecting the reaction model dissociationExchangeQK
Selecting the reaction model dissociationQK
Number of reactions created: 12
Selecting field: dsmcVolFields

TimeData Statistics: 
 measurement option: write
 nSamples: 1, time interval: 6.640048894e-08
 nAverages: 15060, time interval: 0.0009999913634
 total no. of sampling steps: 0
 total no. of averaging Steps: 0


Selecting field: dsmcVolFields

TimeData Statistics: 
 measurement option: write
 nSamples: 1, time interval: 6.640048894e-08
 nAverages: 15060, time interval: 0.0009999913634
 total no. of sampling steps: 0
 total no. of averaging Steps: 0


Creating the boundary models: 

Selecting dsmcPatchBoundaryModel dsmcDeletionPatch
Selecting dsmcPatchBoundaryModel dsmcDeletionPatch
Selecting dsmcPatchBoundaryModel dsmcDiffuseWallPatch
Selecting dsmcGeneralBoundaryModel dsmcFreeStreamInflowPatch
Selecting field: dsmcVolFields

TimeData Statistics: 
 measurement option: write
 nSamples: 1, time interval: 6.640048894e-08
 nAverages: 15060, time interval: 0.0009999913634
 total no. of sampling steps: 0
 total no. of averaging Steps: 0


Selecting BinaryCollisionModel LarsenBorgnakkeVariableHardSphere

Creating dsmcReactions

Selecting the reaction model dissociationQK
Selecting the reaction model dissociationExchangeQK
Selecting the reaction model dissociationQK
Selecting the reaction model dissociationQK
Selecting the reaction model dissociationQK
Selecting the reaction model dissociationQK
Selecting the reaction model dissociationQK
Selecting the reaction model dissociationExchangeQK
Selecting the reaction model dissociationQK
Selecting the reaction model dissociationExchangeQK
Selecting the reaction model dissociationExchangeQK
Selecting the reaction model dissociationQK
Number of reactions created: 12
Selecting field: dsmcVolFields

TimeData Statistics: 
 measurement option: write
 nSamples: 1, time interval: 6.640048894e-08
 nAverages: 15060, time interval: 0.0009999913634
 total no. of sampling steps: 0
 total no. of averaging Steps: 0


Selecting field: dsmcVolFields

TimeData Statistics: 
 measurement option: write
 nSamples: 1, time interval: 6.640048894e-08
 nAverages: 15060, time interval: 0.0009999913634
 total no. of sampling steps: 0
 total no. of averaging Steps: 0


Selecting field: dsmcVolFields

TimeData Statistics: 
 measurement option: write
 nSamples: 1, time interval: 6.640048894e-08
 nAverages: 15060, time interval: 0.0009999913634
 total no. of sampling steps: 0
 total no. of averaging Steps: 0


Selecting field: dsmcVolFields

TimeData Statistics: 
 measurement option: write
 nSamples: 1, time interval: 6.640048894e-08
 nAverages: 15060, time interval: 0.0009999913634
 total no. of sampling steps: 0
 total no. of averaging Steps: 0


Selecting field: dsmcVolFields

TimeData Statistics: 
 measurement option: write
 nSamples: 1, time interval: 6.640048894e-08
 nAverages: 15060, time interval: 0.0009999913634
 total no. of sampling steps: 0
 total no. of averaging Steps: 0


Selecting field: dsmcVolFields

TimeData Statistics: 
 measurement option: write
 nSamples: 1, time interval: 6.640048894e-08
 nAverages: 15060, time interval: 0.0009999913634
 total no. of sampling steps: 0
 total no. of averaging Steps: 0


Creating the boundary models: 

Selecting dsmcPatchBoundaryModel dsmcDeletionPatch
Selecting dsmcPatchBoundaryModel dsmcDeletionPatch
Selecting dsmcPatchBoundaryModel dsmcDiffuseWallPatch
Selecting dsmcGeneralBoundaryModel dsmcFreeStreamInflowPatch
Selecting BinaryCollisionModel LarsenBorgnakkeVariableHardSphere

Creating dsmcReactions

Selecting the reaction model dissociationQK
Selecting the reaction model dissociationExchangeQK
Selecting the reaction model dissociationQK
Selecting the reaction model dissociationQK
Selecting the reaction model dissociationQK
Selecting the reaction model dissociationQK
Selecting the reaction model dissociationQK
Selecting the reaction model dissociationExchangeQK
Selecting the reaction model dissociationQK
Selecting the reaction model dissociationExchangeQK
Selecting the reaction model dissociationExchangeQK
Selecting the reaction model dissociationQK
Number of reactions created: 12
Creating the boundary models: 

Selecting dsmcPatchBoundaryModel dsmcDeletionPatch
Selecting dsmcPatchBoundaryModel dsmcDeletionPatch
Selecting dsmcPatchBoundaryModel dsmcDiffuseWallPatch
Selecting dsmcGeneralBoundaryModel dsmcFreeStreamInflowPatch
Selecting field: dsmcVolFields

TimeData Statistics: 
 measurement option: write
 nSamples: 1, time interval: 6.640048894e-08
 nAverages: 15060, time interval: 0.0009999913634
 total no. of sampling steps: 0
 total no. of averaging Steps: 0


Selecting BinaryCollisionModel LarsenBorgnakkeVariableHardSphere

Creating dsmcReactions

Selecting the reaction model dissociationQK
Selecting the reaction model dissociationExchangeQK
Selecting the reaction model dissociationQK
Selecting the reaction model dissociationQK
Selecting the reaction model dissociationQK
Selecting the reaction model dissociationQK
Selecting the reaction model dissociationQK
Selecting the reaction model dissociationExchangeQK
Selecting the reaction model dissociationQK
Selecting the reaction model dissociationExchangeQK
Selecting the reaction model dissociationExchangeQK
Selecting the reaction model dissociationQK
Number of reactions created: 12
Creating the boundary models: 

Selecting dsmcPatchBoundaryModel dsmcDeletionPatch
Selecting dsmcPatchBoundaryModel dsmcDeletionPatch
Selecting dsmcPatchBoundaryModel dsmcDiffuseWallPatch
Selecting dsmcGeneralBoundaryModel dsmcFreeStreamInflowPatch
Selecting BinaryCollisionModel LarsenBorgnakkeVariableHardSphere

Creating dsmcReactions

Selecting the reaction model dissociationQK
Selecting the reaction model dissociationExchangeQK
Selecting the reaction model dissociationQK
Selecting the reaction model dissociationQK
Selecting the reaction model dissociationQK
Selecting the reaction model dissociationQK
Selecting the reaction model dissociationQK
Selecting the reaction model dissociationExchangeQK
Selecting the reaction model dissociationQK
Selecting the reaction model dissociationExchangeQK
Selecting the reaction model dissociationExchangeQK
Selecting the reaction model dissociationQK
Number of reactions created: 12
Selecting field: dsmcVolFields

TimeData Statistics: 
 measurement option: write
 nSamples: 1, time interval: 6.640048894e-08
 nAverages: 15060, time interval: 0.0009999913634
 total no. of sampling steps: 0
 total no. of averaging Steps: 0


Creating the boundary models: 

Selecting dsmcPatchBoundaryModel dsmcDeletionPatch
Selecting dsmcPatchBoundaryModel dsmcDeletionPatch
Selecting dsmcPatchBoundaryModel dsmcDiffuseWallPatch
Selecting dsmcGeneralBoundaryModel dsmcFreeStreamInflowPatch
Selecting BinaryCollisionModel LarsenBorgnakkeVariableHardSphere

Creating dsmcReactions

Selecting the reaction model dissociationQK
Selecting the reaction model dissociationExchangeQK
Selecting the reaction model dissociationQK
Selecting the reaction model dissociationQK
Selecting the reaction model dissociationQK
Selecting the reaction model dissociationQK
Selecting the reaction model dissociationQK
Selecting the reaction model dissociationExchangeQK
Selecting the reaction model dissociationQK
Selecting the reaction model dissociationExchangeQK
Selecting the reaction model dissociationExchangeQK
Selecting the reaction model dissociationQK
Number of reactions created: 12

Constructing constant properties for
	N2
	O2
	NO
	N
	O

Constructing constant properties for
	N2
	O2
	NO
	N
	O

Constructing constant properties for
	N2
	O2
	NO
	N
	O
Selecting collisionPartnerSelectionModel noTimeCounter

Initialising the measurement fields

Initialising dsmcVolFields field
Initialising dsmcVolFields field
Initialising dsmcVolFields field

Constructing constant properties for
	N2
	O2
	NO
	N
	O
Initialising dsmcVolFields field
Initialising dsmcVolFields field
Initialising dsmcVolFields field
Selecting collisionPartnerSelectionModel noTimeCounter

Initialising the measurement fields

Initialising dsmcVolFields field
Initialising dsmcVolFields field
Initialising dsmcVolFields field
Initialising dsmcVolFields field
Initialising dsmcVolFields field
Initialising dsmcVolFields field
Selecting collisionPartnerSelectionModel noTimeCounter

Initialising the measurement fields

Initialising dsmcVolFields field
Initialising dsmcVolFields field
Initialising dsmcVolFields field
Initialising dsmcVolFields field
Initialising dsmcVolFields field
Initialising dsmcVolFields field

Constructing constant properties for
	N2
	O2
	NO
	N
	O

Constructing constant properties for
	N2
	O2
	NO
	N
	O
Selecting collisionPartnerSelectionModel noTimeCounter

Initialising the measurement fields

Initialising dsmcVolFields field
Initialising dsmcVolFields field
Initialising dsmcVolFields field
Initialising dsmcVolFields field
Initialising dsmcVolFields field
Initialising dsmcVolFields field

Constructing constant properties for
	N2
	O2
	NO
	N
	O

Constructing constant properties for
	N2
	O2
	NO
	N
	O
Selecting collisionPartnerSelectionModel noTimeCounter

Initialising the measurement fields

Initialising dsmcVolFields field
Initialising dsmcVolFields field
Initialising dsmcVolFields field
Initialising dsmcVolFields field
Initialising dsmcVolFields field
Initialising dsmcVolFields field
Selecting collisionPartnerSelectionModel noTimeCounter

Initialising the measurement fields

Initialising dsmcVolFields field
Initialising dsmcVolFields field
Initialising dsmcVolFields field
Initialising dsmcVolFields field
Initialising dsmcVolFields field
Initialising dsmcVolFields field
Selecting collisionPartnerSelectionModel noTimeCounter

Initialising the measurement fields

Initialising dsmcVolFields field
Initialising dsmcVolFields field
Initialising dsmcVolFields field
Initialising dsmcVolFields field
Initialising dsmcVolFields field
Initialising dsmcVolFields field
Selecting collisionPartnerSelectionModel noTimeCounter

Initialising the measurement fields

Initialising dsmcVolFields field
Initialising dsmcVolFields field
Initialising dsmcVolFields field
Initialising dsmcVolFields field
Initialising dsmcVolFields field
Initialising dsmcVolFields field
Replicated mesh: METIS decomposition complete, 60000 cells -> 8 ranks
Replicated mesh: rank 0 owns 7384 / 60000 cells
Local mesh: 7384 owned + 356 halo = 7740 / 60000 cells
Replicated mesh: no-Alltoall async migration enabled
Replicated mesh: flatTransfer=1 found=1
Replicated mesh: flat POD transfer enabled
Replicated mesh: writeMode=gathered
Phase C auto DLB: enabled (ParMETIS AdaptiveRepart), imbalanceThreshold=1.5, dlbSteps=50, sarSteps=10, triggerMode=legacyWindow, minGapSteps=50, checkCollective=allgather, skipFixedKPostDiag=0
Replicated mesh: initialized with 8 MPI ranks, migrate interval 10

Starting time loop

Replicated mesh: initial particle distribution

Replicated mesh: rank 0 kept 257863 parcels, deleted 1051233 non-owned parcels
Time = 6.640048894e-07

    Collisions                      = 25165
    Collision candidates           = 33598
    Collision acceptance rate      = 0.7490029168

    Number of DSMC particles        = 1330335
    Number of stuck particles       = 0
    Number of free particles        = 1330335
    Average linear kinetic energy   = 1.893534381e-19
    Average rotational energy       = 1.325276629e-21
    Average vibrational energy      = 0
    Average electronic energy       = 0
    Total energy                    = 0.001521999408

Stage 1.0  ExecutionTime = 5.63 s  ClockTime = 4 s  Iteration 10 (0.16 s)

Time = 1.328009779e-06

    Collisions                      = 35295
    Collision candidates           = 53362
    Collision acceptance rate      = 0.6614257337

    Number of DSMC particles        = 1353899
    Number of stuck particles       = 0
    Number of free particles        = 1353899
    Average linear kinetic energy   = 1.865940947e-19
    Average rotational energy       = 1.550679028e-21
    Average vibrational energy      = 4.601150307e-26
    Average electronic energy       = 0
    Total energy                    = 0.0015283745

Stage 1.0  ExecutionTime = 7.14 s  ClockTime = 5 s  Iteration 20 (0.19 s)

Time = 1.992014668e-06

    Collisions                      = 45368
    Collision candidates           = 73746
    Collision acceptance rate      = 0.6151926884

    Number of DSMC particles        = 1377446
    Number of stuck particles       = 0
    Number of free particles        = 1377446
    Average linear kinetic energy   = 1.841281773e-19
    Average rotational energy       = 1.869036645e-21
    Average vibrational energy      = 1.808998044e-25
    Average electronic energy       = 0
    Total energy                    = 0.001537208205

Stage 1.0  ExecutionTime = 8.74 s  ClockTime = 7 s  Iteration 30 (0.17 s)

Time = 2.656019558e-06

    Collisions                      = 55525
    Collision candidates           = 94002
    Collision acceptance rate      = 0.5906789217

    Number of DSMC particles        = 1401051
    Number of stuck particles       = 0
    Number of free particles        = 1401051
    Average linear kinetic energy   = 1.819151942e-19
    Average rotational energy       = 2.248315267e-21
    Average vibrational energy      = 2.445464897e-25
    Average electronic energy       = 0
    Total energy                    = 0.00154813687

Stage 1.0  ExecutionTime = 10.39 s  ClockTime = 9 s  Iteration 40 (0.19 s)

Time = 3.320024447e-06

    Collisions                      = 64874
    Collision candidates           = 114202
    Collision acceptance rate      = 0.5680636066

    Number of DSMC particles        = 1424502
    Number of stuck particles       = 0
    Number of free particles        = 1424502
    Average linear kinetic energy   = 1.798671144e-19
    Average rotational energy       = 2.685661163e-21
    Average vibrational energy      = 2.948064029e-25
    Average electronic energy       = 0
    Total energy                    = 0.001560283283

Stage 1.0  ExecutionTime = 12.12 s  ClockTime = 11 s  Iteration 50 (0.2 s)

Time = 3.984029336e-06

    Collisions                      = 75317
    Collision candidates           = 134171
    Collision acceptance rate      = 0.5613508135

    Number of DSMC particles        = 1447692
    Number of stuck particles       = 0
    Number of free particles        = 1447692
    Average linear kinetic energy   = 1.779976571e-19
    Average rotational energy       = 3.149605545e-21
    Average vibrational energy      = 3.655113926e-25
    Average electronic energy       = 0
    Total energy                    = 0.001573475832

Stage 1.0  ExecutionTime = 13.97 s  ClockTime = 13 s  Iteration 60 (0.21 s)

Time = 4.648034226e-06

    Collisions                      = 84330
    Collision candidates           = 153325
    Collision acceptance rate      = 0.5500081526

    Number of DSMC particles        = 1471202
    Number of stuck particles       = 0
    Number of free particles        = 1471202
    Average linear kinetic energy   = 1.762646914e-19
    Average rotational energy       = 3.625541772e-21
    Average vibrational energy      = 7.190969486e-25
    Average electronic energy       = 0
    Total energy                    = 0.001587935572

Stage 1.0  ExecutionTime = 15.89 s  ClockTime = 15 s  Iteration 70 (0.21 s)

Time = 5.312039115e-06

    Collisions                      = 93444
    Collision candidates           = 172114
    Collision acceptance rate      = 0.542919228


Phase C auto DLB triggered (SAR) at step 80: sar=0.003975345433 loadImbalance=1.072555117 threshold=1.5
Phase C ParMETIS weights: particles=1494444 activeCells=60000 maxCellParticles=294
Phase C ParMETIS: alpha=0.8 ncon=2 ubvec=[1.049999952,1.5] moveRatio=0.8628360989 (moveT=10.96784201s, collT=1.743543182s)
Phase C ParMETIS: AdaptiveRepart (60000 cells, 2 constraints, ubvec=1.049999952)
Replicated mesh: rank 0 owns 9427 / 60000 cells
Local mesh: 9427 owned + 754 halo = 10181 / 60000 cells
Phase C ParMETIS AdaptiveRepart: 59042 / 60000 cells changed (0.9840333333)
Phase C auto DLB complete: rebalance #1

    Number of DSMC particles        = 1494444
    Number of stuck particles       = 0
    Number of free particles        = 1494444
    Average linear kinetic energy   = 1.746323676e-19
    Average rotational energy       = 4.124923109e-21
    Average vibrational energy      = 8.018232476e-25
    Average electronic energy       = 0
    Total energy                    = 0.001602863753

Stage 1.0  ExecutionTime = 18.03 s  ClockTime = 17 s  Iteration 80 (0.37 s)

Time = 5.976044005e-06

    Collisions                      = 87962
    Collision candidates           = 150966
    Collision acceptance rate      = 0.5826609965

    Number of DSMC particles        = 1517804
    Number of stuck particles       = 0
    Number of free particles        = 1517804
    Average linear kinetic energy   = 1.731901652e-19
    Average rotational energy       = 4.353175498e-21
    Average vibrational energy      = 1.014981563e-24
    Average electronic energy       = 0
    Total energy                    = 0.001616865199

Stage 1.0  ExecutionTime = 19.63 s  ClockTime = 19 s  Iteration 90 (0.17 s)

Time = 6.640048894e-06

    Collisions                      = 96348
    Collision candidates           = 173586
    Collision acceptance rate      = 0.5550447617

    Number of DSMC particles        = 1540735
    Number of stuck particles       = 0
    Number of free particles        = 1540735
    Average linear kinetic energy   = 1.715487836e-19
    Average rotational energy       = 4.808730343e-21
    Average vibrational energy      = 9.49451983e-25
    Average electronic energy       = 0
    Total energy                    = 0.001630329943

Stage 1.0  ExecutionTime = 21.42 s  ClockTime = 21 s  Iteration 100 (0.2 s)

Time = 7.304053783e-06

    Collisions                      = 103052
    Collision candidates           = 189274
    Collision acceptance rate      = 0.5444593552

    Number of DSMC particles        = 1563745
    Number of stuck particles       = 0
    Number of free particles        = 1563745
    Average linear kinetic energy   = 1.700579032e-19
    Average rotational energy       = 5.283390198e-21
    Average vibrational energy      = 1.473051207e-24
    Average electronic energy       = 0
    Total energy                    = 0.001645148246

Stage 1.0  ExecutionTime = 23.41 s  ClockTime = 23 s  Iteration 110 (0.21 s)

Time = 7.968058673e-06

    Collisions                      = 108385
    Collision candidates           = 201778
    Collision acceptance rate      = 0.5371497388

    Number of DSMC particles        = 1586293
    Number of stuck particles       = 0
    Number of free particles        = 1586293
    Average linear kinetic energy   = 1.68661603e-19
    Average rotational energy       = 5.785255598e-21
    Average vibrational energy      = 1.579629672e-24
    Average electronic energy       = 0
    Total energy                    = 0.001660358019

Stage 1.0  ExecutionTime = 25.62 s  ClockTime = 25 s  Iteration 120 (0.23 s)

Time = 8.632063562e-06

    Collisions                      = 113669
    Collision candidates           = 213477
    Collision acceptance rate      = 0.5324648557

    Number of DSMC particles        = 1609065
    Number of stuck particles       = 0
    Number of free particles        = 1609065
    Average linear kinetic energy   = 1.673524065e-19
    Average rotational energy       = 6.311338039e-21
    Average vibrational energy      = 1.808475472e-24
    Average electronic energy       = 0
    Total energy                    = 0.001676634979

Stage 1.0  ExecutionTime = 28.03 s  ClockTime = 28 s  Iteration 130 (0.25 s)

Time = 9.296068452e-06

    Collisions                      = 119101
    Collision candidates           = 225352
    Collision acceptance rate      = 0.5285109518

    Number of DSMC particles        = 1631477
    Number of stuck particles       = 0
    Number of free particles        = 1631477
    Average linear kinetic energy   = 1.661561515e-19
    Average rotational energy       = 6.786812615e-21
    Average vibrational energy      = 1.974547741e-24
    Average electronic energy       = 0
    Total energy                    = 0.001692934139

Stage 1.0  ExecutionTime = 30.65 s  ClockTime = 31 s  Iteration 140 (0.28 s)

Time = 9.960073341e-06

    Collisions                      = 125001
    Collision candidates           = 237274
    Collision acceptance rate      = 0.5268213121


Phase C auto DLB triggered (SAR) at step 150: sar=0.00530223331 loadImbalance=1.062470783 threshold=1.5
Phase C ParMETIS weights: particles=1653800 activeCells=60000 maxCellParticles=338
Phase C ParMETIS: alpha=0.8 ncon=2 ubvec=[1.049999952,1.5] moveRatio=0.8296102846 (moveT=22.9227655s, collT=4.707997915s)
Phase C ParMETIS: AdaptiveRepart (60000 cells, 2 constraints, ubvec=1.049999952)
Replicated mesh: rank 0 owns 9950 / 60000 cells
Local mesh: 9950 owned + 825 halo = 10775 / 60000 cells
Phase C ParMETIS AdaptiveRepart: 29544 / 60000 cells changed (0.4924)
Phase C auto DLB complete: rebalance #2

    Number of DSMC particles        = 1653800
    Number of stuck particles       = 0
    Number of free particles        = 1653800
    Average linear kinetic energy   = 1.650069649e-19
    Average rotational energy       = 7.278037184e-21
    Average vibrational energy      = 2.107874704e-24
    Average electronic energy       = 0
    Total energy                    = 0.001709570535

Stage 1.0  ExecutionTime = 33.63 s  ClockTime = 34 s  Iteration 150 (0.47 s)

Time = 1.062407823e-05

    Collisions                      = 122487
    Collision candidates           = 220258
    Collision acceptance rate      = 0.5561069291

    Number of DSMC particles        = 1675718
    Number of stuck particles       = 0
    Number of free particles        = 1675718
    Average linear kinetic energy   = 1.639778628e-19
    Average rotational energy       = 7.562894417e-21
    Average vibrational energy      = 2.274937749e-24
    Average electronic energy       = 0
    Total energy                    = 0.001724746481

Stage 1.0  ExecutionTime = 35.84 s  ClockTime = 34 s  Iteration 160 (0.24 s)

Time = 1.128808312e-05

    Collisions                      = 130279
    Collision candidates           = 239708
    Collision acceptance rate      = 0.5434904133

    Number of DSMC particles        = 1697713
    Number of stuck particles       = 0
    Number of free particles        = 1697713
    Average linear kinetic energy   = 1.628140632e-19
    Average rotational energy       = 8.020498157e-21
    Average vibrational energy      = 2.878531959e-24
    Average electronic energy       = 0
    Total energy                    = 0.001740197656

Stage 1.0  ExecutionTime = 38.3 s  ClockTime = 36 s  Iteration 170 (0.27 s)

Time = 1.195208801e-05

    Collisions                      = 136725
    Collision candidates           = 255356
    Collision acceptance rate      = 0.5354289698

    Number of DSMC particles        = 1718857
    Number of stuck particles       = 0
    Number of free particles        = 1718857
    Average linear kinetic energy   = 1.617079387e-19
    Average rotational energy       = 8.457423149e-21
    Average vibrational energy      = 2.924562794e-24
    Average electronic energy       = 0
    Total energy                    = 0.001754969702

Stage 1.0  ExecutionTime = 40.94 s  ClockTime = 39 s  Iteration 180 (0.28 s)

Time = 1.26160929e-05

    Collisions                      = 142220
    Collision candidates           = 268786
    Collision acceptance rate      = 0.5291198202

    Number of DSMC particles        = 1740212
    Number of stuck particles       = 0
    Number of free particles        = 1740212
    Average linear kinetic energy   = 1.606845801e-19
    Average rotational energy       = 8.864345993e-21
    Average vibrational energy      = 3.577463057e-24
    Average electronic energy       = 0
    Total energy                    = 0.001770343807

Stage 1.0  ExecutionTime = 43.74 s  ClockTime = 42 s  Iteration 190 (0.3 s)

Time = 1.328009779e-05

    Collisions                      = 148310
    Collision candidates           = 282117
    Collision acceptance rate      = 0.5257038746

    Number of DSMC particles        = 1761553
    Number of stuck particles       = 0
    Number of free particles        = 1761553
    Average linear kinetic energy   = 1.597220614e-19
    Average rotational energy       = 9.262986112e-21
    Average vibrational energy      = 4.513935218e-24
    Average electronic energy       = 0
    Total energy                    = 0.001786104414

Stage 1.0  ExecutionTime = 46.79 s  ClockTime = 46 s  Iteration 200 (0.35 s)

Time = 1.394410268e-05

    Collisions                      = 154571
    Collision candidates           = 295686
    Collision acceptance rate      = 0.5227538673

    Number of DSMC particles        = 1782065
    Number of stuck particles       = 0
    Number of free particles        = 1782065
    Average linear kinetic energy   = 1.587812354e-19
    Average rotational energy       = 9.652933581e-21
    Average vibrational energy      = 5.709763446e-24
    Average electronic energy       = 0
    Total energy                    = 0.001801024875

Stage 1.0  ExecutionTime = 49.97 s  ClockTime = 49 s  Iteration 210 (0.34 s)

Time = 1.460810757e-05

    Collisions                      = 160299
    Collision candidates           = 308757
    Collision acceptance rate      = 0.5191752738

    Number of DSMC particles        = 1802724
    Number of stuck particles       = 0
    Number of free particles        = 1802724
    Average linear kinetic energy   = 1.578611585e-19
    Average rotational energy       = 1.005833226e-20
    Average vibrational energy      = 6.368014956e-24
    Average electronic energy       = 0
    Total energy                    = 0.001816343855

Stage 1.0  ExecutionTime = 53.24 s  ClockTime = 53 s  Iteration 220 (0.35 s)

Time = 1.527211246e-05

    Collisions                      = 166230
    Collision candidates           = 321279
    Collision acceptance rate      = 0.5174007638

    Number of DSMC particles        = 1822981
    Number of stuck particles       = 0
    Number of free particles        = 1822981
    Average linear kinetic energy   = 1.570111868e-19
    Average rotational energy       = 1.042274896e-20
    Average vibrational energy      = 6.800995254e-24
    Average electronic energy       = 0
    Total energy                    = 0.001831447691

Stage 1.0  ExecutionTime = 56.68 s  ClockTime = 56 s  Iteration 230 (0.4 s)

Time = 1.593611735e-05

    Collisions                      = 172338
    Collision candidates           = 333747
    Collision acceptance rate      = 0.5163731809

    Number of DSMC particles        = 1842856
    Number of stuck particles       = 0
    Number of free particles        = 1842856
    Average linear kinetic energy   = 1.561787442e-19
    Average rotational energy       = 1.079243774e-20
    Average vibrational energy      = 8.170895119e-24
    Average electronic energy       = 0
    Total energy                    = 0.001846313414

Stage 1.0  ExecutionTime = 60.26 s  ClockTime = 60 s  Iteration 240 (0.4 s)

Time = 1.660012224e-05

    Collisions                      = 178028
    Collision candidates           = 345581
    Collision acceptance rate      = 0.5151556364


Phase C auto DLB triggered (SAR) at step 250: sar=0.004659838622 loadImbalance=1.060210818 threshold=1.5
Phase C ParMETIS weights: particles=1862960 activeCells=60000 maxCellParticles=347
Phase C ParMETIS: alpha=0.8 ncon=2 ubvec=[1.049999952,1.5] moveRatio=0.7457837421 (moveT=41.9577097s, collT=14.30217816s)
Phase C ParMETIS: AdaptiveRepart (60000 cells, 2 constraints, ubvec=1.049999952)
Replicated mesh: rank 0 owns 6423 / 60000 cells
Local mesh: 6423 owned + 652 halo = 7075 / 60000 cells
Phase C ParMETIS AdaptiveRepart: 45502 / 60000 cells changed (0.7583666667)
Phase C auto DLB complete: rebalance #3

    Number of DSMC particles        = 1862960
    Number of stuck particles       = 0
    Number of free particles        = 1862960
    Average linear kinetic energy   = 1.553402699e-19
    Average rotational energy       = 1.116782551e-20
    Average vibrational energy      = 9.142952501e-24
    Average electronic energy       = 0
    Total energy                    = 0.001861289726

Stage 1.0  ExecutionTime = 64.29 s  ClockTime = 65 s  Iteration 250 (0.65 s)

Time = 1.726412712e-05

    Collisions                      = 181995
    Collision candidates           = 326189
    Collision acceptance rate      = 0.5579434009

    Number of DSMC particles        = 1882679
    Number of stuck particles       = 0
    Number of free particles        = 1882679
    Average linear kinetic energy   = 1.546131732e-19
    Average rotational energy       = 1.142133957e-20
    Average vibrational energy      = 9.90558307e-24
    Average electronic energy       = 0
    Total energy                    = 0.001875650037

Stage 1.0  ExecutionTime = 67.37 s  ClockTime = 65 s  Iteration 260 (0.34 s)

Time = 1.792813201e-05

    Collisions                      = 189452
    Collision candidates           = 347732
    Collision acceptance rate      = 0.5448218743

    Number of DSMC particles        = 1901907
    Number of stuck particles       = 0
    Number of free particles        = 1901907
    Average linear kinetic energy   = 1.538819769e-19
    Average rotational energy       = 1.176087802e-20
    Average vibrational energy      = 1.052508183e-23
    Average electronic energy       = 0
    Total energy                    = 0.001890343938

Stage 1.0  ExecutionTime = 70.69 s  ClockTime = 69 s  Iteration 270 (0.34 s)

Time = 1.85921369e-05

    Collisions                      = 198251
    Collision candidates           = 368207
    Collision acceptance rate      = 0.5384226807

    Number of DSMC particles        = 1921317
    Number of stuck particles       = 0
    Number of free particles        = 1921317
    Average linear kinetic energy   = 1.531456343e-19
    Average rotational energy       = 1.20961013e-20
    Average vibrational energy      = 1.066211236e-23
    Average electronic energy       = 0
    Total energy                    = 0.001905013446

Stage 1.0  ExecutionTime = 74.13 s  ClockTime = 73 s  Iteration 280 (0.41 s)

Time = 1.925614179e-05

    Collisions                      = 205618
    Collision candidates           = 386556
    Collision acceptance rate      = 0.5319229297

    Number of DSMC particles        = 1939976
    Number of stuck particles       = 0
    Number of free particles        = 1939976
    Average linear kinetic energy   = 1.524206954e-19
    Average rotational energy       = 1.240394679e-20
    Average vibrational energy      = 1.148930651e-23
    Average electronic energy       = 0
    Total energy                    = 0.001918668834

Stage 1.0  ExecutionTime = 77.72 s  ClockTime = 77 s  Iteration 290 (0.4 s)

Time = 1.992014668e-05

    Collisions                      = 211459
    Collision candidates           = 400198
    Collision acceptance rate      = 0.528385949

    Number of DSMC particles        = 1958771
    Number of stuck particles       = 0
    Number of free particles        = 1958771
    Average linear kinetic energy   = 1.51684268e-19
    Average rotational energy       = 1.274534579e-20
    Average vibrational energy      = 1.221306901e-23
    Average electronic energy       = 0
    Total energy                    = 0.00193262329

Stage 1.0  ExecutionTime = 81.39 s  ClockTime = 81 s  Iteration 300 (0.4 s)

End stage 1


DSMC solver profile summary
    solver profile steps          = 300
    move+collide wall [s]         = 81.70714201
    move only [s]                 = 55.65039364
    buildCellOccupancy [s]        = 6.403054941
    collision phase [s]           = 36.57885547
    post fields/output [s]        = 1.296898675
    total profiled [s]            = 99.92920273
    full evolve wall [s]          = 82.97005559
    move+collide cpu [s]          = 75.34
    move only cpu [s]             = 51.29
    buildCellOccupancy cpu [s]    = 5.89
    collision phase cpu [s]       = 33.72
    post fields/output cpu [s]    = 1.22
    total profiled cpu [s]        = 92.12
    full evolve cpu [s]           = 76.45
    OpenMP enabled                = 0
    OpenMP max threads            = 1
    OpenMP move                   = 0 (static, chunk 64)
    OpenMP collision              = dynamic, chunk 8


Replicated mesh profiling summary:
    migration calls             = 34
    migration wall time [s]     = 2.866879715
    local particles (final)     = 247345
    particles per rank          = min 217843 max 281534 max/min 1.292371111
    rank wall time (evolve, 300 steps): min 74.58 max 74.75 max/min 1.002279431
    Phase C auto DLB checks      = 300
    Phase C auto DLB rebalances = 3
    Phase C auto DLB triggered checks = 3
    Phase C auto DLB wall max [s]= 0.609776558
    Phase C auto DLB check max [s]= 0.009711761
    Phase C ParMETIS max [s]     = 0.194844118
    Phase C migration max [s]    = 0.428042237
    Phase C cellOwner write max [s] = 0
    Phase C post-diagnostic max [s] = 0.00033221
    Phase C auto DLB accounted max [s] = 0.632930326
    Phase C auto DLB residual max [s] = -0.023153768

Total Iterations = 300
End main

real 81.38
user 590.43
sys 62.93
