case=zb
mode=MPI8
rep=3
np=8
OMP_NUM_THREADS=1
case_dir=/home/superxcx/code/OpenFoam/OF-1706/hyStrath_dlb/run/hyStrath/dsmcFoam+/xcx_test/zb-cylinder-react/mpi8
controlDict=/home/superxcx/code/OpenFoam/OF-1706/hyStrath_dlb/doc/worklog/v2506/detail_mix/repeat_nowrite_compute_20260610_parmetisfix_clean/controlDicts/zb_MPI8_rep3_controlDict
start=2026-06-10T23:58:57+08:00
/*---------------------------------------------------------------------------*\
| =========                 |                                                 |
| \\      /  F ield         | OpenFOAM: The Open Source CFD Toolbox           |
|  \\    /   O peration     | Version:  v1706                                 |
|   \\  /    A nd           | Web:      www.OpenFOAM.com                      |
|    \\/     M anipulation  |                                                 |
\*---------------------------------------------------------------------------*/
Build  : v1706
Arch   : "LSB;label=32;scalar=64"
Exec   : dsmcFoam+
Date   : Jun 10 2026
Time   : 23:58:57
Host   : "SuperXCX-ROG"
PID    : 105133
/*---------------------------------------------------------------------------*\
| =========                 |                                                 |
| \\      /  F ield         | OpenFOAM: The Open Source CFD Toolbox           |
|  \\    /   O peration     | Version:  v1706                                 |
|   \\  /    A nd           | Web:      www.OpenFOAM.com                      |
|    \\/     M anipulation  |                                                 |
\*---------------------------------------------------------------------------*/
Build  : v1706
Arch   : "LSB;label=32;scalar=64"
Exec   : dsmcFoam+
Date   : Jun 10 2026
Time   : 23:58:57
Host   : "SuperXCX-ROG"
PID    : 105134
/*---------------------------------------------------------------------------*\
| =========                 |                                                 |
| \\      /  F ield         | OpenFOAM: The Open Source CFD Toolbox           |
|  \\    /   O peration     | Version:  v1706                                 |
|   \\  /    A nd           | Web:      www.OpenFOAM.com                      |
|    \\/     M anipulation  |                                                 |
\*---------------------------------------------------------------------------*/
Build  : v1706
Arch   : "LSB;label=32;scalar=64"
Exec   : dsmcFoam+
Date   : Jun 10 2026
Time   : 23:58:57
Host   : "SuperXCX-ROG"
PID    : 105139
/*---------------------------------------------------------------------------*\
| =========                 |                                                 |
| \\      /  F ield         | OpenFOAM: The Open Source CFD Toolbox           |
|  \\    /   O peration     | Version:  v1706                                 |
|   \\  /    A nd           | Web:      www.OpenFOAM.com                      |
|    \\/     M anipulation  |                                                 |
\*---------------------------------------------------------------------------*/
Build  : v1706
Arch   : "LSB;label=32;scalar=64"
Exec   : dsmcFoam+
Date   : Jun 10 2026
Time   : 23:58:57
Host   : "SuperXCX-ROG"
PID    : 105135
Case   : /home/superxcx/code/OpenFoam/OF-1706/hyStrath_dlb/run/hyStrath/dsmcFoam+/xcx_test/zb-cylinder-react/mpi8
nProcs : 1
sigFpe : Enabling floating point exception trapping (FOAM_SIGFPE).
Case   : /home/superxcx/code/OpenFoam/OF-1706/hyStrath_dlb/run/hyStrath/dsmcFoam+/xcx_test/zb-cylinder-react/mpi8
nProcs : 1
sigFpe : Enabling floating point exception trapping (FOAM_SIGFPE).
fileModificationChecking : Monitoring run-time modified files using timeStampMaster (fileModificationSkew 10)
allowSystemOperations : Allowing user-supplied system call operations

// * * * * * * * * * * * * * * * * * * * * * * * * * * * * * * * * * * * * * //
Create time

Case   : /home/superxcx/code/OpenFoam/OF-1706/hyStrath_dlb/run/hyStrath/dsmcFoam+/xcx_test/zb-cylinder-react/mpi8
nProcs : 1
sigFpe : Enabling floating point exception trapping (FOAM_SIGFPE).
fileModificationChecking : Monitoring run-time modified files using timeStampMaster (fileModificationSkew 10)
allowSystemOperations : Allowing user-supplied system call operations

// * * * * * * * * * * * * * * * * * * * * * * * * * * * * * * * * * * * * * //
Create time

Case   : /home/superxcx/code/OpenFoam/OF-1706/hyStrath_dlb/run/hyStrath/dsmcFoam+/xcx_test/zb-cylinder-react/mpi8
nProcs : 1
sigFpe : Enabling floating point exception trapping (FOAM_SIGFPE).
fileModificationChecking : Monitoring run-time modified files using timeStampMaster (fileModificationSkew 10)
allowSystemOperations : Allowing user-supplied system call operations

// * * * * * * * * * * * * * * * * * * * * * * * * * * * * * * * * * * * * * //
Create time

fileModificationChecking : Monitoring run-time modified files using timeStampMaster (fileModificationSkew 10)
allowSystemOperations : Allowing user-supplied system call operations

// * * * * * * * * * * * * * * * * * * * * * * * * * * * * * * * * * * * * * //
Create time

/*---------------------------------------------------------------------------*\
| =========                 |                                                 |
| \\      /  F ield         | OpenFOAM: The Open Source CFD Toolbox           |
|  \\    /   O peration     | Version:  v1706                                 |
|   \\  /    A nd           | Web:      www.OpenFOAM.com                      |
|    \\/     M anipulation  |                                                 |
\*---------------------------------------------------------------------------*/
Build  : v1706
Arch   : "LSB;label=32;scalar=64"
Exec   : dsmcFoam+
Date   : Jun 10 2026
Time   : 23:58:57
Host   : "SuperXCX-ROG"
PID    : 105136
/*---------------------------------------------------------------------------*\
| =========                 |                                                 |
| \\      /  F ield         | OpenFOAM: The Open Source CFD Toolbox           |
|  \\    /   O peration     | Version:  v1706                                 |
|   \\  /    A nd           | Web:      www.OpenFOAM.com                      |
|    \\/     M anipulation  |                                                 |
\*---------------------------------------------------------------------------*/
Build  : v1706
Arch   : "LSB;label=32;scalar=64"
Exec   : dsmcFoam+
Date   : Jun 10 2026
Time   : 23:58:57
Host   : "SuperXCX-ROG"
PID    : 105138
Case   : /home/superxcx/code/OpenFoam/OF-1706/hyStrath_dlb/run/hyStrath/dsmcFoam+/xcx_test/zb-cylinder-react/mpi8
nProcs : 1
Create mesh for time = 0

Create mesh for time = 0

sigFpe : Enabling floating point exception trapping (FOAM_SIGFPE).
fileModificationChecking : Monitoring run-time modified files using timeStampMaster (fileModificationSkew 10)
allowSystemOperations : Allowing user-supplied system call operations

// * * * * * * * * * * * * * * * * * * * * * * * * * * * * * * * * * * * * * //
Create time

Create mesh for time = 0

Case   : /home/superxcx/code/OpenFoam/OF-1706/hyStrath_dlb/run/hyStrath/dsmcFoam+/xcx_test/zb-cylinder-react/mpi8
nProcs : 1
Create mesh for time = 0

sigFpe : Enabling floating point exception trapping (FOAM_SIGFPE).
fileModificationChecking : Monitoring run-time modified files using timeStampMaster (fileModificationSkew 10)
allowSystemOperations : Allowing user-supplied system call operations

// * * * * * * * * * * * * * * * * * * * * * * * * * * * * * * * * * * * * * //
Create time

/*---------------------------------------------------------------------------*\
| =========                 |                                                 |
| \\      /  F ield         | OpenFOAM: The Open Source CFD Toolbox           |
|  \\    /   O peration     | Version:  v1706                                 |
|   \\  /    A nd           | Web:      www.OpenFOAM.com                      |
|    \\/     M anipulation  |                                                 |
\*---------------------------------------------------------------------------*/
Build  : v1706
Arch   : "LSB;label=32;scalar=64"
Exec   : dsmcFoam+
Date   : Jun 10 2026
Time   : 23:58:57
Host   : "SuperXCX-ROG"
PID    : 105137
/*---------------------------------------------------------------------------*\
| =========                 |                                                 |
| \\      /  F ield         | OpenFOAM: The Open Source CFD Toolbox           |
|  \\    /   O peration     | Version:  v1706                                 |
|   \\  /    A nd           | Web:      www.OpenFOAM.com                      |
|    \\/     M anipulation  |                                                 |
\*---------------------------------------------------------------------------*/
Build  : v1706
Arch   : "LSB;label=32;scalar=64"
Exec   : dsmcFoam+
Date   : Jun 10 2026
Time   : 23:58:57
Host   : "SuperXCX-ROG"
PID    : 105132
Case   : /home/superxcx/code/OpenFoam/OF-1706/hyStrath_dlb/run/hyStrath/dsmcFoam+/xcx_test/zb-cylinder-react/mpi8
nProcs : 1
sigFpe : Enabling floating point exception trapping (FOAM_SIGFPE).
fileModificationChecking : Monitoring run-time modified files using timeStampMaster (fileModificationSkew 10)
allowSystemOperations : Allowing user-supplied system call operations

Create mesh for time = 0

// * * * * * * * * * * * * * * * * * * * * * * * * * * * * * * * * * * * * * //
Create time

Create mesh for time = 0

Case   : /home/superxcx/code/OpenFoam/OF-1706/hyStrath_dlb/run/hyStrath/dsmcFoam+/xcx_test/zb-cylinder-react/mpi8
nProcs : 1
sigFpe : Enabling floating point exception trapping (FOAM_SIGFPE).
fileModificationChecking : Monitoring run-time modified files using timeStampMaster (fileModificationSkew 10)
allowSystemOperations : Allowing user-supplied system call operations

// * * * * * * * * * * * * * * * * * * * * * * * * * * * * * * * * * * * * * //
Create time

Create mesh for time = 0

Create mesh for time = 0

Selecting dynamicFvMesh dynamicRefineFvMesh
Selecting dynamicFvMesh dynamicRefineFvMesh
Selecting dynamicFvMesh dynamicRefineFvMesh
Selecting dynamicFvMesh dynamicRefineFvMesh
Selecting dynamicFvMesh dynamicRefineFvMesh
Selecting dynamicFvMesh dynamicRefineFvMesh
Selecting dynamicFvMesh dynamicRefineFvMesh
Selecting dynamicFvMesh dynamicRefineFvMesh

Constructing dsmcCloud 

Constructing dsmcCloud 

Constructing dsmcCloud 

Constructing dsmcCloud 

Constructing dsmcCloud 

Constructing dsmcCloud 

Constructing dsmcCloud 

Constructing dsmcCloud 
Selecting the coordinate system model:	dsmcCartesian

Selecting the time-step model:	dsmcConstantTimeStepModel

Constant time-step model:
- time-step [sec]	6.640048894e-08

Selecting the porous measurement model:	dsmcNoPorousMediumMeasurements


Creating dsmcControllers

Creating fields: 

Selecting field: dsmcVolFields

TimeData Statistics: 
 measurement option: write
 nSamples: 1, time interval: 6.640048894e-08
 nAverages: 15060, time interval: 0.0009999913634
 total no. of sampling steps: 0
 total no. of averaging Steps: 0


Selecting the coordinate system model:	dsmcCartesian

Selecting the time-step model:	dsmcConstantTimeStepModel

Constant time-step model:
- time-step [sec]	6.640048894e-08

Selecting the porous measurement model:	dsmcNoPorousMediumMeasurements


Creating dsmcControllers

Creating fields: 

Selecting field: dsmcVolFields

TimeData Statistics: 
 measurement option: write
 nSamples: 1, time interval: 6.640048894e-08
 nAverages: 15060, time interval: 0.0009999913634
 total no. of sampling steps: 0
 total no. of averaging Steps: 0


Selecting field: dsmcVolFields

TimeData Statistics: 
 measurement option: write
 nSamples: 1, time interval: 6.640048894e-08
 nAverages: 15060, time interval: 0.0009999913634
 total no. of sampling steps: 0
 total no. of averaging Steps: 0


Selecting field: dsmcVolFields

TimeData Statistics: 
 measurement option: write
 nSamples: 1, time interval: 6.640048894e-08
 nAverages: 15060, time interval: 0.0009999913634
 total no. of sampling steps: 0
 total no. of averaging Steps: 0


Selecting the coordinate system model:	dsmcCartesian

Selecting the time-step model:	dsmcConstantTimeStepModel

Constant time-step model:
- time-step [sec]	6.640048894e-08

Selecting the porous measurement model:	dsmcNoPorousMediumMeasurements


Creating dsmcControllers

Creating fields: 

Selecting field: dsmcVolFields

TimeData Statistics: 
 measurement option: write
 nSamples: 1, time interval: 6.640048894e-08
 nAverages: 15060, time interval: 0.0009999913634
 total no. of sampling steps: 0
 total no. of averaging Steps: 0


Selecting field: dsmcVolFields

TimeData Statistics: 
 measurement option: write
 nSamples: 1, time interval: 6.640048894e-08
 nAverages: 15060, time interval: 0.0009999913634
 total no. of sampling steps: 0
 total no. of averaging Steps: 0


Selecting field: dsmcVolFields

TimeData Statistics: 
 measurement option: write
 nSamples: 1, time interval: 6.640048894e-08
 nAverages: 15060, time interval: 0.0009999913634
 total no. of sampling steps: 0
 total no. of averaging Steps: 0


Selecting field: dsmcVolFields

TimeData Statistics: 
 measurement option: write
 nSamples: 1, time interval: 6.640048894e-08
 nAverages: 15060, time interval: 0.0009999913634
 total no. of sampling steps: 0
 total no. of averaging Steps: 0


Selecting field: dsmcVolFields

TimeData Statistics: 
 measurement option: write
 nSamples: 1, time interval: 6.640048894e-08
 nAverages: 15060, time interval: 0.0009999913634
 total no. of sampling steps: 0
 total no. of averaging Steps: 0


Selecting field: dsmcVolFields

TimeData Statistics: 
 measurement option: write
 nSamples: 1, time interval: 6.640048894e-08
 nAverages: 15060, time interval: 0.0009999913634
 total no. of sampling steps: 0
 total no. of averaging Steps: 0


Selecting field: dsmcVolFields

TimeData Statistics: 
 measurement option: write
 nSamples: 1, time interval: 6.640048894e-08
 nAverages: 15060, time interval: 0.0009999913634
 total no. of sampling steps: 0
 total no. of averaging Steps: 0


Selecting field: dsmcVolFields

TimeData Statistics: 
 measurement option: write
 nSamples: 1, time interval: 6.640048894e-08
 nAverages: 15060, time interval: 0.0009999913634
 total no. of sampling steps: 0
 total no. of averaging Steps: 0


Selecting field: dsmcVolFields

TimeData Statistics: 
 measurement option: write
 nSamples: 1, time interval: 6.640048894e-08
 nAverages: 15060, time interval: 0.0009999913634
 total no. of sampling steps: 0
 total no. of averaging Steps: 0


Selecting the coordinate system model:	dsmcCartesian

Selecting the time-step model:	dsmcConstantTimeStepModel

Constant time-step model:
- time-step [sec]	6.640048894e-08

Selecting the porous measurement model:	dsmcNoPorousMediumMeasurements

Selecting field: dsmcVolFields

TimeData Statistics: 
 measurement option: write
 nSamples: 1, time interval: 6.640048894e-08
 nAverages: 15060, time interval: 0.0009999913634
 total no. of sampling steps: 0
 total no. of averaging Steps: 0



Creating dsmcControllers

Creating fields: 

Selecting field: dsmcVolFields

TimeData Statistics: 
 measurement option: write
 nSamples: 1, time interval: 6.640048894e-08
 nAverages: 15060, time interval: 0.0009999913634
 total no. of sampling steps: 0
 total no. of averaging Steps: 0


Selecting the coordinate system model:	dsmcCartesian

Selecting the time-step model:	dsmcConstantTimeStepModel

Constant time-step model:
- time-step [sec]	6.640048894e-08

Selecting the porous measurement model:	dsmcNoPorousMediumMeasurements


Creating dsmcControllers

Selecting field: dsmcVolFields

TimeData Statistics: 
 measurement option: write
 nSamples: 1, time interval: 6.640048894e-08
 nAverages: 15060, time interval: 0.0009999913634
 total no. of sampling steps: 0
 total no. of averaging Steps: 0


Creating fields: 

Selecting field: dsmcVolFields

TimeData Statistics: 
 measurement option: write
 nSamples: 1, time interval: 6.640048894e-08
 nAverages: 15060, time interval: 0.0009999913634
 total no. of sampling steps: 0
 total no. of averaging Steps: 0


Selecting field: dsmcVolFields

TimeData Statistics: 
 measurement option: write
 nSamples: 1, time interval: 6.640048894e-08
 nAverages: 15060, time interval: 0.0009999913634
 total no. of sampling steps: 0
 total no. of averaging Steps: 0


Selecting the coordinate system model:	dsmcCartesian

Selecting the time-step model:	dsmcConstantTimeStepModel

Constant time-step model:
- time-step [sec]	6.640048894e-08

Selecting the porous measurement model:	dsmcNoPorousMediumMeasurements


Creating dsmcControllers

Creating fields: 

Selecting field: dsmcVolFields

TimeData Statistics: 
 measurement option: write
 nSamples: 1, time interval: 6.640048894e-08
 nAverages: 15060, time interval: 0.0009999913634
 total no. of sampling steps: 0
 total no. of averaging Steps: 0


Selecting field: dsmcVolFields

TimeData Statistics: 
 measurement option: write
 nSamples: 1, time interval: 6.640048894e-08
 nAverages: 15060, time interval: 0.0009999913634
 total no. of sampling steps: 0
 total no. of averaging Steps: 0


Selecting field: dsmcVolFields

TimeData Statistics: 
 measurement option: write
 nSamples: 1, time interval: 6.640048894e-08
 nAverages: 15060, time interval: 0.0009999913634
 total no. of sampling steps: 0
 total no. of averaging Steps: 0


Selecting field: dsmcVolFields

TimeData Statistics: 
 measurement option: write
 nSamples: 1, time interval: 6.640048894e-08
 nAverages: 15060, time interval: 0.0009999913634
 total no. of sampling steps: 0
 total no. of averaging Steps: 0


Selecting the coordinate system model:	dsmcCartesian

Selecting the time-step model:	dsmcConstantTimeStepModel

Constant time-step model:
- time-step [sec]	6.640048894e-08

Selecting the porous measurement model:	dsmcNoPorousMediumMeasurements

Creating the boundary models: 

Selecting dsmcPatchBoundaryModel dsmcDeletionPatch
Selecting dsmcPatchBoundaryModel dsmcDeletionPatch
Selecting dsmcPatchBoundaryModel dsmcDiffuseWallPatch
Selecting dsmcGeneralBoundaryModel dsmcFreeStreamInflowPatch
Creating the boundary models: 

Selecting dsmcPatchBoundaryModel dsmcDeletionPatch
Selecting dsmcPatchBoundaryModel dsmcDeletionPatch
Selecting dsmcPatchBoundaryModel dsmcDiffuseWallPatch
Selecting dsmcGeneralBoundaryModel dsmcFreeStreamInflowPatch

Creating dsmcControllers

Creating fields: 

Selecting field: dsmcVolFields

TimeData Statistics: 
 measurement option: write
 nSamples: 1, time interval: 6.640048894e-08
 nAverages: 15060, time interval: 0.0009999913634
 total no. of sampling steps: 0
 total no. of averaging Steps: 0


Selecting the coordinate system model:	dsmcCartesian

Selecting the time-step model:	dsmcConstantTimeStepModel

Constant time-step model:
- time-step [sec]	6.640048894e-08

Selecting the porous measurement model:	dsmcNoPorousMediumMeasurements

Selecting field: dsmcVolFields

TimeData Statistics: 
 measurement option: write
 nSamples: 1, time interval: 6.640048894e-08
 nAverages: 15060, time interval: 0.0009999913634
 total no. of sampling steps: 0
 total no. of averaging Steps: 0


Selecting field: dsmcVolFields

TimeData Statistics: 
 measurement option: write
 nSamples: 1, time interval: 6.640048894e-08
 nAverages: 15060, time interval: 0.0009999913634
 total no. of sampling steps: 0
 total no. of averaging Steps: 0


Selecting BinaryCollisionModel LarsenBorgnakkeVariableHardSphere
Selecting BinaryCollisionModel LarsenBorgnakkeVariableHardSphere

Creating dsmcReactions

Selecting the reaction model dissociationQK

Creating dsmcReactions

Selecting the reaction model dissociationQK
Selecting the reaction model dissociationExchangeQK
Selecting the reaction model dissociationExchangeQK
Selecting the reaction model dissociationQK
Selecting the reaction model dissociationQK
Selecting the reaction model dissociationQK
Selecting the reaction model dissociationQK

Creating dsmcControllers

Selecting the reaction model dissociationQK
Selecting the reaction model dissociationQK
Selecting the reaction model dissociationQK
Selecting the reaction model dissociationQK
Selecting the reaction model dissociationQK
Selecting the reaction model dissociationExchangeQK
Selecting the reaction model dissociationQK
Selecting the reaction model dissociationExchangeQK
Selecting the reaction model dissociationQK
Selecting the reaction model dissociationExchangeQK
Selecting the reaction model dissociationExchangeQK
Selecting the reaction model dissociationQK
Selecting the reaction model dissociationQK
Number of reactions created: 12
Selecting the reaction model dissociationExchangeQK
Selecting the reaction model dissociationExchangeQK
Selecting the reaction model dissociationQK
Number of reactions created: 12
Creating fields: 

Selecting field: dsmcVolFields

TimeData Statistics: 
 measurement option: write
 nSamples: 1, time interval: 6.640048894e-08
 nAverages: 15060, time interval: 0.0009999913634
 total no. of sampling steps: 0
 total no. of averaging Steps: 0


Selecting field: dsmcVolFields

TimeData Statistics: 
 measurement option: write
 nSamples: 1, time interval: 6.640048894e-08
 nAverages: 15060, time interval: 0.0009999913634
 total no. of sampling steps: 0
 total no. of averaging Steps: 0


Selecting field: dsmcVolFields

TimeData Statistics: 
 measurement option: write
 nSamples: 1, time interval: 6.640048894e-08
 nAverages: 15060, time interval: 0.0009999913634
 total no. of sampling steps: 0
 total no. of averaging Steps: 0


Selecting field: dsmcVolFields

TimeData Statistics: 
 measurement option: write
 nSamples: 1, time interval: 6.640048894e-08
 nAverages: 15060, time interval: 0.0009999913634
 total no. of sampling steps: 0
 total no. of averaging Steps: 0


Creating the boundary models: 

Selecting dsmcPatchBoundaryModel dsmcDeletionPatch
Selecting dsmcPatchBoundaryModel dsmcDeletionPatch
Selecting dsmcPatchBoundaryModel dsmcDiffuseWallPatch
Selecting dsmcGeneralBoundaryModel dsmcFreeStreamInflowPatch
Selecting field: dsmcVolFields

TimeData Statistics: 
 measurement option: write
 nSamples: 1, time interval: 6.640048894e-08
 nAverages: 15060, time interval: 0.0009999913634
 total no. of sampling steps: 0
 total no. of averaging Steps: 0


Selecting BinaryCollisionModel LarsenBorgnakkeVariableHardSphere

Creating dsmcReactions

Selecting the reaction model dissociationQK
Selecting the reaction model dissociationExchangeQK
Selecting the reaction model dissociationQK
Selecting the reaction model dissociationQK
Selecting the reaction model dissociationQK
Selecting the reaction model dissociationQK
Selecting the reaction model dissociationQK
Selecting the reaction model dissociationExchangeQK
Selecting the reaction model dissociationQK
Selecting the reaction model dissociationExchangeQK
Selecting the reaction model dissociationExchangeQK
Selecting the reaction model dissociationQK
Number of reactions created: 12
Selecting field: dsmcVolFields

TimeData Statistics: 
 measurement option: write
 nSamples: 1, time interval: 6.640048894e-08
 nAverages: 15060, time interval: 0.0009999913634
 total no. of sampling steps: 0
 total no. of averaging Steps: 0


Selecting field: dsmcVolFields

TimeData Statistics: 
 measurement option: write
 nSamples: 1, time interval: 6.640048894e-08
 nAverages: 15060, time interval: 0.0009999913634
 total no. of sampling steps: 0
 total no. of averaging Steps: 0


Selecting field: dsmcVolFields

TimeData Statistics: 
 measurement option: write
 nSamples: 1, time interval: 6.640048894e-08
 nAverages: 15060, time interval: 0.0009999913634
 total no. of sampling steps: 0
 total no. of averaging Steps: 0


Selecting field: dsmcVolFields

TimeData Statistics: 
 measurement option: write
 nSamples: 1, time interval: 6.640048894e-08
 nAverages: 15060, time interval: 0.0009999913634
 total no. of sampling steps: 0
 total no. of averaging Steps: 0


Selecting field: dsmcVolFields

TimeData Statistics: 
 measurement option: write
 nSamples: 1, time interval: 6.640048894e-08
 nAverages: 15060, time interval: 0.0009999913634
 total no. of sampling steps: 0
 total no. of averaging Steps: 0


Selecting field: dsmcVolFields

TimeData Statistics: 
 measurement option: write
 nSamples: 1, time interval: 6.640048894e-08
 nAverages: 15060, time interval: 0.0009999913634
 total no. of sampling steps: 0
 total no. of averaging Steps: 0


Selecting field: dsmcVolFields

TimeData Statistics: 
 measurement option: write
 nSamples: 1, time interval: 6.640048894e-08
 nAverages: 15060, time interval: 0.0009999913634
 total no. of sampling steps: 0
 total no. of averaging Steps: 0


Selecting field: dsmcVolFields

TimeData Statistics: 
 measurement option: write
 nSamples: 1, time interval: 6.640048894e-08
 nAverages: 15060, time interval: 0.0009999913634
 total no. of sampling steps: 0
 total no. of averaging Steps: 0


Selecting field: dsmcVolFields

TimeData Statistics: 
 measurement option: write
 nSamples: 1, time interval: 6.640048894e-08
 nAverages: 15060, time interval: 0.0009999913634
 total no. of sampling steps: 0
 total no. of averaging Steps: 0


Selecting field: dsmcVolFields

TimeData Statistics: 
 measurement option: write
 nSamples: 1, time interval: 6.640048894e-08
 nAverages: 15060, time interval: 0.0009999913634
 total no. of sampling steps: 0
 total no. of averaging Steps: 0


Selecting field: dsmcVolFields

TimeData Statistics: 
 measurement option: write
 nSamples: 1, time interval: 6.640048894e-08
 nAverages: 15060, time interval: 0.0009999913634
 total no. of sampling steps: 0
 total no. of averaging Steps: 0


Selecting field: dsmcVolFields

TimeData Statistics: 
 measurement option: write
 nSamples: 1, time interval: 6.640048894e-08
 nAverages: 15060, time interval: 0.0009999913634
 total no. of sampling steps: 0
 total no. of averaging Steps: 0


Selecting field: dsmcVolFields

TimeData Statistics: 
 measurement option: write
 nSamples: 1, time interval: 6.640048894e-08
 nAverages: 15060, time interval: 0.0009999913634
 total no. of sampling steps: 0
 total no. of averaging Steps: 0


Selecting field: dsmcVolFields

TimeData Statistics: 
 measurement option: write
 nSamples: 1, time interval: 6.640048894e-08
 nAverages: 15060, time interval: 0.0009999913634
 total no. of sampling steps: 0
 total no. of averaging Steps: 0


Selecting field: dsmcVolFields

TimeData Statistics: 
 measurement option: write
 nSamples: 1, time interval: 6.640048894e-08
 nAverages: 15060, time interval: 0.0009999913634
 total no. of sampling steps: 0
 total no. of averaging Steps: 0


Selecting field: dsmcVolFields

TimeData Statistics: 
 measurement option: write
 nSamples: 1, time interval: 6.640048894e-08
 nAverages: 15060, time interval: 0.0009999913634
 total no. of sampling steps: 0
 total no. of averaging Steps: 0


Creating the boundary models: 

Selecting dsmcPatchBoundaryModel dsmcDeletionPatch
Selecting dsmcPatchBoundaryModel dsmcDeletionPatch
Selecting dsmcPatchBoundaryModel dsmcDiffuseWallPatch
Selecting dsmcGeneralBoundaryModel dsmcFreeStreamInflowPatch
Selecting BinaryCollisionModel LarsenBorgnakkeVariableHardSphere

Creating dsmcReactions

Selecting the reaction model dissociationQK
Selecting the reaction model dissociationExchangeQK
Selecting the reaction model dissociationQK
Selecting the reaction model dissociationQK
Selecting the reaction model dissociationQK
Selecting the reaction model dissociationQK
Selecting the reaction model dissociationQK
Selecting the reaction model dissociationExchangeQK
Selecting the reaction model dissociationQK
Selecting the reaction model dissociationExchangeQK
Selecting the reaction model dissociationExchangeQK
Selecting the reaction model dissociationQK
Number of reactions created: 12
Creating the boundary models: 

Selecting dsmcPatchBoundaryModel dsmcDeletionPatch
Selecting dsmcPatchBoundaryModel dsmcDeletionPatch
Selecting dsmcPatchBoundaryModel dsmcDiffuseWallPatch
Selecting dsmcGeneralBoundaryModel dsmcFreeStreamInflowPatch
Selecting field: dsmcVolFields

TimeData Statistics: 
 measurement option: write
 nSamples: 1, time interval: 6.640048894e-08
 nAverages: 15060, time interval: 0.0009999913634
 total no. of sampling steps: 0
 total no. of averaging Steps: 0


Creating the boundary models: 

Selecting dsmcPatchBoundaryModel dsmcDeletionPatch
Selecting dsmcPatchBoundaryModel dsmcDeletionPatch
Selecting dsmcPatchBoundaryModel dsmcDiffuseWallPatch
Selecting dsmcGeneralBoundaryModel dsmcFreeStreamInflowPatch
Selecting BinaryCollisionModel LarsenBorgnakkeVariableHardSphere

Creating dsmcReactions

Selecting the reaction model dissociationQK
Selecting the reaction model dissociationExchangeQK
Selecting the reaction model dissociationQK
Selecting the reaction model dissociationQK
Selecting the reaction model dissociationQK
Selecting the reaction model dissociationQK
Selecting the reaction model dissociationQK
Selecting the reaction model dissociationExchangeQK
Selecting the reaction model dissociationQK
Selecting the reaction model dissociationExchangeQK
Selecting the reaction model dissociationExchangeQK
Selecting the reaction model dissociationQK
Number of reactions created: 12
Selecting field: dsmcVolFields

TimeData Statistics: 
 measurement option: write
 nSamples: 1, time interval: 6.640048894e-08
 nAverages: 15060, time interval: 0.0009999913634
 total no. of sampling steps: 0
 total no. of averaging Steps: 0


Selecting BinaryCollisionModel LarsenBorgnakkeVariableHardSphere

Creating dsmcReactions

Selecting the reaction model dissociationQK
Selecting the reaction model dissociationExchangeQK
Selecting the reaction model dissociationQK
Selecting the reaction model dissociationQK
Selecting the reaction model dissociationQK
Selecting the reaction model dissociationQK
Selecting the reaction model dissociationQK
Selecting the reaction model dissociationExchangeQK
Selecting the reaction model dissociationQK
Selecting the reaction model dissociationExchangeQK
Selecting the reaction model dissociationExchangeQK
Selecting the reaction model dissociationQK
Number of reactions created: 12
Creating the boundary models: 

Selecting dsmcPatchBoundaryModel dsmcDeletionPatch
Selecting dsmcPatchBoundaryModel dsmcDeletionPatch
Selecting dsmcPatchBoundaryModel dsmcDiffuseWallPatch
Selecting dsmcGeneralBoundaryModel dsmcFreeStreamInflowPatch
Selecting BinaryCollisionModel LarsenBorgnakkeVariableHardSphere

Creating dsmcReactions

Selecting the reaction model dissociationQK
Selecting the reaction model dissociationExchangeQK
Selecting the reaction model dissociationQK
Selecting the reaction model dissociationQK
Selecting the reaction model dissociationQK
Selecting the reaction model dissociationQK
Selecting the reaction model dissociationQK
Selecting the reaction model dissociationExchangeQK
Selecting the reaction model dissociationQK
Selecting the reaction model dissociationExchangeQK
Selecting the reaction model dissociationExchangeQK
Selecting the reaction model dissociationQK
Number of reactions created: 12
Creating the boundary models: 

Selecting dsmcPatchBoundaryModel dsmcDeletionPatch
Selecting dsmcPatchBoundaryModel dsmcDeletionPatch
Selecting dsmcPatchBoundaryModel dsmcDiffuseWallPatch
Selecting dsmcGeneralBoundaryModel dsmcFreeStreamInflowPatch
Selecting BinaryCollisionModel LarsenBorgnakkeVariableHardSphere

Creating dsmcReactions

Selecting the reaction model dissociationQK
Selecting the reaction model dissociationExchangeQK
Selecting the reaction model dissociationQK
Selecting the reaction model dissociationQK
Selecting the reaction model dissociationQK
Selecting the reaction model dissociationQK
Selecting the reaction model dissociationQK
Selecting the reaction model dissociationExchangeQK
Selecting the reaction model dissociationQK
Selecting the reaction model dissociationExchangeQK
Selecting the reaction model dissociationExchangeQK
Selecting the reaction model dissociationQK
Number of reactions created: 12

Constructing constant properties for
	N2
	O2
	NO
	N
	O

Constructing constant properties for
	N2
	O2
	NO
	N
	O

Constructing constant properties for
	N2
	O2
	NO
	N
	O
Selecting collisionPartnerSelectionModel noTimeCounter

Initialising the measurement fields

Initialising dsmcVolFields field
Initialising dsmcVolFields field
Selecting collisionPartnerSelectionModel noTimeCounter

Initialising the measurement fields

Initialising dsmcVolFields field
Initialising dsmcVolFields field
Initialising dsmcVolFields field
Initialising dsmcVolFields field
Initialising dsmcVolFields field
Initialising dsmcVolFields field
Initialising dsmcVolFields field
Initialising dsmcVolFields field
Initialising dsmcVolFields field
Initialising dsmcVolFields field
Selecting collisionPartnerSelectionModel noTimeCounter

Initialising the measurement fields

Initialising dsmcVolFields field
Initialising dsmcVolFields field
Initialising dsmcVolFields field
Initialising dsmcVolFields field
Initialising dsmcVolFields field
Initialising dsmcVolFields field

Constructing constant properties for
	N2
	O2
	NO
	N
	O

Constructing constant properties for
	N2
	O2
	NO
	N
	O

Constructing constant properties for
	N2
	O2
	NO
	N
	O

Constructing constant properties for
	N2
	O2
	NO
	N
	O

Constructing constant properties for
	N2
	O2
	NO
	N
	O
Selecting collisionPartnerSelectionModel noTimeCounter

Initialising the measurement fields

Initialising dsmcVolFields field
Initialising dsmcVolFields field
Initialising dsmcVolFields field
Initialising dsmcVolFields field
Initialising dsmcVolFields field
Initialising dsmcVolFields field
Selecting collisionPartnerSelectionModel noTimeCounter

Initialising the measurement fields

Initialising dsmcVolFields field
Initialising dsmcVolFields field
Initialising dsmcVolFields field
Selecting collisionPartnerSelectionModel noTimeCounter

Initialising the measurement fields

Initialising dsmcVolFields field
Initialising dsmcVolFields field
Initialising dsmcVolFields field
Initialising dsmcVolFields field
Initialising dsmcVolFields field
Initialising dsmcVolFields field
Initialising dsmcVolFields field
Initialising dsmcVolFields field
Initialising dsmcVolFields field
Selecting collisionPartnerSelectionModel noTimeCounter

Initialising the measurement fields

Initialising dsmcVolFields field
Initialising dsmcVolFields field
Initialising dsmcVolFields field
Initialising dsmcVolFields field
Initialising dsmcVolFields field
Initialising dsmcVolFields field
Selecting collisionPartnerSelectionModel noTimeCounter

Initialising the measurement fields

Initialising dsmcVolFields field
Initialising dsmcVolFields field
Initialising dsmcVolFields field
Initialising dsmcVolFields field
Initialising dsmcVolFields field
Initialising dsmcVolFields field
Replicated mesh: METIS decomposition complete, 60000 cells -> 8 ranks
Replicated mesh: rank 0 owns 7384 / 60000 cells
Local mesh: 7384 owned + 356 halo = 7740 / 60000 cells
Replicated mesh: no-Alltoall async migration enabled
Replicated mesh: flatTransfer=1 found=1
Replicated mesh: flat POD transfer enabled
Replicated mesh: writeMode=gathered
Phase C auto DLB: enabled (ParMETIS AdaptiveRepart), imbalanceThreshold=1.5, dlbSteps=50, sarSteps=10, triggerMode=legacyWindow, minGapSteps=50, checkCollective=allgather, skipFixedKPostDiag=0
Replicated mesh: initialized with 8 MPI ranks, migrate interval 10

Starting time loop

Replicated mesh: initial particle distribution

Replicated mesh: rank 0 kept 257871 parcels, deleted 1051233 non-owned parcels
Time = 6.640048894e-07

    Collisions                      = 25368
    Collision candidates           = 33726
    Collision acceptance rate      = 0.7521793275

    Number of DSMC particles        = 1330298
    Number of stuck particles       = 0
    Number of free particles        = 1330298
    Average linear kinetic energy   = 1.89337694e-19
    Average rotational energy       = 1.327239273e-21
    Average vibrational energy      = 9.365559897e-26
    Average electronic energy       = 0
    Total energy                    = 0.001521847824

Stage 1.0  ExecutionTime = 5.62 s  ClockTime = 7 s  Iteration 10 (0.15 s)

Time = 1.328009779e-06

    Collisions                      = 35386
    Collision candidates           = 53262
    Collision acceptance rate      = 0.664376103

    Number of DSMC particles        = 1353934
    Number of stuck particles       = 0
    Number of free particles        = 1353934
    Average linear kinetic energy   = 1.865904704e-19
    Average rotational energy       = 1.552152625e-21
    Average vibrational energy      = 1.033906405e-25
    Average electronic energy       = 0
    Total energy                    = 0.001528397005

Stage 1.0  ExecutionTime = 7.12 s  ClockTime = 8 s  Iteration 20 (0.17 s)

Time = 1.992014668e-06

    Collisions                      = 45180
    Collision candidates           = 73397
    Collision acceptance rate      = 0.6155564941

    Number of DSMC particles        = 1377495
    Number of stuck particles       = 0
    Number of free particles        = 1377495
    Average linear kinetic energy   = 1.841214684e-19
    Average rotational energy       = 1.862126112e-21
    Average vibrational energy      = 1.46845565e-25
    Average electronic energy       = 0
    Total energy                    = 0.001537150043

Stage 1.0  ExecutionTime = 8.67 s  ClockTime = 10 s  Iteration 30 (0.17 s)

Time = 2.656019558e-06

    Collisions                      = 55507
    Collision candidates           = 94002
    Collision acceptance rate      = 0.5904874364

    Number of DSMC particles        = 1401014
    Number of stuck particles       = 0
    Number of free particles        = 1401014
    Average linear kinetic energy   = 1.819072132e-19
    Average rotational energy       = 2.254816019e-21
    Average vibrational energy      = 1.111604309e-25
    Average electronic energy       = 0
    Total energy                    = 0.001548082422

Stage 1.0  ExecutionTime = 10.34 s  ClockTime = 12 s  Iteration 40 (0.2 s)

Time = 3.320024447e-06

    Collisions                      = 64990
    Collision candidates           = 114308
    Collision acceptance rate      = 0.5685516324

    Number of DSMC particles        = 1424352
    Number of stuck particles       = 0
    Number of free particles        = 1424352
    Average linear kinetic energy   = 1.798678602e-19
    Average rotational energy       = 2.682472178e-21
    Average vibrational energy      = 2.837775311e-25
    Average electronic energy       = 0
    Total energy                    = 0.001560098011

Stage 1.0  ExecutionTime = 12.04 s  ClockTime = 14 s  Iteration 50 (0.2 s)

Time = 3.984029336e-06

    Collisions                      = 74561
    Collision candidates           = 133909
    Collision acceptance rate      = 0.5568035009

    Number of DSMC particles        = 1447686
    Number of stuck particles       = 0
    Number of free particles        = 1447686
    Average linear kinetic energy   = 1.779741361e-19
    Average rotational energy       = 3.166746758e-21
    Average vibrational energy      = 4.290671009e-25
    Average electronic energy       = 0
    Total energy                    = 0.001573414448

Stage 1.0  ExecutionTime = 13.8 s  ClockTime = 16 s  Iteration 60 (0.19 s)

Time = 4.648034226e-06

    Collisions                      = 83787
    Collision candidates           = 152843
    Collision acceptance rate      = 0.5481899727

    Number of DSMC particles        = 1471119
    Number of stuck particles       = 0
    Number of free particles        = 1471119
    Average linear kinetic energy   = 1.762431943e-19
    Average rotational energy       = 3.643639945e-21
    Average vibrational energy      = 9.515484709e-25
    Average electronic energy       = 0
    Total energy                    = 0.001587818037

Stage 1.0  ExecutionTime = 15.67 s  ClockTime = 18 s  Iteration 70 (0.21 s)

Time = 5.312039115e-06

    Collisions                      = 92672
    Collision candidates           = 171275
    Collision acceptance rate      = 0.5410713764

    Number of DSMC particles        = 1494441
    Number of stuck particles       = 0
    Number of free particles        = 1494441
    Average linear kinetic energy   = 1.746121441e-19
    Average rotational energy       = 4.146774133e-21
    Average vibrational energy      = 1.353062702e-24
    Average electronic energy       = 0
    Total energy                    = 0.001602880071

Stage 1.0  ExecutionTime = 17.62 s  ClockTime = 20 s  Iteration 80 (0.21 s)

Time = 5.976044005e-06

    Collisions                      = 101478
    Collision candidates           = 189391
    Collision acceptance rate      = 0.5358121558

    Number of DSMC particles        = 1517873
    Number of stuck particles       = 0
    Number of free particles        = 1517873
    Average linear kinetic energy   = 1.730892618e-19
    Average rotational energy       = 4.649354855e-21
    Average vibrational energy      = 1.650360441e-24
    Average electronic energy       = 0
    Total energy                    = 0.001618722914

Stage 1.0  ExecutionTime = 19.75 s  ClockTime = 19 s  Iteration 90 (0.24 s)

Time = 6.640048894e-06

    Collisions                      = 109426
    Collision candidates           = 205524
    Collision acceptance rate      = 0.532424437

    Number of DSMC particles        = 1540855
    Number of stuck particles       = 0
    Number of free particles        = 1540855
    Average linear kinetic energy   = 1.716650939e-19
    Average rotational energy       = 5.155729078e-21
    Average vibrational energy      = 2.059772404e-24
    Average electronic energy       = 0
    Total energy                    = 0.001634750538

Stage 1.0  ExecutionTime = 21.87 s  ClockTime = 22 s  Iteration 100 (0.25 s)

Time = 7.304053783e-06

    Collisions                      = 117861
    Collision candidates           = 222509
    Collision acceptance rate      = 0.5296909338

    Number of DSMC particles        = 1563967
    Number of stuck particles       = 0
    Number of free particles        = 1563967
    Average linear kinetic energy   = 1.702881528e-19
    Average rotational energy       = 5.67284936e-21
    Average vibrational energy      = 2.17789774e-24
    Average electronic energy       = 0
    Total energy                    = 0.001651203641

Stage 1.0  ExecutionTime = 24.05 s  ClockTime = 24 s  Iteration 110 (0.24 s)

Time = 7.968058673e-06

    Collisions                      = 126024
    Collision candidates           = 238646
    Collision acceptance rate      = 0.5280792471

    Number of DSMC particles        = 1586518
    Number of stuck particles       = 0
    Number of free particles        = 1586518
    Average linear kinetic energy   = 1.690241508e-19
    Average rotational energy       = 6.160493274e-21
    Average vibrational energy      = 2.255259443e-24
    Average electronic energy       = 0
    Total energy                    = 0.001667623015

Stage 1.0  ExecutionTime = 26.37 s  ClockTime = 27 s  Iteration 120 (0.25 s)

Time = 8.632063562e-06

    Collisions                      = 133342
    Collision candidates           = 254520
    Collision acceptance rate      = 0.523895961

    Number of DSMC particles        = 1609160
    Number of stuck particles       = 0
    Number of free particles        = 1609160
    Average linear kinetic energy   = 1.677972151e-19
    Average rotational energy       = 6.655958297e-21
    Average vibrational energy      = 2.677619822e-24
    Average electronic energy       = 0
    Total energy                    = 0.001684364263

Stage 1.0  ExecutionTime = 28.83 s  ClockTime = 29 s  Iteration 130 (0.27 s)

Time = 9.296068452e-06

    Collisions                      = 139498
    Collision candidates           = 267941
    Collision acceptance rate      = 0.5206295416

    Number of DSMC particles        = 1631568
    Number of stuck particles       = 0
    Number of free particles        = 1631568
    Average linear kinetic energy   = 1.66647197e-19
    Average rotational energy       = 7.132262237e-21
    Average vibrational energy      = 3.423556197e-24
    Average electronic energy       = 0
    Total energy                    = 0.001701231543

Stage 1.0  ExecutionTime = 31.4 s  ClockTime = 32 s  Iteration 140 (0.29 s)

Time = 9.960073341e-06

    Collisions                      = 146957
    Collision candidates           = 282546
    Collision acceptance rate      = 0.5201170783

    Number of DSMC particles        = 1653726
    Number of stuck particles       = 0
    Number of free particles        = 1653726
    Average linear kinetic energy   = 1.655381433e-19
    Average rotational energy       = 7.624358922e-21
    Average vibrational energy      = 4.158348561e-24
    Average electronic energy       = 0
    Total energy                    = 0.001718221254

Stage 1.0  ExecutionTime = 33.97 s  ClockTime = 35 s  Iteration 150 (0.29 s)

Time = 1.062407823e-05

    Collisions                      = 154275
    Collision candidates           = 297654
    Collision acceptance rate      = 0.5183031305

    Number of DSMC particles        = 1675823
    Number of stuck particles       = 0
    Number of free particles        = 1675823
    Average linear kinetic energy   = 1.644845356e-19
    Average rotational energy       = 8.097851053e-21
    Average vibrational energy      = 4.837572033e-24
    Average electronic energy       = 0
    Total energy                    = 0.001735353839

Stage 1.0  ExecutionTime = 36.73 s  ClockTime = 38 s  Iteration 160 (0.28 s)

Time = 1.128808312e-05

    Collisions                      = 160867
    Collision candidates           = 311060
    Collision acceptance rate      = 0.5171574616


Phase C auto DLB triggered (SAR) at step 170: sar=0.0007169272286 loadImbalance=1.041416177 threshold=1.5
Phase C ParMETIS weights: particles=1697556 activeCells=60000 maxCellParticles=344
Phase C ParMETIS: alpha=0.8 ncon=2 ubvec=[1.049999952,1.5] moveRatio=0.8324277242 (moveT=27.03002882s, collT=5.441293354s)
Phase C ParMETIS: AdaptiveRepart (60000 cells, 2 constraints, ubvec=1.049999952)
Replicated mesh: rank 0 owns 7736 / 60000 cells
Local mesh: 7736 owned + 574 halo = 8310 / 60000 cells
Phase C ParMETIS AdaptiveRepart: 59814 / 60000 cells changed (0.9969)
Phase C auto DLB complete: rebalance #1

    Number of DSMC particles        = 1697556
    Number of stuck particles       = 0
    Number of free particles        = 1697556
    Average linear kinetic energy   = 1.634837723e-19
    Average rotational energy       = 8.55790659e-21
    Average vibrational energy      = 5.233080536e-24
    Average electronic energy       = 0
    Total energy                    = 0.001752355606

Stage 1.0  ExecutionTime = 39.75 s  ClockTime = 41 s  Iteration 170 (0.51 s)

Time = 1.195208801e-05

    Collisions                      = 136354
    Collision candidates           = 236255
    Collision acceptance rate      = 0.5771475736

    Number of DSMC particles        = 1719097
    Number of stuck particles       = 0
    Number of free particles        = 1719097
    Average linear kinetic energy   = 1.626413237e-19
    Average rotational energy       = 8.702984217e-21
    Average vibrational energy      = 5.846012064e-24
    Average electronic energy       = 0
    Total energy                    = 0.001767405213

Stage 1.0  ExecutionTime = 41.59 s  ClockTime = 43 s  Iteration 180 (0.2 s)

Time = 1.26160929e-05

    Collisions                      = 144668
    Collision candidates           = 262467
    Collision acceptance rate      = 0.5511854824

    Number of DSMC particles        = 1740769
    Number of stuck particles       = 0
    Number of free particles        = 1740769
    Average linear kinetic energy   = 1.614786452e-19
    Average rotational energy       = 9.041228262e-21
    Average vibrational energy      = 6.470024485e-24
    Average electronic energy       = 0
    Total energy                    = 0.001781081834

Stage 1.0  ExecutionTime = 43.83 s  ClockTime = 46 s  Iteration 190 (0.23 s)

Time = 1.328009779e-05

    Collisions                      = 148662
    Collision candidates           = 274871
    Collision acceptance rate      = 0.5408427953

    Number of DSMC particles        = 1761609
    Number of stuck particles       = 0
    Number of free particles        = 1761609
    Average linear kinetic energy   = 1.603859548e-19
    Average rotational energy       = 9.413944821e-21
    Average vibrational energy      = 7.726278879e-24
    Average electronic energy       = 0
    Total energy                    = 0.001794807852

Stage 1.0  ExecutionTime = 46.3 s  ClockTime = 48 s  Iteration 200 (0.26 s)

Time = 1.394410268e-05

    Collisions                      = 151781
    Collision candidates           = 284536
    Collision acceptance rate      = 0.5334333793

    Number of DSMC particles        = 1782464
    Number of stuck particles       = 0
    Number of free particles        = 1782464
    Average linear kinetic energy   = 1.59377597e-19
    Average rotational energy       = 9.800086321e-21
    Average vibrational energy      = 8.962121509e-24
    Average electronic energy       = 0
    Total energy                    = 0.001809414629

Stage 1.0  ExecutionTime = 49.01 s  ClockTime = 48 s  Iteration 210 (0.29 s)

Time = 1.460810757e-05

    Collisions                      = 157008
    Collision candidates           = 294761
    Collision acceptance rate      = 0.532662055

    Number of DSMC particles        = 1802741
    Number of stuck particles       = 0
    Number of free particles        = 1802741
    Average linear kinetic energy   = 1.584202765e-19
    Average rotational energy       = 1.020020279e-20
    Average vibrational energy      = 9.396332269e-24
    Average electronic energy       = 0
    Total energy                    = 0.001823975944

Stage 1.0  ExecutionTime = 52 s  ClockTime = 52 s  Iteration 220 (0.33 s)

Time = 1.527211246e-05

    Collisions                      = 161630
    Collision candidates           = 306299
    Collision acceptance rate      = 0.5276869987

    Number of DSMC particles        = 1822970
    Number of stuck particles       = 0
    Number of free particles        = 1822970
    Average linear kinetic energy   = 1.575277912e-19
    Average rotational energy       = 1.058210603e-20
    Average vibrational energy      = 1.014440004e-23
    Average electronic energy       = 0
    Total energy                    = 0.001838866753

Stage 1.0  ExecutionTime = 55.21 s  ClockTime = 55 s  Iteration 230 (0.34 s)

Time = 1.593611735e-05

    Collisions                      = 166437
    Collision candidates           = 317336
    Collision acceptance rate      = 0.5244819371

    Number of DSMC particles        = 1842963
    Number of stuck particles       = 0
    Number of free particles        = 1842963
    Average linear kinetic energy   = 1.566594256e-19
    Average rotational energy       = 1.094922334e-20
    Average vibrational energy      = 1.116514291e-23
    Average electronic energy       = 0
    Total energy                    = 0.001853502693

Stage 1.0  ExecutionTime = 58.53 s  ClockTime = 59 s  Iteration 240 (0.36 s)

Time = 1.660012224e-05

    Collisions                      = 172391
    Collision candidates           = 328624
    Collision acceptance rate      = 0.5245843274

    Number of DSMC particles        = 1862994
    Number of stuck particles       = 0
    Number of free particles        = 1862994
    Average linear kinetic energy   = 1.558450139e-19
    Average rotational energy       = 1.130190281e-20
    Average vibrational energy      = 1.243142598e-23
    Average electronic energy       = 0
    Total energy                    = 0.001868501176

Stage 1.0  ExecutionTime = 62.05 s  ClockTime = 63 s  Iteration 250 (0.38 s)

Time = 1.726412712e-05

    Collisions                      = 176769
    Collision candidates           = 339431
    Collision acceptance rate      = 0.5207803648


Phase C auto DLB triggered (SAR) at step 260: sar=0.000963010625 loadImbalance=1.040403742 threshold=1.5
Phase C ParMETIS weights: particles=1882478 activeCells=59999 maxCellParticles=332
Phase C ParMETIS: alpha=0.8 ncon=2 ubvec=[1.049999952,1.5] moveRatio=0.8071877149 (moveT=46.79921233s, collT=11.17889049s)
Phase C ParMETIS: AdaptiveRepart (60000 cells, 2 constraints, ubvec=1.049999952)
Replicated mesh: rank 0 owns 6851 / 60000 cells
Local mesh: 6851 owned + 518 halo = 7369 / 60000 cells
Phase C ParMETIS AdaptiveRepart: 36933 / 60000 cells changed (0.61555)
Phase C auto DLB complete: rebalance #2

    Number of DSMC particles        = 1882478
    Number of stuck particles       = 0
    Number of free particles        = 1882478
    Average linear kinetic energy   = 1.550687281e-19
    Average rotational energy       = 1.163985919e-20
    Average vibrational energy      = 1.348436657e-23
    Average electronic energy       = 0
    Total energy                    = 0.001883103792

Stage 1.0  ExecutionTime = 66.08 s  ClockTime = 67 s  Iteration 260 (0.62 s)

Time = 1.792813201e-05

    Collisions                      = 184097
    Collision candidates           = 330680
    Collision acceptance rate      = 0.5567225112

    Number of DSMC particles        = 1901877
    Number of stuck particles       = 0
    Number of free particles        = 1901877
    Average linear kinetic energy   = 1.543286769e-19
    Average rotational energy       = 1.192883275e-20
    Average vibrational energy      = 1.432946045e-23
    Average electronic energy       = 0
    Total energy                    = 0.001897371519

Stage 1.0  ExecutionTime = 69.23 s  ClockTime = 71 s  Iteration 270 (0.35 s)

Time = 1.85921369e-05

    Collisions                      = 191696
    Collision candidates           = 353084
    Collision acceptance rate      = 0.5429189655

    Number of DSMC particles        = 1920789
    Number of stuck particles       = 0
    Number of free particles        = 1920789
    Average linear kinetic energy   = 1.535868697e-19
    Average rotational energy       = 1.226249261e-20
    Average vibrational energy      = 1.430915206e-23
    Average electronic energy       = 0
    Total energy                    = 0.001911534694

Stage 1.0  ExecutionTime = 72.67 s  ClockTime = 74 s  Iteration 280 (0.38 s)

Time = 1.925614179e-05

    Collisions                      = 198905
    Collision candidates           = 371416
    Collision acceptance rate      = 0.5355315872

    Number of DSMC particles        = 1939436
    Number of stuck particles       = 0
    Number of free particles        = 1939436
    Average linear kinetic energy   = 1.52844613e-19
    Average rotational energy       = 1.259003036e-20
    Average vibrational energy      = 1.500614256e-23
    Average electronic energy       = 0
    Total energy                    = 0.001925274039

Stage 1.0  ExecutionTime = 76.12 s  ClockTime = 78 s  Iteration 290 (0.38 s)

Time = 1.992014668e-05

    Collisions                      = 204705
    Collision candidates           = 385620
    Collision acceptance rate      = 0.5308464291

    Number of DSMC particles        = 1958355
    Number of stuck particles       = 0
    Number of free particles        = 1958355
    Average linear kinetic energy   = 1.521394375e-19
    Average rotational energy       = 1.289523705e-20
    Average vibrational energy      = 1.554453464e-23
    Average electronic energy       = 0
    Total energy                    = 0.001939361531

Stage 1.0  ExecutionTime = 79.82 s  ClockTime = 79 s  Iteration 300 (0.38 s)

End stage 1


DSMC solver profile summary
    solver profile steps          = 300
    move+collide wall [s]         = 80.88643936
    move only [s]                 = 57.0751589
    buildCellOccupancy [s]        = 7.129024053
    collision phase [s]           = 34.33575484
    post fields/output [s]        = 1.291477795
    total profiled [s]            = 99.83141558
    full evolve wall [s]          = 82.15493439
    move+collide cpu [s]          = 73.79
    move only cpu [s]             = 52.09
    buildCellOccupancy cpu [s]    = 6.44
    collision phase cpu [s]       = 31.29
    post fields/output cpu [s]    = 1.21
    total profiled cpu [s]        = 91.03
    full evolve cpu [s]           = 74.89
    OpenMP enabled                = 0
    OpenMP max threads            = 1
    OpenMP move                   = 0 (static, chunk 64)
    OpenMP collision              = dynamic, chunk 8


Replicated mesh profiling summary:
    migration calls             = 33
    migration wall time [s]     = 1.801981371
    local particles (final)     = 280674
    particles per rank          = min 210872 max 280674 max/min 1.331015972
    rank wall time (evolve, 300 steps): min 73.22 max 73.35 max/min 1.001775471
    Phase C auto DLB checks      = 300
    Phase C auto DLB rebalances = 2
    Phase C auto DLB triggered checks = 2
    Phase C auto DLB wall max [s]= 0.44754919
    Phase C auto DLB check max [s]= 0.011778055
    Phase C ParMETIS max [s]     = 0.13507638
    Phase C migration max [s]    = 0.322421524
    Phase C cellOwner write max [s] = 0
    Phase C post-diagnostic max [s] = 0.000209817
    Phase C auto DLB accounted max [s] = 0.469485776
    Phase C auto DLB residual max [s] = -0.021936586

Total Iterations = 300
End main

real 79.84
user 576.93
sys 63.24
