case=zb
mode=MPI4xOMP2
rep=2
np=4
OMP_NUM_THREADS=2
case_dir=/home/superxcx/code/OpenFoam/OF-1706/hyStrath_dlb/run/hyStrath/dsmcFoam+/xcx_test/zb-cylinder-react/mpi4omp2
controlDict=/home/superxcx/code/OpenFoam/OF-1706/hyStrath_dlb/doc/worklog/v2506/detail_mix/repeat_nowrite_compute_20260610_parmetisfix_clean/controlDicts/zb_MPI4xOMP2_rep2_controlDict
start=2026-06-10T23:48:11+08:00
/*---------------------------------------------------------------------------*\
| =========                 |                                                 |
| \\      /  F ield         | OpenFOAM: The Open Source CFD Toolbox           |
|  \\    /   O peration     | Version:  v1706                                 |
|   \\  /    A nd           | Web:      www.OpenFOAM.com                      |
|    \\/     M anipulation  |                                                 |
\*---------------------------------------------------------------------------*/
Build  : v1706
Arch   : "LSB;label=32;scalar=64"
Exec   : dsmcFoam+
Date   : Jun 10 2026
Time   : 23:48:11
Host   : "SuperXCX-ROG"
PID    : 99833
/*---------------------------------------------------------------------------*\
| =========                 |                                                 |
| \\      /  F ield         | OpenFOAM: The Open Source CFD Toolbox           |
|  \\    /   O peration     | Version:  v1706                                 |
|   \\  /    A nd           | Web:      www.OpenFOAM.com                      |
|    \\/     M anipulation  |                                                 |
\*---------------------------------------------------------------------------*/
Build  : v1706
Arch   : "LSB;label=32;scalar=64"
Exec   : dsmcFoam+
Date   : Jun 10 2026
Time   : 23:48:11
Host   : "SuperXCX-ROG"
PID    : 99834
Case   : /home/superxcx/code/OpenFoam/OF-1706/hyStrath_dlb/run/hyStrath/dsmcFoam+/xcx_test/zb-cylinder-react/mpi4omp2
nProcs : 1
sigFpe : Enabling floating point exception trapping (FOAM_SIGFPE).
fileModificationChecking : Monitoring run-time modified files using timeStampMaster (fileModificationSkew 10)
allowSystemOperations : Allowing user-supplied system call operations

// * * * * * * * * * * * * * * * * * * * * * * * * * * * * * * * * * * * * * //
Create time

/*---------------------------------------------------------------------------*\
| =========                 |                                                 |
| \\      /  F ield         | OpenFOAM: The Open Source CFD Toolbox           |
|  \\    /   O peration     | Version:  v1706                                 |
|   \\  /    A nd           | Web:      www.OpenFOAM.com                      |
|    \\/     M anipulation  |                                                 |
\*---------------------------------------------------------------------------*/
Build  : v1706
Arch   : "LSB;label=32;scalar=64"
Exec   : dsmcFoam+
Date   : Jun 10 2026
Time   : 23:48:11
Host   : "SuperXCX-ROG"
PID    : 99835
Case   : /home/superxcx/code/OpenFoam/OF-1706/hyStrath_dlb/run/hyStrath/dsmcFoam+/xcx_test/zb-cylinder-react/mpi4omp2
nProcs : 1
sigFpe : Enabling floating point exception trapping (FOAM_SIGFPE).
fileModificationChecking : Monitoring run-time modified files using timeStampMaster (fileModificationSkew 10)
allowSystemOperations : Allowing user-supplied system call operations

// * * * * * * * * * * * * * * * * * * * * * * * * * * * * * * * * * * * * * //
Create time

/*---------------------------------------------------------------------------*\
| =========                 |                                                 |
| \\      /  F ield         | OpenFOAM: The Open Source CFD Toolbox           |
|  \\    /   O peration     | Version:  v1706                                 |
|   \\  /    A nd           | Web:      www.OpenFOAM.com                      |
|    \\/     M anipulation  |                                                 |
\*---------------------------------------------------------------------------*/
Build  : v1706
Arch   : "LSB;label=32;scalar=64"
Exec   : dsmcFoam+
Date   : Jun 10 2026
Time   : 23:48:11
Host   : "SuperXCX-ROG"
PID    : 99836
Case   : /home/superxcx/code/OpenFoam/OF-1706/hyStrath_dlb/run/hyStrath/dsmcFoam+/xcx_test/zb-cylinder-react/mpi4omp2
nProcs : 1
sigFpe : Enabling floating point exception trapping (FOAM_SIGFPE).
fileModificationChecking : Monitoring run-time modified files using timeStampMaster (fileModificationSkew 10)
allowSystemOperations : Allowing user-supplied system call operations

// * * * * * * * * * * * * * * * * * * * * * * * * * * * * * * * * * * * * * //
Create time

Case   : /home/superxcx/code/OpenFoam/OF-1706/hyStrath_dlb/run/hyStrath/dsmcFoam+/xcx_test/zb-cylinder-react/mpi4omp2
nProcs : 1
sigFpe : Enabling floating point exception trapping (FOAM_SIGFPE).
fileModificationChecking : Monitoring run-time modified files using timeStampMaster (fileModificationSkew 10)
allowSystemOperations : Allowing user-supplied system call operations

// * * * * * * * * * * * * * * * * * * * * * * * * * * * * * * * * * * * * * //
Create time

Create mesh for time = 0

Create mesh for time = 0

Create mesh for time = 0

Create mesh for time = 0

Selecting dynamicFvMesh dynamicRefineFvMesh
Selecting dynamicFvMesh dynamicRefineFvMesh
Selecting dynamicFvMesh dynamicRefineFvMesh
Selecting dynamicFvMesh dynamicRefineFvMesh

Constructing dsmcCloud 

Constructing dsmcCloud 

Constructing dsmcCloud 

Constructing dsmcCloud 
Selecting the coordinate system model:	dsmcCartesian

Selecting the time-step model:	dsmcConstantTimeStepModel

Constant time-step model:
- time-step [sec]	6.640048894e-08

Selecting the porous measurement model:	dsmcNoPorousMediumMeasurements


Creating dsmcControllers

Creating fields: 

Selecting field: dsmcVolFields

TimeData Statistics: 
 measurement option: write
 nSamples: 1, time interval: 6.640048894e-08
 nAverages: 15060, time interval: 0.0009999913634
 total no. of sampling steps: 0
 total no. of averaging Steps: 0


Selecting field: dsmcVolFields

TimeData Statistics: 
 measurement option: write
 nSamples: 1, time interval: 6.640048894e-08
 nAverages: 15060, time interval: 0.0009999913634
 total no. of sampling steps: 0
 total no. of averaging Steps: 0


Selecting the coordinate system model:	dsmcCartesian

Selecting the time-step model:	dsmcConstantTimeStepModel

Constant time-step model:
- time-step [sec]	6.640048894e-08

Selecting the porous measurement model:	dsmcNoPorousMediumMeasurements


Creating dsmcControllers

Creating fields: 

Selecting field: dsmcVolFields

TimeData Statistics: 
 measurement option: write
 nSamples: 1, time interval: 6.640048894e-08
 nAverages: 15060, time interval: 0.0009999913634
 total no. of sampling steps: 0
 total no. of averaging Steps: 0


Selecting the coordinate system model:	dsmcCartesian

Selecting the time-step model:	dsmcConstantTimeStepModel

Constant time-step model:
- time-step [sec]	6.640048894e-08

Selecting the porous measurement model:	dsmcNoPorousMediumMeasurements

Selecting field: dsmcVolFields

TimeData Statistics: 
 measurement option: write
 nSamples: 1, time interval: 6.640048894e-08
 nAverages: 15060, time interval: 0.0009999913634
 total no. of sampling steps: 0
 total no. of averaging Steps: 0



Creating dsmcControllers

Creating fields: 

Selecting field: dsmcVolFields

TimeData Statistics: 
 measurement option: write
 nSamples: 1, time interval: 6.640048894e-08
 nAverages: 15060, time interval: 0.0009999913634
 total no. of sampling steps: 0
 total no. of averaging Steps: 0


Selecting field: dsmcVolFields

TimeData Statistics: 
 measurement option: write
 nSamples: 1, time interval: 6.640048894e-08
 nAverages: 15060, time interval: 0.0009999913634
 total no. of sampling steps: 0
 total no. of averaging Steps: 0


Selecting the coordinate system model:	dsmcCartesian

Selecting the time-step model:	dsmcConstantTimeStepModel

Constant time-step model:
- time-step [sec]	6.640048894e-08

Selecting the porous measurement model:	dsmcNoPorousMediumMeasurements


Creating dsmcControllers

Selecting field: dsmcVolFields

TimeData Statistics: 
 measurement option: write
 nSamples: 1, time interval: 6.640048894e-08
 nAverages: 15060, time interval: 0.0009999913634
 total no. of sampling steps: 0
 total no. of averaging Steps: 0


Creating fields: 

Selecting field: dsmcVolFields

TimeData Statistics: 
 measurement option: write
 nSamples: 1, time interval: 6.640048894e-08
 nAverages: 15060, time interval: 0.0009999913634
 total no. of sampling steps: 0
 total no. of averaging Steps: 0


Selecting field: dsmcVolFields

TimeData Statistics: 
 measurement option: write
 nSamples: 1, time interval: 6.640048894e-08
 nAverages: 15060, time interval: 0.0009999913634
 total no. of sampling steps: 0
 total no. of averaging Steps: 0


Selecting field: dsmcVolFields

TimeData Statistics: 
 measurement option: write
 nSamples: 1, time interval: 6.640048894e-08
 nAverages: 15060, time interval: 0.0009999913634
 total no. of sampling steps: 0
 total no. of averaging Steps: 0


Selecting field: dsmcVolFields

TimeData Statistics: 
 measurement option: write
 nSamples: 1, time interval: 6.640048894e-08
 nAverages: 15060, time interval: 0.0009999913634
 total no. of sampling steps: 0
 total no. of averaging Steps: 0


Selecting field: dsmcVolFields

TimeData Statistics: 
 measurement option: write
 nSamples: 1, time interval: 6.640048894e-08
 nAverages: 15060, time interval: 0.0009999913634
 total no. of sampling steps: 0
 total no. of averaging Steps: 0


Selecting field: dsmcVolFields

TimeData Statistics: 
 measurement option: write
 nSamples: 1, time interval: 6.640048894e-08
 nAverages: 15060, time interval: 0.0009999913634
 total no. of sampling steps: 0
 total no. of averaging Steps: 0


Selecting field: dsmcVolFields

TimeData Statistics: 
 measurement option: write
 nSamples: 1, time interval: 6.640048894e-08
 nAverages: 15060, time interval: 0.0009999913634
 total no. of sampling steps: 0
 total no. of averaging Steps: 0


Selecting field: dsmcVolFields

TimeData Statistics: 
 measurement option: write
 nSamples: 1, time interval: 6.640048894e-08
 nAverages: 15060, time interval: 0.0009999913634
 total no. of sampling steps: 0
 total no. of averaging Steps: 0


Selecting field: dsmcVolFields

TimeData Statistics: 
 measurement option: write
 nSamples: 1, time interval: 6.640048894e-08
 nAverages: 15060, time interval: 0.0009999913634
 total no. of sampling steps: 0
 total no. of averaging Steps: 0


Selecting field: dsmcVolFields

TimeData Statistics: 
 measurement option: write
 nSamples: 1, time interval: 6.640048894e-08
 nAverages: 15060, time interval: 0.0009999913634
 total no. of sampling steps: 0
 total no. of averaging Steps: 0


Selecting field: dsmcVolFields

TimeData Statistics: 
 measurement option: write
 nSamples: 1, time interval: 6.640048894e-08
 nAverages: 15060, time interval: 0.0009999913634
 total no. of sampling steps: 0
 total no. of averaging Steps: 0


Creating the boundary models: 

Selecting dsmcPatchBoundaryModel dsmcDeletionPatch
Selecting dsmcPatchBoundaryModel dsmcDeletionPatch
Selecting dsmcPatchBoundaryModel dsmcDiffuseWallPatch
Selecting dsmcGeneralBoundaryModel dsmcFreeStreamInflowPatch
Selecting field: dsmcVolFields

TimeData Statistics: 
 measurement option: write
 nSamples: 1, time interval: 6.640048894e-08
 nAverages: 15060, time interval: 0.0009999913634
 total no. of sampling steps: 0
 total no. of averaging Steps: 0


Selecting field: dsmcVolFields

TimeData Statistics: 
 measurement option: write
Selecting BinaryCollisionModel LarsenBorgnakkeVariableHardSphere
 nSamples: 1, time interval: 6.640048894e-08
 nAverages: 15060, time interval: 0.0009999913634
 total no. of sampling steps: 0
 total no. of averaging Steps: 0



Creating dsmcReactions

Selecting the reaction model dissociationQK
Selecting the reaction model dissociationExchangeQK
Selecting the reaction model dissociationQK
Selecting the reaction model dissociationQK
Selecting the reaction model dissociationQK
Selecting the reaction model dissociationQK
Selecting the reaction model dissociationQK
Selecting the reaction model dissociationExchangeQK
Selecting the reaction model dissociationQK
Selecting the reaction model dissociationExchangeQK
Selecting the reaction model dissociationExchangeQK
Selecting the reaction model dissociationQK
Number of reactions created: 12
Selecting field: dsmcVolFields

TimeData Statistics: 
 measurement option: write
 nSamples: 1, time interval: 6.640048894e-08
 nAverages: 15060, time interval: 0.0009999913634
 total no. of sampling steps: 0
 total no. of averaging Steps: 0


Selecting field: dsmcVolFields

TimeData Statistics: 
 measurement option: write
 nSamples: 1, time interval: 6.640048894e-08
 nAverages: 15060, time interval: 0.0009999913634
 total no. of sampling steps: 0
 total no. of averaging Steps: 0


Selecting field: dsmcVolFields

TimeData Statistics: 
 measurement option: write
 nSamples: 1, time interval: 6.640048894e-08
 nAverages: 15060, time interval: 0.0009999913634
 total no. of sampling steps: 0
 total no. of averaging Steps: 0


Creating the boundary models: 

Selecting dsmcPatchBoundaryModel dsmcDeletionPatch
Selecting dsmcPatchBoundaryModel dsmcDeletionPatch
Selecting dsmcPatchBoundaryModel dsmcDiffuseWallPatch
Selecting dsmcGeneralBoundaryModel dsmcFreeStreamInflowPatch
Creating the boundary models: 

Selecting dsmcPatchBoundaryModel dsmcDeletionPatch
Selecting dsmcPatchBoundaryModel dsmcDeletionPatch
Selecting dsmcPatchBoundaryModel dsmcDiffuseWallPatch
Selecting dsmcGeneralBoundaryModel dsmcFreeStreamInflowPatch
Selecting BinaryCollisionModel LarsenBorgnakkeVariableHardSphere

Creating dsmcReactions

Selecting the reaction model dissociationQK
Selecting the reaction model dissociationExchangeQK
Selecting the reaction model dissociationQK
Selecting the reaction model dissociationQK
Selecting the reaction model dissociationQK
Selecting the reaction model dissociationQK
Selecting the reaction model dissociationQK
Selecting the reaction model dissociationExchangeQK
Selecting the reaction model dissociationQK
Selecting the reaction model dissociationExchangeQK
Selecting the reaction model dissociationExchangeQK
Selecting the reaction model dissociationQK
Number of reactions created: 12
Selecting field: dsmcVolFields

TimeData Statistics: 
 measurement option: write
 nSamples: 1, time interval: 6.640048894e-08
 nAverages: 15060, time interval: 0.0009999913634
 total no. of sampling steps: 0
 total no. of averaging Steps: 0


Selecting BinaryCollisionModel LarsenBorgnakkeVariableHardSphere

Creating dsmcReactions

Selecting the reaction model dissociationQK
Selecting the reaction model dissociationExchangeQK
Selecting the reaction model dissociationQK
Selecting the reaction model dissociationQK
Selecting the reaction model dissociationQK
Selecting the reaction model dissociationQK
Selecting the reaction model dissociationQK
Selecting the reaction model dissociationExchangeQK
Selecting the reaction model dissociationQK
Selecting the reaction model dissociationExchangeQK
Selecting the reaction model dissociationExchangeQK
Selecting the reaction model dissociationQK
Number of reactions created: 12
Creating the boundary models: 

Selecting dsmcPatchBoundaryModel dsmcDeletionPatch
Selecting dsmcPatchBoundaryModel dsmcDeletionPatch
Selecting dsmcPatchBoundaryModel dsmcDiffuseWallPatch
Selecting dsmcGeneralBoundaryModel dsmcFreeStreamInflowPatch
Selecting BinaryCollisionModel LarsenBorgnakkeVariableHardSphere

Creating dsmcReactions

Selecting the reaction model dissociationQK
Selecting the reaction model dissociationExchangeQK
Selecting the reaction model dissociationQK
Selecting the reaction model dissociationQK
Selecting the reaction model dissociationQK
Selecting the reaction model dissociationQK
Selecting the reaction model dissociationQK
Selecting the reaction model dissociationExchangeQK
Selecting the reaction model dissociationQK
Selecting the reaction model dissociationExchangeQK
Selecting the reaction model dissociationExchangeQK
Selecting the reaction model dissociationQK
Number of reactions created: 12

Constructing constant properties for
	N2
	O2
	NO
	N
	O
Selecting collisionPartnerSelectionModel noTimeCounter

Initialising the measurement fields

Initialising dsmcVolFields field
Initialising dsmcVolFields field
Initialising dsmcVolFields field
Initialising dsmcVolFields field
Initialising dsmcVolFields field
Initialising dsmcVolFields field

Constructing constant properties for
	N2
	O2
	NO
	N
	O
Selecting collisionPartnerSelectionModel noTimeCounter

Initialising the measurement fields

Initialising dsmcVolFields field
Initialising dsmcVolFields field
Initialising dsmcVolFields field
Initialising dsmcVolFields field
Initialising dsmcVolFields field
Initialising dsmcVolFields field

Constructing constant properties for
	N2
	O2
	NO
	N
	O

Constructing constant properties for
	N2
	O2
	NO
	N
	O
Selecting collisionPartnerSelectionModel noTimeCounter

Initialising the measurement fields

Initialising dsmcVolFields field
Initialising dsmcVolFields field
Initialising dsmcVolFields field
Initialising dsmcVolFields field
Initialising dsmcVolFields field
Initialising dsmcVolFields field
Selecting collisionPartnerSelectionModel noTimeCounter

Initialising the measurement fields

Initialising dsmcVolFields field
Initialising dsmcVolFields field
Initialising dsmcVolFields field
Initialising dsmcVolFields field
Initialising dsmcVolFields field
Initialising dsmcVolFields field
Replicated mesh: METIS decomposition complete, 60000 cells -> 4 ranks
Replicated mesh: rank 0 owns 15022 / 60000 cells
Local mesh: 15022 owned + 492 halo = 15514 / 60000 cells
Replicated mesh: no-Alltoall async migration enabled
Replicated mesh: flatTransfer=1 found=1
Replicated mesh: flat POD transfer enabled
Replicated mesh: writeMode=gathered
Phase C auto DLB: enabled (ParMETIS AdaptiveRepart), imbalanceThreshold=1.5, dlbSteps=50, sarSteps=10, triggerMode=legacyWindow, minGapSteps=50, checkCollective=allgather, skipFixedKPostDiag=0
Replicated mesh: initialized with 4 MPI ranks, migrate interval 10

Starting time loop

Replicated mesh: initial particle distribution

Replicated mesh: rank 0 kept 201681 parcels, deleted 1105064 non-owned parcels
Time = 6.640048894e-07

    Collisions                      = 25798
    Collision candidates           = 34307
    Collision acceptance rate      = 0.7519748156

    Number of DSMC particles        = 1330320
    Number of stuck particles       = 0
    Number of free particles        = 1330320
    Average linear kinetic energy   = 1.893458178e-19
    Average rotational energy       = 1.3276465e-21
    Average vibrational energy      = 7.024053762e-26
    Average electronic energy       = 0
    Total energy                    = 0.001521940899

Stage 1.0  ExecutionTime = 5.74 s  ClockTime = 5 s  Iteration 10 (0.27 s)

Time = 1.328009779e-06

    Collisions                      = 35796
    Collision candidates           = 54096
    Collision acceptance rate      = 0.6617125111

    Number of DSMC particles        = 1353920
    Number of stuck particles       = 0
    Number of free particles        = 1353920
    Average linear kinetic energy   = 1.866006619e-19
    Average rotational energy       = 1.555448386e-21
    Average vibrational energy      = 1.610377629e-25
    Average electronic energy       = 0
    Total energy                    = 0.001528491233

Stage 1.0  ExecutionTime = 8.36 s  ClockTime = 7 s  Iteration 20 (0.29 s)

Time = 1.992014668e-06

    Collisions                      = 45588
    Collision candidates           = 74415
    Collision acceptance rate      = 0.6126184237

    Number of DSMC particles        = 1377496
    Number of stuck particles       = 0
    Number of free particles        = 1377496
    Average linear kinetic energy   = 1.841451681e-19
    Average rotational energy       = 1.873360161e-21
    Average vibrational energy      = 1.016221488e-25
    Average electronic energy       = 0
    Total energy                    = 0.001537439512

Stage 1.0  ExecutionTime = 11.1 s  ClockTime = 8 s  Iteration 30 (0.29 s)

Time = 2.656019558e-06

    Collisions                      = 56193
    Collision candidates           = 95276
    Collision acceptance rate      = 0.5897917629

    Number of DSMC particles        = 1400981
    Number of stuck particles       = 0
    Number of free particles        = 1400981
    Average linear kinetic energy   = 1.819124085e-19
    Average rotational energy       = 2.266389339e-21
    Average vibrational energy      = 9.991863095e-26
    Average electronic energy       = 0
    Total energy                    = 0.001548186819

Stage 1.0  ExecutionTime = 13.95 s  ClockTime = 10 s  Iteration 40 (0.32 s)

Time = 3.320024447e-06

    Collisions                      = 66075
    Collision candidates           = 115764
    Collision acceptance rate      = 0.5707732974

    Number of DSMC particles        = 1424394
    Number of stuck particles       = 0
    Number of free particles        = 1424394
    Average linear kinetic energy   = 1.798922301e-19
    Average rotational energy       = 2.703775466e-21
    Average vibrational energy      = 4.154762067e-25
    Average electronic energy       = 0
    Total energy                    = 0.001560535479

Stage 1.0  ExecutionTime = 16.99 s  ClockTime = 11 s  Iteration 50 (0.33 s)

Time = 3.984029336e-06

    Collisions                      = 76005
    Collision candidates           = 135990
    Collision acceptance rate      = 0.5589013898

    Number of DSMC particles        = 1447724
    Number of stuck particles       = 0
    Number of free particles        = 1447724
    Average linear kinetic energy   = 1.779948097e-19
    Average rotational energy       = 3.188726213e-21
    Average vibrational energy      = 6.991063873e-25
    Average electronic energy       = 0
    Total energy                    = 0.001573828593

Stage 1.0  ExecutionTime = 20.08 s  ClockTime = 13 s  Iteration 60 (0.35 s)

Time = 4.648034226e-06

    Collisions                      = 85467
    Collision candidates           = 155328
    Collision acceptance rate      = 0.5502356304

    Number of DSMC particles        = 1471238
    Number of stuck particles       = 0
    Number of free particles        = 1471238
    Average linear kinetic energy   = 1.762611465e-19
    Average rotational energy       = 3.673128631e-21
    Average vibrational energy      = 8.463488722e-25
    Average electronic energy       = 0
    Total energy                    = 0.001588364329

Stage 1.0  ExecutionTime = 23.24 s  ClockTime = 12 s  Iteration 70 (0.36 s)

Time = 5.312039115e-06

    Collisions                      = 94138
    Collision candidates           = 173875
    Collision acceptance rate      = 0.5414119339

    Number of DSMC particles        = 1494416
    Number of stuck particles       = 0
    Number of free particles        = 1494416
    Average linear kinetic energy   = 1.746276059e-19
    Average rotational energy       = 4.186133151e-21
    Average vibrational energy      = 1.187545844e-24
    Average electronic energy       = 0
    Total energy                    = 0.001603343324

Stage 1.0  ExecutionTime = 26.63 s  ClockTime = 14 s  Iteration 80 (0.38 s)

Time = 5.976044005e-06

    Collisions                      = 102883
    Collision candidates           = 191632
    Collision acceptance rate      = 0.5368779745

    Number of DSMC particles        = 1517712
    Number of stuck particles       = 0
    Number of free particles        = 1517712
    Average linear kinetic energy   = 1.73093471e-19
    Average rotational energy       = 4.704534601e-21
    Average vibrational energy      = 1.508059599e-24
    Average electronic energy       = 0
    Total energy                    = 0.001619090733

Stage 1.0  ExecutionTime = 30.01 s  ClockTime = 16 s  Iteration 90 (0.39 s)

Time = 6.640048894e-06

    Collisions                      = 111614
    Collision candidates           = 209873
    Collision acceptance rate      = 0.5318168607

    Number of DSMC particles        = 1540944
    Number of stuck particles       = 0
    Number of free particles        = 1540944
    Average linear kinetic energy   = 1.716626082e-19
    Average rotational energy       = 5.206363762e-21
    Average vibrational energy      = 2.232747186e-24
    Average electronic energy       = 0
    Total energy                    = 0.00163529173

Stage 1.0  ExecutionTime = 33.45 s  ClockTime = 18 s  Iteration 100 (0.4 s)

Time = 7.304053783e-06

    Collisions                      = 119505
    Collision candidates           = 226361
    Collision acceptance rate      = 0.5279398836


Phase C auto DLB triggered (SAR) at step 110: sar=0.003126617736 loadImbalance=1.025098363 threshold=1.5
Phase C ParMETIS weights: particles=1563780 activeCells=60000 maxCellParticles=321
Phase C ParMETIS: alpha=0.8 ncon=2 ubvec=[1.049999952,1.5] moveRatio=0.6560620317 (moveT=10.76670603s, collT=5.644403761s)
Phase C ParMETIS: AdaptiveRepart (60000 cells, 2 constraints, ubvec=1.049999952)
Replicated mesh: rank 0 owns 12850 / 60000 cells
Local mesh: 12850 owned + 512 halo = 13362 / 60000 cells
Phase C ParMETIS AdaptiveRepart: 59847 / 60000 cells changed (0.99745)
Phase C auto DLB complete: rebalance #1

    Number of DSMC particles        = 1563780
    Number of stuck particles       = 0
    Number of free particles        = 1563780
    Average linear kinetic energy   = 1.703065764e-19
    Average rotational energy       = 5.716829289e-21
    Average vibrational energy      = 2.399093256e-24
    Average electronic energy       = 0
    Total energy                    = 0.001651593798

Stage 1.0  ExecutionTime = 37.57 s  ClockTime = 20 s  Iteration 110 (0.86 s)

Time = 7.968058673e-06

    Collisions                      = 114006
    Collision candidates           = 195291
    Collision acceptance rate      = 0.583774982

    Number of DSMC particles        = 1586464
    Number of stuck particles       = 0
    Number of free particles        = 1586464
    Average linear kinetic energy   = 1.690167747e-19
    Average rotational energy       = 6.035572104e-21
    Average vibrational energy      = 2.874349648e-24
    Average electronic energy       = 0
    Total energy                    = 0.001666312838

Stage 1.0  ExecutionTime = 40.84 s  ClockTime = 22 s  Iteration 120 (0.36 s)

Time = 8.632063562e-06

    Collisions                      = 121782
    Collision candidates           = 218022
    Collision acceptance rate      = 0.5585766574

    Number of DSMC particles        = 1609008
    Number of stuck particles       = 0
    Number of free particles        = 1609008
    Average linear kinetic energy   = 1.676574436e-19
    Average rotational energy       = 6.532283821e-21
    Average vibrational energy      = 3.433511031e-24
    Average electronic energy       = 0
    Total energy                    = 0.001681669137

Stage 1.0  ExecutionTime = 44.55 s  ClockTime = 24 s  Iteration 130 (0.4 s)

Time = 9.296068452e-06

    Collisions                      = 128683
    Collision candidates           = 235022
    Collision acceptance rate      = 0.5475359754

    Number of DSMC particles        = 1631469
    Number of stuck particles       = 0
    Number of free particles        = 1631469
    Average linear kinetic energy   = 1.664227682e-19
    Average rotational energy       = 7.005921597e-21
    Average vibrational energy      = 3.615340705e-24
    Average electronic energy       = 0
    Total energy                    = 0.001697696577

Stage 1.0  ExecutionTime = 48.53 s  ClockTime = 26 s  Iteration 140 (0.41 s)

Time = 9.960073341e-06

    Collisions                      = 135878
    Collision candidates           = 250869
    Collision acceptance rate      = 0.5416292966

    Number of DSMC particles        = 1653675
    Number of stuck particles       = 0
    Number of free particles        = 1653675
    Average linear kinetic energy   = 1.65249504e-19
    Average rotational energy       = 7.481593954e-21
    Average vibrational energy      = 4.253304525e-24
    Average electronic energy       = 0
    Total energy                    = 0.001713888792

Stage 1.0  ExecutionTime = 52.67 s  ClockTime = 28 s  Iteration 150 (0.45 s)

Time = 1.062407823e-05

    Collisions                      = 141583
    Collision candidates           = 264395
    Collision acceptance rate      = 0.5354980238

    Number of DSMC particles        = 1675827
    Number of stuck particles       = 0
    Number of free particles        = 1675827
    Average linear kinetic energy   = 1.641284083e-19
    Average rotational energy       = 7.965692055e-21
    Average vibrational energy      = 5.023852137e-24
    Average electronic energy       = 0
    Total energy                    = 0.001730450154

Stage 1.0  ExecutionTime = 56.87 s  ClockTime = 31 s  Iteration 160 (0.46 s)

Time = 1.128808312e-05

    Collisions                      = 148515
    Collision candidates           = 278535
    Collision acceptance rate      = 0.5332004954

    Number of DSMC particles        = 1697468
    Number of stuck particles       = 0
    Number of free particles        = 1697468
    Average linear kinetic energy   = 1.630877998e-19
    Average rotational energy       = 8.419298119e-21
    Average vibrational energy      = 5.52842202e-24
    Average electronic energy       = 0
    Total energy                    = 0.001746823169

Stage 1.0  ExecutionTime = 61.45 s  ClockTime = 33 s  Iteration 170 (0.52 s)

Time = 1.195208801e-05

    Collisions                      = 154934
    Collision candidates           = 292468
    Collision acceptance rate      = 0.5297468441

    Number of DSMC particles        = 1719279
    Number of stuck particles       = 0
    Number of free particles        = 1719279
    Average linear kinetic energy   = 1.621026329e-19
    Average rotational energy       = 8.844516522e-21
    Average vibrational energy      = 5.955971839e-24
    Average electronic energy       = 0
    Total energy                    = 0.001763496505

Stage 1.0  ExecutionTime = 66.11 s  ClockTime = 36 s  Iteration 180 (0.5 s)

Time = 1.26160929e-05

    Collisions                      = 161385
    Collision candidates           = 306264
    Collision acceptance rate      = 0.5269473396


Phase C auto DLB triggered (SAR) at step 190: sar=0.0003247733571 loadImbalance=1.02623217 threshold=1.5
Phase C ParMETIS weights: particles=1740112 activeCells=60000 maxCellParticles=344
Phase C ParMETIS: alpha=0.8 ncon=2 ubvec=[1.049999952,1.5] moveRatio=0.5710222783 (moveT=18.61161444s, collT=13.98188523s)
Phase C ParMETIS: AdaptiveRepart (60000 cells, 2 constraints, ubvec=1.049999952)
Replicated mesh: rank 0 owns 15808 / 60000 cells
Local mesh: 15808 owned + 731 halo = 16539 / 60000 cells
Phase C ParMETIS AdaptiveRepart: 33244 / 60000 cells changed (0.5540666667)
Phase C auto DLB complete: rebalance #2

    Number of DSMC particles        = 1740112
    Number of stuck particles       = 0
    Number of free particles        = 1740112
    Average linear kinetic energy   = 1.611246342e-19
    Average rotational energy       = 9.281854021e-21
    Average vibrational energy      = 6.125383142e-24
    Average electronic energy       = 0
    Total energy                    = 0.001779222203

Stage 1.0  ExecutionTime = 71.41 s  ClockTime = 39 s  Iteration 190 (0.96 s)

Time = 1.328009779e-05

    Collisions                      = 162515
    Collision candidates           = 305200
    Collision acceptance rate      = 0.5324868938

    Number of DSMC particles        = 1761378
    Number of stuck particles       = 0
    Number of free particles        = 1761378
    Average linear kinetic energy   = 1.603149512e-19
    Average rotational energy       = 9.572624293e-21
    Average vibrational energy      = 6.669945924e-24
    Average electronic energy       = 0
    Total energy                    = 0.001795487918

Stage 1.0  ExecutionTime = 75.9 s  ClockTime = 41 s  Iteration 200 (0.49 s)

Time = 1.394410268e-05

    Collisions                      = 169470
    Collision candidates           = 320330
    Collision acceptance rate      = 0.5290481691

    Number of DSMC particles        = 1782217
    Number of stuck particles       = 0
    Number of free particles        = 1782217
    Average linear kinetic energy   = 1.594559229e-19
    Average rotational energy       = 9.946718535e-21
    Average vibrational energy      = 7.822761721e-24
    Average electronic energy       = 0
    Total energy                    = 0.001811557256

Stage 1.0  ExecutionTime = 80.46 s  ClockTime = 41 s  Iteration 210 (0.53 s)

Time = 1.460810757e-05

    Collisions                      = 177485
    Collision candidates           = 338175
    Collision acceptance rate      = 0.5248318178

    Number of DSMC particles        = 1802706
    Number of stuck particles       = 0
    Number of free particles        = 1802706
    Average linear kinetic energy   = 1.585455459e-19
    Average rotational energy       = 1.034836913e-20
    Average vibrational energy      = 8.390022899e-24
    Average electronic energy       = 0
    Total energy                    = 0.001826887193

Stage 1.0  ExecutionTime = 85.18 s  ClockTime = 44 s  Iteration 220 (0.53 s)

Time = 1.527211246e-05

    Collisions                      = 184513
    Collision candidates           = 354664
    Collision acceptance rate      = 0.5202473327

    Number of DSMC particles        = 1822885
    Number of stuck particles       = 0
    Number of free particles        = 1822885
    Average linear kinetic energy   = 1.576615576e-19
    Average rotational energy       = 1.073097515e-20
    Average vibrational energy      = 9.235548242e-24
    Average electronic energy       = 0
    Total energy                    = 0.001841862345

Stage 1.0  ExecutionTime = 90.13 s  ClockTime = 46 s  Iteration 230 (0.61 s)

Time = 1.593611735e-05

    Collisions                      = 190634
    Collision candidates           = 367974
    Collision acceptance rate      = 0.5180637762

    Number of DSMC particles        = 1842954
    Number of stuck particles       = 0
    Number of free particles        = 1842954
    Average linear kinetic energy   = 1.568105684e-19
    Average rotational energy       = 1.10994459e-20
    Average vibrational energy      = 9.675414181e-24
    Average electronic energy       = 0
    Total energy                    = 0.001856809583

Stage 1.0  ExecutionTime = 95.13 s  ClockTime = 49 s  Iteration 240 (0.55 s)

Time = 1.660012224e-05

    Collisions                      = 194888
    Collision candidates           = 377668
    Collision acceptance rate      = 0.5160299522

    Number of DSMC particles        = 1862977
    Number of stuck particles       = 0
    Number of free particles        = 1862977
    Average linear kinetic energy   = 1.560130824e-19
    Average rotational energy       = 1.145125934e-20
    Average vibrational energy      = 1.068199786e-23
    Average electronic energy       = 0
    Total energy                    = 0.001872012703

Stage 1.0  ExecutionTime = 100.36 s  ClockTime = 52 s  Iteration 250 (0.6 s)

Time = 1.726412712e-05

    Collisions                      = 198922
    Collision candidates           = 386699
    Collision acceptance rate      = 0.5144104329

    Number of DSMC particles        = 1883063
    Number of stuck particles       = 0
    Number of free particles        = 1883063
    Average linear kinetic energy   = 1.552546201e-19
    Average rotational energy       = 1.181104684e-20
    Average vibrational energy      = 1.201414192e-23
    Average electronic energy       = 0
    Total energy                    = 0.001887706796

Stage 1.0  ExecutionTime = 105.69 s  ClockTime = 55 s  Iteration 260 (0.65 s)

Time = 1.792813201e-05

    Collisions                      = 203249
    Collision candidates           = 396337
    Collision acceptance rate      = 0.5128186367

    Number of DSMC particles        = 1902402
    Number of stuck particles       = 0
    Number of free particles        = 1902402
    Average linear kinetic energy   = 1.544906134e-19
    Average rotational energy       = 1.218139791e-20
    Average vibrational energy      = 1.341259714e-23
    Average electronic energy       = 0
    Total energy                    = 0.001902616103

Stage 1.0  ExecutionTime = 111.08 s  ClockTime = 58 s  Iteration 270 (0.61 s)

Time = 1.85921369e-05

    Collisions                      = 208518
    Collision candidates           = 405776
    Collision acceptance rate      = 0.5138746501

    Number of DSMC particles        = 1921689
    Number of stuck particles       = 0
    Number of free particles        = 1921689
    Average linear kinetic energy   = 1.53769765e-19
    Average rotational energy       = 1.254125484e-20
    Average vibrational energy      = 1.447684149e-23
    Average electronic energy       = 0
    Total energy                    = 0.001917755264

Stage 1.0  ExecutionTime = 116.99 s  ClockTime = 61 s  Iteration 280 (0.65 s)

Time = 1.925614179e-05

    Collisions                      = 212337
    Collision candidates           = 414423
    Collision acceptance rate      = 0.5123677981

    Number of DSMC particles        = 1940655
    Number of stuck particles       = 0
    Number of free particles        = 1940655
    Average linear kinetic energy   = 1.530502309e-19
    Average rotational energy       = 1.290887053e-20
    Average vibrational energy      = 1.548966286e-23
    Average electronic energy       = 0
    Total energy                    = 0.001932596521

Stage 1.0  ExecutionTime = 122.78 s  ClockTime = 64 s  Iteration 290 (0.66 s)

Time = 1.992014668e-05

    Collisions                      = 217956
    Collision candidates           = 424454
    Collision acceptance rate      = 0.5134973401

    Number of DSMC particles        = 1959318
    Number of stuck particles       = 0
    Number of free particles        = 1959318
    Average linear kinetic energy   = 1.523698343e-19
    Average rotational energy       = 1.322881507e-20
    Average vibrational energy      = 1.636794054e-23
    Average electronic energy       = 0
    Total energy                    = 0.001946954907

Stage 1.0  ExecutionTime = 128.76 s  ClockTime = 67 s  Iteration 300 (0.66 s)

End stage 1


DSMC solver profile summary
    solver profile steps          = 300
    move+collide wall [s]         = 66.61998145
    move only [s]                 = 49.10808126
    buildCellOccupancy [s]        = 4.079604263
    collision phase [s]           = 24.3448181
    post fields/output [s]        = 0.548271637
    total profiled [s]            = 78.08077526
    full evolve wall [s]          = 67.16522094
    move+collide cpu [s]          = 122.23
    move only cpu [s]             = 90.19
    buildCellOccupancy cpu [s]    = 7.25
    collision phase cpu [s]       = 44.87
    post fields/output cpu [s]    = 1.13
    total profiled cpu [s]        = 143.44
    full evolve cpu [s]           = 123.28
    OpenMP enabled                = 1
    OpenMP max threads            = 2
    OpenMP move                   = 1 (static, chunk 64)
    OpenMP collision              = dynamic, chunk 8


Replicated mesh profiling summary:
    migration calls             = 33
    migration wall time [s]     = 2.599846278
    local particles (final)     = 441743
    particles per rank          = min 426246 max 548955 max/min 1.287883053
    rank wall time (evolve, 300 steps): min 121.2 max 121.35 max/min 1.001237624
    Phase C auto DLB checks      = 300
    Phase C auto DLB rebalances = 2
    Phase C auto DLB triggered checks = 2
    Phase C auto DLB wall max [s]= 0.560538739
    Phase C auto DLB check max [s]= 0.008118103
    Phase C ParMETIS max [s]     = 0.191660806
    Phase C migration max [s]    = 0.414433674
    Phase C cellOwner write max [s] = 0
    Phase C post-diagnostic max [s] = 0.000157234
    Phase C auto DLB accounted max [s] = 0.614369817
    Phase C auto DLB residual max [s] = -0.053831078

Total Iterations = 300
End main

real 67.58
user 492.78
sys 23.55
