case=ourmesh
mode=MPI8_serialfast_rngindex
rep=2
np=8
OMP_NUM_THREADS=1
case_dir=/home/superxcx/code/OpenFoam/OF-1706/hyStrath_dlb/run/hyStrath/dsmcFoam+/xcx_test/pal-phd-3.3.1-cylinder-react/timecompare/ourmesh/mpi8replicatedmesh
controlDict=/home/superxcx/code/OpenFoam/OF-1706/hyStrath_dlb/doc/worklog/v2506/detail_mix/mpi8_serial_collision_kernel_rngindex_20260611/controlDicts/ourmesh_MPI8_serialfast_rngindex_rep2_controlDict
start=2026-06-11T02:32:35+08:00
/*---------------------------------------------------------------------------*\
| =========                 |                                                 |
| \\      /  F ield         | OpenFOAM: The Open Source CFD Toolbox           |
|  \\    /   O peration     | Version:  v1706                                 |
|   \\  /    A nd           | Web:      www.OpenFOAM.com                      |
|    \\/     M anipulation  |                                                 |
\*---------------------------------------------------------------------------*/
Build  : v1706
Arch   : "LSB;label=32;scalar=64"
Exec   : dsmcFoam+ -case /home/superxcx/code/OpenFoam/OF-1706/hyStrath_dlb/run/hyStrath/dsmcFoam+/xcx_test/pal-phd-3.3.1-cylinder-react/timecompare/ourmesh/mpi8replicatedmesh
Date   : Jun 11 2026
Time   : 02:32:35
Host   : "SuperXCX-ROG"
PID    : 186212
/*---------------------------------------------------------------------------*\
| =========                 |                                                 |
| \\      /  F ield         | OpenFOAM: The Open Source CFD Toolbox           |
|  \\    /   O peration     | Version:  v1706                                 |
|   \\  /    A nd           | Web:      www.OpenFOAM.com                      |
|    \\/     M anipulation  |                                                 |
\*---------------------------------------------------------------------------*/
Build  : v1706
Arch   : "LSB;label=32;scalar=64"
Exec   : dsmcFoam+ -case /home/superxcx/code/OpenFoam/OF-1706/hyStrath_dlb/run/hyStrath/dsmcFoam+/xcx_test/pal-phd-3.3.1-cylinder-react/timecompare/ourmesh/mpi8replicatedmesh
Date   : Jun 11 2026
Time   : 02:32:35
Host   : "SuperXCX-ROG"
PID    : 186213
/*---------------------------------------------------------------------------*\
| =========                 |                                                 |
| \\      /  F ield         | OpenFOAM: The Open Source CFD Toolbox           |
|  \\    /   O peration     | Version:  v1706                                 |
|   \\  /    A nd           | Web:      www.OpenFOAM.com                      |
|    \\/     M anipulation  |                                                 |
\*---------------------------------------------------------------------------*/
Build  : v1706
Arch   : "LSB;label=32;scalar=64"
Exec   : dsmcFoam+ -case /home/superxcx/code/OpenFoam/OF-1706/hyStrath_dlb/run/hyStrath/dsmcFoam+/xcx_test/pal-phd-3.3.1-cylinder-react/timecompare/ourmesh/mpi8replicatedmesh
Date   : Jun 11 2026
Time   : 02:32:35
Host   : "SuperXCX-ROG"
PID    : 186214
/*---------------------------------------------------------------------------*\
| =========                 |                                                 |
| \\      /  F ield         | OpenFOAM: The Open Source CFD Toolbox           |
|  \\    /   O peration     | Version:  v1706                                 |
|   \\  /    A nd           | Web:      www.OpenFOAM.com                      |
|    \\/     M anipulation  |                                                 |
\*---------------------------------------------------------------------------*/
Build  : v1706
Arch   : "LSB;label=32;scalar=64"
Exec   : dsmcFoam+ -case /home/superxcx/code/OpenFoam/OF-1706/hyStrath_dlb/run/hyStrath/dsmcFoam+/xcx_test/pal-phd-3.3.1-cylinder-react/timecompare/ourmesh/mpi8replicatedmesh
Date   : Jun 11 2026
Time   : 02:32:35
Host   : "SuperXCX-ROG"
PID    : 186216
/*---------------------------------------------------------------------------*\
| =========                 |                                                 |
| \\      /  F ield         | OpenFOAM: The Open Source CFD Toolbox           |
|  \\    /   O peration     | Version:  v1706                                 |
|   \\  /    A nd           | Web:      www.OpenFOAM.com                      |
|    \\/     M anipulation  |                                                 |
\*---------------------------------------------------------------------------*/
Build  : v1706
Arch   : "LSB;label=32;scalar=64"
Exec   : dsmcFoam+ -case /home/superxcx/code/OpenFoam/OF-1706/hyStrath_dlb/run/hyStrath/dsmcFoam+/xcx_test/pal-phd-3.3.1-cylinder-react/timecompare/ourmesh/mpi8replicatedmesh
Date   : Jun 11 2026
Time   : 02:32:35
Host   : "SuperXCX-ROG"
PID    : 186217
/*---------------------------------------------------------------------------*\
| =========                 |                                                 |
| \\      /  F ield         | OpenFOAM: The Open Source CFD Toolbox           |
|  \\    /   O peration     | Version:  v1706                                 |
|   \\  /    A nd           | Web:      www.OpenFOAM.com                      |
|    \\/     M anipulation  |                                                 |
\*---------------------------------------------------------------------------*/
Build  : v1706
Arch   : "LSB;label=32;scalar=64"
Exec   : dsmcFoam+ -case /home/superxcx/code/OpenFoam/OF-1706/hyStrath_dlb/run/hyStrath/dsmcFoam+/xcx_test/pal-phd-3.3.1-cylinder-react/timecompare/ourmesh/mpi8replicatedmesh
Date   : Jun 11 2026
Time   : 02:32:35
Host   : "SuperXCX-ROG"
PID    : 186219
Case   : /home/superxcx/code/OpenFoam/OF-1706/hyStrath_dlb/run/hyStrath/dsmcFoam+/xcx_test/pal-phd-3.3.1-cylinder-react/timecompare/ourmesh/mpi8replicatedmesh
nProcs : 1
sigFpe : Enabling floating point exception trapping (FOAM_SIGFPE).
Case   : /home/superxcx/code/OpenFoam/OF-1706/hyStrath_dlb/run/hyStrath/dsmcFoam+/xcx_test/pal-phd-3.3.1-cylinder-react/timecompare/ourmesh/mpi8replicatedmesh
nProcs : 1
sigFpe : Enabling floating point exception trapping (FOAM_SIGFPE).
Case   : /home/superxcx/code/OpenFoam/OF-1706/hyStrath_dlb/run/hyStrath/dsmcFoam+/xcx_test/pal-phd-3.3.1-cylinder-react/timecompare/ourmesh/mpi8replicatedmesh
nProcs : 1
sigFpe : Enabling floating point exception trapping (FOAM_SIGFPE).
Case   : /home/superxcx/code/OpenFoam/OF-1706/hyStrath_dlb/run/hyStrath/dsmcFoam+/xcx_test/pal-phd-3.3.1-cylinder-react/timecompare/ourmesh/mpi8replicatedmesh
nProcs : 1
sigFpe : Enabling floating point exception trapping (FOAM_SIGFPE).
Case   : /home/superxcx/code/OpenFoam/OF-1706/hyStrath_dlb/run/hyStrath/dsmcFoam+/xcx_test/pal-phd-3.3.1-cylinder-react/timecompare/ourmesh/mpi8replicatedmesh
nProcs : 1
sigFpe : Enabling floating point exception trapping (FOAM_SIGFPE).
fileModificationChecking : Monitoring run-time modified files using timeStampMaster (fileModificationSkew 10)
allowSystemOperations : Allowing user-supplied system call operations

Case   : /home/superxcx/code/OpenFoam/OF-1706/hyStrath_dlb/run/hyStrath/dsmcFoam+/xcx_test/pal-phd-3.3.1-cylinder-react/timecompare/ourmesh/mpi8replicatedmesh
nProcs : 1
sigFpe : Enabling floating point exception trapping (FOAM_SIGFPE).
fileModificationChecking : Monitoring run-time modified files using timeStampMaster (fileModificationSkew 10)
allowSystemOperations : Allowing user-supplied system call operations

fileModificationChecking : Monitoring run-time modified files using timeStampMaster (fileModificationSkew 10)
allowSystemOperations : Allowing user-supplied system call operations

fileModificationChecking : Monitoring run-time modified files using timeStampMaster (fileModificationSkew 10)
allowSystemOperations : Allowing user-supplied system call operations

fileModificationChecking : Monitoring run-time modified files using timeStampMaster (fileModificationSkew 10)
allowSystemOperations : Allowing user-supplied system call operations

/*---------------------------------------------------------------------------*\
| =========                 |                                                 |
| \\      /  F ield         | OpenFOAM: The Open Source CFD Toolbox           |
|  \\    /   O peration     | Version:  v1706                                 |
|   \\  /    A nd           | Web:      www.OpenFOAM.com                      |
|    \\/     M anipulation  |                                                 |
\*---------------------------------------------------------------------------*/
Build  : v1706
Arch   : "LSB;label=32;scalar=64"
Exec   : dsmcFoam+ -case /home/superxcx/code/OpenFoam/OF-1706/hyStrath_dlb/run/hyStrath/dsmcFoam+/xcx_test/pal-phd-3.3.1-cylinder-react/timecompare/ourmesh/mpi8replicatedmesh
Date   : Jun 11 2026
Time   : 02:32:35
Host   : "SuperXCX-ROG"
PID    : 186218
fileModificationChecking : Monitoring run-time modified files using timeStampMaster (fileModificationSkew 10)
allowSystemOperations : Allowing user-supplied system call operations

// * * * * * * * * * * * * * * * * * * * * * * * * * * * * * * * * * * * * * //
Create time

// * * * * * * * * * * * * * * * * * * * * * * * * * * * * * * * * * * * * * //
Create time

// * * * * * * * * * * * * * * * * * * * * * * * * * * * * * * * * * * * * * //
Create time

// * * * * * * * * * * * * * * * * * * * * * * * * * * * * * * * * * * * * * //
Create time

// * * * * * * * * * * * * * * * * * * * * * * * * * * * * * * * * * * * * * //
Create time

// * * * * * * * * * * * * * * * * * * * * * * * * * * * * * * * * * * * * * //
Create time

/*---------------------------------------------------------------------------*\
| =========                 |                                                 |
| \\      /  F ield         | OpenFOAM: The Open Source CFD Toolbox           |
|  \\    /   O peration     | Version:  v1706                                 |
|   \\  /    A nd           | Web:      www.OpenFOAM.com                      |
|    \\/     M anipulation  |                                                 |
\*---------------------------------------------------------------------------*/
Build  : v1706
Arch   : "LSB;label=32;scalar=64"
Exec   : dsmcFoam+ -case /home/superxcx/code/OpenFoam/OF-1706/hyStrath_dlb/run/hyStrath/dsmcFoam+/xcx_test/pal-phd-3.3.1-cylinder-react/timecompare/ourmesh/mpi8replicatedmesh
Date   : Jun 11 2026
Time   : 02:32:35
Host   : "SuperXCX-ROG"
PID    : 186215
Case   : /home/superxcx/code/OpenFoam/OF-1706/hyStrath_dlb/run/hyStrath/dsmcFoam+/xcx_test/pal-phd-3.3.1-cylinder-react/timecompare/ourmesh/mpi8replicatedmesh
nProcs : 1
sigFpe : Enabling floating point exception trapping (FOAM_SIGFPE).
fileModificationChecking : Monitoring run-time modified files using timeStampMaster (fileModificationSkew 10)
allowSystemOperations : Allowing user-supplied system call operations

// * * * * * * * * * * * * * * * * * * * * * * * * * * * * * * * * * * * * * //
Create time

Create mesh for time = 0

Create mesh for time = 0

Create mesh for time = 0

Case   : /home/superxcx/code/OpenFoam/OF-1706/hyStrath_dlb/run/hyStrath/dsmcFoam+/xcx_test/pal-phd-3.3.1-cylinder-react/timecompare/ourmesh/mpi8replicatedmesh
nProcs : 1
sigFpe : Enabling floating point exception trapping (FOAM_SIGFPE).
fileModificationChecking : Monitoring run-time modified files using timeStampMaster (fileModificationSkew 10)
allowSystemOperations : Allowing user-supplied system call operations

// * * * * * * * * * * * * * * * * * * * * * * * * * * * * * * * * * * * * * //
Create time

Create mesh for time = 0

Create mesh for time = 0

Selecting dynamicFvMesh staticFvMesh
Create mesh for time = 0

Selecting dynamicFvMesh staticFvMesh
Selecting dynamicFvMesh staticFvMesh
Selecting dynamicFvMesh staticFvMesh
Selecting dynamicFvMesh staticFvMesh
Selecting dynamicFvMesh staticFvMesh
Create mesh for time = 0

Create mesh for time = 0

Selecting dynamicFvMesh staticFvMesh
Selecting dynamicFvMesh staticFvMesh

Constructing dsmcCloud 

Constructing dsmcCloud 

Constructing dsmcCloud 

Constructing dsmcCloud 

Constructing dsmcCloud 

Constructing dsmcCloud 

Constructing dsmcCloud 

Constructing dsmcCloud 
Selecting the coordinate system model:	dsmcCartesian

Selecting the time-step model:	dsmcConstantTimeStepModel

Constant time-step model:
- time-step [sec]	1e-07

Selecting the porous measurement model:	dsmcNoPorousMediumMeasurements


Creating dsmcControllers

Creating fields: 

Selecting field: dsmcVolFields

TimeData Statistics: 
 measurement option: write
 nSamples: 1, time interval: 1e-07
 nAverages: 10000, time interval: 0.001
 total no. of sampling steps: 0
 total no. of averaging Steps: 0


Selecting the coordinate system model:	dsmcCartesian

Selecting the time-step model:	dsmcConstantTimeStepModel

Constant time-step model:
- time-step [sec]	1e-07

Selecting the porous measurement model:	dsmcNoPorousMediumMeasurements


Creating dsmcControllers

Creating fields: 

Selecting field: dsmcVolFields

TimeData Statistics: 
 measurement option: write
 nSamples: 1, time interval: 1e-07
 nAverages: 10000, time interval: 0.001
 total no. of sampling steps: 0
 total no. of averaging Steps: 0


Creating the boundary models: 

Selecting dsmcPatchBoundaryModel dsmcDeletionPatch
Selecting dsmcPatchBoundaryModel dsmcDeletionPatch
Selecting dsmcPatchBoundaryModel dsmcDiffuseWallPatch
Selecting dsmcGeneralBoundaryModel dsmcFreeStreamInflowPatch
Selecting BinaryCollisionModel LarsenBorgnakkeVariableHardSphere

Creating dsmcReactions

There are no chemical reactions defined.
Creating the boundary models: 

Selecting dsmcPatchBoundaryModel dsmcDeletionPatch
Selecting dsmcPatchBoundaryModel dsmcDeletionPatch
Selecting dsmcPatchBoundaryModel dsmcDiffuseWallPatch
Selecting dsmcGeneralBoundaryModel dsmcFreeStreamInflowPatch
Selecting the coordinate system model:	dsmcCartesian

Selecting the time-step model:	dsmcConstantTimeStepModel

Constant time-step model:
- time-step [sec]	1e-07

Selecting the porous measurement model:	dsmcNoPorousMediumMeasurements

Selecting BinaryCollisionModel LarsenBorgnakkeVariableHardSphere

Creating dsmcReactions

There are no chemical reactions defined.

Creating dsmcControllers

Creating fields: 

Selecting field: dsmcVolFields

TimeData Statistics: 
 measurement option: write
 nSamples: 1, time interval: 1e-07
 nAverages: 10000, time interval: 0.001
 total no. of sampling steps: 0
 total no. of averaging Steps: 0


Selecting the coordinate system model:	dsmcCartesian

Selecting the time-step model:	dsmcConstantTimeStepModel

Constant time-step model:
- time-step [sec]	1e-07

Selecting the porous measurement model:	dsmcNoPorousMediumMeasurements

Selecting the coordinate system model:	dsmcCartesian

Selecting the time-step model:	dsmcConstantTimeStepModel

Constant time-step model:
- time-step [sec]	1e-07

Selecting the porous measurement model:	dsmcNoPorousMediumMeasurements


Creating dsmcControllers

Creating fields: 

Selecting field: dsmcVolFields

TimeData Statistics: 
 measurement option: write
 nSamples: 1, time interval: 1e-07
 nAverages: 10000, time interval: 0.001
 total no. of sampling steps: 0
 total no. of averaging Steps: 0



Creating dsmcControllers

Creating fields: 

Selecting field: dsmcVolFields

TimeData Statistics: 
 measurement option: write
 nSamples: 1, time interval: 1e-07
 nAverages: 10000, time interval: 0.001
 total no. of sampling steps: 0
 total no. of averaging Steps: 0


Selecting the coordinate system model:	dsmcCartesian

Selecting the time-step model:	dsmcConstantTimeStepModel

Constant time-step model:
- time-step [sec]	1e-07

Selecting the porous measurement model:	dsmcNoPorousMediumMeasurements


Creating dsmcControllers

Creating fields: 

Selecting field: dsmcVolFields

TimeData Statistics: 
 measurement option: write
 nSamples: 1, time interval: 1e-07
 nAverages: 10000, time interval: 0.001
 total no. of sampling steps: 0
 total no. of averaging Steps: 0


Creating the boundary models: 

Selecting dsmcPatchBoundaryModel dsmcDeletionPatch
Selecting dsmcPatchBoundaryModel dsmcDeletionPatch
Selecting dsmcPatchBoundaryModel dsmcDiffuseWallPatch
Selecting dsmcGeneralBoundaryModel dsmcFreeStreamInflowPatch
Selecting the coordinate system model:	dsmcCartesian

Selecting the time-step model:	dsmcConstantTimeStepModel

Constant time-step model:
- time-step [sec]	1e-07

Selecting the porous measurement model:	dsmcNoPorousMediumMeasurements

Selecting BinaryCollisionModel LarsenBorgnakkeVariableHardSphere
Creating the boundary models: 

Selecting dsmcPatchBoundaryModel dsmcDeletionPatch
Selecting dsmcPatchBoundaryModel dsmcDeletionPatch
Selecting dsmcPatchBoundaryModel dsmcDiffuseWallPatch

Creating dsmcReactions

There are no chemical reactions defined.
Selecting dsmcGeneralBoundaryModel dsmcFreeStreamInflowPatch
Creating the boundary models: 

Selecting dsmcPatchBoundaryModel dsmcDeletionPatch
Selecting dsmcPatchBoundaryModel dsmcDeletionPatch
Selecting dsmcPatchBoundaryModel dsmcDiffuseWallPatch
Selecting dsmcGeneralBoundaryModel dsmcFreeStreamInflowPatch

Creating dsmcControllers

Creating fields: 

Selecting field: dsmcVolFields

TimeData Statistics: 
 measurement option: write
 nSamples: 1, time interval: 1e-07
 nAverages: 10000, time interval: 0.001
 total no. of sampling steps: 0
 total no. of averaging Steps: 0


Selecting BinaryCollisionModel LarsenBorgnakkeVariableHardSphere

Creating dsmcReactions

There are no chemical reactions defined.
Selecting BinaryCollisionModel LarsenBorgnakkeVariableHardSphere

Creating dsmcReactions

There are no chemical reactions defined.
Selecting the coordinate system model:	dsmcCartesian

Selecting the time-step model:	dsmcConstantTimeStepModel

Constant time-step model:
- time-step [sec]	1e-07

Selecting the porous measurement model:	dsmcNoPorousMediumMeasurements


Creating dsmcControllers

Creating fields: 

Selecting field: dsmcVolFields

TimeData Statistics: 
 measurement option: write
 nSamples: 1, time interval: 1e-07
 nAverages: 10000, time interval: 0.001
 total no. of sampling steps: 0
 total no. of averaging Steps: 0


Creating the boundary models: 

Selecting dsmcPatchBoundaryModel dsmcDeletionPatch
Selecting dsmcPatchBoundaryModel dsmcDeletionPatch
Selecting dsmcPatchBoundaryModel dsmcDiffuseWallPatch
Selecting dsmcGeneralBoundaryModel dsmcFreeStreamInflowPatch
Selecting BinaryCollisionModel LarsenBorgnakkeVariableHardSphere

Creating dsmcReactions

There are no chemical reactions defined.
Creating the boundary models: 

Selecting dsmcPatchBoundaryModel dsmcDeletionPatch
Selecting dsmcPatchBoundaryModel dsmcDeletionPatch
Selecting dsmcPatchBoundaryModel dsmcDiffuseWallPatch
Selecting dsmcGeneralBoundaryModel dsmcFreeStreamInflowPatch
Selecting BinaryCollisionModel LarsenBorgnakkeVariableHardSphere

Creating dsmcReactions

There are no chemical reactions defined.
Creating the boundary models: 

Selecting dsmcPatchBoundaryModel dsmcDeletionPatch
Selecting dsmcPatchBoundaryModel dsmcDeletionPatch
Selecting dsmcPatchBoundaryModel dsmcDiffuseWallPatch
Selecting dsmcGeneralBoundaryModel dsmcFreeStreamInflowPatch
Selecting BinaryCollisionModel LarsenBorgnakkeVariableHardSphere

Creating dsmcReactions

There are no chemical reactions defined.

Constructing constant properties for
	N2
	O2
	NO
	N
	O

Constructing constant properties for
	N2
	O2
	NO
	N
	O

Constructing constant properties for
	N2
	O2
	NO
	N
	O

Constructing constant properties for
	N2
	O2
	NO
	N
	O

Constructing constant properties for
	N2
	O2
	NO
	N
	O
Selecting collisionPartnerSelectionModel noTimeCounter

Initialising the measurement fields

Initialising dsmcVolFields field

Constructing constant properties for
	N2
Selecting collisionPartnerSelectionModel noTimeCounter

Initialising the measurement fields

Initialising dsmcVolFields field
	O2
	NO
	N
	O
Selecting collisionPartnerSelectionModel noTimeCounter

Initialising the measurement fields

Initialising dsmcVolFields field
Selecting collisionPartnerSelectionModel noTimeCounter

Initialising the measurement fields

Initialising dsmcVolFields field
Selecting collisionPartnerSelectionModel noTimeCounter

Initialising the measurement fields

Initialising dsmcVolFields field

Constructing constant properties for
	N2
	O2
	NO
	N
	O

Constructing constant properties for
	N2
	O2
	NO
	N
	O
Selecting collisionPartnerSelectionModel noTimeCounter

Initialising the measurement fields

Initialising dsmcVolFields field
Selecting collisionPartnerSelectionModel noTimeCounter

Initialising the measurement fields

Initialising dsmcVolFields field
Selecting collisionPartnerSelectionModel noTimeCounter

Initialising the measurement fields

Initialising dsmcVolFields field
Replicated mesh: METIS decomposition complete, 104151 cells -> 8 ranks
Replicated mesh: rank 0 owns 13019 / 104151 cells
Local mesh: 13019 owned + 310 halo = 13329 / 104151 cells
Replicated mesh: no-Alltoall async migration enabled
Replicated mesh: flatTransfer=1 found=1
Replicated mesh: flat POD transfer enabled
Replicated mesh: writeMode=gathered
Phase C auto DLB: enabled (ParMETIS AdaptiveRepart), imbalanceThreshold=1.5, dlbSteps=50, sarSteps=10, triggerMode=legacyWindow, minGapSteps=50, checkCollective=allgather, skipFixedKPostDiag=0
Replicated mesh: initialized with 8 MPI ranks, migrate interval 10

Starting time loop

Replicated mesh: initial particle distribution

Replicated mesh: rank 0 kept 251356 parcels, deleted 1806661 non-owned parcels
Time = 1e-06

    Collisions                      = 2805
    Collision candidates           = 2932
    Collision acceptance rate      = 0.9566848568

    Number of DSMC particles        = 2065859
    Number of stuck particles       = 0
    Number of free particles        = 2065859
    Average linear kinetic energy   = 1.111297613e-18
    Average rotational energy       = 2.630699538e-21
    Average vibrational energy      = 6.385260393e-24
    Average electronic energy       = 0
    Total energy                    = 1.15061601

Stage 1.0  ExecutionTime = 8.59 s  ClockTime = 10 s  Iteration 10 (0.15 s)

Time = 2e-06

    Collisions                      = 4302
    Collision candidates           = 4938
    Collision acceptance rate      = 0.8712029162

    Number of DSMC particles        = 2073984
    Number of stuck particles       = 0
    Number of free particles        = 2073984
    Average linear kinetic energy   = 1.107066582e-18
    Average rotational energy       = 2.682845441e-21
    Average vibrational energy      = 1.588826865e-23
    Average electronic energy       = 0
    Total energy                    = 1.150817754

Stage 1.0  ExecutionTime = 9.82 s  ClockTime = 12 s  Iteration 20 (0.13 s)

Time = 3e-06

    Collisions                      = 4859
    Collision candidates           = 6064
    Collision acceptance rate      = 0.8012862797

    Number of DSMC particles        = 2082050
    Number of stuck particles       = 0
    Number of free particles        = 2082050
    Average linear kinetic energy   = 1.102968949e-18
    Average rotational energy       = 2.751807687e-21
    Average vibrational energy      = 2.58531114e-23
    Average electronic energy       = 0
    Total energy                    = 1.151109865

Stage 1.0  ExecutionTime = 10.98 s  ClockTime = 13 s  Iteration 30 (0.13 s)

Time = 4e-06

    Collisions                      = 5376
    Collision candidates           = 7197
    Collision acceptance rate      = 0.7469779075

    Number of DSMC particles        = 2090231
    Number of stuck particles       = 0
    Number of free particles        = 2090231
    Average linear kinetic energy   = 1.098908066e-18
    Average rotational energy       = 2.839875677e-21
    Average vibrational energy      = 3.9337842e-23
    Average electronic energy       = 0
    Total energy                    = 1.151494964

Stage 1.0  ExecutionTime = 12.16 s  ClockTime = 14 s  Iteration 40 (0.13 s)

Time = 5e-06

    Collisions                      = 5951
    Collision candidates           = 8400
    Collision acceptance rate      = 0.708452381

    Number of DSMC particles        = 2098400
    Number of stuck particles       = 0
    Number of free particles        = 2098400
    Average linear kinetic energy   = 1.094986405e-18
    Average rotational energy       = 2.947149537e-21
    Average vibrational energy      = 5.328278645e-23
    Average electronic energy       = 0
    Total energy                    = 1.15200779

Stage 1.0  ExecutionTime = 13.34 s  ClockTime = 15 s  Iteration 50 (0.13 s)

Time = 6e-06

    Collisions                      = 6626
    Collision candidates           = 9626
    Collision acceptance rate      = 0.6883440681

    Number of DSMC particles        = 2106552
    Number of stuck particles       = 0
    Number of free particles        = 2106552
    Average linear kinetic energy   = 1.091174899e-18
    Average rotational energy       = 3.084554698e-21
    Average vibrational energy      = 7.261944699e-23
    Average electronic energy       = 0
    Total energy                    = 1.152633708

Stage 1.0  ExecutionTime = 14.58 s  ClockTime = 17 s  Iteration 60 (0.15 s)

Time = 7e-06

    Collisions                      = 7108
    Collision candidates           = 10762
    Collision acceptance rate      = 0.6604720312

    Number of DSMC particles        = 2114806
    Number of stuck particles       = 0
    Number of free particles        = 2114806
    Average linear kinetic energy   = 1.087551243e-18
    Average rotational energy       = 3.252661017e-21
    Average vibrational energy      = 8.982970572e-23
    Average electronic energy       = 0
    Total energy                    = 1.153514307

Stage 1.0  ExecutionTime = 15.81 s  ClockTime = 18 s  Iteration 70 (0.13 s)

Time = 8e-06

    Collisions                      = 7757
    Collision candidates           = 12000
    Collision acceptance rate      = 0.6464166667

    Number of DSMC particles        = 2122797
    Number of stuck particles       = 0
    Number of free particles        = 2122797
    Average linear kinetic energy   = 1.083934717e-18
    Average rotational energy       = 3.428574703e-21
    Average vibrational energy      = 1.155157563e-22
    Average electronic energy       = 0
    Total energy                    = 1.154248375

Stage 1.0  ExecutionTime = 17.09 s  ClockTime = 20 s  Iteration 80 (0.14 s)

Time = 9e-06

    Collisions                      = 8324
    Collision candidates           = 13156
    Collision acceptance rate      = 0.632715111

    Number of DSMC particles        = 2130920
    Number of stuck particles       = 0
    Number of free particles        = 2130920
    Average linear kinetic energy   = 1.08043924e-18
    Average rotational energy       = 3.643184113e-21
    Average vibrational energy      = 1.44475642e-22
    Average electronic energy       = 0
    Total energy                    = 1.155200392

Stage 1.0  ExecutionTime = 18.4 s  ClockTime = 21 s  Iteration 90 (0.15 s)

Time = 1e-05

    Collisions                      = 9092
    Collision candidates           = 14425
    Collision acceptance rate      = 0.6302946274

    Number of DSMC particles        = 2139040
    Number of stuck particles       = 0
    Number of free particles        = 2139040
    Average linear kinetic energy   = 1.077045384e-18
    Average rotational energy       = 3.89473434e-21
    Average vibrational energy      = 1.741385799e-22
    Average electronic energy       = 0
    Total energy                    = 1.15627332

Stage 1.0  ExecutionTime = 19.77 s  ClockTime = 23 s  Iteration 100 (0.15 s)

Time = 1.1e-05

    Collisions                      = 9823
    Collision candidates           = 15872
    Collision acceptance rate      = 0.6188886089

    Number of DSMC particles        = 2147049
    Number of stuck particles       = 0
    Number of free particles        = 2147049
    Average linear kinetic energy   = 1.073737168e-18
    Average rotational energy       = 4.150266683e-21
    Average vibrational energy      = 2.099907413e-22
    Average electronic energy       = 0
    Total energy                    = 1.157363999

Stage 1.0  ExecutionTime = 21.15 s  ClockTime = 24 s  Iteration 110 (0.15 s)

Time = 1.2e-05

    Collisions                      = 10419
    Collision candidates           = 17174
    Collision acceptance rate      = 0.6066728776


Phase C auto DLB triggered (SAR) at step 120: sar=0.001762685756 loadImbalance=1.063924921 threshold=1.5
Phase C ParMETIS weights: particles=2155232 activeCells=104077 maxCellParticles=61
Phase C ParMETIS: alpha=0.8 ncon=2 ubvec=[1.049999952,1.5] moveRatio=0.7510096673 (moveT=10.38495988s, collT=3.443037725s)
Phase C ParMETIS: AdaptiveRepart (104151 cells, 2 constraints, ubvec=1.049999952)
Replicated mesh: rank 0 owns 10888 / 104151 cells
Local mesh: 10888 owned + 393 halo = 11281 / 104151 cells
Phase C ParMETIS AdaptiveRepart: 75645 / 104151 cells changed (0.7263012357)
Phase C auto DLB complete: rebalance #1

    Number of DSMC particles        = 2155232
    Number of stuck particles       = 0
    Number of free particles        = 2155232
    Average linear kinetic energy   = 1.070478925e-18
    Average rotational energy       = 4.461151096e-21
    Average vibrational energy      = 2.513612941e-22
    Average electronic energy       = 0
    Total energy                    = 1.158643496

Stage 1.0  ExecutionTime = 22.82 s  ClockTime = 26 s  Iteration 120 (0.39 s)

Time = 1.3e-05

    Collisions                      = 9408
    Collision candidates           = 14200
    Collision acceptance rate      = 0.6625352113

    Number of DSMC particles        = 2163258
    Number of stuck particles       = 0
    Number of free particles        = 2163258
    Average linear kinetic energy   = 1.067218832e-18
    Average rotational energy       = 4.583801417e-21
    Average vibrational energy      = 2.70099098e-22
    Average electronic energy       = 0
    Total energy                    = 1.159584958

Stage 1.0  ExecutionTime = 24.17 s  ClockTime = 27 s  Iteration 130 (0.14 s)

Time = 1.4e-05

    Collisions                      = 11026
    Collision candidates           = 17465
    Collision acceptance rate      = 0.6313197824

    Number of DSMC particles        = 2171355
    Number of stuck particles       = 0
    Number of free particles        = 2171355
    Average linear kinetic energy   = 1.063888401e-18
    Average rotational energy       = 4.881762327e-21
    Average vibrational energy      = 3.089639414e-22
    Average electronic energy       = 0
    Total energy                    = 1.160675154

Stage 1.0  ExecutionTime = 25.54 s  ClockTime = 29 s  Iteration 140 (0.17 s)

Time = 1.5e-05

    Collisions                      = 12162
    Collision candidates           = 19452
    Collision acceptance rate      = 0.6252313387

    Number of DSMC particles        = 2179447
    Number of stuck particles       = 0
    Number of free particles        = 2179447
    Average linear kinetic energy   = 1.060700941e-18
    Average rotational energy       = 5.224254278e-21
    Average vibrational energy      = 3.56980993e-22
    Average electronic energy       = 0
    Total energy                    = 1.161952745

Stage 1.0  ExecutionTime = 26.91 s  ClockTime = 30 s  Iteration 150 (0.15 s)

Time = 1.6e-05

    Collisions                      = 12819
    Collision candidates           = 21020
    Collision acceptance rate      = 0.609847764

    Number of DSMC particles        = 2187596
    Number of stuck particles       = 0
    Number of free particles        = 2187596
    Average linear kinetic energy   = 1.0576671e-18
    Average rotational energy       = 5.588724015e-21
    Average vibrational energy      = 4.078335406e-22
    Average electronic energy       = 0
    Total energy                    = 1.163433181

Stage 1.0  ExecutionTime = 28.3 s  ClockTime = 29 s  Iteration 160 (0.17 s)

Time = 1.7e-05

    Collisions                      = 13382
    Collision candidates           = 22402
    Collision acceptance rate      = 0.5973573788

    Number of DSMC particles        = 2195837
    Number of stuck particles       = 0
    Number of free particles        = 2195837
    Average linear kinetic energy   = 1.054755294e-18
    Average rotational energy       = 6.000981513e-21
    Average vibrational energy      = 4.666772637e-22
    Average electronic energy       = 0
    Total energy                    = 1.165136312

Stage 1.0  ExecutionTime = 29.78 s  ClockTime = 31 s  Iteration 170 (0.16 s)

Time = 1.8e-05

    Collisions                      = 14254
    Collision candidates           = 23863
    Collision acceptance rate      = 0.5973264049

    Number of DSMC particles        = 2204029
    Number of stuck particles       = 0
    Number of free particles        = 2204029
    Average linear kinetic energy   = 1.05186557e-18
    Average rotational energy       = 6.453159768e-21
    Average vibrational energy      = 5.2799683e-22
    Average electronic energy       = 0
    Total energy                    = 1.166864446

Stage 1.0  ExecutionTime = 31.24 s  ClockTime = 32 s  Iteration 180 (0.16 s)

Time = 1.9e-05

    Collisions                      = 15005
    Collision candidates           = 25551
    Collision acceptance rate      = 0.5872568588

    Number of DSMC particles        = 2212114
    Number of stuck particles       = 0
    Number of free particles        = 2212114
    Average linear kinetic energy   = 1.049116304e-18
    Average rotational energy       = 6.902695781e-21
    Average vibrational energy      = 5.934011186e-22
    Average electronic energy       = 0
    Total energy                    = 1.168673543

Stage 1.0  ExecutionTime = 32.76 s  ClockTime = 34 s  Iteration 190 (0.18 s)

Time = 2e-05

    Collisions                      = 15768
    Collision candidates           = 27045
    Collision acceptance rate      = 0.5830282862


Phase C auto DLB triggered (SAR) at step 200: sar=0.001084248804 loadImbalance=1.071643411 threshold=1.5
Phase C ParMETIS weights: particles=2220191 activeCells=104093 maxCellParticles=70
Phase C ParMETIS: alpha=0.8 ncon=2 ubvec=[1.049999952,1.5] moveRatio=0.6897510557 (moveT=16.66586043s, collT=7.496277913s)
Phase C ParMETIS: AdaptiveRepart (104151 cells, 2 constraints, ubvec=1.049999952)
Replicated mesh: rank 0 owns 10881 / 104151 cells
Local mesh: 10881 owned + 391 halo = 11272 / 104151 cells
Phase C ParMETIS AdaptiveRepart: 70 / 104151 cells changed (0.000672101084)
Phase C auto DLB complete: rebalance #2

    Number of DSMC particles        = 2220191
    Number of stuck particles       = 0
    Number of free particles        = 2220191
    Average linear kinetic energy   = 1.046321412e-18
    Average rotational energy       = 7.35265528e-21
    Average vibrational energy      = 6.669554607e-22
    Average electronic energy       = 0
    Total energy                    = 1.170419225

Stage 1.0  ExecutionTime = 34.38 s  ClockTime = 36 s  Iteration 200 (0.26 s)

Time = 2.1e-05

    Collisions                      = 16507
    Collision candidates           = 28502
    Collision acceptance rate      = 0.5791523402

    Number of DSMC particles        = 2228433
    Number of stuck particles       = 0
    Number of free particles        = 2228433
    Average linear kinetic energy   = 1.043651087e-18
    Average rotational energy       = 7.827816675e-21
    Average vibrational energy      = 7.50502853e-22
    Average electronic energy       = 0
    Total energy                    = 1.172411367

Stage 1.0  ExecutionTime = 35.97 s  ClockTime = 38 s  Iteration 210 (0.19 s)

Time = 2.2e-05

    Collisions                      = 17233
    Collision candidates           = 29970
    Collision acceptance rate      = 0.5750083417

    Number of DSMC particles        = 2236449
    Number of stuck particles       = 0
    Number of free particles        = 2236449
    Average linear kinetic energy   = 1.041005746e-18
    Average rotational energy       = 8.293683848e-21
    Average vibrational energy      = 8.299957576e-22
    Average electronic energy       = 0
    Total energy                    = 1.174280452

Stage 1.0  ExecutionTime = 37.59 s  ClockTime = 39 s  Iteration 220 (0.19 s)

Time = 2.3e-05

    Collisions                      = 17882
    Collision candidates           = 31516
    Collision acceptance rate      = 0.5673943394

    Number of DSMC particles        = 2244400
    Number of stuck particles       = 0
    Number of free particles        = 2244400
    Average linear kinetic energy   = 1.038349136e-18
    Average rotational energy       = 8.809297856e-21
    Average vibrational energy      = 9.112631964e-22
    Average electronic energy       = 0
    Total energy                    = 1.176143814

Stage 1.0  ExecutionTime = 39.21 s  ClockTime = 41 s  Iteration 230 (0.17 s)

Time = 2.4e-05

    Collisions                      = 18602
    Collision candidates           = 33069
    Collision acceptance rate      = 0.5625207899

    Number of DSMC particles        = 2252656
    Number of stuck particles       = 0
    Number of free particles        = 2252656
    Average linear kinetic energy   = 1.03583607e-18
    Average rotational energy       = 9.293880001e-21
    Average vibrational energy      = 9.950266043e-22
    Average electronic energy       = 0
    Total energy                    = 1.178279853

Stage 1.0  ExecutionTime = 40.89 s  ClockTime = 43 s  Iteration 240 (0.19 s)

Time = 2.5e-05

    Collisions                      = 19413
    Collision candidates           = 34530
    Collision acceptance rate      = 0.5622067767

    Number of DSMC particles        = 2260756
    Number of stuck particles       = 0
    Number of free particles        = 2260756
    Average linear kinetic energy   = 1.033310498e-18
    Average rotational energy       = 9.797244832e-21
    Average vibrational energy      = 1.085116623e-21
    Average electronic energy       = 0
    Total energy                    = 1.180332636

Stage 1.0  ExecutionTime = 42.6 s  ClockTime = 45 s  Iteration 250 (0.2 s)

Time = 2.6e-05

    Collisions                      = 20077
    Collision candidates           = 36079
    Collision acceptance rate      = 0.5564732947

    Number of DSMC particles        = 2268709
    Number of stuck particles       = 0
    Number of free particles        = 2268709
    Average linear kinetic energy   = 1.030818165e-18
    Average rotational energy       = 1.031149388e-20
    Average vibrational energy      = 1.174457231e-21
    Average electronic energy       = 0
    Total energy                    = 1.182342364

Stage 1.0  ExecutionTime = 44.34 s  ClockTime = 47 s  Iteration 260 (0.2 s)

Time = 2.7e-05

    Collisions                      = 21076
    Collision candidates           = 37726
    Collision acceptance rate      = 0.5586598102

    Number of DSMC particles        = 2276979
    Number of stuck particles       = 0
    Number of free particles        = 2276979
    Average linear kinetic energy   = 1.028411472e-18
    Average rotational energy       = 1.083425915e-20
    Average vibrational energy      = 1.264391298e-21
    Average electronic energy       = 0
    Total energy                    = 1.184609849

Stage 1.0  ExecutionTime = 46.14 s  ClockTime = 49 s  Iteration 270 (0.21 s)

Time = 2.8e-05

    Collisions                      = 21654
    Collision candidates           = 39121
    Collision acceptance rate      = 0.5535134582

    Number of DSMC particles        = 2285063
    Number of stuck particles       = 0
    Number of free particles        = 2285063
    Average linear kinetic energy   = 1.025960492e-18
    Average rotational energy       = 1.135457976e-20
    Average vibrational energy      = 1.361168774e-21
    Average electronic energy       = 0
    Total energy                    = 1.186720324

Stage 1.0  ExecutionTime = 47.96 s  ClockTime = 51 s  Iteration 280 (0.2 s)

Time = 2.9e-05

    Collisions                      = 22197
    Collision candidates           = 40551
    Collision acceptance rate      = 0.5473847747

    Number of DSMC particles        = 2293213
    Number of stuck particles       = 0
    Number of free particles        = 2293213
    Average linear kinetic energy   = 1.023539784e-18
    Average rotational energy       = 1.191177332e-20
    Average vibrational energy      = 1.465316472e-21
    Average electronic energy       = 0
    Total energy                    = 1.188935627

Stage 1.0  ExecutionTime = 49.82 s  ClockTime = 53 s  Iteration 290 (0.2 s)

Time = 3e-05

    Collisions                      = 22811
    Collision candidates           = 41860
    Collision acceptance rate      = 0.5449354993

    Number of DSMC particles        = 2301419
    Number of stuck particles       = 0
    Number of free particles        = 2301419
    Average linear kinetic energy   = 1.021261122e-18
    Average rotational energy       = 1.243581341e-20
    Average vibrational energy      = 1.572764476e-21
    Average electronic energy       = 0
    Total energy                    = 1.191294679

Stage 1.0  ExecutionTime = 51.78 s  ClockTime = 55 s  Iteration 300 (0.22 s)

Time = 3.1e-05

    Collisions                      = 23597
    Collision candidates           = 43128
    Collision acceptance rate      = 0.5471387498

    Number of DSMC particles        = 2309511
    Number of stuck particles       = 0
    Number of free particles        = 2309511
    Average linear kinetic energy   = 1.018942702e-18
    Average rotational energy       = 1.297491251e-20
    Average vibrational energy      = 1.69217247e-21
    Average electronic energy       = 0
    Total energy                    = 1.193566586

Stage 1.0  ExecutionTime = 53.78 s  ClockTime = 57 s  Iteration 310 (0.22 s)

Time = 3.2e-05

    Collisions                      = 24046
    Collision candidates           = 44462
    Collision acceptance rate      = 0.5408213756

    Number of DSMC particles        = 2317626
    Number of stuck particles       = 0
    Number of free particles        = 2317626
    Average linear kinetic energy   = 1.016654762e-18
    Average rotational energy       = 1.354859452e-20
    Average vibrational energy      = 1.806795757e-21
    Average electronic energy       = 0
    Total energy                    = 1.19590678

Stage 1.0  ExecutionTime = 55.82 s  ClockTime = 59 s  Iteration 320 (0.22 s)

Time = 3.3e-05

    Collisions                      = 24998
    Collision candidates           = 46034
    Collision acceptance rate      = 0.5430334101

    Number of DSMC particles        = 2325867
    Number of stuck particles       = 0
    Number of free particles        = 2325867
    Average linear kinetic energy   = 1.014408013e-18
    Average rotational energy       = 1.412085546e-20
    Average vibrational energy      = 1.93009488e-21
    Average electronic energy       = 0
    Total energy                    = 1.198355249

Stage 1.0  ExecutionTime = 57.85 s  ClockTime = 59 s  Iteration 330 (0.23 s)

Time = 3.4e-05

    Collisions                      = 25517
    Collision candidates           = 47269
    Collision acceptance rate      = 0.5398252555

    Number of DSMC particles        = 2334000
    Number of stuck particles       = 0
    Number of free particles        = 2334000
    Average linear kinetic energy   = 1.012216199e-18
    Average rotational energy       = 1.469739253e-20
    Average vibrational energy      = 2.056321335e-21
    Average electronic energy       = 0
    Total energy                    = 1.200807888

Stage 1.0  ExecutionTime = 59.9 s  ClockTime = 61 s  Iteration 340 (0.23 s)

Time = 3.5e-05

    Collisions                      = 26411
    Collision candidates           = 48923
    Collision acceptance rate      = 0.5398483331


Phase C auto DLB triggered (SAR) at step 350: sar=0.0005772056524 loadImbalance=1.050470166 threshold=1.5
Phase C ParMETIS weights: particles=2342167 activeCells=104104 maxCellParticles=86
Phase C ParMETIS: alpha=0.8 ncon=2 ubvec=[1.049999952,1.5] moveRatio=0.6481733216 (moveT=31.50533981s, collT=17.10101093s)
Phase C ParMETIS: AdaptiveRepart (104151 cells, 2 constraints, ubvec=1.049999952)
Replicated mesh: rank 0 owns 10761 / 104151 cells
Local mesh: 10761 owned + 383 halo = 11144 / 104151 cells
Phase C ParMETIS AdaptiveRepart: 247 / 104151 cells changed (0.002371556682)
Phase C auto DLB complete: rebalance #3

    Number of DSMC particles        = 2342167
    Number of stuck particles       = 0
    Number of free particles        = 2342167
    Average linear kinetic energy   = 1.010011302e-18
    Average rotational energy       = 1.525422722e-20
    Average vibrational energy      = 2.174707286e-21
    Average electronic energy       = 0
    Total energy                    = 1.203218308

Stage 1.0  ExecutionTime = 62.11 s  ClockTime = 63 s  Iteration 350 (0.37 s)

Time = 3.6e-05

    Collisions                      = 26675
    Collision candidates           = 49994
    Collision acceptance rate      = 0.5335640277

    Number of DSMC particles        = 2350362
    Number of stuck particles       = 0
    Number of free particles        = 2350362
    Average linear kinetic energy   = 1.007852234e-18
    Average rotational energy       = 1.582983616e-20
    Average vibrational energy      = 2.305241675e-21
    Average electronic energy       = 0
    Total energy                    = 1.205720795

Stage 1.0  ExecutionTime = 64.24 s  ClockTime = 66 s  Iteration 360 (0.23 s)

Time = 3.7e-05

    Collisions                      = 27344
    Collision candidates           = 51281
    Collision acceptance rate      = 0.533218931

    Number of DSMC particles        = 2358321
    Number of stuck particles       = 0
    Number of free particles        = 2358321
    Average linear kinetic energy   = 1.005723307e-18
    Average rotational energy       = 1.640604098e-20
    Average vibrational energy      = 2.425395336e-21
    Average electronic energy       = 0
    Total energy                    = 1.208114483

Stage 1.0  ExecutionTime = 66.43 s  ClockTime = 68 s  Iteration 370 (0.25 s)

Time = 3.8e-05

    Collisions                      = 28286
    Collision candidates           = 52845
    Collision acceptance rate      = 0.5352635065

    Number of DSMC particles        = 2366490
    Number of stuck particles       = 0
    Number of free particles        = 2366490
    Average linear kinetic energy   = 1.003641956e-18
    Average rotational energy       = 1.695139977e-20
    Average vibrational energy      = 2.558634029e-21
    Average electronic energy       = 0
    Total energy                    = 1.210639476

Stage 1.0  ExecutionTime = 68.64 s  ClockTime = 70 s  Iteration 380 (0.24 s)

Time = 3.9e-05

    Collisions                      = 28903
    Collision candidates           = 54262
    Collision acceptance rate      = 0.5326563709

    Number of DSMC particles        = 2374572
    Number of stuck particles       = 0
    Number of free particles        = 2374572
    Average linear kinetic energy   = 1.001537322e-18
    Average rotational energy       = 1.752164791e-20
    Average vibrational energy      = 2.687941932e-21
    Average electronic energy       = 0
    Total energy                    = 1.213105805

Stage 1.0  ExecutionTime = 70.95 s  ClockTime = 73 s  Iteration 390 (0.24 s)

Time = 4e-05

    Collisions                      = 29331
    Collision candidates           = 55491
    Collision acceptance rate      = 0.5285722009

    Number of DSMC particles        = 2382696
    Number of stuck particles       = 0
    Number of free particles        = 2382696
    Average linear kinetic energy   = 9.994782786e-19
    Average rotational energy       = 1.810469594e-20
    Average vibrational energy      = 2.816642423e-21
    Average electronic energy       = 0
    Total energy                    = 1.215651043

Stage 1.0  ExecutionTime = 73.25 s  ClockTime = 76 s  Iteration 400 (0.26 s)

Time = 4.1e-05

    Collisions                      = 30277
    Collision candidates           = 56910
    Collision acceptance rate      = 0.532015463

    Number of DSMC particles        = 2390644
    Number of stuck particles       = 0
    Number of free particles        = 2390644
    Average linear kinetic energy   = 9.974307821e-19
    Average rotational energy       = 1.865103934e-20
    Average vibrational energy      = 2.963464334e-21
    Average electronic energy       = 0
    Total energy                    = 1.218087249

Stage 1.0  ExecutionTime = 75.58 s  ClockTime = 78 s  Iteration 410 (0.25 s)

Time = 4.2e-05

    Collisions                      = 30604
    Collision candidates           = 57830
    Collision acceptance rate      = 0.5292062943

    Number of DSMC particles        = 2398677
    Number of stuck particles       = 0
    Number of free particles        = 2398677
    Average linear kinetic energy   = 9.953985448e-19
    Average rotational energy       = 1.924007981e-20
    Average vibrational energy      = 3.110337515e-21
    Average electronic energy       = 0
    Total energy                    = 1.220625514

Stage 1.0  ExecutionTime = 77.96 s  ClockTime = 81 s  Iteration 420 (0.28 s)

Time = 4.3e-05

    Collisions                      = 31131
    Collision candidates           = 59033
    Collision acceptance rate      = 0.5273491098

    Number of DSMC particles        = 2406795
    Number of stuck particles       = 0
    Number of free particles        = 2406795
    Average linear kinetic energy   = 9.934549333e-19
    Average rotational energy       = 1.983097753e-20
    Average vibrational energy      = 3.257300971e-21
    Average electronic energy       = 0
    Total energy                    = 1.22330556

Stage 1.0  ExecutionTime = 80.32 s  ClockTime = 83 s  Iteration 430 (0.27 s)

Time = 4.4e-05

    Collisions                      = 31834
    Collision candidates           = 60349
    Collision acceptance rate      = 0.5274983844

    Number of DSMC particles        = 2414883
    Number of stuck particles       = 0
    Number of free particles        = 2414883
    Average linear kinetic energy   = 9.915451048e-19
    Average rotational energy       = 2.035827277e-20
    Average vibrational energy      = 3.405525224e-21
    Average electronic energy       = 0
    Total energy                    = 1.225926105

Stage 1.0  ExecutionTime = 82.75 s  ClockTime = 86 s  Iteration 440 (0.27 s)

Time = 4.5e-05

    Collisions                      = 32314
    Collision candidates           = 61500
    Collision acceptance rate      = 0.5254308943

    Number of DSMC particles        = 2423106
    Number of stuck particles       = 0
    Number of free particles        = 2423106
    Average linear kinetic energy   = 9.896505451e-19
    Average rotational energy       = 2.093251332e-20
    Average vibrational energy      = 3.551479468e-21
    Average electronic energy       = 0
    Total energy                    = 1.228677742

Stage 1.0  ExecutionTime = 85.21 s  ClockTime = 89 s  Iteration 450 (0.29 s)

Time = 4.6e-05

    Collisions                      = 32902
    Collision candidates           = 62778
    Collision acceptance rate      = 0.5241007996

    Number of DSMC particles        = 2431185
    Number of stuck particles       = 0
    Number of free particles        = 2431185
    Average linear kinetic energy   = 9.877871657e-19
    Average rotational energy       = 2.148096316e-20
    Average vibrational energy      = 3.713387554e-21
    Average electronic energy       = 0
    Total energy                    = 1.231372734

Stage 1.0  ExecutionTime = 87.68 s  ClockTime = 88 s  Iteration 460 (0.29 s)

Time = 4.7e-05

    Collisions                      = 33301
    Collision candidates           = 63937
    Collision acceptance rate      = 0.5208408277

    Number of DSMC particles        = 2439394
    Number of stuck particles       = 0
    Number of free particles        = 2439394
    Average linear kinetic energy   = 9.859009314e-19
    Average rotational energy       = 2.206537995e-20
    Average vibrational energy      = 3.876193097e-21
    Average electronic energy       = 0
    Total energy                    = 1.234141267

Stage 1.0  ExecutionTime = 90.19 s  ClockTime = 91 s  Iteration 470 (0.28 s)

Time = 4.8e-05

    Collisions                      = 34140
    Collision candidates           = 65197
    Collision acceptance rate      = 0.5236437259

    Number of DSMC particles        = 2447399
    Number of stuck particles       = 0
    Number of free particles        = 2447399
    Average linear kinetic energy   = 9.840182052e-19
    Average rotational energy       = 2.267553083e-20
    Average vibrational energy      = 4.039878465e-21
    Average electronic energy       = 0
    Total energy                    = 1.236834219

Stage 1.0  ExecutionTime = 92.7 s  ClockTime = 94 s  Iteration 480 (0.3 s)

Time = 4.9e-05

    Collisions                      = 34524
    Collision candidates           = 66241
    Collision acceptance rate      = 0.521187784

    Number of DSMC particles        = 2455659
    Number of stuck particles       = 0
    Number of free particles        = 2455659
    Average linear kinetic energy   = 9.822759476e-19
    Average rotational energy       = 2.320914767e-20
    Average vibrational energy      = 4.189962058e-21
    Average electronic energy       = 0
    Total energy                    = 1.239708821

Stage 1.0  ExecutionTime = 95.27 s  ClockTime = 97 s  Iteration 490 (0.28 s)

Time = 5e-05

    Collisions                      = 35391
    Collision candidates           = 67784
    Collision acceptance rate      = 0.5221143633

    Number of DSMC particles        = 2463653
    Number of stuck particles       = 0
    Number of free particles        = 2463653
    Average linear kinetic energy   = 9.804349044e-19
    Average rotational energy       = 2.379744571e-20
    Average vibrational energy      = 4.364316227e-21
    Average electronic energy       = 0
    Total energy                    = 1.242416101

Stage 1.0  ExecutionTime = 97.83 s  ClockTime = 100 s  Iteration 500 (0.3 s)

End stage 1


DSMC solver profile summary
    solver profile steps          = 500
    move+collide wall [s]         = 93.09787318
    move only [s]                 = 74.93260982
    buildCellOccupancy [s]        = 10.85111213
    collision phase [s]           = 30.72986208
    post fields/output [s]        = 5.19279182
    total profiled [s]            = 121.7063758
    full evolve wall [s]          = 98.26343374
    move+collide cpu [s]          = 84.68
    move only cpu [s]             = 68.14
    buildCellOccupancy cpu [s]    = 9.83
    collision phase cpu [s]       = 27.86
    post fields/output cpu [s]    = 4.88
    total profiled cpu [s]        = 110.71
    full evolve cpu [s]           = 89.35
    OpenMP enabled                = 0
    OpenMP max threads            = 1
    OpenMP move                   = 0 (static, chunk 64)
    OpenMP collision              = dynamic, chunk 8


Replicated mesh profiling summary:
    migration calls             = 54
    migration wall time [s]     = 4.127495627
    local particles (final)     = 254650
    particles per rank          = min 254650 max 347035 max/min 1.362792068
    rank wall time (evolve, 500 steps): min 83.98 max 84.21 max/min 1.002738747
    Phase C auto DLB checks      = 500
    Phase C auto DLB rebalances = 3
    Phase C auto DLB triggered checks = 3
    Phase C auto DLB wall max [s]= 0.435348685
    Phase C auto DLB check max [s]= 0.039053098
    Phase C ParMETIS max [s]     = 0.178990663
    Phase C migration max [s]    = 0.257031852
    Phase C cellOwner write max [s] = 0
    Phase C post-diagnostic max [s] = 0.00042178
    Phase C auto DLB accounted max [s] = 0.475497393
    Phase C auto DLB residual max [s] = -0.040148708

Total Iterations = 500
End main

end=2026-06-11T02:34:15+08:00
