case=ourmesh
mode=MPI8_serialfast_rngindex
rep=1
np=8
OMP_NUM_THREADS=1
case_dir=/home/superxcx/code/OpenFoam/OF-1706/hyStrath_dlb/run/hyStrath/dsmcFoam+/xcx_test/pal-phd-3.3.1-cylinder-react/timecompare/ourmesh/mpi8replicatedmesh
controlDict=/home/superxcx/code/OpenFoam/OF-1706/hyStrath_dlb/doc/worklog/v2506/detail_mix/mpi8_serial_collision_kernel_rngindex_20260611/controlDicts/ourmesh_MPI8_serialfast_rngindex_rep1_controlDict
start=2026-06-11T02:31:02+08:00
/*---------------------------------------------------------------------------*\
| =========                 |                                                 |
| \\      /  F ield         | OpenFOAM: The Open Source CFD Toolbox           |
|  \\    /   O peration     | Version:  v1706                                 |
|   \\  /    A nd           | Web:      www.OpenFOAM.com                      |
|    \\/     M anipulation  |                                                 |
\*---------------------------------------------------------------------------*/
Build  : v1706
Arch   : "LSB;label=32;scalar=64"
Exec   : dsmcFoam+ -case /home/superxcx/code/OpenFoam/OF-1706/hyStrath_dlb/run/hyStrath/dsmcFoam+/xcx_test/pal-phd-3.3.1-cylinder-react/timecompare/ourmesh/mpi8replicatedmesh
Date   : Jun 11 2026
Time   : 02:31:02
Host   : "SuperXCX-ROG"
PID    : 185645
/*---------------------------------------------------------------------------*\
| =========                 |                                                 |
| \\      /  F ield         | OpenFOAM: The Open Source CFD Toolbox           |
|  \\    /   O peration     | Version:  v1706                                 |
|   \\  /    A nd           | Web:      www.OpenFOAM.com                      |
|    \\/     M anipulation  |                                                 |
\*---------------------------------------------------------------------------*/
Build  : v1706
Arch   : "LSB;label=32;scalar=64"
Exec   : dsmcFoam+ -case /home/superxcx/code/OpenFoam/OF-1706/hyStrath_dlb/run/hyStrath/dsmcFoam+/xcx_test/pal-phd-3.3.1-cylinder-react/timecompare/ourmesh/mpi8replicatedmesh
Date   : Jun 11 2026
Time   : 02:31:02
Host   : "SuperXCX-ROG"
PID    : 185647
/*---------------------------------------------------------------------------*\
| =========                 |                                                 |
| \\      /  F ield         | OpenFOAM: The Open Source CFD Toolbox           |
|  \\    /   O peration     | Version:  v1706                                 |
|   \\  /    A nd           | Web:      www.OpenFOAM.com                      |
|    \\/     M anipulation  |                                                 |
\*---------------------------------------------------------------------------*/
Build  : v1706
Arch   : "LSB;label=32;scalar=64"
Exec   : dsmcFoam+ -case /home/superxcx/code/OpenFoam/OF-1706/hyStrath_dlb/run/hyStrath/dsmcFoam+/xcx_test/pal-phd-3.3.1-cylinder-react/timecompare/ourmesh/mpi8replicatedmesh
Date   : Jun 11 2026
Time   : 02:31:02
Host   : "SuperXCX-ROG"
PID    : 185649
/*---------------------------------------------------------------------------*\
| =========                 |                                                 |
| \\      /  F ield         | OpenFOAM: The Open Source CFD Toolbox           |
|  \\    /   O peration     | Version:  v1706                                 |
|   \\  /    A nd           | Web:      www.OpenFOAM.com                      |
|    \\/     M anipulation  |                                                 |
\*---------------------------------------------------------------------------*/
Build  : v1706
Arch   : "LSB;label=32;scalar=64"
Exec   : dsmcFoam+ -case /home/superxcx/code/OpenFoam/OF-1706/hyStrath_dlb/run/hyStrath/dsmcFoam+/xcx_test/pal-phd-3.3.1-cylinder-react/timecompare/ourmesh/mpi8replicatedmesh
Date   : Jun 11 2026
Time   : 02:31:02
Host   : "SuperXCX-ROG"
PID    : 185650
/*---------------------------------------------------------------------------*\
| =========                 |                                                 |
| \\      /  F ield         | OpenFOAM: The Open Source CFD Toolbox           |
|  \\    /   O peration     | Version:  v1706                                 |
|   \\  /    A nd           | Web:      www.OpenFOAM.com                      |
|    \\/     M anipulation  |                                                 |
\*---------------------------------------------------------------------------*/
Build  : v1706
Arch   : "LSB;label=32;scalar=64"
Exec   : dsmcFoam+ -case /home/superxcx/code/OpenFoam/OF-1706/hyStrath_dlb/run/hyStrath/dsmcFoam+/xcx_test/pal-phd-3.3.1-cylinder-react/timecompare/ourmesh/mpi8replicatedmesh
Date   : Jun 11 2026
Time   : 02:31:02
Host   : "SuperXCX-ROG"
PID    : 185651
/*---------------------------------------------------------------------------*\
| =========                 |                                                 |
| \\      /  F ield         | OpenFOAM: The Open Source CFD Toolbox           |
|  \\    /   O peration     | Version:  v1706                                 |
|   \\  /    A nd           | Web:      www.OpenFOAM.com                      |
|    \\/     M anipulation  |                                                 |
\*---------------------------------------------------------------------------*/
Build  : v1706
Arch   : "LSB;label=32;scalar=64"
Exec   : dsmcFoam+ -case /home/superxcx/code/OpenFoam/OF-1706/hyStrath_dlb/run/hyStrath/dsmcFoam+/xcx_test/pal-phd-3.3.1-cylinder-react/timecompare/ourmesh/mpi8replicatedmesh
Date   : Jun 11 2026
Time   : 02:31:02
Host   : "SuperXCX-ROG"
PID    : 185652
/*---------------------------------------------------------------------------*\
| =========                 |                                                 |
| \\      /  F ield         | OpenFOAM: The Open Source CFD Toolbox           |
|  \\    /   O peration     | Version:  v1706                                 |
|   \\  /    A nd           | Web:      www.OpenFOAM.com                      |
|    \\/     M anipulation  |                                                 |
\*---------------------------------------------------------------------------*/
Build  : v1706
Arch   : "LSB;label=32;scalar=64"
Exec   : dsmcFoam+ -case /home/superxcx/code/OpenFoam/OF-1706/hyStrath_dlb/run/hyStrath/dsmcFoam+/xcx_test/pal-phd-3.3.1-cylinder-react/timecompare/ourmesh/mpi8replicatedmesh
Date   : Jun 11 2026
Time   : 02:31:02
Host   : "SuperXCX-ROG"
PID    : 185646
Case   : /home/superxcx/code/OpenFoam/OF-1706/hyStrath_dlb/run/hyStrath/dsmcFoam+/xcx_test/pal-phd-3.3.1-cylinder-react/timecompare/ourmesh/mpi8replicatedmesh
nProcs : 1
sigFpe : Enabling floating point exception trapping (FOAM_SIGFPE).
Case   : /home/superxcx/code/OpenFoam/OF-1706/hyStrath_dlb/run/hyStrath/dsmcFoam+/xcx_test/pal-phd-3.3.1-cylinder-react/timecompare/ourmesh/mpi8replicatedmesh
nProcs : 1
sigFpe : Enabling floating point exception trapping (FOAM_SIGFPE).
fileModificationChecking : Monitoring run-time modified files using timeStampMaster (fileModificationSkew 10)
allowSystemOperations : Allowing user-supplied system call operations

Case   : /home/superxcx/code/OpenFoam/OF-1706/hyStrath_dlb/run/hyStrath/dsmcFoam+/xcx_test/pal-phd-3.3.1-cylinder-react/timecompare/ourmesh/mpi8replicatedmesh
nProcs : 1
sigFpe : Enabling floating point exception trapping (FOAM_SIGFPE).
fileModificationChecking : Monitoring run-time modified files using timeStampMaster (fileModificationSkew 10)
allowSystemOperations : Allowing user-supplied system call operations

Case   : /home/superxcx/code/OpenFoam/OF-1706/hyStrath_dlb/run/hyStrath/dsmcFoam+/xcx_test/pal-phd-3.3.1-cylinder-react/timecompare/ourmesh/mpi8replicatedmesh
nProcs : 1
sigFpe : Enabling floating point exception trapping (FOAM_SIGFPE).
fileModificationChecking : Monitoring run-time modified files using timeStampMaster (fileModificationSkew 10)
allowSystemOperations : Allowing user-supplied system call operations

Case   : /home/superxcx/code/OpenFoam/OF-1706/hyStrath_dlb/run/hyStrath/dsmcFoam+/xcx_test/pal-phd-3.3.1-cylinder-react/timecompare/ourmesh/mpi8replicatedmesh
nProcs : 1
sigFpe : Enabling floating point exception trapping (FOAM_SIGFPE).
fileModificationChecking : Monitoring run-time modified files using timeStampMaster (fileModificationSkew 10)
allowSystemOperations : Allowing user-supplied system call operations

Case   : /home/superxcx/code/OpenFoam/OF-1706/hyStrath_dlb/run/hyStrath/dsmcFoam+/xcx_test/pal-phd-3.3.1-cylinder-react/timecompare/ourmesh/mpi8replicatedmesh
nProcs : 1
sigFpe : Enabling floating point exception trapping (FOAM_SIGFPE).
fileModificationChecking : Monitoring run-time modified files using timeStampMaster (fileModificationSkew 10)
allowSystemOperations : Allowing user-supplied system call operations

fileModificationChecking : Monitoring run-time modified files using timeStampMaster (fileModificationSkew 10)
allowSystemOperations : Allowing user-supplied system call operations

// * * * * * * * * * * * * * * * * * * * * * * * * * * * * * * * * * * * * * //
Create time

Case   : /home/superxcx/code/OpenFoam/OF-1706/hyStrath_dlb/run/hyStrath/dsmcFoam+/xcx_test/pal-phd-3.3.1-cylinder-react/timecompare/ourmesh/mpi8replicatedmesh
nProcs : 1
// * * * * * * * * * * * * * * * * * * * * * * * * * * * * * * * * * * * * * //
Create time

// * * * * * * * * * * * * * * * * * * * * * * * * * * * * * * * * * * * * * //
Create time

// * * * * * * * * * * * * * * * * * * * * * * * * * * * * * * * * * * * * * //
Create time

// * * * * * * * * * * * * * * * * * * * * * * * * * * * * * * * * * * * * * //
Create time

sigFpe : Enabling floating point exception trapping (FOAM_SIGFPE).
// * * * * * * * * * * * * * * * * * * * * * * * * * * * * * * * * * * * * * //
Create time

fileModificationChecking : Monitoring run-time modified files using timeStampMaster (fileModificationSkew 10)
allowSystemOperations : Allowing user-supplied system call operations

/*---------------------------------------------------------------------------*\
| =========                 |                                                 |
| \\      /  F ield         | OpenFOAM: The Open Source CFD Toolbox           |
|  \\    /   O peration     | Version:  v1706                                 |
|   \\  /    A nd           | Web:      www.OpenFOAM.com                      |
|    \\/     M anipulation  |                                                 |
\*---------------------------------------------------------------------------*/
Build  : v1706
Arch   : "LSB;label=32;scalar=64"
Exec   : dsmcFoam+ -case /home/superxcx/code/OpenFoam/OF-1706/hyStrath_dlb/run/hyStrath/dsmcFoam+/xcx_test/pal-phd-3.3.1-cylinder-react/timecompare/ourmesh/mpi8replicatedmesh
Date   : Jun 11 2026
Time   : 02:31:02
Host   : "SuperXCX-ROG"
PID    : 185648
// * * * * * * * * * * * * * * * * * * * * * * * * * * * * * * * * * * * * * //
Create time

Create mesh for time = 0

Create mesh for time = 0

Create mesh for time = 0

Selecting dynamicFvMesh staticFvMesh
Create mesh for time = 0

Case   : /home/superxcx/code/OpenFoam/OF-1706/hyStrath_dlb/run/hyStrath/dsmcFoam+/xcx_test/pal-phd-3.3.1-cylinder-react/timecompare/ourmesh/mpi8replicatedmesh
nProcs : 1
sigFpe : Enabling floating point exception trapping (FOAM_SIGFPE).
Selecting dynamicFvMesh staticFvMesh
Selecting dynamicFvMesh staticFvMesh
fileModificationChecking : Monitoring run-time modified files using timeStampMaster (fileModificationSkew 10)
allowSystemOperations : Allowing user-supplied system call operations

// * * * * * * * * * * * * * * * * * * * * * * * * * * * * * * * * * * * * * //
Create time

Selecting dynamicFvMesh staticFvMesh
Create mesh for time = 0

Create mesh for time = 0

Selecting dynamicFvMesh staticFvMesh
Selecting dynamicFvMesh staticFvMesh
Create mesh for time = 0

Create mesh for time = 0

Selecting dynamicFvMesh staticFvMesh
Selecting dynamicFvMesh staticFvMesh

Constructing dsmcCloud 

Constructing dsmcCloud 

Constructing dsmcCloud 

Constructing dsmcCloud 

Constructing dsmcCloud 

Constructing dsmcCloud 

Constructing dsmcCloud 

Constructing dsmcCloud 
Selecting the coordinate system model:	dsmcCartesian

Selecting the time-step model:	dsmcConstantTimeStepModel

Constant time-step model:
- time-step [sec]	1e-07

Selecting the porous measurement model:	dsmcNoPorousMediumMeasurements

Selecting the coordinate system model:	dsmcCartesian

Selecting the time-step model:	dsmcConstantTimeStepModel

Constant time-step model:
- time-step [sec]	1e-07

Selecting the porous measurement model:	dsmcNoPorousMediumMeasurements


Creating dsmcControllers

Creating fields: 

Selecting field: dsmcVolFields

TimeData Statistics: 
 measurement option: write
 nSamples: 1, time interval: 1e-07
 nAverages: 10000, time interval: 0.001
 total no. of sampling steps: 0
 total no. of averaging Steps: 0


Selecting the coordinate system model:	dsmcCartesian

Selecting the time-step model:	dsmcConstantTimeStepModel


Creating dsmcControllers

Constant time-step model:
- time-step [sec]	1e-07

Selecting the porous measurement model:	dsmcNoPorousMediumMeasurements

Creating fields: 

Selecting field: dsmcVolFields

TimeData Statistics: 
 measurement option: write
 nSamples: 1, time interval: 1e-07
 nAverages: 10000, time interval: 0.001
 total no. of sampling steps: 0
 total no. of averaging Steps: 0


Selecting the coordinate system model:	dsmcCartesian

Selecting the time-step model:	dsmcConstantTimeStepModel

Selecting the coordinate system model:	dsmcCartesian

Selecting the time-step model:	dsmcConstantTimeStepModel

Constant time-step model:
- time-step [sec]	1e-07

Selecting the porous measurement model:	dsmcNoPorousMediumMeasurements

Constant time-step model:
- time-step [sec]	1e-07

Selecting the porous measurement model:	dsmcNoPorousMediumMeasurements

Selecting the coordinate system model:	dsmcCartesian

Selecting the time-step model:	dsmcConstantTimeStepModel

Selecting the coordinate system model:	dsmcCartesian

Selecting the time-step model:	dsmcConstantTimeStepModel


Creating dsmcControllers

Constant time-step model:
- time-step [sec]	1e-07

Selecting the porous measurement model:	dsmcNoPorousMediumMeasurements

Creating fields: 

Selecting field: dsmcVolFields
Constant time-step model:
- time-step [sec]	1e-07

Selecting the porous measurement model:	dsmcNoPorousMediumMeasurements


TimeData Statistics: 
 measurement option: write
 nSamples: 1, time interval: 1e-07
 nAverages: 10000, time interval: 0.001
 total no. of sampling steps: 0
 total no. of averaging Steps: 0



Creating dsmcControllers


Creating dsmcControllers

Creating fields: 

Selecting field: dsmcVolFields

TimeData Statistics: 
 measurement option: write
 nSamples: 1, time interval: 1e-07
 nAverages: 10000, time interval: 0.001
 total no. of sampling steps: 0
 total no. of averaging Steps: 0


Creating fields: 

Selecting field: dsmcVolFields

TimeData Statistics: 
 measurement option: write
 nSamples: 1, time interval: 1e-07
 nAverages: 10000, time interval: 0.001
 total no. of sampling steps: 0
 total no. of averaging Steps: 0



Creating dsmcControllers


Creating dsmcControllers

Creating fields: 

Selecting field: dsmcVolFields
Creating fields: 

Selecting field: dsmcVolFields

TimeData Statistics: 
 measurement option: write

TimeData Statistics: 
 measurement option: write
 nSamples: 1, time interval: 1e-07
 nAverages: 10000, time interval: 0.001
 total no. of sampling steps: 0
 total no. of averaging Steps: 0


 nSamples: 1, time interval: 1e-07
 nAverages: 10000, time interval: 0.001
 total no. of sampling steps: 0
 total no. of averaging Steps: 0


Selecting the coordinate system model:	dsmcCartesian

Selecting the time-step model:	dsmcConstantTimeStepModel

Constant time-step model:
- time-step [sec]	1e-07

Selecting the porous measurement model:	dsmcNoPorousMediumMeasurements


Creating dsmcControllers

Creating fields: 

Selecting field: dsmcVolFields

TimeData Statistics: 
 measurement option: write
 nSamples: 1, time interval: 1e-07
 nAverages: 10000, time interval: 0.001
 total no. of sampling steps: 0
 total no. of averaging Steps: 0


Creating the boundary models: 

Selecting dsmcPatchBoundaryModel dsmcDeletionPatch
Selecting dsmcPatchBoundaryModel dsmcDeletionPatch
Selecting dsmcPatchBoundaryModel dsmcDiffuseWallPatch
Selecting dsmcGeneralBoundaryModel dsmcFreeStreamInflowPatch
Creating the boundary models: 

Selecting dsmcPatchBoundaryModel dsmcDeletionPatch
Selecting dsmcPatchBoundaryModel dsmcDeletionPatch
Selecting dsmcPatchBoundaryModel dsmcDiffuseWallPatch
Selecting dsmcGeneralBoundaryModel dsmcFreeStreamInflowPatch
Selecting BinaryCollisionModel LarsenBorgnakkeVariableHardSphere

Creating dsmcReactions

There are no chemical reactions defined.
Creating the boundary models: 

Selecting dsmcPatchBoundaryModel dsmcDeletionPatch
Selecting dsmcPatchBoundaryModel dsmcDeletionPatch
Selecting dsmcPatchBoundaryModel dsmcDiffuseWallPatch
Selecting dsmcGeneralBoundaryModel dsmcFreeStreamInflowPatch
Creating the boundary models: 

Selecting dsmcPatchBoundaryModel dsmcDeletionPatch
Creating the boundary models: 

Selecting dsmcPatchBoundaryModel dsmcDeletionPatch
Selecting dsmcPatchBoundaryModel dsmcDeletionPatch
Selecting dsmcPatchBoundaryModel dsmcDiffuseWallPatch
Selecting dsmcGeneralBoundaryModel dsmcFreeStreamInflowPatch
Selecting dsmcPatchBoundaryModel dsmcDeletionPatch
Selecting dsmcPatchBoundaryModel dsmcDiffuseWallPatch
Selecting dsmcGeneralBoundaryModel dsmcFreeStreamInflowPatch
Selecting BinaryCollisionModel LarsenBorgnakkeVariableHardSphere

Creating dsmcReactions

There are no chemical reactions defined.
Creating the boundary models: 

Selecting dsmcPatchBoundaryModel dsmcDeletionPatch
Selecting dsmcPatchBoundaryModel dsmcDeletionPatch
Selecting dsmcPatchBoundaryModel dsmcDiffuseWallPatch
Selecting dsmcGeneralBoundaryModel dsmcFreeStreamInflowPatch
Creating the boundary models: 

Selecting dsmcPatchBoundaryModel dsmcDeletionPatch
Selecting dsmcPatchBoundaryModel dsmcDeletionPatch
Selecting dsmcPatchBoundaryModel dsmcDiffuseWallPatch
Selecting dsmcGeneralBoundaryModel dsmcFreeStreamInflowPatch
Selecting BinaryCollisionModel LarsenBorgnakkeVariableHardSphere

Creating dsmcReactions

There are no chemical reactions defined.
Selecting BinaryCollisionModel LarsenBorgnakkeVariableHardSphere

Creating dsmcReactions

There are no chemical reactions defined.
Selecting BinaryCollisionModel LarsenBorgnakkeVariableHardSphere

Creating dsmcReactions

There are no chemical reactions defined.
Creating the boundary models: 

Selecting dsmcPatchBoundaryModel dsmcDeletionPatch
Selecting dsmcPatchBoundaryModel dsmcDeletionPatch
Selecting dsmcPatchBoundaryModel dsmcDiffuseWallPatch
Selecting dsmcGeneralBoundaryModel dsmcFreeStreamInflowPatch
Selecting BinaryCollisionModel LarsenBorgnakkeVariableHardSphere

Creating dsmcReactions

There are no chemical reactions defined.
Selecting BinaryCollisionModel LarsenBorgnakkeVariableHardSphere

Creating dsmcReactions

There are no chemical reactions defined.
Selecting BinaryCollisionModel LarsenBorgnakkeVariableHardSphere

Creating dsmcReactions

There are no chemical reactions defined.

Constructing constant properties for
	N2
	O2
	NO
	N
	O

Constructing constant properties for
	N2
	O2
	NO
	N
	O

Constructing constant properties for
	N2
	O2
	NO
	N
	O

Constructing constant properties for
	N2
	O2
	NO
	N
	O

Constructing constant properties for
	N2
	O2
	NO
	N
	O

Constructing constant properties for
	N2
	O2
	NO
	N
	O

Constructing constant properties for
	N2
	O2
	NO
	N
	O
Selecting collisionPartnerSelectionModel noTimeCounter

Initialising the measurement fields

Initialising dsmcVolFields field

Constructing constant properties for
	N2
	O2
	NO
	N
	O
Selecting collisionPartnerSelectionModel noTimeCounter

Initialising the measurement fields

Initialising dsmcVolFields field
Selecting collisionPartnerSelectionModel noTimeCounter

Initialising the measurement fields

Initialising dsmcVolFields field
Selecting collisionPartnerSelectionModel noTimeCounter

Initialising the measurement fields

Initialising dsmcVolFields field
Selecting collisionPartnerSelectionModel noTimeCounter

Initialising the measurement fields

Initialising dsmcVolFields field
Selecting collisionPartnerSelectionModel noTimeCounter

Initialising the measurement fields

Initialising dsmcVolFields field
Selecting collisionPartnerSelectionModel noTimeCounter

Initialising the measurement fields

Initialising dsmcVolFields field
Selecting collisionPartnerSelectionModel noTimeCounter

Initialising the measurement fields

Initialising dsmcVolFields field
Replicated mesh: METIS decomposition complete, 104151 cells -> 8 ranks
Replicated mesh: rank 0 owns 13019 / 104151 cells
Local mesh: 13019 owned + 310 halo = 13329 / 104151 cells
Replicated mesh: no-Alltoall async migration enabled
Replicated mesh: flatTransfer=1 found=1
Replicated mesh: flat POD transfer enabled
Replicated mesh: writeMode=gathered
Phase C auto DLB: enabled (ParMETIS AdaptiveRepart), imbalanceThreshold=1.5, dlbSteps=50, sarSteps=10, triggerMode=legacyWindow, minGapSteps=50, checkCollective=allgather, skipFixedKPostDiag=0
Replicated mesh: initialized with 8 MPI ranks, migrate interval 10

Starting time loop

Replicated mesh: initial particle distribution

Replicated mesh: rank 0 kept 251357 parcels, deleted 1806661 non-owned parcels
Time = 1e-06

    Collisions                      = 2884
    Collision candidates           = 3001
    Collision acceptance rate      = 0.9610129957

    Number of DSMC particles        = 2065857
    Number of stuck particles       = 0
    Number of free particles        = 2065857
    Average linear kinetic energy   = 1.111311786e-18
    Average rotational energy       = 2.629019342e-21
    Average vibrational energy      = 8.474055264e-24
    Average electronic energy       = 0
    Total energy                    = 1.150629958

Stage 1.0  ExecutionTime = 9.01 s  ClockTime = 7 s  Iteration 10 (0.12 s)

Time = 2e-06

    Collisions                      = 4317
    Collision candidates           = 4916
    Collision acceptance rate      = 0.8781529699

    Number of DSMC particles        = 2073971
    Number of stuck particles       = 0
    Number of free particles        = 2073971
    Average linear kinetic energy   = 1.10708997e-18
    Average rotational energy       = 2.683513952e-21
    Average vibrational energy      = 1.712313528e-23
    Average electronic energy       = 0
    Total energy                    = 1.150836767

Stage 1.0  ExecutionTime = 10.13 s  ClockTime = 9 s  Iteration 20 (0.13 s)

Time = 3e-06

    Collisions                      = 4878
    Collision candidates           = 6032
    Collision acceptance rate      = 0.8086870027

    Number of DSMC particles        = 2082053
    Number of stuck particles       = 0
    Number of free particles        = 2082053
    Average linear kinetic energy   = 1.103000561e-18
    Average rotational energy       = 2.748556705e-21
    Average vibrational energy      = 2.718931967e-23
    Average electronic energy       = 0
    Total energy                    = 1.151142439

Stage 1.0  ExecutionTime = 11.27 s  ClockTime = 10 s  Iteration 30 (0.13 s)

Time = 4e-06

    Collisions                      = 5288
    Collision candidates           = 7096
    Collision acceptance rate      = 0.7452085682

    Number of DSMC particles        = 2090248
    Number of stuck particles       = 0
    Number of free particles        = 2090248
    Average linear kinetic energy   = 1.098954057e-18
    Average rotational energy       = 2.837419025e-21
    Average vibrational energy      = 4.108233111e-23
    Average electronic energy       = 0
    Total energy                    = 1.15155165

Stage 1.0  ExecutionTime = 12.46 s  ClockTime = 11 s  Iteration 40 (0.14 s)

Time = 5e-06

    Collisions                      = 5834
    Collision candidates           = 8262
    Collision acceptance rate      = 0.7061244251

    Number of DSMC particles        = 2098419
    Number of stuck particles       = 0
    Number of free particles        = 2098419
    Average linear kinetic energy   = 1.09503563e-18
    Average rotational energy       = 2.945469012e-21
    Average vibrational energy      = 5.570548598e-23
    Average electronic energy       = 0
    Total energy                    = 1.152070647

Stage 1.0  ExecutionTime = 13.66 s  ClockTime = 13 s  Iteration 50 (0.15 s)

Time = 6e-06

    Collisions                      = 6550
    Collision candidates           = 9535
    Collision acceptance rate      = 0.6869428422

    Number of DSMC particles        = 2106495
    Number of stuck particles       = 0
    Number of free particles        = 2106495
    Average linear kinetic energy   = 1.091226952e-18
    Average rotational energy       = 3.092148816e-21
    Average vibrational energy      = 7.305360597e-23
    Average electronic energy       = 0
    Total energy                    = 1.152665801

Stage 1.0  ExecutionTime = 14.87 s  ClockTime = 14 s  Iteration 60 (0.14 s)

Time = 7e-06

    Collisions                      = 7218
    Collision candidates           = 10717
    Collision acceptance rate      = 0.6735093776

    Number of DSMC particles        = 2114812
    Number of stuck particles       = 0
    Number of free particles        = 2114812
    Average linear kinetic energy   = 1.087575867e-18
    Average rotational energy       = 3.246850502e-21
    Average vibrational energy      = 9.560371187e-23
    Average electronic energy       = 0
    Total energy                    = 1.153543578

Stage 1.0  ExecutionTime = 16.1 s  ClockTime = 15 s  Iteration 70 (0.14 s)

Time = 8e-06

    Collisions                      = 7886
    Collision candidates           = 12183
    Collision acceptance rate      = 0.6472954116

    Number of DSMC particles        = 2122838
    Number of stuck particles       = 0
    Number of free particles        = 2122838
    Average linear kinetic energy   = 1.083937253e-18
    Average rotational energy       = 3.436787882e-21
    Average vibrational energy      = 1.207319936e-22
    Average electronic energy       = 0
    Total energy                    = 1.154287614

Stage 1.0  ExecutionTime = 17.35 s  ClockTime = 17 s  Iteration 80 (0.14 s)

Time = 9e-06

    Collisions                      = 8301
    Collision candidates           = 13259
    Collision acceptance rate      = 0.6260653141

    Number of DSMC particles        = 2130922
    Number of stuck particles       = 0
    Number of free particles        = 2130922
    Average linear kinetic energy   = 1.080469612e-18
    Average rotational energy       = 3.658226686e-21
    Average vibrational energy      = 1.486553943e-22
    Average electronic energy       = 0
    Total energy                    = 1.155254317

Stage 1.0  ExecutionTime = 18.62 s  ClockTime = 18 s  Iteration 90 (0.14 s)

Time = 1e-05

    Collisions                      = 9127
    Collision candidates           = 14521
    Collision acceptance rate      = 0.6285379795


Phase C auto DLB triggered (SAR) at step 100: sar=0.0009326681429 loadImbalance=1.063065645 threshold=1.5
Phase C ParMETIS weights: particles=2138962 activeCells=104050 maxCellParticles=62
Phase C ParMETIS: alpha=0.8 ncon=2 ubvec=[1.049999952,1.5] moveRatio=0.7628622947 (moveT=8.243912961s, collT=2.562641536s)
Phase C ParMETIS: AdaptiveRepart (104151 cells, 2 constraints, ubvec=1.049999952)
Replicated mesh: rank 0 owns 10555 / 104151 cells
Local mesh: 10555 owned + 284 halo = 10839 / 104151 cells
Phase C ParMETIS AdaptiveRepart: 83934 / 104151 cells changed (0.8058876055)
Phase C auto DLB complete: rebalance #1

    Number of DSMC particles        = 2138962
    Number of stuck particles       = 0
    Number of free particles        = 2138962
    Average linear kinetic energy   = 1.077098765e-18
    Average rotational energy       = 3.886822986e-21
    Average vibrational energy      = 1.766229213e-22
    Average electronic energy       = 0
    Total energy                    = 1.156282442

Stage 1.0  ExecutionTime = 20.11 s  ClockTime = 20 s  Iteration 100 (0.32 s)

Time = 1.1e-05

    Collisions                      = 7792
    Collision candidates           = 11647
    Collision acceptance rate      = 0.6690134799

    Number of DSMC particles        = 2147025
    Number of stuck particles       = 0
    Number of free particles        = 2147025
    Average linear kinetic energy   = 1.073617792e-18
    Average rotational energy       = 3.989339449e-21
    Average vibrational energy      = 1.913994222e-22
    Average electronic energy       = 0
    Total energy                    = 1.157030195

Stage 1.0  ExecutionTime = 21.3 s  ClockTime = 21 s  Iteration 110 (0.13 s)

Time = 1.2e-05

    Collisions                      = 9586
    Collision candidates           = 14793
    Collision acceptance rate      = 0.6480091935

    Number of DSMC particles        = 2155211
    Number of stuck particles       = 0
    Number of free particles        = 2155211
    Average linear kinetic energy   = 1.070106607e-18
    Average rotational energy       = 4.241165731e-21
    Average vibrational energy      = 2.264557132e-22
    Average electronic energy       = 0
    Total energy                    = 1.157967098

Stage 1.0  ExecutionTime = 22.54 s  ClockTime = 22 s  Iteration 120 (0.14 s)

Time = 1.3e-05

    Collisions                      = 10350
    Collision candidates           = 16421
    Collision acceptance rate      = 0.6302904817

    Number of DSMC particles        = 2163350
    Number of stuck particles       = 0
    Number of free particles        = 2163350
    Average linear kinetic energy   = 1.066804062e-18
    Average rotational energy       = 4.550150927e-21
    Average vibrational energy      = 2.656897051e-22
    Average electronic energy       = 0
    Total energy                    = 1.159144459

Stage 1.0  ExecutionTime = 23.83 s  ClockTime = 24 s  Iteration 130 (0.16 s)

Time = 1.4e-05

    Collisions                      = 11161
    Collision candidates           = 17956
    Collision acceptance rate      = 0.621574961

    Number of DSMC particles        = 2171370
    Number of stuck particles       = 0
    Number of free particles        = 2171370
    Average linear kinetic energy   = 1.063707496e-18
    Average rotational energy       = 4.890380652e-21
    Average vibrational energy      = 3.170867336e-22
    Average electronic energy       = 0
    Total energy                    = 1.160504942

Stage 1.0  ExecutionTime = 25.15 s  ClockTime = 25 s  Iteration 140 (0.14 s)

Time = 1.5e-05

    Collisions                      = 12077
    Collision candidates           = 19703
    Collision acceptance rate      = 0.6129523423

    Number of DSMC particles        = 2179426
    Number of stuck particles       = 0
    Number of free particles        = 2179426
    Average linear kinetic energy   = 1.060673883e-18
    Average rotational energy       = 5.252672355e-21
    Average vibrational energy      = 3.635417262e-22
    Average electronic energy       = 0
    Total energy                    = 1.161950181

Stage 1.0  ExecutionTime = 26.51 s  ClockTime = 27 s  Iteration 150 (0.14 s)

Time = 1.6e-05

    Collisions                      = 12965
    Collision candidates           = 21477
    Collision acceptance rate      = 0.6036690413

    Number of DSMC particles        = 2187611
    Number of stuck particles       = 0
    Number of free particles        = 2187611
    Average linear kinetic energy   = 1.057730247e-18
    Average rotational energy       = 5.629834804e-21
    Average vibrational energy      = 4.148609981e-22
    Average electronic energy       = 0
    Total energy                    = 1.163562884

Stage 1.0  ExecutionTime = 27.9 s  ClockTime = 28 s  Iteration 160 (0.17 s)

Time = 1.7e-05

    Collisions                      = 13646
    Collision candidates           = 22924
    Collision acceptance rate      = 0.5952713314

    Number of DSMC particles        = 2195851
    Number of stuck particles       = 0
    Number of free particles        = 2195851
    Average linear kinetic energy   = 1.054862987e-18
    Average rotational energy       = 6.030158971e-21
    Average vibrational energy      = 4.680115348e-22
    Average electronic energy       = 0
    Total energy                    = 1.165295479

Stage 1.0  ExecutionTime = 29.33 s  ClockTime = 30 s  Iteration 170 (0.15 s)

Time = 1.8e-05

    Collisions                      = 14489
    Collision candidates           = 24448
    Collision acceptance rate      = 0.5926456152

    Number of DSMC particles        = 2204043
    Number of stuck particles       = 0
    Number of free particles        = 2204043
    Average linear kinetic energy   = 1.052038019e-18
    Average rotational energy       = 6.471952114e-21
    Average vibrational energy      = 5.302630226e-22
    Average electronic energy       = 0
    Total energy                    = 1.167085107

Stage 1.0  ExecutionTime = 30.77 s  ClockTime = 31 s  Iteration 180 (0.16 s)

Time = 1.9e-05

    Collisions                      = 15295
    Collision candidates           = 26133
    Collision acceptance rate      = 0.5852753224

    Number of DSMC particles        = 2212153
    Number of stuck particles       = 0
    Number of free particles        = 2212153
    Average linear kinetic energy   = 1.049225557e-18
    Average rotational energy       = 6.909655508e-21
    Average vibrational energy      = 6.016734474e-22
    Average electronic energy       = 0
    Total energy                    = 1.168831836

Stage 1.0  ExecutionTime = 32.49 s  ClockTime = 33 s  Iteration 190 (0.16 s)

Time = 2e-05

    Collisions                      = 15936
    Collision candidates           = 27625
    Collision acceptance rate      = 0.5768687783

    Number of DSMC particles        = 2220262
    Number of stuck particles       = 0
    Number of free particles        = 2220262
    Average linear kinetic energy   = 1.046446391e-18
    Average rotational energy       = 7.366971962e-21
    Average vibrational energy      = 6.733437528e-22
    Average electronic energy       = 0
    Total energy                    = 1.170618382

Stage 1.0  ExecutionTime = 33.98 s  ClockTime = 35 s  Iteration 200 (0.18 s)

Time = 2.1e-05

    Collisions                      = 16550
    Collision candidates           = 28968
    Collision acceptance rate      = 0.5713200773

    Number of DSMC particles        = 2228389
    Number of stuck particles       = 0
    Number of free particles        = 2228389
    Average linear kinetic energy   = 1.043764903e-18
    Average rotational energy       = 7.820136086e-21
    Average vibrational energy      = 7.494863552e-22
    Average electronic energy       = 0
    Total energy                    = 1.17250534

Stage 1.0  ExecutionTime = 35.52 s  ClockTime = 34 s  Iteration 210 (0.17 s)

Time = 2.2e-05

    Collisions                      = 17446
    Collision candidates           = 30460
    Collision acceptance rate      = 0.572751149

    Number of DSMC particles        = 2236479
    Number of stuck particles       = 0
    Number of free particles        = 2236479
    Average linear kinetic energy   = 1.041128048e-18
    Average rotational energy       = 8.298844055e-21
    Average vibrational energy      = 8.276416764e-22
    Average electronic energy       = 0
    Total energy                    = 1.174436105

Stage 1.0  ExecutionTime = 37.19 s  ClockTime = 36 s  Iteration 220 (0.18 s)

Time = 2.3e-05

    Collisions                      = 18106
    Collision candidates           = 32056
    Collision acceptance rate      = 0.5648240579

    Number of DSMC particles        = 2244476
    Number of stuck particles       = 0
    Number of free particles        = 2244476
    Average linear kinetic energy   = 1.0385042e-18
    Average rotational energy       = 8.791458755e-21
    Average vibrational energy      = 9.074343772e-22
    Average electronic energy       = 0
    Total energy                    = 1.176333343

Stage 1.0  ExecutionTime = 38.84 s  ClockTime = 37 s  Iteration 230 (0.21 s)

Time = 2.4e-05

    Collisions                      = 18739
    Collision candidates           = 33535
    Collision acceptance rate      = 0.5587893246

    Number of DSMC particles        = 2252672
    Number of stuck particles       = 0
    Number of free particles        = 2252672
    Average linear kinetic energy   = 1.036004323e-18
    Average rotational energy       = 9.269338244e-21
    Average vibrational energy      = 9.955542505e-22
    Average electronic energy       = 0
    Total energy                    = 1.178450683

Stage 1.0  ExecutionTime = 40.52 s  ClockTime = 39 s  Iteration 240 (0.19 s)

Time = 2.5e-05

    Collisions                      = 19472
    Collision candidates           = 35008
    Collision acceptance rate      = 0.5562157221

    Number of DSMC particles        = 2260741
    Number of stuck particles       = 0
    Number of free particles        = 2260741
    Average linear kinetic energy   = 1.033433387e-18
    Average rotational energy       = 9.793797468e-21
    Average vibrational energy      = 1.084982145e-21
    Average electronic energy       = 0
    Total energy                    = 1.180459666

Stage 1.0  ExecutionTime = 42.24 s  ClockTime = 41 s  Iteration 250 (0.19 s)

Time = 2.6e-05

    Collisions                      = 20517
    Collision candidates           = 36761
    Collision acceptance rate      = 0.5581186584

    Number of DSMC particles        = 2268714
    Number of stuck particles       = 0
    Number of free particles        = 2268714
    Average linear kinetic energy   = 1.030943481e-18
    Average rotational energy       = 1.032960233e-20
    Average vibrational energy      = 1.177424576e-21
    Average electronic energy       = 0
    Total energy                    = 1.182511031

Stage 1.0  ExecutionTime = 43.98 s  ClockTime = 43 s  Iteration 260 (0.19 s)

Time = 2.7e-05

    Collisions                      = 20787
    Collision candidates           = 37961
    Collision acceptance rate      = 0.5475883143

    Number of DSMC particles        = 2276842
    Number of stuck particles       = 0
    Number of free particles        = 2276842
    Average linear kinetic energy   = 1.028439795e-18
    Average rotational energy       = 1.087399313e-20
    Average vibrational energy      = 1.27072537e-21
    Average electronic energy       = 0
    Total energy                    = 1.184623263

Stage 1.0  ExecutionTime = 45.73 s  ClockTime = 45 s  Iteration 270 (0.21 s)

Time = 2.8e-05

    Collisions                      = 21934
    Collision candidates           = 39619
    Collision acceptance rate      = 0.5536232616

    Number of DSMC particles        = 2285089
    Number of stuck particles       = 0
    Number of free particles        = 2285089
    Average linear kinetic energy   = 1.026012969e-18
    Average rotational energy       = 1.139119759e-20
    Average vibrational energy      = 1.378538552e-21
    Average electronic energy       = 0
    Total energy                    = 1.186855467

Stage 1.0  ExecutionTime = 47.49 s  ClockTime = 47 s  Iteration 280 (0.2 s)

Time = 2.9e-05

    Collisions                      = 22409
    Collision candidates           = 40835
    Collision acceptance rate      = 0.548769438


Phase C auto DLB triggered (SAR) at step 290: sar=0.0009569002164 loadImbalance=1.048556272 threshold=1.5
Phase C ParMETIS weights: particles=2293212 activeCells=104105 maxCellParticles=84
Phase C ParMETIS: alpha=0.8 ncon=2 ubvec=[1.049999952,1.5] moveRatio=0.739410285 (moveT=27.06330856s, collT=9.537897982s)
Phase C ParMETIS: AdaptiveRepart (104151 cells, 2 constraints, ubvec=1.049999952)
Replicated mesh: rank 0 owns 10555 / 104151 cells
Local mesh: 10555 owned + 284 halo = 10839 / 104151 cells
Phase C ParMETIS AdaptiveRepart: 31 / 104151 cells changed (0.0002976447658)
Phase C auto DLB complete: rebalance #2

    Number of DSMC particles        = 2293212
    Number of stuck particles       = 0
    Number of free particles        = 2293212
    Average linear kinetic energy   = 1.023667784e-18
    Average rotational energy       = 1.191880867e-20
    Average vibrational energy      = 1.486086754e-21
    Average electronic energy       = 0
    Total energy                    = 1.189113756

Stage 1.0  ExecutionTime = 49.41 s  ClockTime = 49 s  Iteration 290 (0.28 s)

Time = 3e-05

    Collisions                      = 23070
    Collision candidates           = 42223
    Collision acceptance rate      = 0.5463846719

    Number of DSMC particles        = 2301404
    Number of stuck particles       = 0
    Number of free particles        = 2301404
    Average linear kinetic energy   = 1.021353536e-18
    Average rotational energy       = 1.246218506e-20
    Average vibrational energy      = 1.596176967e-21
    Average electronic energy       = 0
    Total energy                    = 1.191450542

Stage 1.0  ExecutionTime = 51.3 s  ClockTime = 51 s  Iteration 300 (0.21 s)

Time = 3.1e-05

    Collisions                      = 23706
    Collision candidates           = 43712
    Collision acceptance rate      = 0.5423224744

    Number of DSMC particles        = 2309454
    Number of stuck particles       = 0
    Number of free particles        = 2309454
    Average linear kinetic energy   = 1.019048742e-18
    Average rotational energy       = 1.303565688e-20
    Average vibrational energy      = 1.702417468e-21
    Average electronic energy       = 0
    Total energy                    = 1.193741549

Stage 1.0  ExecutionTime = 53.21 s  ClockTime = 53 s  Iteration 310 (0.22 s)

Time = 3.2e-05

    Collisions                      = 24407
    Collision candidates           = 44893
    Collision acceptance rate      = 0.5436705054

    Number of DSMC particles        = 2317698
    Number of stuck particles       = 0
    Number of free particles        = 2317698
    Average linear kinetic energy   = 1.0167826e-18
    Average rotational energy       = 1.359450193e-20
    Average vibrational energy      = 1.815171859e-21
    Average electronic energy       = 0
    Total energy                    = 1.196154985

Stage 1.0  ExecutionTime = 55.17 s  ClockTime = 55 s  Iteration 320 (0.22 s)

Time = 3.3e-05

    Collisions                      = 24905
    Collision candidates           = 45953
    Collision acceptance rate      = 0.5419667922

    Number of DSMC particles        = 2325883
    Number of stuck particles       = 0
    Number of free particles        = 2325883
    Average linear kinetic energy   = 1.014579997e-18
    Average rotational energy       = 1.413041786e-20
    Average vibrational energy      = 1.926133303e-21
    Average electronic energy       = 0
    Total energy                    = 1.198570013

Stage 1.0  ExecutionTime = 57.18 s  ClockTime = 57 s  Iteration 330 (0.22 s)

Time = 3.4e-05

    Collisions                      = 25593
    Collision candidates           = 47517
    Collision acceptance rate      = 0.5386072353

    Number of DSMC particles        = 2333963
    Number of stuck particles       = 0
    Number of free particles        = 2333963
    Average linear kinetic energy   = 1.012363989e-18
    Average rotational energy       = 1.472068325e-20
    Average vibrational energy      = 2.0442476e-21
    Average electronic energy       = 0
    Total energy                    = 1.200974411

Stage 1.0  ExecutionTime = 59.15 s  ClockTime = 60 s  Iteration 340 (0.22 s)

Time = 3.5e-05

    Collisions                      = 26577
    Collision candidates           = 49089
    Collision acceptance rate      = 0.5414043879

    Number of DSMC particles        = 2342119
    Number of stuck particles       = 0
    Number of free particles        = 2342119
    Average linear kinetic energy   = 1.010104219e-18
    Average rotational energy       = 1.531945643e-20
    Average vibrational energy      = 2.1748366e-21
    Average electronic energy       = 0
    Total energy                    = 1.203379

Stage 1.0  ExecutionTime = 61.24 s  ClockTime = 62 s  Iteration 350 (0.24 s)

Time = 3.6e-05

    Collisions                      = 26936
    Collision candidates           = 50534
    Collision acceptance rate      = 0.5330272688

    Number of DSMC particles        = 2350205
    Number of stuck particles       = 0
    Number of free particles        = 2350205
    Average linear kinetic energy   = 1.007941841e-18
    Average rotational energy       = 1.586378209e-20
    Average vibrational energy      = 2.298568465e-21
    Average electronic energy       = 0
    Total energy                    = 1.205777601

Stage 1.0  ExecutionTime = 63.31 s  ClockTime = 64 s  Iteration 360 (0.24 s)

Time = 3.7e-05

    Collisions                      = 27835
    Collision candidates           = 52004
    Collision acceptance rate      = 0.5352472887

    Number of DSMC particles        = 2358400
    Number of stuck particles       = 0
    Number of free particles        = 2358400
    Average linear kinetic energy   = 1.005801478e-18
    Average rotational energy       = 1.644005208e-20
    Average vibrational energy      = 2.422754937e-21
    Average electronic energy       = 0
    Total energy                    = 1.208284124

Stage 1.0  ExecutionTime = 65.44 s  ClockTime = 64 s  Iteration 370 (0.25 s)

Time = 3.8e-05

    Collisions                      = 28339
    Collision candidates           = 53220
    Collision acceptance rate      = 0.5324877865

    Number of DSMC particles        = 2366537
    Number of stuck particles       = 0
    Number of free particles        = 2366537
    Average linear kinetic energy   = 1.003718589e-18
    Average rotational energy       = 1.700155169e-20
    Average vibrational energy      = 2.553123078e-21
    Average electronic energy       = 0
    Total energy                    = 1.210807019

Stage 1.0  ExecutionTime = 67.71 s  ClockTime = 66 s  Iteration 380 (0.24 s)

Time = 3.9e-05

    Collisions                      = 28915
    Collision candidates           = 54403
    Collision acceptance rate      = 0.5314964248

    Number of DSMC particles        = 2374590
    Number of stuck particles       = 0
    Number of free particles        = 2374590
    Average linear kinetic energy   = 1.00166855e-18
    Average rotational energy       = 1.755408721e-20
    Average vibrational energy      = 2.685339138e-21
    Average electronic energy       = 0
    Total energy                    = 1.213306231

Stage 1.0  ExecutionTime = 69.9 s  ClockTime = 69 s  Iteration 390 (0.26 s)

Time = 4e-05

    Collisions                      = 29403
    Collision candidates           = 55718
    Collision acceptance rate      = 0.5277109731

    Number of DSMC particles        = 2382712
    Number of stuck particles       = 0
    Number of free particles        = 2382712
    Average linear kinetic energy   = 9.996118029e-19
    Average rotational energy       = 1.812932377e-20
    Average vibrational energy      = 2.824335646e-21
    Average electronic energy       = 0
    Total energy                    = 1.215856787

Stage 1.0  ExecutionTime = 72.13 s  ClockTime = 71 s  Iteration 400 (0.26 s)

Time = 4.1e-05

    Collisions                      = 30057
    Collision candidates           = 56858
    Collision acceptance rate      = 0.5286327342

    Number of DSMC particles        = 2390539
    Number of stuck particles       = 0
    Number of free particles        = 2390539
    Average linear kinetic energy   = 9.975935484e-19
    Average rotational energy       = 1.866851602e-20
    Average vibrational energy      = 2.95928842e-21
    Average electronic energy       = 0
    Total energy                    = 1.218244197

Stage 1.0  ExecutionTime = 74.43 s  ClockTime = 74 s  Iteration 410 (0.26 s)

Time = 4.2e-05

    Collisions                      = 30900
    Collision candidates           = 58467
    Collision acceptance rate      = 0.5285032582

    Number of DSMC particles        = 2398628
    Number of stuck particles       = 0
    Number of free particles        = 2398628
    Average linear kinetic energy   = 9.956110232e-19
    Average rotational energy       = 1.924250308e-20
    Average vibrational energy      = 3.095919715e-21
    Average electronic energy       = 0
    Total energy                    = 1.220841022

Stage 1.0  ExecutionTime = 76.85 s  ClockTime = 76 s  Iteration 420 (0.31 s)

Time = 4.3e-05

    Collisions                      = 31260
    Collision candidates           = 59698
    Collision acceptance rate      = 0.5236356327


Phase C auto DLB triggered (SAR) at step 430: sar=0.004362642544 loadImbalance=1.071909651 threshold=1.5
Phase C ParMETIS weights: particles=2406820 activeCells=104094 maxCellParticles=86
Phase C ParMETIS: alpha=0.8 ncon=2 ubvec=[1.049999952,1.5] moveRatio=0.6944874812 (moveT=43.67355467s, collT=19.21246682s)
Phase C ParMETIS: AdaptiveRepart (104151 cells, 2 constraints, ubvec=1.049999952)
Replicated mesh: rank 0 owns 12047 / 104151 cells
Local mesh: 12047 owned + 359 halo = 12406 / 104151 cells
Phase C ParMETIS AdaptiveRepart: 86665 / 104151 cells changed (0.8321091492)
Phase C auto DLB complete: rebalance #3

    Number of DSMC particles        = 2406820
    Number of stuck particles       = 0
    Number of free particles        = 2406820
    Average linear kinetic energy   = 9.936655557e-19
    Average rotational energy       = 1.980016019e-20
    Average vibrational energy      = 3.235644811e-21
    Average electronic energy       = 0
    Total energy                    = 1.223508585

Stage 1.0  ExecutionTime = 79.61 s  ClockTime = 79 s  Iteration 430 (0.57 s)

Time = 4.4e-05

    Collisions                      = 29685
    Collision candidates           = 49293
    Collision acceptance rate      = 0.6022153247

    Number of DSMC particles        = 2414928
    Number of stuck particles       = 0
    Number of free particles        = 2414928
    Average linear kinetic energy   = 9.920551134e-19
    Average rotational energy       = 2.000584367e-20
    Average vibrational energy      = 3.328446869e-21
    Average electronic energy       = 0
    Total energy                    = 1.226046151

Stage 1.0  ExecutionTime = 81.63 s  ClockTime = 81 s  Iteration 440 (0.24 s)

Time = 4.5e-05

    Collisions                      = 31446
    Collision candidates           = 53638
    Collision acceptance rate      = 0.5862634699

    Number of DSMC particles        = 2423161
    Number of stuck particles       = 0
    Number of free particles        = 2423161
    Average linear kinetic energy   = 9.901745096e-19
    Average rotational energy       = 2.051411107e-20
    Average vibrational energy      = 3.461523295e-21
    Average electronic energy       = 0
    Total energy                    = 1.228724538

Stage 1.0  ExecutionTime = 83.71 s  ClockTime = 84 s  Iteration 450 (0.23 s)

Time = 4.6e-05

    Collisions                      = 32961
    Collision candidates           = 56900
    Collision acceptance rate      = 0.5792794376

    Number of DSMC particles        = 2431425
    Number of stuck particles       = 0
    Number of free particles        = 2431425
    Average linear kinetic energy   = 9.882647827e-19
    Average rotational energy       = 2.105070461e-20
    Average vibrational energy      = 3.606911328e-21
    Average electronic energy       = 0
    Total energy                    = 1.231422422

Stage 1.0  ExecutionTime = 85.83 s  ClockTime = 86 s  Iteration 460 (0.25 s)

Time = 4.7e-05

    Collisions                      = 33554
    Collision candidates           = 58796
    Collision acceptance rate      = 0.5706850806

    Number of DSMC particles        = 2439544
    Number of stuck particles       = 0
    Number of free particles        = 2439544
    Average linear kinetic energy   = 9.863803094e-19
    Average rotational energy       = 2.160168141e-20
    Average vibrational energy      = 3.749944206e-21
    Average electronic energy       = 0
    Total energy                    = 1.234082286

Stage 1.0  ExecutionTime = 87.98 s  ClockTime = 88 s  Iteration 470 (0.26 s)

Time = 4.8e-05

    Collisions                      = 34465
    Collision candidates           = 60928
    Collision acceptance rate      = 0.5656676733

    Number of DSMC particles        = 2447592
    Number of stuck particles       = 0
    Number of free particles        = 2447592
    Average linear kinetic energy   = 9.844394082e-19
    Average rotational energy       = 2.220889041e-20
    Average vibrational energy      = 3.899367479e-21
    Average electronic energy       = 0
    Total energy                    = 1.236704192

Stage 1.0  ExecutionTime = 90.17 s  ClockTime = 91 s  Iteration 480 (0.25 s)

Time = 4.9e-05

    Collisions                      = 34954
    Collision candidates           = 62708
    Collision acceptance rate      = 0.557408943

    Number of DSMC particles        = 2455637
    Number of stuck particles       = 0
    Number of free particles        = 2455637
    Average linear kinetic energy   = 9.825110032e-19
    Average rotational energy       = 2.281782875e-20
    Average vibrational energy      = 4.066388326e-21
    Average electronic energy       = 0
    Total energy                    = 1.239354125

Stage 1.0  ExecutionTime = 92.4 s  ClockTime = 93 s  Iteration 490 (0.25 s)

Time = 5e-05

    Collisions                      = 35726
    Collision candidates           = 64620
    Collision acceptance rate      = 0.5528628907

    Number of DSMC particles        = 2463624
    Number of stuck particles       = 0
    Number of free particles        = 2463624
    Average linear kinetic energy   = 9.806226207e-19
    Average rotational energy       = 2.34068399e-20
    Average vibrational energy      = 4.230714506e-21
    Average electronic energy       = 0
    Total energy                    = 1.241986983

Stage 1.0  ExecutionTime = 94.72 s  ClockTime = 93 s  Iteration 500 (0.27 s)

End stage 1


DSMC solver profile summary
    solver profile steps          = 500
    move+collide wall [s]         = 89.03834381
    move only [s]                 = 68.18545265
    buildCellOccupancy [s]        = 9.70554607
    collision phase [s]           = 29.73887057
    post fields/output [s]        = 5.184208704
    total profiled [s]            = 112.814078
    full evolve wall [s]          = 94.21482468
    move+collide cpu [s]          = 81.05
    move only cpu [s]             = 61.97
    buildCellOccupancy cpu [s]    = 8.85
    collision phase cpu [s]       = 27.24
    post fields/output cpu [s]    = 4.83
    total profiled cpu [s]        = 102.89
    full evolve cpu [s]           = 85.7
    OpenMP enabled                = 0
    OpenMP max threads            = 1
    OpenMP move                   = 0 (static, chunk 64)
    OpenMP collision              = dynamic, chunk 8


Replicated mesh profiling summary:
    migration calls             = 54
    migration wall time [s]     = 3.653252335
    local particles (final)     = 295481
    particles per rank          = min 295481 max 326800 max/min 1.105993279
    rank wall time (evolve, 500 steps): min 80.15 max 80.44 max/min 1.003618216
    Phase C auto DLB checks      = 500
    Phase C auto DLB rebalances = 3
    Phase C auto DLB triggered checks = 3
    Phase C auto DLB wall max [s]= 0.60933088
    Phase C auto DLB check max [s]= 0.034394002
    Phase C ParMETIS max [s]     = 0.205365821
    Phase C migration max [s]    = 0.409742333
    Phase C cellOwner write max [s] = 0
    Phase C post-diagnostic max [s] = 0.000318492
    Phase C auto DLB accounted max [s] = 0.649820648
    Phase C auto DLB residual max [s] = -0.040489768

Total Iterations = 500
End main

end=2026-06-11T02:32:35+08:00
