/*---------------------------------------------------------------------------*\
| =========                 |                                                 |
| \\      /  F ield         | OpenFOAM: The Open Source CFD Toolbox           |
|  \\    /   O peration     | Version:  v1706                                 |
|   \\  /    A nd           | Web:      www.OpenFOAM.com                      |
|    \\/     M anipulation  |                                                 |
\*---------------------------------------------------------------------------*/
Build  : v1706
Arch   : "LSB;label=32;scalar=64"
Exec   : dsmcFoam+
Date   : Jun 13 2026
Time   : 04:16:11
Host   : "SuperXCX-ROG"
PID    : 1318006
/*---------------------------------------------------------------------------*\
| =========                 |                                                 |
| \\      /  F ield         | OpenFOAM: The Open Source CFD Toolbox           |
|  \\    /   O peration     | Version:  v1706                                 |
|   \\  /    A nd           | Web:      www.OpenFOAM.com                      |
|    \\/     M anipulation  |                                                 |
\*---------------------------------------------------------------------------*/
Build  : v1706
Arch   : "LSB;label=32;scalar=64"
Exec   : dsmcFoam+
Date   : Jun 13 2026
Time   : 04:16:11
Host   : "SuperXCX-ROG"
PID    : 1318011
Case   : /home/superxcx/code/OpenFoam/OF-1706/hyStrath_dlb/run/hyStrath/dsmcFoam+/xcx_test/zb-cylinder-react/mpi8
nProcs : 1
Case   : /home/superxcx/code/OpenFoam/OF-1706/hyStrath_dlb/run/hyStrath/dsmcFoam+/xcx_test/zb-cylinder-react/mpi8
nProcs : 1
sigFpe : Enabling floating point exception trapping (FOAM_SIGFPE).
sigFpe : Enabling floating point exception trapping (FOAM_SIGFPE).
fileModificationChecking : Monitoring run-time modified files using timeStampMaster (fileModificationSkew 10)
allowSystemOperations : Allowing user-supplied system call operations

// * * * * * * * * * * * * * * * * * * * * * * * * * * * * * * * * * * * * * //
Create time

fileModificationChecking : Monitoring run-time modified files using timeStampMaster (fileModificationSkew 10)
allowSystemOperations : Allowing user-supplied system call operations

// * * * * * * * * * * * * * * * * * * * * * * * * * * * * * * * * * * * * * //
Create time

/*---------------------------------------------------------------------------*\
| =========                 |                                                 |
| \\      /  F ield         | OpenFOAM: The Open Source CFD Toolbox           |
|  \\    /   O peration     | Version:  v1706                                 |
|   \\  /    A nd           | Web:      www.OpenFOAM.com                      |
|    \\/     M anipulation  |                                                 |
\*---------------------------------------------------------------------------*/
Build  : v1706
Arch   : "LSB;label=32;scalar=64"
Exec   : dsmcFoam+
Date   : Jun 13 2026
Time   : 04:16:11
Host   : "SuperXCX-ROG"
PID    : 1318008
Create mesh for time = 0

Selecting dynamicFvMesh dynamicRefineFvMesh
Case   : /home/superxcx/code/OpenFoam/OF-1706/hyStrath_dlb/run/hyStrath/dsmcFoam+/xcx_test/zb-cylinder-react/mpi8
nProcs : 1
sigFpe : Enabling floating point exception trapping (FOAM_SIGFPE).
fileModificationChecking : Monitoring run-time modified files using timeStampMaster (fileModificationSkew 10)
allowSystemOperations : Allowing user-supplied system call operations

// * * * * * * * * * * * * * * * * * * * * * * * * * * * * * * * * * * * * * //
Create time

/*---------------------------------------------------------------------------*\
| =========                 |                                                 |
| \\      /  F ield         | OpenFOAM: The Open Source CFD Toolbox           |
|  \\    /   O peration     | Version:  v1706                                 |
|   \\  /    A nd           | Web:      www.OpenFOAM.com                      |
|    \\/     M anipulation  |                                                 |
\*---------------------------------------------------------------------------*/
Build  : v1706
Arch   : "LSB;label=32;scalar=64"
Exec   : dsmcFoam+
Date   : Jun 13 2026
Time   : 04:16:11
Host   : "SuperXCX-ROG"
PID    : 1318010
Create mesh for time = 0

Create mesh for time = 0

Selecting dynamicFvMesh dynamicRefineFvMesh
Selecting dynamicFvMesh dynamicRefineFvMesh
Case   : /home/superxcx/code/OpenFoam/OF-1706/hyStrath_dlb/run/hyStrath/dsmcFoam+/xcx_test/zb-cylinder-react/mpi8
nProcs : 1
sigFpe : Enabling floating point exception trapping (FOAM_SIGFPE).
fileModificationChecking : Monitoring run-time modified files using timeStampMaster (fileModificationSkew 10)
allowSystemOperations : Allowing user-supplied system call operations

// * * * * * * * * * * * * * * * * * * * * * * * * * * * * * * * * * * * * * //
Create time

Create mesh for time = 0

/*---------------------------------------------------------------------------*\
| =========                 |                                                 |
| \\      /  F ield         | OpenFOAM: The Open Source CFD Toolbox           |
|  \\    /   O peration     | Version:  v1706                                 |
|   \\  /    A nd           | Web:      www.OpenFOAM.com                      |
|    \\/     M anipulation  |                                                 |
\*---------------------------------------------------------------------------*/
Build  : v1706
Arch   : "LSB;label=32;scalar=64"
Exec   : dsmcFoam+
Date   : Jun 13 2026
Time   : 04:16:11
Host   : "SuperXCX-ROG"
PID    : 1318005
/*---------------------------------------------------------------------------*\
| =========                 |                                                 |
| \\      /  F ield         | OpenFOAM: The Open Source CFD Toolbox           |
|  \\    /   O peration     | Version:  v1706                                 |
|   \\  /    A nd           | Web:      www.OpenFOAM.com                      |
|    \\/     M anipulation  |                                                 |
\*---------------------------------------------------------------------------*/
Build  : v1706
Arch   : "LSB;label=32;scalar=64"
Exec   : dsmcFoam+
Date   : Jun 13 2026
Time   : 04:16:11
Host   : "SuperXCX-ROG"
PID    : 1318007
Case   : /home/superxcx/code/OpenFoam/OF-1706/hyStrath_dlb/run/hyStrath/dsmcFoam+/xcx_test/zb-cylinder-react/mpi8
nProcs : 1
sigFpe : Enabling floating point exception trapping (FOAM_SIGFPE).
fileModificationChecking : Monitoring run-time modified files using timeStampMaster (fileModificationSkew 10)
allowSystemOperations : Allowing user-supplied system call operations

// * * * * * * * * * * * * * * * * * * * * * * * * * * * * * * * * * * * * * //
Create time

Create mesh for time = 0

Selecting dynamicFvMesh dynamicRefineFvMesh
/*---------------------------------------------------------------------------*\
| =========                 |                                                 |
| \\      /  F ield         | OpenFOAM: The Open Source CFD Toolbox           |
|  \\    /   O peration     | Version:  v1706                                 |
|   \\  /    A nd           | Web:      www.OpenFOAM.com                      |
|    \\/     M anipulation  |                                                 |
\*---------------------------------------------------------------------------*/
Build  : v1706
Arch   : "LSB;label=32;scalar=64"
Exec   : dsmcFoam+
Date   : Jun 13 2026
Time   : 04:16:11
Host   : "SuperXCX-ROG"
PID    : 1318009
Case   : /home/superxcx/code/OpenFoam/OF-1706/hyStrath_dlb/run/hyStrath/dsmcFoam+/xcx_test/zb-cylinder-react/mpi8
nProcs : 1
sigFpe : Enabling floating point exception trapping (FOAM_SIGFPE).
fileModificationChecking : Monitoring run-time modified files using timeStampMaster (fileModificationSkew 10)
allowSystemOperations : Allowing user-supplied system call operations

// * * * * * * * * * * * * * * * * * * * * * * * * * * * * * * * * * * * * * //
Create time

Create mesh for time = 0

Selecting dynamicFvMesh dynamicRefineFvMesh
Selecting dynamicFvMesh dynamicRefineFvMesh
/*---------------------------------------------------------------------------*\
| =========                 |                                                 |
| \\      /  F ield         | OpenFOAM: The Open Source CFD Toolbox           |
|  \\    /   O peration     | Version:  v1706                                 |
|   \\  /    A nd           | Web:      www.OpenFOAM.com                      |
|    \\/     M anipulation  |                                                 |
\*---------------------------------------------------------------------------*/
Build  : v1706
Arch   : "LSB;label=32;scalar=64"
Exec   : dsmcFoam+
Date   : Jun 13 2026
Time   : 04:16:11
Host   : "SuperXCX-ROG"
PID    : 1318012
Case   : /home/superxcx/code/OpenFoam/OF-1706/hyStrath_dlb/run/hyStrath/dsmcFoam+/xcx_test/zb-cylinder-react/mpi8
nProcs : 1
sigFpe : Enabling floating point exception trapping (FOAM_SIGFPE).
fileModificationChecking : Monitoring run-time modified files using timeStampMaster (fileModificationSkew 10)
allowSystemOperations : Allowing user-supplied system call operations

// * * * * * * * * * * * * * * * * * * * * * * * * * * * * * * * * * * * * * //
Create time

Create mesh for time = 0

Selecting dynamicFvMesh dynamicRefineFvMesh
Case   : /home/superxcx/code/OpenFoam/OF-1706/hyStrath_dlb/run/hyStrath/dsmcFoam+/xcx_test/zb-cylinder-react/mpi8
nProcs : 1
sigFpe : Enabling floating point exception trapping (FOAM_SIGFPE).
fileModificationChecking : Monitoring run-time modified files using timeStampMaster (fileModificationSkew 10)
allowSystemOperations : Allowing user-supplied system call operations

// * * * * * * * * * * * * * * * * * * * * * * * * * * * * * * * * * * * * * //
Create time

Create mesh for time = 0

Selecting dynamicFvMesh dynamicRefineFvMesh

Constructing dsmcCloud 

Constructing dsmcCloud 

Constructing dsmcCloud 

Constructing dsmcCloud 

Constructing dsmcCloud 

Constructing dsmcCloud 

Constructing dsmcCloud 

Constructing dsmcCloud 
Selecting the coordinate system model:	dsmcCartesian

Selecting the time-step model:	dsmcConstantTimeStepModel

Constant time-step model:
- time-step [sec]	6.64005e-08

Selecting the porous measurement model:	dsmcNoPorousMediumMeasurements


Creating dsmcControllers

Creating fields: 

Selecting field: dsmcVolFields

TimeData Statistics: 
 measurement option: write
 nSamples: 1, time interval: 6.64005e-08
 nAverages: 15060, time interval: 0.00099999153
 total no. of sampling steps: 0
 total no. of averaging Steps: 0


Selecting field: dsmcVolFields

TimeData Statistics: 
 measurement option: write
 nSamples: 1, time interval: 6.64005e-08
 nAverages: 15060, time interval: 0.00099999153
 total no. of sampling steps: 0
 total no. of averaging Steps: 0


Selecting the coordinate system model:	dsmcCartesian

Selecting the time-step model:	dsmcConstantTimeStepModel

Selecting the coordinate system model:	dsmcCartesian

Selecting the time-step model:	dsmcConstantTimeStepModel

Constant time-step model:
- time-step [sec]	6.64005e-08

Selecting the porous measurement model:	dsmcNoPorousMediumMeasurements

Constant time-step model:
- time-step [sec]	6.64005e-08

Selecting the porous measurement model:	dsmcNoPorousMediumMeasurements


Creating dsmcControllers


Creating dsmcControllers

--> FOAM Warning : 
    From function bool Foam::rmDir(const fileName &, const bool)
    in file POSIX.C at line 1047
    failed to remove directory "/home/superxcx/code/OpenFoam/OF-1706/hyStrath_dlb/run/hyStrath/dsmcFoam+/xcx_test/zb-cylinder-react/mpi8/fieldMeasurements"
Creating fields: 

Selecting field: dsmcVolFields
Creating fields: 

Selecting field: dsmcVolFields

TimeData Statistics: 

TimeData Statistics: 
 measurement option: write
 measurement option: write
 nSamples: 1, time interval: 6.64005e-08
 nAverages: 15060, time interval: 0.00099999153
 total no. of sampling steps: 0
 total no. of averaging Steps: 0


 nSamples: 1, time interval: 6.64005e-08
 nAverages: 15060, time interval: 0.00099999153
 total no. of sampling steps: 0
 total no. of averaging Steps: 0


Selecting field: dsmcVolFields

TimeData Statistics: 
 measurement option: write
 nSamples: 1, time interval: 6.64005e-08
 nAverages: 15060, time interval: 0.00099999153
 total no. of sampling steps: 0
 total no. of averaging Steps: 0


Selecting field: dsmcVolFields

TimeData Statistics: 
 measurement option: write
 nSamples: 1, time interval: 6.64005e-08
 nAverages: 15060, time interval: 0.00099999153
 total no. of sampling steps: 0
 total no. of averaging Steps: 0


Selecting field: dsmcVolFields

TimeData Statistics: 
 measurement option: write
 nSamples: 1, time interval: 6.64005e-08
 nAverages: 15060, time interval: 0.00099999153
 total no. of sampling steps: 0
 total no. of averaging Steps: 0


Selecting field: dsmcVolFields

TimeData Statistics: 
 measurement option: write
 nSamples: 1, time interval: 6.64005e-08
 nAverages: 15060, time interval: 0.00099999153
 total no. of sampling steps: 0
 total no. of averaging Steps: 0


Selecting field: dsmcVolFields

TimeData Statistics: 
 measurement option: write
 nSamples: 1, time interval: 6.64005e-08
 nAverages: 15060, time interval: 0.00099999153
 total no. of sampling steps: 0
 total no. of averaging Steps: 0


Selecting field: dsmcVolFields

TimeData Statistics: 
 measurement option: write
 nSamples: 1, time interval: 6.64005e-08
 nAverages: 15060, time interval: 0.00099999153
 total no. of sampling steps: 0
 total no. of averaging Steps: 0


Selecting field: dsmcVolFields

TimeData Statistics: 
 measurement option: write
 nSamples: 1, time interval: 6.64005e-08
 nAverages: 15060, time interval: 0.00099999153
 total no. of sampling steps: 0
 total no. of averaging Steps: 0


Selecting the coordinate system model:	dsmcCartesian

Selecting the time-step model:	dsmcConstantTimeStepModel

Constant time-step model:
- time-step [sec]	6.64005e-08

Selecting the porous measurement model:	dsmcNoPorousMediumMeasurements


Creating dsmcControllers

Selecting field: dsmcVolFields

TimeData Statistics: 
 measurement option: write
 nSamples: 1, time interval: 6.64005e-08
 nAverages: 15060, time interval: 0.00099999153
 total no. of sampling steps: 0
 total no. of averaging Steps: 0


Creating fields: 

Selecting field: dsmcVolFields

TimeData Statistics: 
 measurement option: write
 nSamples: 1, time interval: 6.64005e-08
 nAverages: 15060, time interval: 0.00099999153
 total no. of sampling steps: 0
 total no. of averaging Steps: 0


Selecting field: dsmcVolFields

TimeData Statistics: 
 measurement option: write
 nSamples: 1, time interval: 6.64005e-08
 nAverages: 15060, time interval: 0.00099999153
 total no. of sampling steps: 0
 total no. of averaging Steps: 0


Selecting field: dsmcVolFields

TimeData Statistics: 
 measurement option: write
 nSamples: 1, time interval: 6.64005e-08
 nAverages: 15060, time interval: 0.00099999153
 total no. of sampling steps: 0
 total no. of averaging Steps: 0


Selecting field: dsmcVolFields

TimeData Statistics: 
 measurement option: write
 nSamples: 1, time interval: 6.64005e-08
 nAverages: 15060, time interval: 0.00099999153
 total no. of sampling steps: 0
 total no. of averaging Steps: 0


Selecting field: dsmcVolFields

TimeData Statistics: 
 measurement option: write
 nSamples: 1, time interval: 6.64005e-08
 nAverages: 15060, time interval: 0.00099999153
 total no. of sampling steps: 0
 total no. of averaging Steps: 0


Selecting field: dsmcVolFields

TimeData Statistics: 
 measurement option: write
 nSamples: 1, time interval: 6.64005e-08
 nAverages: 15060, time interval: 0.00099999153
 total no. of sampling steps: 0
 total no. of averaging Steps: 0


Creating the boundary models: 

Selecting dsmcPatchBoundaryModel dsmcDeletionPatch
Selecting dsmcPatchBoundaryModel dsmcDeletionPatch
Selecting dsmcPatchBoundaryModel dsmcDiffuseWallPatch
Selecting dsmcGeneralBoundaryModel dsmcFreeStreamInflowPatch
Selecting field: dsmcVolFields

TimeData Statistics: 
 measurement option: write
 nSamples: 1, time interval: 6.64005e-08
 nAverages: 15060, time interval: 0.00099999153
 total no. of sampling steps: 0
 total no. of averaging Steps: 0


Selecting BinaryCollisionModel LarsenBorgnakkeVariableHardSphere

Creating dsmcReactions

Selecting the reaction model dissociationQK
Selecting the reaction model dissociationExchangeQK
Selecting the reaction model dissociationQK
Selecting the reaction model dissociationQK
Selecting the reaction model dissociationQK
Selecting the reaction model dissociationQK
Selecting the reaction model dissociationQK
Selecting the reaction model dissociationExchangeQK
Selecting the reaction model dissociationQK
Selecting the reaction model dissociationExchangeQK
Selecting the reaction model dissociationExchangeQK
Selecting the reaction model dissociationQK
Number of reactions created: 12
Selecting field: dsmcVolFields

TimeData Statistics: 
 measurement option: write
 nSamples: 1, time interval: 6.64005e-08
 nAverages: 15060, time interval: 0.00099999153
 total no. of sampling steps: 0
 total no. of averaging Steps: 0


Selecting field: dsmcVolFields

TimeData Statistics: 
 measurement option: write
 nSamples: 1, time interval: 6.64005e-08
 nAverages: 15060, time interval: 0.00099999153
 total no. of sampling steps: 0
 total no. of averaging Steps: 0


Creating the boundary models: 

Selecting dsmcPatchBoundaryModel dsmcDeletionPatch
Selecting dsmcPatchBoundaryModel dsmcDeletionPatch
Selecting dsmcPatchBoundaryModel dsmcDiffuseWallPatch
Selecting dsmcGeneralBoundaryModel dsmcFreeStreamInflowPatch
Selecting BinaryCollisionModel LarsenBorgnakkeVariableHardSphere

Creating dsmcReactions

Selecting the reaction model dissociationQK
Selecting the reaction model dissociationExchangeQK
Selecting the reaction model dissociationQK
Selecting the reaction model dissociationQK
Selecting the reaction model dissociationQK
Selecting the reaction model dissociationQK
Selecting the reaction model dissociationQK
Selecting the reaction model dissociationExchangeQK
Selecting the reaction model dissociationQK
Selecting the reaction model dissociationExchangeQK
Selecting the reaction model dissociationExchangeQK
Selecting the reaction model dissociationQK
Number of reactions created: 12
Selecting field: dsmcVolFields

TimeData Statistics: 
 measurement option: write
 nSamples: 1, time interval: 6.64005e-08
 nAverages: 15060, time interval: 0.00099999153
 total no. of sampling steps: 0
 total no. of averaging Steps: 0


Creating the boundary models: 

Selecting dsmcPatchBoundaryModel dsmcDeletionPatch
Selecting dsmcPatchBoundaryModel dsmcDeletionPatch
Selecting dsmcPatchBoundaryModel dsmcDiffuseWallPatch
Selecting dsmcGeneralBoundaryModel dsmcFreeStreamInflowPatch
Selecting BinaryCollisionModel LarsenBorgnakkeVariableHardSphere

Creating dsmcReactions

Selecting the reaction model dissociationQK
Selecting the reaction model dissociationExchangeQK
Selecting the reaction model dissociationQK
Selecting the reaction model dissociationQK
Selecting the reaction model dissociationQK
Selecting the reaction model dissociationQK
Selecting the reaction model dissociationQK
Selecting the reaction model dissociationExchangeQK
Selecting the reaction model dissociationQK
Selecting the reaction model dissociationExchangeQK
Selecting the reaction model dissociationExchangeQK
Selecting the reaction model dissociationQK
Number of reactions created: 12
Selecting field: dsmcVolFields

TimeData Statistics: 
 measurement option: write
 nSamples: 1, time interval: 6.64005e-08
 nAverages: 15060, time interval: 0.00099999153
 total no. of sampling steps: 0
 total no. of averaging Steps: 0


Selecting field: dsmcVolFields

TimeData Statistics: 
 measurement option: write
 nSamples: 1, time interval: 6.64005e-08
 nAverages: 15060, time interval: 0.00099999153
 total no. of sampling steps: 0
 total no. of averaging Steps: 0


Creating the boundary models: 

Selecting dsmcPatchBoundaryModel dsmcDeletionPatch
Selecting dsmcPatchBoundaryModel dsmcDeletionPatch
Selecting dsmcPatchBoundaryModel dsmcDiffuseWallPatch
Selecting dsmcGeneralBoundaryModel dsmcFreeStreamInflowPatch
Selecting BinaryCollisionModel LarsenBorgnakkeVariableHardSphere

Creating dsmcReactions

Selecting the reaction model dissociationQK
Selecting the reaction model dissociationExchangeQK
Selecting the reaction model dissociationQK
Selecting the reaction model dissociationQK
Selecting the reaction model dissociationQK
Selecting the reaction model dissociationQK
Selecting the reaction model dissociationQK
Selecting the reaction model dissociationExchangeQK
Selecting the reaction model dissociationQK
Selecting the reaction model dissociationExchangeQK
Selecting the reaction model dissociationExchangeQK
Selecting the reaction model dissociationQK
Number of reactions created: 12
Selecting the coordinate system model:	dsmcCartesian

Selecting the time-step model:	dsmcConstantTimeStepModel

Constant time-step model:
- time-step [sec]	6.64005e-08

Selecting the porous measurement model:	dsmcNoPorousMediumMeasurements


Creating dsmcControllers

Creating fields: 

Selecting field: dsmcVolFields

TimeData Statistics: 
 measurement option: write
 nSamples: 1, time interval: 6.64005e-08
 nAverages: 15060, time interval: 0.00099999153
 total no. of sampling steps: 0
 total no. of averaging Steps: 0


Selecting field: dsmcVolFields

TimeData Statistics: 
 measurement option: write
 nSamples: 1, time interval: 6.64005e-08
 nAverages: 15060, time interval: 0.00099999153
 total no. of sampling steps: 0
 total no. of averaging Steps: 0


Selecting field: dsmcVolFields

TimeData Statistics: 
 measurement option: write
 nSamples: 1, time interval: 6.64005e-08
 nAverages: 15060, time interval: 0.00099999153
 total no. of sampling steps: 0
 total no. of averaging Steps: 0


Selecting the coordinate system model:	dsmcCartesian

Selecting the time-step model:	dsmcConstantTimeStepModel

Constant time-step model:
- time-step [sec]	6.64005e-08

Selecting the porous measurement model:	dsmcNoPorousMediumMeasurements


Creating dsmcControllers

Creating fields: 

Selecting field: dsmcVolFields

TimeData Statistics: 
 measurement option: write
 nSamples: 1, time interval: 6.64005e-08
 nAverages: 15060, time interval: 0.00099999153
 total no. of sampling steps: 0
 total no. of averaging Steps: 0


Selecting field: dsmcVolFields

TimeData Statistics: 
 measurement option: write
 nSamples: 1, time interval: 6.64005e-08
 nAverages: 15060, time interval: 0.00099999153
 total no. of sampling steps: 0
 total no. of averaging Steps: 0


Selecting the coordinate system model:	dsmcCartesian

Selecting the time-step model:	dsmcConstantTimeStepModel

Constant time-step model:
- time-step [sec]	6.64005e-08

Selecting the porous measurement model:	dsmcNoPorousMediumMeasurements

Selecting field: dsmcVolFields

TimeData Statistics: 
 measurement option: write
 nSamples: 1, time interval: 6.64005e-08
 nAverages: 15060, time interval: 0.00099999153
 total no. of sampling steps: 0
 total no. of averaging Steps: 0



Creating dsmcControllers

Creating fields: 

Selecting field: dsmcVolFields

TimeData Statistics: 
 measurement option: write
 nSamples: 1, time interval: 6.64005e-08
 nAverages: 15060, time interval: 0.00099999153
 total no. of sampling steps: 0
 total no. of averaging Steps: 0


Selecting field: dsmcVolFields

TimeData Statistics: 
 measurement option: write
 nSamples: 1, time interval: 6.64005e-08
 nAverages: 15060, time interval: 0.00099999153
 total no. of sampling steps: 0
 total no. of averaging Steps: 0


Selecting the coordinate system model:	dsmcCartesian

Selecting the time-step model:	dsmcConstantTimeStepModel

Constant time-step model:
- time-step [sec]	6.64005e-08

Selecting the porous measurement model:	dsmcNoPorousMediumMeasurements


Creating dsmcControllers

Creating fields: 

Selecting field: dsmcVolFields

TimeData Statistics: 
 measurement option: write
 nSamples: 1, time interval: 6.64005e-08
 nAverages: 15060, time interval: 0.00099999153
 total no. of sampling steps: 0
 total no. of averaging Steps: 0


Selecting field: dsmcVolFields

TimeData Statistics: 
 measurement option: write
 nSamples: 1, time interval: 6.64005e-08
 nAverages: 15060, time interval: 0.00099999153
 total no. of sampling steps: 0
 total no. of averaging Steps: 0


Selecting field: dsmcVolFields

TimeData Statistics: 
 measurement option: write
 nSamples: 1, time interval: 6.64005e-08
 nAverages: 15060, time interval: 0.00099999153
 total no. of sampling steps: 0
 total no. of averaging Steps: 0


Selecting field: dsmcVolFields

TimeData Statistics: 
 measurement option: write
 nSamples: 1, time interval: 6.64005e-08
 nAverages: 15060, time interval: 0.00099999153
 total no. of sampling steps: 0
 total no. of averaging Steps: 0


Selecting field: dsmcVolFields

TimeData Statistics: 
 measurement option: write
 nSamples: 1, time interval: 6.64005e-08
 nAverages: 15060, time interval: 0.00099999153
 total no. of sampling steps: 0
 total no. of averaging Steps: 0


Selecting field: dsmcVolFields

TimeData Statistics: 
 measurement option: write
 nSamples: 1, time interval: 6.64005e-08
 nAverages: 15060, time interval: 0.00099999153
 total no. of sampling steps: 0
 total no. of averaging Steps: 0


Selecting field: dsmcVolFields

TimeData Statistics: 
 measurement option: write
 nSamples: 1, time interval: 6.64005e-08
 nAverages: 15060, time interval: 0.00099999153
 total no. of sampling steps: 0
 total no. of averaging Steps: 0


Creating the boundary models: 

Selecting dsmcPatchBoundaryModel dsmcDeletionPatch
Selecting dsmcPatchBoundaryModel dsmcDeletionPatch
Selecting dsmcPatchBoundaryModel dsmcDiffuseWallPatch
Selecting dsmcGeneralBoundaryModel dsmcFreeStreamInflowPatch
Selecting BinaryCollisionModel LarsenBorgnakkeVariableHardSphere

Creating dsmcReactions

Selecting the reaction model dissociationQK
Selecting the reaction model dissociationExchangeQK
Selecting the reaction model dissociationQK
Selecting the reaction model dissociationQK
Selecting the reaction model dissociationQK
Selecting the reaction model dissociationQK
Selecting the reaction model dissociationQK
Selecting the reaction model dissociationExchangeQK
Selecting the reaction model dissociationQK
Selecting the reaction model dissociationExchangeQK
Selecting the reaction model dissociationExchangeQK
Selecting the reaction model dissociationQK
Number of reactions created: 12
Selecting field: dsmcVolFields

TimeData Statistics: 
 measurement option: write
 nSamples: 1, time interval: 6.64005e-08
 nAverages: 15060, time interval: 0.00099999153
 total no. of sampling steps: 0
 total no. of averaging Steps: 0


Selecting field: dsmcVolFields

TimeData Statistics: 
 measurement option: write
 nSamples: 1, time interval: 6.64005e-08
 nAverages: 15060, time interval: 0.00099999153
 total no. of sampling steps: 0
 total no. of averaging Steps: 0


Selecting field: dsmcVolFields

TimeData Statistics: 
 measurement option: write
 nSamples: 1, time interval: 6.64005e-08
 nAverages: 15060, time interval: 0.00099999153
 total no. of sampling steps: 0
 total no. of averaging Steps: 0


Selecting field: dsmcVolFields

TimeData Statistics: 
 measurement option: write
 nSamples: 1, time interval: 6.64005e-08
 nAverages: 15060, time interval: 0.00099999153
 total no. of sampling steps: 0
 total no. of averaging Steps: 0


Selecting field: dsmcVolFields

TimeData Statistics: 
 measurement option: write
 nSamples: 1, time interval: 6.64005e-08
 nAverages: 15060, time interval: 0.00099999153
 total no. of sampling steps: 0
 total no. of averaging Steps: 0


Selecting field: dsmcVolFields

TimeData Statistics: 
 measurement option: write
 nSamples: 1, time interval: 6.64005e-08
 nAverages: 15060, time interval: 0.00099999153
 total no. of sampling steps: 0
 total no. of averaging Steps: 0


Selecting field: dsmcVolFields

TimeData Statistics: 
 measurement option: write
 nSamples: 1, time interval: 6.64005e-08
 nAverages: 15060, time interval: 0.00099999153
 total no. of sampling steps: 0
 total no. of averaging Steps: 0


Selecting field: dsmcVolFields

TimeData Statistics: 
 measurement option: write
 nSamples: 1, time interval: 6.64005e-08
 nAverages: 15060, time interval: 0.00099999153
 total no. of sampling steps: 0
 total no. of averaging Steps: 0


Creating the boundary models: 

Selecting dsmcPatchBoundaryModel dsmcDeletionPatch
Selecting dsmcPatchBoundaryModel dsmcDeletionPatch
Selecting dsmcPatchBoundaryModel dsmcDiffuseWallPatch
Selecting dsmcGeneralBoundaryModel dsmcFreeStreamInflowPatch
Selecting BinaryCollisionModel LarsenBorgnakkeVariableHardSphere

Creating dsmcReactions

Selecting the reaction model dissociationQK
Selecting the reaction model dissociationExchangeQK
Selecting the reaction model dissociationQK
Selecting the reaction model dissociationQK
Selecting the reaction model dissociationQK
Selecting the reaction model dissociationQK
Selecting the reaction model dissociationQK
Selecting the reaction model dissociationExchangeQK
Selecting the reaction model dissociationQK
Selecting the reaction model dissociationExchangeQK
Selecting the reaction model dissociationExchangeQK
Selecting the reaction model dissociationQK
Number of reactions created: 12
Selecting field: dsmcVolFields

TimeData Statistics: 
 measurement option: write
 nSamples: 1, time interval: 6.64005e-08
 nAverages: 15060, time interval: 0.00099999153
 total no. of sampling steps: 0
 total no. of averaging Steps: 0


Creating the boundary models: 

Selecting dsmcPatchBoundaryModel dsmcDeletionPatch
Selecting dsmcPatchBoundaryModel dsmcDeletionPatch
Selecting dsmcPatchBoundaryModel dsmcDiffuseWallPatch
Selecting dsmcGeneralBoundaryModel dsmcFreeStreamInflowPatch
Selecting BinaryCollisionModel LarsenBorgnakkeVariableHardSphere

Creating dsmcReactions

Selecting the reaction model dissociationQK
Selecting the reaction model dissociationExchangeQK
Selecting the reaction model dissociationQK
Selecting the reaction model dissociationQK
Selecting the reaction model dissociationQK
Selecting the reaction model dissociationQK
Selecting the reaction model dissociationQK
Selecting the reaction model dissociationExchangeQK
Selecting the reaction model dissociationQK
Selecting the reaction model dissociationExchangeQK
Selecting the reaction model dissociationExchangeQK
Selecting the reaction model dissociationQK
Number of reactions created: 12
Creating the boundary models: 

Selecting dsmcPatchBoundaryModel dsmcDeletionPatch
Selecting dsmcPatchBoundaryModel dsmcDeletionPatch
Selecting dsmcPatchBoundaryModel dsmcDiffuseWallPatch
Selecting dsmcGeneralBoundaryModel dsmcFreeStreamInflowPatch
Selecting BinaryCollisionModel LarsenBorgnakkeVariableHardSphere

Creating dsmcReactions

Selecting the reaction model dissociationQK
Selecting the reaction model dissociationExchangeQK
Selecting the reaction model dissociationQK
Selecting the reaction model dissociationQK
Selecting the reaction model dissociationQK
Selecting the reaction model dissociationQK
Selecting the reaction model dissociationQK
Selecting the reaction model dissociationExchangeQK
Selecting the reaction model dissociationQK
Selecting the reaction model dissociationExchangeQK
Selecting the reaction model dissociationExchangeQK
Selecting the reaction model dissociationQK
Number of reactions created: 12

Constructing constant properties for
	N2
	O2
	NO
	N
	O
Selecting collisionPartnerSelectionModel noTimeCounter
Collision profile: collisionReduceOnlyOnOutput defaulted to true for replicatedMesh run
Collision profile: collisionOutputGlobalReduce defaulted to false for replicatedMesh run

Initialising the measurement fields

Initialising dsmcVolFields field
Initialising dsmcVolFields field
Initialising dsmcVolFields field
Initialising dsmcVolFields field
Initialising dsmcVolFields field
Initialising dsmcVolFields field

Constructing constant properties for
	N2
	O2
	NO
	N
	O
Selecting collisionPartnerSelectionModel noTimeCounter
Collision profile: collisionReduceOnlyOnOutput defaulted to true for replicatedMesh run
Collision profile: collisionOutputGlobalReduce defaulted to false for replicatedMesh run

Initialising the measurement fields

Initialising dsmcVolFields field
Initialising dsmcVolFields field
Initialising dsmcVolFields field
Initialising dsmcVolFields field
Initialising dsmcVolFields field
Initialising dsmcVolFields field

Constructing constant properties for
	N2
	O2
	NO
	N
	O

Constructing constant properties for
	N2
	O2
	NO
	N
	O

Constructing constant properties for
	N2
	O2
	NO
	N
	O
Selecting collisionPartnerSelectionModel noTimeCounter
Collision profile: collisionReduceOnlyOnOutput defaulted to true for replicatedMesh run
Collision profile: collisionOutputGlobalReduce defaulted to false for replicatedMesh run

Initialising the measurement fields

Initialising dsmcVolFields field
Initialising dsmcVolFields field
Initialising dsmcVolFields field
Initialising dsmcVolFields field
Initialising dsmcVolFields field
Initialising dsmcVolFields field
Selecting collisionPartnerSelectionModel noTimeCounter
Collision profile: collisionReduceOnlyOnOutput defaulted to true for replicatedMesh run
Collision profile: collisionOutputGlobalReduce defaulted to false for replicatedMesh run

Initialising the measurement fields

Initialising dsmcVolFields field
Initialising dsmcVolFields field
Initialising dsmcVolFields field
Initialising dsmcVolFields field
Initialising dsmcVolFields field
Initialising dsmcVolFields field
Selecting collisionPartnerSelectionModel noTimeCounter
Collision profile: collisionReduceOnlyOnOutput defaulted to true for replicatedMesh run
Collision profile: collisionOutputGlobalReduce defaulted to false for replicatedMesh run

Initialising the measurement fields

Initialising dsmcVolFields field
Initialising dsmcVolFields field
Initialising dsmcVolFields field
Initialising dsmcVolFields field
Initialising dsmcVolFields field
Initialising dsmcVolFields field

Constructing constant properties for
	N2
	O2
	NO
	N
	O

Constructing constant properties for
	N2
	O2
	NO
	N
	O
Selecting collisionPartnerSelectionModel noTimeCounter
Collision profile: collisionReduceOnlyOnOutput defaulted to true for replicatedMesh run
Collision profile: collisionOutputGlobalReduce defaulted to false for replicatedMesh run

Initialising the measurement fields

Initialising dsmcVolFields field
Selecting collisionPartnerSelectionModel noTimeCounter
Collision profile: collisionReduceOnlyOnOutput defaulted to true for replicatedMesh run
Collision profile: collisionOutputGlobalReduce defaulted to false for replicatedMesh run

Initialising the measurement fields

Initialising dsmcVolFields field
Initialising dsmcVolFields field
Initialising dsmcVolFields field
Initialising dsmcVolFields field
Initialising dsmcVolFields field
Initialising dsmcVolFields field
Initialising dsmcVolFields field
Initialising dsmcVolFields field
Initialising dsmcVolFields field
Initialising dsmcVolFields field
Initialising dsmcVolFields field

Constructing constant properties for
	N2
	O2
	NO
	N
	O
Selecting collisionPartnerSelectionModel noTimeCounter
Collision profile: collisionReduceOnlyOnOutput defaulted to true for replicatedMesh run
Collision profile: collisionOutputGlobalReduce defaulted to false for replicatedMesh run

Initialising the measurement fields

Initialising dsmcVolFields field
Initialising dsmcVolFields field
Initialising dsmcVolFields field
Initialising dsmcVolFields field
Initialising dsmcVolFields field
Initialising dsmcVolFields field
Replicated mesh: METIS decomposition complete, 60000 cells -> 8 ranks
Replicated mesh: rank 0 owns 7384 / 60000 cells
Local mesh: 7384 owned + 356 halo = 7740 / 60000 cells
Replicated mesh: no-Alltoall async migration enabled
Replicated mesh: flatTransfer=1 found=1
Replicated mesh: flat POD transfer enabled
Replicated mesh: writeMode=gathered
Phase C auto DLB: enabled (ParMETIS AdaptiveRepart), imbalanceThreshold=1.5, dlbSteps=50, sarSteps=50, triggerMode=legacyWindow, minGapSteps=50, checkCollective=allgather, particleGate=0, particleGateThreshold=1.5, skipPostDiag=0, adaptiveAlpha=0
Replicated mesh: initialized with 8 MPI ranks, migrate interval 10

Starting time loop

Replicated mesh: initial particle distribution

Replicated mesh: rank 0 kept 257861 parcels, deleted 1051233 non-owned parcels
Time = 6.64005e-07

    Collision global reduction skipped (rank 0 local diagnostics)
    Collisions                      = 4062
    Collision candidates           = 5191
    Collision acceptance rate      = 0.7825081872

    Number of DSMC particles        = 1330327
    Number of stuck particles       = 0
    Number of free particles        = 1330327
    Average linear kinetic energy   = 1.893445488e-19
    Average rotational energy       = 1.328477522e-21
    Average vibrational energy      = 4.682677868e-26
    Average electronic energy       = 0
    Total energy                    = 0.001521945225

Stage 1.0  ExecutionTime = 5.18 s  ClockTime = 6 s  Iteration 10 (0.2 s)

Time = 1.32801e-06

    Collision global reduction skipped (rank 0 local diagnostics)
    Collisions                      = 4161
    Collision candidates           = 5675
    Collision acceptance rate      = 0.733215859

    Number of DSMC particles        = 1353892
    Number of stuck particles       = 0
    Number of free particles        = 1353892
    Average linear kinetic energy   = 1.865948115e-19
    Average rotational energy       = 1.54860494e-21
    Average vibrational energy      = 9.202348193e-26
    Average electronic energy       = 0
    Total energy                    = 0.001528355946

Stage 1.0  ExecutionTime = 6.49 s  ClockTime = 8 s  Iteration 20 (0.17 s)

Time = 1.992015e-06

    Collision global reduction skipped (rank 0 local diagnostics)
    Collisions                      = 4190
    Collision candidates           = 5855
    Collision acceptance rate      = 0.7156276687

    Number of DSMC particles        = 1377469
    Number of stuck particles       = 0
    Number of free particles        = 1377469
    Average linear kinetic energy   = 1.841336161e-19
    Average rotational energy       = 1.865819756e-21
    Average vibrational energy      = 1.356725879e-25
    Average electronic energy       = 0
    Total energy                    = 0.001537251862

Stage 1.0  ExecutionTime = 7.89 s  ClockTime = 9 s  Iteration 30 (0.15 s)

Time = 2.65602e-06

    Collision global reduction skipped (rank 0 local diagnostics)
    Collisions                      = 4091
    Collision candidates           = 5936
    Collision acceptance rate      = 0.6891846361

    Number of DSMC particles        = 1400973
    Number of stuck particles       = 0
    Number of free particles        = 1400973
    Average linear kinetic energy   = 1.819254183e-19
    Average rotational energy       = 2.246372879e-21
    Average vibrational energy      = 2.000946314e-25
    Average electronic energy       = 0
    Total energy                    = 0.001548119923

Stage 1.0  ExecutionTime = 9.44 s  ClockTime = 11 s  Iteration 40 (0.16 s)

Time = 3.320025e-06

    Collision global reduction skipped (rank 0 local diagnostics)
    Collisions                      = 4146
    Collision candidates           = 6076
    Collision acceptance rate      = 0.6823568137


Phase C auto DLB triggered (threshold) at step 50: sar=0 loadImbalance=1.627848245 threshold=1.5 particleMaxMin=1
Phase C ParMETIS weights: particles=1424400 activeCells=60000 maxCellParticles=258
Phase C ParMETIS: alpha=1 ncon=1 ubvec=[1.049999952] moveRatio=0.908055432 (moveT=6.13214263s, collT=0.620906153s)
Phase C ParMETIS: AdaptiveRepart (60000 cells, 1 constraints, ubvec=1.049999952)
Replicated mesh: rank 0 owns 6027 / 60000 cells
Local mesh: 6027 owned + 492 halo = 6519 / 60000 cells
Phase C ParMETIS AdaptiveRepart: 59970 / 60000 cells changed (0.9995)
Phase C auto DLB complete: rebalance #1

    Number of DSMC particles        = 1424400
    Number of stuck particles       = 0
    Number of free particles        = 1424400
    Average linear kinetic energy   = 1.798795526e-19
    Average rotational energy       = 2.684617367e-21
    Average vibrational energy      = 2.186707666e-25
    Average electronic energy       = 0
    Total energy                    = 0.001560268291

Stage 1.0  ExecutionTime = 11.17 s  ClockTime = 13 s  Iteration 50 (0.3 s)

Time = 3.98403e-06

    Collision global reduction skipped (rank 0 local diagnostics)
    Collisions                      = 2524
    Collision candidates           = 3187
    Collision acceptance rate      = 0.7919673674

    Number of DSMC particles        = 1447720
    Number of stuck particles       = 0
    Number of free particles        = 1447720
    Average linear kinetic energy   = 1.779592592e-19
    Average rotational energy       = 3.090978603e-21
    Average vibrational energy      = 3.979005605e-25
    Average electronic energy       = 0
    Total energy                    = 0.001572663758

Stage 1.0  ExecutionTime = 12.65 s  ClockTime = 14 s  Iteration 60 (0.59 s)

Time = 4.648035e-06

    Collision global reduction skipped (rank 0 local diagnostics)
    Collisions                      = 2639
    Collision candidates           = 3556
    Collision acceptance rate      = 0.7421259843

    Number of DSMC particles        = 1471261
    Number of stuck particles       = 0
    Number of free particles        = 1471261
    Average linear kinetic energy   = 1.761890324e-19
    Average rotational energy       = 3.583439846e-21
    Average vibrational energy      = 5.080941696e-25
    Average electronic energy       = 0
    Total energy                    = 0.001586957849

Stage 1.0  ExecutionTime = 14.25 s  ClockTime = 16 s  Iteration 70 (0.59 s)

Time = 5.31204e-06

    Collision global reduction skipped (rank 0 local diagnostics)
    Collisions                      = 2586
    Collision candidates           = 3628
    Collision acceptance rate      = 0.7127894157

    Number of DSMC particles        = 1494429
    Number of stuck particles       = 0
    Number of free particles        = 1494429
    Average linear kinetic energy   = 1.745449555e-19
    Average rotational energy       = 4.100612473e-21
    Average vibrational energy      = 1.19615517e-24
    Average electronic energy       = 0
    Total energy                    = 0.001601849431

Stage 1.0  ExecutionTime = 15.92 s  ClockTime = 18 s  Iteration 80 (0.65 s)

Time = 5.976045e-06

    Collision global reduction skipped (rank 0 local diagnostics)
    Collisions                      = 2599
    Collision candidates           = 3724
    Collision acceptance rate      = 0.697905478

    Number of DSMC particles        = 1517703
    Number of stuck particles       = 0
    Number of free particles        = 1517703
    Average linear kinetic energy   = 1.730312703e-19
    Average rotational energy       = 4.619034405e-21
    Average vibrational energy      = 1.536369218e-24
    Average electronic energy       = 0
    Total energy                    = 0.001617736393

Stage 1.0  ExecutionTime = 17.73 s  ClockTime = 20 s  Iteration 90 (0.72 s)

Time = 6.64005e-06

    Collision global reduction skipped (rank 0 local diagnostics)
    Collisions                      = 2603
    Collision candidates           = 3781
    Collision acceptance rate      = 0.6884422111


Phase C auto DLB triggered (threshold) at step 100: sar=0 loadImbalance=1.620755617 threshold=1.5 particleMaxMin=1
Phase C ParMETIS weights: particles=1540922 activeCells=60000 maxCellParticles=309
Phase C ParMETIS: alpha=1 ncon=1 ubvec=[1.049999952] moveRatio=0.9140066208 (moveT=10.72922306s, collT=1.009447991s)
Phase C ParMETIS: AdaptiveRepart (60000 cells, 1 constraints, ubvec=1.049999952)
Replicated mesh: rank 0 owns 8218 / 60000 cells
Local mesh: 8218 owned + 574 halo = 8792 / 60000 cells
Phase C ParMETIS AdaptiveRepart: 51369 / 60000 cells changed (0.85615)
Phase C auto DLB complete: rebalance #2

    Number of DSMC particles        = 1540922
    Number of stuck particles       = 0
    Number of free particles        = 1540922
    Average linear kinetic energy   = 1.715956409e-19
    Average rotational energy       = 5.149665954e-21
    Average vibrational energy      = 1.715121105e-24
    Average electronic energy       = 0
    Total energy                    = 0.001634120247

Stage 1.0  ExecutionTime = 19.8 s  ClockTime = 19 s  Iteration 100 (0.94 s)

Time = 7.304055e-06

    Collision global reduction skipped (rank 0 local diagnostics)
    Collisions                      = 2867
    Collision candidates           = 3569
    Collision acceptance rate      = 0.8033062482

    Number of DSMC particles        = 1563879
    Number of stuck particles       = 0
    Number of free particles        = 1563879
    Average linear kinetic energy   = 1.703190329e-19
    Average rotational energy       = 5.546224313e-21
    Average vibrational energy      = 1.938330089e-24
    Average electronic energy       = 0
    Total energy                    = 0.001650210083

Stage 1.0  ExecutionTime = 21.43 s  ClockTime = 21 s  Iteration 110 (0.55 s)

Time = 7.96806e-06

    Collision global reduction skipped (rank 0 local diagnostics)
    Collisions                      = 2951
    Collision candidates           = 4000
    Collision acceptance rate      = 0.73775

    Number of DSMC particles        = 1586554
    Number of stuck particles       = 0
    Number of free particles        = 1586554
    Average linear kinetic energy   = 1.690118794e-19
    Average rotational energy       = 6.048358153e-21
    Average vibrational energy      = 2.498460686e-24
    Average electronic energy       = 0
    Total energy                    = 0.001666478904

Stage 1.0  ExecutionTime = 23.27 s  ClockTime = 23 s  Iteration 120 (0.79 s)

Time = 8.632065e-06

    Collision global reduction skipped (rank 0 local diagnostics)
    Collisions                      = 2944
    Collision candidates           = 4164
    Collision acceptance rate      = 0.707012488

    Number of DSMC particles        = 1609054
    Number of stuck particles       = 0
    Number of free particles        = 1609054
    Average linear kinetic energy   = 1.677512033e-19
    Average rotational energy       = 6.539789392e-21
    Average vibrational energy      = 2.869364628e-24
    Average electronic energy       = 0
    Total energy                    = 0.001682689416

Stage 1.0  ExecutionTime = 25.21 s  ClockTime = 25 s  Iteration 130 (0.76 s)

Time = 9.29607e-06

    Collision global reduction skipped (rank 0 local diagnostics)
    Collisions                      = 3026
    Collision candidates           = 4299
    Collision acceptance rate      = 0.7038846243

    Number of DSMC particles        = 1631675
    Number of stuck particles       = 0
    Number of free particles        = 1631675
    Average linear kinetic energy   = 1.665764231e-19
    Average rotational energy       = 7.016022186e-21
    Average vibrational energy      = 3.391507801e-24
    Average electronic energy       = 0
    Total energy                    = 0.001699511922

Stage 1.0  ExecutionTime = 27.28 s  ClockTime = 28 s  Iteration 140 (0.8 s)

Time = 9.960075e-06

    Collision global reduction skipped (rank 0 local diagnostics)
    Collisions                      = 3030
    Collision candidates           = 4468
    Collision acceptance rate      = 0.6781557744


Phase C auto DLB triggered (threshold) at step 150: sar=0 loadImbalance=1.6900406 threshold=1.5 particleMaxMin=1
Phase C ParMETIS weights: particles=1653760 activeCells=60000 maxCellParticles=338
Phase C ParMETIS: alpha=1 ncon=1 ubvec=[1.049999952] moveRatio=0.9206770672 (moveT=16.06366707s, collT=1.384000133s)
Phase C ParMETIS: AdaptiveRepart (60000 cells, 1 constraints, ubvec=1.049999952)
Replicated mesh: rank 0 owns 12590 / 60000 cells
Local mesh: 12590 owned + 784 halo = 13374 / 60000 cells
Phase C ParMETIS AdaptiveRepart: 55741 / 60000 cells changed (0.9290166667)
Phase C auto DLB complete: rebalance #3

    Number of DSMC particles        = 1653760
    Number of stuck particles       = 0
    Number of free particles        = 1653760
    Average linear kinetic energy   = 1.654591607e-19
    Average rotational energy       = 7.514580851e-21
    Average vibrational energy      = 4.03356076e-24
    Average electronic energy       = 0
    Total energy                    = 0.001716382352

Stage 1.0  ExecutionTime = 29.6 s  ClockTime = 30 s  Iteration 150 (1.06 s)

Time = 1.062408e-05

    Collision global reduction skipped (rank 0 local diagnostics)
    Collisions                      = 2848
    Collision candidates           = 3966
    Collision acceptance rate      = 0.718103883

    Number of DSMC particles        = 1676044
    Number of stuck particles       = 0
    Number of free particles        = 1676044
    Average linear kinetic energy   = 1.644906953e-19
    Average rotational energy       = 7.873968638e-21
    Average vibrational energy      = 4.202725013e-24
    Average electronic energy       = 0
    Total energy                    = 0.001733386828

Stage 1.0  ExecutionTime = 31.52 s  ClockTime = 32 s  Iteration 160 (0.29 s)

Time = 1.1288085e-05

    Collision global reduction skipped (rank 0 local diagnostics)
    Collisions                      = 3013
    Collision candidates           = 4768
    Collision acceptance rate      = 0.6319211409

    Number of DSMC particles        = 1697924
    Number of stuck particles       = 0
    Number of free particles        = 1697924
    Average linear kinetic energy   = 1.634570839e-19
    Average rotational energy       = 8.36558482e-21
    Average vibrational energy      = 5.092777424e-24
    Average electronic energy       = 0
    Total energy                    = 0.00175050288

Stage 1.0  ExecutionTime = 33.59 s  ClockTime = 34 s  Iteration 170 (0.37 s)

Time = 1.195209e-05

    Collision global reduction skipped (rank 0 local diagnostics)
    Collisions                      = 3384
    Collision candidates           = 5764
    Collision acceptance rate      = 0.587092297

    Number of DSMC particles        = 1719395
    Number of stuck particles       = 0
    Number of free particles        = 1719395
    Average linear kinetic energy   = 1.62476087e-19
    Average rotational energy       = 8.833380902e-21
    Average vibrational energy      = 5.780029261e-24
    Average electronic energy       = 0
    Total energy                    = 0.001767351484

Stage 1.0  ExecutionTime = 35.75 s  ClockTime = 37 s  Iteration 180 (0.37 s)

Time = 1.2616095e-05

    Collision global reduction skipped (rank 0 local diagnostics)
    Collisions                      = 3461
    Collision candidates           = 6455
    Collision acceptance rate      = 0.5361735089

    Number of DSMC particles        = 1740421
    Number of stuck particles       = 0
    Number of free particles        = 1740421
    Average linear kinetic energy   = 1.61522776e-19
    Average rotational energy       = 9.288885913e-21
    Average vibrational energy      = 6.443751521e-24
    Average electronic energy       = 0
    Total energy                    = 0.001783772509

Stage 1.0  ExecutionTime = 38.02 s  ClockTime = 39 s  Iteration 190 (0.37 s)

Time = 1.32801e-05

    Collision global reduction skipped (rank 0 local diagnostics)
    Collisions                      = 3613
    Collision candidates           = 7202
    Collision acceptance rate      = 0.5016662038


Phase C auto DLB triggered (threshold) at step 200: sar=0 loadImbalance=1.849702027 threshold=1.5 particleMaxMin=1
Phase C ParMETIS weights: particles=1761713 activeCells=60000 maxCellParticles=337
Phase C ParMETIS: alpha=1 ncon=1 ubvec=[1.049999952] moveRatio=0.9334786913 (moveT=25.17754237s, collT=1.794195287s)
Phase C ParMETIS: AdaptiveRepart (60000 cells, 1 constraints, ubvec=1.049999952)
Replicated mesh: rank 0 owns 6627 / 60000 cells
Local mesh: 6627 owned + 352 halo = 6979 / 60000 cells
Phase C ParMETIS AdaptiveRepart: 28265 / 60000 cells changed (0.4710833333)
Phase C auto DLB complete: rebalance #4

    Number of DSMC particles        = 1761713
    Number of stuck particles       = 0
    Number of free particles        = 1761713
    Average linear kinetic energy   = 1.606086606e-19
    Average rotational energy       = 9.736947213e-21
    Average vibrational energy      = 6.570111966e-24
    Average electronic energy       = 0
    Total energy                    = 0.001800669879

Stage 1.0  ExecutionTime = 40.53 s  ClockTime = 42 s  Iteration 200 (0.52 s)

Time = 1.3944105e-05

    Collision global reduction skipped (rank 0 local diagnostics)
    Collisions                      = 11165
    Collision candidates           = 17195
    Collision acceptance rate      = 0.6493166618

    Number of DSMC particles        = 1782366
    Number of stuck particles       = 0
    Number of free particles        = 1782366
    Average linear kinetic energy   = 1.597815072e-19
    Average rotational energy       = 1.009125495e-20
    Average vibrational energy      = 8.039643297e-24
    Average electronic energy       = 0
    Total energy                    = 0.001816738591

Stage 1.0  ExecutionTime = 42.73 s  ClockTime = 44 s  Iteration 210 (0.96 s)

Time = 1.460811e-05

    Collision global reduction skipped (rank 0 local diagnostics)
    Collisions                      = 11996
    Collision candidates           = 19268
    Collision acceptance rate      = 0.6225866722

    Number of DSMC particles        = 1802676
    Number of stuck particles       = 0
    Number of free particles        = 1802676
    Average linear kinetic energy   = 1.589085227e-19
    Average rotational energy       = 1.049368048e-20
    Average vibrational energy      = 9.036810398e-24
    Average electronic energy       = 0
    Total energy                    = 0.001832361458

Stage 1.0  ExecutionTime = 45.04 s  ClockTime = 47 s  Iteration 220 (0.94 s)

Time = 1.5272115e-05

    Collision global reduction skipped (rank 0 local diagnostics)
    Collisions                      = 12585
    Collision candidates           = 20920
    Collision acceptance rate      = 0.6015774379

    Number of DSMC particles        = 1823462
    Number of stuck particles       = 0
    Number of free particles        = 1823462
    Average linear kinetic energy   = 1.580972119e-19
    Average rotational energy       = 1.088610738e-20
    Average vibrational energy      = 1.036746276e-23
    Average electronic energy       = 0
    Total energy                    = 0.001848921396

Stage 1.0  ExecutionTime = 47.52 s  ClockTime = 49 s  Iteration 230 (1.05 s)

Time = 1.593612e-05

    Collision global reduction skipped (rank 0 local diagnostics)
    Collisions                      = 13279
    Collision candidates           = 22409
    Collision acceptance rate      = 0.5925744121

    Number of DSMC particles        = 1843431
    Number of stuck particles       = 0
    Number of free particles        = 1843431
    Average linear kinetic energy   = 1.572427016e-19
    Average rotational energy       = 1.131930391e-20
    Average vibrational energy      = 1.162260218e-23
    Average electronic energy       = 0
    Total energy                    = 0.001864523111

Stage 1.0  ExecutionTime = 50.1 s  ClockTime = 50 s  Iteration 240 (1.03 s)

Time = 1.6600125e-05

    Collision global reduction skipped (rank 0 local diagnostics)
    Collisions                      = 13991
    Collision candidates           = 23791
    Collision acceptance rate      = 0.5880795259


Phase C auto DLB triggered (threshold) at step 250: sar=0 loadImbalance=1.682951597 threshold=1.5 particleMaxMin=1
Phase C ParMETIS weights: particles=1863130 activeCells=60000 maxCellParticles=359
Phase C ParMETIS: alpha=1 ncon=1 ubvec=[1.049999952] moveRatio=0.9177551986 (moveT=31.25626795s, collT=2.801036219s)
Phase C ParMETIS: AdaptiveRepart (60000 cells, 1 constraints, ubvec=1.049999952)
Replicated mesh: rank 0 owns 3164 / 60000 cells
Local mesh: 3164 owned + 394 halo = 3558 / 60000 cells
Phase C ParMETIS AdaptiveRepart: 41719 / 60000 cells changed (0.6953166667)
Phase C auto DLB complete: rebalance #5

    Number of DSMC particles        = 1863130
    Number of stuck particles       = 0
    Number of free particles        = 1863130
    Average linear kinetic energy   = 1.564733599e-19
    Average rotational energy       = 1.168790538e-20
    Average vibrational energy      = 1.240977689e-23
    Average electronic energy       = 0
    Total energy                    = 0.001879976515

Stage 1.0  ExecutionTime = 52.98 s  ClockTime = 53 s  Iteration 250 (1.19 s)

Time = 1.726413e-05

    Collision global reduction skipped (rank 0 local diagnostics)
    Collisions                      = 54679
    Collision candidates           = 96414
    Collision acceptance rate      = 0.5671271807

    Number of DSMC particles        = 1882807
    Number of stuck particles       = 0
    Number of free particles        = 1882807
    Average linear kinetic energy   = 1.558188325e-19
    Average rotational energy       = 1.195451085e-20
    Average vibrational energy      = 1.351092408e-23
    Average electronic energy       = 0
    Total energy                    = 0.001895461582

Stage 1.0  ExecutionTime = 55.37 s  ClockTime = 56 s  Iteration 260 (1.03 s)

Time = 1.7928135e-05

    Collision global reduction skipped (rank 0 local diagnostics)
    Collisions                      = 55751
    Collision candidates           = 101863
    Collision acceptance rate      = 0.5473135486

    Number of DSMC particles        = 1902272
    Number of stuck particles       = 0
    Number of free particles        = 1902272
    Average linear kinetic energy   = 1.551179082e-19
    Average rotational energy       = 1.231534629e-20
    Average vibrational energy      = 1.410911814e-23
    Average electronic energy       = 0
    Total energy                    = 0.001911182588

Stage 1.0  ExecutionTime = 57.83 s  ClockTime = 58 s  Iteration 270 (0.87 s)

Time = 1.859214e-05

    Collision global reduction skipped (rank 0 local diagnostics)
    Collisions                      = 57008
    Collision candidates           = 106126
    Collision acceptance rate      = 0.5371727946

    Number of DSMC particles        = 1921389
    Number of stuck particles       = 0
    Number of free particles        = 1921389
    Average linear kinetic energy   = 1.5438714e-19
    Average rotational energy       = 1.268599942e-20
    Average vibrational energy      = 1.566845522e-23
    Average electronic energy       = 0
    Total energy                    = 0.001926255585

Stage 1.0  ExecutionTime = 60.35 s  ClockTime = 61 s  Iteration 280 (0.76 s)

Time = 1.9256145e-05

    Collision global reduction skipped (rank 0 local diagnostics)
    Collisions                      = 58183
    Collision candidates           = 109521
    Collision acceptance rate      = 0.5312497147

    Number of DSMC particles        = 1940225
    Number of stuck particles       = 0
    Number of free particles        = 1940225
    Average linear kinetic energy   = 1.536669535e-19
    Average rotational energy       = 1.304198103e-20
    Average vibrational energy      = 1.748021843e-23
    Average electronic energy       = 0
    Total energy                    = 0.001940920548

Stage 1.0  ExecutionTime = 62.97 s  ClockTime = 64 s  Iteration 290 (0.75 s)

Time = 1.992015e-05

    Collision global reduction skipped (rank 0 local diagnostics)
    Collisions                      = 59214
    Collision candidates           = 111796
    Collision acceptance rate      = 0.5296611686


Phase C auto DLB triggered (threshold) at step 300: sar=0 loadImbalance=1.769962496 threshold=1.5 particleMaxMin=1
Phase C ParMETIS weights: particles=1958911 activeCells=60000 maxCellParticles=405
Phase C ParMETIS: alpha=1 ncon=1 ubvec=[1.049999952] moveRatio=0.8710549019 (moveT=37.15731188s, collT=5.500518065s)
Phase C ParMETIS: AdaptiveRepart (60000 cells, 1 constraints, ubvec=1.049999952)
Replicated mesh: rank 0 owns 9775 / 60000 cells
Local mesh: 9775 owned + 860 halo = 10635 / 60000 cells
Phase C ParMETIS AdaptiveRepart: 43686 / 60000 cells changed (0.7281)
Phase C auto DLB complete: rebalance #6

    Number of DSMC particles        = 1958911
    Number of stuck particles       = 0
    Number of free particles        = 1958911
    Average linear kinetic energy   = 1.529609793e-19
    Average rotational energy       = 1.337672212e-20
    Average vibrational energy      = 1.854474804e-23
    Average electronic energy       = 0
    Total energy                    = 0.001955262483

Stage 1.0  ExecutionTime = 65.9 s  ClockTime = 67 s  Iteration 300 (1.03 s)

End stage 1


DSMC solver profile summary
    solver profile steps          = 300
    move+collide wall [s]         = 61.59120205
    move only [s]                 = 49.65921506
    buildCellOccupancy [s]        = 4.617690398
    collision phase [s]           = 14.19315533
    post fields/output [s]        = 0.194665781
    total profiled [s]            = 68.66472657
    full evolve wall [s]          = 61.78422282
    move+collide cpu [s]          = 56.81
    move only cpu [s]             = 45.78
    buildCellOccupancy cpu [s]    = 4.23
    collision phase cpu [s]       = 13.19
    post fields/output cpu [s]    = 0.25
    total profiled cpu [s]        = 63.45
    full evolve cpu [s]           = 57.04
    collision localLoop max [s] = 14.17302073
    collision reduce max [s]    = 0
    collision sigmaBC max [s]   = 0.018457683
    collision total max [s]     = 14.19179004
    collision accounted max [s] = 14.1911985
    collision residual max [s]  = 0.000613049
    collision subphase max sum [s] = 14.19147841
    collision cumulative global collisions = 40960793
    collision cumulative global candidates  = 74884607
    collision cumulative acceptance        = 0.5469854839
    OpenMP enabled                = 0
    OpenMP max threads            = 1
    OpenMP move                   = 0 (static, chunk 64)
    OpenMP collision              = dynamic, chunk 8


Replicated mesh profiling summary:
    migration calls             = 37
    migration wall time [s]     = 3.637895721
    local particles (final)     = 254302
    migration wall max [s]      = 3.807108542
    migration pack max [s]      = 0.596653371
    migration local prep max [s]= 0.294777409
    migration size exchange max [s] = 0
    migration request post max [s] = 0.009626399
    migration wait max [s]      = 2.595128201
    migration deserialize max [s] = 0.335540541
    migration post max [s]      = 0.012426906
    migration candidate gather max [s] = 0.308258697
    migration accounted max [s] = 3.807108542
    migration residual max [s]  = 1.776356839e-15
    updateParticleCounts max [s]= 0.038830986
    migration subphase max sum [s] = 4.152411524
    particles per rank          = min 226990 max 254302 max/min 1.120322481
    rank wall time (evolve, 300 steps): min 41.32 max 54.41 max/min 1.316795741
    Phase C auto DLB checks      = 300
    Phase C auto DLB rebalances = 6
    Phase C auto DLB triggered checks = 6
    Phase C auto DLB wall max [s]= 5.34415917
    Phase C auto DLB check max [s]= 4.428155121
    Phase C ParMETIS max [s]     = 0.23355827
    Phase C migration max [s]    = 0.756277535
    Phase C cellOwner write max [s] = 0
    Phase C post-diagnostic max [s] = 0.000442069
    Phase C auto DLB accounted max [s] = 5.418432995
    Phase C auto DLB residual max [s] = -0.074273825

Total Iterations = 300
End main

