/*---------------------------------------------------------------------------*\
| =========                 |                                                 |
| \\      /  F ield         | OpenFOAM: The Open Source CFD Toolbox           |
|  \\    /   O peration     | Version:  v1706                                 |
|   \\  /    A nd           | Web:      www.OpenFOAM.com                      |
|    \\/     M anipulation  |                                                 |
\*---------------------------------------------------------------------------*/
Build  : v1706
Arch   : "LSB;label=32;scalar=64"
Exec   : dsmcFoam+
Date   : Jun 13 2026
Time   : 04:15:01
Host   : "SuperXCX-ROG"
PID    : 1317312
/*---------------------------------------------------------------------------*\
| =========                 |                                                 |
| \\      /  F ield         | OpenFOAM: The Open Source CFD Toolbox           |
|  \\    /   O peration     | Version:  v1706                                 |
|   \\  /    A nd           | Web:      www.OpenFOAM.com                      |
|    \\/     M anipulation  |                                                 |
\*---------------------------------------------------------------------------*/
Build  : v1706
Arch   : "LSB;label=32;scalar=64"
Exec   : dsmcFoam+
Date   : Jun 13 2026
Time   : 04:15:01
Host   : "SuperXCX-ROG"
PID    : 1317314
/*---------------------------------------------------------------------------*\
| =========                 |                                                 |
| \\      /  F ield         | OpenFOAM: The Open Source CFD Toolbox           |
|  \\    /   O peration     | Version:  v1706                                 |
|   \\  /    A nd           | Web:      www.OpenFOAM.com                      |
|    \\/     M anipulation  |                                                 |
\*---------------------------------------------------------------------------*/
Build  : v1706
Arch   : "LSB;label=32;scalar=64"
Exec   : dsmcFoam+
Date   : Jun 13 2026
Time   : 04:15:01
Host   : "SuperXCX-ROG"
PID    : 1317313
/*---------------------------------------------------------------------------*\
| =========                 |                                                 |
| \\      /  F ield         | OpenFOAM: The Open Source CFD Toolbox           |
|  \\    /   O peration     | Version:  v1706                                 |
|   \\  /    A nd           | Web:      www.OpenFOAM.com                      |
|    \\/     M anipulation  |                                                 |
\*---------------------------------------------------------------------------*/
Build  : v1706
Arch   : "LSB;label=32;scalar=64"
Exec   : dsmcFoam+
Date   : Jun 13 2026
Time   : 04:15:01
Host   : "SuperXCX-ROG"
PID    : 1317315
/*---------------------------------------------------------------------------*\
| =========                 |                                                 |
| \\      /  F ield         | OpenFOAM: The Open Source CFD Toolbox           |
|  \\    /   O peration     | Version:  v1706                                 |
|   \\  /    A nd           | Web:      www.OpenFOAM.com                      |
|    \\/     M anipulation  |                                                 |
\*---------------------------------------------------------------------------*/
Build  : v1706
Arch   : "LSB;label=32;scalar=64"
Exec   : dsmcFoam+
Date   : Jun 13 2026
Time   : 04:15:01
Host   : "SuperXCX-ROG"
PID    : 1317316
/*---------------------------------------------------------------------------*\
| =========                 |                                                 |
| \\      /  F ield         | OpenFOAM: The Open Source CFD Toolbox           |
|  \\    /   O peration     | Version:  v1706                                 |
|   \\  /    A nd           | Web:      www.OpenFOAM.com                      |
|    \\/     M anipulation  |                                                 |
\*---------------------------------------------------------------------------*/
Build  : v1706
Arch   : "LSB;label=32;scalar=64"
Exec   : dsmcFoam+
Date   : Jun 13 2026
Time   : 04:15:01
Host   : "SuperXCX-ROG"
PID    : 1317317
/*---------------------------------------------------------------------------*\
| =========                 |                                                 |
| \\      /  F ield         | OpenFOAM: The Open Source CFD Toolbox           |
|  \\    /   O peration     | Version:  v1706                                 |
|   \\  /    A nd           | Web:      www.OpenFOAM.com                      |
|    \\/     M anipulation  |                                                 |
\*---------------------------------------------------------------------------*/
Build  : v1706
Arch   : "LSB;label=32;scalar=64"
Exec   : dsmcFoam+
Date   : Jun 13 2026
Time   : 04:15:01
Host   : "SuperXCX-ROG"
PID    : 1317318
/*---------------------------------------------------------------------------*\
| =========                 |                                                 |
| \\      /  F ield         | OpenFOAM: The Open Source CFD Toolbox           |
|  \\    /   O peration     | Version:  v1706                                 |
|   \\  /    A nd           | Web:      www.OpenFOAM.com                      |
|    \\/     M anipulation  |                                                 |
\*---------------------------------------------------------------------------*/
Build  : v1706
Arch   : "LSB;label=32;scalar=64"
Exec   : dsmcFoam+
Date   : Jun 13 2026
Time   : 04:15:01
Host   : "SuperXCX-ROG"
PID    : 1317319
Case   : /home/superxcx/code/OpenFoam/OF-1706/hyStrath_dlb/run/hyStrath/dsmcFoam+/xcx_test/zb-cylinder-react/mpi8
nProcs : 1
Case   : /home/superxcx/code/OpenFoam/OF-1706/hyStrath_dlb/run/hyStrath/dsmcFoam+/xcx_test/zb-cylinder-react/mpi8
nProcs : 1
Case   : /home/superxcx/code/OpenFoam/OF-1706/hyStrath_dlb/run/hyStrath/dsmcFoam+/xcx_test/zb-cylinder-react/mpi8
nProcs : 1
Case   : /home/superxcx/code/OpenFoam/OF-1706/hyStrath_dlb/run/hyStrath/dsmcFoam+/xcx_test/zb-cylinder-react/mpi8
nProcs : 1
sigFpe : Enabling floating point exception trapping (FOAM_SIGFPE).
sigFpe : Enabling floating point exception trapping (FOAM_SIGFPE).
sigFpe : Enabling floating point exception trapping (FOAM_SIGFPE).
fileModificationChecking : Monitoring run-time modified files using timeStampMaster (fileModificationSkew 10)
allowSystemOperations : Allowing user-supplied system call operations

fileModificationChecking : Monitoring run-time modified files using timeStampMaster (fileModificationSkew 10)
allowSystemOperations : Allowing user-supplied system call operations

fileModificationChecking : Monitoring run-time modified files using timeStampMaster (fileModificationSkew 10)
allowSystemOperations : Allowing user-supplied system call operations

Case   : /home/superxcx/code/OpenFoam/OF-1706/hyStrath_dlb/run/hyStrath/dsmcFoam+/xcx_test/zb-cylinder-react/mpi8
nProcs : 1
sigFpe : Enabling floating point exception trapping (FOAM_SIGFPE).
fileModificationChecking : Monitoring run-time modified files using timeStampMaster (fileModificationSkew 10)
allowSystemOperations : Allowing user-supplied system call operations

// * * * * * * * * * * * * * * * * * * * * * * * * * * * * * * * * * * * * * //
Create time

Case   : /home/superxcx/code/OpenFoam/OF-1706/hyStrath_dlb/run/hyStrath/dsmcFoam+/xcx_test/zb-cylinder-react/mpi8
nProcs : 1
// * * * * * * * * * * * * * * * * * * * * * * * * * * * * * * * * * * * * * //
Create time

// * * * * * * * * * * * * * * * * * * * * * * * * * * * * * * * * * * * * * //
Create time

// * * * * * * * * * * * * * * * * * * * * * * * * * * * * * * * * * * * * * //
Create time

sigFpe : Enabling floating point exception trapping (FOAM_SIGFPE).
fileModificationChecking : Monitoring run-time modified files using timeStampMaster (fileModificationSkew 10)
allowSystemOperations : Allowing user-supplied system call operations

Case   : /home/superxcx/code/OpenFoam/OF-1706/hyStrath_dlb/run/hyStrath/dsmcFoam+/xcx_test/zb-cylinder-react/mpi8
nProcs : 1
sigFpe : Enabling floating point exception trapping (FOAM_SIGFPE).
fileModificationChecking : Monitoring run-time modified files using timeStampMaster (fileModificationSkew 10)
allowSystemOperations : Allowing user-supplied system call operations

// * * * * * * * * * * * * * * * * * * * * * * * * * * * * * * * * * * * * * //
Create time

// * * * * * * * * * * * * * * * * * * * * * * * * * * * * * * * * * * * * * //
Create time

sigFpe : Enabling floating point exception trapping (FOAM_SIGFPE).
fileModificationChecking : Monitoring run-time modified files using timeStampMaster (fileModificationSkew 10)
allowSystemOperations : Allowing user-supplied system call operations

Case   : /home/superxcx/code/OpenFoam/OF-1706/hyStrath_dlb/run/hyStrath/dsmcFoam+/xcx_test/zb-cylinder-react/mpi8
nProcs : 1
// * * * * * * * * * * * * * * * * * * * * * * * * * * * * * * * * * * * * * //
Create time

sigFpe : Enabling floating point exception trapping (FOAM_SIGFPE).
fileModificationChecking : Monitoring run-time modified files using timeStampMaster (fileModificationSkew 10)
allowSystemOperations : Allowing user-supplied system call operations

// * * * * * * * * * * * * * * * * * * * * * * * * * * * * * * * * * * * * * //
Create time

Create mesh for time = 0

Create mesh for time = 0

Create mesh for time = 0

Create mesh for time = 0

Create mesh for time = 0

Create mesh for time = 0

Create mesh for time = 0

Create mesh for time = 0

Selecting dynamicFvMesh dynamicRefineFvMesh
Selecting dynamicFvMesh dynamicRefineFvMesh
Selecting dynamicFvMesh dynamicRefineFvMesh
Selecting dynamicFvMesh dynamicRefineFvMesh
Selecting dynamicFvMesh dynamicRefineFvMesh
Selecting dynamicFvMesh dynamicRefineFvMesh
Selecting dynamicFvMesh dynamicRefineFvMesh
Selecting dynamicFvMesh dynamicRefineFvMesh

Constructing dsmcCloud 

Constructing dsmcCloud 

Constructing dsmcCloud 

Constructing dsmcCloud 

Constructing dsmcCloud 

Constructing dsmcCloud 

Constructing dsmcCloud 

Constructing dsmcCloud 
Selecting the coordinate system model:	dsmcCartesian

Selecting the time-step model:	dsmcConstantTimeStepModel

Constant time-step model:
- time-step [sec]	6.64005e-08

Selecting the porous measurement model:	dsmcNoPorousMediumMeasurements


Creating dsmcControllers

Creating fields: 

Selecting field: dsmcVolFields

TimeData Statistics: 
 measurement option: write
 nSamples: 1, time interval: 6.64005e-08
 nAverages: 15060, time interval: 0.00099999153
 total no. of sampling steps: 0
 total no. of averaging Steps: 0


Selecting the coordinate system model:	dsmcCartesian

Selecting the time-step model:	dsmcConstantTimeStepModel

Selecting the coordinate system model:	dsmcCartesian

Selecting the time-step model:	dsmcConstantTimeStepModel

Constant time-step model:
- time-step [sec]	6.64005e-08

Selecting the porous measurement model:	dsmcNoPorousMediumMeasurements

Constant time-step model:
- time-step [sec]	6.64005e-08

Selecting the porous measurement model:	dsmcNoPorousMediumMeasurements

Selecting field: dsmcVolFields

TimeData Statistics: 
 measurement option: write
 nSamples: 1, time interval: 6.64005e-08
 nAverages: 15060, time interval: 0.00099999153
 total no. of sampling steps: 0
 total no. of averaging Steps: 0



Creating dsmcControllers


Creating dsmcControllers

--> FOAM Warning : 
    From function bool Foam::rmDir(const fileName &, const bool)
    in file POSIX.C at line 1047
    failed to remove directory "/home/superxcx/code/OpenFoam/OF-1706/hyStrath_dlb/run/hyStrath/dsmcFoam+/xcx_test/zb-cylinder-react/mpi8/fieldMeasurements"
Creating fields: 

Selecting field: dsmcVolFields
Creating fields: 

Selecting field: dsmcVolFields

TimeData Statistics: 
 measurement option: write

TimeData Statistics: 
 measurement option: write
 nSamples: 1, time interval: 6.64005e-08
 nAverages: 15060, time interval: 0.00099999153
 nSamples: 1, time interval: 6.64005e-08
 nAverages: 15060, time interval: 0.00099999153
 total no. of sampling steps: 0
 total no. of averaging Steps: 0


 total no. of sampling steps: 0
 total no. of averaging Steps: 0


Selecting the coordinate system model:	dsmcCartesian

Selecting the time-step model:	dsmcConstantTimeStepModel

Constant time-step model:
- time-step [sec]	6.64005e-08

Selecting the porous measurement model:	dsmcNoPorousMediumMeasurements


Creating dsmcControllers

Creating fields: 

Selecting field: dsmcVolFields

TimeData Statistics: 
 measurement option: write
 nSamples: 1, time interval: 6.64005e-08
 nAverages: 15060, time interval: 0.00099999153
 total no. of sampling steps: 0
 total no. of averaging Steps: 0


Selecting the coordinate system model:	dsmcCartesian

Selecting the time-step model:	dsmcConstantTimeStepModel

Constant time-step model:
- time-step [sec]	6.64005e-08

Selecting the porous measurement model:	dsmcNoPorousMediumMeasurements


Creating dsmcControllers

Creating fields: 

Selecting field: dsmcVolFields

TimeData Statistics: 
 measurement option: write
 nSamples: 1, time interval: 6.64005e-08
 nAverages: 15060, time interval: 0.00099999153
 total no. of sampling steps: 0
 total no. of averaging Steps: 0


Selecting the coordinate system model:	dsmcCartesian

Selecting the time-step model:	dsmcConstantTimeStepModel

Constant time-step model:
- time-step [sec]	6.64005e-08

Selecting the porous measurement model:	dsmcNoPorousMediumMeasurements


Creating dsmcControllers

Creating fields: 

Selecting field: dsmcVolFields

TimeData Statistics: 
 measurement option: write
 nSamples: 1, time interval: 6.64005e-08
 nAverages: 15060, time interval: 0.00099999153
 total no. of sampling steps: 0
 total no. of averaging Steps: 0


Selecting the coordinate system model:	dsmcCartesian

Selecting the time-step model:	dsmcConstantTimeStepModel

Constant time-step model:
- time-step [sec]	6.64005e-08

Selecting the porous measurement model:	dsmcNoPorousMediumMeasurements

Selecting field: dsmcVolFields

TimeData Statistics: 
 measurement option: write
 nSamples: 1, time interval: 6.64005e-08
 nAverages: 15060, time interval: 0.00099999153
 total no. of sampling steps: 0
 total no. of averaging Steps: 0


Selecting field: dsmcVolFields

TimeData Statistics: 
 measurement option: write
 nSamples: 1, time interval: 6.64005e-08
 nAverages: 15060, time interval: 0.00099999153
 total no. of sampling steps: 0
 total no. of averaging Steps: 0



Creating dsmcControllers

Selecting field: dsmcVolFields

TimeData Statistics: 
 measurement option: write
 nSamples: 1, time interval: 6.64005e-08
 nAverages: 15060, time interval: 0.00099999153
 total no. of sampling steps: 0
 total no. of averaging Steps: 0


Creating fields: 

Selecting field: dsmcVolFields

TimeData Statistics: 
 measurement option: write
 nSamples: 1, time interval: 6.64005e-08
 nAverages: 15060, time interval: 0.00099999153
 total no. of sampling steps: 0
 total no. of averaging Steps: 0


Selecting field: dsmcVolFields

TimeData Statistics: 
 measurement option: write
 nSamples: 1, time interval: 6.64005e-08
 nAverages: 15060, time interval: 0.00099999153
 total no. of sampling steps: 0
 total no. of averaging Steps: 0


Selecting field: dsmcVolFields

TimeData Statistics: 
 measurement option: write
 nSamples: 1, time interval: 6.64005e-08
 nAverages: 15060, time interval: 0.00099999153
 total no. of sampling steps: 0
 total no. of averaging Steps: 0


Selecting field: dsmcVolFields

TimeData Statistics: 
 measurement option: write
 nSamples: 1, time interval: 6.64005e-08
 nAverages: 15060, time interval: 0.00099999153
 total no. of sampling steps: 0
 total no. of averaging Steps: 0


Selecting field: dsmcVolFields

TimeData Statistics: 
 measurement option: write
 nSamples: 1, time interval: 6.64005e-08
 nAverages: 15060, time interval: 0.00099999153
 total no. of sampling steps: 0
 total no. of averaging Steps: 0


Selecting field: dsmcVolFields

TimeData Statistics: 
 measurement option: write
 nSamples: 1, time interval: 6.64005e-08
 nAverages: 15060, time interval: 0.00099999153
 total no. of sampling steps: 0
 total no. of averaging Steps: 0


Selecting field: dsmcVolFields

TimeData Statistics: 
 measurement option: write
 nSamples: 1, time interval: 6.64005e-08
 nAverages: 15060, time interval: 0.00099999153
 total no. of sampling steps: 0
 total no. of averaging Steps: 0


Selecting field: dsmcVolFields

TimeData Statistics: 
 measurement option: write
 nSamples: 1, time interval: 6.64005e-08
 nAverages: 15060, time interval: 0.00099999153
 total no. of sampling steps: 0
 total no. of averaging Steps: 0


Selecting field: dsmcVolFields

TimeData Statistics: 
 measurement option: write
 nSamples: 1, time interval: 6.64005e-08
 nAverages: 15060, time interval: 0.00099999153
 total no. of sampling steps: 0
 total no. of averaging Steps: 0


Selecting the coordinate system model:	dsmcCartesian

Selecting the time-step model:	dsmcConstantTimeStepModel

Constant time-step model:
- time-step [sec]	6.64005e-08

Selecting the porous measurement model:	dsmcNoPorousMediumMeasurements

Selecting field: dsmcVolFields

TimeData Statistics: 
 measurement option: write
 nSamples: 1, time interval: 6.64005e-08
 nAverages: 15060, time interval: 0.00099999153
 total no. of sampling steps: 0
 total no. of averaging Steps: 0



Creating dsmcControllers

Creating fields: 

Selecting field: dsmcVolFields

TimeData Statistics: 
 measurement option: write
 nSamples: 1, time interval: 6.64005e-08
 nAverages: 15060, time interval: 0.00099999153
 total no. of sampling steps: 0
 total no. of averaging Steps: 0


Selecting field: dsmcVolFields

TimeData Statistics: 
 measurement option: write
 nSamples: 1, time interval: 6.64005e-08
 nAverages: 15060, time interval: 0.00099999153
 total no. of sampling steps: 0
 total no. of averaging Steps: 0


Selecting field: dsmcVolFields

TimeData Statistics: 
 measurement option: write
 nSamples: 1, time interval: 6.64005e-08
 nAverages: 15060, time interval: 0.00099999153
 total no. of sampling steps: 0
 total no. of averaging Steps: 0


Selecting field: dsmcVolFields

TimeData Statistics: 
 measurement option: write
 nSamples: 1, time interval: 6.64005e-08
 nAverages: 15060, time interval: 0.00099999153
 total no. of sampling steps: 0
 total no. of averaging Steps: 0


Selecting field: dsmcVolFields

TimeData Statistics: 
 measurement option: write
 nSamples: 1, time interval: 6.64005e-08
 nAverages: 15060, time interval: 0.00099999153
 total no. of sampling steps: 0
 total no. of averaging Steps: 0


Selecting field: dsmcVolFields

TimeData Statistics: 
 measurement option: write
 nSamples: 1, time interval: 6.64005e-08
 nAverages: 15060, time interval: 0.00099999153
 total no. of sampling steps: 0
 total no. of averaging Steps: 0


Selecting field: dsmcVolFields

TimeData Statistics: 
 measurement option: write
 nSamples: 1, time interval: 6.64005e-08
 nAverages: 15060, time interval: 0.00099999153
 total no. of sampling steps: 0
 total no. of averaging Steps: 0


Selecting field: dsmcVolFields

TimeData Statistics: 
 measurement option: write
 nSamples: 1, time interval: 6.64005e-08
 nAverages: 15060, time interval: 0.00099999153
 total no. of sampling steps: 0
 total no. of averaging Steps: 0


Selecting field: dsmcVolFields

TimeData Statistics: 
 measurement option: write
 nSamples: 1, time interval: 6.64005e-08
 nAverages: 15060, time interval: 0.00099999153
 total no. of sampling steps: 0
 total no. of averaging Steps: 0


Selecting field: dsmcVolFields

TimeData Statistics: 
 measurement option: write
 nSamples: 1, time interval: 6.64005e-08
 nAverages: 15060, time interval: 0.00099999153
 total no. of sampling steps: 0
 total no. of averaging Steps: 0


Selecting field: dsmcVolFields

TimeData Statistics: 
 measurement option: write
 nSamples: 1, time interval: 6.64005e-08
 nAverages: 15060, time interval: 0.00099999153
 total no. of sampling steps: 0
 total no. of averaging Steps: 0


Selecting field: dsmcVolFields

TimeData Statistics: 
 measurement option: write
 nSamples: 1, time interval: 6.64005e-08
 nAverages: 15060, time interval: 0.00099999153
 total no. of sampling steps: 0
 total no. of averaging Steps: 0


Selecting field: dsmcVolFields

TimeData Statistics: 
 measurement option: write
 nSamples: 1, time interval: 6.64005e-08
 nAverages: 15060, time interval: 0.00099999153
 total no. of sampling steps: 0
 total no. of averaging Steps: 0


Selecting field: dsmcVolFields

TimeData Statistics: 
 measurement option: write
 nSamples: 1, time interval: 6.64005e-08
 nAverages: 15060, time interval: 0.00099999153
 total no. of sampling steps: 0
 total no. of averaging Steps: 0


Selecting field: dsmcVolFields

TimeData Statistics: 
 measurement option: write
 nSamples: 1, time interval: 6.64005e-08
 nAverages: 15060, time interval: 0.00099999153
 total no. of sampling steps: 0
 total no. of averaging Steps: 0


Selecting field: dsmcVolFields

TimeData Statistics: 
 measurement option: write
 nSamples: 1, time interval: 6.64005e-08
 nAverages: 15060, time interval: 0.00099999153
 total no. of sampling steps: 0
 total no. of averaging Steps: 0


Selecting field: dsmcVolFields

TimeData Statistics: 
 measurement option: write
 nSamples: 1, time interval: 6.64005e-08
 nAverages: 15060, time interval: 0.00099999153
 total no. of sampling steps: 0
 total no. of averaging Steps: 0


Creating the boundary models: 

Selecting dsmcPatchBoundaryModel dsmcDeletionPatch
Selecting field: dsmcVolFields

TimeData Statistics: 
 measurement option: write
 nSamples: 1, time interval: 6.64005e-08
 nAverages: 15060, time interval: 0.00099999153
 total no. of sampling steps: 0
 total no. of averaging Steps: 0


Selecting dsmcPatchBoundaryModel dsmcDeletionPatch
Selecting dsmcPatchBoundaryModel dsmcDiffuseWallPatch
Selecting dsmcGeneralBoundaryModel dsmcFreeStreamInflowPatch
Selecting field: dsmcVolFields

TimeData Statistics: 
 measurement option: write
 nSamples: 1, time interval: 6.64005e-08
 nAverages: 15060, time interval: 0.00099999153
 total no. of sampling steps: 0
 total no. of averaging Steps: 0


Selecting field: dsmcVolFields

TimeData Statistics: 
 measurement option: write
 nSamples: 1, time interval: 6.64005e-08
 nAverages: 15060, time interval: 0.00099999153
 total no. of sampling steps: 0
 total no. of averaging Steps: 0


Selecting BinaryCollisionModel LarsenBorgnakkeVariableHardSphere

Creating dsmcReactions

Selecting the reaction model dissociationQK
Selecting the reaction model dissociationExchangeQK
Selecting the reaction model dissociationQK
Selecting the reaction model dissociationQK
Selecting the reaction model dissociationQK
Selecting the reaction model dissociationQK
Selecting the reaction model dissociationQK
Selecting the reaction model dissociationExchangeQK
Selecting the reaction model dissociationQK
Selecting the reaction model dissociationExchangeQK
Selecting the reaction model dissociationExchangeQK
Selecting the reaction model dissociationQK
Number of reactions created: 12
Selecting field: dsmcVolFields

TimeData Statistics: 
 measurement option: write
 nSamples: 1, time interval: 6.64005e-08
 nAverages: 15060, time interval: 0.00099999153
 total no. of sampling steps: 0
 total no. of averaging Steps: 0


Selecting field: dsmcVolFields

TimeData Statistics: 
 measurement option: write
 nSamples: 1, time interval: 6.64005e-08
 nAverages: 15060, time interval: 0.00099999153
 total no. of sampling steps: 0
 total no. of averaging Steps: 0


Selecting field: dsmcVolFields

TimeData Statistics: 
 measurement option: write
 nSamples: 1, time interval: 6.64005e-08
 nAverages: 15060, time interval: 0.00099999153
 total no. of sampling steps: 0
 total no. of averaging Steps: 0


Selecting field: dsmcVolFields

TimeData Statistics: 
 measurement option: write
 nSamples: 1, time interval: 6.64005e-08
 nAverages: 15060, time interval: 0.00099999153
 total no. of sampling steps: 0
 total no. of averaging Steps: 0


Selecting field: dsmcVolFields

TimeData Statistics: 
 measurement option: write
 nSamples: 1, time interval: 6.64005e-08
 nAverages: 15060, time interval: 0.00099999153
 total no. of sampling steps: 0
 total no. of averaging Steps: 0


Creating the boundary models: 

Selecting dsmcPatchBoundaryModel dsmcDeletionPatch
Selecting dsmcPatchBoundaryModel dsmcDeletionPatch
Selecting dsmcPatchBoundaryModel dsmcDiffuseWallPatch
Selecting dsmcGeneralBoundaryModel dsmcFreeStreamInflowPatch
Creating the boundary models: 

Selecting dsmcPatchBoundaryModel dsmcDeletionPatch
Selecting dsmcPatchBoundaryModel dsmcDeletionPatch
Selecting dsmcPatchBoundaryModel dsmcDiffuseWallPatch
Selecting dsmcGeneralBoundaryModel dsmcFreeStreamInflowPatch
Selecting field: dsmcVolFields

TimeData Statistics: 
 measurement option: write
 nSamples: 1, time interval: 6.64005e-08
 nAverages: 15060, time interval: 0.00099999153
 total no. of sampling steps: 0
 total no. of averaging Steps: 0


Selecting BinaryCollisionModel LarsenBorgnakkeVariableHardSphere

Creating dsmcReactions

Selecting the reaction model dissociationQK
Selecting the reaction model dissociationExchangeQK
Selecting the reaction model dissociationQK
Selecting the reaction model dissociationQK
Selecting the reaction model dissociationQK
Selecting the reaction model dissociationQK
Selecting the reaction model dissociationQK
Selecting the reaction model dissociationExchangeQK
Selecting the reaction model dissociationQK
Selecting the reaction model dissociationExchangeQK
Selecting the reaction model dissociationExchangeQK
Selecting the reaction model dissociationQK
Number of reactions created: 12
Selecting BinaryCollisionModel LarsenBorgnakkeVariableHardSphere
Creating the boundary models: 

Selecting dsmcPatchBoundaryModel dsmcDeletionPatch

Creating dsmcReactions

Selecting the reaction model dissociationQK
Selecting the reaction model dissociationExchangeQK
Selecting the reaction model dissociationQK
Selecting the reaction model dissociationQK
Selecting the reaction model dissociationQK
Selecting the reaction model dissociationQK
Selecting the reaction model dissociationQK
Selecting the reaction model dissociationExchangeQK
Selecting the reaction model dissociationQK
Selecting the reaction model dissociationExchangeQK
Selecting the reaction model dissociationExchangeQK
Selecting dsmcPatchBoundaryModel dsmcDeletionPatch
Selecting dsmcPatchBoundaryModel dsmcDiffuseWallPatch
Selecting the reaction model dissociationQK
Number of reactions created: 12
Selecting dsmcGeneralBoundaryModel dsmcFreeStreamInflowPatch
Creating the boundary models: 

Selecting dsmcPatchBoundaryModel dsmcDeletionPatch
Selecting dsmcPatchBoundaryModel dsmcDeletionPatch
Selecting dsmcPatchBoundaryModel dsmcDiffuseWallPatch
Selecting dsmcGeneralBoundaryModel dsmcFreeStreamInflowPatch
Selecting BinaryCollisionModel LarsenBorgnakkeVariableHardSphere

Creating dsmcReactions

Selecting the reaction model dissociationQK
Selecting the reaction model dissociationExchangeQK
Selecting the reaction model dissociationQK
Selecting the reaction model dissociationQK
Selecting the reaction model dissociationQK
Selecting the reaction model dissociationQK
Selecting the reaction model dissociationQK
Selecting the reaction model dissociationExchangeQK
Selecting the reaction model dissociationQK
Selecting the reaction model dissociationExchangeQK
Selecting the reaction model dissociationExchangeQK
Selecting the reaction model dissociationQK
Number of reactions created: 12
Selecting field: dsmcVolFields

TimeData Statistics: 
 measurement option: write
 nSamples: 1, time interval: 6.64005e-08
 nAverages: 15060, time interval: 0.00099999153
 total no. of sampling steps: 0
 total no. of averaging Steps: 0


Selecting BinaryCollisionModel LarsenBorgnakkeVariableHardSphere

Creating dsmcReactions

Selecting the reaction model dissociationQK
Selecting the reaction model dissociationExchangeQK
Selecting the reaction model dissociationQK
Selecting the reaction model dissociationQK
Selecting the reaction model dissociationQK
Selecting the reaction model dissociationQK
Selecting the reaction model dissociationQK
Selecting the reaction model dissociationExchangeQK
Selecting the reaction model dissociationQK
Selecting the reaction model dissociationExchangeQK
Selecting the reaction model dissociationExchangeQK
Selecting the reaction model dissociationQK
Number of reactions created: 12
Creating the boundary models: 

Selecting dsmcPatchBoundaryModel dsmcDeletionPatch
Selecting dsmcPatchBoundaryModel dsmcDeletionPatch
Selecting dsmcPatchBoundaryModel dsmcDiffuseWallPatch
Selecting dsmcGeneralBoundaryModel dsmcFreeStreamInflowPatch
Selecting BinaryCollisionModel LarsenBorgnakkeVariableHardSphere

Creating dsmcReactions

Selecting the reaction model dissociationQK
Selecting the reaction model dissociationExchangeQK
Selecting the reaction model dissociationQK
Selecting the reaction model dissociationQK
Selecting the reaction model dissociationQK
Selecting the reaction model dissociationQK
Selecting the reaction model dissociationQK
Selecting the reaction model dissociationExchangeQK
Selecting the reaction model dissociationQK
Selecting the reaction model dissociationExchangeQK
Selecting the reaction model dissociationExchangeQK
Selecting the reaction model dissociationQK
Number of reactions created: 12
Creating the boundary models: 

Selecting dsmcPatchBoundaryModel dsmcDeletionPatch
Selecting dsmcPatchBoundaryModel dsmcDeletionPatch
Selecting dsmcPatchBoundaryModel dsmcDiffuseWallPatch
Selecting dsmcGeneralBoundaryModel dsmcFreeStreamInflowPatch
Selecting BinaryCollisionModel LarsenBorgnakkeVariableHardSphere

Creating dsmcReactions

Selecting the reaction model dissociationQK
Selecting the reaction model dissociationExchangeQK
Selecting the reaction model dissociationQK
Selecting the reaction model dissociationQK
Selecting the reaction model dissociationQK
Selecting the reaction model dissociationQK
Selecting the reaction model dissociationQK
Selecting the reaction model dissociationExchangeQK
Selecting the reaction model dissociationQK
Selecting the reaction model dissociationExchangeQK
Selecting the reaction model dissociationExchangeQK
Selecting the reaction model dissociationQK
Number of reactions created: 12
Selecting field: dsmcVolFields

TimeData Statistics: 
 measurement option: write
 nSamples: 1, time interval: 6.64005e-08
 nAverages: 15060, time interval: 0.00099999153
 total no. of sampling steps: 0
 total no. of averaging Steps: 0


Creating the boundary models: 

Selecting dsmcPatchBoundaryModel dsmcDeletionPatch
Selecting dsmcPatchBoundaryModel dsmcDeletionPatch
Selecting dsmcPatchBoundaryModel dsmcDiffuseWallPatch
Selecting dsmcGeneralBoundaryModel dsmcFreeStreamInflowPatch
Selecting BinaryCollisionModel LarsenBorgnakkeVariableHardSphere

Creating dsmcReactions

Selecting the reaction model dissociationQK
Selecting the reaction model dissociationExchangeQK
Selecting the reaction model dissociationQK
Selecting the reaction model dissociationQK
Selecting the reaction model dissociationQK
Selecting the reaction model dissociationQK
Selecting the reaction model dissociationQK
Selecting the reaction model dissociationExchangeQK
Selecting the reaction model dissociationQK
Selecting the reaction model dissociationExchangeQK
Selecting the reaction model dissociationExchangeQK
Selecting the reaction model dissociationQK
Number of reactions created: 12

Constructing constant properties for
	N2
	O2
	NO
	N
	O
Selecting collisionPartnerSelectionModel noTimeCounter
Collision profile: collisionReduceOnlyOnOutput defaulted to true for replicatedMesh run
Collision profile: collisionOutputGlobalReduce defaulted to false for replicatedMesh run

Initialising the measurement fields

Initialising dsmcVolFields field
Initialising dsmcVolFields field
Initialising dsmcVolFields field
Initialising dsmcVolFields field
Initialising dsmcVolFields field
Initialising dsmcVolFields field

Constructing constant properties for
	N2
	O2
	NO
	N
	O

Constructing constant properties for
	N2
	O2
	NO
	N
	O

Constructing constant properties for
	N2
	O2
	NO
	N
	O
Selecting collisionPartnerSelectionModel noTimeCounter
Collision profile: collisionReduceOnlyOnOutput defaulted to true for replicatedMesh run
Collision profile: collisionOutputGlobalReduce defaulted to false for replicatedMesh run

Initialising the measurement fields

Initialising dsmcVolFields field
Initialising dsmcVolFields field
Initialising dsmcVolFields field
Initialising dsmcVolFields field
Initialising dsmcVolFields field
Initialising dsmcVolFields field

Constructing constant properties for
	N2
	O2
	NO
	N
	O
Selecting collisionPartnerSelectionModel noTimeCounter
Collision profile: collisionReduceOnlyOnOutput defaulted to true for replicatedMesh run
Collision profile: collisionOutputGlobalReduce defaulted to false for replicatedMesh run

Initialising the measurement fields

Initialising dsmcVolFields field
Initialising dsmcVolFields field
Initialising dsmcVolFields field
Initialising dsmcVolFields field
Initialising dsmcVolFields field

Constructing constant properties for
	N2
	O2
	NO
	N
	O
Initialising dsmcVolFields field
Selecting collisionPartnerSelectionModel noTimeCounter
Collision profile: collisionReduceOnlyOnOutput defaulted to true for replicatedMesh run
Collision profile: collisionOutputGlobalReduce defaulted to false for replicatedMesh run

Initialising the measurement fields

Initialising dsmcVolFields field
Initialising dsmcVolFields field
Initialising dsmcVolFields field
Initialising dsmcVolFields field
Initialising dsmcVolFields field
Initialising dsmcVolFields field

Constructing constant properties for
	N2
	O2
	NO
	N
	O

Constructing constant properties for
	N2
	O2
	NO
	N
	O
Selecting collisionPartnerSelectionModel noTimeCounter
Collision profile: collisionReduceOnlyOnOutput defaulted to true for replicatedMesh run
Collision profile: collisionOutputGlobalReduce defaulted to false for replicatedMesh run

Initialising the measurement fields

Initialising dsmcVolFields field
Initialising dsmcVolFields field
Initialising dsmcVolFields field
Initialising dsmcVolFields field
Initialising dsmcVolFields field
Initialising dsmcVolFields field
Selecting collisionPartnerSelectionModel noTimeCounter
Collision profile: collisionReduceOnlyOnOutput defaulted to true for replicatedMesh run
Collision profile: collisionOutputGlobalReduce defaulted to false for replicatedMesh run

Initialising the measurement fields

Initialising dsmcVolFields field
Initialising dsmcVolFields field
Initialising dsmcVolFields field
Initialising dsmcVolFields field
Initialising dsmcVolFields field
Initialising dsmcVolFields field
Selecting collisionPartnerSelectionModel noTimeCounter
Collision profile: collisionReduceOnlyOnOutput defaulted to true for replicatedMesh run
Collision profile: collisionOutputGlobalReduce defaulted to false for replicatedMesh run

Initialising the measurement fields

Initialising dsmcVolFields field
Initialising dsmcVolFields field
Selecting collisionPartnerSelectionModel noTimeCounter
Collision profile: collisionReduceOnlyOnOutput defaulted to true for replicatedMesh run
Collision profile: collisionOutputGlobalReduce defaulted to false for replicatedMesh run

Initialising the measurement fields

Initialising dsmcVolFields field
Initialising dsmcVolFields field
Initialising dsmcVolFields field
Initialising dsmcVolFields field
Initialising dsmcVolFields field
Initialising dsmcVolFields field
Initialising dsmcVolFields field
Initialising dsmcVolFields field
Initialising dsmcVolFields field
Initialising dsmcVolFields field
Replicated mesh: METIS decomposition complete, 60000 cells -> 8 ranks
Replicated mesh: rank 0 owns 7384 / 60000 cells
Local mesh: 7384 owned + 356 halo = 7740 / 60000 cells
Replicated mesh: no-Alltoall async migration enabled
Replicated mesh: flatTransfer=1 found=1
Replicated mesh: flat POD transfer enabled
Replicated mesh: writeMode=gathered
Phase C auto DLB: enabled (ParMETIS AdaptiveRepart), imbalanceThreshold=1.5, dlbSteps=50, sarSteps=10, triggerMode=legacyWindow, minGapSteps=50, checkCollective=allreduce, particleGate=0, particleGateThreshold=1.5, skipPostDiag=0, adaptiveAlpha=0
Replicated mesh: initialized with 8 MPI ranks, migrate interval 10

Starting time loop

Replicated mesh: initial particle distribution

Replicated mesh: rank 0 kept 257855 parcels, deleted 1051233 non-owned parcels
Time = 6.64005e-07

    Collision global reduction skipped (rank 0 local diagnostics)
    Collisions                      = 3931
    Collision candidates           = 5144
    Collision acceptance rate      = 0.7641912908

    Number of DSMC particles        = 1330279
    Number of stuck particles       = 0
    Number of free particles        = 1330279
    Average linear kinetic energy   = 1.893419003e-19
    Average rotational energy       = 1.323426343e-21
    Average vibrational energy      = 7.024270247e-26
    Average electronic energy       = 0
    Total energy                    = 0.001521829041

Stage 1.0  ExecutionTime = 5.96 s  ClockTime = 7 s  Iteration 10 (0.15 s)

Time = 1.32801e-06

    Collision global reduction skipped (rank 0 local diagnostics)
    Collisions                      = 4113
    Collision candidates           = 5676
    Collision acceptance rate      = 0.7246300211

    Number of DSMC particles        = 1353901
    Number of stuck particles       = 0
    Number of free particles        = 1353901
    Average linear kinetic energy   = 1.865912735e-19
    Average rotational energy       = 1.546460879e-21
    Average vibrational energy      = 6.901715266e-26
    Average electronic energy       = 0
    Total energy                    = 0.001528319761

Stage 1.0  ExecutionTime = 7.37 s  ClockTime = 8 s  Iteration 20 (0.26 s)

Time = 1.992015e-06

    Collision global reduction skipped (rank 0 local diagnostics)
    Collisions                      = 4136
    Collision candidates           = 5891
    Collision acceptance rate      = 0.7020879307

    Number of DSMC particles        = 1377495
    Number of stuck particles       = 0
    Number of free particles        = 1377495
    Average linear kinetic energy   = 1.841176457e-19
    Average rotational energy       = 1.866534912e-21
    Average vibrational energy      = 2.825155921e-25
    Average electronic energy       = 0
    Total energy                    = 0.001537156008

Stage 1.0  ExecutionTime = 8.82 s  ClockTime = 10 s  Iteration 30 (0.16 s)

Time = 2.65602e-06

    Collision global reduction skipped (rank 0 local diagnostics)
    Collisions                      = 4169
    Collision candidates           = 5987
    Collision acceptance rate      = 0.6963420745

    Number of DSMC particles        = 1400966
    Number of stuck particles       = 0
    Number of free particles        = 1400966
    Average linear kinetic energy   = 1.819053716e-19
    Average rotational energy       = 2.241690811e-21
    Average vibrational energy      = 4.331561897e-25
    Average electronic energy       = 0
    Total energy                    = 0.001547906282

Stage 1.0  ExecutionTime = 10.29 s  ClockTime = 12 s  Iteration 40 (0.16 s)

Time = 3.320025e-06

    Collision global reduction skipped (rank 0 local diagnostics)
    Collisions                      = 4169
    Collision candidates           = 6068
    Collision acceptance rate      = 0.6870468029


Phase C auto DLB triggered (threshold) at step 50: sar=-0.1837301578 loadImbalance=1.5296895 threshold=1.5 particleMaxMin=1
Phase C ParMETIS weights: particles=1424417 activeCells=60000 maxCellParticles=257
Phase C ParMETIS: alpha=1 ncon=1 ubvec=[1.049999952] moveRatio=0.9067618262 (moveT=6.138047156s, collT=0.631147332s)
Phase C ParMETIS: AdaptiveRepart (60000 cells, 1 constraints, ubvec=1.049999952)
Replicated mesh: rank 0 owns 7205 / 60000 cells
Local mesh: 7205 owned + 393 halo = 7598 / 60000 cells
Phase C ParMETIS AdaptiveRepart: 44549 / 60000 cells changed (0.7424833333)
Phase C auto DLB complete: rebalance #1

    Number of DSMC particles        = 1424417
    Number of stuck particles       = 0
    Number of free particles        = 1424417
    Average linear kinetic energy   = 1.798528773e-19
    Average rotational energy       = 2.6804764e-21
    Average vibrational energy      = 5.461663698e-25
    Average electronic energy       = 0
    Total energy                    = 0.00156002634

Stage 1.0  ExecutionTime = 12.01 s  ClockTime = 13 s  Iteration 50 (0.28 s)

Time = 3.98403e-06

    Collision global reduction skipped (rank 0 local diagnostics)
    Collisions                      = 9397
    Collision candidates           = 15311
    Collision acceptance rate      = 0.6137417543

    Number of DSMC particles        = 1447766
    Number of stuck particles       = 0
    Number of free particles        = 1447766
    Average linear kinetic energy   = 1.779458275e-19
    Average rotational energy       = 3.078844697e-21
    Average vibrational energy      = 4.085210227e-25
    Average electronic energy       = 0
    Total energy                    = 0.001572491742

Stage 1.0  ExecutionTime = 13.43 s  ClockTime = 15 s  Iteration 60 (0.61 s)

Time = 4.648035e-06

    Collision global reduction skipped (rank 0 local diagnostics)
    Collisions                      = 10833
    Collision candidates           = 18464
    Collision acceptance rate      = 0.5867092721

    Number of DSMC particles        = 1471217
    Number of stuck particles       = 0
    Number of free particles        = 1471217
    Average linear kinetic energy   = 1.761814279e-19
    Average rotational energy       = 3.57914688e-21
    Average vibrational energy      = 5.392562141e-25
    Average electronic energy       = 0
    Total energy                    = 0.001586805641

Stage 1.0  ExecutionTime = 14.98 s  ClockTime = 17 s  Iteration 70 (0.57 s)

Time = 5.31204e-06

    Collision global reduction skipped (rank 0 local diagnostics)
    Collisions                      = 11979
    Collision candidates           = 21004
    Collision acceptance rate      = 0.5703199391

    Number of DSMC particles        = 1494546
    Number of stuck particles       = 0
    Number of free particles        = 1494546
    Average linear kinetic energy   = 1.745340841e-19
    Average rotational energy       = 4.101390623e-21
    Average vibrational energy      = 8.851315366e-25
    Average electronic energy       = 0
    Total energy                    = 0.001601881542

Stage 1.0  ExecutionTime = 16.7 s  ClockTime = 18 s  Iteration 80 (0.73 s)

Time = 5.976045e-06

    Collision global reduction skipped (rank 0 local diagnostics)
    Collisions                      = 13119
    Collision candidates           = 23305
    Collision acceptance rate      = 0.5629264106

    Number of DSMC particles        = 1517890
    Number of stuck particles       = 0
    Number of free particles        = 1517890
    Average linear kinetic energy   = 1.729889196e-19
    Average rotational energy       = 4.616932451e-21
    Average vibrational energy      = 1.014687565e-24
    Average electronic energy       = 0
    Total energy                    = 0.001617526121

Stage 1.0  ExecutionTime = 18.61 s  ClockTime = 21 s  Iteration 90 (0.79 s)

Time = 6.64005e-06

    Collision global reduction skipped (rank 0 local diagnostics)
    Collisions                      = 14341
    Collision candidates           = 25794
    Collision acceptance rate      = 0.5559820113


Phase C auto DLB triggered (SAR+threshold) at step 100: sar=0.01748302105 loadImbalance=1.632684897 threshold=1.5 particleMaxMin=1
Phase C ParMETIS weights: particles=1540922 activeCells=60000 maxCellParticles=323
Phase C ParMETIS: alpha=1 ncon=1 ubvec=[1.049999952] moveRatio=0.879660827 (moveT=10.47661547s, collT=1.433219717s)
Phase C ParMETIS: AdaptiveRepart (60000 cells, 1 constraints, ubvec=1.049999952)
Replicated mesh: rank 0 owns 12823 / 60000 cells
Local mesh: 12823 owned + 662 halo = 13485 / 60000 cells
Phase C ParMETIS AdaptiveRepart: 59987 / 60000 cells changed (0.9997833333)
Phase C auto DLB complete: rebalance #2

    Number of DSMC particles        = 1540922
    Number of stuck particles       = 0
    Number of free particles        = 1540922
    Average linear kinetic energy   = 1.715455633e-19
    Average rotational energy       = 5.157062256e-21
    Average vibrational energy      = 1.383112179e-24
    Average electronic energy       = 0
    Total energy                    = 0.001633722567

Stage 1.0  ExecutionTime = 20.77 s  ClockTime = 23 s  Iteration 100 (0.98 s)

Time = 7.304055e-06

    Collision global reduction skipped (rank 0 local diagnostics)
    Collisions                      = 3543
    Collision candidates           = 4792
    Collision acceptance rate      = 0.7393572621

    Number of DSMC particles        = 1564038
    Number of stuck particles       = 0
    Number of free particles        = 1564038
    Average linear kinetic energy   = 1.704076442e-19
    Average rotational energy       = 5.360825036e-21
    Average vibrational energy      = 1.601647501e-24
    Average electronic energy       = 0
    Total energy                    = 0.001649466421

Stage 1.0  ExecutionTime = 22.39 s  ClockTime = 25 s  Iteration 110 (0.3 s)

Time = 7.96806e-06

    Collision global reduction skipped (rank 0 local diagnostics)
    Collisions                      = 4585
    Collision candidates           = 6985
    Collision acceptance rate      = 0.6564065855

    Number of DSMC particles        = 1586494
    Number of stuck particles       = 0
    Number of free particles        = 1586494
    Average linear kinetic energy   = 1.68958095e-19
    Average rotational energy       = 5.8253354e-21
    Average vibrational energy      = 1.784556704e-24
    Average electronic energy       = 0
    Total energy                    = 0.001663774169

Stage 1.0  ExecutionTime = 24.15 s  ClockTime = 27 s  Iteration 120 (0.22 s)

Time = 8.632065e-06

    Collision global reduction skipped (rank 0 local diagnostics)
    Collisions                      = 6025
    Collision candidates           = 9555
    Collision acceptance rate      = 0.6305599163

    Number of DSMC particles        = 1609064
    Number of stuck particles       = 0
    Number of free particles        = 1609064
    Average linear kinetic energy   = 1.676103621e-19
    Average rotational energy       = 6.311688724e-21
    Average vibrational energy      = 2.00160546e-24
    Average electronic energy       = 0
    Total energy                    = 0.001679129589

Stage 1.0  ExecutionTime = 26.07 s  ClockTime = 29 s  Iteration 130 (0.27 s)

Time = 9.29607e-06

    Collision global reduction skipped (rank 0 local diagnostics)
    Collisions                      = 7170
    Collision candidates           = 11954
    Collision acceptance rate      = 0.5997992304

    Number of DSMC particles        = 1631394
    Number of stuck particles       = 0
    Number of free particles        = 1631394
    Average linear kinetic energy   = 1.663637182e-19
    Average rotational energy       = 6.823837238e-21
    Average vibrational energy      = 2.327090156e-24
    Average electronic energy       = 0
    Total energy                    = 0.001695245612

Stage 1.0  ExecutionTime = 28.12 s  ClockTime = 31 s  Iteration 140 (0.17 s)

Time = 9.960075e-06

    Collision global reduction skipped (rank 0 local diagnostics)
    Collisions                      = 8762
    Collision candidates           = 14824
    Collision acceptance rate      = 0.5910685375


Phase C auto DLB triggered (SAR+threshold) at step 150: sar=0.0187973175 loadImbalance=1.808173269 threshold=1.5 particleMaxMin=1
Phase C ParMETIS weights: particles=1653869 activeCells=60000 maxCellParticles=317
Phase C ParMETIS: alpha=1 ncon=1 ubvec=[1.049999952] moveRatio=0.903604956 (moveT=18.86260394s, collT=2.012230594s)
Phase C ParMETIS: AdaptiveRepart (60000 cells, 1 constraints, ubvec=1.049999952)
Replicated mesh: rank 0 owns 9026 / 60000 cells
Local mesh: 9026 owned + 614 halo = 9640 / 60000 cells
Phase C ParMETIS AdaptiveRepart: 49620 / 60000 cells changed (0.827)
Phase C auto DLB complete: rebalance #3

    Number of DSMC particles        = 1653869
    Number of stuck particles       = 0
    Number of free particles        = 1653869
    Average linear kinetic energy   = 1.652123883e-19
    Average rotational energy       = 7.32098931e-21
    Average vibrational energy      = 2.653295233e-24
    Average electronic energy       = 0
    Total energy                    = 0.001712111957

Stage 1.0  ExecutionTime = 30.38 s  ClockTime = 31 s  Iteration 150 (0.36 s)

Time = 1.062408e-05

    Collision global reduction skipped (rank 0 local diagnostics)
    Collisions                      = 3095
    Collision candidates           = 4177
    Collision acceptance rate      = 0.7409624132

    Number of DSMC particles        = 1675719
    Number of stuck particles       = 0
    Number of free particles        = 1675719
    Average linear kinetic energy   = 1.642485697e-19
    Average rotational energy       = 7.688802738e-21
    Average vibrational energy      = 2.888110404e-24
    Average electronic energy       = 0
    Total energy                    = 0.001728741369

Stage 1.0  ExecutionTime = 32.41 s  ClockTime = 33 s  Iteration 160 (0.76 s)

Time = 1.1288085e-05

    Collision global reduction skipped (rank 0 local diagnostics)
    Collisions                      = 3240
    Collision candidates           = 4674
    Collision acceptance rate      = 0.6931964056

    Number of DSMC particles        = 1697623
    Number of stuck particles       = 0
    Number of free particles        = 1697623
    Average linear kinetic energy   = 1.63118285e-19
    Average rotational energy       = 8.218816244e-21
    Average vibrational energy      = 3.35530165e-24
    Average electronic energy       = 0
    Total energy                    = 0.001745228999

Stage 1.0  ExecutionTime = 34.53 s  ClockTime = 35 s  Iteration 170 (0.78 s)

Time = 1.195209e-05

    Collision global reduction skipped (rank 0 local diagnostics)
    Collisions                      = 3248
    Collision candidates           = 4925
    Collision acceptance rate      = 0.6594923858

    Number of DSMC particles        = 1719280
    Number of stuck particles       = 0
    Number of free particles        = 1719280
    Average linear kinetic energy   = 1.620682913e-19
    Average rotational energy       = 8.708673576e-21
    Average vibrational energy      = 4.44375639e-24
    Average electronic energy       = 0
    Total energy                    = 0.001761726362

Stage 1.0  ExecutionTime = 36.84 s  ClockTime = 38 s  Iteration 180 (0.9 s)

Time = 1.2616095e-05

    Collision global reduction skipped (rank 0 local diagnostics)
    Collisions                      = 3267
    Collision candidates           = 5139
    Collision acceptance rate      = 0.6357267951

    Number of DSMC particles        = 1740595
    Number of stuck particles       = 0
    Number of free particles        = 1740595
    Average linear kinetic energy   = 1.610535734e-19
    Average rotational energy       = 9.208187606e-21
    Average vibrational energy      = 5.131248136e-24
    Average electronic energy       = 0
    Total energy                    = 0.001778194208

Stage 1.0  ExecutionTime = 39.35 s  ClockTime = 41 s  Iteration 190 (1.06 s)

Time = 1.32801e-05

    Collision global reduction skipped (rank 0 local diagnostics)
    Collisions                      = 3250
    Collision candidates           = 5330
    Collision acceptance rate      = 0.6097560976


Phase C auto DLB triggered (SAR+threshold) at step 200: sar=0.0494447591 loadImbalance=2.475595564 threshold=1.5 particleMaxMin=1
Phase C ParMETIS weights: particles=1761961 activeCells=60000 maxCellParticles=327
Phase C ParMETIS: alpha=1 ncon=1 ubvec=[1.049999952] moveRatio=0.9107023283 (moveT=25.21969579s, collT=2.472882791s)
Phase C ParMETIS: AdaptiveRepart (60000 cells, 1 constraints, ubvec=1.049999952)
Replicated mesh: rank 0 owns 3670 / 60000 cells
Local mesh: 3670 owned + 370 halo = 4040 / 60000 cells
Phase C ParMETIS AdaptiveRepart: 36122 / 60000 cells changed (0.6020333333)
Phase C auto DLB complete: rebalance #4

    Number of DSMC particles        = 1761961
    Number of stuck particles       = 0
    Number of free particles        = 1761961
    Average linear kinetic energy   = 1.601272705e-19
    Average rotational energy       = 9.651958913e-21
    Average vibrational energy      = 6.022603827e-24
    Average electronic energy       = 0
    Total energy                    = 0.001794929955

Stage 1.0  ExecutionTime = 42.21 s  ClockTime = 44 s  Iteration 200 (1.31 s)

Time = 1.3944105e-05

    Collision global reduction skipped (rank 0 local diagnostics)
    Collisions                      = 55076
    Collision candidates           = 97548
    Collision acceptance rate      = 0.5646040923

    Number of DSMC particles        = 1782462
    Number of stuck particles       = 0
    Number of free particles        = 1782462
    Average linear kinetic energy   = 1.592542106e-19
    Average rotational energy       = 1.007009692e-20
    Average vibrational energy      = 6.887712031e-24
    Average electronic energy       = 0
    Total energy                    = 0.001810958526

Stage 1.0  ExecutionTime = 44.66 s  ClockTime = 46 s  Iteration 210 (0.93 s)

Time = 1.460811e-05

    Collision global reduction skipped (rank 0 local diagnostics)
    Collisions                      = 56269
    Collision candidates           = 102714
    Collision acceptance rate      = 0.547822108

    Number of DSMC particles        = 1803137
    Number of stuck particles       = 0
    Number of free particles        = 1803137
    Average linear kinetic energy   = 1.584286503e-19
    Average rotational energy       = 1.053393482e-20
    Average vibrational energy      = 8.405291491e-24
    Average electronic energy       = 0
    Total energy                    = 0.001828067069

Stage 1.0  ExecutionTime = 47.23 s  ClockTime = 49 s  Iteration 220 (0.94 s)

Time = 1.5272115e-05

    Collision global reduction skipped (rank 0 local diagnostics)
    Collisions                      = 57227
    Collision candidates           = 106231
    Collision acceptance rate      = 0.5387033917

    Number of DSMC particles        = 1823587
    Number of stuck particles       = 0
    Number of free particles        = 1823587
    Average linear kinetic energy   = 1.576910198e-19
    Average rotational energy       = 1.09620292e-20
    Average vibrational energy      = 9.258696121e-24
    Average electronic energy       = 0
    Total energy                    = 0.00184542235

Stage 1.0  ExecutionTime = 49.86 s  ClockTime = 52 s  Iteration 230 (0.88 s)

Time = 1.593612e-05

    Collision global reduction skipped (rank 0 local diagnostics)
    Collisions                      = 58845
    Collision candidates           = 109769
    Collision acceptance rate      = 0.5360803141

    Number of DSMC particles        = 1843442
    Number of stuck particles       = 0
    Number of free particles        = 1843442
    Average linear kinetic energy   = 1.569480892e-19
    Average rotational energy       = 1.138974889e-20
    Average vibrational energy      = 1.019664012e-23
    Average electronic energy       = 0
    Total energy                    = 0.001862039027

Stage 1.0  ExecutionTime = 52.55 s  ClockTime = 55 s  Iteration 240 (0.87 s)

Time = 1.6600125e-05

    Collision global reduction skipped (rank 0 local diagnostics)
    Collisions                      = 61187
    Collision candidates           = 114087
    Collision acceptance rate      = 0.5363187743


Phase C auto DLB triggered (threshold) at step 250: sar=-0.01924249925 loadImbalance=1.820667038 threshold=1.5 particleMaxMin=1
Phase C ParMETIS weights: particles=1863489 activeCells=60000 maxCellParticles=350
Phase C ParMETIS: alpha=1 ncon=1 ubvec=[1.049999952] moveRatio=0.8545027708 (moveT=31.3463263s, collT=5.337377219s)
Phase C ParMETIS: AdaptiveRepart (60000 cells, 1 constraints, ubvec=1.049999952)
Replicated mesh: rank 0 owns 9694 / 60000 cells
Local mesh: 9694 owned + 652 halo = 10346 / 60000 cells
Phase C ParMETIS AdaptiveRepart: 55957 / 60000 cells changed (0.9326166667)
Phase C auto DLB complete: rebalance #5

    Number of DSMC particles        = 1863489
    Number of stuck particles       = 0
    Number of free particles        = 1863489
    Average linear kinetic energy   = 1.562367308e-19
    Average rotational energy       = 1.176739946e-20
    Average vibrational energy      = 1.158261424e-23
    Average electronic energy       = 0
    Total energy                    = 0.001878572596

Stage 1.0  ExecutionTime = 55.59 s  ClockTime = 58 s  Iteration 250 (1.14 s)

Time = 1.726413e-05

    Collision global reduction skipped (rank 0 local diagnostics)
    Collisions                      = 5561
    Collision candidates           = 9141
    Collision acceptance rate      = 0.6083579477

    Number of DSMC particles        = 1883223
    Number of stuck particles       = 0
    Number of free particles        = 1883223
    Average linear kinetic energy   = 1.555699388e-19
    Average rotational energy       = 1.20700707e-20
    Average vibrational energy      = 1.185685422e-23
    Average electronic energy       = 0
    Total energy                    = 0.001894355104

Stage 1.0  ExecutionTime = 57.76 s  ClockTime = 60 s  Iteration 260 (0.81 s)

Time = 1.7928135e-05

    Collision global reduction skipped (rank 0 local diagnostics)
    Collisions                      = 6108
    Collision candidates           = 10601
    Collision acceptance rate      = 0.5761720592

    Number of DSMC particles        = 1902821
    Number of stuck particles       = 0
    Number of free particles        = 1902821
    Average linear kinetic energy   = 1.548359565e-19
    Average rotational energy       = 1.242832625e-20
    Average vibrational energy      = 1.355772018e-23
    Average electronic energy       = 0
    Total energy                    = 0.001909798726

Stage 1.0  ExecutionTime = 60.07 s  ClockTime = 60 s  Iteration 270 (0.81 s)

Time = 1.859214e-05

    Collision global reduction skipped (rank 0 local diagnostics)
    Collisions                      = 6732
    Collision candidates           = 11993
    Collision acceptance rate      = 0.561327441

    Number of DSMC particles        = 1922131
    Number of stuck particles       = 0
    Number of free particles        = 1922131
    Average linear kinetic energy   = 1.541410337e-19
    Average rotational energy       = 1.273968426e-20
    Average vibrational energy      = 1.508686145e-23
    Average electronic energy       = 0
    Total energy                    = 0.001924773601

Stage 1.0  ExecutionTime = 62.58 s  ClockTime = 63 s  Iteration 280 (0.94 s)

Time = 1.9256145e-05

    Collision global reduction skipped (rank 0 local diagnostics)
    Collisions                      = 7684
    Collision candidates           = 13644
    Collision acceptance rate      = 0.5631779537

    Number of DSMC particles        = 1941375
    Number of stuck particles       = 0
    Number of free particles        = 1941375
    Average linear kinetic energy   = 1.534309349e-19
    Average rotational energy       = 1.307684307e-20
    Average vibrational energy      = 1.558644774e-23
    Average electronic energy       = 0
    Total energy                    = 0.001939705779

Stage 1.0  ExecutionTime = 65.21 s  ClockTime = 66 s  Iteration 290 (0.93 s)

Time = 1.992015e-05

    Collision global reduction skipped (rank 0 local diagnostics)
    Collisions                      = 8615
    Collision candidates           = 15233
    Collision acceptance rate      = 0.5655484803


Phase C auto DLB triggered (threshold) at step 300: sar=-0.0239921474 loadImbalance=1.740395219 threshold=1.5 particleMaxMin=1
Phase C ParMETIS weights: particles=1960729 activeCells=60000 maxCellParticles=380
Phase C ParMETIS: alpha=1 ncon=1 ubvec=[1.049999952] moveRatio=0.8623932322 (moveT=38.60995309s, collT=6.160752024s)
Phase C ParMETIS: AdaptiveRepart (60000 cells, 1 constraints, ubvec=1.049999952)
Replicated mesh: rank 0 owns 4530 / 60000 cells
Local mesh: 4530 owned + 282 halo = 4812 / 60000 cells
Phase C ParMETIS AdaptiveRepart: 56228 / 60000 cells changed (0.9371333333)
Phase C auto DLB complete: rebalance #6

    Number of DSMC particles        = 1960729
    Number of stuck particles       = 0
    Number of free particles        = 1960729
    Average linear kinetic energy   = 1.527485068e-19
    Average rotational energy       = 1.340055061e-20
    Average vibrational energy      = 1.682906973e-23
    Average electronic energy       = 0
    Total energy                    = 0.001954837635

Stage 1.0  ExecutionTime = 68.03 s  ClockTime = 69 s  Iteration 300 (1.02 s)

End stage 1


DSMC solver profile summary
    solver profile steps          = 300
    move+collide wall [s]         = 67.79557865
    move only [s]                 = 45.84640637
    buildCellOccupancy [s]        = 4.612909571
    collision phase [s]           = 14.84666563
    post fields/output [s]        = 0.277374337
    total profiled [s]            = 65.58335591
    full evolve wall [s]          = 68.06842613
    move+collide cpu [s]          = 62.55
    move only cpu [s]             = 42.31
    buildCellOccupancy cpu [s]    = 4.27
    collision phase cpu [s]       = 13.6
    post fields/output cpu [s]    = 0.3
    total profiled cpu [s]        = 60.48
    full evolve cpu [s]           = 62.8
    collision localLoop max [s] = 14.82507996
    collision reduce max [s]    = 0
    collision sigmaBC max [s]   = 0.019716638
    collision total max [s]     = 14.84529732
    collision accounted max [s] = 14.8447966
    collision residual max [s]  = 0.000618067
    collision subphase max sum [s] = 14.8447966
    collision cumulative global collisions = 39749954
    collision cumulative global candidates  = 72518939
    collision cumulative acceptance        = 0.5481320404
    OpenMP enabled                = 0
    OpenMP max threads            = 1
    OpenMP move                   = 0 (static, chunk 64)
    OpenMP collision              = dynamic, chunk 8


Replicated mesh profiling summary:
    migration calls             = 37
    migration wall time [s]     = 3.275186443
    local particles (final)     = 252062
    migration wall max [s]      = 3.505031427
    migration pack max [s]      = 0.592983049
    migration local prep max [s]= 0.285359068
    migration size exchange max [s] = 0
    migration request post max [s] = 0.012604137
    migration wait max [s]      = 2.431848665
    migration deserialize max [s] = 0.289724772
    migration post max [s]      = 0.005942562
    migration candidate gather max [s] = 0.276845702
    migration accounted max [s] = 3.505031427
    migration residual max [s]  = 2.220446049e-15
    updateParticleCounts max [s]= 0.033092595
    migration subphase max sum [s] = 3.895307955
    particles per rank          = min 233763 max 255860 max/min 1.094527363
    rank wall time (evolve, 300 steps): min 44.37 max 54.98 max/min 1.239125535
    Phase C auto DLB checks      = 300
    Phase C auto DLB rebalances = 6
    Phase C auto DLB triggered checks = 6
    Phase C auto DLB wall max [s]= 19.648361
    Phase C auto DLB check max [s]= 18.7339347
    Phase C ParMETIS max [s]     = 0.2113502
    Phase C migration max [s]    = 0.765731706
    Phase C cellOwner write max [s] = 0
    Phase C post-diagnostic max [s] = 0.000435676
    Phase C auto DLB accounted max [s] = 19.71145229
    Phase C auto DLB residual max [s] = -0.063091288

Total Iterations = 300
End main

