/*---------------------------------------------------------------------------*\
| =========                 |                                                 |
| \\      /  F ield         | OpenFOAM: The Open Source CFD Toolbox           |
|  \\    /   O peration     | Version:  v1706                                 |
|   \\  /    A nd           | Web:      www.OpenFOAM.com                      |
|    \\/     M anipulation  |                                                 |
\*---------------------------------------------------------------------------*/
Build  : v1706
Arch   : "LSB;label=32;scalar=64"
Exec   : dsmcFoam+
Date   : Jun 13 2026
Time   : 04:17:18
Host   : "SuperXCX-ROG"
PID    : 1318679
/*---------------------------------------------------------------------------*\
| =========                 |                                                 |
| \\      /  F ield         | OpenFOAM: The Open Source CFD Toolbox           |
|  \\    /   O peration     | Version:  v1706                                 |
|   \\  /    A nd           | Web:      www.OpenFOAM.com                      |
|    \\/     M anipulation  |                                                 |
\*---------------------------------------------------------------------------*/
Build  : v1706
Arch   : "LSB;label=32;scalar=64"
Exec   : dsmcFoam+
Date   : Jun 13 2026
Time   : 04:17:18
Host   : "SuperXCX-ROG"
PID    : 1318681
/*---------------------------------------------------------------------------*\
| =========                 |                                                 |
| \\      /  F ield         | OpenFOAM: The Open Source CFD Toolbox           |
|  \\    /   O peration     | Version:  v1706                                 |
|   \\  /    A nd           | Web:      www.OpenFOAM.com                      |
|    \\/     M anipulation  |                                                 |
\*---------------------------------------------------------------------------*/
Build  : v1706
Arch   : "LSB;label=32;scalar=64"
Exec   : dsmcFoam+
Date   : Jun 13 2026
Time   : 04:17:18
Host   : "SuperXCX-ROG"
PID    : 1318678
/*---------------------------------------------------------------------------*\
| =========                 |                                                 |
| \\      /  F ield         | OpenFOAM: The Open Source CFD Toolbox           |
|  \\    /   O peration     | Version:  v1706                                 |
|   \\  /    A nd           | Web:      www.OpenFOAM.com                      |
|    \\/     M anipulation  |                                                 |
\*---------------------------------------------------------------------------*/
Build  : v1706
Arch   : "LSB;label=32;scalar=64"
Exec   : dsmcFoam+
Date   : Jun 13 2026
Time   : 04:17:18
Host   : "SuperXCX-ROG"
PID    : 1318683
Case   : /home/superxcx/code/OpenFoam/OF-1706/hyStrath_dlb/run/hyStrath/dsmcFoam+/xcx_test/zb-cylinder-react/mpi8
nProcs : 1
sigFpe : Enabling floating point exception trapping (FOAM_SIGFPE).
Case   : /home/superxcx/code/OpenFoam/OF-1706/hyStrath_dlb/run/hyStrath/dsmcFoam+/xcx_test/zb-cylinder-react/mpi8
nProcs : 1
sigFpe : Enabling floating point exception trapping (FOAM_SIGFPE).
fileModificationChecking : Monitoring run-time modified files using timeStampMaster (fileModificationSkew 10)
allowSystemOperations : Allowing user-supplied system call operations

// * * * * * * * * * * * * * * * * * * * * * * * * * * * * * * * * * * * * * //
Create time

Case   : /home/superxcx/code/OpenFoam/OF-1706/hyStrath_dlb/run/hyStrath/dsmcFoam+/xcx_test/zb-cylinder-react/mpi8
nProcs : 1
sigFpe : Enabling floating point exception trapping (FOAM_SIGFPE).
fileModificationChecking : Monitoring run-time modified files using timeStampMaster (fileModificationSkew 10)
allowSystemOperations : Allowing user-supplied system call operations

// * * * * * * * * * * * * * * * * * * * * * * * * * * * * * * * * * * * * * //
Create time

/*---------------------------------------------------------------------------*\
| =========                 |                                                 |
| \\      /  F ield         | OpenFOAM: The Open Source CFD Toolbox           |
|  \\    /   O peration     | Version:  v1706                                 |
|   \\  /    A nd           | Web:      www.OpenFOAM.com                      |
|    \\/     M anipulation  |                                                 |
\*---------------------------------------------------------------------------*/
Build  : v1706
Arch   : "LSB;label=32;scalar=64"
Exec   : dsmcFoam+
Date   : Jun 13 2026
Time   : 04:17:18
Host   : "SuperXCX-ROG"
PID    : 1318685
fileModificationChecking : Monitoring run-time modified files using timeStampMaster (fileModificationSkew 10)
allowSystemOperations : Allowing user-supplied system call operations

// * * * * * * * * * * * * * * * * * * * * * * * * * * * * * * * * * * * * * //
Create time

/*---------------------------------------------------------------------------*\
| =========                 |                                                 |
| \\      /  F ield         | OpenFOAM: The Open Source CFD Toolbox           |
|  \\    /   O peration     | Version:  v1706                                 |
|   \\  /    A nd           | Web:      www.OpenFOAM.com                      |
|    \\/     M anipulation  |                                                 |
\*---------------------------------------------------------------------------*/
Build  : v1706
Arch   : "LSB;label=32;scalar=64"
Exec   : dsmcFoam+
Date   : Jun 13 2026
Time   : 04:17:18
Host   : "SuperXCX-ROG"
PID    : 1318680
Case   : /home/superxcx/code/OpenFoam/OF-1706/hyStrath_dlb/run/hyStrath/dsmcFoam+/xcx_test/zb-cylinder-react/mpi8
nProcs : 1
Case   : /home/superxcx/code/OpenFoam/OF-1706/hyStrath_dlb/run/hyStrath/dsmcFoam+/xcx_test/zb-cylinder-react/mpi8
nProcs : 1
sigFpe : Enabling floating point exception trapping (FOAM_SIGFPE).
sigFpe : Enabling floating point exception trapping (FOAM_SIGFPE).
fileModificationChecking : Monitoring run-time modified files using timeStampMaster (fileModificationSkew 10)
allowSystemOperations : Allowing user-supplied system call operations

fileModificationChecking : Monitoring run-time modified files using timeStampMaster (fileModificationSkew 10)
allowSystemOperations : Allowing user-supplied system call operations

// * * * * * * * * * * * * * * * * * * * * * * * * * * * * * * * * * * * * * //
Create time

// * * * * * * * * * * * * * * * * * * * * * * * * * * * * * * * * * * * * * //
Create time

/*---------------------------------------------------------------------------*\
| =========                 |                                                 |
| \\      /  F ield         | OpenFOAM: The Open Source CFD Toolbox           |
|  \\    /   O peration     | Version:  v1706                                 |
|   \\  /    A nd           | Web:      www.OpenFOAM.com                      |
|    \\/     M anipulation  |                                                 |
\*---------------------------------------------------------------------------*/
Build  : v1706
Arch   : "LSB;label=32;scalar=64"
Exec   : dsmcFoam+
Date   : Jun 13 2026
Time   : 04:17:18
Host   : "SuperXCX-ROG"
PID    : 1318682
Case   : /home/superxcx/code/OpenFoam/OF-1706/hyStrath_dlb/run/hyStrath/dsmcFoam+/xcx_test/zb-cylinder-react/mpi8
nProcs : 1
sigFpe : Enabling floating point exception trapping (FOAM_SIGFPE).
Case   : /home/superxcx/code/OpenFoam/OF-1706/hyStrath_dlb/run/hyStrath/dsmcFoam+/xcx_test/zb-cylinder-react/mpi8
nProcs : 1
sigFpe : Enabling floating point exception trapping (FOAM_SIGFPE).
fileModificationChecking : Monitoring run-time modified files using timeStampMaster (fileModificationSkew 10)
allowSystemOperations : Allowing user-supplied system call operations

// * * * * * * * * * * * * * * * * * * * * * * * * * * * * * * * * * * * * * //
Create time

fileModificationChecking : Monitoring run-time modified files using timeStampMaster (fileModificationSkew 10)
allowSystemOperations : Allowing user-supplied system call operations

// * * * * * * * * * * * * * * * * * * * * * * * * * * * * * * * * * * * * * //
Create time

Create mesh for time = 0

Create mesh for time = 0

Create mesh for time = 0

Create mesh for time = 0

Selecting dynamicFvMesh dynamicRefineFvMesh
Selecting dynamicFvMesh dynamicRefineFvMesh
Selecting dynamicFvMesh dynamicRefineFvMesh
Create mesh for time = 0

Selecting dynamicFvMesh dynamicRefineFvMesh
Selecting dynamicFvMesh dynamicRefineFvMesh
Create mesh for time = 0

Create mesh for time = 0

Selecting dynamicFvMesh dynamicRefineFvMesh
Selecting dynamicFvMesh dynamicRefineFvMesh
/*---------------------------------------------------------------------------*\
| =========                 |                                                 |
| \\      /  F ield         | OpenFOAM: The Open Source CFD Toolbox           |
|  \\    /   O peration     | Version:  v1706                                 |
|   \\  /    A nd           | Web:      www.OpenFOAM.com                      |
|    \\/     M anipulation  |                                                 |
\*---------------------------------------------------------------------------*/
Build  : v1706
Arch   : "LSB;label=32;scalar=64"
Exec   : dsmcFoam+
Date   : Jun 13 2026
Time   : 04:17:18
Host   : "SuperXCX-ROG"
PID    : 1318684
Case   : /home/superxcx/code/OpenFoam/OF-1706/hyStrath_dlb/run/hyStrath/dsmcFoam+/xcx_test/zb-cylinder-react/mpi8
nProcs : 1
sigFpe : Enabling floating point exception trapping (FOAM_SIGFPE).
fileModificationChecking : Monitoring run-time modified files using timeStampMaster (fileModificationSkew 10)
allowSystemOperations : Allowing user-supplied system call operations

// * * * * * * * * * * * * * * * * * * * * * * * * * * * * * * * * * * * * * //
Create time

Create mesh for time = 0

Selecting dynamicFvMesh dynamicRefineFvMesh

Constructing dsmcCloud 

Constructing dsmcCloud 

Constructing dsmcCloud 

Constructing dsmcCloud 

Constructing dsmcCloud 

Constructing dsmcCloud 

Constructing dsmcCloud 

Constructing dsmcCloud 
Selecting the coordinate system model:	dsmcCartesian

Selecting the time-step model:	dsmcConstantTimeStepModel

Constant time-step model:
- time-step [sec]	6.64005e-08

Selecting the porous measurement model:	dsmcNoPorousMediumMeasurements


Creating dsmcControllers

Creating fields: 

Selecting field: dsmcVolFields

TimeData Statistics: 
 measurement option: write
 nSamples: 1, time interval: 6.64005e-08
 nAverages: 15060, time interval: 0.00099999153
 total no. of sampling steps: 0
 total no. of averaging Steps: 0


Selecting the coordinate system model:	dsmcCartesian

Selecting the time-step model:	dsmcConstantTimeStepModel

Constant time-step model:
- time-step [sec]	6.64005e-08

Selecting the porous measurement model:	dsmcNoPorousMediumMeasurements


Creating dsmcControllers

Selecting the coordinate system model:	dsmcCartesian

Selecting the time-step model:	dsmcConstantTimeStepModel

Constant time-step model:
- time-step [sec]	6.64005e-08

Selecting the porous measurement model:	dsmcNoPorousMediumMeasurements

Creating fields: 

Selecting field: dsmcVolFields

TimeData Statistics: 
 measurement option: write
 nSamples: 1, time interval: 6.64005e-08
 nAverages: 15060, time interval: 0.00099999153
 total no. of sampling steps: 0
 total no. of averaging Steps: 0



Creating dsmcControllers

Creating fields: 

Selecting field: dsmcVolFields

TimeData Statistics: 
 measurement option: write
 nSamples: 1, time interval: 6.64005e-08
 nAverages: 15060, time interval: 0.00099999153
 total no. of sampling steps: 0
 total no. of averaging Steps: 0


Selecting the coordinate system model:	dsmcCartesian

Selecting the time-step model:	dsmcConstantTimeStepModel

Constant time-step model:
- time-step [sec]	6.64005e-08

Selecting the porous measurement model:	dsmcNoPorousMediumMeasurements

Selecting field: dsmcVolFields

TimeData Statistics: 
 measurement option: write
 nSamples: 1, time interval: 6.64005e-08
 nAverages: 15060, time interval: 0.00099999153
 total no. of sampling steps: 0
 total no. of averaging Steps: 0



Creating dsmcControllers

Creating fields: 

Selecting field: dsmcVolFields

TimeData Statistics: 
 measurement option: write
 nSamples: 1, time interval: 6.64005e-08
 nAverages: 15060, time interval: 0.00099999153
 total no. of sampling steps: 0
 total no. of averaging Steps: 0


Selecting the coordinate system model:	dsmcCartesian

Selecting the time-step model:	dsmcConstantTimeStepModel

Constant time-step model:
- time-step [sec]	6.64005e-08

Selecting the porous measurement model:	dsmcNoPorousMediumMeasurements

Selecting the coordinate system model:	dsmcCartesian

Selecting the time-step model:	dsmcConstantTimeStepModel

Constant time-step model:
- time-step [sec]	6.64005e-08

Selecting the porous measurement model:	dsmcNoPorousMediumMeasurements


Creating dsmcControllers

Creating fields: 

Selecting field: dsmcVolFields

TimeData Statistics: 
 measurement option: write
 nSamples: 1, time interval: 6.64005e-08
 nAverages: 15060, time interval: 0.00099999153
 total no. of sampling steps: 0
 total no. of averaging Steps: 0



Creating dsmcControllers

Creating fields: 

Selecting field: dsmcVolFields
Selecting field: dsmcVolFields

TimeData Statistics: 
 measurement option: write
 nSamples: 1, time interval: 6.64005e-08
 nAverages: 15060, time interval: 0.00099999153
 total no. of sampling steps: 0
 total no. of averaging Steps: 0



TimeData Statistics: 
 measurement option: write
 nSamples: 1, time interval: 6.64005e-08
 nAverages: 15060, time interval: 0.00099999153
 total no. of sampling steps: 0
 total no. of averaging Steps: 0


Selecting field: dsmcVolFields

TimeData Statistics: 
 measurement option: write
 nSamples: 1, time interval: 6.64005e-08
 nAverages: 15060, time interval: 0.00099999153
 total no. of sampling steps: 0
 total no. of averaging Steps: 0


Selecting field: dsmcVolFields

TimeData Statistics: 
 measurement option: write
 nSamples: 1, time interval: 6.64005e-08
 nAverages: 15060, time interval: 0.00099999153
 total no. of sampling steps: 0
 total no. of averaging Steps: 0


Selecting field: dsmcVolFields

TimeData Statistics: 
 measurement option: write
 nSamples: 1, time interval: 6.64005e-08
 nAverages: 15060, time interval: 0.00099999153
 total no. of sampling steps: 0
 total no. of averaging Steps: 0


Selecting field: dsmcVolFields

TimeData Statistics: 
 measurement option: write
 nSamples: 1, time interval: 6.64005e-08
 nAverages: 15060, time interval: 0.00099999153
 total no. of sampling steps: 0
 total no. of averaging Steps: 0


Selecting field: dsmcVolFields

TimeData Statistics: 
 measurement option: write
 nSamples: 1, time interval: 6.64005e-08
 nAverages: 15060, time interval: 0.00099999153
 total no. of sampling steps: 0
 total no. of averaging Steps: 0


Selecting field: dsmcVolFields

TimeData Statistics: 
 measurement option: write
 nSamples: 1, time interval: 6.64005e-08
 nAverages: 15060, time interval: 0.00099999153
 total no. of sampling steps: 0
 total no. of averaging Steps: 0


Selecting field: dsmcVolFields

TimeData Statistics: 
 measurement option: write
 nSamples: 1, time interval: 6.64005e-08
 nAverages: 15060, time interval: 0.00099999153
 total no. of sampling steps: 0
 total no. of averaging Steps: 0


Selecting field: dsmcVolFields

TimeData Statistics: 
 measurement option: write
 nSamples: 1, time interval: 6.64005e-08
 nAverages: 15060, time interval: 0.00099999153
 total no. of sampling steps: 0
 total no. of averaging Steps: 0


Selecting field: dsmcVolFields

TimeData Statistics: 
 measurement option: write
 nSamples: 1, time interval: 6.64005e-08
 nAverages: 15060, time interval: 0.00099999153
 total no. of sampling steps: 0
 total no. of averaging Steps: 0


Selecting field: dsmcVolFields

TimeData Statistics: 
 measurement option: write
 nSamples: 1, time interval: 6.64005e-08
 nAverages: 15060, time interval: 0.00099999153
 total no. of sampling steps: 0
 total no. of averaging Steps: 0


Selecting field: dsmcVolFields

TimeData Statistics: 
 measurement option: write
 nSamples: 1, time interval: 6.64005e-08
 nAverages: 15060, time interval: 0.00099999153
 total no. of sampling steps: 0
 total no. of averaging Steps: 0


Selecting field: dsmcVolFields

TimeData Statistics: 
 measurement option: write
 nSamples: 1, time interval: 6.64005e-08
 nAverages: 15060, time interval: 0.00099999153
 total no. of sampling steps: 0
 total no. of averaging Steps: 0


Selecting field: dsmcVolFields

TimeData Statistics: 
 measurement option: write
 nSamples: 1, time interval: 6.64005e-08
 nAverages: 15060, time interval: 0.00099999153
 total no. of sampling steps: 0
 total no. of averaging Steps: 0


Selecting field: dsmcVolFields

TimeData Statistics: 
 measurement option: write
 nSamples: 1, time interval: 6.64005e-08
 nAverages: 15060, time interval: 0.00099999153
 total no. of sampling steps: 0
 total no. of averaging Steps: 0


Selecting field: dsmcVolFields

TimeData Statistics: 
 measurement option: write
 nSamples: 1, time interval: 6.64005e-08
 nAverages: 15060, time interval: 0.00099999153
 total no. of sampling steps: 0
 total no. of averaging Steps: 0


Selecting field: dsmcVolFields

TimeData Statistics: 
 measurement option: write
 nSamples: 1, time interval: 6.64005e-08
 nAverages: 15060, time interval: 0.00099999153
 total no. of sampling steps: 0
 total no. of averaging Steps: 0


Selecting field: dsmcVolFields

TimeData Statistics: 
 measurement option: write
 nSamples: 1, time interval: 6.64005e-08
 nAverages: 15060, time interval: 0.00099999153
 total no. of sampling steps: 0
 total no. of averaging Steps: 0


Selecting field: dsmcVolFields

TimeData Statistics: 
 measurement option: write
 nSamples: 1, time interval: 6.64005e-08
 nAverages: 15060, time interval: 0.00099999153
 total no. of sampling steps: 0
 total no. of averaging Steps: 0


Selecting field: dsmcVolFields

TimeData Statistics: 
 measurement option: write
 nSamples: 1, time interval: 6.64005e-08
 nAverages: 15060, time interval: 0.00099999153
 total no. of sampling steps: 0
 total no. of averaging Steps: 0


Selecting field: dsmcVolFields

TimeData Statistics: 
 measurement option: write
 nSamples: 1, time interval: 6.64005e-08
 nAverages: 15060, time interval: 0.00099999153
 total no. of sampling steps: 0
 total no. of averaging Steps: 0


Selecting field: dsmcVolFields

TimeData Statistics: 
 measurement option: write
 nSamples: 1, time interval: 6.64005e-08
 nAverages: 15060, time interval: 0.00099999153
 total no. of sampling steps: 0
 total no. of averaging Steps: 0


Selecting field: dsmcVolFields

TimeData Statistics: 
 measurement option: write
 nSamples: 1, time interval: 6.64005e-08
 nAverages: 15060, time interval: 0.00099999153
 total no. of sampling steps: 0
 total no. of averaging Steps: 0


Selecting field: dsmcVolFields

TimeData Statistics: 
 measurement option: write
 nSamples: 1, time interval: 6.64005e-08
 nAverages: 15060, time interval: 0.00099999153
 total no. of sampling steps: 0
 total no. of averaging Steps: 0


Selecting field: dsmcVolFields

TimeData Statistics: 
 measurement option: write
 nSamples: 1, time interval: 6.64005e-08
 nAverages: 15060, time interval: 0.00099999153
 total no. of sampling steps: 0
 total no. of averaging Steps: 0


Selecting field: dsmcVolFields

TimeData Statistics: 
 measurement option: write
 nSamples: 1, time interval: 6.64005e-08
 nAverages: 15060, time interval: 0.00099999153
 total no. of sampling steps: 0
 total no. of averaging Steps: 0


Creating the boundary models: 

Selecting dsmcPatchBoundaryModel dsmcDeletionPatch
Selecting dsmcPatchBoundaryModel dsmcDeletionPatch
Selecting dsmcPatchBoundaryModel dsmcDiffuseWallPatch
Selecting dsmcGeneralBoundaryModel dsmcFreeStreamInflowPatch
Selecting BinaryCollisionModel LarsenBorgnakkeVariableHardSphere

Creating dsmcReactions

Selecting the reaction model dissociationQK
Selecting the reaction model dissociationExchangeQK
Selecting the reaction model dissociationQK
Selecting the reaction model dissociationQK
Selecting the reaction model dissociationQK
Selecting the reaction model dissociationQK
Selecting the reaction model dissociationQK
Selecting the reaction model dissociationExchangeQK
Selecting the reaction model dissociationQK
Selecting the reaction model dissociationExchangeQK
Selecting the reaction model dissociationExchangeQK
Selecting the reaction model dissociationQK
Number of reactions created: 12
Creating the boundary models: 

Selecting dsmcPatchBoundaryModel dsmcDeletionPatch
Selecting dsmcPatchBoundaryModel dsmcDeletionPatch
Selecting dsmcPatchBoundaryModel dsmcDiffuseWallPatch
Selecting dsmcGeneralBoundaryModel dsmcFreeStreamInflowPatch
Selecting field: dsmcVolFields

TimeData Statistics: 
 measurement option: write
 nSamples: 1, time interval: 6.64005e-08
 nAverages: 15060, time interval: 0.00099999153
 total no. of sampling steps: 0
 total no. of averaging Steps: 0


Selecting field: dsmcVolFields

TimeData Statistics: 
 measurement option: write
 nSamples: 1, time interval: 6.64005e-08
 nAverages: 15060, time interval: 0.00099999153
 total no. of sampling steps: 0
 total no. of averaging Steps: 0


Selecting field: dsmcVolFields

TimeData Statistics: 
 measurement option: write
 nSamples: 1, time interval: 6.64005e-08
 nAverages: 15060, time interval: 0.00099999153
 total no. of sampling steps: 0
 total no. of averaging Steps: 0


Selecting BinaryCollisionModel LarsenBorgnakkeVariableHardSphere

Creating dsmcReactions

Selecting the reaction model dissociationQK
Selecting the reaction model dissociationExchangeQK
Selecting the reaction model dissociationQK
Selecting the reaction model dissociationQK
Selecting the reaction model dissociationQK
Selecting the reaction model dissociationQK
Selecting the reaction model dissociationQK
Selecting the reaction model dissociationExchangeQK
Selecting the reaction model dissociationQK
Selecting the reaction model dissociationExchangeQK
Selecting the reaction model dissociationExchangeQK
Selecting the reaction model dissociationQK
Number of reactions created: 12
Creating the boundary models: 

Selecting dsmcPatchBoundaryModel dsmcDeletionPatch
Selecting dsmcPatchBoundaryModel dsmcDeletionPatch
Selecting dsmcPatchBoundaryModel dsmcDiffuseWallPatch
Selecting dsmcGeneralBoundaryModel dsmcFreeStreamInflowPatch
Selecting BinaryCollisionModel LarsenBorgnakkeVariableHardSphere

Creating dsmcReactions

Selecting the reaction model dissociationQK
Selecting the reaction model dissociationExchangeQK
Selecting the reaction model dissociationQK
Selecting the reaction model dissociationQK
Selecting the reaction model dissociationQK
Selecting the reaction model dissociationQK
Selecting the reaction model dissociationQK
Selecting the reaction model dissociationExchangeQK
Selecting the reaction model dissociationQK
Selecting the reaction model dissociationExchangeQK
Selecting the reaction model dissociationExchangeQK
Selecting the reaction model dissociationQK
Number of reactions created: 12
Creating the boundary models: 

Selecting dsmcPatchBoundaryModel dsmcDeletionPatch
Creating the boundary models: 

Selecting dsmcPatchBoundaryModel dsmcDeletionPatch
Selecting dsmcPatchBoundaryModel dsmcDeletionPatch
Selecting dsmcPatchBoundaryModel dsmcDeletionPatch
Creating the boundary models: 

Selecting dsmcPatchBoundaryModel dsmcDeletionPatch
Selecting dsmcPatchBoundaryModel dsmcDiffuseWallPatch
Selecting dsmcPatchBoundaryModel dsmcDiffuseWallPatch
Selecting dsmcGeneralBoundaryModel dsmcFreeStreamInflowPatch
Selecting dsmcPatchBoundaryModel dsmcDeletionPatch
Selecting dsmcPatchBoundaryModel dsmcDiffuseWallPatch
Selecting dsmcGeneralBoundaryModel dsmcFreeStreamInflowPatch
Selecting dsmcGeneralBoundaryModel dsmcFreeStreamInflowPatch
Selecting BinaryCollisionModel LarsenBorgnakkeVariableHardSphere
Selecting BinaryCollisionModel LarsenBorgnakkeVariableHardSphere
Selecting BinaryCollisionModel LarsenBorgnakkeVariableHardSphere

Creating dsmcReactions

Selecting the reaction model dissociationQK
Selecting the reaction model dissociationExchangeQK

Creating dsmcReactions

Selecting the reaction model dissociationQK
Selecting the reaction model dissociationExchangeQK
Selecting the reaction model dissociationQK
Selecting the reaction model dissociationQK
Selecting the reaction model dissociationQK
Selecting the reaction model dissociationQK
Selecting the reaction model dissociationQK
Selecting the reaction model dissociationExchangeQK

Creating dsmcReactions

Selecting the reaction model dissociationQK
Selecting the reaction model dissociationExchangeQK
Selecting the reaction model dissociationQK
Selecting the reaction model dissociationQK
Selecting the reaction model dissociationQK
Selecting the reaction model dissociationQK
Selecting the reaction model dissociationQK
Selecting the reaction model dissociationExchangeQK
Selecting the reaction model dissociationQK
Selecting the reaction model dissociationExchangeQK
Selecting the reaction model dissociationQK
Selecting the reaction model dissociationQK
Selecting the reaction model dissociationQK
Selecting the reaction model dissociationQK
Selecting the reaction model dissociationQK
Selecting the reaction model dissociationExchangeQK
Selecting the reaction model dissociationQK
Selecting the reaction model dissociationExchangeQK
Selecting the reaction model dissociationQK
Selecting the reaction model dissociationExchangeQK
Selecting the reaction model dissociationExchangeQK
Selecting the reaction model dissociationExchangeQK
Selecting the reaction model dissociationExchangeQK
Selecting the reaction model dissociationQK
Selecting the reaction model dissociationQK
Selecting the reaction model dissociationQK
Number of reactions created: 12
Number of reactions created: 12
Number of reactions created: 12
Selecting the coordinate system model:	dsmcCartesian

Selecting the time-step model:	dsmcConstantTimeStepModel

Constant time-step model:
- time-step [sec]	6.64005e-08

Selecting the porous measurement model:	dsmcNoPorousMediumMeasurements


Creating dsmcControllers

Creating fields: 

Selecting field: dsmcVolFields

TimeData Statistics: 
 measurement option: write
 nSamples: 1, time interval: 6.64005e-08
 nAverages: 15060, time interval: 0.00099999153
 total no. of sampling steps: 0
 total no. of averaging Steps: 0


Selecting field: dsmcVolFields

TimeData Statistics: 
 measurement option: write
 nSamples: 1, time interval: 6.64005e-08
 nAverages: 15060, time interval: 0.00099999153
 total no. of sampling steps: 0
 total no. of averaging Steps: 0


Selecting the coordinate system model:	dsmcCartesian

Selecting the time-step model:	dsmcConstantTimeStepModel

Constant time-step model:
- time-step [sec]	6.64005e-08

Selecting the porous measurement model:	dsmcNoPorousMediumMeasurements


Creating dsmcControllers

Creating fields: 

Selecting field: dsmcVolFields

TimeData Statistics: 
 measurement option: write
 nSamples: 1, time interval: 6.64005e-08
 nAverages: 15060, time interval: 0.00099999153
 total no. of sampling steps: 0
 total no. of averaging Steps: 0


Selecting field: dsmcVolFields

TimeData Statistics: 
 measurement option: write
 nSamples: 1, time interval: 6.64005e-08
 nAverages: 15060, time interval: 0.00099999153
 total no. of sampling steps: 0
 total no. of averaging Steps: 0


Selecting field: dsmcVolFields

TimeData Statistics: 
 measurement option: write
 nSamples: 1, time interval: 6.64005e-08
 nAverages: 15060, time interval: 0.00099999153
 total no. of sampling steps: 0
 total no. of averaging Steps: 0


Selecting field: dsmcVolFields

TimeData Statistics: 
 measurement option: write
 nSamples: 1, time interval: 6.64005e-08
 nAverages: 15060, time interval: 0.00099999153
 total no. of sampling steps: 0
 total no. of averaging Steps: 0


Selecting field: dsmcVolFields

TimeData Statistics: 
 measurement option: write
 nSamples: 1, time interval: 6.64005e-08
 nAverages: 15060, time interval: 0.00099999153
 total no. of sampling steps: 0
 total no. of averaging Steps: 0


Selecting field: dsmcVolFields

TimeData Statistics: 
 measurement option: write
 nSamples: 1, time interval: 6.64005e-08
 nAverages: 15060, time interval: 0.00099999153
 total no. of sampling steps: 0
 total no. of averaging Steps: 0


Selecting field: dsmcVolFields

TimeData Statistics: 
 measurement option: write
 nSamples: 1, time interval: 6.64005e-08
 nAverages: 15060, time interval: 0.00099999153
 total no. of sampling steps: 0
 total no. of averaging Steps: 0


Selecting field: dsmcVolFields

TimeData Statistics: 
 measurement option: write
 nSamples: 1, time interval: 6.64005e-08
 nAverages: 15060, time interval: 0.00099999153
 total no. of sampling steps: 0
 total no. of averaging Steps: 0


Selecting field: dsmcVolFields

TimeData Statistics: 
 measurement option: write
 nSamples: 1, time interval: 6.64005e-08
 nAverages: 15060, time interval: 0.00099999153
 total no. of sampling steps: 0
 total no. of averaging Steps: 0


Creating the boundary models: 

Selecting dsmcPatchBoundaryModel dsmcDeletionPatch
Selecting dsmcPatchBoundaryModel dsmcDeletionPatch
Selecting dsmcPatchBoundaryModel dsmcDiffuseWallPatch
Selecting dsmcGeneralBoundaryModel dsmcFreeStreamInflowPatch
Selecting BinaryCollisionModel LarsenBorgnakkeVariableHardSphere

Creating dsmcReactions

Selecting the reaction model dissociationQK
Selecting the reaction model dissociationExchangeQK
Selecting the reaction model dissociationQK
Selecting the reaction model dissociationQK
Selecting the reaction model dissociationQK
Selecting the reaction model dissociationQK
Selecting the reaction model dissociationQK
Selecting the reaction model dissociationExchangeQK
Selecting the reaction model dissociationQK
Selecting the reaction model dissociationExchangeQK
Selecting the reaction model dissociationExchangeQK
Selecting the reaction model dissociationQK
Number of reactions created: 12
Selecting field: dsmcVolFields

TimeData Statistics: 
 measurement option: write
 nSamples: 1, time interval: 6.64005e-08
 nAverages: 15060, time interval: 0.00099999153
 total no. of sampling steps: 0
 total no. of averaging Steps: 0


Creating the boundary models: 

Selecting dsmcPatchBoundaryModel dsmcDeletionPatch
Selecting dsmcPatchBoundaryModel dsmcDeletionPatch
Selecting dsmcPatchBoundaryModel dsmcDiffuseWallPatch
Selecting dsmcGeneralBoundaryModel dsmcFreeStreamInflowPatch
Selecting BinaryCollisionModel LarsenBorgnakkeVariableHardSphere

Creating dsmcReactions

Selecting the reaction model dissociationQK
Selecting the reaction model dissociationExchangeQK
Selecting the reaction model dissociationQK
Selecting the reaction model dissociationQK
Selecting the reaction model dissociationQK
Selecting the reaction model dissociationQK
Selecting the reaction model dissociationQK
Selecting the reaction model dissociationExchangeQK
Selecting the reaction model dissociationQK
Selecting the reaction model dissociationExchangeQK
Selecting the reaction model dissociationExchangeQK
Selecting the reaction model dissociationQK
Number of reactions created: 12

Constructing constant properties for
	N2
	O2
	NO
	N
	O

Constructing constant properties for
	N2
	O2
	NO
	N
	O

Constructing constant properties for
	N2
	O2
	NO
	N
	O
Selecting collisionPartnerSelectionModel noTimeCounter
Collision profile: collisionReduceOnlyOnOutput defaulted to true for replicatedMesh run
Collision profile: collisionOutputGlobalReduce defaulted to false for replicatedMesh run

Initialising the measurement fields

Initialising dsmcVolFields field
Initialising dsmcVolFields field
Initialising dsmcVolFields field
Initialising dsmcVolFields field
Initialising dsmcVolFields field
Initialising dsmcVolFields field
Selecting collisionPartnerSelectionModel noTimeCounter
Collision profile: collisionReduceOnlyOnOutput defaulted to true for replicatedMesh run
Collision profile: collisionOutputGlobalReduce defaulted to false for replicatedMesh run

Initialising the measurement fields

Initialising dsmcVolFields field
Initialising dsmcVolFields field
Initialising dsmcVolFields field
Initialising dsmcVolFields field
Initialising dsmcVolFields field
Selecting collisionPartnerSelectionModel noTimeCounter
Collision profile: collisionReduceOnlyOnOutput defaulted to true for replicatedMesh run
Collision profile: collisionOutputGlobalReduce defaulted to false for replicatedMesh run

Initialising the measurement fields

Initialising dsmcVolFields field
Initialising dsmcVolFields field
Initialising dsmcVolFields field
Initialising dsmcVolFields field
Initialising dsmcVolFields field
Initialising dsmcVolFields field
Initialising dsmcVolFields field

Constructing constant properties for
	N2
	O2
	NO
	N
	O
Selecting collisionPartnerSelectionModel noTimeCounter
Collision profile: collisionReduceOnlyOnOutput defaulted to true for replicatedMesh run
Collision profile: collisionOutputGlobalReduce defaulted to false for replicatedMesh run

Initialising the measurement fields

Initialising dsmcVolFields field
Initialising dsmcVolFields field
Initialising dsmcVolFields field
Initialising dsmcVolFields field
Initialising dsmcVolFields field
Initialising dsmcVolFields field

Constructing constant properties for
	N2
	O2
	NO
	N
	O

Constructing constant properties for
	N2
	O2
	NO
	N
	O
Selecting collisionPartnerSelectionModel noTimeCounter
Collision profile: collisionReduceOnlyOnOutput defaulted to true for replicatedMesh run
Collision profile: collisionOutputGlobalReduce defaulted to false for replicatedMesh run

Initialising the measurement fields

Initialising dsmcVolFields field
Initialising dsmcVolFields field
Initialising dsmcVolFields field
Initialising dsmcVolFields field
Initialising dsmcVolFields field
Initialising dsmcVolFields field
Selecting collisionPartnerSelectionModel noTimeCounter
Collision profile: collisionReduceOnlyOnOutput defaulted to true for replicatedMesh run
Collision profile: collisionOutputGlobalReduce defaulted to false for replicatedMesh run

Initialising the measurement fields

Initialising dsmcVolFields field
Initialising dsmcVolFields field

Constructing constant properties for
	N2
Initialising dsmcVolFields field
	O2
	NO
	N
	O
Initialising dsmcVolFields field
Initialising dsmcVolFields field
Initialising dsmcVolFields field

Constructing constant properties for
	N2
	O2
	NO
	N
	O
Selecting collisionPartnerSelectionModel noTimeCounter
Collision profile: collisionReduceOnlyOnOutput defaulted to true for replicatedMesh run
Collision profile: collisionOutputGlobalReduce defaulted to false for replicatedMesh run

Initialising the measurement fields

Initialising dsmcVolFields field
Initialising dsmcVolFields field
Initialising dsmcVolFields field
Initialising dsmcVolFields field
Initialising dsmcVolFields field
Initialising dsmcVolFields field
Selecting collisionPartnerSelectionModel noTimeCounter
Collision profile: collisionReduceOnlyOnOutput defaulted to true for replicatedMesh run
Collision profile: collisionOutputGlobalReduce defaulted to false for replicatedMesh run

Initialising the measurement fields

Initialising dsmcVolFields field
Initialising dsmcVolFields field
Initialising dsmcVolFields field
Initialising dsmcVolFields field
Initialising dsmcVolFields field
Initialising dsmcVolFields field
Replicated mesh: METIS decomposition complete, 60000 cells -> 8 ranks
Replicated mesh: rank 0 owns 7384 / 60000 cells
Local mesh: 7384 owned + 356 halo = 7740 / 60000 cells
Replicated mesh: no-Alltoall async migration enabled
Replicated mesh: flatTransfer=1 found=1
Replicated mesh: flat POD transfer enabled
Replicated mesh: writeMode=gathered
Phase C auto DLB: enabled (ParMETIS AdaptiveRepart), imbalanceThreshold=1.5, dlbSteps=50, sarSteps=50, triggerMode=legacyWindow, minGapSteps=50, checkCollective=allreduce, particleGate=0, particleGateThreshold=1.5, skipPostDiag=0, adaptiveAlpha=0
Replicated mesh: initialized with 8 MPI ranks, migrate interval 10

Starting time loop

Replicated mesh: initial particle distribution

Replicated mesh: rank 0 kept 257856 parcels, deleted 1051233 non-owned parcels
Time = 6.64005e-07

    Collision global reduction skipped (rank 0 local diagnostics)
    Collisions                      = 4051
    Collision candidates           = 5134
    Collision acceptance rate      = 0.7890533697

    Number of DSMC particles        = 1330288
    Number of stuck particles       = 0
    Number of free particles        = 1330288
    Average linear kinetic energy   = 1.893409906e-19
    Average rotational energy       = 1.324598272e-21
    Average vibrational energy      = 4.68281515e-26
    Average electronic energy       = 0
    Total energy                    = 0.001521841243

Stage 1.0  ExecutionTime = 5.31 s  ClockTime = 7 s  Iteration 10 (0.15 s)

Time = 1.32801e-06

    Collision global reduction skipped (rank 0 local diagnostics)
    Collisions                      = 4175
    Collision candidates           = 5676
    Collision acceptance rate      = 0.7355532065

    Number of DSMC particles        = 1353899
    Number of stuck particles       = 0
    Number of free particles        = 1353899
    Average linear kinetic energy   = 1.865772816e-19
    Average rotational energy       = 1.546999956e-21
    Average vibrational energy      = 9.202300615e-26
    Average electronic energy       = 0
    Total energy                    = 0.001528208407

Stage 1.0  ExecutionTime = 6.68 s  ClockTime = 8 s  Iteration 20 (0.15 s)

Time = 1.992015e-06

    Collision global reduction skipped (rank 0 local diagnostics)
    Collisions                      = 4208
    Collision candidates           = 5921
    Collision acceptance rate      = 0.7106907617

    Number of DSMC particles        = 1377487
    Number of stuck particles       = 0
    Number of free particles        = 1377487
    Average linear kinetic energy   = 1.841239003e-19
    Average rotational energy       = 1.857530588e-21
    Average vibrational energy      = 2.261180251e-25
    Average electronic energy       = 0
    Total energy                    = 0.001537123888

Stage 1.0  ExecutionTime = 8.08 s  ClockTime = 10 s  Iteration 30 (0.15 s)

Time = 2.65602e-06

    Collision global reduction skipped (rank 0 local diagnostics)
    Collisions                      = 4157
    Collision candidates           = 6066
    Collision acceptance rate      = 0.6852950874

    Number of DSMC particles        = 1401057
    Number of stuck particles       = 0
    Number of free particles        = 1401057
    Average linear kinetic energy   = 1.819146807e-19
    Average rotational energy       = 2.244218263e-21
    Average vibrational energy      = 2.552768249e-25
    Average electronic energy       = 0
    Total energy                    = 0.001548104833

Stage 1.0  ExecutionTime = 9.54 s  ClockTime = 11 s  Iteration 40 (0.16 s)

Time = 3.320025e-06

    Collision global reduction skipped (rank 0 local diagnostics)
    Collisions                      = 4177
    Collision candidates           = 6079
    Collision acceptance rate      = 0.687119592


Phase C auto DLB triggered (threshold) at step 50: sar=0 loadImbalance=1.539625477 threshold=1.5 particleMaxMin=1
Phase C ParMETIS weights: particles=1424558 activeCells=60000 maxCellParticles=250
Phase C ParMETIS: alpha=1 ncon=1 ubvec=[1.049999952] moveRatio=0.9098118933 (moveT=6.148584766s, collT=0.609498758s)
Phase C ParMETIS: AdaptiveRepart (60000 cells, 1 constraints, ubvec=1.049999952)
Replicated mesh: rank 0 owns 9302 / 60000 cells
Local mesh: 9302 owned + 858 halo = 10160 / 60000 cells
Phase C ParMETIS AdaptiveRepart: 52431 / 60000 cells changed (0.87385)
Phase C auto DLB complete: rebalance #1

    Number of DSMC particles        = 1424558
    Number of stuck particles       = 0
    Number of free particles        = 1424558
    Average linear kinetic energy   = 1.798659122e-19
    Average rotational energy       = 2.671329578e-21
    Average vibrational energy      = 3.27717784e-25
    Average electronic energy       = 0
    Total energy                    = 0.001560212129

Stage 1.0  ExecutionTime = 11.21 s  ClockTime = 13 s  Iteration 50 (0.28 s)

Time = 3.98403e-06

    Collision global reduction skipped (rank 0 local diagnostics)
    Collisions                      = 2211
    Collision candidates           = 2625
    Collision acceptance rate      = 0.8422857143

    Number of DSMC particles        = 1447668
    Number of stuck particles       = 0
    Number of free particles        = 1447668
    Average linear kinetic energy   = 1.779886329e-19
    Average rotational energy       = 3.069031674e-21
    Average vibrational energy      = 4.946111284e-25
    Average electronic energy       = 0
    Total energy                    = 0.00157267262

Stage 1.0  ExecutionTime = 12.69 s  ClockTime = 12 s  Iteration 60 (0.4 s)

Time = 4.648035e-06

    Collision global reduction skipped (rank 0 local diagnostics)
    Collisions                      = 2224
    Collision candidates           = 2871
    Collision acceptance rate      = 0.7746429815

    Number of DSMC particles        = 1471267
    Number of stuck particles       = 0
    Number of free particles        = 1471267
    Average linear kinetic energy   = 1.761882674e-19
    Average rotational energy       = 3.570284896e-21
    Average vibrational energy      = 6.241638904e-25
    Average electronic energy       = 0
    Total energy                    = 0.001586842466

Stage 1.0  ExecutionTime = 14.3 s  ClockTime = 14 s  Iteration 70 (0.41 s)

Time = 5.31204e-06

    Collision global reduction skipped (rank 0 local diagnostics)
    Collisions                      = 2259
    Collision candidates           = 3078
    Collision acceptance rate      = 0.7339181287

    Number of DSMC particles        = 1494498
    Number of stuck particles       = 0
    Number of free particles        = 1494498
    Average linear kinetic energy   = 1.745451842e-19
    Average rotational energy       = 4.086669954e-21
    Average vibrational energy      = 5.519374014e-25
    Average electronic energy       = 0
    Total energy                    = 0.001601794642

Stage 1.0  ExecutionTime = 16.12 s  ClockTime = 16 s  Iteration 80 (0.5 s)

Time = 5.976045e-06

    Collision global reduction skipped (rank 0 local diagnostics)
    Collisions                      = 2347
    Collision candidates           = 3232
    Collision acceptance rate      = 0.7261757426

    Number of DSMC particles        = 1517800
    Number of stuck particles       = 0
    Number of free particles        = 1517800
    Average linear kinetic energy   = 1.730184226e-19
    Average rotational energy       = 4.608062578e-21
    Average vibrational energy      = 8.923285219e-25
    Average electronic energy       = 0
    Total energy                    = 0.001617617001

Stage 1.0  ExecutionTime = 18.06 s  ClockTime = 18 s  Iteration 90 (0.6 s)

Time = 6.64005e-06

    Collision global reduction skipped (rank 0 local diagnostics)
    Collisions                      = 2275
    Collision candidates           = 3203
    Collision acceptance rate      = 0.7102716204


Phase C auto DLB triggered (threshold) at step 100: sar=0 loadImbalance=1.689225481 threshold=1.5 particleMaxMin=1
Phase C ParMETIS weights: particles=1540729 activeCells=60000 maxCellParticles=304
Phase C ParMETIS: alpha=1 ncon=1 ubvec=[1.049999952] moveRatio=0.9339713604 (moveT=12.61126776s, collT=0.891574292s)
Phase C ParMETIS: AdaptiveRepart (60000 cells, 1 constraints, ubvec=1.049999952)
Replicated mesh: rank 0 owns 12016 / 60000 cells
Local mesh: 12016 owned + 698 halo = 12714 / 60000 cells
Phase C ParMETIS AdaptiveRepart: 42741 / 60000 cells changed (0.71235)
Phase C auto DLB complete: rebalance #2

    Number of DSMC particles        = 1540729
    Number of stuck particles       = 0
    Number of free particles        = 1540729
    Average linear kinetic energy   = 1.715756016e-19
    Average rotational energy       = 5.137195575e-21
    Average vibrational energy      = 1.202272876e-24
    Average electronic energy       = 0
    Total energy                    = 0.001633610302

Stage 1.0  ExecutionTime = 20.21 s  ClockTime = 20 s  Iteration 100 (0.67 s)

Time = 7.304055e-06

    Collision global reduction skipped (rank 0 local diagnostics)
    Collisions                      = 2786
    Collision candidates           = 3957
    Collision acceptance rate      = 0.7040687389

    Number of DSMC particles        = 1563827
    Number of stuck particles       = 0
    Number of free particles        = 1563827
    Average linear kinetic energy   = 1.703849403e-19
    Average rotational energy       = 5.437857593e-21
    Average vibrational energy      = 1.582634778e-24
    Average electronic energy       = 0
    Total energy                    = 0.001649753481

Stage 1.0  ExecutionTime = 22.13 s  ClockTime = 23 s  Iteration 110 (0.19 s)

Time = 7.96806e-06

    Collision global reduction skipped (rank 0 local diagnostics)
    Collisions                      = 3262
    Collision candidates           = 5156
    Collision acceptance rate      = 0.6326609775

    Number of DSMC particles        = 1586471
    Number of stuck particles       = 0
    Number of free particles        = 1586471
    Average linear kinetic energy   = 1.690446891e-19
    Average rotational energy       = 5.913546457e-21
    Average vibrational energy      = 1.933302141e-24
    Average electronic energy       = 0
    Total energy                    = 0.001665415405

Stage 1.0  ExecutionTime = 24.15 s  ClockTime = 25 s  Iteration 120 (0.22 s)

Time = 8.632065e-06

    Collision global reduction skipped (rank 0 local diagnostics)
    Collisions                      = 4011
    Collision candidates           = 6579
    Collision acceptance rate      = 0.6096671227

    Number of DSMC particles        = 1609163
    Number of stuck particles       = 0
    Number of free particles        = 1609163
    Average linear kinetic energy   = 1.677535952e-19
    Average rotational energy       = 6.411007244e-21
    Average vibrational energy      = 2.669609759e-24
    Average electronic energy       = 0
    Total energy                    = 0.00168158118

Stage 1.0  ExecutionTime = 26.24 s  ClockTime = 27 s  Iteration 130 (0.22 s)

Time = 9.29607e-06

    Collision global reduction skipped (rank 0 local diagnostics)
    Collisions                      = 4789
    Collision candidates           = 8040
    Collision acceptance rate      = 0.5956467662

    Number of DSMC particles        = 1631586
    Number of stuck particles       = 0
    Number of free particles        = 1631586
    Average linear kinetic energy   = 1.665619523e-19
    Average rotational energy       = 6.901378945e-21
    Average vibrational energy      = 2.632921126e-24
    Average electronic energy       = 0
    Total energy                    = 0.001698147832

Stage 1.0  ExecutionTime = 28.47 s  ClockTime = 29 s  Iteration 140 (0.22 s)

Time = 9.960075e-06

    Collision global reduction skipped (rank 0 local diagnostics)
    Collisions                      = 5523
    Collision candidates           = 9449
    Collision acceptance rate      = 0.584506297


Phase C auto DLB triggered (threshold) at step 150: sar=0 loadImbalance=1.949880425 threshold=1.5 particleMaxMin=1
Phase C ParMETIS weights: particles=1653865 activeCells=60000 maxCellParticles=330
Phase C ParMETIS: alpha=1 ncon=1 ubvec=[1.049999952] moveRatio=0.9417960929 (moveT=22.08751068s, collT=1.365029468s)
Phase C ParMETIS: AdaptiveRepart (60000 cells, 1 constraints, ubvec=1.049999952)
Replicated mesh: rank 0 owns 5258 / 60000 cells
Local mesh: 5258 owned + 308 halo = 5566 / 60000 cells
Phase C ParMETIS AdaptiveRepart: 48312 / 60000 cells changed (0.8052)
Phase C auto DLB complete: rebalance #3

    Number of DSMC particles        = 1653865
    Number of stuck particles       = 0
    Number of free particles        = 1653865
    Average linear kinetic energy   = 1.654500597e-19
    Average rotational energy       = 7.403864374e-21
    Average vibrational energy      = 3.12456414e-24
    Average electronic energy       = 0
    Total energy                    = 0.001715293336

Stage 1.0  ExecutionTime = 30.9 s  ClockTime = 32 s  Iteration 150 (0.38 s)

Time = 1.062408e-05

    Collision global reduction skipped (rank 0 local diagnostics)
    Collisions                      = 17987
    Collision candidates           = 28930
    Collision acceptance rate      = 0.6217421362

    Number of DSMC particles        = 1675882
    Number of stuck particles       = 0
    Number of free particles        = 1675882
    Average linear kinetic energy   = 1.643838747e-19
    Average rotational energy       = 7.828152348e-21
    Average vibrational energy      = 3.417843652e-24
    Average electronic energy       = 0
    Total energy                    = 0.001731676585

Stage 1.0  ExecutionTime = 32.77 s  ClockTime = 34 s  Iteration 160 (0.83 s)

Time = 1.1288085e-05

    Collision global reduction skipped (rank 0 local diagnostics)
    Collisions                      = 19505
    Collision candidates           = 32645
    Collision acceptance rate      = 0.5974881299

    Number of DSMC particles        = 1697583
    Number of stuck particles       = 0
    Number of free particles        = 1697583
    Average linear kinetic energy   = 1.633390039e-19
    Average rotational energy       = 8.325729456e-21
    Average vibrational energy      = 3.961080274e-24
    Average electronic energy       = 0
    Total energy                    = 0.001748531144

Stage 1.0  ExecutionTime = 34.79 s  ClockTime = 36 s  Iteration 170 (0.8 s)

Time = 1.195209e-05

    Collision global reduction skipped (rank 0 local diagnostics)
    Collisions                      = 20655
    Collision candidates           = 35264
    Collision acceptance rate      = 0.5857248185

    Number of DSMC particles        = 1719334
    Number of stuck particles       = 0
    Number of free particles        = 1719334
    Average linear kinetic energy   = 1.623743135e-19
    Average rotational energy       = 8.797081914e-21
    Average vibrational energy      = 4.516915979e-24
    Average electronic energy       = 0
    Total energy                    = 0.001765851396

Stage 1.0  ExecutionTime = 37.02 s  ClockTime = 39 s  Iteration 180 (0.85 s)

Time = 1.2616095e-05

    Collision global reduction skipped (rank 0 local diagnostics)
    Collisions                      = 21911
    Collision candidates           = 37975
    Collision acceptance rate      = 0.5769848585

    Number of DSMC particles        = 1740647
    Number of stuck particles       = 0
    Number of free particles        = 1740647
    Average linear kinetic energy   = 1.614366694e-19
    Average rotational energy       = 9.263063097e-21
    Average vibrational energy      = 5.641388534e-24
    Average electronic energy       = 0
    Total energy                    = 0.001782826782

Stage 1.0  ExecutionTime = 39.42 s  ClockTime = 41 s  Iteration 190 (0.99 s)

Time = 1.32801e-05

    Collision global reduction skipped (rank 0 local diagnostics)
    Collisions                      = 23282
    Collision candidates           = 40448
    Collision acceptance rate      = 0.5756032437


Phase C auto DLB triggered (threshold) at step 200: sar=0 loadImbalance=1.661504494 threshold=1.5 particleMaxMin=1
Phase C ParMETIS weights: particles=1761459 activeCells=60000 maxCellParticles=322
Phase C ParMETIS: alpha=1 ncon=1 ubvec=[1.049999952] moveRatio=0.9100044666 (moveT=27.35664931s, collT=2.705455123s)
Phase C ParMETIS: AdaptiveRepart (60000 cells, 1 constraints, ubvec=1.049999952)
Replicated mesh: rank 0 owns 10958 / 60000 cells
Local mesh: 10958 owned + 670 halo = 11628 / 60000 cells
Phase C ParMETIS AdaptiveRepart: 27158 / 60000 cells changed (0.4526333333)
Phase C auto DLB complete: rebalance #4

    Number of DSMC particles        = 1761459
    Number of stuck particles       = 0
    Number of free particles        = 1761459
    Average linear kinetic energy   = 1.605235547e-19
    Average rotational energy       = 9.709338159e-21
    Average vibrational energy      = 6.104809711e-24
    Average electronic energy       = 0
    Total energy                    = 0.001799214088

Stage 1.0  ExecutionTime = 42.09 s  ClockTime = 42 s  Iteration 200 (1.23 s)

Time = 1.3944105e-05

    Collision global reduction skipped (rank 0 local diagnostics)
    Collisions                      = 27071
    Collision candidates           = 48099
    Collision acceptance rate      = 0.5628183538

    Number of DSMC particles        = 1782533
    Number of stuck particles       = 0
    Number of free particles        = 1782533
    Average linear kinetic energy   = 1.596749755e-19
    Average rotational energy       = 1.007946848e-20
    Average vibrational energy      = 6.609268003e-24
    Average electronic energy       = 0
    Total energy                    = 0.001815628077

Stage 1.0  ExecutionTime = 44.22 s  ClockTime = 44 s  Iteration 210 (0.25 s)

Time = 1.460811e-05

    Collision global reduction skipped (rank 0 local diagnostics)
    Collisions                      = 29117
    Collision candidates           = 52687
    Collision acceptance rate      = 0.552641069

    Number of DSMC particles        = 1802603
    Number of stuck particles       = 0
    Number of free particles        = 1802603
    Average linear kinetic energy   = 1.588217475e-19
    Average rotational energy       = 1.047818496e-20
    Average vibrational energy      = 7.537274889e-24
    Average electronic energy       = 0
    Total energy                    = 0.001831164917

Stage 1.0  ExecutionTime = 46.47 s  ClockTime = 46 s  Iteration 220 (0.23 s)

Time = 1.5272115e-05

    Collision global reduction skipped (rank 0 local diagnostics)
    Collisions                      = 30566
    Collision candidates           = 56571
    Collision acceptance rate      = 0.5403121741

    Number of DSMC particles        = 1823039
    Number of stuck particles       = 0
    Number of free particles        = 1823039
    Average linear kinetic energy   = 1.579872149e-19
    Average rotational energy       = 1.087581657e-20
    Average vibrational energy      = 7.99912412e-24
    Average electronic energy       = 0
    Total energy                    = 0.001847150849

Stage 1.0  ExecutionTime = 48.8 s  ClockTime = 49 s  Iteration 230 (0.25 s)

Time = 1.593612e-05

    Collision global reduction skipped (rank 0 local diagnostics)
    Collisions                      = 31954
    Collision candidates           = 59700
    Collision acceptance rate      = 0.5352428811

    Number of DSMC particles        = 1843106
    Number of stuck particles       = 0
    Number of free particles        = 1843106
    Average linear kinetic energy   = 1.572109243e-19
    Average rotational energy       = 1.123827024e-20
    Average vibrational energy      = 8.174461128e-24
    Average electronic energy       = 0
    Total energy                    = 0.001862908725

Stage 1.0  ExecutionTime = 51.32 s  ClockTime = 52 s  Iteration 240 (0.25 s)

Time = 1.6600125e-05

    Collision global reduction skipped (rank 0 local diagnostics)
    Collisions                      = 33586
    Collision candidates           = 62731
    Collision acceptance rate      = 0.5353971721


Phase C auto DLB triggered (threshold) at step 250: sar=0 loadImbalance=1.522437967 threshold=1.5 particleMaxMin=1
Phase C ParMETIS weights: particles=1863154 activeCells=60000 maxCellParticles=343
Phase C ParMETIS: alpha=1 ncon=1 ubvec=[1.049999952] moveRatio=0.8918121069 (moveT=37.15689411s, collT=4.507593089s)
Phase C ParMETIS: AdaptiveRepart (60000 cells, 1 constraints, ubvec=1.049999952)
Replicated mesh: rank 0 owns 3377 / 60000 cells
Local mesh: 3377 owned + 221 halo = 3598 / 60000 cells
Phase C ParMETIS AdaptiveRepart: 48925 / 60000 cells changed (0.8154166667)
Phase C auto DLB complete: rebalance #5

    Number of DSMC particles        = 1863154
    Number of stuck particles       = 0
    Number of free particles        = 1863154
    Average linear kinetic energy   = 1.564431596e-19
    Average rotational energy       = 1.16025858e-20
    Average vibrational energy      = 8.520388835e-24
    Average electronic energy       = 0
    Total energy                    = 0.001878665865

Stage 1.0  ExecutionTime = 54.23 s  ClockTime = 55 s  Iteration 250 (0.46 s)

Time = 1.726413e-05

    Collision global reduction skipped (rank 0 local diagnostics)
    Collisions                      = 92677
    Collision candidates           = 172419
    Collision acceptance rate      = 0.5375103672

    Number of DSMC particles        = 1882881
    Number of stuck particles       = 0
    Number of free particles        = 1882881
    Average linear kinetic energy   = 1.557468206e-19
    Average rotational energy       = 1.189654279e-20
    Average vibrational energy      = 9.257671001e-24
    Average electronic energy       = 0
    Total energy                    = 0.001894019608

Stage 1.0  ExecutionTime = 56.62 s  ClockTime = 57 s  Iteration 260 (0.26 s)

Time = 1.7928135e-05

    Collision global reduction skipped (rank 0 local diagnostics)
    Collisions                      = 95036
    Collision candidates           = 180029
    Collision acceptance rate      = 0.5278927284

    Number of DSMC particles        = 1902358
    Number of stuck particles       = 0
    Number of free particles        = 1902358
    Average linear kinetic energy   = 1.550300884e-19
    Average rotational energy       = 1.226300893e-20
    Average vibrational energy      = 9.669887218e-24
    Average electronic energy       = 0
    Total energy                    = 0.001909618546

Stage 1.0  ExecutionTime = 59.18 s  ClockTime = 60 s  Iteration 270 (0.25 s)

Time = 1.859214e-05

    Collision global reduction skipped (rank 0 local diagnostics)
    Collisions                      = 97464
    Collision candidates           = 186025
    Collision acceptance rate      = 0.5239295794

    Number of DSMC particles        = 1921488
    Number of stuck particles       = 0
    Number of free particles        = 1921488
    Average linear kinetic energy   = 1.543575552e-19
    Average rotational energy       = 1.26121374e-20
    Average vibrational energy      = 1.059298203e-23
    Average electronic energy       = 0
    Total energy                    = 0.00192510369

Stage 1.0  ExecutionTime = 61.78 s  ClockTime = 63 s  Iteration 280 (0.27 s)

Time = 1.9256145e-05

    Collision global reduction skipped (rank 0 local diagnostics)
    Collisions                      = 101664
    Collision candidates           = 194368
    Collision acceptance rate      = 0.5230490616

    Number of DSMC particles        = 1940334
    Number of stuck particles       = 0
    Number of free particles        = 1940334
    Average linear kinetic energy   = 1.536820392e-19
    Average rotational energy       = 1.296908224e-20
    Average vibrational energy      = 1.134069932e-23
    Average electronic energy       = 0
    Total energy                    = 0.001940285051

Stage 1.0  ExecutionTime = 64.41 s  ClockTime = 66 s  Iteration 290 (0.27 s)

Time = 1.992015e-05

    Collision global reduction skipped (rank 0 local diagnostics)
    Collisions                      = 106891
    Collision candidates           = 206006
    Collision acceptance rate      = 0.5188732367


Phase C auto DLB triggered (threshold) at step 300: sar=0 loadImbalance=1.616217621 threshold=1.5 particleMaxMin=1
Phase C ParMETIS weights: particles=1958919 activeCells=60000 maxCellParticles=384
Phase C ParMETIS: alpha=1 ncon=1 ubvec=[1.049999952] moveRatio=0.8335196992 (moveT=45.00329145s, collT=8.988583597s)
Phase C ParMETIS: AdaptiveRepart (60000 cells, 1 constraints, ubvec=1.049999952)
Replicated mesh: rank 0 owns 3376 / 60000 cells
Local mesh: 3376 owned + 222 halo = 3598 / 60000 cells
Phase C ParMETIS AdaptiveRepart: 26631 / 60000 cells changed (0.44385)
Phase C auto DLB complete: rebalance #6

    Number of DSMC particles        = 1958919
    Number of stuck particles       = 0
    Number of free particles        = 1958919
    Average linear kinetic energy   = 1.530113175e-19
    Average rotational energy       = 1.328670535e-20
    Average vibrational energy      = 1.164633125e-23
    Average electronic energy       = 0
    Total energy                    = 0.001954723025

Stage 1.0  ExecutionTime = 67.42 s  ClockTime = 69 s  Iteration 300 (0.43 s)

End stage 1


DSMC solver profile summary
    solver profile steps          = 300
    move+collide wall [s]         = 63.13013652
    move only [s]                 = 47.87971708
    buildCellOccupancy [s]        = 6.100416443
    collision phase [s]           = 9.322817921
    post fields/output [s]        = 0.197944849
    total profiled [s]            = 63.50089629
    full evolve wall [s]          = 63.32075528
    move+collide cpu [s]          = 58.17
    move only cpu [s]             = 44.17
    buildCellOccupancy cpu [s]    = 5.53
    collision phase cpu [s]       = 8.64
    post fields/output cpu [s]    = 0.25
    total profiled cpu [s]        = 58.59
    full evolve cpu [s]           = 58.42
    collision localLoop max [s] = 9.302966299
    collision reduce max [s]    = 0
    collision sigmaBC max [s]   = 0.019215373
    collision total max [s]     = 9.321593056
    collision accounted max [s] = 9.321044484
    collision residual max [s]  = 0.000600848
    collision subphase max sum [s] = 9.322181672
    collision cumulative global collisions = 39862128
    collision cumulative global candidates  = 72210192
    collision cumulative acceptance        = 0.5520291097
    OpenMP enabled                = 0
    OpenMP max threads            = 1
    OpenMP move                   = 0 (static, chunk 64)
    OpenMP collision              = dynamic, chunk 8


Replicated mesh profiling summary:
    migration calls             = 37
    migration wall time [s]     = 2.712197173
    local particles (final)     = 257201
    migration wall max [s]      = 3.949020055
    migration pack max [s]      = 0.734805501
    migration local prep max [s]= 0.267041248
    migration size exchange max [s] = 0
    migration request post max [s] = 0.010514329
    migration wait max [s]      = 2.79483461
    migration deserialize max [s] = 0.278315773
    migration post max [s]      = 0.010513751
    migration candidate gather max [s] = 0.283684164
    migration accounted max [s] = 3.949020055
    migration residual max [s]  = 8.881784197e-16
    updateParticleCounts max [s]= 0.026997096
    migration subphase max sum [s] = 4.379709376
    particles per rank          = min 228262 max 259785 max/min 1.138100078
    rank wall time (evolve, 300 steps): min 44.38 max 56.04 max/min 1.26273096
    Phase C auto DLB checks      = 300
    Phase C auto DLB rebalances = 6
    Phase C auto DLB triggered checks = 6
    Phase C auto DLB wall max [s]= 5.276535654
    Phase C auto DLB check max [s]= 4.420695816
    Phase C ParMETIS max [s]     = 0.208027368
    Phase C migration max [s]    = 0.709637563
    Phase C cellOwner write max [s] = 0
    Phase C post-diagnostic max [s] = 0.00043828
    Phase C auto DLB accounted max [s] = 5.338799027
    Phase C auto DLB residual max [s] = -0.062263373

Total Iterations = 300
End main

