case=zb
mode=MPI4xOMP2
rep=3
np=4
OMP_NUM_THREADS=2
case_dir=/home/superxcx/code/OpenFoam/OF-1706/hyStrath_dlb/run/hyStrath/dsmcFoam+/xcx_test/zb-cylinder-react/mpi4omp2
controlDict=/home/superxcx/code/OpenFoam/OF-1706/hyStrath_dlb/doc/worklog/v2506/detail_mix/zb_full_series_current_mpi8cfg_repeat3_20260617/controlDicts/zb_MPI4xOMP2_rep3_controlDict
start=2026-06-18T00:08:16+08:00
/*---------------------------------------------------------------------------*\
| =========                 |                                                 |
| \\      /  F ield         | OpenFOAM: The Open Source CFD Toolbox           |
|  \\    /   O peration     | Version:  v1706                                 |
|   \\  /    A nd           | Web:      www.OpenFOAM.com                      |
|    \\/     M anipulation  |                                                 |
\*---------------------------------------------------------------------------*/
Build  : v1706
Arch   : "LSB;label=32;scalar=64"
Exec   : dsmcFoam+
Date   : Jun 18 2026
Time   : 00:08:16
Host   : "SuperXCX-ROG"
PID    : 30964
/*---------------------------------------------------------------------------*\
| =========                 |                                                 |
| \\      /  F ield         | OpenFOAM: The Open Source CFD Toolbox           |
|  \\    /   O peration     | Version:  v1706                                 |
|   \\  /    A nd           | Web:      www.OpenFOAM.com                      |
|    \\/     M anipulation  |                                                 |
\*---------------------------------------------------------------------------*/
Build  : v1706
Arch   : "LSB;label=32;scalar=64"
Exec   : dsmcFoam+
Date   : Jun 18 2026
Time   : 00:08:16
Host   : "SuperXCX-ROG"
PID    : 30965
/*---------------------------------------------------------------------------*\
| =========                 |                                                 |
| \\      /  F ield         | OpenFOAM: The Open Source CFD Toolbox           |
|  \\    /   O peration     | Version:  v1706                                 |
|   \\  /    A nd           | Web:      www.OpenFOAM.com                      |
|    \\/     M anipulation  |                                                 |
\*---------------------------------------------------------------------------*/
Build  : v1706
Arch   : "LSB;label=32;scalar=64"
Exec   : dsmcFoam+
Date   : Jun 18 2026
Time   : 00:08:16
Host   : "SuperXCX-ROG"
PID    : 30967
Case   : /home/superxcx/code/OpenFoam/OF-1706/hyStrath_dlb/run/hyStrath/dsmcFoam+/xcx_test/zb-cylinder-react/mpi4omp2
nProcs : 1
sigFpe : Enabling floating point exception trapping (FOAM_SIGFPE).
Case   : /home/superxcx/code/OpenFoam/OF-1706/hyStrath_dlb/run/hyStrath/dsmcFoam+/xcx_test/zb-cylinder-react/mpi4omp2
nProcs : 1
sigFpe : Enabling floating point exception trapping (FOAM_SIGFPE).
fileModificationChecking : Monitoring run-time modified files using timeStampMaster (fileModificationSkew 10)
allowSystemOperations : Allowing user-supplied system call operations

// * * * * * * * * * * * * * * * * * * * * * * * * * * * * * * * * * * * * * //
Create time

Case   : /home/superxcx/code/OpenFoam/OF-1706/hyStrath_dlb/run/hyStrath/dsmcFoam+/xcx_test/zb-cylinder-react/mpi4omp2
nProcs : 1
sigFpe : Enabling floating point exception trapping (FOAM_SIGFPE).
fileModificationChecking : Monitoring run-time modified files using timeStampMaster (fileModificationSkew 10)
allowSystemOperations : Allowing user-supplied system call operations

// * * * * * * * * * * * * * * * * * * * * * * * * * * * * * * * * * * * * * //
Create time

fileModificationChecking : Monitoring run-time modified files using timeStampMaster (fileModificationSkew 10)
allowSystemOperations : Allowing user-supplied system call operations

// * * * * * * * * * * * * * * * * * * * * * * * * * * * * * * * * * * * * * //
Create time

Create mesh for time = 0

Create mesh for time = 0

Create mesh for time = 0

Selecting dynamicFvMesh dynamicRefineFvMesh
Selecting dynamicFvMesh dynamicRefineFvMesh
Selecting dynamicFvMesh dynamicRefineFvMesh
/*---------------------------------------------------------------------------*\
| =========                 |                                                 |
| \\      /  F ield         | OpenFOAM: The Open Source CFD Toolbox           |
|  \\    /   O peration     | Version:  v1706                                 |
|   \\  /    A nd           | Web:      www.OpenFOAM.com                      |
|    \\/     M anipulation  |                                                 |
\*---------------------------------------------------------------------------*/
Build  : v1706
Arch   : "LSB;label=32;scalar=64"
Exec   : dsmcFoam+
Date   : Jun 18 2026
Time   : 00:08:16
Host   : "SuperXCX-ROG"
PID    : 30966
Case   : /home/superxcx/code/OpenFoam/OF-1706/hyStrath_dlb/run/hyStrath/dsmcFoam+/xcx_test/zb-cylinder-react/mpi4omp2
nProcs : 1
sigFpe : Enabling floating point exception trapping (FOAM_SIGFPE).
fileModificationChecking : Monitoring run-time modified files using timeStampMaster (fileModificationSkew 10)
allowSystemOperations : Allowing user-supplied system call operations

// * * * * * * * * * * * * * * * * * * * * * * * * * * * * * * * * * * * * * //
Create time

Create mesh for time = 0

Selecting dynamicFvMesh dynamicRefineFvMesh

Constructing dsmcCloud 

Constructing dsmcCloud 

Constructing dsmcCloud 

Constructing dsmcCloud 
Selecting the coordinate system model:	dsmcCartesian

Selecting the time-step model:	dsmcConstantTimeStepModel

Constant time-step model:
- time-step [sec]	6.640048894e-08

Selecting the porous measurement model:	dsmcNoPorousMediumMeasurements


Creating dsmcControllers

Creating fields: 

Selecting field: dsmcVolFields

TimeData Statistics: 
 measurement option: write
 nSamples: 1, time interval: 6.640048894e-08
 nAverages: 15060, time interval: 0.0009999913634
 total no. of sampling steps: 0
 total no. of averaging Steps: 0


Selecting the coordinate system model:	dsmcCartesian

Selecting the time-step model:	dsmcConstantTimeStepModel

Constant time-step model:
- time-step [sec]	6.640048894e-08

Selecting the porous measurement model:	dsmcNoPorousMediumMeasurements


Creating dsmcControllers

Creating fields: 

Selecting field: dsmcVolFields

TimeData Statistics: 
 measurement option: write
 nSamples: 1, time interval: 6.640048894e-08
 nAverages: 15060, time interval: 0.0009999913634
 total no. of sampling steps: 0
 total no. of averaging Steps: 0


Selecting the coordinate system model:	dsmcCartesian

Selecting the time-step model:	dsmcConstantTimeStepModel

Constant time-step model:
- time-step [sec]	6.640048894e-08

Selecting the porous measurement model:	dsmcNoPorousMediumMeasurements

Selecting the coordinate system model:	dsmcCartesian

Selecting the time-step model:	dsmcConstantTimeStepModel

Constant time-step model:
- time-step [sec]	6.640048894e-08

Selecting the porous measurement model:	dsmcNoPorousMediumMeasurements

Selecting field: dsmcVolFields

TimeData Statistics: 
 measurement option: write
 nSamples: 1, time interval: 6.640048894e-08
 nAverages: 15060, time interval: 0.0009999913634
 total no. of sampling steps: 0
 total no. of averaging Steps: 0



Creating dsmcControllers

Creating fields: 

Selecting field: dsmcVolFields

TimeData Statistics: 
 measurement option: write
 nSamples: 1, time interval: 6.640048894e-08
 nAverages: 15060, time interval: 0.0009999913634
 total no. of sampling steps: 0
 total no. of averaging Steps: 0



Creating dsmcControllers

Creating fields: 

Selecting field: dsmcVolFields

TimeData Statistics: 
 measurement option: write
 nSamples: 1, time interval: 6.640048894e-08
 nAverages: 15060, time interval: 0.0009999913634
 total no. of sampling steps: 0
 total no. of averaging Steps: 0


Selecting field: dsmcVolFields

TimeData Statistics: 
 measurement option: write
 nSamples: 1, time interval: 6.640048894e-08
 nAverages: 15060, time interval: 0.0009999913634
 total no. of sampling steps: 0
 total no. of averaging Steps: 0


Selecting field: dsmcVolFields

TimeData Statistics: 
 measurement option: write
 nSamples: 1, time interval: 6.640048894e-08
 nAverages: 15060, time interval: 0.0009999913634
 total no. of sampling steps: 0
 total no. of averaging Steps: 0


Selecting field: dsmcVolFields

TimeData Statistics: 
 measurement option: write
 nSamples: 1, time interval: 6.640048894e-08
 nAverages: 15060, time interval: 0.0009999913634
 total no. of sampling steps: 0
 total no. of averaging Steps: 0


Selecting field: dsmcVolFields

TimeData Statistics: 
 measurement option: write
 nSamples: 1, time interval: 6.640048894e-08
 nAverages: 15060, time interval: 0.0009999913634
 total no. of sampling steps: 0
 total no. of averaging Steps: 0


Selecting field: dsmcVolFields

TimeData Statistics: 
 measurement option: write
 nSamples: 1, time interval: 6.640048894e-08
 nAverages: 15060, time interval: 0.0009999913634
 total no. of sampling steps: 0
 total no. of averaging Steps: 0


Selecting field: dsmcVolFields

TimeData Statistics: 
 measurement option: write
 nSamples: 1, time interval: 6.640048894e-08
 nAverages: 15060, time interval: 0.0009999913634
 total no. of sampling steps: 0
 total no. of averaging Steps: 0


Selecting field: dsmcVolFields

TimeData Statistics: 
 measurement option: write
 nSamples: 1, time interval: 6.640048894e-08
 nAverages: 15060, time interval: 0.0009999913634
 total no. of sampling steps: 0
 total no. of averaging Steps: 0


Selecting field: dsmcVolFields

TimeData Statistics: 
 measurement option: write
 nSamples: 1, time interval: 6.640048894e-08
 nAverages: 15060, time interval: 0.0009999913634
 total no. of sampling steps: 0
 total no. of averaging Steps: 0


Selecting field: dsmcVolFields

TimeData Statistics: 
 measurement option: write
 nSamples: 1, time interval: 6.640048894e-08
 nAverages: 15060, time interval: 0.0009999913634
 total no. of sampling steps: 0
 total no. of averaging Steps: 0


Selecting field: dsmcVolFields

TimeData Statistics: 
 measurement option: write
 nSamples: 1, time interval: 6.640048894e-08
 nAverages: 15060, time interval: 0.0009999913634
 total no. of sampling steps: 0
 total no. of averaging Steps: 0


Selecting field: dsmcVolFields
Selecting field: dsmcVolFields

TimeData Statistics: 
 measurement option: write
 nSamples: 1, time interval: 6.640048894e-08
 nAverages: 15060, time interval: 0.0009999913634
 total no. of sampling steps: 0
 total no. of averaging Steps: 0



TimeData Statistics: 
 measurement option: write
 nSamples: 1, time interval: 6.640048894e-08
 nAverages: 15060, time interval: 0.0009999913634
 total no. of sampling steps: 0
 total no. of averaging Steps: 0


Selecting field: dsmcVolFields

TimeData Statistics: 
 measurement option: write
 nSamples: 1, time interval: 6.640048894e-08
 nAverages: 15060, time interval: 0.0009999913634
 total no. of sampling steps: 0
 total no. of averaging Steps: 0


Selecting field: dsmcVolFields

TimeData Statistics: 
 measurement option: write
 nSamples: 1, time interval: 6.640048894e-08
 nAverages: 15060, time interval: 0.0009999913634
 total no. of sampling steps: 0
 total no. of averaging Steps: 0


Selecting field: dsmcVolFields

TimeData Statistics: 
 measurement option: write
 nSamples: 1, time interval: 6.640048894e-08
 nAverages: 15060, time interval: 0.0009999913634
 total no. of sampling steps: 0
 total no. of averaging Steps: 0


Selecting field: dsmcVolFields

TimeData Statistics: 
 measurement option: write
 nSamples: 1, time interval: 6.640048894e-08
 nAverages: 15060, time interval: 0.0009999913634
 total no. of sampling steps: 0
 total no. of averaging Steps: 0


Selecting field: dsmcVolFields

TimeData Statistics: 
 measurement option: write
 nSamples: 1, time interval: 6.640048894e-08
 nAverages: 15060, time interval: 0.0009999913634
 total no. of sampling steps: 0
 total no. of averaging Steps: 0


Creating the boundary models: 

Selecting dsmcPatchBoundaryModel dsmcDeletionPatch
Selecting dsmcPatchBoundaryModel dsmcDeletionPatch
Selecting dsmcPatchBoundaryModel dsmcDiffuseWallPatch
Selecting dsmcGeneralBoundaryModel dsmcFreeStreamInflowPatch
Selecting field: dsmcVolFields

TimeData Statistics: 
 measurement option: write
 nSamples: 1, time interval: 6.640048894e-08
 nAverages: 15060, time interval: 0.0009999913634
 total no. of sampling steps: 0
 total no. of averaging Steps: 0


Selecting field: dsmcVolFields

TimeData Statistics: 
 measurement option: write
 nSamples: 1, time interval: 6.640048894e-08
 nAverages: 15060, time interval: 0.0009999913634
 total no. of sampling steps: 0
 total no. of averaging Steps: 0


Selecting BinaryCollisionModel LarsenBorgnakkeVariableHardSphere

Creating dsmcReactions

Selecting the reaction model dissociationQK
Selecting the reaction model dissociationExchangeQK
Selecting the reaction model dissociationQK
Selecting the reaction model dissociationQK
Selecting the reaction model dissociationQK
Selecting the reaction model dissociationQK
Selecting the reaction model dissociationQK
Selecting the reaction model dissociationExchangeQK
Selecting the reaction model dissociationQK
Selecting the reaction model dissociationExchangeQK
Selecting the reaction model dissociationExchangeQK
Selecting the reaction model dissociationQK
Number of reactions created: 12
Creating the boundary models: 

Selecting dsmcPatchBoundaryModel dsmcDeletionPatch
Selecting dsmcPatchBoundaryModel dsmcDeletionPatch
Selecting dsmcPatchBoundaryModel dsmcDiffuseWallPatch
Selecting dsmcGeneralBoundaryModel dsmcFreeStreamInflowPatch
Selecting BinaryCollisionModel LarsenBorgnakkeVariableHardSphere

Creating dsmcReactions

Selecting the reaction model dissociationQK
Selecting the reaction model dissociationExchangeQK
Selecting the reaction model dissociationQK
Selecting the reaction model dissociationQK
Selecting the reaction model dissociationQK
Selecting the reaction model dissociationQK
Selecting the reaction model dissociationQK
Selecting the reaction model dissociationExchangeQK
Selecting the reaction model dissociationQK
Selecting the reaction model dissociationExchangeQK
Selecting the reaction model dissociationExchangeQK
Selecting the reaction model dissociationQK
Number of reactions created: 12
Creating the boundary models: 

Selecting dsmcPatchBoundaryModel dsmcDeletionPatch
Selecting dsmcPatchBoundaryModel dsmcDeletionPatch
Selecting dsmcPatchBoundaryModel dsmcDiffuseWallPatch
Selecting dsmcGeneralBoundaryModel dsmcFreeStreamInflowPatch
Creating the boundary models: 

Selecting dsmcPatchBoundaryModel dsmcDeletionPatch
Selecting dsmcPatchBoundaryModel dsmcDeletionPatch
Selecting dsmcPatchBoundaryModel dsmcDiffuseWallPatch
Selecting dsmcGeneralBoundaryModel dsmcFreeStreamInflowPatch
Selecting BinaryCollisionModel LarsenBorgnakkeVariableHardSphere

Creating dsmcReactions

Selecting the reaction model dissociationQK
Selecting the reaction model dissociationExchangeQK
Selecting the reaction model dissociationQK
Selecting the reaction model dissociationQK
Selecting the reaction model dissociationQK
Selecting the reaction model dissociationQK
Selecting the reaction model dissociationQK
Selecting the reaction model dissociationExchangeQK
Selecting the reaction model dissociationQK
Selecting the reaction model dissociationExchangeQK
Selecting the reaction model dissociationExchangeQK
Selecting the reaction model dissociationQK
Number of reactions created: 12
Selecting BinaryCollisionModel LarsenBorgnakkeVariableHardSphere

Creating dsmcReactions

Selecting the reaction model dissociationQK
Selecting the reaction model dissociationExchangeQK
Selecting the reaction model dissociationQK
Selecting the reaction model dissociationQK
Selecting the reaction model dissociationQK
Selecting the reaction model dissociationQK
Selecting the reaction model dissociationQK
Selecting the reaction model dissociationExchangeQK
Selecting the reaction model dissociationQK
Selecting the reaction model dissociationExchangeQK
Selecting the reaction model dissociationExchangeQK
Selecting the reaction model dissociationQK
Number of reactions created: 12

Constructing constant properties for
	N2
	O2
	NO
	N
	O

Constructing constant properties for
	N2
	O2
	NO
	N
	O

Constructing constant properties for
	N2
	O2
	NO
	N
	O

Constructing constant properties for
	N2
	O2
	NO
	N
	O
Selecting collisionPartnerSelectionModel noTimeCounter
Collision profile: collisionReduceOnlyOnOutput defaulted to true for replicatedMesh run
Collision profile: collisionOutputGlobalReduce defaulted to false for replicatedMesh run

Initialising the measurement fields

Initialising dsmcVolFields field
Initialising dsmcVolFields field
Initialising dsmcVolFields field
Initialising dsmcVolFields field
Initialising dsmcVolFields field
Selecting collisionPartnerSelectionModel noTimeCounter
Collision profile: collisionReduceOnlyOnOutput defaulted to true for replicatedMesh run
Collision profile: collisionOutputGlobalReduce defaulted to false for replicatedMesh run

Initialising the measurement fields

Initialising dsmcVolFields field
Initialising dsmcVolFields field
Initialising dsmcVolFields field
Initialising dsmcVolFields field
Initialising dsmcVolFields field
Initialising dsmcVolFields field
Initialising dsmcVolFields field
Selecting collisionPartnerSelectionModel noTimeCounter
Collision profile: collisionReduceOnlyOnOutput defaulted to true for replicatedMesh run
Collision profile: collisionOutputGlobalReduce defaulted to false for replicatedMesh run

Initialising the measurement fields

Initialising dsmcVolFields field
Initialising dsmcVolFields field
Initialising dsmcVolFields field
Initialising dsmcVolFields field
Initialising dsmcVolFields field
Initialising dsmcVolFields field
Selecting collisionPartnerSelectionModel noTimeCounter
Collision profile: collisionReduceOnlyOnOutput defaulted to true for replicatedMesh run
Collision profile: collisionOutputGlobalReduce defaulted to false for replicatedMesh run

Initialising the measurement fields

Initialising dsmcVolFields field
Initialising dsmcVolFields field
Initialising dsmcVolFields field
Initialising dsmcVolFields field
Initialising dsmcVolFields field
Initialising dsmcVolFields field
Replicated mesh: METIS decomposition complete, 60000 cells -> 4 ranks
Replicated mesh: rank 0 owns 15022 / 60000 cells
Local mesh: 15022 owned + 492 halo = 15514 / 60000 cells
Replicated mesh: flatTransfer=1 found=1
Replicated mesh: flat POD transfer enabled
Replicated mesh: gatherCandidates=0
Replicated mesh: overlapSizeExchange=0
Replicated mesh: writeMode=gathered
Phase C auto DLB: enabled (ParMETIS AdaptiveRepart), imbalanceThreshold=1.5, dlbSteps=50, sarSteps=50, triggerMode=legacyWindow, minGapSteps=50, checkCollective=allgather, particleGate=0, particleGateThreshold=1.5, skipPostDiag=0, adaptiveAlpha=0
Replicated mesh: initialized with 4 MPI ranks, migrate interval 10

Starting time loop

Replicated mesh: initial particle distribution

Replicated mesh: rank 0 kept 201681 parcels, deleted 1105064 non-owned parcels
Time = 6.640048894e-07

    Collision global reduction skipped (rank 0 local diagnostics)
    Collisions                      = 7616
    Collision candidates           = 11979
    Collision acceptance rate      = 0.6357792804

    Number of DSMC particles        = 1330290
    Number of stuck particles       = 0
    Number of free particles        = 1330290
    Average linear kinetic energy   = 1.893507961e-19
    Average rotational energy       = 1.328868287e-21
    Average vibrational energy      = 2.341404055e-26
    Average electronic energy       = 0
    Total energy                    = 0.001521955691

Stage 1.0  ExecutionTime = 5.56 s  ClockTime = 5 s  Iteration 10 (0.74 s)

Time = 1.328009779e-06

    Collision global reduction skipped (rank 0 local diagnostics)
    Collisions                      = 15980
    Collision candidates           = 27622
    Collision acceptance rate      = 0.5785243646

    Number of DSMC particles        = 1353930
    Number of stuck particles       = 0
    Number of free particles        = 1353930
    Average linear kinetic energy   = 1.865903296e-19
    Average rotational energy       = 1.551737017e-21
    Average vibrational energy      = 6.901567437e-26
    Average electronic energy       = 0
    Total energy                    = 0.00152838769

Stage 1.0  ExecutionTime = 7.83 s  ClockTime = 6 s  Iteration 20 (0.74 s)

Time = 1.992014668e-06

    Collision global reduction skipped (rank 0 local diagnostics)
    Collisions                      = 25253
    Collision candidates           = 45658
    Collision acceptance rate      = 0.5530903675

    Number of DSMC particles        = 1377426
    Number of stuck particles       = 0
    Number of free particles        = 1377426
    Average linear kinetic energy   = 1.841217921e-19
    Average rotational energy       = 1.867882699e-21
    Average vibrational energy      = 1.356768233e-25
    Average electronic energy       = 0
    Total energy                    = 0.001537123204

Stage 1.0  ExecutionTime = 10.28 s  ClockTime = 7 s  Iteration 30 (0.69 s)

Time = 2.656019558e-06

    Collision global reduction skipped (rank 0 local diagnostics)
    Collisions                      = 34704
    Collision candidates           = 64073
    Collision acceptance rate      = 0.5416322008

    Number of DSMC particles        = 1400952
    Number of stuck particles       = 0
    Number of free particles        = 1400952
    Average linear kinetic energy   = 1.818941726e-19
    Average rotational energy       = 2.271030652e-21
    Average vibrational energy      = 1.556314906e-25
    Average electronic energy       = 0
    Total energy                    = 0.001548040967

Stage 1.0  ExecutionTime = 12.88 s  ClockTime = 9 s  Iteration 40 (0.68 s)

Time = 3.320024447e-06

    Collision global reduction skipped (rank 0 local diagnostics)
    Collisions                      = 43948
    Collision candidates           = 83246
    Collision acceptance rate      = 0.5279292699

    Number of DSMC particles        = 1424445
    Number of stuck particles       = 0
    Number of free particles        = 1424445
    Average linear kinetic energy   = 1.798447098e-19
    Average rotational energy       = 2.711558846e-21
    Average vibrational energy      = 3.277437816e-25
    Average electronic energy       = 0
    Total energy                    = 0.001560250986

Stage 1.0  ExecutionTime = 15.61 s  ClockTime = 10 s  Iteration 50 (0.62 s)

Time = 3.984029336e-06

    Collision global reduction skipped (rank 0 local diagnostics)
    Collisions                      = 52596
    Collision candidates           = 101468
    Collision acceptance rate      = 0.518350613

    Number of DSMC particles        = 1447673
    Number of stuck particles       = 0
    Number of free particles        = 1447673
    Average linear kinetic energy   = 1.779559065e-19
    Average rotational energy       = 3.18619584e-21
    Average vibrational energy      = 2.366709222e-25
    Average electronic energy       = 0
    Total energy                    = 0.00157340924

Stage 1.0  ExecutionTime = 18.42 s  ClockTime = 11 s  Iteration 60 (0.64 s)

Time = 4.648034226e-06

    Collision global reduction skipped (rank 0 local diagnostics)
    Collisions                      = 61270
    Collision candidates           = 118835
    Collision acceptance rate      = 0.5155888417

    Number of DSMC particles        = 1471251
    Number of stuck particles       = 0
    Number of free particles        = 1471251
    Average linear kinetic energy   = 1.762081557e-19
    Average rotational energy       = 3.674737945e-21
    Average vibrational energy      = 3.59902483e-25
    Average electronic energy       = 0
    Total energy                    = 0.0015879205

Stage 1.0  ExecutionTime = 21.3 s  ClockTime = 13 s  Iteration 70 (0.52 s)

Time = 5.312039115e-06

    Collision global reduction skipped (rank 0 local diagnostics)
    Collisions                      = 69270
    Collision candidates           = 135407
    Collision acceptance rate      = 0.5115688258

    Number of DSMC particles        = 1494536
    Number of stuck particles       = 0
    Number of free particles        = 1494536
    Average linear kinetic energy   = 1.745867339e-19
    Average rotational energy       = 4.181954815e-21
    Average vibrational energy      = 6.460676651e-25
    Average electronic energy       = 0
    Total energy                    = 0.001603063239

Stage 1.0  ExecutionTime = 24.31 s  ClockTime = 14 s  Iteration 80 (0.45 s)

Time = 5.976044005e-06

    Collision global reduction skipped (rank 0 local diagnostics)
    Collisions                      = 76887
    Collision candidates           = 150532
    Collision acceptance rate      = 0.5107684745

    Number of DSMC particles        = 1517655
    Number of stuck particles       = 0
    Number of free particles        = 1517655
    Average linear kinetic energy   = 1.730702208e-19
    Average rotational energy       = 4.690578334e-21
    Average vibrational energy      = 1.108027903e-24
    Average electronic energy       = 0
    Total energy                    = 0.001618687484

Stage 1.0  ExecutionTime = 27.35 s  ClockTime = 16 s  Iteration 90 (0.44 s)

Time = 6.640048894e-06

    Collision global reduction skipped (rank 0 local diagnostics)
    Collisions                      = 84539
    Collision candidates           = 166361
    Collision acceptance rate      = 0.5081659764


Phase C auto DLB triggered (SAR) at step 100: sar=0.0958667555 loadImbalance=1.327109396 threshold=1.5 particleMaxMin=1
Phase C ParMETIS weights: particles=1540859 activeCells=60000 maxCellParticles=297
Phase C ParMETIS: alpha=1 ncon=1 ubvec=[1.049999952] moveRatio=0.7865519409 (moveT=8.455276036s, collT=2.294523941s)
Phase C ParMETIS: AdaptiveRepart (60000 cells, 1 constraints, ubvec=1.049999952)
Replicated mesh: rank 0 owns 15024 / 60000 cells
Local mesh: 15024 owned + 492 halo = 15516 / 60000 cells
Phase C ParMETIS AdaptiveRepart: 26938 / 60000 cells changed (0.4489666667)
Phase C auto DLB complete: rebalance #1

    Number of DSMC particles        = 1540859
    Number of stuck particles       = 0
    Number of free particles        = 1540859
    Average linear kinetic energy   = 1.716465366e-19
    Average rotational energy       = 5.212875031e-21
    Average vibrational energy      = 1.182190058e-24
    Average electronic energy       = 0
    Total energy                    = 0.001635103426

Stage 1.0  ExecutionTime = 30.87 s  ClockTime = 18 s  Iteration 100 (0.85 s)

Time = 7.304053783e-06

    Collision global reduction skipped (rank 0 local diagnostics)
    Collisions                      = 91719
    Collision candidates           = 182045
    Collision acceptance rate      = 0.5038259771

    Number of DSMC particles        = 1563874
    Number of stuck particles       = 0
    Number of free particles        = 1563874
    Average linear kinetic energy   = 1.702784919e-19
    Average rotational energy       = 5.720956694e-21
    Average vibrational energy      = 1.742151655e-24
    Average electronic energy       = 0
    Total energy                    = 0.001651462117

Stage 1.0  ExecutionTime = 34.17 s  ClockTime = 20 s  Iteration 110 (0.35 s)

Time = 7.968058673e-06

    Collision global reduction skipped (rank 0 local diagnostics)
    Collisions                      = 98211
    Collision candidates           = 195470
    Collision acceptance rate      = 0.5024351563

    Number of DSMC particles        = 1586621
    Number of stuck particles       = 0
    Number of free particles        = 1586621
    Average linear kinetic energy   = 1.689775147e-19
    Average rotational energy       = 6.238897987e-21
    Average vibrational energy      = 2.217207882e-24
    Average electronic energy       = 0
    Total energy                    = 0.001668033347

Stage 1.0  ExecutionTime = 37.56 s  ClockTime = 21 s  Iteration 120 (0.35 s)

Time = 8.632063562e-06

    Collision global reduction skipped (rank 0 local diagnostics)
    Collisions                      = 104228
    Collision candidates           = 208961
    Collision acceptance rate      = 0.4987916405

    Number of DSMC particles        = 1608995
    Number of stuck particles       = 0
    Number of free particles        = 1608995
    Average linear kinetic energy   = 1.677645332e-19
    Average rotational energy       = 6.729806722e-21
    Average vibrational energy      = 2.56352921e-24
    Average electronic energy       = 0
    Total energy                    = 0.001684587871

Stage 1.0  ExecutionTime = 41.07 s  ClockTime = 23 s  Iteration 130 (0.36 s)

Time = 9.296068452e-06

    Collision global reduction skipped (rank 0 local diagnostics)
    Collisions                      = 110219
    Collision candidates           = 220865
    Collision acceptance rate      = 0.4990333462

    Number of DSMC particles        = 1631498
    Number of stuck particles       = 0
    Number of free particles        = 1631498
    Average linear kinetic energy   = 1.666511045e-19
    Average rotational energy       = 7.200495373e-21
    Average vibrational energy      = 2.890906086e-24
    Average electronic energy       = 0
    Total energy                    = 0.001701859524

Stage 1.0  ExecutionTime = 44.8 s  ClockTime = 25 s  Iteration 140 (0.39 s)

Time = 9.960073341e-06

    Collision global reduction skipped (rank 0 local diagnostics)
    Collisions                      = 115796
    Collision candidates           = 233236
    Collision acceptance rate      = 0.4964756727


Phase C auto DLB triggered (threshold) at step 150: sar=0 loadImbalance=1.577566582 threshold=1.5 particleMaxMin=1
Phase C ParMETIS weights: particles=1653673 activeCells=60000 maxCellParticles=327
Phase C ParMETIS: alpha=1 ncon=1 ubvec=[1.049999952] moveRatio=0.7467959372 (moveT=14.14626513s, collT=4.796346131s)
Phase C ParMETIS: AdaptiveRepart (60000 cells, 1 constraints, ubvec=1.049999952)
Replicated mesh: rank 0 owns 12025 / 60000 cells
Local mesh: 12025 owned + 431 halo = 12456 / 60000 cells
Phase C ParMETIS AdaptiveRepart: 41872 / 60000 cells changed (0.6978666667)
Phase C auto DLB complete: rebalance #2

    Number of DSMC particles        = 1653673
    Number of stuck particles       = 0
    Number of free particles        = 1653673
    Average linear kinetic energy   = 1.655213398e-19
    Average rotational energy       = 7.714082019e-21
    Average vibrational energy      = 3.463311499e-24
    Average electronic energy       = 0
    Total energy                    = 0.001718882801

Stage 1.0  ExecutionTime = 49.07 s  ClockTime = 27 s  Iteration 150 (0.83 s)

Time = 1.062407823e-05

    Collision global reduction skipped (rank 0 local diagnostics)
    Collisions                      = 6437
    Collision candidates           = 8237
    Collision acceptance rate      = 0.7814738376

    Number of DSMC particles        = 1675798
    Number of stuck particles       = 0
    Number of free particles        = 1675798
    Average linear kinetic energy   = 1.645601809e-19
    Average rotational energy       = 8.01269274e-21
    Average vibrational energy      = 4.030945871e-24
    Average electronic energy       = 0
    Total energy                    = 0.001735224189

Stage 1.0  ExecutionTime = 52.14 s  ClockTime = 28 s  Iteration 160 (1.08 s)

Time = 1.128808312e-05

    Collision global reduction skipped (rank 0 local diagnostics)
    Collisions                      = 6664
    Collision candidates           = 8963
    Collision acceptance rate      = 0.7435010599

    Number of DSMC particles        = 1697660
    Number of stuck particles       = 0
    Number of free particles        = 1697660
    Average linear kinetic energy   = 1.634620954e-19
    Average rotational energy       = 8.491897579e-21
    Average vibrational energy      = 5.106020503e-24
    Average electronic energy       = 0
    Total energy                    = 0.001751568504

Stage 1.0  ExecutionTime = 55.32 s  ClockTime = 30 s  Iteration 170 (1.09 s)

Time = 1.195208801e-05

    Collision global reduction skipped (rank 0 local diagnostics)
    Collisions                      = 6694
    Collision candidates           = 9368
    Collision acceptance rate      = 0.714560205

    Number of DSMC particles        = 1719103
    Number of stuck particles       = 0
    Number of free particles        = 1719103
    Average linear kinetic energy   = 1.624286051e-19
    Average rotational energy       = 8.952007128e-21
    Average vibrational energy      = 6.029055364e-24
    Average electronic energy       = 0
    Total energy                    = 0.001767787735

Stage 1.0  ExecutionTime = 58.58 s  ClockTime = 32 s  Iteration 180 (1.14 s)

Time = 1.26160929e-05

    Collision global reduction skipped (rank 0 local diagnostics)
    Collisions                      = 6608
    Collision candidates           = 9573
    Collision acceptance rate      = 0.690274731

    Number of DSMC particles        = 1740476
    Number of stuck particles       = 0
    Number of free particles        = 1740476
    Average linear kinetic energy   = 1.614743405e-19
    Average rotational energy       = 9.385057811e-21
    Average vibrational energy      = 6.822868964e-24
    Average electronic energy       = 0
    Total energy                    = 0.001784331344

Stage 1.0  ExecutionTime = 61.95 s  ClockTime = 34 s  Iteration 190 (1.2 s)

Time = 1.328009779e-05

    Collision global reduction skipped (rank 0 local diagnostics)
    Collisions                      = 6610
    Collision candidates           = 9672
    Collision acceptance rate      = 0.6834160463


Phase C auto DLB triggered (threshold) at step 200: sar=0 loadImbalance=1.661502359 threshold=1.5 particleMaxMin=1
Phase C ParMETIS weights: particles=1761752 activeCells=60000 maxCellParticles=340
Phase C ParMETIS: alpha=1 ncon=1 ubvec=[1.049999952] moveRatio=0.7828655417 (moveT=18.72233883s, collT=5.192800913s)
Phase C ParMETIS: AdaptiveRepart (60000 cells, 1 constraints, ubvec=1.049999952)
Replicated mesh: rank 0 owns 14428 / 60000 cells
Local mesh: 14428 owned + 584 halo = 15012 / 60000 cells
Phase C ParMETIS AdaptiveRepart: 42760 / 60000 cells changed (0.7126666667)
Phase C auto DLB complete: rebalance #3

    Number of DSMC particles        = 1761752
    Number of stuck particles       = 0
    Number of free particles        = 1761752
    Average linear kinetic energy   = 1.605348876e-19
    Average rotational energy       = 9.817414005e-21
    Average vibrational energy      = 7.74699919e-24
    Average electronic energy       = 0
    Total energy                    = 0.001800792938

Stage 1.0  ExecutionTime = 65.75 s  ClockTime = 37 s  Iteration 200 (1.63 s)

Time = 1.394410268e-05

    Collision global reduction skipped (rank 0 local diagnostics)
    Collisions                      = 95166
    Collision candidates           = 183544
    Collision acceptance rate      = 0.5184914789

    Number of DSMC particles        = 1782295
    Number of stuck particles       = 0
    Number of free particles        = 1782295
    Average linear kinetic energy   = 1.596941468e-19
    Average rotational energy       = 1.01762248e-20
    Average vibrational energy      = 8.495750542e-24
    Average electronic energy       = 0
    Total energy                    = 0.001816645536

Stage 1.0  ExecutionTime = 69.82 s  ClockTime = 39 s  Iteration 210 (0.74 s)

Time = 1.460810757e-05

    Collision global reduction skipped (rank 0 local diagnostics)
    Collisions                      = 98558
    Collision candidates           = 191656
    Collision acceptance rate      = 0.514244271

    Number of DSMC particles        = 1802972
    Number of stuck particles       = 0
    Number of free particles        = 1802972
    Average linear kinetic energy   = 1.588020038e-19
    Average rotational energy       = 1.057315097e-20
    Average vibrational energy      = 9.1667854e-24
    Average electronic energy       = 0
    Total energy                    = 0.001832371133

Stage 1.0  ExecutionTime = 74.01 s  ClockTime = 41 s  Iteration 220 (0.67 s)

Time = 1.527211246e-05

    Collision global reduction skipped (rank 0 local diagnostics)
    Collisions                      = 102770
    Collision candidates           = 200086
    Collision acceptance rate      = 0.5136291395

    Number of DSMC particles        = 1822928
    Number of stuck particles       = 0
    Number of free particles        = 1822928
    Average linear kinetic energy   = 1.57948523e-19
    Average rotational energy       = 1.095325706e-20
    Average vibrational energy      = 1.049148371e-23
    Average electronic energy       = 0
    Total energy                    = 0.001847489456

Stage 1.0  ExecutionTime = 78.16 s  ClockTime = 43 s  Iteration 230 (0.45 s)

Time = 1.593611735e-05

    Collision global reduction skipped (rank 0 local diagnostics)
    Collisions                      = 106907
    Collision candidates           = 207740
    Collision acceptance rate      = 0.5146192356

    Number of DSMC particles        = 1843161
    Number of stuck particles       = 0
    Number of free particles        = 1843161
    Average linear kinetic energy   = 1.571519104e-19
    Average rotational energy       = 1.13349517e-20
    Average vibrational energy      = 1.095029478e-23
    Average electronic energy       = 0
    Total energy                    = 0.001863411578

Stage 1.0  ExecutionTime = 82.27 s  ClockTime = 45 s  Iteration 240 (0.42 s)

Time = 1.660012224e-05

    Collision global reduction skipped (rank 0 local diagnostics)
    Collisions                      = 110548
    Collision candidates           = 215372
    Collision acceptance rate      = 0.5132886355


Phase C auto DLB triggered (threshold) at step 250: sar=0 loadImbalance=1.603185354 threshold=1.5 particleMaxMin=1
Phase C ParMETIS weights: particles=1863252 activeCells=60000 maxCellParticles=364
Phase C ParMETIS: alpha=1 ncon=1 ubvec=[1.049999952] moveRatio=0.7656224264 (moveT=25.38973621s, collT=7.772479702s)
Phase C ParMETIS: AdaptiveRepart (60000 cells, 1 constraints, ubvec=1.049999952)
Replicated mesh: rank 0 owns 16009 / 60000 cells
Local mesh: 16009 owned + 726 halo = 16735 / 60000 cells
Phase C ParMETIS AdaptiveRepart: 42342 / 60000 cells changed (0.7057)
Phase C auto DLB complete: rebalance #4

    Number of DSMC particles        = 1863252
    Number of stuck particles       = 0
    Number of free particles        = 1863252
    Average linear kinetic energy   = 1.563539143e-19
    Average rotational energy       = 1.171051019e-20
    Average vibrational energy      = 1.211902259e-23
    Average electronic energy       = 0
    Total energy                    = 0.001879013735

Stage 1.0  ExecutionTime = 87.15 s  ClockTime = 48 s  Iteration 250 (0.95 s)

Time = 1.726412712e-05

    Collision global reduction skipped (rank 0 local diagnostics)
    Collisions                      = 7462
    Collision candidates           = 10415
    Collision acceptance rate      = 0.7164666347

    Number of DSMC particles        = 1882987
    Number of stuck particles       = 0
    Number of free particles        = 1882987
    Average linear kinetic energy   = 1.555826741e-19
    Average rotational energy       = 1.211357174e-20
    Average vibrational energy      = 1.242132381e-23
    Average electronic energy       = 0
    Total energy                    = 0.00189475944

Stage 1.0  ExecutionTime = 90.7 s  ClockTime = 50 s  Iteration 260 (1.22 s)

Time = 1.792813201e-05

    Collision global reduction skipped (rank 0 local diagnostics)
    Collisions                      = 7532
    Collision candidates           = 10898
    Collision acceptance rate      = 0.6911359883

    Number of DSMC particles        = 1902884
    Number of stuck particles       = 0
    Number of free particles        = 1902884
    Average linear kinetic energy   = 1.548712547e-19
    Average rotational energy       = 1.2508026e-20
    Average vibrational energy      = 1.369744159e-23
    Average electronic energy       = 0
    Total energy                    = 0.001911176519

Stage 1.0  ExecutionTime = 94.39 s  ClockTime = 52 s  Iteration 270 (1.27 s)

Time = 1.85921369e-05

    Collision global reduction skipped (rank 0 local diagnostics)
    Collisions                      = 7514
    Collision candidates           = 11197
    Collision acceptance rate      = 0.6710726087

    Number of DSMC particles        = 1922120
    Number of stuck particles       = 0
    Number of free particles        = 1922120
    Average linear kinetic energy   = 1.541697597e-19
    Average rotational energy       = 1.28909665e-20
    Average vibrational energy      = 1.487964773e-23
    Average electronic energy       = 0
    Total energy                    = 0.001926836181

Stage 1.0  ExecutionTime = 98.19 s  ClockTime = 54 s  Iteration 280 (1.37 s)

Time = 1.925614179e-05

    Collision global reduction skipped (rank 0 local diagnostics)
    Collisions                      = 7547
    Collision candidates           = 11501
    Collision acceptance rate      = 0.6562038084

    Number of DSMC particles        = 1941180
    Number of stuck particles       = 0
    Number of free particles        = 1941180
    Average linear kinetic energy   = 1.535068853e-19
    Average rotational energy       = 1.324148804e-20
    Average vibrational energy      = 1.599948868e-23
    Average electronic energy       = 0
    Total energy                    = 0.001942317991

Stage 1.0  ExecutionTime = 102.03 s  ClockTime = 56 s  Iteration 290 (1.29 s)

Time = 1.992014668e-05

    Collision global reduction skipped (rank 0 local diagnostics)
    Collisions                      = 7881
    Collision candidates           = 11898
    Collision acceptance rate      = 0.662380232


Phase C auto DLB triggered (threshold) at step 300: sar=0 loadImbalance=1.654427497 threshold=1.5 particleMaxMin=1
Phase C auto DLB skipped near end at step 300: remainingSteps=0 minRemainingSteps=50
    Number of DSMC particles        = 1960064
    Number of stuck particles       = 0
    Number of free particles        = 1960064
    Average linear kinetic energy   = 1.528458955e-19
    Average rotational energy       = 1.357396594e-20
    Average vibrational energy      = 1.710749114e-23
    Average electronic energy       = 0
    Total energy                    = 0.001957362666

Stage 1.0  ExecutionTime = 106.08 s  ClockTime = 59 s  Iteration 300 (1.41 s)

End stage 1


DSMC solver profile summary
    solver profile steps          = 300
    move+collide wall [s]         = 53.74077306
    move only [s]                 = 43.05047174
    buildCellOccupancy [s]        = 3.753466679
    collision phase [s]           = 8.250059604
    post fields/output [s]        = 0.175978934
    total profiled [s]            = 55.22997695
    full evolve wall [s]          = 53.9117873
    move+collide cpu [s]          = 104.2
    move only cpu [s]             = 84.17
    buildCellOccupancy cpu [s]    = 6.78
    collision phase cpu [s]       = 16.37
    post fields/output cpu [s]    = 0.43
    total profiled cpu [s]        = 107.75
    full evolve cpu [s]           = 104.59
    collision localLoop max [s] = 8.230673562
    collision reduce max [s]    = 0
    collision sigmaBC max [s]   = 0.019614591
    collision total max [s]     = 8.246620913
    collision accounted max [s] = 8.246065515
    collision residual max [s]  = 0.000603444
    collision subphase max sum [s] = 8.250288153
    collision cumulative global collisions = 41305546
    collision cumulative global candidates  = 76183972
    collision cumulative acceptance        = 0.5421815759
    OpenMP enabled                = 1
    OpenMP max threads            = 2
    OpenMP move                   = 1 (static, chunk 64)
    OpenMP collision              = dynamic, chunk 8


Replicated mesh profiling summary:
    migration calls             = 35
    migration wall time [s]     = 2.678884059
    local particles (final)     = 487530
    migration wall max [s]      = 2.762643701
    migration pack max [s]      = 0.472054793
    migration local prep max [s]= 0.306933384
    migration size exchange max [s] = 1.893089917
    migration request post max [s] = 0.09542814
    migration wait max [s]      = 0.099638465
    migration deserialize max [s] = 0.260178929
    migration post max [s]      = 0.020042628
    migration candidate gather max [s] = 6.76e-06
    migration accounted max [s] = 2.762643701
    migration residual max [s]  = 4.440892099e-16
    updateParticleCounts max [s]= 0.155024778
    migration subphase max sum [s] = 3.147373016
    particles per rank          = min 450572 max 529326 max/min 1.174786716
    rank wall time (evolve, 300 steps): min 75.83 max 101.38 max/min 1.336937887
    Phase C auto DLB checks      = 300
    Phase C auto DLB rebalances = 4
    Phase C auto DLB triggered checks = 4
    Phase C auto DLB wall max [s]= 4.16804373
    Phase C auto DLB check max [s]= 3.350837048
    Phase C ParMETIS max [s]     = 0.288541322
    Phase C migration max [s]    = 0.631338721
    Phase C cellOwner write max [s] = 0
    Phase C post-diagnostic max [s] = 0.000250416
    Phase C auto DLB accounted max [s] = 4.270967507
    Phase C auto DLB residual max [s] = -0.102923777

Total Iterations = 300
End main

real 59.48
user 409.24
sys 19.46
