case=zb
mode=MPI8
rep=2
np=8
OMP_NUM_THREADS=1
case_dir=/home/superxcx/code/OpenFoam/OF-1706/hyStrath_dlb/run/hyStrath/dsmcFoam+/xcx_test/zb-cylinder-react/mpi8
controlDict=/home/superxcx/code/OpenFoam/OF-1706/hyStrath_dlb/doc/worklog/v2506/detail_mix/zb_full_series_current_mpi8cfg_repeat3_20260617/controlDicts/zb_MPI8_rep2_controlDict
start=2026-06-18T00:03:20+08:00
/*---------------------------------------------------------------------------*\
| =========                 |                                                 |
| \\      /  F ield         | OpenFOAM: The Open Source CFD Toolbox           |
|  \\    /   O peration     | Version:  v1706                                 |
|   \\  /    A nd           | Web:      www.OpenFOAM.com                      |
|    \\/     M anipulation  |                                                 |
\*---------------------------------------------------------------------------*/
Build  : v1706
Arch   : "LSB;label=32;scalar=64"
Exec   : dsmcFoam+
Date   : Jun 18 2026
Time   : 00:03:20
Host   : "SuperXCX-ROG"
PID    : 29818
/*---------------------------------------------------------------------------*\
| =========                 |                                                 |
| \\      /  F ield         | OpenFOAM: The Open Source CFD Toolbox           |
|  \\    /   O peration     | Version:  v1706                                 |
|   \\  /    A nd           | Web:      www.OpenFOAM.com                      |
|    \\/     M anipulation  |                                                 |
\*---------------------------------------------------------------------------*/
Build  : v1706
Arch   : "LSB;label=32;scalar=64"
Exec   : dsmcFoam+
Date   : Jun 18 2026
Time   : 00:03:20
Host   : "SuperXCX-ROG"
PID    : 29823
Case   : /home/superxcx/code/OpenFoam/OF-1706/hyStrath_dlb/run/hyStrath/dsmcFoam+/xcx_test/zb-cylinder-react/mpi8
nProcs : 1
/*---------------------------------------------------------------------------*\
| =========                 |                                                 |
| \\      /  F ield         | OpenFOAM: The Open Source CFD Toolbox           |
|  \\    /   O peration     | Version:  v1706                                 |
|   \\  /    A nd           | Web:      www.OpenFOAM.com                      |
|    \\/     M anipulation  |                                                 |
\*---------------------------------------------------------------------------*/
Build  : v1706
Arch   : "LSB;label=32;scalar=64"
Exec   : dsmcFoam+
Date   : Jun 18 2026
Time   : 00:03:20
Host   : "SuperXCX-ROG"
PID    : 29821
Case   : /home/superxcx/code/OpenFoam/OF-1706/hyStrath_dlb/run/hyStrath/dsmcFoam+/xcx_test/zb-cylinder-react/mpi8
nProcs : 1
sigFpe : Enabling floating point exception trapping (FOAM_SIGFPE).
fileModificationChecking : Monitoring run-time modified files using timeStampMaster (fileModificationSkew 10)
allowSystemOperations : Allowing user-supplied system call operations

// * * * * * * * * * * * * * * * * * * * * * * * * * * * * * * * * * * * * * //
Create time

sigFpe : Enabling floating point exception trapping (FOAM_SIGFPE).
fileModificationChecking : Monitoring run-time modified files using timeStampMaster (fileModificationSkew 10)
allowSystemOperations : Allowing user-supplied system call operations

// * * * * * * * * * * * * * * * * * * * * * * * * * * * * * * * * * * * * * //
Create time

Case   : /home/superxcx/code/OpenFoam/OF-1706/hyStrath_dlb/run/hyStrath/dsmcFoam+/xcx_test/zb-cylinder-react/mpi8
nProcs : 1
sigFpe : Enabling floating point exception trapping (FOAM_SIGFPE).
/*---------------------------------------------------------------------------*\
| =========                 |                                                 |
| \\      /  F ield         | OpenFOAM: The Open Source CFD Toolbox           |
|  \\    /   O peration     | Version:  v1706                                 |
|   \\  /    A nd           | Web:      www.OpenFOAM.com                      |
|    \\/     M anipulation  |                                                 |
\*---------------------------------------------------------------------------*/
Build  : v1706
Arch   : "LSB;label=32;scalar=64"
Exec   : dsmcFoam+
Date   : Jun 18 2026
Time   : 00:03:20
Host   : "SuperXCX-ROG"
PID    : 29824
fileModificationChecking : Monitoring run-time modified files using timeStampMaster (fileModificationSkew 10)
allowSystemOperations : Allowing user-supplied system call operations

// * * * * * * * * * * * * * * * * * * * * * * * * * * * * * * * * * * * * * //
Create time

Case   : /home/superxcx/code/OpenFoam/OF-1706/hyStrath_dlb/run/hyStrath/dsmcFoam+/xcx_test/zb-cylinder-react/mpi8
nProcs : 1
/*---------------------------------------------------------------------------*\
| =========                 |                                                 |
| \\      /  F ield         | OpenFOAM: The Open Source CFD Toolbox           |
|  \\    /   O peration     | Version:  v1706                                 |
|   \\  /    A nd           | Web:      www.OpenFOAM.com                      |
|    \\/     M anipulation  |                                                 |
\*---------------------------------------------------------------------------*/
Build  : v1706
Arch   : "LSB;label=32;scalar=64"
Exec   : dsmcFoam+
Date   : Jun 18 2026
Time   : 00:03:20
Host   : "SuperXCX-ROG"
PID    : 29822
sigFpe : Enabling floating point exception trapping (FOAM_SIGFPE).
fileModificationChecking : Monitoring run-time modified files using timeStampMaster (fileModificationSkew 10)
allowSystemOperations : Allowing user-supplied system call operations

// * * * * * * * * * * * * * * * * * * * * * * * * * * * * * * * * * * * * * //
Create time

Create mesh for time = 0

Case   : /home/superxcx/code/OpenFoam/OF-1706/hyStrath_dlb/run/hyStrath/dsmcFoam+/xcx_test/zb-cylinder-react/mpi8
nProcs : 1
sigFpe : Enabling floating point exception trapping (FOAM_SIGFPE).
fileModificationChecking : Monitoring run-time modified files using timeStampMaster (fileModificationSkew 10)
allowSystemOperations : Allowing user-supplied system call operations

// * * * * * * * * * * * * * * * * * * * * * * * * * * * * * * * * * * * * * //
Create time

Create mesh for time = 0

Create mesh for time = 0

Selecting dynamicFvMesh dynamicRefineFvMesh
Selecting dynamicFvMesh dynamicRefineFvMesh
/*---------------------------------------------------------------------------*\
| =========                 |                                                 |
| \\      /  F ield         | OpenFOAM: The Open Source CFD Toolbox           |
|  \\    /   O peration     | Version:  v1706                                 |
|   \\  /    A nd           | Web:      www.OpenFOAM.com                      |
|    \\/     M anipulation  |                                                 |
\*---------------------------------------------------------------------------*/
Build  : v1706
Arch   : "LSB;label=32;scalar=64"
Exec   : dsmcFoam+
Date   : Jun 18 2026
Time   : 00:03:20
Host   : "SuperXCX-ROG"
PID    : 29820
Selecting dynamicFvMesh dynamicRefineFvMesh
Create mesh for time = 0

Selecting dynamicFvMesh dynamicRefineFvMesh
Case   : /home/superxcx/code/OpenFoam/OF-1706/hyStrath_dlb/run/hyStrath/dsmcFoam+/xcx_test/zb-cylinder-react/mpi8
nProcs : 1
sigFpe : Enabling floating point exception trapping (FOAM_SIGFPE).
fileModificationChecking : Monitoring run-time modified files using timeStampMaster (fileModificationSkew 10)
allowSystemOperations : Allowing user-supplied system call operations

// * * * * * * * * * * * * * * * * * * * * * * * * * * * * * * * * * * * * * //
Create time

Create mesh for time = 0

Selecting dynamicFvMesh dynamicRefineFvMesh
/*---------------------------------------------------------------------------*\
| =========                 |                                                 |
| \\      /  F ield         | OpenFOAM: The Open Source CFD Toolbox           |
|  \\    /   O peration     | Version:  v1706                                 |
|   \\  /    A nd           | Web:      www.OpenFOAM.com                      |
|    \\/     M anipulation  |                                                 |
\*---------------------------------------------------------------------------*/
Build  : v1706
Arch   : "LSB;label=32;scalar=64"
Exec   : dsmcFoam+
Date   : Jun 18 2026
Time   : 00:03:20
Host   : "SuperXCX-ROG"
PID    : 29819
Case   : /home/superxcx/code/OpenFoam/OF-1706/hyStrath_dlb/run/hyStrath/dsmcFoam+/xcx_test/zb-cylinder-react/mpi8
nProcs : 1
sigFpe : Enabling floating point exception trapping (FOAM_SIGFPE).
Create mesh for time = 0

Selecting dynamicFvMesh dynamicRefineFvMesh
fileModificationChecking : Monitoring run-time modified files using timeStampMaster (fileModificationSkew 10)
allowSystemOperations : Allowing user-supplied system call operations

// * * * * * * * * * * * * * * * * * * * * * * * * * * * * * * * * * * * * * //
Create time

/*---------------------------------------------------------------------------*\
| =========                 |                                                 |
| \\      /  F ield         | OpenFOAM: The Open Source CFD Toolbox           |
|  \\    /   O peration     | Version:  v1706                                 |
|   \\  /    A nd           | Web:      www.OpenFOAM.com                      |
|    \\/     M anipulation  |                                                 |
\*---------------------------------------------------------------------------*/
Build  : v1706
Arch   : "LSB;label=32;scalar=64"
Exec   : dsmcFoam+
Date   : Jun 18 2026
Time   : 00:03:20
Host   : "SuperXCX-ROG"
PID    : 29825
Create mesh for time = 0

Selecting dynamicFvMesh dynamicRefineFvMesh
Case   : /home/superxcx/code/OpenFoam/OF-1706/hyStrath_dlb/run/hyStrath/dsmcFoam+/xcx_test/zb-cylinder-react/mpi8
nProcs : 1
sigFpe : Enabling floating point exception trapping (FOAM_SIGFPE).
fileModificationChecking : Monitoring run-time modified files using timeStampMaster (fileModificationSkew 10)
allowSystemOperations : Allowing user-supplied system call operations

// * * * * * * * * * * * * * * * * * * * * * * * * * * * * * * * * * * * * * //
Create time

Create mesh for time = 0

Selecting dynamicFvMesh dynamicRefineFvMesh

Constructing dsmcCloud 

Constructing dsmcCloud 

Constructing dsmcCloud 

Constructing dsmcCloud 

Constructing dsmcCloud 

Constructing dsmcCloud 

Constructing dsmcCloud 

Constructing dsmcCloud 
Selecting the coordinate system model:	dsmcCartesian

Selecting the time-step model:	dsmcConstantTimeStepModel

Constant time-step model:
- time-step [sec]	6.640048894e-08

Selecting the porous measurement model:	dsmcNoPorousMediumMeasurements


Creating dsmcControllers

Selecting the coordinate system model:	dsmcCartesian

Selecting the time-step model:	dsmcConstantTimeStepModel

Constant time-step model:
- time-step [sec]	6.640048894e-08

Selecting the porous measurement model:	dsmcNoPorousMediumMeasurements

Creating fields: 

Selecting field: dsmcVolFields

TimeData Statistics: 
 measurement option: write
 nSamples: 1, time interval: 6.640048894e-08
 nAverages: 15060, time interval: 0.0009999913634
 total no. of sampling steps: 0
 total no. of averaging Steps: 0



Creating dsmcControllers

Creating fields: 

Selecting field: dsmcVolFields

TimeData Statistics: 
 measurement option: write
 nSamples: 1, time interval: 6.640048894e-08
 nAverages: 15060, time interval: 0.0009999913634
 total no. of sampling steps: 0
 total no. of averaging Steps: 0


Selecting the coordinate system model:	dsmcCartesian

Selecting the time-step model:	dsmcConstantTimeStepModel

Constant time-step model:
- time-step [sec]	6.640048894e-08

Selecting the porous measurement model:	dsmcNoPorousMediumMeasurements


Creating dsmcControllers

Creating fields: 

Selecting field: dsmcVolFields

TimeData Statistics: 
 measurement option: write
 nSamples: 1, time interval: 6.640048894e-08
 nAverages: 15060, time interval: 0.0009999913634
 total no. of sampling steps: 0
 total no. of averaging Steps: 0


Selecting field: dsmcVolFields

TimeData Statistics: 
 measurement option: write
 nSamples: 1, time interval: 6.640048894e-08
 nAverages: 15060, time interval: 0.0009999913634
 total no. of sampling steps: 0
 total no. of averaging Steps: 0


Selecting field: dsmcVolFields

TimeData Statistics: 
 measurement option: write
 nSamples: 1, time interval: 6.640048894e-08
 nAverages: 15060, time interval: 0.0009999913634
 total no. of sampling steps: 0
 total no. of averaging Steps: 0


Selecting field: dsmcVolFields

TimeData Statistics: 
 measurement option: write
 nSamples: 1, time interval: 6.640048894e-08
 nAverages: 15060, time interval: 0.0009999913634
 total no. of sampling steps: 0
 total no. of averaging Steps: 0


Selecting field: dsmcVolFields

TimeData Statistics: 
 measurement option: write
 nSamples: 1, time interval: 6.640048894e-08
 nAverages: 15060, time interval: 0.0009999913634
 total no. of sampling steps: 0
 total no. of averaging Steps: 0


Selecting field: dsmcVolFields

TimeData Statistics: 
 measurement option: write
 nSamples: 1, time interval: 6.640048894e-08
 nAverages: 15060, time interval: 0.0009999913634
 total no. of sampling steps: 0
 total no. of averaging Steps: 0


Selecting the coordinate system model:	dsmcCartesian

Selecting the time-step model:	dsmcConstantTimeStepModel

Constant time-step model:
- time-step [sec]	6.640048894e-08

Selecting the porous measurement model:	dsmcNoPorousMediumMeasurements


Creating dsmcControllers

Creating fields: 

Selecting field: dsmcVolFields

TimeData Statistics: 
 measurement option: write
 nSamples: 1, time interval: 6.640048894e-08
 nAverages: 15060, time interval: 0.0009999913634
 total no. of sampling steps: 0
 total no. of averaging Steps: 0


Selecting field: dsmcVolFields

TimeData Statistics: 
 measurement option: write
 nSamples: 1, time interval: 6.640048894e-08
 nAverages: 15060, time interval: 0.0009999913634
 total no. of sampling steps: 0
 total no. of averaging Steps: 0


Selecting field: dsmcVolFields

TimeData Statistics: 
 measurement option: write
 nSamples: 1, time interval: 6.640048894e-08
 nAverages: 15060, time interval: 0.0009999913634
 total no. of sampling steps: 0
 total no. of averaging Steps: 0


Selecting the coordinate system model:	dsmcCartesian

Selecting the time-step model:	dsmcConstantTimeStepModel

Constant time-step model:
- time-step [sec]	6.640048894e-08

Selecting the porous measurement model:	dsmcNoPorousMediumMeasurements

Selecting field: dsmcVolFields

TimeData Statistics: 
 measurement option: write
 nSamples: 1, time interval: 6.640048894e-08
 nAverages: 15060, time interval: 0.0009999913634
 total no. of sampling steps: 0
 total no. of averaging Steps: 0


Selecting the coordinate system model:	dsmcCartesian

Selecting the time-step model:	dsmcConstantTimeStepModel

Selecting the coordinate system model:	dsmcCartesian

Selecting the time-step model:	dsmcConstantTimeStepModel

Constant time-step model:
- time-step [sec]	6.640048894e-08

Selecting the porous measurement model:	dsmcNoPorousMediumMeasurements

Constant time-step model:
- time-step [sec]	6.640048894e-08

Selecting the porous measurement model:	dsmcNoPorousMediumMeasurements

Selecting the coordinate system model:	dsmcCartesian

Selecting the time-step model:	dsmcConstantTimeStepModel

Constant time-step model:
- time-step [sec]	6.640048894e-08

Selecting the porous measurement model:	dsmcNoPorousMediumMeasurements


Creating dsmcControllers

Creating fields: 

Selecting field: dsmcVolFields

TimeData Statistics: 
 measurement option: write
 nSamples: 1, time interval: 6.640048894e-08
 nAverages: 15060, time interval: 0.0009999913634
 total no. of sampling steps: 0
 total no. of averaging Steps: 0



Creating dsmcControllers

Selecting field: dsmcVolFields

TimeData Statistics: 
 measurement option: write
 nSamples: 1, time interval: 6.640048894e-08
 nAverages: 15060, time interval: 0.0009999913634
 total no. of sampling steps: 0
 total no. of averaging Steps: 0



Creating dsmcControllers

Creating fields: 

Selecting field: dsmcVolFields

TimeData Statistics: 
 measurement option: write
 nSamples: 1, time interval: 6.640048894e-08
 nAverages: 15060, time interval: 0.0009999913634
 total no. of sampling steps: 0
 total no. of averaging Steps: 0


Creating fields: 

Selecting field: dsmcVolFields

TimeData Statistics: 
 measurement option: write
 nSamples: 1, time interval: 6.640048894e-08
 nAverages: 15060, time interval: 0.0009999913634
 total no. of sampling steps: 0
 total no. of averaging Steps: 0



Creating dsmcControllers

Creating fields: 

Selecting field: dsmcVolFields

TimeData Statistics: 
 measurement option: write
 nSamples: 1, time interval: 6.640048894e-08
 nAverages: 15060, time interval: 0.0009999913634
 total no. of sampling steps: 0
 total no. of averaging Steps: 0


Selecting field: dsmcVolFields

TimeData Statistics: 
 measurement option: write
 nSamples: 1, time interval: 6.640048894e-08
 nAverages: 15060, time interval: 0.0009999913634
 total no. of sampling steps: 0
 total no. of averaging Steps: 0


Selecting field: dsmcVolFields

TimeData Statistics: 
 measurement option: write
 nSamples: 1, time interval: 6.640048894e-08
 nAverages: 15060, time interval: 0.0009999913634
 total no. of sampling steps: 0
 total no. of averaging Steps: 0


Selecting field: dsmcVolFields

TimeData Statistics: 
 measurement option: write
 nSamples: 1, time interval: 6.640048894e-08
 nAverages: 15060, time interval: 0.0009999913634
 total no. of sampling steps: 0
 total no. of averaging Steps: 0


Selecting field: dsmcVolFields

TimeData Statistics: 
 measurement option: write
 nSamples: 1, time interval: 6.640048894e-08
 nAverages: 15060, time interval: 0.0009999913634
 total no. of sampling steps: 0
 total no. of averaging Steps: 0


Selecting field: dsmcVolFields

TimeData Statistics: 
 measurement option: write
 nSamples: 1, time interval: 6.640048894e-08
 nAverages: 15060, time interval: 0.0009999913634
 total no. of sampling steps: 0
 total no. of averaging Steps: 0


Selecting field: dsmcVolFields

TimeData Statistics: 
 measurement option: write
 nSamples: 1, time interval: 6.640048894e-08
 nAverages: 15060, time interval: 0.0009999913634
 total no. of sampling steps: 0
 total no. of averaging Steps: 0


Selecting field: dsmcVolFields

TimeData Statistics: 
 measurement option: write
 nSamples: 1, time interval: 6.640048894e-08
 nAverages: 15060, time interval: 0.0009999913634
 total no. of sampling steps: 0
 total no. of averaging Steps: 0


Selecting field: dsmcVolFields

TimeData Statistics: 
 measurement option: write
 nSamples: 1, time interval: 6.640048894e-08
 nAverages: 15060, time interval: 0.0009999913634
 total no. of sampling steps: 0
 total no. of averaging Steps: 0


Selecting field: dsmcVolFields

TimeData Statistics: 
 measurement option: write
 nSamples: 1, time interval: 6.640048894e-08
 nAverages: 15060, time interval: 0.0009999913634
 total no. of sampling steps: 0
 total no. of averaging Steps: 0


Selecting field: dsmcVolFields

TimeData Statistics: 
 measurement option: write
 nSamples: 1, time interval: 6.640048894e-08
 nAverages: 15060, time interval: 0.0009999913634
 total no. of sampling steps: 0
 total no. of averaging Steps: 0


Selecting field: dsmcVolFields

TimeData Statistics: 
 measurement option: write
 nSamples: 1, time interval: 6.640048894e-08
 nAverages: 15060, time interval: 0.0009999913634
 total no. of sampling steps: 0
 total no. of averaging Steps: 0


Selecting field: dsmcVolFields

TimeData Statistics: 
 measurement option: write
 nSamples: 1, time interval: 6.640048894e-08
 nAverages: 15060, time interval: 0.0009999913634
 total no. of sampling steps: 0
 total no. of averaging Steps: 0


Selecting field: dsmcVolFields

TimeData Statistics: 
 measurement option: write
 nSamples: 1, time interval: 6.640048894e-08
 nAverages: 15060, time interval: 0.0009999913634
 total no. of sampling steps: 0
 total no. of averaging Steps: 0


Selecting field: dsmcVolFields

TimeData Statistics: 
 measurement option: write
 nSamples: 1, time interval: 6.640048894e-08
 nAverages: 15060, time interval: 0.0009999913634
 total no. of sampling steps: 0
 total no. of averaging Steps: 0


Selecting field: dsmcVolFields

TimeData Statistics: 
 measurement option: write
 nSamples: 1, time interval: 6.640048894e-08
 nAverages: 15060, time interval: 0.0009999913634
 total no. of sampling steps: 0
 total no. of averaging Steps: 0


Selecting field: dsmcVolFields

TimeData Statistics: 
 measurement option: write
 nSamples: 1, time interval: 6.640048894e-08
 nAverages: 15060, time interval: 0.0009999913634
 total no. of sampling steps: 0
 total no. of averaging Steps: 0


Creating the boundary models: 

Selecting dsmcPatchBoundaryModel dsmcDeletionPatch
Selecting dsmcPatchBoundaryModel dsmcDeletionPatch
Selecting dsmcPatchBoundaryModel dsmcDiffuseWallPatch
Selecting dsmcGeneralBoundaryModel dsmcFreeStreamInflowPatch
Selecting field: dsmcVolFields

TimeData Statistics: 
 measurement option: write
 nSamples: 1, time interval: 6.640048894e-08
 nAverages: 15060, time interval: 0.0009999913634
 total no. of sampling steps: 0
 total no. of averaging Steps: 0


Selecting BinaryCollisionModel LarsenBorgnakkeVariableHardSphere
Selecting field: dsmcVolFields

TimeData Statistics: 
 measurement option: write
 nSamples: 1, time interval: 6.640048894e-08
 nAverages: 15060, time interval: 0.0009999913634
 total no. of sampling steps: 0
 total no. of averaging Steps: 0



Creating dsmcReactions

Selecting the reaction model dissociationQK
Selecting the reaction model dissociationExchangeQK
Selecting the reaction model dissociationQK
Selecting the reaction model dissociationQK
Selecting the reaction model dissociationQK
Selecting the reaction model dissociationQK
Selecting the reaction model dissociationQK
Selecting the reaction model dissociationExchangeQK
Selecting the reaction model dissociationQK
Selecting the reaction model dissociationExchangeQK
Selecting the reaction model dissociationExchangeQK
Selecting the reaction model dissociationQK
Number of reactions created: 12
Selecting field: dsmcVolFields

TimeData Statistics: 
 measurement option: write
 nSamples: 1, time interval: 6.640048894e-08
 nAverages: 15060, time interval: 0.0009999913634
 total no. of sampling steps: 0
 total no. of averaging Steps: 0


Creating the boundary models: 

Selecting dsmcPatchBoundaryModel dsmcDeletionPatch
Selecting dsmcPatchBoundaryModel dsmcDeletionPatch
Selecting dsmcPatchBoundaryModel dsmcDiffuseWallPatch
Selecting dsmcGeneralBoundaryModel dsmcFreeStreamInflowPatch
Selecting field: dsmcVolFields

TimeData Statistics: 
 measurement option: write
 nSamples: 1, time interval: 6.640048894e-08
 nAverages: 15060, time interval: 0.0009999913634
 total no. of sampling steps: 0
 total no. of averaging Steps: 0


Selecting field: dsmcVolFields

TimeData Statistics: 
 measurement option: write
 nSamples: 1, time interval: 6.640048894e-08
 nAverages: 15060, time interval: 0.0009999913634
 total no. of sampling steps: 0
 total no. of averaging Steps: 0


Selecting field: dsmcVolFields

TimeData Statistics: 
 measurement option: write
 nSamples: 1, time interval: 6.640048894e-08
 nAverages: 15060, time interval: 0.0009999913634
 total no. of sampling steps: 0
 total no. of averaging Steps: 0


Selecting BinaryCollisionModel LarsenBorgnakkeVariableHardSphere

Creating dsmcReactions

Selecting the reaction model dissociationQK
Selecting the reaction model dissociationExchangeQK
Selecting the reaction model dissociationQK
Selecting the reaction model dissociationQK
Selecting the reaction model dissociationQK
Selecting the reaction model dissociationQK
Selecting the reaction model dissociationQK
Selecting the reaction model dissociationExchangeQK
Selecting the reaction model dissociationQK
Selecting the reaction model dissociationExchangeQK
Selecting the reaction model dissociationExchangeQK
Selecting the reaction model dissociationQK
Number of reactions created: 12
Creating the boundary models: 

Selecting dsmcPatchBoundaryModel dsmcDeletionPatch
Selecting dsmcPatchBoundaryModel dsmcDeletionPatch
Selecting dsmcPatchBoundaryModel dsmcDiffuseWallPatch
Selecting dsmcGeneralBoundaryModel dsmcFreeStreamInflowPatch
Selecting field: dsmcVolFields

TimeData Statistics: 
 measurement option: write
 nSamples: 1, time interval: 6.640048894e-08
 nAverages: 15060, time interval: 0.0009999913634
 total no. of sampling steps: 0
 total no. of averaging Steps: 0


Selecting BinaryCollisionModel LarsenBorgnakkeVariableHardSphere

Creating dsmcReactions

Selecting the reaction model dissociationQK
Selecting the reaction model dissociationExchangeQK
Selecting the reaction model dissociationQK
Selecting the reaction model dissociationQK
Selecting the reaction model dissociationQK
Selecting the reaction model dissociationQK
Selecting the reaction model dissociationQK
Selecting the reaction model dissociationExchangeQK
Selecting the reaction model dissociationQK
Selecting the reaction model dissociationExchangeQK
Selecting the reaction model dissociationExchangeQK
Selecting the reaction model dissociationQK
Number of reactions created: 12
Selecting field: dsmcVolFields

TimeData Statistics: 
 measurement option: write
 nSamples: 1, time interval: 6.640048894e-08
 nAverages: 15060, time interval: 0.0009999913634
 total no. of sampling steps: 0
 total no. of averaging Steps: 0


Selecting field: dsmcVolFields

TimeData Statistics: 
 measurement option: write
 nSamples: 1, time interval: 6.640048894e-08
 nAverages: 15060, time interval: 0.0009999913634
 total no. of sampling steps: 0
 total no. of averaging Steps: 0


Selecting field: dsmcVolFields

TimeData Statistics: 
 measurement option: write
 nSamples: 1, time interval: 6.640048894e-08
 nAverages: 15060, time interval: 0.0009999913634
 total no. of sampling steps: 0
 total no. of averaging Steps: 0


Selecting field: dsmcVolFields

TimeData Statistics: 
 measurement option: write
 nSamples: 1, time interval: 6.640048894e-08
 nAverages: 15060, time interval: 0.0009999913634
 total no. of sampling steps: 0
 total no. of averaging Steps: 0


Selecting field: dsmcVolFields

TimeData Statistics: 
 measurement option: write
 nSamples: 1, time interval: 6.640048894e-08
 nAverages: 15060, time interval: 0.0009999913634
 total no. of sampling steps: 0
 total no. of averaging Steps: 0


Selecting field: dsmcVolFields

TimeData Statistics: 
 measurement option: write
 nSamples: 1, time interval: 6.640048894e-08
 nAverages: 15060, time interval: 0.0009999913634
 total no. of sampling steps: 0
 total no. of averaging Steps: 0


Creating the boundary models: 

Selecting dsmcPatchBoundaryModel dsmcDeletionPatch
Selecting dsmcPatchBoundaryModel dsmcDeletionPatch
Selecting dsmcPatchBoundaryModel dsmcDiffuseWallPatch
Selecting dsmcGeneralBoundaryModel dsmcFreeStreamInflowPatch
Selecting field: dsmcVolFields

TimeData Statistics: 
 measurement option: write
 nSamples: 1, time interval: 6.640048894e-08
 nAverages: 15060, time interval: 0.0009999913634
 total no. of sampling steps: 0
 total no. of averaging Steps: 0


Selecting field: dsmcVolFields

TimeData Statistics: 
 measurement option: write
 nSamples: 1, time interval: 6.640048894e-08
 nAverages: 15060, time interval: 0.0009999913634
 total no. of sampling steps: 0
 total no. of averaging Steps: 0


Selecting BinaryCollisionModel LarsenBorgnakkeVariableHardSphere

Creating dsmcReactions

Selecting the reaction model dissociationQK
Selecting the reaction model dissociationExchangeQK
Selecting the reaction model dissociationQK
Selecting the reaction model dissociationQK
Selecting the reaction model dissociationQK
Selecting the reaction model dissociationQK
Selecting the reaction model dissociationQK
Selecting the reaction model dissociationExchangeQK
Selecting the reaction model dissociationQK
Selecting the reaction model dissociationExchangeQK
Selecting the reaction model dissociationExchangeQK
Selecting the reaction model dissociationQK
Number of reactions created: 12
Creating the boundary models: 

Selecting dsmcPatchBoundaryModel dsmcDeletionPatch
Selecting dsmcPatchBoundaryModel dsmcDeletionPatch
Selecting dsmcPatchBoundaryModel dsmcDiffuseWallPatch
Selecting dsmcGeneralBoundaryModel dsmcFreeStreamInflowPatch
Creating the boundary models: 

Selecting dsmcPatchBoundaryModel dsmcDeletionPatch
Selecting dsmcPatchBoundaryModel dsmcDeletionPatch
Selecting dsmcPatchBoundaryModel dsmcDiffuseWallPatch
Selecting dsmcGeneralBoundaryModel dsmcFreeStreamInflowPatch
Creating the boundary models: 

Selecting dsmcPatchBoundaryModel dsmcDeletionPatch
Selecting dsmcPatchBoundaryModel dsmcDeletionPatch
Selecting dsmcPatchBoundaryModel dsmcDiffuseWallPatch
Selecting dsmcGeneralBoundaryModel dsmcFreeStreamInflowPatch
Selecting BinaryCollisionModel LarsenBorgnakkeVariableHardSphere

Creating dsmcReactions

Selecting the reaction model dissociationQK
Selecting the reaction model dissociationExchangeQK
Selecting the reaction model dissociationQK
Selecting the reaction model dissociationQK
Selecting the reaction model dissociationQK
Selecting the reaction model dissociationQK
Selecting the reaction model dissociationQK
Selecting the reaction model dissociationExchangeQK
Selecting the reaction model dissociationQK
Selecting the reaction model dissociationExchangeQK
Selecting the reaction model dissociationExchangeQK
Selecting the reaction model dissociationQK
Number of reactions created: 12
Creating the boundary models: 

Selecting dsmcPatchBoundaryModel dsmcDeletionPatch
Selecting dsmcPatchBoundaryModel dsmcDeletionPatch
Selecting dsmcPatchBoundaryModel dsmcDiffuseWallPatch
Selecting dsmcGeneralBoundaryModel dsmcFreeStreamInflowPatch
Selecting BinaryCollisionModel LarsenBorgnakkeVariableHardSphere

Creating dsmcReactions

Selecting the reaction model dissociationQK
Selecting the reaction model dissociationExchangeQK
Selecting the reaction model dissociationQK
Selecting the reaction model dissociationQK
Selecting the reaction model dissociationQK
Selecting the reaction model dissociationQK
Selecting the reaction model dissociationQK
Selecting the reaction model dissociationExchangeQK
Selecting the reaction model dissociationQK
Selecting the reaction model dissociationExchangeQK
Selecting the reaction model dissociationExchangeQK
Selecting the reaction model dissociationQK
Number of reactions created: 12
Selecting BinaryCollisionModel LarsenBorgnakkeVariableHardSphere

Creating dsmcReactions

Selecting the reaction model dissociationQK
Selecting the reaction model dissociationExchangeQK
Selecting the reaction model dissociationQK
Selecting the reaction model dissociationQK
Selecting the reaction model dissociationQK
Selecting the reaction model dissociationQK
Selecting the reaction model dissociationQK
Selecting the reaction model dissociationExchangeQK
Selecting the reaction model dissociationQK
Selecting the reaction model dissociationExchangeQK
Selecting the reaction model dissociationExchangeQK
Selecting the reaction model dissociationQK
Number of reactions created: 12
Selecting BinaryCollisionModel LarsenBorgnakkeVariableHardSphere

Creating dsmcReactions

Selecting the reaction model dissociationQK
Selecting the reaction model dissociationExchangeQK
Selecting the reaction model dissociationQK
Selecting the reaction model dissociationQK
Selecting the reaction model dissociationQK
Selecting the reaction model dissociationQK
Selecting the reaction model dissociationQK
Selecting the reaction model dissociationExchangeQK
Selecting the reaction model dissociationQK
Selecting the reaction model dissociationExchangeQK
Selecting the reaction model dissociationExchangeQK
Selecting the reaction model dissociationQK
Number of reactions created: 12

Constructing constant properties for
	N2
	O2
	NO
	N
	O

Constructing constant properties for
	N2
	O2
	NO
	N
	O

Constructing constant properties for
	N2
	O2
	NO
	N
	O

Constructing constant properties for
	N2
	O2
	NO
	N
	O

Constructing constant properties for
	N2
	O2
	NO
	N
	O

Constructing constant properties for
	N2
	O2
	NO
	N
	O

Constructing constant properties for
	N2
	O2
	NO
	N
	O

Constructing constant properties for
	N2
	O2
	NO
	N
	O
Selecting collisionPartnerSelectionModel noTimeCounter
Collision profile: collisionReduceOnlyOnOutput defaulted to true for replicatedMesh run
Collision profile: collisionOutputGlobalReduce defaulted to false for replicatedMesh run

Initialising the measurement fields

Initialising dsmcVolFields field
Initialising dsmcVolFields field
Selecting collisionPartnerSelectionModel noTimeCounter
Collision profile: collisionReduceOnlyOnOutput defaulted to true for replicatedMesh run
Collision profile: collisionOutputGlobalReduce defaulted to false for replicatedMesh run
Initialising dsmcVolFields field

Initialising the measurement fields

Initialising dsmcVolFields field
Initialising dsmcVolFields field
Initialising dsmcVolFields field
Initialising dsmcVolFields field
Initialising dsmcVolFields field
Initialising dsmcVolFields field
Initialising dsmcVolFields field
Selecting collisionPartnerSelectionModel noTimeCounter
Collision profile: collisionReduceOnlyOnOutput defaulted to true for replicatedMesh run
Collision profile: collisionOutputGlobalReduce defaulted to false for replicatedMesh run

Initialising the measurement fields

Initialising dsmcVolFields field
Initialising dsmcVolFields field
Initialising dsmcVolFields field
Initialising dsmcVolFields field
Initialising dsmcVolFields field
Initialising dsmcVolFields field
Initialising dsmcVolFields field
Selecting collisionPartnerSelectionModel noTimeCounter
Collision profile: collisionReduceOnlyOnOutput defaulted to true for replicatedMesh run
Collision profile: collisionOutputGlobalReduce defaulted to false for replicatedMesh run

Initialising the measurement fields

Initialising dsmcVolFields field
Initialising dsmcVolFields field
Initialising dsmcVolFields field
Initialising dsmcVolFields field
Initialising dsmcVolFields field
Initialising dsmcVolFields field
Initialising dsmcVolFields field
Selecting collisionPartnerSelectionModel noTimeCounter
Collision profile: collisionReduceOnlyOnOutput defaulted to true for replicatedMesh run
Collision profile: collisionOutputGlobalReduce defaulted to false for replicatedMesh run

Initialising the measurement fields

Initialising dsmcVolFields field
Initialising dsmcVolFields field
Initialising dsmcVolFields field
Initialising dsmcVolFields field
Initialising dsmcVolFields field
Initialising dsmcVolFields field
Selecting collisionPartnerSelectionModel noTimeCounter
Collision profile: collisionReduceOnlyOnOutput defaulted to true for replicatedMesh run
Collision profile: collisionOutputGlobalReduce defaulted to false for replicatedMesh run

Initialising the measurement fields

Initialising dsmcVolFields field
Initialising dsmcVolFields field
Initialising dsmcVolFields field
Initialising dsmcVolFields field
Selecting collisionPartnerSelectionModel noTimeCounter
Collision profile: collisionReduceOnlyOnOutput defaulted to true for replicatedMesh run
Collision profile: collisionOutputGlobalReduce defaulted to false for replicatedMesh run

Initialising the measurement fields

Initialising dsmcVolFields field
Initialising dsmcVolFields field
Initialising dsmcVolFields field
Initialising dsmcVolFields field
Initialising dsmcVolFields field
Initialising dsmcVolFields field
Initialising dsmcVolFields field
Initialising dsmcVolFields field
Selecting collisionPartnerSelectionModel noTimeCounter
Collision profile: collisionReduceOnlyOnOutput defaulted to true for replicatedMesh run
Collision profile: collisionOutputGlobalReduce defaulted to false for replicatedMesh run

Initialising the measurement fields

Initialising dsmcVolFields field
Initialising dsmcVolFields field
Initialising dsmcVolFields field
Initialising dsmcVolFields field
Initialising dsmcVolFields field
Initialising dsmcVolFields field
Replicated mesh: METIS decomposition complete, 60000 cells -> 8 ranks
Replicated mesh: rank 0 owns 7384 / 60000 cells
Local mesh: 7384 owned + 356 halo = 7740 / 60000 cells
Replicated mesh: flatTransfer=1 found=1
Replicated mesh: flat POD transfer enabled
Replicated mesh: gatherCandidates=0
Replicated mesh: overlapSizeExchange=0
Replicated mesh: writeMode=gathered
Phase C auto DLB: enabled (ParMETIS AdaptiveRepart), imbalanceThreshold=1.5, dlbSteps=50, sarSteps=50, triggerMode=legacyWindow, minGapSteps=50, checkCollective=allgather, particleGate=0, particleGateThreshold=1.5, skipPostDiag=0, adaptiveAlpha=0
Replicated mesh: initialized with 8 MPI ranks, migrate interval 10

Starting time loop

Replicated mesh: initial particle distribution

Replicated mesh: rank 0 kept 257863 parcels, deleted 1051233 non-owned parcels
Time = 6.640048894e-07

    Collision global reduction skipped (rank 0 local diagnostics)
    Collisions                      = 4047
    Collision candidates           = 5143
    Collision acceptance rate      = 0.7868948085

    Number of DSMC particles        = 1330275
    Number of stuck particles       = 0
    Number of free particles        = 1330275
    Average linear kinetic energy   = 1.893531472e-19
    Average rotational energy       = 1.328525247e-21
    Average vibrational energy      = 7.024291368e-26
    Average electronic energy       = 0
    Total energy                    = 0.001521954931

Stage 1.0  ExecutionTime = 6.16 s  ClockTime = 6 s  Iteration 10 (0.2 s)

Time = 1.328009779e-06

    Collision global reduction skipped (rank 0 local diagnostics)
    Collisions                      = 4206
    Collision candidates           = 5646
    Collision acceptance rate      = 0.7449521785

    Number of DSMC particles        = 1353953
    Number of stuck particles       = 0
    Number of free particles        = 1353953
    Average linear kinetic energy   = 1.865888068e-19
    Average rotational energy       = 1.552359367e-21
    Average vibrational energy      = 6.901450198e-26
    Average electronic energy       = 0
    Total energy                    = 0.001528406339

Stage 1.0  ExecutionTime = 7.52 s  ClockTime = 8 s  Iteration 20 (0.14 s)

Time = 1.992014668e-06

    Collision global reduction skipped (rank 0 local diagnostics)
    Collisions                      = 4179
    Collision candidates           = 5883
    Collision acceptance rate      = 0.7103518613

    Number of DSMC particles        = 1377460
    Number of stuck particles       = 0
    Number of free particles        = 1377460
    Average linear kinetic energy   = 1.841270423e-19
    Average rotational energy       = 1.862401797e-21
    Average vibrational energy      = 2.372982791e-25
    Average electronic energy       = 0
    Total energy                    = 0.001537160079

Stage 1.0  ExecutionTime = 8.95 s  ClockTime = 9 s  Iteration 30 (0.15 s)

Time = 2.656019558e-06

    Collision global reduction skipped (rank 0 local diagnostics)
    Collisions                      = 4141
    Collision candidates           = 6009
    Collision acceptance rate      = 0.6891329672

    Number of DSMC particles        = 1400962
    Number of stuck particles       = 0
    Number of free particles        = 1400962
    Average linear kinetic energy   = 1.819057641e-19
    Average rotational energy       = 2.245659206e-21
    Average vibrational energy      = 3.996799442e-25
    Average electronic energy       = 0
    Total energy                    = 0.001547938237

Stage 1.0  ExecutionTime = 10.43 s  ClockTime = 11 s  Iteration 40 (0.13 s)

Time = 3.320024447e-06

    Collision global reduction skipped (rank 0 local diagnostics)
    Collisions                      = 4166
    Collision candidates           = 6083
    Collision acceptance rate      = 0.6848594444


Phase C auto DLB triggered (threshold) at step 50: sar=0 loadImbalance=1.530782598 threshold=1.5 particleMaxMin=1
Phase C ParMETIS weights: particles=1424424 activeCells=60000 maxCellParticles=259
Phase C ParMETIS: alpha=1 ncon=1 ubvec=[1.049999952] moveRatio=0.9106195126 (moveT=5.810958595s, collT=0.570365893s)
Phase C ParMETIS: AdaptiveRepart (60000 cells, 1 constraints, ubvec=1.049999952)
Replicated mesh: rank 0 owns 7650 / 60000 cells
Local mesh: 7650 owned + 558 halo = 8208 / 60000 cells
Phase C ParMETIS AdaptiveRepart: 55317 / 60000 cells changed (0.92195)
Phase C auto DLB complete: rebalance #1

    Number of DSMC particles        = 1424424
    Number of stuck particles       = 0
    Number of free particles        = 1424424
    Average linear kinetic energy   = 1.798643521e-19
    Average rotational energy       = 2.674835607e-21
    Average vibrational energy      = 6.117638105e-25
    Average electronic energy       = 0
    Total energy                    = 0.001560084428

Stage 1.0  ExecutionTime = 12.11 s  ClockTime = 12 s  Iteration 50 (0.31 s)

Time = 3.984029336e-06

    Collision global reduction skipped (rank 0 local diagnostics)
    Collisions                      = 6026
    Collision candidates           = 9087
    Collision acceptance rate      = 0.6631451524

    Number of DSMC particles        = 1447731
    Number of stuck particles       = 0
    Number of free particles        = 1447731
    Average linear kinetic energy   = 1.779746025e-19
    Average rotational energy       = 3.063750453e-21
    Average vibrational energy      = 6.560736542e-25
    Average electronic energy       = 0
    Total energy                    = 0.001572574713

Stage 1.0  ExecutionTime = 13.49 s  ClockTime = 14 s  Iteration 60 (0.57 s)

Time = 4.648034226e-06

    Collision global reduction skipped (rank 0 local diagnostics)
    Collisions                      = 6761
    Collision candidates           = 10859
    Collision acceptance rate      = 0.6226171839

    Number of DSMC particles        = 1471226
    Number of stuck particles       = 0
    Number of free particles        = 1471226
    Average linear kinetic energy   = 1.761968896e-19
    Average rotational energy       = 3.570193862e-21
    Average vibrational energy      = 7.091096538e-25
    Average electronic energy       = 0
    Total energy                    = 0.001586874302

Stage 1.0  ExecutionTime = 14.95 s  ClockTime = 15 s  Iteration 70 (0.5 s)

Time = 5.312039115e-06

    Collision global reduction skipped (rank 0 local diagnostics)
    Collisions                      = 7533
    Collision candidates           = 12406
    Collision acceptance rate      = 0.6072061906

    Number of DSMC particles        = 1494385
    Number of stuck particles       = 0
    Number of free particles        = 1494385
    Average linear kinetic energy   = 1.745726146e-19
    Average rotational energy       = 4.082133896e-21
    Average vibrational energy      = 8.43781113e-25
    Average electronic energy       = 0
    Total energy                    = 0.001601881424

Stage 1.0  ExecutionTime = 16.55 s  ClockTime = 17 s  Iteration 80 (0.53 s)

Time = 5.976044005e-06

    Collision global reduction skipped (rank 0 local diagnostics)
    Collisions                      = 8171
    Collision candidates           = 13693
    Collision acceptance rate      = 0.5967282553

    Number of DSMC particles        = 1517801
    Number of stuck particles       = 0
    Number of free particles        = 1517801
    Average linear kinetic energy   = 1.730469353e-19
    Average rotational energy       = 4.568308469e-21
    Average vibrational energy      = 9.43513284e-25
    Average electronic energy       = 0
    Total energy                    = 0.00161751616

Stage 1.0  ExecutionTime = 18.31 s  ClockTime = 19 s  Iteration 90 (0.67 s)

Time = 6.640048894e-06

    Collision global reduction skipped (rank 0 local diagnostics)
    Collisions                      = 8696
    Collision candidates           = 15020
    Collision acceptance rate      = 0.5789613848


Phase C auto DLB triggered (threshold) at step 100: sar=0 loadImbalance=1.924834788 threshold=1.5 particleMaxMin=1
Phase C ParMETIS weights: particles=1540886 activeCells=60000 maxCellParticles=320
Phase C ParMETIS: alpha=1 ncon=1 ubvec=[1.049999952] moveRatio=0.8996006027 (moveT=10.01614786s, collT=1.117846303s)
Phase C ParMETIS: AdaptiveRepart (60000 cells, 1 constraints, ubvec=1.049999952)
Replicated mesh: rank 0 owns 3979 / 60000 cells
Local mesh: 3979 owned + 314 halo = 4293 / 60000 cells
Phase C ParMETIS AdaptiveRepart: 29866 / 60000 cells changed (0.4977666667)
Phase C auto DLB complete: rebalance #2

    Number of DSMC particles        = 1540886
    Number of stuck particles       = 0
    Number of free particles        = 1540886
    Average linear kinetic energy   = 1.71610849e-19
    Average rotational energy       = 5.084067671e-21
    Average vibrational energy      = 1.302288508e-24
    Average electronic energy       = 0
    Total energy                    = 0.001633612381

Stage 1.0  ExecutionTime = 20.42 s  ClockTime = 21 s  Iteration 100 (0.98 s)

Time = 7.304053783e-06

    Collision global reduction skipped (rank 0 local diagnostics)
    Collisions                      = 79467
    Collision candidates           = 148119
    Collision acceptance rate      = 0.5365078079

    Number of DSMC particles        = 1563676
    Number of stuck particles       = 0
    Number of free particles        = 1563676
    Average linear kinetic energy   = 1.702762786e-19
    Average rotational energy       = 5.494149303e-21
    Average vibrational energy      = 1.860281592e-24
    Average electronic energy       = 0
    Total energy                    = 0.001649105451

Stage 1.0  ExecutionTime = 22.25 s  ClockTime = 23 s  Iteration 110 (0.37 s)

Time = 7.968058673e-06

    Collision global reduction skipped (rank 0 local diagnostics)
    Collisions                      = 84853
    Collision candidates           = 162439
    Collision acceptance rate      = 0.5223683968

    Number of DSMC particles        = 1586493
    Number of stuck particles       = 0
    Number of free particles        = 1586493
    Average linear kinetic energy   = 1.689558763e-19
    Average rotational energy       = 6.000108877e-21
    Average vibrational energy      = 2.156451667e-24
    Average electronic energy       = 0
    Total energy                    = 0.001665419202

Stage 1.0  ExecutionTime = 24.22 s  ClockTime = 25 s  Iteration 120 (0.32 s)

Time = 8.632063562e-06

    Collision global reduction skipped (rank 0 local diagnostics)
    Collisions                      = 89026
    Collision candidates           = 172957
    Collision acceptance rate      = 0.5147290945

    Number of DSMC particles        = 1609292
    Number of stuck particles       = 0
    Number of free particles        = 1609292
    Average linear kinetic energy   = 1.677322398e-19
    Average rotational energy       = 6.473460888e-21
    Average vibrational energy      = 2.522339036e-24
    Average electronic energy       = 0
    Total energy                    = 0.001682111398

Stage 1.0  ExecutionTime = 26.27 s  ClockTime = 27 s  Iteration 130 (0.32 s)

Time = 9.296068452e-06

    Collision global reduction skipped (rank 0 local diagnostics)
    Collisions                      = 92461
    Collision candidates           = 181872
    Collision acceptance rate      = 0.508385018

    Number of DSMC particles        = 1631567
    Number of stuck particles       = 0
    Number of free particles        = 1631567
    Average linear kinetic energy   = 1.665523036e-19
    Average rotational energy       = 6.967334073e-21
    Average vibrational energy      = 2.755390062e-24
    Average electronic energy       = 0
    Total energy                    = 0.001698680461

Stage 1.0  ExecutionTime = 28.4 s  ClockTime = 29 s  Iteration 140 (0.29 s)

Time = 9.960073341e-06

    Collision global reduction skipped (rank 0 local diagnostics)
    Collisions                      = 96038
    Collision candidates           = 190203
    Collision acceptance rate      = 0.5049236868


Phase C auto DLB triggered (threshold) at step 150: sar=0 loadImbalance=1.797446772 threshold=1.5 particleMaxMin=1
Phase C ParMETIS weights: particles=1653787 activeCells=60000 maxCellParticles=338
Phase C ParMETIS: alpha=1 ncon=1 ubvec=[1.049999952] moveRatio=0.7785504939 (moveT=15.4635398s, collT=4.398421526s)
Phase C ParMETIS: AdaptiveRepart (60000 cells, 1 constraints, ubvec=1.049999952)
Replicated mesh: rank 0 owns 11388 / 60000 cells
Local mesh: 11388 owned + 640 halo = 12028 / 60000 cells
Phase C ParMETIS AdaptiveRepart: 38846 / 60000 cells changed (0.6474333333)
Phase C auto DLB complete: rebalance #3

    Number of DSMC particles        = 1653787
    Number of stuck particles       = 0
    Number of free particles        = 1653787
    Average linear kinetic energy   = 1.654411961e-19
    Average rotational energy       = 7.458158922e-21
    Average vibrational energy      = 3.498570224e-24
    Average electronic energy       = 0
    Total energy                    = 0.001715666949

Stage 1.0  ExecutionTime = 30.8 s  ClockTime = 31 s  Iteration 150 (0.37 s)

Time = 1.062407823e-05

    Collision global reduction skipped (rank 0 local diagnostics)
    Collisions                      = 25977
    Collision candidates           = 50561
    Collision acceptance rate      = 0.5137754396

    Number of DSMC particles        = 1675940
    Number of stuck particles       = 0
    Number of free particles        = 1675940
    Average linear kinetic energy   = 1.644467598e-19
    Average rotational energy       = 7.858028497e-21
    Average vibrational energy      = 4.147444788e-24
    Average electronic energy       = 0
    Total energy                    = 0.001732676627

Stage 1.0  ExecutionTime = 32.82 s  ClockTime = 33 s  Iteration 160 (0.19 s)

Time = 1.128808312e-05

    Collision global reduction skipped (rank 0 local diagnostics)
    Collisions                      = 27034
    Collision candidates           = 53601
    Collision acceptance rate      = 0.504356262

    Number of DSMC particles        = 1697764
    Number of stuck particles       = 0
    Number of free particles        = 1697764
    Average linear kinetic energy   = 1.633870617e-19
    Average rotational energy       = 8.356934758e-21
    Average vibrational energy      = 4.387247052e-24
    Average electronic energy       = 0
    Total energy                    = 0.001749529337

Stage 1.0  ExecutionTime = 34.97 s  ClockTime = 36 s  Iteration 170 (0.22 s)

Time = 1.195208801e-05

    Collision global reduction skipped (rank 0 local diagnostics)
    Collisions                      = 27886
    Collision candidates           = 55780
    Collision acceptance rate      = 0.4999282897

    Number of DSMC particles        = 1719344
    Number of stuck particles       = 0
    Number of free particles        = 1719344
    Average linear kinetic energy   = 1.623953738e-19
    Average rotational energy       = 8.83604412e-21
    Average vibrational energy      = 4.938124534e-24
    Average electronic energy       = 0
    Total energy                    = 0.001766485209

Stage 1.0  ExecutionTime = 37.23 s  ClockTime = 37 s  Iteration 180 (0.21 s)

Time = 1.26160929e-05

    Collision global reduction skipped (rank 0 local diagnostics)
    Collisions                      = 29506
    Collision candidates           = 59057
    Collision acceptance rate      = 0.4996190121

    Number of DSMC particles        = 1740466
    Number of stuck particles       = 0
    Number of free particles        = 1740466
    Average linear kinetic energy   = 1.614473458e-19
    Average rotational energy       = 9.303686077e-21
    Average vibrational energy      = 5.459302248e-24
    Average electronic energy       = 0
    Total energy                    = 0.001783175203

Stage 1.0  ExecutionTime = 39.59 s  ClockTime = 40 s  Iteration 190 (0.23 s)

Time = 1.328009779e-05

    Collision global reduction skipped (rank 0 local diagnostics)
    Collisions                      = 31096
    Collision candidates           = 62354
    Collision acceptance rate      = 0.4987009655


Phase C auto DLB triggered (threshold) at step 200: sar=0 loadImbalance=1.851121673 threshold=1.5 particleMaxMin=1
Phase C ParMETIS weights: particles=1761637 activeCells=60000 maxCellParticles=346
Phase C ParMETIS: alpha=1 ncon=1 ubvec=[1.049999952] moveRatio=0.8083007416 (moveT=24.38635395s, collT=5.783547792s)
Phase C ParMETIS: AdaptiveRepart (60000 cells, 1 constraints, ubvec=1.049999952)
Replicated mesh: rank 0 owns 11320 / 60000 cells
Local mesh: 11320 owned + 648 halo = 11968 / 60000 cells
Phase C ParMETIS AdaptiveRepart: 21996 / 60000 cells changed (0.3666)
Phase C auto DLB complete: rebalance #4

    Number of DSMC particles        = 1761637
    Number of stuck particles       = 0
    Number of free particles        = 1761637
    Average linear kinetic energy   = 1.605779402e-19
    Average rotational energy       = 9.721933798e-21
    Average vibrational energy      = 6.374070729e-24
    Average electronic energy       = 0
    Total energy                    = 0.001800106728

Stage 1.0  ExecutionTime = 42.2 s  ClockTime = 42 s  Iteration 200 (0.4 s)

Time = 1.394410268e-05

    Collision global reduction skipped (rank 0 local diagnostics)
    Collisions                      = 24564
    Collision candidates           = 48170
    Collision acceptance rate      = 0.5099439485

    Number of DSMC particles        = 1782549
    Number of stuck particles       = 0
    Number of free particles        = 1782549
    Average linear kinetic energy   = 1.597209339e-19
    Average rotational energy       = 1.009869041e-20
    Average vibrational energy      = 7.137620997e-24
    Average electronic energy       = 0
    Total energy                    = 0.001816347148

Stage 1.0  ExecutionTime = 44.72 s  ClockTime = 45 s  Iteration 210 (0.24 s)

Time = 1.460810757e-05

    Collision global reduction skipped (rank 0 local diagnostics)
    Collisions                      = 26407
    Collision candidates           = 51541
    Collision acceptance rate      = 0.5123493917

    Number of DSMC particles        = 1803177
    Number of stuck particles       = 0
    Number of free particles        = 1803177
    Average linear kinetic energy   = 1.588612657e-19
    Average rotational energy       = 1.050501052e-20
    Average vibrational energy      = 7.927192823e-24
    Average electronic energy       = 0
    Total energy                    = 0.001832470008

Stage 1.0  ExecutionTime = 47.42 s  ClockTime = 48 s  Iteration 220 (0.27 s)

Time = 1.527211246e-05

    Collision global reduction skipped (rank 0 local diagnostics)
    Collisions                      = 27859
    Collision candidates           = 54402
    Collision acceptance rate      = 0.5120951436

    Number of DSMC particles        = 1823400
    Number of stuck particles       = 0
    Number of free particles        = 1823400
    Average linear kinetic energy   = 1.58007232e-19
    Average rotational energy       = 1.093119724e-20
    Average vibrational energy      = 8.147144929e-24
    Average electronic energy       = 0
    Total energy                    = 0.001848343125

Stage 1.0  ExecutionTime = 50.19 s  ClockTime = 50 s  Iteration 230 (0.26 s)

Time = 1.593611735e-05

    Collision global reduction skipped (rank 0 local diagnostics)
    Collisions                      = 29325
    Collision candidates           = 57413
    Collision acceptance rate      = 0.5107728215

    Number of DSMC particles        = 1843821
    Number of stuck particles       = 0
    Number of free particles        = 1843821
    Average linear kinetic energy   = 1.572065378e-19
    Average rotational energy       = 1.132313199e-20
    Average vibrational energy      = 9.543097165e-24
    Average electronic energy       = 0
    Total energy                    = 0.00186453684

Stage 1.0  ExecutionTime = 52.98 s  ClockTime = 53 s  Iteration 240 (0.27 s)

Time = 1.660012224e-05

    Collision global reduction skipped (rank 0 local diagnostics)
    Collisions                      = 30769
    Collision candidates           = 60493
    Collision acceptance rate      = 0.508637363


Phase C auto DLB triggered (threshold) at step 250: sar=0 loadImbalance=2.256046409 threshold=1.5 particleMaxMin=1
Phase C ParMETIS weights: particles=1863976 activeCells=60000 maxCellParticles=349
Phase C ParMETIS: alpha=1 ncon=1 ubvec=[1.049999952] moveRatio=0.8244025266 (moveT=34.83124502s, collT=7.419044005s)
Phase C ParMETIS: AdaptiveRepart (60000 cells, 1 constraints, ubvec=1.049999952)
Replicated mesh: rank 0 owns 10376 / 60000 cells
Local mesh: 10376 owned + 588 halo = 10964 / 60000 cells
Phase C ParMETIS AdaptiveRepart: 21848 / 60000 cells changed (0.3641333333)
Phase C auto DLB complete: rebalance #5

    Number of DSMC particles        = 1863976
    Number of stuck particles       = 0
    Number of free particles        = 1863976
    Average linear kinetic energy   = 1.564089569e-19
    Average rotational energy       = 1.172623891e-20
    Average vibrational energy      = 1.055833832e-23
    Average electronic energy       = 0
    Total energy                    = 0.001880517902

Stage 1.0  ExecutionTime = 56.03 s  ClockTime = 56 s  Iteration 250 (0.44 s)

Time = 1.726412712e-05

    Collision global reduction skipped (rank 0 local diagnostics)
    Collisions                      = 32470
    Collision candidates           = 63051
    Collision acceptance rate      = 0.5149799369

    Number of DSMC particles        = 1883692
    Number of stuck particles       = 0
    Number of free particles        = 1883692
    Average linear kinetic energy   = 1.556621292e-19
    Average rotational energy       = 1.20766236e-20
    Average vibrational energy      = 1.133161005e-23
    Average electronic energy       = 0
    Total energy                    = 0.001895936952

Stage 1.0  ExecutionTime = 58.8 s  ClockTime = 59 s  Iteration 260 (0.29 s)

Time = 1.792813201e-05

    Collision global reduction skipped (rank 0 local diagnostics)
    Collisions                      = 34112
    Collision candidates           = 66471
    Collision acceptance rate      = 0.5131862015

    Number of DSMC particles        = 1902810
    Number of stuck particles       = 0
    Number of free particles        = 1902810
    Average linear kinetic energy   = 1.54913569e-19
    Average rotational energy       = 1.24483798e-20
    Average vibrational energy      = 1.194571603e-23
    Average electronic energy       = 0
    Total energy                    = 0.001910884322

Stage 1.0  ExecutionTime = 61.75 s  ClockTime = 62 s  Iteration 270 (0.3 s)

Time = 1.85921369e-05

    Collision global reduction skipped (rank 0 local diagnostics)
    Collisions                      = 35836
    Collision candidates           = 69579
    Collision acceptance rate      = 0.5150404576

    Number of DSMC particles        = 1921928
    Number of stuck particles       = 0
    Number of free particles        = 1921928
    Average linear kinetic energy   = 1.54206424e-19
    Average rotational energy       = 1.28006677e-20
    Average vibrational energy      = 1.316045803e-23
    Average electronic energy       = 0
    Total energy                    = 0.001926005395

Stage 1.0  ExecutionTime = 64.72 s  ClockTime = 65 s  Iteration 280 (0.31 s)

Time = 1.925614179e-05

    Collision global reduction skipped (rank 0 local diagnostics)
    Collisions                      = 37781
    Collision candidates           = 73173
    Collision acceptance rate      = 0.5163243273

    Number of DSMC particles        = 1941029
    Number of stuck particles       = 0
    Number of free particles        = 1941029
    Average linear kinetic energy   = 1.534912184e-19
    Average rotational energy       = 1.316119435e-20
    Average vibrational energy      = 1.392072023e-23
    Average electronic energy       = 0
    Total energy                    = 0.00194102512

Stage 1.0  ExecutionTime = 67.79 s  ClockTime = 68 s  Iteration 290 (0.34 s)

Time = 1.992014668e-05

    Collision global reduction skipped (rank 0 local diagnostics)
    Collisions                      = 39698
    Collision candidates           = 76377
    Collision acceptance rate      = 0.5197638032


Phase C auto DLB triggered (threshold) at step 300: sar=0 loadImbalance=2.407387458 threshold=1.5 particleMaxMin=1
Phase C auto DLB skipped near end at step 300: remainingSteps=0 minRemainingSteps=50
    Number of DSMC particles        = 1960034
    Number of stuck particles       = 0
    Number of free particles        = 1960034
    Average linear kinetic energy   = 1.528046105e-19
    Average rotational energy       = 1.350230728e-20
    Average vibrational energy      = 1.512644894e-23
    Average electronic energy       = 0
    Total energy                    = 0.00195598117

Stage 1.0  ExecutionTime = 70.94 s  ClockTime = 71 s  Iteration 300 (0.33 s)

End stage 1


DSMC solver profile summary
    solver profile steps          = 300
    move+collide wall [s]         = 64.36797754
    move only [s]                 = 45.66641244
    buildCellOccupancy [s]        = 5.510953768
    collision phase [s]           = 9.538047588
    post fields/output [s]        = 0.187193278
    total profiled [s]            = 60.90260708
    full evolve wall [s]          = 64.54611809
    move+collide cpu [s]          = 63.01
    move only cpu [s]             = 44.57
    buildCellOccupancy cpu [s]    = 5.52
    collision phase cpu [s]       = 9.42
    post fields/output cpu [s]    = 0.2
    total profiled cpu [s]        = 59.71
    full evolve cpu [s]           = 63.15
    collision localLoop max [s] = 9.516489463
    collision reduce max [s]    = 0
    collision sigmaBC max [s]   = 0.018186013
    collision total max [s]     = 9.534238815
    collision accounted max [s] = 9.533733021
    collision residual max [s]  = 0.000534387
    collision subphase max sum [s] = 9.534675476
    collision cumulative global collisions = 39979233
    collision cumulative global candidates  = 72482006
    collision cumulative acceptance        = 0.5515745936
    OpenMP enabled                = 0
    OpenMP max threads            = 1
    OpenMP move                   = 0 (static, chunk 64)
    OpenMP collision              = dynamic, chunk 8


Replicated mesh profiling summary:
    migration calls             = 36
    migration wall time [s]     = 2.165261656
    local particles (final)     = 263655
    migration wall max [s]      = 3.811244778
    migration pack max [s]      = 0.595812663
    migration local prep max [s]= 0.188683975
    migration size exchange max [s] = 2.864010805
    migration request post max [s] = 0.045223457
    migration wait max [s]      = 0.079475686
    migration deserialize max [s] = 0.27511394
    migration post max [s]      = 0.010425755
    migration candidate gather max [s] = 3.569e-06
    migration accounted max [s] = 3.811244778
    migration residual max [s]  = 4.440892099e-16
    updateParticleCounts max [s]= 0.2577369
    migration subphase max sum [s] = 4.05874985
    particles per rank          = min 215026 max 274556 max/min 1.276850241
    rank wall time (evolve, 300 steps): min 40.61 max 61.56 max/min 1.515882787
    Phase C auto DLB checks      = 300
    Phase C auto DLB rebalances = 5
    Phase C auto DLB triggered checks = 5
    Phase C auto DLB wall max [s]= 6.090988302
    Phase C auto DLB check max [s]= 5.437974898
    Phase C ParMETIS max [s]     = 0.165174898
    Phase C migration max [s]    = 0.532115203
    Phase C cellOwner write max [s] = 0
    Phase C post-diagnostic max [s] = 0.00072713
    Phase C auto DLB accounted max [s] = 6.135992129
    Phase C auto DLB residual max [s] = -0.045003827

Total Iterations = 300
End main

real 71.22
user 512.37
sys 57.51
