case=zb
mode=OMP8
rep=2
np=1
OMP_NUM_THREADS=8
case_dir=/home/superxcx/code/OpenFoam/OF-1706/hyStrath_dlb/run/hyStrath/dsmcFoam+/xcx_test/zb-cylinder-react/omp8
controlDict=/home/superxcx/code/OpenFoam/OF-1706/hyStrath_dlb/doc/worklog/v2506/detail_mix/zb_full_series_current_mpi8cfg_repeat3_20260617/controlDicts/zb_OMP8_rep2_controlDict
start=2026-06-18T00:00:24+08:00
/*---------------------------------------------------------------------------*\
| =========                 |                                                 |
| \\      /  F ield         | OpenFOAM: The Open Source CFD Toolbox           |
|  \\    /   O peration     | Version:  v1706                                 |
|   \\  /    A nd           | Web:      www.OpenFOAM.com                      |
|    \\/     M anipulation  |                                                 |
\*---------------------------------------------------------------------------*/
Build  : v1706
Arch   : "LSB;label=32;scalar=64"
Exec   : dsmcFoam+
Date   : Jun 18 2026
Time   : 00:00:24
Host   : "SuperXCX-ROG"
PID    : 29116
Case   : /home/superxcx/code/OpenFoam/OF-1706/hyStrath_dlb/run/hyStrath/dsmcFoam+/xcx_test/zb-cylinder-react/omp8
nProcs : 1
sigFpe : Enabling floating point exception trapping (FOAM_SIGFPE).
fileModificationChecking : Monitoring run-time modified files using timeStampMaster (fileModificationSkew 10)
allowSystemOperations : Allowing user-supplied system call operations

// * * * * * * * * * * * * * * * * * * * * * * * * * * * * * * * * * * * * * //
Create time

Create mesh for time = 0

Selecting dynamicFvMesh dynamicRefineFvMesh

Constructing dsmcCloud 
Selecting the coordinate system model:	dsmcCartesian

Selecting the time-step model:	dsmcConstantTimeStepModel

Constant time-step model:
- time-step [sec]	6.640048894e-08

Selecting the porous measurement model:	dsmcNoPorousMediumMeasurements


Creating dsmcControllers

Creating fields: 

Selecting field: dsmcVolFields

TimeData Statistics: 
 measurement option: write
 nSamples: 1, time interval: 6.640048894e-08
 nAverages: 15060, time interval: 0.0009999913634
 total no. of sampling steps: 0
 total no. of averaging Steps: 0


Selecting field: dsmcVolFields

TimeData Statistics: 
 measurement option: write
 nSamples: 1, time interval: 6.640048894e-08
 nAverages: 15060, time interval: 0.0009999913634
 total no. of sampling steps: 0
 total no. of averaging Steps: 0


Selecting field: dsmcVolFields

TimeData Statistics: 
 measurement option: write
 nSamples: 1, time interval: 6.640048894e-08
 nAverages: 15060, time interval: 0.0009999913634
 total no. of sampling steps: 0
 total no. of averaging Steps: 0


Selecting field: dsmcVolFields

TimeData Statistics: 
 measurement option: write
 nSamples: 1, time interval: 6.640048894e-08
 nAverages: 15060, time interval: 0.0009999913634
 total no. of sampling steps: 0
 total no. of averaging Steps: 0


Selecting field: dsmcVolFields

TimeData Statistics: 
 measurement option: write
 nSamples: 1, time interval: 6.640048894e-08
 nAverages: 15060, time interval: 0.0009999913634
 total no. of sampling steps: 0
 total no. of averaging Steps: 0


Selecting field: dsmcVolFields

TimeData Statistics: 
 measurement option: write
 nSamples: 1, time interval: 6.640048894e-08
 nAverages: 15060, time interval: 0.0009999913634
 total no. of sampling steps: 0
 total no. of averaging Steps: 0


Creating the boundary models: 

Selecting dsmcPatchBoundaryModel dsmcDeletionPatch
Selecting dsmcPatchBoundaryModel dsmcDeletionPatch
Selecting dsmcPatchBoundaryModel dsmcDiffuseWallPatch
Selecting dsmcGeneralBoundaryModel dsmcFreeStreamInflowPatch
Selecting BinaryCollisionModel LarsenBorgnakkeVariableHardSphere

Creating dsmcReactions

Selecting the reaction model dissociationQK
Selecting the reaction model dissociationExchangeQK
Selecting the reaction model dissociationQK
Selecting the reaction model dissociationQK
Selecting the reaction model dissociationQK
Selecting the reaction model dissociationQK
Selecting the reaction model dissociationQK
Selecting the reaction model dissociationExchangeQK
Selecting the reaction model dissociationQK
Selecting the reaction model dissociationExchangeQK
Selecting the reaction model dissociationExchangeQK
Selecting the reaction model dissociationQK
Number of reactions created: 12

Constructing constant properties for
	N2
	O2
	NO
	N
	O
Selecting collisionPartnerSelectionModel noTimeCounter

Initialising the measurement fields

Initialising dsmcVolFields field
Initialising dsmcVolFields field
Initialising dsmcVolFields field
Initialising dsmcVolFields field
Initialising dsmcVolFields field
Initialising dsmcVolFields field

Starting time loop

Time = 6.640048894e-07

    Collisions                      = 26321
    Collision candidates           = 35255
    Collision acceptance rate      = 0.7465891363

    Number of DSMC particles        = 1330283
    Number of stuck particles       = 0
    Number of free particles        = 1330283
    Average linear kinetic energy   = 1.893532057e-19
    Average rotational energy       = 1.332893173e-21
    Average vibrational energy      = 5.840048734e-26
    Average electronic energy       = 0
    Total energy                    = 0.00152199932

Stage 1.0  ExecutionTime = 10.95 s  ClockTime = 4 s  Iteration 10 (0.94 s)

Time = 1.328009779e-06

    Collisions                      = 36199
    Collision candidates           = 55043
    Collision acceptance rate      = 0.657649474

    Number of DSMC particles        = 1353934
    Number of stuck particles       = 0
    Number of free particles        = 1353934
    Average linear kinetic energy   = 1.866020124e-19
    Average rotational energy       = 1.567203217e-21
    Average vibrational energy      = 2.297864379e-25
    Average electronic energy       = 0
    Total energy                    = 0.001528614059

Stage 1.0  ExecutionTime = 19.71 s  ClockTime = 5 s  Iteration 20 (1.04 s)

Time = 1.992014668e-06

    Collisions                      = 46620
    Collision candidates           = 75882
    Collision acceptance rate      = 0.6143749506

    Number of DSMC particles        = 1377451
    Number of stuck particles       = 0
    Number of free particles        = 1377451
    Average linear kinetic energy   = 1.841447863e-19
    Average rotational energy       = 1.891023373e-21
    Average vibrational energy      = 1.808991478e-25
    Average electronic energy       = 0
    Total energy                    = 0.001537532768

Stage 1.0  ExecutionTime = 29.12 s  ClockTime = 6 s  Iteration 30 (1.14 s)

Time = 2.656019558e-06

    Collisions                      = 56868
    Collision candidates           = 96040
    Collision acceptance rate      = 0.5921282799

    Number of DSMC particles        = 1400968
    Number of stuck particles       = 0
    Number of free particles        = 1400968
    Average linear kinetic energy   = 1.819292936e-19
    Average rotational energy       = 2.286165931e-21
    Average vibrational energy      = 1.778625293e-25
    Average electronic energy       = 0
    Total energy                    = 0.001548481279

Stage 1.0  ExecutionTime = 39.18 s  ClockTime = 7 s  Iteration 40 (1.38 s)

Time = 3.320024447e-06

    Collisions                      = 66584
    Collision candidates           = 117075
    Collision acceptance rate      = 0.5687294469

    Number of DSMC particles        = 1424357
    Number of stuck particles       = 0
    Number of free particles        = 1424357
    Average linear kinetic energy   = 1.79877241e-19
    Average rotational energy       = 2.744686067e-21
    Average vibrational energy      = 1.638820152e-25
    Average electronic energy       = 0
    Total energy                    = 0.001560714321

Stage 1.0  ExecutionTime = 49.76 s  ClockTime = 9 s  Iteration 50 (1.38 s)

Time = 3.984029336e-06

    Collisions                      = 76767
    Collision candidates           = 138065
    Collision acceptance rate      = 0.5560207149

    Number of DSMC particles        = 1447667
    Number of stuck particles       = 0
    Number of free particles        = 1447667
    Average linear kinetic energy   = 1.779818978e-19
    Average rotational energy       = 3.239136323e-21
    Average vibrational energy      = 1.290937653e-25
    Average electronic energy       = 0
    Total energy                    = 0.001574087386

Stage 1.0  ExecutionTime = 60.5 s  ClockTime = 10 s  Iteration 60 (1.39 s)

Time = 4.648034226e-06

    Collisions                      = 85904
    Collision candidates           = 157218
    Collision acceptance rate      = 0.5464005394

    Number of DSMC particles        = 1471257
    Number of stuck particles       = 0
    Number of free particles        = 1471257
    Average linear kinetic energy   = 1.762190535e-19
    Average rotational energy       = 3.727099722e-21
    Average vibrational energy      = 6.769727587e-25
    Average electronic energy       = 0
    Total energy                    = 0.001588488201

Stage 1.0  ExecutionTime = 71.81 s  ClockTime = 11 s  Iteration 70 (1.45 s)

Time = 5.312039115e-06

    Collisions                      = 95112
    Collision candidates           = 176170
    Collision acceptance rate      = 0.5398876086

    Number of DSMC particles        = 1494470
    Number of stuck particles       = 0
    Number of free particles        = 1494470
    Average linear kinetic energy   = 1.745797568e-19
    Average rotational energy       = 4.252944449e-21
    Average vibrational energy      = 8.432527254e-25
    Average electronic energy       = 0
    Total energy                    = 0.001603568203

Stage 1.0  ExecutionTime = 83.27 s  ClockTime = 13 s  Iteration 80 (1.53 s)

Time = 5.976044005e-06

    Collisions                      = 103179
    Collision candidates           = 194057
    Collision acceptance rate      = 0.531694296

    Number of DSMC particles        = 1517579
    Number of stuck particles       = 0
    Number of free particles        = 1517579
    Average linear kinetic energy   = 1.730512754e-19
    Average rotational energy       = 4.776224649e-21
    Average vibrational energy      = 9.127463714e-25
    Average electronic energy       = 0
    Total energy                    = 0.001619211989

Stage 1.0  ExecutionTime = 95.37 s  ClockTime = 14 s  Iteration 90 (1.64 s)

Time = 6.640048894e-06

    Collisions                      = 112187
    Collision candidates           = 211956
    Collision acceptance rate      = 0.5292938157

    Number of DSMC particles        = 1540823
    Number of stuck particles       = 0
    Number of free particles        = 1540823
    Average linear kinetic energy   = 1.716002945e-19
    Average rotational energy       = 5.304823455e-21
    Average vibrational energy      = 1.212190455e-24
    Average electronic energy       = 0
    Total energy                    = 0.001635488054

Stage 1.0  ExecutionTime = 107.53 s  ClockTime = 16 s  Iteration 100 (1.66 s)

Time = 7.304053783e-06

    Collisions                      = 120773
    Collision candidates           = 229140
    Collision acceptance rate      = 0.5270707864

    Number of DSMC particles        = 1563700
    Number of stuck particles       = 0
    Number of free particles        = 1563700
    Average linear kinetic energy   = 1.702372127e-19
    Average rotational energy       = 5.822992835e-21
    Average vibrational energy      = 1.672513953e-24
    Average electronic energy       = 0
    Total energy                    = 0.001651847752

Stage 1.0  ExecutionTime = 120.15 s  ClockTime = 18 s  Iteration 110 (1.72 s)

Time = 7.968058673e-06

    Collisions                      = 128074
    Collision candidates           = 245850
    Collision acceptance rate      = 0.5209436648

    Number of DSMC particles        = 1586529
    Number of stuck particles       = 0
    Number of free particles        = 1586529
    Average linear kinetic energy   = 1.689379938e-19
    Average rotational energy       = 6.34152891e-21
    Average vibrational energy      = 1.785422377e-24
    Average electronic energy       = 0
    Total energy                    = 0.001668533271

Stage 1.0  ExecutionTime = 133.16 s  ClockTime = 19 s  Iteration 120 (1.86 s)

Time = 8.632063562e-06

    Collisions                      = 135885
    Collision candidates           = 260927
    Collision acceptance rate      = 0.5207778421

    Number of DSMC particles        = 1609171
    Number of stuck particles       = 0
    Number of free particles        = 1609171
    Average linear kinetic energy   = 1.677156715e-19
    Average rotational energy       = 6.838718848e-21
    Average vibrational energy      = 1.8366099e-24
    Average electronic energy       = 0
    Total energy                    = 0.00168534491

Stage 1.0  ExecutionTime = 146.7 s  ClockTime = 21 s  Iteration 130 (1.96 s)

Time = 9.296068452e-06

    Collisions                      = 142299
    Collision candidates           = 274814
    Collision acceptance rate      = 0.5178011309

    Number of DSMC particles        = 1631482
    Number of stuck particles       = 0
    Number of free particles        = 1631482
    Average linear kinetic energy   = 1.665331623e-19
    Average rotational energy       = 7.35478747e-21
    Average vibrational energy      = 2.841115398e-24
    Average electronic energy       = 0
    Total energy                    = 0.001702198172

Stage 1.0  ExecutionTime = 160.42 s  ClockTime = 22 s  Iteration 140 (1.92 s)

Time = 9.960073341e-06

    Collisions                      = 150138
    Collision candidates           = 289768
    Collision acceptance rate      = 0.5181317468

    Number of DSMC particles        = 1653790
    Number of stuck particles       = 0
    Number of free particles        = 1653790
    Average linear kinetic energy   = 1.654617619e-19
    Average rotational energy       = 7.822438579e-21
    Average vibrational energy      = 3.536665974e-24
    Average electronic energy       = 0
    Total energy                    = 0.001719489161

Stage 1.0  ExecutionTime = 175.4 s  ClockTime = 24 s  Iteration 150 (1.96 s)

Time = 1.062407823e-05

    Collisions                      = 157953
    Collision candidates           = 305670
    Collision acceptance rate      = 0.516743547

    Number of DSMC particles        = 1675849
    Number of stuck particles       = 0
    Number of free particles        = 1675849
    Average linear kinetic energy   = 1.643837835e-19
    Average rotational energy       = 8.318147406e-21
    Average vibrational energy      = 4.410017134e-24
    Average electronic energy       = 0
    Total energy                    = 0.001736578493

Stage 1.0  ExecutionTime = 189.55 s  ClockTime = 26 s  Iteration 160 (2.24 s)

Time = 1.128808312e-05

    Collisions                      = 164147
    Collision candidates           = 319951
    Collision acceptance rate      = 0.5130379339

    Number of DSMC particles        = 1697664
    Number of stuck particles       = 0
    Number of free particles        = 1697664
    Average linear kinetic energy   = 1.633698407e-19
    Average rotational energy       = 8.783291204e-21
    Average vibrational energy      = 4.673050807e-24
    Average electronic energy       = 0
    Total energy                    = 0.001753596647

Stage 1.0  ExecutionTime = 203.77 s  ClockTime = 28 s  Iteration 170 (2.11 s)

Time = 1.195208801e-05

    Collisions                      = 170983
    Collision candidates           = 333661
    Collision acceptance rate      = 0.5124452663

    Number of DSMC particles        = 1719049
    Number of stuck particles       = 0
    Number of free particles        = 1719049
    Average linear kinetic energy   = 1.623864378e-19
    Average rotational energy       = 9.244684685e-21
    Average vibrational energy      = 5.157652964e-24
    Average electronic energy       = 0
    Total energy                    = 0.001770307055

Stage 1.0  ExecutionTime = 218.46 s  ClockTime = 29 s  Iteration 180 (2.17 s)

Time = 1.26160929e-05

    Collisions                      = 177367
    Collision candidates           = 347090
    Collision acceptance rate      = 0.5110115532

    Number of DSMC particles        = 1740263
    Number of stuck particles       = 0
    Number of free particles        = 1740263
    Average linear kinetic energy   = 1.614392756e-19
    Average rotational energy       = 9.710296767e-21
    Average vibrational energy      = 6.185948082e-24
    Average electronic energy       = 0
    Total energy                    = 0.001787136201

Stage 1.0  ExecutionTime = 233.66 s  ClockTime = 31 s  Iteration 190 (2.22 s)

Time = 1.328009779e-05

    Collisions                      = 184607
    Collision candidates           = 360695
    Collision acceptance rate      = 0.5118091462

    Number of DSMC particles        = 1761552
    Number of stuck particles       = 0
    Number of free particles        = 1761552
    Average linear kinetic energy   = 1.60566851e-19
    Average rotational energy       = 1.012049019e-20
    Average vibrational energy      = 7.170875792e-24
    Average electronic energy       = 0
    Total energy                    = 0.001804123554

Stage 1.0  ExecutionTime = 248.82 s  ClockTime = 33 s  Iteration 200 (2.38 s)

Time = 1.394410268e-05

    Collisions                      = 190765
    Collision candidates           = 373658
    Collision acceptance rate      = 0.5105336966

    Number of DSMC particles        = 1782248
    Number of stuck particles       = 0
    Number of free particles        = 1782248
    Average linear kinetic energy   = 1.596656952e-19
    Average rotational energy       = 1.05666199e-20
    Average vibrational energy      = 7.821417172e-24
    Average electronic energy       = 0
    Total energy                    = 0.001820460857

Stage 1.0  ExecutionTime = 264.17 s  ClockTime = 35 s  Iteration 210 (2.39 s)

Time = 1.460810757e-05

    Collisions                      = 196795
    Collision candidates           = 386191
    Collision acceptance rate      = 0.5095794568

    Number of DSMC particles        = 1802481
    Number of stuck particles       = 0
    Number of free particles        = 1802481
    Average linear kinetic energy   = 1.588077817e-19
    Average rotational energy       = 1.09922803e-20
    Average vibrational energy      = 9.27037544e-24
    Average electronic energy       = 0
    Total energy                    = 0.001836468572

Stage 1.0  ExecutionTime = 280.15 s  ClockTime = 37 s  Iteration 220 (2.54 s)

Time = 1.527211246e-05

    Collisions                      = 202140
    Collision candidates           = 398149
    Collision acceptance rate      = 0.5076993789

    Number of DSMC particles        = 1822690
    Number of stuck particles       = 0
    Number of free particles        = 1822690
    Average linear kinetic energy   = 1.579944701e-19
    Average rotational energy       = 1.140480114e-20
    Average vibrational energy      = 9.944241668e-24
    Average electronic energy       = 0
    Total energy                    = 0.001852682898

Stage 1.0  ExecutionTime = 296.01 s  ClockTime = 39 s  Iteration 230 (2.51 s)

Time = 1.593611735e-05

    Collisions                      = 208338
    Collision candidates           = 410529
    Collision acceptance rate      = 0.5074866818

    Number of DSMC particles        = 1842783
    Number of stuck particles       = 0
    Number of free particles        = 1842783
    Average linear kinetic energy   = 1.572497965e-19
    Average rotational energy       = 1.176960193e-20
    Average vibrational energy      = 1.169254562e-23
    Average electronic energy       = 0
    Total energy                    = 0.001868925725

Stage 1.0  ExecutionTime = 312.29 s  ClockTime = 42 s  Iteration 240 (2.59 s)

Time = 1.660012224e-05

    Collisions                      = 215138
    Collision candidates           = 423475
    Collision acceptance rate      = 0.50802999

    Number of DSMC particles        = 1862602
    Number of stuck particles       = 0
    Number of free particles        = 1862602
    Average linear kinetic energy   = 1.564532989e-19
    Average rotational energy       = 1.218287235e-20
    Average vibrational energy      = 1.327997672e-23
    Average electronic energy       = 0
    Total energy                    = 0.001884760831

Stage 1.0  ExecutionTime = 331.07 s  ClockTime = 44 s  Iteration 250 (2.69 s)

Time = 1.726412712e-05

    Collisions                      = 220556
    Collision candidates           = 434803
    Collision acceptance rate      = 0.5072550097

    Number of DSMC particles        = 1882324
    Number of stuck particles       = 0
    Number of free particles        = 1882324
    Average linear kinetic energy   = 1.557098637e-19
    Average rotational energy       = 1.255910902e-20
    Average vibrational energy      = 1.438911176e-23
    Average electronic energy       = 0
    Total energy                    = 0.001900582865

Stage 1.0  ExecutionTime = 347.76 s  ClockTime = 46 s  Iteration 260 (2.7 s)

Time = 1.792813201e-05

    Collisions                      = 225455
    Collision candidates           = 445336
    Collision acceptance rate      = 0.5062581961

    Number of DSMC particles        = 1901479
    Number of stuck particles       = 0
    Number of free particles        = 1901479
    Average linear kinetic energy   = 1.550258247e-19
    Average rotational energy       = 1.289039014e-20
    Average vibrational energy      = 1.547816141e-23
    Average electronic energy       = 0
    Total energy                    = 0.001915911526

Stage 1.0  ExecutionTime = 364.73 s  ClockTime = 48 s  Iteration 270 (2.73 s)

Time = 1.85921369e-05

    Collisions                      = 230413
    Collision candidates           = 456822
    Collision acceptance rate      = 0.5043824509

    Number of DSMC particles        = 1920305
    Number of stuck particles       = 0
    Number of free particles        = 1920305
    Average linear kinetic energy   = 1.542856705e-19
    Average rotational energy       = 1.327369826e-20
    Average vibrational energy      = 1.709178849e-23
    Average electronic energy       = 0
    Total energy                    = 0.001930787491

Stage 1.0  ExecutionTime = 384.82 s  ClockTime = 51 s  Iteration 280 (2.95 s)

Time = 1.925614179e-05

    Collisions                      = 235960
    Collision candidates           = 467901
    Collision acceptance rate      = 0.5042947119

    Number of DSMC particles        = 1939141
    Number of stuck particles       = 0
    Number of free particles        = 1939141
    Average linear kinetic energy   = 1.53597799e-19
    Average rotational energy       = 1.362879785e-20
    Average vibrational energy      = 1.853109106e-23
    Average electronic energy       = 0
    Total energy                    = 0.001945871308

Stage 1.0  ExecutionTime = 402.48 s  ClockTime = 53 s  Iteration 290 (3.01 s)

Time = 1.992014668e-05

    Collisions                      = 242894
    Collision candidates           = 479744
    Collision acceptance rate      = 0.5062991929

    Number of DSMC particles        = 1957922
    Number of stuck particles       = 0
    Number of free particles        = 1957922
    Average linear kinetic energy   = 1.529495617e-19
    Average rotational energy       = 1.395210808e-20
    Average vibrational energy      = 2.005260352e-23
    Average electronic energy       = 0
    Total energy                    = 0.001960918276

Stage 1.0  ExecutionTime = 420.26 s  ClockTime = 55 s  Iteration 300 (2.95 s)

End stage 1


DSMC solver profile summary
    solver profile steps          = 300
    move+collide wall [s]         = 50.47563413
    move only [s]                 = 36.86317028
    buildCellOccupancy [s]        = 3.887311675
    collision phase [s]           = 8.699886146
    post fields/output [s]        = 0.164732418
    total profiled [s]            = 49.61510052
    full evolve wall [s]          = 50.64163356
    move+collide cpu [s]          = 394.32
    move only cpu [s]             = 287.84
    buildCellOccupancy cpu [s]    = 29.95
    collision phase cpu [s]       = 68.04
    post fields/output cpu [s]    = 1.37
    total profiled cpu [s]        = 387.2
    full evolve cpu [s]           = 395.69
    collision localLoop max [s] = 8.680137398
    collision reduce max [s]    = 0.000401881
    collision sigmaBC max [s]   = 0.014160448
    collision total max [s]     = 8.695227098
    collision accounted max [s] = 8.694699727
    collision residual max [s]  = 0.000527371
    collision subphase max sum [s] = 8.694699727
    collision cumulative global collisions = 43021629
    collision cumulative global candidates  = 82898099
    collision cumulative acceptance        = 0.5189700309
    OpenMP enabled                = 1
    OpenMP max threads            = 8
    OpenMP move                   = 1 (static, chunk 64)
    OpenMP collision              = dynamic, chunk 8

Total Iterations = 300
End main

real 55.07
user 418.68
sys 2.21
