case=zb
mode=OMP8
rep=3
np=1
OMP_NUM_THREADS=8
case_dir=/home/superxcx/code/OpenFoam/OF-1706/hyStrath_dlb/run/hyStrath/dsmcFoam+/xcx_test/zb-cylinder-react/omp8
controlDict=/home/superxcx/code/OpenFoam/OF-1706/hyStrath_dlb/doc/worklog/v2506/detail_mix/zb_full_series_current_mpi8cfg_repeat3_20260617/controlDicts/zb_OMP8_rep3_controlDict
start=2026-06-18T00:06:20+08:00
/*---------------------------------------------------------------------------*\
| =========                 |                                                 |
| \\      /  F ield         | OpenFOAM: The Open Source CFD Toolbox           |
|  \\    /   O peration     | Version:  v1706                                 |
|   \\  /    A nd           | Web:      www.OpenFOAM.com                      |
|    \\/     M anipulation  |                                                 |
\*---------------------------------------------------------------------------*/
Build  : v1706
Arch   : "LSB;label=32;scalar=64"
Exec   : dsmcFoam+
Date   : Jun 18 2026
Time   : 00:06:20
Host   : "SuperXCX-ROG"
PID    : 30399
Case   : /home/superxcx/code/OpenFoam/OF-1706/hyStrath_dlb/run/hyStrath/dsmcFoam+/xcx_test/zb-cylinder-react/omp8
nProcs : 1
sigFpe : Enabling floating point exception trapping (FOAM_SIGFPE).
fileModificationChecking : Monitoring run-time modified files using timeStampMaster (fileModificationSkew 10)
allowSystemOperations : Allowing user-supplied system call operations

// * * * * * * * * * * * * * * * * * * * * * * * * * * * * * * * * * * * * * //
Create time

Create mesh for time = 0

Selecting dynamicFvMesh dynamicRefineFvMesh

Constructing dsmcCloud 
Selecting the coordinate system model:	dsmcCartesian

Selecting the time-step model:	dsmcConstantTimeStepModel

Constant time-step model:
- time-step [sec]	6.640048894e-08

Selecting the porous measurement model:	dsmcNoPorousMediumMeasurements


Creating dsmcControllers

Creating fields: 

Selecting field: dsmcVolFields

TimeData Statistics: 
 measurement option: write
 nSamples: 1, time interval: 6.640048894e-08
 nAverages: 15060, time interval: 0.0009999913634
 total no. of sampling steps: 0
 total no. of averaging Steps: 0


Selecting field: dsmcVolFields

TimeData Statistics: 
 measurement option: write
 nSamples: 1, time interval: 6.640048894e-08
 nAverages: 15060, time interval: 0.0009999913634
 total no. of sampling steps: 0
 total no. of averaging Steps: 0


Selecting field: dsmcVolFields

TimeData Statistics: 
 measurement option: write
 nSamples: 1, time interval: 6.640048894e-08
 nAverages: 15060, time interval: 0.0009999913634
 total no. of sampling steps: 0
 total no. of averaging Steps: 0


Selecting field: dsmcVolFields

TimeData Statistics: 
 measurement option: write
 nSamples: 1, time interval: 6.640048894e-08
 nAverages: 15060, time interval: 0.0009999913634
 total no. of sampling steps: 0
 total no. of averaging Steps: 0


Selecting field: dsmcVolFields

TimeData Statistics: 
 measurement option: write
 nSamples: 1, time interval: 6.640048894e-08
 nAverages: 15060, time interval: 0.0009999913634
 total no. of sampling steps: 0
 total no. of averaging Steps: 0


Selecting field: dsmcVolFields

TimeData Statistics: 
 measurement option: write
 nSamples: 1, time interval: 6.640048894e-08
 nAverages: 15060, time interval: 0.0009999913634
 total no. of sampling steps: 0
 total no. of averaging Steps: 0


Creating the boundary models: 

Selecting dsmcPatchBoundaryModel dsmcDeletionPatch
Selecting dsmcPatchBoundaryModel dsmcDeletionPatch
Selecting dsmcPatchBoundaryModel dsmcDiffuseWallPatch
Selecting dsmcGeneralBoundaryModel dsmcFreeStreamInflowPatch
Selecting BinaryCollisionModel LarsenBorgnakkeVariableHardSphere

Creating dsmcReactions

Selecting the reaction model dissociationQK
Selecting the reaction model dissociationExchangeQK
Selecting the reaction model dissociationQK
Selecting the reaction model dissociationQK
Selecting the reaction model dissociationQK
Selecting the reaction model dissociationQK
Selecting the reaction model dissociationQK
Selecting the reaction model dissociationExchangeQK
Selecting the reaction model dissociationQK
Selecting the reaction model dissociationExchangeQK
Selecting the reaction model dissociationExchangeQK
Selecting the reaction model dissociationQK
Number of reactions created: 12

Constructing constant properties for
	N2
	O2
	NO
	N
	O
Selecting collisionPartnerSelectionModel noTimeCounter

Initialising the measurement fields

Initialising dsmcVolFields field
Initialising dsmcVolFields field
Initialising dsmcVolFields field
Initialising dsmcVolFields field
Initialising dsmcVolFields field
Initialising dsmcVolFields field

Starting time loop

Time = 6.640048894e-07

    Collisions                      = 26134
    Collision candidates           = 34978
    Collision acceptance rate      = 0.7471553548

    Number of DSMC particles        = 1330304
    Number of stuck particles       = 0
    Number of free particles        = 1330304
    Average linear kinetic energy   = 1.89342763e-19
    Average rotational energy       = 1.331141255e-21
    Average vibrational energy      = 9.338533674e-26
    Average electronic energy       = 0
    Total energy                    = 0.00152192629

Stage 1.0  ExecutionTime = 10.76 s  ClockTime = 3 s  Iteration 10 (0.99 s)

Time = 1.328009779e-06

    Collisions                      = 36204
    Collision candidates           = 54832
    Collision acceptance rate      = 0.6602713744

    Number of DSMC particles        = 1353904
    Number of stuck particles       = 0
    Number of free particles        = 1353904
    Average linear kinetic energy   = 1.866003124e-19
    Average rotational energy       = 1.566032497e-21
    Average vibrational energy      = 2.527971961e-25
    Average electronic energy       = 0
    Total energy                    = 0.001528557056

Stage 1.0  ExecutionTime = 19.49 s  ClockTime = 4 s  Iteration 20 (1.05 s)

Time = 1.992014668e-06

    Collisions                      = 46495
    Collision candidates           = 75884
    Collision acceptance rate      = 0.612711507

    Number of DSMC particles        = 1377470
    Number of stuck particles       = 0
    Number of free particles        = 1377470
    Average linear kinetic energy   = 1.841427109e-19
    Average rotational energy       = 1.886770756e-21
    Average vibrational energy      = 2.261208157e-25
    Average electronic energy       = 0
    Total energy                    = 0.001537502049

Stage 1.0  ExecutionTime = 29.19 s  ClockTime = 6 s  Iteration 30 (1.16 s)

Time = 2.656019558e-06

    Collisions                      = 56528
    Collision candidates           = 96196
    Collision acceptance rate      = 0.5876335814

    Number of DSMC particles        = 1400961
    Number of stuck particles       = 0
    Number of free particles        = 1400961
    Average linear kinetic energy   = 1.81914785e-19
    Average rotational energy       = 2.293135337e-21
    Average vibrational energy      = 3.112609816e-25
    Average electronic energy       = 0
    Total energy                    = 0.00154841129

Stage 1.0  ExecutionTime = 39.15 s  ClockTime = 7 s  Iteration 40 (1.28 s)

Time = 3.320024447e-06

    Collisions                      = 66749
    Collision candidates           = 117356
    Collision acceptance rate      = 0.568773646

    Number of DSMC particles        = 1424468
    Number of stuck particles       = 0
    Number of free particles        = 1424468
    Average linear kinetic energy   = 1.798827384e-19
    Average rotational energy       = 2.738529224e-21
    Average vibrational energy      = 4.262616384e-25
    Average electronic energy       = 0
    Total energy                    = 0.001560832554

Stage 1.0  ExecutionTime = 49.5 s  ClockTime = 8 s  Iteration 50 (1.32 s)

Time = 3.984029336e-06

    Collisions                      = 76894
    Collision candidates           = 137404
    Collision acceptance rate      = 0.5596198073

    Number of DSMC particles        = 1447738
    Number of stuck particles       = 0
    Number of free particles        = 1447738
    Average linear kinetic energy   = 1.779828507e-19
    Average rotational energy       = 3.226797673e-21
    Average vibrational energy      = 4.191622341e-25
    Average electronic energy       = 0
    Total energy                    = 0.001574068205

Stage 1.0  ExecutionTime = 60.71 s  ClockTime = 10 s  Iteration 60 (1.4 s)

Time = 4.648034226e-06

    Collisions                      = 85758
    Collision candidates           = 156880
    Collision acceptance rate      = 0.5466471188

    Number of DSMC particles        = 1471148
    Number of stuck particles       = 0
    Number of free particles        = 1471148
    Average linear kinetic energy   = 1.762150172e-19
    Average rotational energy       = 3.740510785e-21
    Average vibrational energy      = 5.714058402e-25
    Average electronic energy       = 0
    Total energy                    = 0.001588452335

Stage 1.0  ExecutionTime = 71.87 s  ClockTime = 11 s  Iteration 70 (1.45 s)

Time = 5.312039115e-06

    Collisions                      = 95193
    Collision candidates           = 176361
    Collision acceptance rate      = 0.5397621923

    Number of DSMC particles        = 1494353
    Number of stuck particles       = 0
    Number of free particles        = 1494353
    Average linear kinetic energy   = 1.745930891e-19
    Average rotational energy       = 4.269770541e-21
    Average vibrational energy      = 9.264523091e-25
    Average electronic energy       = 0
    Total energy                    = 0.001603713812

Stage 1.0  ExecutionTime = 83.41 s  ClockTime = 13 s  Iteration 80 (1.57 s)

Time = 5.976044005e-06

    Collisions                      = 103980
    Collision candidates           = 194089
    Collision acceptance rate      = 0.5357336067

    Number of DSMC particles        = 1517697
    Number of stuck particles       = 0
    Number of free particles        = 1517697
    Average linear kinetic energy   = 1.730571867e-19
    Average rotational energy       = 4.789047054e-21
    Average vibrational energy      = 1.455939558e-24
    Average electronic energy       = 0
    Total energy                    = 0.001619513431

Stage 1.0  ExecutionTime = 96.04 s  ClockTime = 14 s  Iteration 90 (1.65 s)

Time = 6.640048894e-06

    Collisions                      = 112135
    Collision candidates           = 211266
    Collision acceptance rate      = 0.5307763672

    Number of DSMC particles        = 1540812
    Number of stuck particles       = 0
    Number of free particles        = 1540812
    Average linear kinetic energy   = 1.7161756e-19
    Average rotational energy       = 5.318015245e-21
    Average vibrational energy      = 1.85861211e-24
    Average electronic energy       = 0
    Total energy                    = 0.001635763928

Stage 1.0  ExecutionTime = 108.64 s  ClockTime = 16 s  Iteration 100 (1.69 s)

Time = 7.304053783e-06

    Collisions                      = 121334
    Collision candidates           = 228689
    Collision acceptance rate      = 0.5305633415

    Number of DSMC particles        = 1563710
    Number of stuck particles       = 0
    Number of free particles        = 1563710
    Average linear kinetic energy   = 1.702510747e-19
    Average rotational energy       = 5.837107335e-21
    Average vibrational energy      = 2.000592055e-24
    Average electronic energy       = 0
    Total energy                    = 0.001652123877

Stage 1.0  ExecutionTime = 121.31 s  ClockTime = 17 s  Iteration 110 (1.74 s)

Time = 7.968058673e-06

    Collisions                      = 128451
    Collision candidates           = 245190
    Collision acceptance rate      = 0.5238835189

    Number of DSMC particles        = 1586398
    Number of stuck particles       = 0
    Number of free particles        = 1586398
    Average linear kinetic energy   = 1.689703723e-19
    Average rotational energy       = 6.342263503e-21
    Average vibrational energy      = 2.668877098e-24
    Average electronic energy       = 0
    Total energy                    = 0.001668719093

Stage 1.0  ExecutionTime = 134.33 s  ClockTime = 18 s  Iteration 120 (1.85 s)

Time = 8.632063562e-06

    Collisions                      = 136051
    Collision candidates           = 260818
    Collision acceptance rate      = 0.5216319426

    Number of DSMC particles        = 1608867
    Number of stuck particles       = 0
    Number of free particles        = 1608867
    Average linear kinetic energy   = 1.677442852e-19
    Average rotational energy       = 6.852421805e-21
    Average vibrational energy      = 3.492560924e-24
    Average electronic energy       = 0
    Total energy                    = 0.001685450995

Stage 1.0  ExecutionTime = 147.51 s  ClockTime = 20 s  Iteration 130 (1.89 s)

Time = 9.296068452e-06

    Collisions                      = 143106
    Collision candidates           = 275523
    Collision acceptance rate      = 0.5193976546

    Number of DSMC particles        = 1631431
    Number of stuck particles       = 0
    Number of free particles        = 1631431
    Average linear kinetic energy   = 1.665917469e-19
    Average rotational energy       = 7.334488756e-21
    Average vibrational energy      = 4.426069575e-24
    Average electronic energy       = 0
    Total energy                    = 0.00170253524

Stage 1.0  ExecutionTime = 160.99 s  ClockTime = 22 s  Iteration 140 (1.94 s)

Time = 9.960073341e-06

    Collisions                      = 150725
    Collision candidates           = 290205
    Collision acceptance rate      = 0.5193742355

    Number of DSMC particles        = 1653566
    Number of stuck particles       = 0
    Number of free particles        = 1653566
    Average linear kinetic energy   = 1.654764278e-19
    Average rotational energy       = 7.841674521e-21
    Average vibrational energy      = 5.082175617e-24
    Average electronic energy       = 0
    Total energy                    = 0.00171960795

Stage 1.0  ExecutionTime = 174.84 s  ClockTime = 24 s  Iteration 150 (2.01 s)

Time = 1.062407823e-05

    Collisions                      = 157409
    Collision candidates           = 305536
    Collision acceptance rate      = 0.5151896994

    Number of DSMC particles        = 1675825
    Number of stuck particles       = 0
    Number of free particles        = 1675825
    Average linear kinetic energy   = 1.64426681e-19
    Average rotational energy       = 8.304441739e-21
    Average vibrational energy      = 5.785041518e-24
    Average electronic energy       = 0
    Total energy                    = 0.001736860971

Stage 1.0  ExecutionTime = 188.97 s  ClockTime = 25 s  Iteration 160 (2.13 s)

Time = 1.128808312e-05

    Collisions                      = 164666
    Collision candidates           = 319837
    Collision acceptance rate      = 0.5148434984

    Number of DSMC particles        = 1697518
    Number of stuck particles       = 0
    Number of free particles        = 1697518
    Average linear kinetic energy   = 1.634095216e-19
    Average rotational energy       = 8.782188911e-21
    Average vibrational energy      = 5.995625601e-24
    Average electronic energy       = 0
    Total energy                    = 0.001753852234

Stage 1.0  ExecutionTime = 206.36 s  ClockTime = 28 s  Iteration 170 (2.18 s)

Time = 1.195208801e-05

    Collisions                      = 171446
    Collision candidates           = 333826
    Collision acceptance rate      = 0.5135789303

    Number of DSMC particles        = 1718999
    Number of stuck particles       = 0
    Number of free particles        = 1718999
    Average linear kinetic energy   = 1.624248842e-19
    Average rotational energy       = 9.235592509e-21
    Average vibrational energy      = 7.134085337e-24
    Average electronic energy       = 0
    Total energy                    = 0.001770578708

Stage 1.0  ExecutionTime = 221.01 s  ClockTime = 29 s  Iteration 180 (2.2 s)

Time = 1.26160929e-05

    Collisions                      = 178018
    Collision candidates           = 346968
    Collision acceptance rate      = 0.5130674875

    Number of DSMC particles        = 1740436
    Number of stuck particles       = 0
    Number of free particles        = 1740436
    Average linear kinetic energy   = 1.61474378e-19
    Average rotational energy       = 9.683932776e-21
    Average vibrational energy      = 7.492798519e-24
    Average electronic energy       = 0
    Total energy                    = 0.001787418759

Stage 1.0  ExecutionTime = 236.03 s  ClockTime = 31 s  Iteration 190 (2.37 s)

Time = 1.328009779e-05

    Collisions                      = 185237
    Collision candidates           = 360410
    Collision acceptance rate      = 0.5139618768

    Number of DSMC particles        = 1761337
    Number of stuck particles       = 0
    Number of free particles        = 1761337
    Average linear kinetic energy   = 1.605555566e-19
    Average rotational energy       = 1.013440527e-20
    Average vibrational energy      = 8.207793003e-24
    Average electronic energy       = 0
    Total energy                    = 0.001803942012

Stage 1.0  ExecutionTime = 251.4 s  ClockTime = 33 s  Iteration 200 (2.38 s)

Time = 1.394410268e-05

    Collisions                      = 189893
    Collision candidates           = 372679
    Collision acceptance rate      = 0.5095350154

    Number of DSMC particles        = 1782256
    Number of stuck particles       = 0
    Number of free particles        = 1782256
    Average linear kinetic energy   = 1.597102695e-19
    Average rotational energy       = 1.055271798e-20
    Average vibrational energy      = 8.836223213e-24
    Average electronic energy       = 0
    Total energy                    = 0.001820807876

Stage 1.0  ExecutionTime = 267.18 s  ClockTime = 35 s  Iteration 210 (2.44 s)

Time = 1.460810757e-05

    Collisions                      = 196472
    Collision candidates           = 385015
    Collision acceptance rate      = 0.5102970014

    Number of DSMC particles        = 1802825
    Number of stuck particles       = 0
    Number of free particles        = 1802825
    Average linear kinetic energy   = 1.588433716e-19
    Average rotational energy       = 1.09946773e-20
    Average vibrational energy      = 9.779573215e-24
    Average electronic energy       = 0
    Total energy                    = 0.001837235468

Stage 1.0  ExecutionTime = 282.93 s  ClockTime = 37 s  Iteration 220 (2.49 s)

Time = 1.527211246e-05

    Collisions                      = 201930
    Collision candidates           = 397070
    Collision acceptance rate      = 0.5085501297

    Number of DSMC particles        = 1822648
    Number of stuck particles       = 0
    Number of free particles        = 1822648
    Average linear kinetic energy   = 1.580107812e-19
    Average rotational energy       = 1.14178059e-20
    Average vibrational energy      = 1.090185585e-23
    Average electronic energy       = 0
    Total energy                    = 0.001852971274

Stage 1.0  ExecutionTime = 301.21 s  ClockTime = 40 s  Iteration 230 (2.5 s)

Time = 1.593611735e-05

    Collisions                      = 208621
    Collision candidates           = 408940
    Collision acceptance rate      = 0.5101506333

    Number of DSMC particles        = 1842787
    Number of stuck particles       = 0
    Number of free particles        = 1842787
    Average linear kinetic energy   = 1.572402765e-19
    Average rotational energy       = 1.18126548e-20
    Average vibrational energy      = 1.161986852e-23
    Average electronic energy       = 0
    Total energy                    = 0.001869299742

Stage 1.0  ExecutionTime = 317.57 s  ClockTime = 42 s  Iteration 240 (2.55 s)

Time = 1.660012224e-05

    Collisions                      = 214705
    Collision candidates           = 421051
    Collision acceptance rate      = 0.509926351

    Number of DSMC particles        = 1862569
    Number of stuck particles       = 0
    Number of free particles        = 1862569
    Average linear kinetic energy   = 1.564854135e-19
    Average rotational energy       = 1.219849063e-20
    Average vibrational energy      = 1.241544195e-23
    Average electronic energy       = 0
    Total energy                    = 0.001885251212

Stage 1.0  ExecutionTime = 334.33 s  ClockTime = 44 s  Iteration 250 (2.73 s)

Time = 1.726412712e-05

    Collisions                      = 220308
    Collision candidates           = 434081
    Collision acceptance rate      = 0.507527397

    Number of DSMC particles        = 1882014
    Number of stuck particles       = 0
    Number of free particles        = 1882014
    Average linear kinetic energy   = 1.557329541e-19
    Average rotational energy       = 1.258714125e-20
    Average vibrational energy      = 1.293965339e-23
    Average electronic energy       = 0
    Total energy                    = 0.001900830771

Stage 1.0  ExecutionTime = 351.27 s  ClockTime = 46 s  Iteration 260 (2.74 s)

Time = 1.792813201e-05

    Collisions                      = 225474
    Collision candidates           = 445078
    Collision acceptance rate      = 0.5065943498

    Number of DSMC particles        = 1901209
    Number of stuck particles       = 0
    Number of free particles        = 1901209
    Average linear kinetic energy   = 1.550166265e-19
    Average rotational energy       = 1.294524535e-20
    Average vibrational energy      = 1.375733654e-23
    Average electronic energy       = 0
    Total energy                    = 0.001916140668

Stage 1.0  ExecutionTime = 368.68 s  ClockTime = 48 s  Iteration 270 (2.84 s)

Time = 1.85921369e-05

    Collisions                      = 230933
    Collision candidates           = 455757
    Collision acceptance rate      = 0.5067020364

    Number of DSMC particles        = 1920393
    Number of stuck particles       = 0
    Number of free particles        = 1920393
    Average linear kinetic energy   = 1.543290881e-19
    Average rotational energy       = 1.328778669e-20
    Average vibrational energy      = 1.526457783e-23
    Average electronic energy       = 0
    Total energy                    = 0.001931517522

Stage 1.0  ExecutionTime = 386.4 s  ClockTime = 50 s  Iteration 280 (2.95 s)

Time = 1.925614179e-05

    Collisions                      = 236756
    Collision candidates           = 466627
    Collision acceptance rate      = 0.5073774128

    Number of DSMC particles        = 1939538
    Number of stuck particles       = 0
    Number of free particles        = 1939538
    Average linear kinetic energy   = 1.536354092e-19
    Average rotational energy       = 1.364237347e-20
    Average vibrational energy      = 1.654076698e-23
    Average electronic energy       = 0
    Total energy                    = 0.001946842185

Stage 1.0  ExecutionTime = 409.33 s  ClockTime = 53 s  Iteration 290 (3.03 s)

Time = 1.992014668e-05

    Collisions                      = 241964
    Collision candidates           = 476411
    Collision acceptance rate      = 0.5078891965

    Number of DSMC particles        = 1957750
    Number of stuck particles       = 0
    Number of free particles        = 1957750
    Average linear kinetic energy   = 1.529602969e-19
    Average rotational energy       = 1.398221339e-20
    Average vibrational energy      = 1.806327438e-23
    Average electronic energy       = 0
    Total energy                    = 0.001961202377

Stage 1.0  ExecutionTime = 427.09 s  ClockTime = 55 s  Iteration 300 (2.96 s)

End stage 1


DSMC solver profile summary
    solver profile steps          = 300
    move+collide wall [s]         = 51.28081439
    move only [s]                 = 37.38158105
    buildCellOccupancy [s]        = 4.172410722
    collision phase [s]           = 8.700155559
    post fields/output [s]        = 0.162145754
    total profiled [s]            = 50.41629309
    full evolve wall [s]          = 51.44416233
    move+collide cpu [s]          = 401.4
    move only cpu [s]             = 292.59
    buildCellOccupancy cpu [s]    = 32.05
    collision phase cpu [s]       = 68.11
    post fields/output cpu [s]    = 1.24
    total profiled cpu [s]        = 393.99
    full evolve cpu [s]           = 402.64
    collision localLoop max [s] = 8.68069277
    collision reduce max [s]    = 0.000443594
    collision sigmaBC max [s]   = 0.014157231
    collision total max [s]     = 8.695896298
    collision accounted max [s] = 8.695293595
    collision residual max [s]  = 0.000602703
    collision subphase max sum [s] = 8.695293595
    collision cumulative global collisions = 43034598
    collision cumulative global candidates  = 82753339
    collision cumulative acceptance        = 0.5200345813
    OpenMP enabled                = 1
    OpenMP max threads            = 8
    OpenMP move                   = 1 (static, chunk 64)
    OpenMP collision              = dynamic, chunk 8

Total Iterations = 300
End main

real 55.73
user 425.48
sys 2.16
