case=ourmesh
mode=MPI8
rep=3
np=8
OMP_NUM_THREADS=1
case_dir=/home/superxcx/code/OpenFoam/OF-1706/hyStrath_dlb/run/hyStrath/dsmcFoam+/xcx_test/pal-phd-3.3.1-cylinder-react/timecompare/ourmesh/mpi8replicatedmesh
controlDict=/home/superxcx/code/OpenFoam/OF-1706/hyStrath_dlb/doc/worklog/v2506/detail_mix/repeat_nowrite_compute_20260610/controlDicts/ourmesh_MPI8_rep3_controlDict
start=2026-06-10T02:27:51+08:00
/*---------------------------------------------------------------------------*\
| =========                 |                                                 |
| \\      /  F ield         | OpenFOAM: The Open Source CFD Toolbox           |
|  \\    /   O peration     | Version:  v1706                                 |
|   \\  /    A nd           | Web:      www.OpenFOAM.com                      |
|    \\/     M anipulation  |                                                 |
\*---------------------------------------------------------------------------*/
Build  : v1706
Arch   : "LSB;label=32;scalar=64"
Exec   : dsmcFoam+
Date   : Jun 10 2026
Time   : 02:27:51
Host   : "SuperXCX-ROG"
PID    : 2037849
/*---------------------------------------------------------------------------*\
| =========                 |                                                 |
| \\      /  F ield         | OpenFOAM: The Open Source CFD Toolbox           |
|  \\    /   O peration     | Version:  v1706                                 |
|   \\  /    A nd           | Web:      www.OpenFOAM.com                      |
|    \\/     M anipulation  |                                                 |
\*---------------------------------------------------------------------------*/
Build  : v1706
Arch   : "LSB;label=32;scalar=64"
Exec   : dsmcFoam+
Date   : Jun 10 2026
Time   : 02:27:51
Host   : "SuperXCX-ROG"
PID    : 2037853
Case   : /home/superxcx/code/OpenFoam/OF-1706/hyStrath_dlb/run/hyStrath/dsmcFoam+/xcx_test/pal-phd-3.3.1-cylinder-react/timecompare/ourmesh/mpi8replicatedmesh
nProcs : 1
sigFpe : Enabling floating point exception trapping (FOAM_SIGFPE).
fileModificationChecking : Monitoring run-time modified files using timeStampMaster (fileModificationSkew 10)
allowSystemOperations : Allowing user-supplied system call operations

// * * * * * * * * * * * * * * * * * * * * * * * * * * * * * * * * * * * * * //
Create time

Case   : /home/superxcx/code/OpenFoam/OF-1706/hyStrath_dlb/run/hyStrath/dsmcFoam+/xcx_test/pal-phd-3.3.1-cylinder-react/timecompare/ourmesh/mpi8replicatedmesh
nProcs : 1
sigFpe : Enabling floating point exception trapping (FOAM_SIGFPE).
fileModificationChecking : Monitoring run-time modified files using timeStampMaster (fileModificationSkew 10)
allowSystemOperations : Allowing user-supplied system call operations

// * * * * * * * * * * * * * * * * * * * * * * * * * * * * * * * * * * * * * //
Create time

Create mesh for time = 0

Create mesh for time = 0

Selecting dynamicFvMesh staticFvMesh
Selecting dynamicFvMesh staticFvMesh
/*---------------------------------------------------------------------------*\
| =========                 |                                                 |
| \\      /  F ield         | OpenFOAM: The Open Source CFD Toolbox           |
|  \\    /   O peration     | Version:  v1706                                 |
|   \\  /    A nd           | Web:      www.OpenFOAM.com                      |
|    \\/     M anipulation  |                                                 |
\*---------------------------------------------------------------------------*/
Build  : v1706
Arch   : "LSB;label=32;scalar=64"
Exec   : dsmcFoam+
Date   : Jun 10 2026
Time   : 02:27:51
Host   : "SuperXCX-ROG"
PID    : 2037850
/*---------------------------------------------------------------------------*\
| =========                 |                                                 |
| \\      /  F ield         | OpenFOAM: The Open Source CFD Toolbox           |
|  \\    /   O peration     | Version:  v1706                                 |
|   \\  /    A nd           | Web:      www.OpenFOAM.com                      |
|    \\/     M anipulation  |                                                 |
\*---------------------------------------------------------------------------*/
Build  : v1706
Arch   : "LSB;label=32;scalar=64"
Exec   : dsmcFoam+
Date   : Jun 10 2026
Time   : 02:27:51
Host   : "SuperXCX-ROG"
PID    : 2037855
/*---------------------------------------------------------------------------*\
| =========                 |                                                 |
| \\      /  F ield         | OpenFOAM: The Open Source CFD Toolbox           |
|  \\    /   O peration     | Version:  v1706                                 |
|   \\  /    A nd           | Web:      www.OpenFOAM.com                      |
|    \\/     M anipulation  |                                                 |
\*---------------------------------------------------------------------------*/
Build  : v1706
Arch   : "LSB;label=32;scalar=64"
Exec   : dsmcFoam+
Date   : Jun 10 2026
Time   : 02:27:51
Host   : "SuperXCX-ROG"
PID    : 2037856
Case   : /home/superxcx/code/OpenFoam/OF-1706/hyStrath_dlb/run/hyStrath/dsmcFoam+/xcx_test/pal-phd-3.3.1-cylinder-react/timecompare/ourmesh/mpi8replicatedmesh
nProcs : 1
sigFpe : Enabling floating point exception trapping (FOAM_SIGFPE).
/*---------------------------------------------------------------------------*\
| =========                 |                                                 |
| \\      /  F ield         | OpenFOAM: The Open Source CFD Toolbox           |
|  \\    /   O peration     | Version:  v1706                                 |
|   \\  /    A nd           | Web:      www.OpenFOAM.com                      |
|    \\/     M anipulation  |                                                 |
\*---------------------------------------------------------------------------*/
Build  : v1706
Arch   : "LSB;label=32;scalar=64"
Exec   : dsmcFoam+
Date   : Jun 10 2026
Time   : 02:27:51
Host   : "SuperXCX-ROG"
PID    : 2037851
/*---------------------------------------------------------------------------*\
| =========                 |                                                 |
| \\      /  F ield         | OpenFOAM: The Open Source CFD Toolbox           |
|  \\    /   O peration     | Version:  v1706                                 |
|   \\  /    A nd           | Web:      www.OpenFOAM.com                      |
|    \\/     M anipulation  |                                                 |
\*---------------------------------------------------------------------------*/
Build  : v1706
Arch   : "LSB;label=32;scalar=64"
Exec   : dsmcFoam+
Date   : Jun 10 2026
Time   : 02:27:51
Host   : "SuperXCX-ROG"
PID    : 2037854
Case   : /home/superxcx/code/OpenFoam/OF-1706/hyStrath_dlb/run/hyStrath/dsmcFoam+/xcx_test/pal-phd-3.3.1-cylinder-react/timecompare/ourmesh/mpi8replicatedmesh
nProcs : 1
sigFpe : Enabling floating point exception trapping (FOAM_SIGFPE).
fileModificationChecking : Monitoring run-time modified files using timeStampMaster (fileModificationSkew 10)
allowSystemOperations : Allowing user-supplied system call operations

// * * * * * * * * * * * * * * * * * * * * * * * * * * * * * * * * * * * * * //
Create time

fileModificationChecking : Monitoring run-time modified files using timeStampMaster (fileModificationSkew 10)
allowSystemOperations : Allowing user-supplied system call operations

// * * * * * * * * * * * * * * * * * * * * * * * * * * * * * * * * * * * * * //
Create time

Case   : /home/superxcx/code/OpenFoam/OF-1706/hyStrath_dlb/run/hyStrath/dsmcFoam+/xcx_test/pal-phd-3.3.1-cylinder-react/timecompare/ourmesh/mpi8replicatedmesh
nProcs : 1
Case   : /home/superxcx/code/OpenFoam/OF-1706/hyStrath_dlb/run/hyStrath/dsmcFoam+/xcx_test/pal-phd-3.3.1-cylinder-react/timecompare/ourmesh/mpi8replicatedmesh
nProcs : 1
sigFpe : Enabling floating point exception trapping (FOAM_SIGFPE).
fileModificationChecking : Monitoring run-time modified files using timeStampMaster (fileModificationSkew 10)
allowSystemOperations : Allowing user-supplied system call operations

// * * * * * * * * * * * * * * * * * * * * * * * * * * * * * * * * * * * * * //
Create time

Case   : /home/superxcx/code/OpenFoam/OF-1706/hyStrath_dlb/run/hyStrath/dsmcFoam+/xcx_test/pal-phd-3.3.1-cylinder-react/timecompare/ourmesh/mpi8replicatedmesh
nProcs : 1
sigFpe : Enabling floating point exception trapping (FOAM_SIGFPE).
sigFpe : Enabling floating point exception trapping (FOAM_SIGFPE).
fileModificationChecking : Monitoring run-time modified files using timeStampMaster (fileModificationSkew 10)
allowSystemOperations : Allowing user-supplied system call operations

fileModificationChecking : Monitoring run-time modified files using timeStampMaster (fileModificationSkew 10)
allowSystemOperations : Allowing user-supplied system call operations

// * * * * * * * * * * * * * * * * * * * * * * * * * * * * * * * * * * * * * //
Create time

// * * * * * * * * * * * * * * * * * * * * * * * * * * * * * * * * * * * * * //
Create time

Create mesh for time = 0

Create mesh for time = 0

Selecting dynamicFvMesh staticFvMesh
Selecting dynamicFvMesh staticFvMesh
Create mesh for time = 0

Create mesh for time = 0

Create mesh for time = 0

Selecting dynamicFvMesh staticFvMesh
Selecting dynamicFvMesh staticFvMesh
Selecting dynamicFvMesh staticFvMesh
/*---------------------------------------------------------------------------*\
| =========                 |                                                 |
| \\      /  F ield         | OpenFOAM: The Open Source CFD Toolbox           |
|  \\    /   O peration     | Version:  v1706                                 |
|   \\  /    A nd           | Web:      www.OpenFOAM.com                      |
|    \\/     M anipulation  |                                                 |
\*---------------------------------------------------------------------------*/
Build  : v1706
Arch   : "LSB;label=32;scalar=64"
Exec   : dsmcFoam+
Date   : Jun 10 2026
Time   : 02:27:51
Host   : "SuperXCX-ROG"
PID    : 2037852
Case   : /home/superxcx/code/OpenFoam/OF-1706/hyStrath_dlb/run/hyStrath/dsmcFoam+/xcx_test/pal-phd-3.3.1-cylinder-react/timecompare/ourmesh/mpi8replicatedmesh
nProcs : 1
sigFpe : Enabling floating point exception trapping (FOAM_SIGFPE).
fileModificationChecking : Monitoring run-time modified files using timeStampMaster (fileModificationSkew 10)
allowSystemOperations : Allowing user-supplied system call operations

// * * * * * * * * * * * * * * * * * * * * * * * * * * * * * * * * * * * * * //
Create time

Create mesh for time = 0

Selecting dynamicFvMesh staticFvMesh

Constructing dsmcCloud 

Constructing dsmcCloud 

Constructing dsmcCloud 

Constructing dsmcCloud 

Constructing dsmcCloud 

Constructing dsmcCloud 

Constructing dsmcCloud 

Constructing dsmcCloud 
Selecting the coordinate system model:	dsmcCartesian

Selecting the time-step model:	dsmcConstantTimeStepModel

Constant time-step model:
- time-step [sec]	1e-07

Selecting the porous measurement model:	dsmcNoPorousMediumMeasurements

Selecting the coordinate system model:	dsmcCartesian

Selecting the time-step model:	dsmcConstantTimeStepModel


Creating dsmcControllers

Creating fields: 

Selecting field: dsmcVolFields
#0  Foam::error::printStack(Foam::Ostream&)Constant time-step model:
- time-step [sec]	1e-07

Selecting the porous measurement model:	dsmcNoPorousMediumMeasurements

Selecting the coordinate system model:	dsmcCartesian

Selecting the time-step model:	dsmcConstantTimeStepModel

Constant time-step model:
- time-step [sec]	1e-07

Selecting the porous measurement model:	dsmcNoPorousMediumMeasurements

 at ??:?
#1  Foam::sigFpe::sigHandler(int)
Creating dsmcControllers

Creating fields: 

Selecting field: dsmcVolFields
#0  Foam::error::printStack(Foam::Ostream&) at ??:?
#2  ?
Creating dsmcControllers

Creating fields: 

Selecting field: dsmcVolFields
#0  Foam::error::printStack(Foam::Ostream&) in "/lib/x86_64-linux-gnu/libc.so.6"
#3  Foam::timeDataMeas::timeDataMeas(Foam::Time&, Foam::dictionary const&) at ??:?
#4  Foam::dsmcField::dsmcField(Foam::Time&, Foam::polyMesh const&, Foam::dsmcCloud&, Foam::dictionary const&) at ??:?
#1  Foam::sigFpe::sigHandler(int) at ??:?
#1  Foam::sigFpe::sigHandler(int) at ??:?
#5  Foam::dsmcVolFields::dsmcVolFields(Foam::Time&, Foam::polyMesh const&, Foam::dsmcCloud&, Foam::dictionary const&) at ??:?
#2  ? at ??:?
#2  ? at ??:?
#6  Foam::dsmcField::adddictionaryConstructorToTable<Foam::dsmcVolFields>::New(Foam::Time&, Foam::polyMesh const&, Foam::dsmcCloud&, Foam::dictionary const&) in "/lib/x86_64-linux-gnu/libc.so.6"
#3  Foam::timeDataMeas::timeDataMeas(Foam::Time&, Foam::dictionary const&) in "/lib/x86_64-linux-gnu/libc.so.6"
#3  Foam::timeDataMeas::timeDataMeas(Foam::Time&, Foam::dictionary const&) at ??:?
#7  Foam::dsmcField::New(Foam::Time&, Foam::polyMesh const&, Foam::dsmcCloud&, Foam::dictionary const&) at ??:?
#4   at ??:?
Foam::dsmcField::dsmcField(Foam::Time&, Foam::polyMesh const&, Foam::dsmcCloud&, Foam::dictionary const&)#4  Foam::dsmcField::dsmcField(Foam::Time&, Foam::polyMesh const&, Foam::dsmcCloud&, Foam::dictionary const&) at ??:?
#8  Foam::dsmcFieldProperties::dsmcFieldProperties(Foam::Time&, Foam::polyMesh const&, Foam::dsmcCloud&) at ??:?
#5  Foam::dsmcVolFields::dsmcVolFields(Foam::Time&, Foam::polyMesh const&, Foam::dsmcCloud&, Foam::dictionary const&) at ??:?
#5  Foam::dsmcVolFields::dsmcVolFields(Foam::Time&, Foam::polyMesh const&, Foam::dsmcCloud&, Foam::dictionary const&) at ??:?
#9  Foam::dsmcCloud::dsmcCloud(Foam::Time&, Foam::word const&, Foam::dynamicFvMesh const&, bool) at ??:?
#6  Foam::dsmcField::adddictionaryConstructorToTable<Foam::dsmcVolFields>::New(Foam::Time&, Foam::polyMesh const&, Foam::dsmcCloud&, Foam::dictionary const&) at ??:?
#6  Foam::dsmcField::adddictionaryConstructorToTable<Foam::dsmcVolFields>::New(Foam::Time&, Foam::polyMesh const&, Foam::dsmcCloud&, Foam::dictionary const&) at ??:?
#10   at ??:?
 at ??:?
#7  Foam::dsmcField::New(Foam::Time&, Foam::polyMesh const&, Foam::dsmcCloud&, Foam::dictionary const&)#7  Foam::dsmcField::New(Foam::Time&, Foam::polyMesh const&, Foam::dsmcCloud&, Foam::dictionary const&)? at ??:?
#11   at ??:?
#8  Foam::dsmcFieldProperties::dsmcFieldProperties(Foam::Time&, Foam::polyMesh const&, Foam::dsmcCloud&) at ??:?
#8  Foam::dsmcFieldProperties::dsmcFieldProperties(Foam::Time&, Foam::polyMesh const&, Foam::dsmcCloud&)? at ??:?
#9  Foam::dsmcCloud::dsmcCloud(Foam::Time&, Foam::word const&, Foam::dynamicFvMesh const&, bool)Selecting the coordinate system model:	dsmcCartesian

Selecting the time-step model:	dsmcConstantTimeStepModel

 at ??:?
#9  Foam::dsmcCloud::dsmcCloud(Foam::Time&, Foam::word const&, Foam::dynamicFvMesh const&, bool) at ??:?
#12  ?Constant time-step model:
- time-step [sec]	1e-07

Selecting the porous measurement model:	dsmcNoPorousMediumMeasurements

 at ??:?
#10  Selecting the coordinate system model:	dsmcCartesian

Selecting the time-step model:	dsmcConstantTimeStepModel

 at ??:?
#10   in "/lib/x86_64-linux-gnu/libc.so.6"
#13  __libc_start_main??Constant time-step model:
- time-step [sec]	1e-07

Selecting the porous measurement model:	dsmcNoPorousMediumMeasurements

 in "/lib/x86_64-linux-gnu/libc.so.6"
#14   at ??:?
#11   at ??:?
#11  ??? at ??:?
 at ??:?
#12  ? at ??:?
#12  ?
Creating dsmcControllers

 in "/lib/x86_64-linux-gnu/libc.so.6"
Selecting the coordinate system model:	dsmcCartesian

Selecting the time-step model:	dsmcConstantTimeStepModel

#13  __libc_start_main in "/lib/x86_64-linux-gnu/libc.so.6"
#13  __libc_start_mainCreating fields: 

Selecting field: dsmcVolFields
#0  Foam::error::printStack(Foam::Ostream&)
Creating dsmcControllers

Constant time-step model:
- time-step [sec]	1e-07

Selecting the porous measurement model:	dsmcNoPorousMediumMeasurements

 in "/lib/x86_64-linux-gnu/libc.so.6"
#14   in "/lib/x86_64-linux-gnu/libc.so.6"
#14  Creating fields: 

Selecting field: dsmcVolFields
#0  Foam::error::printStack(Foam::Ostream&)?? at ??:?
 at ??:?
#1  Foam::sigFpe::sigHandler(int)Selecting the coordinate system model:	dsmcCartesian

Selecting the time-step model:	dsmcConstantTimeStepModel

 at ??:?
 at ??:?
#1  Foam::sigFpe::sigHandler(int)Constant time-step model:
- time-step [sec]	1e-07

Selecting the porous measurement model:	dsmcNoPorousMediumMeasurements


Creating dsmcControllers

Creating fields: 

Selecting field: dsmcVolFields
#0  Foam::error::printStack(Foam::Ostream&) at ??:?
#2  ? at ??:?
#2  ? in "/lib/x86_64-linux-gnu/libc.so.6"
#3  Foam::timeDataMeas::timeDataMeas(Foam::Time&, Foam::dictionary const&) in "/lib/x86_64-linux-gnu/libc.so.6"
#3  Foam::timeDataMeas::timeDataMeas(Foam::Time&, Foam::dictionary const&)
Creating dsmcControllers

 at ??:?
#1  Foam::sigFpe::sigHandler(int)Creating fields: 

Selecting field: dsmcVolFields
 at ??:?
#0  #4  Foam::dsmcField::dsmcField(Foam::Time&, Foam::polyMesh const&, Foam::dsmcCloud&, Foam::dictionary const&)Foam::error::printStack(Foam::Ostream&) at ??:?
#4  Foam::dsmcField::dsmcField(Foam::Time&, Foam::polyMesh const&, Foam::dsmcCloud&, Foam::dictionary const&) at ??:?
#5  Foam::dsmcVolFields::dsmcVolFields(Foam::Time&, Foam::polyMesh const&, Foam::dsmcCloud&, Foam::dictionary const&) at ??:?
#2  ? at ??:?
#5  Foam::dsmcVolFields::dsmcVolFields(Foam::Time&, Foam::polyMesh const&, Foam::dsmcCloud&, Foam::dictionary const&) at ??:?
#1  Foam::sigFpe::sigHandler(int) in "/lib/x86_64-linux-gnu/libc.so.6"
#3  Foam::timeDataMeas::timeDataMeas(Foam::Time&, Foam::dictionary const&) at ??:?
#6  Foam::dsmcField::adddictionaryConstructorToTable<Foam::dsmcVolFields>::New(Foam::Time&, Foam::polyMesh const&, Foam::dsmcCloud&, Foam::dictionary const&) at ??:?
#6  Foam::dsmcField::adddictionaryConstructorToTable<Foam::dsmcVolFields>::New(Foam::Time&, Foam::polyMesh const&, Foam::dsmcCloud&, Foam::dictionary const&) at ??:?
#2  ? at ??:?
#4  Foam::dsmcField::dsmcField(Foam::Time&, Foam::polyMesh const&, Foam::dsmcCloud&, Foam::dictionary const&) at ??:?
#7  Foam::dsmcField::New(Foam::Time&, Foam::polyMesh const&, Foam::dsmcCloud&, Foam::dictionary const&) at ??:?
#7  Foam::dsmcField::New(Foam::Time&, Foam::polyMesh const&, Foam::dsmcCloud&, Foam::dictionary const&) in "/lib/x86_64-linux-gnu/libc.so.6"
#3  Foam::timeDataMeas::timeDataMeas(Foam::Time&, Foam::dictionary const&)Selecting the coordinate system model:	dsmcCartesian

Selecting the time-step model:	dsmcConstantTimeStepModel

 at ??:?
#8  Foam::dsmcFieldProperties::dsmcFieldProperties(Foam::Time&, Foam::polyMesh const&, Foam::dsmcCloud&) at ??:?
#5  Foam::dsmcVolFields::dsmcVolFields(Foam::Time&, Foam::polyMesh const&, Foam::dsmcCloud&, Foam::dictionary const&) at ??:?
Constant time-step model:
- time-step [sec]	1e-07

Selecting the porous measurement model:	dsmcNoPorousMediumMeasurements

#8  Foam::dsmcFieldProperties::dsmcFieldProperties(Foam::Time&, Foam::polyMesh const&, Foam::dsmcCloud&) at ??:?
#4  Foam::dsmcField::dsmcField(Foam::Time&, Foam::polyMesh const&, Foam::dsmcCloud&, Foam::dictionary const&) at ??:?
 at ??:?
#6  #9  Foam::dsmcCloud::dsmcCloud(Foam::Time&, Foam::word const&, Foam::dynamicFvMesh const&, bool)Foam::dsmcField::adddictionaryConstructorToTable<Foam::dsmcVolFields>::New(Foam::Time&, Foam::polyMesh const&, Foam::dsmcCloud&, Foam::dictionary const&) at ??:?
#9  Foam::dsmcCloud::dsmcCloud(Foam::Time&, Foam::word const&, Foam::dynamicFvMesh const&, bool) at ??:?
#10   at ??:?
#5  Foam::dsmcVolFields::dsmcVolFields(Foam::Time&, Foam::polyMesh const&, Foam::dsmcCloud&, Foam::dictionary const&) at ??:?
#7  Foam::dsmcField::New(Foam::Time&, Foam::polyMesh const&, Foam::dsmcCloud&, Foam::dictionary const&)? at ??:?
#6  Foam::dsmcField::adddictionaryConstructorToTable<Foam::dsmcVolFields>::New(Foam::Time&, Foam::polyMesh const&, Foam::dsmcCloud&, Foam::dictionary const&) at ??:?
#8  Foam::dsmcFieldProperties::dsmcFieldProperties(Foam::Time&, Foam::polyMesh const&, Foam::dsmcCloud&) at ??:?
#10   at ??:?
#11   at ??:?
#7  Foam::dsmcField::New(Foam::Time&, Foam::polyMesh const&, Foam::dsmcCloud&, Foam::dictionary const&)?? at ??:?
#9  Foam::dsmcCloud::dsmcCloud(Foam::Time&, Foam::word const&, Foam::dynamicFvMesh const&, bool)
Creating dsmcControllers

 at ??:?
#8  Foam::dsmcFieldProperties::dsmcFieldProperties(Foam::Time&, Foam::polyMesh const&, Foam::dsmcCloud&) at ??:?
#11   at ??:?
#12  ?Creating fields: 

Selecting field: dsmcVolFields
#0  Foam::error::printStack(Foam::Ostream&) at ??:?
#10   at ??:?
#9  Foam::dsmcCloud::dsmcCloud(Foam::Time&, Foam::word const&, Foam::dynamicFvMesh const&, bool)?? in "/lib/x86_64-linux-gnu/libc.so.6"
#13  __libc_start_main at ??:?
#11   in "/lib/x86_64-linux-gnu/libc.so.6"
#14   at ??:?
#10   at ??:?
#12  ? at ??:?
#1  Foam::sigFpe::sigHandler(int)??? in "/lib/x86_64-linux-gnu/libc.so.6"
#13  __libc_start_main at ??:?
#12  ? at ??:?
#11   at ??:?
#2  ? at ??:?
 in "/lib/x86_64-linux-gnu/libc.so.6"
#14  ? in "/lib/x86_64-linux-gnu/libc.so.6"
#13  __libc_start_main in "/lib/x86_64-linux-gnu/libc.so.6"
#3  Foam::timeDataMeas::timeDataMeas(Foam::Time&, Foam::dictionary const&)? at ??:?
#12  ? in "/lib/x86_64-linux-gnu/libc.so.6"
#14   at ??:?
#4  Foam::dsmcField::dsmcField(Foam::Time&, Foam::polyMesh const&, Foam::dsmcCloud&, Foam::dictionary const&) at ??:?
 in "/lib/x86_64-linux-gnu/libc.so.6"
#13  __libc_start_main? at ??:?
#5  Foam::dsmcVolFields::dsmcVolFields(Foam::Time&, Foam::polyMesh const&, Foam::dsmcCloud&, Foam::dictionary const&) at ??:?
 in "/lib/x86_64-linux-gnu/libc.so.6"
#14   at ??:?
#6  Foam::dsmcField::adddictionaryConstructorToTable<Foam::dsmcVolFields>::New(Foam::Time&, Foam::polyMesh const&, Foam::dsmcCloud&, Foam::dictionary const&)? at ??:?
#7  Foam::dsmcField::New(Foam::Time&, Foam::polyMesh const&, Foam::dsmcCloud&, Foam::dictionary const&) at ??:?
 at ??:?
#8  Foam::dsmcFieldProperties::dsmcFieldProperties(Foam::Time&, Foam::polyMesh const&, Foam::dsmcCloud&) at ??:?
#9  Foam::dsmcCloud::dsmcCloud(Foam::Time&, Foam::word const&, Foam::dynamicFvMesh const&, bool) at ??:?
#10  ? at ??:?
#11  ? at ??:?
#12  ? in "/lib/x86_64-linux-gnu/libc.so.6"
#13  __libc_start_main in "/lib/x86_64-linux-gnu/libc.so.6"
#14  ? at ??:?

===================================================================================
=   BAD TERMINATION OF ONE OF YOUR APPLICATION PROCESSES
=   RANK 0 PID 2037849 RUNNING AT SuperXCX-ROG
=   KILLED BY SIGNAL: 8 (Floating point exception)
===================================================================================

===================================================================================
=   BAD TERMINATION OF ONE OF YOUR APPLICATION PROCESSES
=   RANK 1 PID 2037850 RUNNING AT SuperXCX-ROG
=   KILLED BY SIGNAL: 8 (Floating point exception)
===================================================================================

===================================================================================
=   BAD TERMINATION OF ONE OF YOUR APPLICATION PROCESSES
=   RANK 2 PID 2037851 RUNNING AT SuperXCX-ROG
=   KILLED BY SIGNAL: 8 (Floating point exception)
===================================================================================

===================================================================================
=   BAD TERMINATION OF ONE OF YOUR APPLICATION PROCESSES
=   RANK 3 PID 2037852 RUNNING AT SuperXCX-ROG
=   KILLED BY SIGNAL: 8 (Floating point exception)
===================================================================================

===================================================================================
=   BAD TERMINATION OF ONE OF YOUR APPLICATION PROCESSES
=   RANK 4 PID 2037853 RUNNING AT SuperXCX-ROG
=   KILLED BY SIGNAL: 8 (Floating point exception)
===================================================================================

===================================================================================
=   BAD TERMINATION OF ONE OF YOUR APPLICATION PROCESSES
=   RANK 5 PID 2037854 RUNNING AT SuperXCX-ROG
=   KILLED BY SIGNAL: 8 (Floating point exception)
===================================================================================

===================================================================================
=   BAD TERMINATION OF ONE OF YOUR APPLICATION PROCESSES
=   RANK 6 PID 2037855 RUNNING AT SuperXCX-ROG
=   KILLED BY SIGNAL: 8 (Floating point exception)
===================================================================================

===================================================================================
=   BAD TERMINATION OF ONE OF YOUR APPLICATION PROCESSES
=   RANK 7 PID 2037856 RUNNING AT SuperXCX-ROG
=   KILLED BY SIGNAL: 8 (Floating point exception)
===================================================================================
real 33.51
user 22.11
sys 8.22
