case=zb
mode=MPI4xOMP2
np=4
OMP_NUM_THREADS=2
case_dir=/home/superxcx/code/OpenFoam/OF-1706/hyStrath_dlb/run/hyStrath/dsmcFoam+/xcx_test/zb-cylinder-react/mpi4omp2
controlDict=/home/superxcx/code/OpenFoam/OF-1706/hyStrath_dlb/doc/worklog/v2506/detail_mix/zb_full_series_perf_clean_recheck_20260620/controlDicts/zb_MPI4xOMP2_controlDict
start=2026-06-21T01:00:09+08:00
/*---------------------------------------------------------------------------*\
| =========                 |                                                 |
| \\      /  F ield         | OpenFOAM: The Open Source CFD Toolbox           |
|  \\    /   O peration     | Version:  v1706                                 |
|   \\  /    A nd           | Web:      www.OpenFOAM.com                      |
|    \\/     M anipulation  |                                                 |
\*---------------------------------------------------------------------------*/
Build  : v1706
Arch   : "LSB;label=32;scalar=64"
Exec   : dsmcFoam+
Date   : Jun 21 2026
Time   : 01:00:09
Host   : "SuperXCX-ROG"
PID    : 338750
/*---------------------------------------------------------------------------*\
| =========                 |                                                 |
| \\      /  F ield         | OpenFOAM: The Open Source CFD Toolbox           |
|  \\    /   O peration     | Version:  v1706                                 |
|   \\  /    A nd           | Web:      www.OpenFOAM.com                      |
|    \\/     M anipulation  |                                                 |
\*---------------------------------------------------------------------------*/
Build  : v1706
Arch   : "LSB;label=32;scalar=64"
Exec   : dsmcFoam+
Date   : Jun 21 2026
Time   : 01:00:09
Host   : "SuperXCX-ROG"
PID    : 338751
/*---------------------------------------------------------------------------*\
| =========                 |                                                 |
| \\      /  F ield         | OpenFOAM: The Open Source CFD Toolbox           |
|  \\    /   O peration     | Version:  v1706                                 |
|   \\  /    A nd           | Web:      www.OpenFOAM.com                      |
|    \\/     M anipulation  |                                                 |
\*---------------------------------------------------------------------------*/
Build  : v1706
Arch   : "LSB;label=32;scalar=64"
Exec   : dsmcFoam+
Date   : Jun 21 2026
Time   : 01:00:09
Host   : "SuperXCX-ROG"
PID    : 338752
/*---------------------------------------------------------------------------*\
| =========                 |                                                 |
| \\      /  F ield         | OpenFOAM: The Open Source CFD Toolbox           |
|  \\    /   O peration     | Version:  v1706                                 |
|   \\  /    A nd           | Web:      www.OpenFOAM.com                      |
|    \\/     M anipulation  |                                                 |
\*---------------------------------------------------------------------------*/
Build  : v1706
Arch   : "LSB;label=32;scalar=64"
Exec   : dsmcFoam+
Date   : Jun 21 2026
Time   : 01:00:09
Host   : "SuperXCX-ROG"
PID    : 338753
Case   : /home/superxcx/code/OpenFoam/OF-1706/hyStrath_dlb/run/hyStrath/dsmcFoam+/xcx_test/zb-cylinder-react/mpi4omp2
nProcs : 1
sigFpe : Enabling floating point exception trapping (FOAM_SIGFPE).
Case   : /home/superxcx/code/OpenFoam/OF-1706/hyStrath_dlb/run/hyStrath/dsmcFoam+/xcx_test/zb-cylinder-react/mpi4omp2
nProcs : 1
sigFpe : Enabling floating point exception trapping (FOAM_SIGFPE).
Case   : /home/superxcx/code/OpenFoam/OF-1706/hyStrath_dlb/run/hyStrath/dsmcFoam+/xcx_test/zb-cylinder-react/mpi4omp2
nProcs : 1
sigFpe : Enabling floating point exception trapping (FOAM_SIGFPE).
fileModificationChecking : Monitoring run-time modified files using timeStampMaster (fileModificationSkew 10)
allowSystemOperations : Allowing user-supplied system call operations

fileModificationChecking : Monitoring run-time modified files using timeStampMaster (fileModificationSkew 10)
allowSystemOperations : Allowing user-supplied system call operations

fileModificationChecking : Monitoring run-time modified files using timeStampMaster (fileModificationSkew 10)
allowSystemOperations : Allowing user-supplied system call operations

// * * * * * * * * * * * * * * * * * * * * * * * * * * * * * * * * * * * * * //
Create time

// * * * * * * * * * * * * * * * * * * * * * * * * * * * * * * * * * * * * * //
Create time

Case   : /home/superxcx/code/OpenFoam/OF-1706/hyStrath_dlb/run/hyStrath/dsmcFoam+/xcx_test/zb-cylinder-react/mpi4omp2
nProcs : 1
// * * * * * * * * * * * * * * * * * * * * * * * * * * * * * * * * * * * * * //
Create time

sigFpe : Enabling floating point exception trapping (FOAM_SIGFPE).
fileModificationChecking : Monitoring run-time modified files using timeStampMaster (fileModificationSkew 10)
allowSystemOperations : Allowing user-supplied system call operations

// * * * * * * * * * * * * * * * * * * * * * * * * * * * * * * * * * * * * * //
Create time

Create mesh for time = 0

Selecting dynamicFvMesh dynamicRefineFvMesh
Create mesh for time = 0

Selecting dynamicFvMesh dynamicRefineFvMesh
Create mesh for time = 0

Selecting dynamicFvMesh dynamicRefineFvMesh
Create mesh for time = 0

Selecting dynamicFvMesh dynamicRefineFvMesh

Constructing dsmcCloud 

Constructing dsmcCloud 

Constructing dsmcCloud 

Constructing dsmcCloud 
Selecting the coordinate system model:	dsmcCartesian

Selecting the time-step model:	dsmcConstantTimeStepModel

Constant time-step model:
- time-step [sec]	6.640048894e-08

Selecting the porous measurement model:	dsmcNoPorousMediumMeasurements


Creating dsmcControllers

Creating fields: 

Selecting field: dsmcVolFields

TimeData Statistics: 
 measurement option: write
 nSamples: 1, time interval: 6.640048894e-08
 nAverages: 15060, time interval: 0.0009999913634
 total no. of sampling steps: 0
 total no. of averaging Steps: 0


Selecting field: dsmcVolFields

TimeData Statistics: 
 measurement option: write
 nSamples: 1, time interval: 6.640048894e-08
 nAverages: 15060, time interval: 0.0009999913634
 total no. of sampling steps: 0
 total no. of averaging Steps: 0


Selecting the coordinate system model:	dsmcCartesian

Selecting the time-step model:	dsmcConstantTimeStepModel

Constant time-step model:
- time-step [sec]	6.640048894e-08

Selecting the porous measurement model:	dsmcNoPorousMediumMeasurements

Selecting field: dsmcVolFields

TimeData Statistics: 
 measurement option: write
 nSamples: 1, time interval: 6.640048894e-08
 nAverages: 15060, time interval: 0.0009999913634
 total no. of sampling steps: 0
 total no. of averaging Steps: 0


Selecting field: dsmcVolFields

TimeData Statistics: 
 measurement option: write
 nSamples: 1, time interval: 6.640048894e-08
 nAverages: 15060, time interval: 0.0009999913634
 total no. of sampling steps: 0
 total no. of averaging Steps: 0


Selecting field: dsmcVolFields

TimeData Statistics: 
 measurement option: write
 nSamples: 1, time interval: 6.640048894e-08
 nAverages: 15060, time interval: 0.0009999913634
 total no. of sampling steps: 0
 total no. of averaging Steps: 0



Creating dsmcControllers

Creating fields: 

Selecting field: dsmcVolFields

TimeData Statistics: 
 measurement option: write
 nSamples: 1, time interval: 6.640048894e-08
 nAverages: 15060, time interval: 0.0009999913634
 total no. of sampling steps: 0
 total no. of averaging Steps: 0


Selecting the coordinate system model:	dsmcCartesian

Selecting the time-step model:	dsmcConstantTimeStepModel

Constant time-step model:
- time-step [sec]	6.640048894e-08

Selecting the porous measurement model:	dsmcNoPorousMediumMeasurements

Selecting field: dsmcVolFields

TimeData Statistics: 
 measurement option: write
 nSamples: 1, time interval: 6.640048894e-08
 nAverages: 15060, time interval: 0.0009999913634
 total no. of sampling steps: 0
 total no. of averaging Steps: 0



Creating dsmcControllers

Creating fields: 

Selecting field: dsmcVolFields

TimeData Statistics: 
 measurement option: write
 nSamples: 1, time interval: 6.640048894e-08
 nAverages: 15060, time interval: 0.0009999913634
 total no. of sampling steps: 0
 total no. of averaging Steps: 0


Selecting field: dsmcVolFields

TimeData Statistics: 
 measurement option: write
 nSamples: 1, time interval: 6.640048894e-08
 nAverages: 15060, time interval: 0.0009999913634
 total no. of sampling steps: 0
 total no. of averaging Steps: 0


Creating the boundary models: 

Selecting dsmcPatchBoundaryModel dsmcDeletionPatch
Selecting dsmcPatchBoundaryModel dsmcDeletionPatch
Selecting dsmcPatchBoundaryModel dsmcDiffuseWallPatch
Selecting dsmcGeneralBoundaryModel dsmcFreeStreamInflowPatch
Selecting field: dsmcVolFields

TimeData Statistics: 
 measurement option: write
 nSamples: 1, time interval: 6.640048894e-08
 nAverages: 15060, time interval: 0.0009999913634
 total no. of sampling steps: 0
 total no. of averaging Steps: 0


Selecting BinaryCollisionModel LarsenBorgnakkeVariableHardSphere

Creating dsmcReactions

Selecting the reaction model dissociationQK
Selecting the reaction model dissociationExchangeQK
Selecting the reaction model dissociationQK
Selecting the reaction model dissociationQK
Selecting the reaction model dissociationQK
Selecting the reaction model dissociationQK
Selecting the reaction model dissociationQK
Selecting the reaction model dissociationExchangeQK
Selecting the reaction model dissociationQK
Selecting the reaction model dissociationExchangeQK
Selecting the reaction model dissociationExchangeQK
Selecting the reaction model dissociationQK
Number of reactions created: 12
Selecting the coordinate system model:	dsmcCartesian

Selecting the time-step model:	dsmcConstantTimeStepModel

Constant time-step model:
- time-step [sec]	6.640048894e-08

Selecting the porous measurement model:	dsmcNoPorousMediumMeasurements

Selecting field: dsmcVolFields

TimeData Statistics: 
 measurement option: write
 nSamples: 1, time interval: 6.640048894e-08
 nAverages: 15060, time interval: 0.0009999913634
 total no. of sampling steps: 0
 total no. of averaging Steps: 0



Creating dsmcControllers

Creating fields: 

Selecting field: dsmcVolFields

TimeData Statistics: 
 measurement option: write
 nSamples: 1, time interval: 6.640048894e-08
 nAverages: 15060, time interval: 0.0009999913634
 total no. of sampling steps: 0
 total no. of averaging Steps: 0


Selecting field: dsmcVolFields

TimeData Statistics: 
 measurement option: write
 nSamples: 1, time interval: 6.640048894e-08
 nAverages: 15060, time interval: 0.0009999913634
 total no. of sampling steps: 0
 total no. of averaging Steps: 0


Selecting field: dsmcVolFields

TimeData Statistics: 
 measurement option: write
 nSamples: 1, time interval: 6.640048894e-08
 nAverages: 15060, time interval: 0.0009999913634
 total no. of sampling steps: 0
 total no. of averaging Steps: 0


Selecting field: dsmcVolFields

TimeData Statistics: 
 measurement option: write
 nSamples: 1, time interval: 6.640048894e-08
 nAverages: 15060, time interval: 0.0009999913634
 total no. of sampling steps: 0
 total no. of averaging Steps: 0


Selecting field: dsmcVolFields

TimeData Statistics: 
 measurement option: write
 nSamples: 1, time interval: 6.640048894e-08
 nAverages: 15060, time interval: 0.0009999913634
 total no. of sampling steps: 0
 total no. of averaging Steps: 0


Selecting field: dsmcVolFields

TimeData Statistics: 
 measurement option: write
 nSamples: 1, time interval: 6.640048894e-08
 nAverages: 15060, time interval: 0.0009999913634
 total no. of sampling steps: 0
 total no. of averaging Steps: 0


Selecting field: dsmcVolFields

TimeData Statistics: 
 measurement option: write
 nSamples: 1, time interval: 6.640048894e-08
 nAverages: 15060, time interval: 0.0009999913634
 total no. of sampling steps: 0
 total no. of averaging Steps: 0


Selecting field: dsmcVolFields

TimeData Statistics: 
 measurement option: write
 nSamples: 1, time interval: 6.640048894e-08
 nAverages: 15060, time interval: 0.0009999913634
 total no. of sampling steps: 0
 total no. of averaging Steps: 0


Selecting field: dsmcVolFields

TimeData Statistics: 
 measurement option: write
 nSamples: 1, time interval: 6.640048894e-08
 nAverages: 15060, time interval: 0.0009999913634
 total no. of sampling steps: 0
 total no. of averaging Steps: 0


Selecting field: dsmcVolFields

TimeData Statistics: 
 measurement option: write
Selecting field: dsmcVolFields

TimeData Statistics: 
 measurement option: write
 nSamples: 1, time interval: 6.640048894e-08
 nAverages: 15060, time interval: 0.0009999913634
 total no. of sampling steps: 0
 total no. of averaging Steps: 0


 nSamples: 1, time interval: 6.640048894e-08
 nAverages: 15060, time interval: 0.0009999913634
 total no. of sampling steps: 0
 total no. of averaging Steps: 0


Creating the boundary models: 

Selecting dsmcPatchBoundaryModel dsmcDeletionPatch
Selecting dsmcPatchBoundaryModel dsmcDeletionPatch
Selecting dsmcPatchBoundaryModel dsmcDiffuseWallPatch
Selecting dsmcGeneralBoundaryModel dsmcFreeStreamInflowPatch
Creating the boundary models: 

Selecting dsmcPatchBoundaryModel dsmcDeletionPatch
Selecting dsmcPatchBoundaryModel dsmcDeletionPatch
Selecting dsmcPatchBoundaryModel dsmcDiffuseWallPatch
Selecting dsmcGeneralBoundaryModel dsmcFreeStreamInflowPatch
Selecting BinaryCollisionModel LarsenBorgnakkeVariableHardSphere

Creating dsmcReactions

Selecting the reaction model dissociationQK
Selecting the reaction model dissociationExchangeQK
Selecting the reaction model dissociationQK
Selecting the reaction model dissociationQK
Selecting the reaction model dissociationQK
Selecting the reaction model dissociationQK
Selecting the reaction model dissociationQK
Selecting the reaction model dissociationExchangeQK
Selecting the reaction model dissociationQK
Selecting the reaction model dissociationExchangeQK
Selecting the reaction model dissociationExchangeQK
Selecting the reaction model dissociationQK
Number of reactions created: 12
Selecting field: dsmcVolFields

TimeData Statistics: 
 measurement option: write
 nSamples: 1, time interval: 6.640048894e-08
 nAverages: 15060, time interval: 0.0009999913634
 total no. of sampling steps: 0
 total no. of averaging Steps: 0


Selecting BinaryCollisionModel LarsenBorgnakkeVariableHardSphere

Creating dsmcReactions

Selecting the reaction model dissociationQK
Selecting the reaction model dissociationExchangeQK
Selecting the reaction model dissociationQK
Selecting the reaction model dissociationQK
Selecting the reaction model dissociationQK
Selecting the reaction model dissociationQK
Selecting the reaction model dissociationQK
Selecting the reaction model dissociationExchangeQK
Selecting the reaction model dissociationQK
Selecting the reaction model dissociationExchangeQK
Selecting the reaction model dissociationExchangeQK
Selecting the reaction model dissociationQK
Number of reactions created: 12
Selecting field: dsmcVolFields

TimeData Statistics: 
 measurement option: write
 nSamples: 1, time interval: 6.640048894e-08
 nAverages: 15060, time interval: 0.0009999913634
 total no. of sampling steps: 0
 total no. of averaging Steps: 0


Creating the boundary models: 

Selecting dsmcPatchBoundaryModel dsmcDeletionPatch
Selecting dsmcPatchBoundaryModel dsmcDeletionPatch
Selecting dsmcPatchBoundaryModel dsmcDiffuseWallPatch
Selecting dsmcGeneralBoundaryModel dsmcFreeStreamInflowPatch
Selecting BinaryCollisionModel LarsenBorgnakkeVariableHardSphere

Creating dsmcReactions

Selecting the reaction model dissociationQK
Selecting the reaction model dissociationExchangeQK
Selecting the reaction model dissociationQK
Selecting the reaction model dissociationQK
Selecting the reaction model dissociationQK
Selecting the reaction model dissociationQK
Selecting the reaction model dissociationQK
Selecting the reaction model dissociationExchangeQK
Selecting the reaction model dissociationQK
Selecting the reaction model dissociationExchangeQK
Selecting the reaction model dissociationExchangeQK
Selecting the reaction model dissociationQK
Number of reactions created: 12

Constructing constant properties for
	N2
	O2
	NO
	N
	O
Selecting collisionPartnerSelectionModel noTimeCounter
Collision profile: collisionReduceOnlyOnOutput defaulted to true for replicatedMesh run
Collision profile: collisionOutputGlobalReduce defaulted to false for replicatedMesh run

Initialising the measurement fields

Initialising dsmcVolFields field
Initialising dsmcVolFields field
Initialising dsmcVolFields field
Initialising dsmcVolFields field
Initialising dsmcVolFields field
Initialising dsmcVolFields field

Constructing constant properties for
	N2
	O2
	NO
	N
	O
Selecting collisionPartnerSelectionModel noTimeCounter
Collision profile: collisionReduceOnlyOnOutput defaulted to true for replicatedMesh run
Collision profile: collisionOutputGlobalReduce defaulted to false for replicatedMesh run

Initialising the measurement fields

Initialising dsmcVolFields field
Initialising dsmcVolFields field
Initialising dsmcVolFields field
Initialising dsmcVolFields field
Initialising dsmcVolFields field
Initialising dsmcVolFields field

Constructing constant properties for
	N2
	O2
	NO
	N
	O

Constructing constant properties for
	N2
	O2
	NO
	N
	O
Selecting collisionPartnerSelectionModel noTimeCounter
Collision profile: collisionReduceOnlyOnOutput defaulted to true for replicatedMesh run
Collision profile: collisionOutputGlobalReduce defaulted to false for replicatedMesh run

Initialising the measurement fields

Initialising dsmcVolFields field
Selecting collisionPartnerSelectionModel noTimeCounter
Collision profile: collisionReduceOnlyOnOutput defaulted to true for replicatedMesh run
Collision profile: collisionOutputGlobalReduce defaulted to false for replicatedMesh run

Initialising the measurement fields

Initialising dsmcVolFields field
Initialising dsmcVolFields field
Initialising dsmcVolFields field
Initialising dsmcVolFields field
Initialising dsmcVolFields field
Initialising dsmcVolFields field
Initialising dsmcVolFields field
Initialising dsmcVolFields field
Initialising dsmcVolFields field
Initialising dsmcVolFields field
Initialising dsmcVolFields field
Replicated mesh: METIS decomposition complete, 60000 cells -> 4 ranks
Replicated mesh: rank 0 owns 15022 / 60000 cells
Local mesh: 15022 owned + 492 halo = 15514 / 60000 cells
Replicated mesh: flatTransfer=1 found=1
Replicated mesh: flat POD transfer enabled
Replicated mesh: gatherCandidates=0
Replicated mesh: overlapSizeExchange=0
Replicated mesh: writeMode=gathered
Phase C auto DLB: enabled (ParMETIS AdaptiveRepart), imbalanceThreshold=1.5, dlbSteps=50, sarSteps=50, triggerMode=legacyWindow, minGapSteps=50, checkCollective=allgather, particleGate=0, particleGateThreshold=1.5, skipPostDiag=0, adaptiveAlpha=0
Replicated mesh: initialized with 4 MPI ranks, migrate interval 10

Starting time loop

Replicated mesh: initial particle distribution

Replicated mesh: rank 0 kept 201681 parcels, deleted 1105064 non-owned parcels
Time = 6.640048894e-07

    Collision global reduction skipped (rank 0 local diagnostics)
    Collisions                      = 7647
    Collision candidates           = 11884
    Collision acceptance rate      = 0.643470212

    Number of DSMC particles        = 1330302
    Number of stuck particles       = 0
    Number of free particles        = 1330302
    Average linear kinetic energy   = 1.893579988e-19
    Average rotational energy       = 1.326891392e-21
    Average vibrational energy      = 2.341382934e-26
    Average electronic energy       = 0
    Total energy                    = 0.001522011132

Stage 1.0  ExecutionTime = 6.34 s  ClockTime = 6 s  Iteration 10 (0.79 s)

Time = 1.328009779e-06

    Collision global reduction skipped (rank 0 local diagnostics)
    Collisions                      = 15909
    Collision candidates           = 27425
    Collision acceptance rate      = 0.5800911577

    Number of DSMC particles        = 1353875
    Number of stuck particles       = 0
    Number of free particles        = 1353875
    Average linear kinetic energy   = 1.866031959e-19
    Average rotational energy       = 1.562261758e-21
    Average vibrational energy      = 1.150307968e-25
    Average electronic energy       = 0
    Total energy                    = 0.001528515988

Stage 1.0  ExecutionTime = 8.79 s  ClockTime = 8 s  Iteration 20 (0.76 s)

Time = 1.992014668e-06

    Collision global reduction skipped (rank 0 local diagnostics)
    Collisions                      = 25269
    Collision candidates           = 45590
    Collision acceptance rate      = 0.5542662865

    Number of DSMC particles        = 1377486
    Number of stuck particles       = 0
    Number of free particles        = 1377486
    Average linear kinetic energy   = 1.841515998e-19
    Average rotational energy       = 1.870893123e-21
    Average vibrational energy      = 1.356709135e-25
    Average electronic energy       = 0
    Total energy                    = 0.001537461399

Stage 1.0  ExecutionTime = 11.5 s  ClockTime = 7 s  Iteration 30 (0.74 s)

Time = 2.656019558e-06

    Collision global reduction skipped (rank 0 local diagnostics)
    Collisions                      = 35018
    Collision candidates           = 64539
    Collision acceptance rate      = 0.542586653

    Number of DSMC particles        = 1400995
    Number of stuck particles       = 0
    Number of free particles        = 1400995
    Average linear kinetic energy   = 1.819162945e-19
    Average rotational energy       = 2.266278626e-21
    Average vibrational energy      = 2.000914893e-25
    Average electronic energy       = 0
    Total energy                    = 0.001548234866

Stage 1.0  ExecutionTime = 14.36 s  ClockTime = 8 s  Iteration 40 (0.69 s)

Time = 3.320024447e-06

    Collision global reduction skipped (rank 0 local diagnostics)
    Collisions                      = 43827
    Collision candidates           = 82633
    Collision acceptance rate      = 0.5303813247

    Number of DSMC particles        = 1424522
    Number of stuck particles       = 0
    Number of free particles        = 1424522
    Average linear kinetic energy   = 1.798866457e-19
    Average rotational energy       = 2.696858979e-21
    Average vibrational energy      = 2.731890525e-25
    Average electronic energy       = 0
    Total energy                    = 0.001560567651

Stage 1.0  ExecutionTime = 17.47 s  ClockTime = 10 s  Iteration 50 (0.68 s)

Time = 3.984029336e-06

    Collision global reduction skipped (rank 0 local diagnostics)
    Collisions                      = 53141
    Collision candidates           = 101357
    Collision acceptance rate      = 0.5242953126

    Number of DSMC particles        = 1447641
    Number of stuck particles       = 0
    Number of free particles        = 1447641
    Average linear kinetic energy   = 1.780117738e-19
    Average rotational energy       = 3.17459159e-21
    Average vibrational energy      = 3.118582186e-25
    Average electronic energy       = 0
    Total energy                    = 0.001573759576

Stage 1.0  ExecutionTime = 20.61 s  ClockTime = 12 s  Iteration 60 (0.64 s)

Time = 4.648034226e-06

    Collision global reduction skipped (rank 0 local diagnostics)
    Collisions                      = 61305
    Collision candidates           = 118358
    Collision acceptance rate      = 0.5179624529

    Number of DSMC particles        = 1471176
    Number of stuck particles       = 0
    Number of free particles        = 1471176
    Average linear kinetic energy   = 1.762498911e-19
    Average rotational energy       = 3.677690113e-21
    Average vibrational energy      = 5.821028725e-25
    Average electronic energy       = 0
    Total energy                    = 0.001588235974

Stage 1.0  ExecutionTime = 24.01 s  ClockTime = 14 s  Iteration 70 (0.55 s)

Time = 5.312039115e-06

    Collision global reduction skipped (rank 0 local diagnostics)
    Collisions                      = 69221
    Collision candidates           = 135249
    Collision acceptance rate      = 0.5118041538

    Number of DSMC particles        = 1494369
    Number of stuck particles       = 0
    Number of free particles        = 1494369
    Average linear kinetic energy   = 1.746227881e-19
    Average rotational energy       = 4.178481728e-21
    Average vibrational energy      = 8.023439187e-25
    Average electronic energy       = 0
    Total energy                    = 0.001603177643

Stage 1.0  ExecutionTime = 27.4 s  ClockTime = 16 s  Iteration 80 (0.46 s)

Time = 5.976044005e-06

    Collision global reduction skipped (rank 0 local diagnostics)
    Collisions                      = 77098
    Collision candidates           = 150945
    Collision acceptance rate      = 0.5107688231

    Number of DSMC particles        = 1517873
    Number of stuck particles       = 0
    Number of free particles        = 1517873
    Average linear kinetic energy   = 1.731073514e-19
    Average rotational energy       = 4.702557394e-21
    Average vibrational energy      = 8.408661897e-25
    Average electronic energy       = 0
    Total energy                    = 0.001619364816

Stage 1.0  ExecutionTime = 30.82 s  ClockTime = 17 s  Iteration 90 (0.41 s)

Time = 6.640048894e-06

    Collision global reduction skipped (rank 0 local diagnostics)
    Collisions                      = 84065
    Collision candidates           = 166098
    Collision acceptance rate      = 0.5061168708


Phase C auto DLB triggered (SAR) at step 100: sar=0.0524212845 loadImbalance=1.321389511 threshold=1.5 particleMaxMin=1
Phase C ParMETIS weights: particles=1540646 activeCells=60000 maxCellParticles=306
Phase C ParMETIS: alpha=1 ncon=1 ubvec=[1.049999952] moveRatio=0.7896225058 (moveT=10.24769555s, collT=2.730272371s)
Phase C ParMETIS: AdaptiveRepart (60000 cells, 1 constraints, ubvec=1.049999952)
Replicated mesh: rank 0 owns 13086 / 60000 cells
Local mesh: 13086 owned + 492 halo = 13578 / 60000 cells
Phase C ParMETIS AdaptiveRepart: 58056 / 60000 cells changed (0.9676)
Phase C auto DLB complete: rebalance #1

    Number of DSMC particles        = 1540646
    Number of stuck particles       = 0
    Number of free particles        = 1540646
    Average linear kinetic energy   = 1.716662327e-19
    Average rotational energy       = 5.208786431e-21
    Average vibrational energy      = 9.699569752e-25
    Average electronic energy       = 0
    Total energy                    = 0.00163501971

Stage 1.0  ExecutionTime = 34.89 s  ClockTime = 20 s  Iteration 100 (0.94 s)

Time = 7.304053783e-06

    Collision global reduction skipped (rank 0 local diagnostics)
    Collisions                      = 13510
    Collision candidates           = 20166
    Collision acceptance rate      = 0.6699395021

    Number of DSMC particles        = 1563748
    Number of stuck particles       = 0
    Number of free particles        = 1563748
    Average linear kinetic energy   = 1.703478575e-19
    Average rotational energy       = 5.611122521e-21
    Average vibrational energy      = 1.45335947e-24
    Average electronic energy       = 0
    Total energy                    = 0.001650946655

Stage 1.0  ExecutionTime = 37.89 s  ClockTime = 22 s  Iteration 110 (0.98 s)

Time = 7.968058673e-06

    Collision global reduction skipped (rank 0 local diagnostics)
    Collisions                      = 14545
    Collision candidates           = 23283
    Collision acceptance rate      = 0.6247047202

    Number of DSMC particles        = 1586392
    Number of stuck particles       = 0
    Number of free particles        = 1586392
    Average linear kinetic energy   = 1.690039821e-19
    Average rotational energy       = 6.152596922e-21
    Average vibrational energy      = 1.844252746e-24
    Average electronic energy       = 0
    Total energy                    = 0.001667219529

Stage 1.0  ExecutionTime = 41.07 s  ClockTime = 24 s  Iteration 120 (1.06 s)

Time = 8.632063562e-06

    Collision global reduction skipped (rank 0 local diagnostics)
    Collisions                      = 15719
    Collision candidates           = 25775
    Collision acceptance rate      = 0.6098545102

    Number of DSMC particles        = 1608983
    Number of stuck particles       = 0
    Number of free particles        = 1608983
    Average linear kinetic energy   = 1.677654475e-19
    Average rotational energy       = 6.658793051e-21
    Average vibrational energy      = 2.495235894e-24
    Average electronic energy       = 0
    Total energy                    = 0.001683897916

Stage 1.0  ExecutionTime = 44.39 s  ClockTime = 26 s  Iteration 130 (1.06 s)

Time = 9.296068452e-06

    Collision global reduction skipped (rank 0 local diagnostics)
    Collisions                      = 16795
    Collision candidates           = 28201
    Collision acceptance rate      = 0.5955462572

    Number of DSMC particles        = 1631476
    Number of stuck particles       = 0
    Number of free particles        = 1631476
    Average linear kinetic energy   = 1.66588498e-19
    Average rotational energy       = 7.169502132e-21
    Average vibrational energy      = 3.252145009e-24
    Average electronic energy       = 0
    Total energy                    = 0.001700923876

Stage 1.0  ExecutionTime = 47.8 s  ClockTime = 28 s  Iteration 140 (1.16 s)

Time = 9.960073341e-06

    Collision global reduction skipped (rank 0 local diagnostics)
    Collisions                      = 17931
    Collision candidates           = 30536
    Collision acceptance rate      = 0.5872085407


Phase C auto DLB triggered (threshold) at step 150: sar=0 loadImbalance=1.624965537 threshold=1.5 particleMaxMin=1
Phase C ParMETIS weights: particles=1653919 activeCells=60000 maxCellParticles=323
Phase C ParMETIS: alpha=1 ncon=1 ubvec=[1.049999952] moveRatio=0.8127947007 (moveT=14.96199897s, collT=3.446092222s)
Phase C ParMETIS: AdaptiveRepart (60000 cells, 1 constraints, ubvec=1.049999952)
Replicated mesh: rank 0 owns 14711 / 60000 cells
Local mesh: 14711 owned + 494 halo = 15205 / 60000 cells
Phase C ParMETIS AdaptiveRepart: 58444 / 60000 cells changed (0.9740666667)
Phase C auto DLB complete: rebalance #2

    Number of DSMC particles        = 1653919
    Number of stuck particles       = 0
    Number of free particles        = 1653919
    Average linear kinetic energy   = 1.654595694e-19
    Average rotational energy       = 7.673892354e-21
    Average vibrational energy      = 4.101799834e-24
    Average electronic energy       = 0
    Total energy                    = 0.001718133035

Stage 1.0  ExecutionTime = 51.61 s  ClockTime = 30 s  Iteration 150 (1.47 s)

Time = 1.062407823e-05

    Collision global reduction skipped (rank 0 local diagnostics)
    Collisions                      = 113119
    Collision candidates           = 223623
    Collision acceptance rate      = 0.5058468941

    Number of DSMC particles        = 1675949
    Number of stuck particles       = 0
    Number of free particles        = 1675949
    Average linear kinetic energy   = 1.644468752e-19
    Average rotational energy       = 8.121200918e-21
    Average vibrational energy      = 4.725270133e-24
    Average electronic energy       = 0
    Total energy                    = 0.001735339284

Stage 1.0  ExecutionTime = 55.56 s  ClockTime = 32 s  Iteration 160 (0.38 s)

Time = 1.128808312e-05

    Collision global reduction skipped (rank 0 local diagnostics)
    Collisions                      = 118376
    Collision candidates           = 234849
    Collision acceptance rate      = 0.5040515395

    Number of DSMC particles        = 1697549
    Number of stuck particles       = 0
    Number of free particles        = 1697549
    Average linear kinetic energy   = 1.634591995e-19
    Average rotational energy       = 8.570338054e-21
    Average vibrational energy      = 5.050463049e-24
    Average electronic energy       = 0
    Total energy                    = 0.001752222857

Stage 1.0  ExecutionTime = 59.68 s  ClockTime = 35 s  Iteration 170 (0.4 s)

Time = 1.195208801e-05

    Collision global reduction skipped (rank 0 local diagnostics)
    Collisions                      = 123471
    Collision candidates           = 246096
    Collision acceptance rate      = 0.5017188414

    Number of DSMC particles        = 1719083
    Number of stuck particles       = 0
    Number of free particles        = 1719083
    Average linear kinetic energy   = 1.624742852e-19
    Average rotational energy       = 9.04354774e-21
    Average vibrational energy      = 6.172613011e-24
    Average electronic energy       = 0
    Total energy                    = 0.001769184012

Stage 1.0  ExecutionTime = 64 s  ClockTime = 37 s  Iteration 180 (0.39 s)

Time = 1.26160929e-05

    Collision global reduction skipped (rank 0 local diagnostics)
    Collisions                      = 128387
    Collision candidates           = 256477
    Collision acceptance rate      = 0.5005789993

    Number of DSMC particles        = 1740481
    Number of stuck particles       = 0
    Number of free particles        = 1740481
    Average linear kinetic energy   = 1.615448955e-19
    Average rotational energy       = 9.493092086e-21
    Average vibrational energy      = 7.518726771e-24
    Average electronic energy       = 0
    Total energy                    = 0.001786208724

Stage 1.0  ExecutionTime = 68.47 s  ClockTime = 37 s  Iteration 190 (0.44 s)

Time = 1.328009779e-05

    Collision global reduction skipped (rank 0 local diagnostics)
    Collisions                      = 134109
    Collision candidates           = 267892
    Collision acceptance rate      = 0.5006084542


Phase C auto DLB triggered (threshold) at step 200: sar=0 loadImbalance=1.633335204 threshold=1.5 particleMaxMin=1
Phase C ParMETIS weights: particles=1761779 activeCells=60000 maxCellParticles=360
Phase C ParMETIS: alpha=1 ncon=1 ubvec=[1.049999952] moveRatio=0.7706737435 (moveT=22.26447324s, collT=6.625148896s)
Phase C ParMETIS: AdaptiveRepart (60000 cells, 1 constraints, ubvec=1.049999952)
Replicated mesh: rank 0 owns 12720 / 60000 cells
Local mesh: 12720 owned + 456 halo = 13176 / 60000 cells
Phase C ParMETIS AdaptiveRepart: 58902 / 60000 cells changed (0.9817)
Phase C auto DLB complete: rebalance #3

    Number of DSMC particles        = 1761779
    Number of stuck particles       = 0
    Number of free particles        = 1761779
    Average linear kinetic energy   = 1.606292051e-19
    Average rotational energy       = 9.941127255e-21
    Average vibrational energy      = 8.213249186e-24
    Average electronic energy       = 0
    Total energy                    = 0.001803130197

Stage 1.0  ExecutionTime = 73.49 s  ClockTime = 40 s  Iteration 200 (0.91 s)

Time = 1.394410268e-05

    Collision global reduction skipped (rank 0 local diagnostics)
    Collisions                      = 6776
    Collision candidates           = 8858
    Collision acceptance rate      = 0.7649582298

    Number of DSMC particles        = 1782503
    Number of stuck particles       = 0
    Number of free particles        = 1782503
    Average linear kinetic energy   = 1.598419526e-19
    Average rotational energy       = 1.025068435e-20
    Average vibrational energy      = 8.475271323e-24
    Average electronic energy       = 0
    Total energy                    = 0.001819234457

Stage 1.0  ExecutionTime = 77.09 s  ClockTime = 42 s  Iteration 210 (1.3 s)

Time = 1.460810757e-05

    Collision global reduction skipped (rank 0 local diagnostics)
    Collisions                      = 6987
    Collision candidates           = 9573
    Collision acceptance rate      = 0.729865246

    Number of DSMC particles        = 1803000
    Number of stuck particles       = 0
    Number of free particles        = 1803000
    Average linear kinetic energy   = 1.589536202e-19
    Average rotational energy       = 1.071517645e-20
    Average vibrational energy      = 8.956949646e-24
    Average electronic energy       = 0
    Total energy                    = 0.001835573938

Stage 1.0  ExecutionTime = 80.89 s  ClockTime = 44 s  Iteration 220 (1.37 s)

Time = 1.527211246e-05

    Collision global reduction skipped (rank 0 local diagnostics)
    Collisions                      = 6920
    Collision candidates           = 9849
    Collision acceptance rate      = 0.702609402

    Number of DSMC particles        = 1823213
    Number of stuck particles       = 0
    Number of free particles        = 1823213
    Average linear kinetic energy   = 1.581068601e-19
    Average rotational energy       = 1.115869452e-20
    Average vibrational energy      = 1.054816046e-23
    Average electronic energy       = 0
    Total energy                    = 0.001851758347

Stage 1.0  ExecutionTime = 84.69 s  ClockTime = 47 s  Iteration 230 (1.4 s)

Time = 1.593611735e-05

    Collision global reduction skipped (rank 0 local diagnostics)
    Collisions                      = 6839
    Collision candidates           = 10054
    Collision acceptance rate      = 0.6802267754

    Number of DSMC particles        = 1843465
    Number of stuck particles       = 0
    Number of free particles        = 1843465
    Average linear kinetic energy   = 1.572855251e-19
    Average rotational energy       = 1.158461348e-20
    Average vibrational energy      = 1.144585449e-23
    Average electronic energy       = 0
    Total energy                    = 0.001867963741

Stage 1.0  ExecutionTime = 88.65 s  ClockTime = 50 s  Iteration 240 (1.43 s)

Time = 1.660012224e-05

    Collision global reduction skipped (rank 0 local diagnostics)
    Collisions                      = 6974
    Collision candidates           = 10317
    Collision acceptance rate      = 0.6759716972


Phase C auto DLB triggered (threshold) at step 250: sar=0 loadImbalance=1.757532165 threshold=1.5 particleMaxMin=1
Phase C ParMETIS weights: particles=1863699 activeCells=60000 maxCellParticles=367
Phase C ParMETIS: alpha=1 ncon=1 ubvec=[1.049999952] moveRatio=0.7950160371 (moveT=27.7651991s, collT=7.158875136s)
Phase C ParMETIS: AdaptiveRepart (60000 cells, 1 constraints, ubvec=1.049999952)
Replicated mesh: rank 0 owns 13740 / 60000 cells
Local mesh: 13740 owned + 476 halo = 14216 / 60000 cells
Phase C ParMETIS AdaptiveRepart: 25453 / 60000 cells changed (0.4242166667)
Phase C auto DLB complete: rebalance #4

    Number of DSMC particles        = 1863699
    Number of stuck particles       = 0
    Number of free particles        = 1863699
    Average linear kinetic energy   = 1.565132934e-19
    Average rotational energy       = 1.198090582e-20
    Average vibrational energy      = 1.240579549e-23
    Average electronic energy       = 0
    Total energy                    = 0.001884273547

Stage 1.0  ExecutionTime = 93.08 s  ClockTime = 53 s  Iteration 250 (1.85 s)

Time = 1.726412712e-05

    Collision global reduction skipped (rank 0 local diagnostics)
    Collisions                      = 7359
    Collision candidates           = 10976
    Collision acceptance rate      = 0.670462828

    Number of DSMC particles        = 1883410
    Number of stuck particles       = 0
    Number of free particles        = 1883410
    Average linear kinetic energy   = 1.558608164e-19
    Average rotational energy       = 1.223107766e-20
    Average vibrational energy      = 1.407705729e-23
    Average electronic energy       = 0
    Total energy                    = 0.001899674802

Stage 1.0  ExecutionTime = 97.18 s  ClockTime = 55 s  Iteration 260 (1.23 s)

Time = 1.792813201e-05

    Collision global reduction skipped (rank 0 local diagnostics)
    Collisions                      = 7346
    Collision candidates           = 11027
    Collision acceptance rate      = 0.6661830054

    Number of DSMC particles        = 1902854
    Number of stuck particles       = 0
    Number of free particles        = 1902854
    Average linear kinetic energy   = 1.55095473e-19
    Average rotational energy       = 1.262924021e-20
    Average vibrational energy      = 1.473377592e-23
    Average electronic energy       = 0
    Total energy                    = 0.001915102066

Stage 1.0  ExecutionTime = 101.29 s  ClockTime = 58 s  Iteration 270 (1.28 s)

Time = 1.85921369e-05

    Collision global reduction skipped (rank 0 local diagnostics)
    Collisions                      = 7507
    Collision candidates           = 11223
    Collision acceptance rate      = 0.6688942351

    Number of DSMC particles        = 1921958
    Number of stuck particles       = 0
    Number of free particles        = 1921958
    Average linear kinetic energy   = 1.543681138e-19
    Average rotational energy       = 1.299670423e-20
    Average vibrational energy      = 1.601252808e-23
    Average electronic energy       = 0
    Total energy                    = 0.001930193558

Stage 1.0  ExecutionTime = 105.65 s  ClockTime = 60 s  Iteration 280 (1.35 s)

Time = 1.925614179e-05

    Collision global reduction skipped (rank 0 local diagnostics)
    Collisions                      = 7504
    Collision candidates           = 11357
    Collision acceptance rate      = 0.6607378709

    Number of DSMC particles        = 1941134
    Number of stuck particles       = 0
    Number of free particles        = 1941134
    Average linear kinetic energy   = 1.536589323e-19
    Average rotational energy       = 1.335650873e-20
    Average vibrational energy      = 1.736930553e-23
    Average electronic energy       = 0
    Total energy                    = 0.001945398404

Stage 1.0  ExecutionTime = 110.15 s  ClockTime = 63 s  Iteration 290 (1.42 s)

Time = 1.992014668e-05

    Collision global reduction skipped (rank 0 local diagnostics)
    Collisions                      = 7465
    Collision candidates           = 11434
    Collision acceptance rate      = 0.6528773832


Phase C auto DLB triggered (threshold) at step 300: sar=0 loadImbalance=1.533356848 threshold=1.5 particleMaxMin=1
Phase C auto DLB skipped near end at step 300: remainingSteps=0 minRemainingSteps=50
    Number of DSMC particles        = 1960185
    Number of stuck particles       = 0
    Number of free particles        = 1960185
    Average linear kinetic energy   = 1.530263584e-19
    Average rotational energy       = 1.366575981e-20
    Average vibrational energy      = 1.827206565e-23
    Average electronic energy       = 0
    Total energy                    = 0.001960699238

Stage 1.0  ExecutionTime = 114.95 s  ClockTime = 66 s  Iteration 300 (1.48 s)

End stage 1


DSMC solver profile summary
    solver profile steps          = 300
    move+collide wall [s]         = 60.82280424
    move only [s]                 = 45.79891673
    buildCellOccupancy [s]        = 3.716455214
    collision phase [s]           = 7.787132574
    post fields/output [s]        = 0.225662928
    total profiled [s]            = 57.52816744
    full evolve wall [s]          = 61.04776015
    move+collide cpu [s]          = 110.69
    move only cpu [s]             = 84.5
    buildCellOccupancy cpu [s]    = 6.39
    collision phase cpu [s]       = 14.42
    post fields/output cpu [s]    = 0.49
    total profiled cpu [s]        = 105.8
    full evolve cpu [s]           = 110.97
    collision localLoop max [s] = 7.761157505
    collision reduce max [s]    = 0
    collision sigmaBC max [s]   = 0.024144428
    collision total max [s]     = 7.782698686
    collision accounted max [s] = 7.781902503
    collision residual max [s]  = 0.00093544
    collision subphase max sum [s] = 7.785301933
    collision cumulative global collisions = 41877614
    collision cumulative global candidates  = 75385179
    collision cumulative acceptance        = 0.5555152161
    OpenMP enabled                = 1
    OpenMP max threads            = 2
    OpenMP move                   = 1 (static, chunk 64)
    OpenMP collision              = dynamic, chunk 8


Replicated mesh profiling summary:
    migration calls             = 35
    migration wall time [s]     = 3.791014528
    local particles (final)     = 452177
    migration wall max [s]      = 3.791014528
    migration pack max [s]      = 0.937567283
    migration local prep max [s]= 0.329950447
    migration size exchange max [s] = 2.391843046
    migration request post max [s] = 0.131643367
    migration wait max [s]      = 0.210402299
    migration deserialize max [s] = 0.336525312
    migration post max [s]      = 8.1394e-05
    migration candidate gather max [s] = 1.447e-06
    migration accounted max [s] = 3.791014528
    migration residual max [s]  = 4.440892099e-16
    updateParticleCounts max [s]= 0.228868448
    migration subphase max sum [s] = 4.338014595
    particles per rank          = min 452177 max 519893 max/min 1.149755516
    rank wall time (evolve, 300 steps): min 89.6 max 107.25 max/min 1.196986607
    Phase C auto DLB checks      = 300
    Phase C auto DLB rebalances = 4
    Phase C auto DLB triggered checks = 4
    Phase C auto DLB wall max [s]= 4.332603475
    Phase C auto DLB check max [s]= 3.098427432
    Phase C ParMETIS max [s]     = 0.298331582
    Phase C migration max [s]    = 1.019047479
    Phase C cellOwner write max [s] = 0
    Phase C post-diagnostic max [s] = 0.00031333
    Phase C auto DLB accounted max [s] = 4.416119823
    Phase C auto DLB residual max [s] = -0.083516348

Total Iterations = 300
End main

real 66.19
user 452.34
sys 22.12
