/*---------------------------------------------------------------------------*\
| =========                 |                                                 |
| \\      /  F ield         | OpenFOAM: The Open Source CFD Toolbox           |
|  \\    /   O peration     | Version:  v1706                                 |
|   \\  /    A nd           | Web:      www.OpenFOAM.com                      |
|    \\/     M anipulation  |                                                 |
\*---------------------------------------------------------------------------*/
Build  : v1706
Arch   : "LSB;label=32;scalar=64"
Exec   : dsmcFoam+
Date   : Jun 13 2026
Time   : 03:58:29
Host   : "SuperXCX-ROG"
PID    : 1304101
/*---------------------------------------------------------------------------*\
| =========                 |                                                 |
| \\      /  F ield         | OpenFOAM: The Open Source CFD Toolbox           |
|  \\    /   O peration     | Version:  v1706                                 |
|   \\  /    A nd           | Web:      www.OpenFOAM.com                      |
|    \\/     M anipulation  |                                                 |
\*---------------------------------------------------------------------------*/
Build  : v1706
Arch   : "LSB;label=32;scalar=64"
Exec   : dsmcFoam+
Date   : Jun 13 2026
Time   : 03:58:29
Host   : "SuperXCX-ROG"
PID    : 1304102
/*---------------------------------------------------------------------------*\
| =========                 |                                                 |
| \\      /  F ield         | OpenFOAM: The Open Source CFD Toolbox           |
|  \\    /   O peration     | Version:  v1706                                 |
|   \\  /    A nd           | Web:      www.OpenFOAM.com                      |
|    \\/     M anipulation  |                                                 |
\*---------------------------------------------------------------------------*/
Build  : v1706
Arch   : "LSB;label=32;scalar=64"
Exec   : dsmcFoam+
Date   : Jun 13 2026
Time   : 03:58:29
Host   : "SuperXCX-ROG"
PID    : 1304103
/*---------------------------------------------------------------------------*\
| =========                 |                                                 |
| \\      /  F ield         | OpenFOAM: The Open Source CFD Toolbox           |
|  \\    /   O peration     | Version:  v1706                                 |
|   \\  /    A nd           | Web:      www.OpenFOAM.com                      |
|    \\/     M anipulation  |                                                 |
\*---------------------------------------------------------------------------*/
Build  : v1706
Arch   : "LSB;label=32;scalar=64"
Exec   : dsmcFoam+
Date   : Jun 13 2026
Time   : 03:58:29
Host   : "SuperXCX-ROG"
PID    : 1304104
Case   : /home/superxcx/code/OpenFoam/OF-1706/hyStrath_dlb/run/hyStrath/dsmcFoam+/xcx_test/zb-cylinder-react/mpi8
nProcs : 1
sigFpe : Enabling floating point exception trapping (FOAM_SIGFPE).
/*---------------------------------------------------------------------------*\
| =========                 |                                                 |
| \\      /  F ield         | OpenFOAM: The Open Source CFD Toolbox           |
|  \\    /   O peration     | Version:  v1706                                 |
|   \\  /    A nd           | Web:      www.OpenFOAM.com                      |
|    \\/     M anipulation  |                                                 |
\*---------------------------------------------------------------------------*/
Build  : v1706
Arch   : "LSB;label=32;scalar=64"
Exec   : dsmcFoam+
Date   : Jun 13 2026
Time   : 03:58:29
Host   : "SuperXCX-ROG"
PID    : 1304105
Case   : /home/superxcx/code/OpenFoam/OF-1706/hyStrath_dlb/run/hyStrath/dsmcFoam+/xcx_test/zb-cylinder-react/mpi8
nProcs : 1
sigFpe : Enabling floating point exception trapping (FOAM_SIGFPE).
fileModificationChecking : Monitoring run-time modified files using timeStampMaster (fileModificationSkew 10)
allowSystemOperations : Allowing user-supplied system call operations

// * * * * * * * * * * * * * * * * * * * * * * * * * * * * * * * * * * * * * //
Create time

/*---------------------------------------------------------------------------*\
| =========                 |                                                 |
| \\      /  F ield         | OpenFOAM: The Open Source CFD Toolbox           |
|  \\    /   O peration     | Version:  v1706                                 |
|   \\  /    A nd           | Web:      www.OpenFOAM.com                      |
|    \\/     M anipulation  |                                                 |
\*---------------------------------------------------------------------------*/
Build  : v1706
Arch   : "LSB;label=32;scalar=64"
Exec   : dsmcFoam+
Date   : Jun 13 2026
Time   : 03:58:29
Host   : "SuperXCX-ROG"
PID    : 1304107
Case   : /home/superxcx/code/OpenFoam/OF-1706/hyStrath_dlb/run/hyStrath/dsmcFoam+/xcx_test/zb-cylinder-react/mpi8
nProcs : 1
sigFpe : Enabling floating point exception trapping (FOAM_SIGFPE).
fileModificationChecking : Monitoring run-time modified files using timeStampMaster (fileModificationSkew 10)
allowSystemOperations : Allowing user-supplied system call operations

// * * * * * * * * * * * * * * * * * * * * * * * * * * * * * * * * * * * * * //
Create time

/*---------------------------------------------------------------------------*\
| =========                 |                                                 |
| \\      /  F ield         | OpenFOAM: The Open Source CFD Toolbox           |
|  \\    /   O peration     | Version:  v1706                                 |
|   \\  /    A nd           | Web:      www.OpenFOAM.com                      |
|    \\/     M anipulation  |                                                 |
\*---------------------------------------------------------------------------*/
Build  : v1706
Arch   : "LSB;label=32;scalar=64"
Exec   : dsmcFoam+
Date   : Jun 13 2026
Time   : 03:58:29
Host   : "SuperXCX-ROG"
PID    : 1304100
Case   : /home/superxcx/code/OpenFoam/OF-1706/hyStrath_dlb/run/hyStrath/dsmcFoam+/xcx_test/zb-cylinder-react/mpi8
nProcs : 1
sigFpe : Enabling floating point exception trapping (FOAM_SIGFPE).
fileModificationChecking : Monitoring run-time modified files using timeStampMaster (fileModificationSkew 10)
allowSystemOperations : Allowing user-supplied system call operations

// * * * * * * * * * * * * * * * * * * * * * * * * * * * * * * * * * * * * * //
Create time

Case   : /home/superxcx/code/OpenFoam/OF-1706/hyStrath_dlb/run/hyStrath/dsmcFoam+/xcx_test/zb-cylinder-react/mpi8
nProcs : 1
sigFpe : Enabling floating point exception trapping (FOAM_SIGFPE).
fileModificationChecking : Monitoring run-time modified files using timeStampMaster (fileModificationSkew 10)
allowSystemOperations : Allowing user-supplied system call operations

// * * * * * * * * * * * * * * * * * * * * * * * * * * * * * * * * * * * * * //
Create time

Case   : /home/superxcx/code/OpenFoam/OF-1706/hyStrath_dlb/run/hyStrath/dsmcFoam+/xcx_test/zb-cylinder-react/mpi8
nProcs : 1
sigFpe : Enabling floating point exception trapping (FOAM_SIGFPE).
fileModificationChecking : Monitoring run-time modified files using timeStampMaster (fileModificationSkew 10)
allowSystemOperations : Allowing user-supplied system call operations

// * * * * * * * * * * * * * * * * * * * * * * * * * * * * * * * * * * * * * //
Create time

Case   : /home/superxcx/code/OpenFoam/OF-1706/hyStrath_dlb/run/hyStrath/dsmcFoam+/xcx_test/zb-cylinder-react/mpi8
nProcs : 1
sigFpe : Enabling floating point exception trapping (FOAM_SIGFPE).
fileModificationChecking : Monitoring run-time modified files using timeStampMaster (fileModificationSkew 10)
allowSystemOperations : Allowing user-supplied system call operations

// * * * * * * * * * * * * * * * * * * * * * * * * * * * * * * * * * * * * * //
Create time

fileModificationChecking : Monitoring run-time modified files using timeStampMaster (fileModificationSkew 10)
allowSystemOperations : Allowing user-supplied system call operations

// * * * * * * * * * * * * * * * * * * * * * * * * * * * * * * * * * * * * * //
Create time

/*---------------------------------------------------------------------------*\
| =========                 |                                                 |
| \\      /  F ield         | OpenFOAM: The Open Source CFD Toolbox           |
|  \\    /   O peration     | Version:  v1706                                 |
|   \\  /    A nd           | Web:      www.OpenFOAM.com                      |
|    \\/     M anipulation  |                                                 |
\*---------------------------------------------------------------------------*/
Build  : v1706
Arch   : "LSB;label=32;scalar=64"
Exec   : dsmcFoam+
Date   : Jun 13 2026
Time   : 03:58:29
Host   : "SuperXCX-ROG"
PID    : 1304106
Case   : /home/superxcx/code/OpenFoam/OF-1706/hyStrath_dlb/run/hyStrath/dsmcFoam+/xcx_test/zb-cylinder-react/mpi8
nProcs : 1
sigFpe : Enabling floating point exception trapping (FOAM_SIGFPE).
fileModificationChecking : Monitoring run-time modified files using timeStampMaster (fileModificationSkew 10)
allowSystemOperations : Allowing user-supplied system call operations

// * * * * * * * * * * * * * * * * * * * * * * * * * * * * * * * * * * * * * //
Create time

Create mesh for time = 0

Create mesh for time = 0

Create mesh for time = 0

Create mesh for time = 0

Create mesh for time = 0

Create mesh for time = 0

Create mesh for time = 0

Create mesh for time = 0

Selecting dynamicFvMesh dynamicRefineFvMesh
Selecting dynamicFvMesh dynamicRefineFvMesh
Selecting dynamicFvMesh dynamicRefineFvMesh
Selecting dynamicFvMesh dynamicRefineFvMesh
Selecting dynamicFvMesh dynamicRefineFvMesh
Selecting dynamicFvMesh dynamicRefineFvMesh
Selecting dynamicFvMesh dynamicRefineFvMesh
Selecting dynamicFvMesh dynamicRefineFvMesh

Constructing dsmcCloud 

Constructing dsmcCloud 

Constructing dsmcCloud 

Constructing dsmcCloud 

Constructing dsmcCloud 

Constructing dsmcCloud 

Constructing dsmcCloud 

Constructing dsmcCloud 
Selecting the coordinate system model:	dsmcCartesian

Selecting the time-step model:	dsmcConstantTimeStepModel

Constant time-step model:
- time-step [sec]	6.64005e-08

Selecting the porous measurement model:	dsmcNoPorousMediumMeasurements

Selecting the coordinate system model:	dsmcCartesian

Selecting the time-step model:	dsmcConstantTimeStepModel

Constant time-step model:
- time-step [sec]	6.64005e-08

Selecting the porous measurement model:	dsmcNoPorousMediumMeasurements


Creating dsmcControllers


Creating dsmcControllers

Creating fields: 

Selecting field: dsmcVolFields
Creating fields: 

Selecting field: dsmcVolFields

TimeData Statistics: 
 measurement option: write

TimeData Statistics: 
 measurement option: write
 nSamples: 1, time interval: 6.64005e-08
 nAverages: 15060, time interval: 0.00099999153
 total no. of sampling steps: 0
 total no. of averaging Steps: 0


 nSamples: 1, time interval: 6.64005e-08
 nAverages: 15060, time interval: 0.00099999153
 total no. of sampling steps: 0
 total no. of averaging Steps: 0


Selecting the coordinate system model:	dsmcCartesian

Selecting the time-step model:	dsmcConstantTimeStepModel

Constant time-step model:
- time-step [sec]	6.64005e-08

Selecting the porous measurement model:	dsmcNoPorousMediumMeasurements

Selecting the coordinate system model:	dsmcCartesian

Selecting the time-step model:	dsmcConstantTimeStepModel

Constant time-step model:
- time-step [sec]	6.64005e-08

Selecting the porous measurement model:	dsmcNoPorousMediumMeasurements

Selecting the coordinate system model:	dsmcCartesian

Selecting the time-step model:	dsmcConstantTimeStepModel

Constant time-step model:
- time-step [sec]	6.64005e-08

Selecting the porous measurement model:	dsmcNoPorousMediumMeasurements

Selecting the coordinate system model:	dsmcCartesian

Selecting the time-step model:	dsmcConstantTimeStepModel

Constant time-step model:
- time-step [sec]	6.64005e-08

Selecting the porous measurement model:	dsmcNoPorousMediumMeasurements


Creating dsmcControllers


Creating dsmcControllers

Creating fields: 

Selecting field: dsmcVolFields
Creating fields: 

Selecting field: dsmcVolFields

TimeData Statistics: 

TimeData Statistics: 
 measurement option: write
 measurement option: write
 nSamples: 1, time interval: 6.64005e-08
 nAverages: 15060, time interval: 0.00099999153
 total no. of sampling steps: 0
 total no. of averaging Steps: 0


 nSamples: 1, time interval: 6.64005e-08
 nAverages: 15060, time interval: 0.00099999153
 total no. of sampling steps: 0
 total no. of averaging Steps: 0



Creating dsmcControllers

Creating fields: 

Selecting field: dsmcVolFields

TimeData Statistics: 
 measurement option: write
 nSamples: 1, time interval: 6.64005e-08
 nAverages: 15060, time interval: 0.00099999153
 total no. of sampling steps: 0
 total no. of averaging Steps: 0



Creating dsmcControllers

Creating fields: 

Selecting field: dsmcVolFields

TimeData Statistics: 
 measurement option: write
 nSamples: 1, time interval: 6.64005e-08
 nAverages: 15060, time interval: 0.00099999153
 total no. of sampling steps: 0
 total no. of averaging Steps: 0


Selecting the coordinate system model:	dsmcCartesian

Selecting the time-step model:	dsmcConstantTimeStepModel

Constant time-step model:
- time-step [sec]	6.64005e-08

Selecting the porous measurement model:	dsmcNoPorousMediumMeasurements

Selecting field: dsmcVolFields

TimeData Statistics: 
 measurement option: write
 nSamples: 1, time interval: 6.64005e-08
 nAverages: 15060, time interval: 0.00099999153
 total no. of sampling steps: 0
 total no. of averaging Steps: 0


Selecting field: dsmcVolFields

TimeData Statistics: 
 measurement option: write
 nSamples: 1, time interval: 6.64005e-08
 nAverages: 15060, time interval: 0.00099999153
 total no. of sampling steps: 0
 total no. of averaging Steps: 0



Creating dsmcControllers

Creating fields: 

Selecting field: dsmcVolFields

TimeData Statistics: 
 measurement option: write
 nSamples: 1, time interval: 6.64005e-08
 nAverages: 15060, time interval: 0.00099999153
 total no. of sampling steps: 0
 total no. of averaging Steps: 0


Selecting field: dsmcVolFields

TimeData Statistics: 
 measurement option: write
 nSamples: 1, time interval: 6.64005e-08
 nAverages: 15060, time interval: 0.00099999153
 total no. of sampling steps: 0
 total no. of averaging Steps: 0


Selecting field: dsmcVolFields

TimeData Statistics: 
 measurement option: write
 nSamples: 1, time interval: 6.64005e-08
 nAverages: 15060, time interval: 0.00099999153
 total no. of sampling steps: 0
 total no. of averaging Steps: 0


Selecting field: dsmcVolFields

TimeData Statistics: 
 measurement option: write
 nSamples: 1, time interval: 6.64005e-08
 nAverages: 15060, time interval: 0.00099999153
 total no. of sampling steps: 0
 total no. of averaging Steps: 0


Selecting field: dsmcVolFields

TimeData Statistics: 
 measurement option: write
 nSamples: 1, time interval: 6.64005e-08
 nAverages: 15060, time interval: 0.00099999153
 total no. of sampling steps: 0
 total no. of averaging Steps: 0


Selecting the coordinate system model:	dsmcCartesian

Selecting the time-step model:	dsmcConstantTimeStepModel

Constant time-step model:
- time-step [sec]	6.64005e-08

Selecting the porous measurement model:	dsmcNoPorousMediumMeasurements


Creating dsmcControllers

Creating fields: 

Selecting field: dsmcVolFields

TimeData Statistics: 
 measurement option: write
 nSamples: 1, time interval: 6.64005e-08
 nAverages: 15060, time interval: 0.00099999153
 total no. of sampling steps: 0
 total no. of averaging Steps: 0


Selecting field: dsmcVolFields

TimeData Statistics: 
 measurement option: write
 nSamples: 1, time interval: 6.64005e-08
 nAverages: 15060, time interval: 0.00099999153
 total no. of sampling steps: 0
 total no. of averaging Steps: 0


Selecting field: dsmcVolFields

TimeData Statistics: 
 measurement option: write
 nSamples: 1, time interval: 6.64005e-08
 nAverages: 15060, time interval: 0.00099999153
 total no. of sampling steps: 0
 total no. of averaging Steps: 0


Selecting field: dsmcVolFields

TimeData Statistics: 
 measurement option: write
 nSamples: 1, time interval: 6.64005e-08
 nAverages: 15060, time interval: 0.00099999153
 total no. of sampling steps: 0
 total no. of averaging Steps: 0


Selecting field: dsmcVolFields

TimeData Statistics: 
 measurement option: write
 nSamples: 1, time interval: 6.64005e-08
 nAverages: 15060, time interval: 0.00099999153
 total no. of sampling steps: 0
 total no. of averaging Steps: 0


Selecting field: dsmcVolFields

TimeData Statistics: 
 measurement option: write
 nSamples: 1, time interval: 6.64005e-08
 nAverages: 15060, time interval: 0.00099999153
 total no. of sampling steps: 0
 total no. of averaging Steps: 0


Selecting field: dsmcVolFields

TimeData Statistics: 
 measurement option: write
 nSamples: 1, time interval: 6.64005e-08
 nAverages: 15060, time interval: 0.00099999153
 total no. of sampling steps: 0
 total no. of averaging Steps: 0


Selecting field: dsmcVolFields

TimeData Statistics: 
 measurement option: write
 nSamples: 1, time interval: 6.64005e-08
 nAverages: 15060, time interval: 0.00099999153
 total no. of sampling steps: 0
 total no. of averaging Steps: 0


Selecting field: dsmcVolFields

TimeData Statistics: 
 measurement option: write
 nSamples: 1, time interval: 6.64005e-08
 nAverages: 15060, time interval: 0.00099999153
 total no. of sampling steps: 0
 total no. of averaging Steps: 0


Selecting field: dsmcVolFields

TimeData Statistics: 
 measurement option: write
 nSamples: 1, time interval: 6.64005e-08
 nAverages: 15060, time interval: 0.00099999153
 total no. of sampling steps: 0
 total no. of averaging Steps: 0


Selecting field: dsmcVolFields

TimeData Statistics: 
 measurement option: write
 nSamples: 1, time interval: 6.64005e-08
 nAverages: 15060, time interval: 0.00099999153
 total no. of sampling steps: 0
 total no. of averaging Steps: 0


Selecting field: dsmcVolFields

TimeData Statistics: 
 measurement option: write
 nSamples: 1, time interval: 6.64005e-08
 nAverages: 15060, time interval: 0.00099999153
 total no. of sampling steps: 0
 total no. of averaging Steps: 0


Selecting field: dsmcVolFields

TimeData Statistics: 
 measurement option: write
 nSamples: 1, time interval: 6.64005e-08
 nAverages: 15060, time interval: 0.00099999153
 total no. of sampling steps: 0
 total no. of averaging Steps: 0


Selecting field: dsmcVolFields

TimeData Statistics: 
 measurement option: write
 nSamples: 1, time interval: 6.64005e-08
 nAverages: 15060, time interval: 0.00099999153
 total no. of sampling steps: 0
 total no. of averaging Steps: 0


Selecting field: dsmcVolFields

TimeData Statistics: 
 measurement option: write
 nSamples: 1, time interval: 6.64005e-08
 nAverages: 15060, time interval: 0.00099999153
 total no. of sampling steps: 0
 total no. of averaging Steps: 0


Selecting field: dsmcVolFields

TimeData Statistics: 
 measurement option: write
 nSamples: 1, time interval: 6.64005e-08
 nAverages: 15060, time interval: 0.00099999153
 total no. of sampling steps: 0
 total no. of averaging Steps: 0


Selecting field: dsmcVolFields

TimeData Statistics: 
 measurement option: write
 nSamples: 1, time interval: 6.64005e-08
 nAverages: 15060, time interval: 0.00099999153
 total no. of sampling steps: 0
 total no. of averaging Steps: 0


Selecting field: dsmcVolFields

TimeData Statistics: 
 measurement option: write
 nSamples: 1, time interval: 6.64005e-08
 nAverages: 15060, time interval: 0.00099999153
 total no. of sampling steps: 0
 total no. of averaging Steps: 0


Selecting field: dsmcVolFields

TimeData Statistics: 
 measurement option: write
 nSamples: 1, time interval: 6.64005e-08
 nAverages: 15060, time interval: 0.00099999153
 total no. of sampling steps: 0
 total no. of averaging Steps: 0


Selecting field: dsmcVolFields

TimeData Statistics: 
 measurement option: write
 nSamples: 1, time interval: 6.64005e-08
 nAverages: 15060, time interval: 0.00099999153
 total no. of sampling steps: 0
 total no. of averaging Steps: 0


Selecting field: dsmcVolFields

TimeData Statistics: 
 measurement option: write
 nSamples: 1, time interval: 6.64005e-08
 nAverages: 15060, time interval: 0.00099999153
 total no. of sampling steps: 0
 total no. of averaging Steps: 0


Selecting field: dsmcVolFields

TimeData Statistics: 
 measurement option: write
 nSamples: 1, time interval: 6.64005e-08
 nAverages: 15060, time interval: 0.00099999153
 total no. of sampling steps: 0
 total no. of averaging Steps: 0


Selecting field: dsmcVolFields

TimeData Statistics: 
 measurement option: write
 nSamples: 1, time interval: 6.64005e-08
 nAverages: 15060, time interval: 0.00099999153
 total no. of sampling steps: 0
 total no. of averaging Steps: 0


Selecting field: dsmcVolFields

TimeData Statistics: 
 measurement option: write
 nSamples: 1, time interval: 6.64005e-08
 nAverages: 15060, time interval: 0.00099999153
 total no. of sampling steps: 0
 total no. of averaging Steps: 0


Selecting field: dsmcVolFields

TimeData Statistics: 
 measurement option: write
 nSamples: 1, time interval: 6.64005e-08
 nAverages: 15060, time interval: 0.00099999153
 total no. of sampling steps: 0
 total no. of averaging Steps: 0


Selecting field: dsmcVolFields

TimeData Statistics: 
 measurement option: write
 nSamples: 1, time interval: 6.64005e-08
 nAverages: 15060, time interval: 0.00099999153
 total no. of sampling steps: 0
 total no. of averaging Steps: 0


Selecting field: dsmcVolFields

TimeData Statistics: 
 measurement option: write
 nSamples: 1, time interval: 6.64005e-08
 nAverages: 15060, time interval: 0.00099999153
 total no. of sampling steps: 0
 total no. of averaging Steps: 0


Selecting field: dsmcVolFields

TimeData Statistics: 
 measurement option: write
 nSamples: 1, time interval: 6.64005e-08
 nAverages: 15060, time interval: 0.00099999153
 total no. of sampling steps: 0
 total no. of averaging Steps: 0


Selecting field: dsmcVolFields

TimeData Statistics: 
 measurement option: write
 nSamples: 1, time interval: 6.64005e-08
 nAverages: 15060, time interval: 0.00099999153
 total no. of sampling steps: 0
 total no. of averaging Steps: 0


Selecting field: dsmcVolFields

TimeData Statistics: 
 measurement option: write
 nSamples: 1, time interval: 6.64005e-08
 nAverages: 15060, time interval: 0.00099999153
 total no. of sampling steps: 0
 total no. of averaging Steps: 0


Selecting field: dsmcVolFields

TimeData Statistics: 
 measurement option: write
 nSamples: 1, time interval: 6.64005e-08
 nAverages: 15060, time interval: 0.00099999153
 total no. of sampling steps: 0
 total no. of averaging Steps: 0


Selecting field: dsmcVolFields

TimeData Statistics: 
 measurement option: write
 nSamples: 1, time interval: 6.64005e-08
 nAverages: 15060, time interval: 0.00099999153
 total no. of sampling steps: 0
 total no. of averaging Steps: 0


Selecting field: dsmcVolFields

TimeData Statistics: 
 measurement option: write
 nSamples: 1, time interval: 6.64005e-08
 nAverages: 15060, time interval: 0.00099999153
 total no. of sampling steps: 0
 total no. of averaging Steps: 0


Creating the boundary models: 

Selecting dsmcPatchBoundaryModel dsmcDeletionPatch
Selecting dsmcPatchBoundaryModel dsmcDeletionPatch
Selecting dsmcPatchBoundaryModel dsmcDiffuseWallPatch
Creating the boundary models: 

Selecting dsmcPatchBoundaryModel dsmcDeletionPatch
Selecting dsmcPatchBoundaryModel dsmcDeletionPatch
Selecting dsmcPatchBoundaryModel dsmcDiffuseWallPatch
Selecting dsmcGeneralBoundaryModel dsmcFreeStreamInflowPatch
Selecting dsmcGeneralBoundaryModel dsmcFreeStreamInflowPatch
Selecting field: dsmcVolFields

TimeData Statistics: 
 measurement option: write
 nSamples: 1, time interval: 6.64005e-08
 nAverages: 15060, time interval: 0.00099999153
 total no. of sampling steps: 0
 total no. of averaging Steps: 0


Selecting BinaryCollisionModel LarsenBorgnakkeVariableHardSphere
Selecting BinaryCollisionModel LarsenBorgnakkeVariableHardSphere

Creating dsmcReactions

Selecting the reaction model dissociationQK

Creating dsmcReactions

Selecting the reaction model dissociationQK
Creating the boundary models: 

Selecting dsmcPatchBoundaryModel dsmcDeletionPatch
Selecting dsmcPatchBoundaryModel dsmcDeletionPatch
Selecting dsmcPatchBoundaryModel dsmcDiffuseWallPatch
Selecting dsmcGeneralBoundaryModel dsmcFreeStreamInflowPatch
Selecting the reaction model dissociationExchangeQK
Selecting the reaction model dissociationExchangeQK
Selecting the reaction model dissociationQK
Selecting the reaction model dissociationQK
Selecting the reaction model dissociationQK
Selecting the reaction model dissociationQK
Selecting the reaction model dissociationQK
Selecting the reaction model dissociationQK
Selecting the reaction model dissociationQK
Selecting the reaction model dissociationQK
Selecting the reaction model dissociationQK
Selecting the reaction model dissociationQK
Selecting the reaction model dissociationExchangeQK
Selecting the reaction model dissociationExchangeQK
Selecting the reaction model dissociationQK
Selecting the reaction model dissociationExchangeQK
Selecting the reaction model dissociationExchangeQK
Selecting the reaction model dissociationQK
Selecting the reaction model dissociationQK
Number of reactions created: 12
Selecting the reaction model dissociationExchangeQK
Selecting the reaction model dissociationExchangeQK
Selecting the reaction model dissociationQK
Number of reactions created: 12
Creating the boundary models: 

Selecting dsmcPatchBoundaryModel dsmcDeletionPatch
Selecting dsmcPatchBoundaryModel dsmcDeletionPatch
Selecting dsmcPatchBoundaryModel dsmcDiffuseWallPatch
Selecting dsmcGeneralBoundaryModel dsmcFreeStreamInflowPatch
Creating the boundary models: 

Selecting dsmcPatchBoundaryModel dsmcDeletionPatch
Selecting dsmcPatchBoundaryModel dsmcDeletionPatch
Selecting dsmcPatchBoundaryModel dsmcDiffuseWallPatch
Selecting dsmcGeneralBoundaryModel dsmcFreeStreamInflowPatch
Creating the boundary models: 

Selecting dsmcPatchBoundaryModel dsmcDeletionPatch
Selecting dsmcPatchBoundaryModel dsmcDeletionPatch
Selecting dsmcPatchBoundaryModel dsmcDiffuseWallPatch
Selecting dsmcGeneralBoundaryModel dsmcFreeStreamInflowPatch
Selecting BinaryCollisionModel LarsenBorgnakkeVariableHardSphere

Creating dsmcReactions

Selecting the reaction model dissociationQK
Selecting the reaction model dissociationExchangeQK
Selecting the reaction model dissociationQK
Selecting the reaction model dissociationQK
Selecting the reaction model dissociationQK
Selecting the reaction model dissociationQK
Selecting the reaction model dissociationQK
Selecting the reaction model dissociationExchangeQK
Selecting the reaction model dissociationQK
Selecting the reaction model dissociationExchangeQK
Selecting the reaction model dissociationExchangeQK
Selecting the reaction model dissociationQK
Number of reactions created: 12
Selecting BinaryCollisionModel LarsenBorgnakkeVariableHardSphere

Creating dsmcReactions

Selecting the reaction model dissociationQK
Selecting the reaction model dissociationExchangeQK
Selecting the reaction model dissociationQK
Selecting the reaction model dissociationQK
Selecting the reaction model dissociationQK
Selecting the reaction model dissociationQK
Selecting the reaction model dissociationQK
Selecting the reaction model dissociationExchangeQK
Selecting the reaction model dissociationQK
Selecting the reaction model dissociationExchangeQK
Selecting the reaction model dissociationExchangeQK
Selecting the reaction model dissociationQK
Number of reactions created: 12
Selecting BinaryCollisionModel LarsenBorgnakkeVariableHardSphere

Creating dsmcReactions

Selecting the reaction model dissociationQK
Selecting the reaction model dissociationExchangeQK
Selecting the reaction model dissociationQK
Selecting the reaction model dissociationQK
Selecting the reaction model dissociationQK
Selecting the reaction model dissociationQK
Selecting the reaction model dissociationQK
Selecting the reaction model dissociationExchangeQK
Selecting the reaction model dissociationQK
Selecting the reaction model dissociationExchangeQK
Selecting the reaction model dissociationExchangeQK
Selecting the reaction model dissociationQK
Number of reactions created: 12
Selecting field: dsmcVolFields

TimeData Statistics: 
Selecting BinaryCollisionModel LarsenBorgnakkeVariableHardSphere
 measurement option: write
 nSamples: 1, time interval: 6.64005e-08
 nAverages: 15060, time interval: 0.00099999153
 total no. of sampling steps: 0
 total no. of averaging Steps: 0



Creating dsmcReactions

Selecting the reaction model dissociationQK
Selecting the reaction model dissociationExchangeQK
Selecting the reaction model dissociationQK
Selecting the reaction model dissociationQK
Selecting the reaction model dissociationQK
Selecting the reaction model dissociationQK
Selecting the reaction model dissociationQK
Selecting the reaction model dissociationExchangeQK
Selecting the reaction model dissociationQK
Selecting the reaction model dissociationExchangeQK
Selecting the reaction model dissociationExchangeQK
Selecting the reaction model dissociationQK
Number of reactions created: 12
Creating the boundary models: 

Selecting dsmcPatchBoundaryModel dsmcDeletionPatch
Selecting dsmcPatchBoundaryModel dsmcDeletionPatch
Selecting dsmcPatchBoundaryModel dsmcDiffuseWallPatch
Selecting dsmcGeneralBoundaryModel dsmcFreeStreamInflowPatch
Selecting BinaryCollisionModel LarsenBorgnakkeVariableHardSphere

Creating dsmcReactions

Selecting the reaction model dissociationQK
Selecting the reaction model dissociationExchangeQK
Selecting the reaction model dissociationQK
Selecting the reaction model dissociationQK
Selecting the reaction model dissociationQK
Selecting the reaction model dissociationQK
Selecting the reaction model dissociationQK
Selecting the reaction model dissociationExchangeQK
Selecting the reaction model dissociationQK
Selecting the reaction model dissociationExchangeQK
Selecting the reaction model dissociationExchangeQK
Selecting the reaction model dissociationQK
Number of reactions created: 12
Creating the boundary models: 

Selecting dsmcPatchBoundaryModel dsmcDeletionPatch
Selecting dsmcPatchBoundaryModel dsmcDeletionPatch
Selecting dsmcPatchBoundaryModel dsmcDiffuseWallPatch
Selecting dsmcGeneralBoundaryModel dsmcFreeStreamInflowPatch
Selecting BinaryCollisionModel LarsenBorgnakkeVariableHardSphere

Creating dsmcReactions

Selecting the reaction model dissociationQK
Selecting the reaction model dissociationExchangeQK
Selecting the reaction model dissociationQK
Selecting the reaction model dissociationQK
Selecting the reaction model dissociationQK
Selecting the reaction model dissociationQK
Selecting the reaction model dissociationQK
Selecting the reaction model dissociationExchangeQK
Selecting the reaction model dissociationQK
Selecting the reaction model dissociationExchangeQK
Selecting the reaction model dissociationExchangeQK
Selecting the reaction model dissociationQK
Number of reactions created: 12

Constructing constant properties for
	N2
	O2
	NO
	N
	O

Constructing constant properties for
	N2
	O2
	NO
	N
	O
Selecting collisionPartnerSelectionModel noTimeCounter
Collision profile: collisionReduceOnlyOnOutput defaulted to true for replicatedMesh run
Collision profile: collisionOutputGlobalReduce defaulted to false for replicatedMesh run

Initialising the measurement fields

Initialising dsmcVolFields field
Initialising dsmcVolFields field
Selecting collisionPartnerSelectionModel noTimeCounter
Collision profile: collisionReduceOnlyOnOutput defaulted to true for replicatedMesh run
Collision profile: collisionOutputGlobalReduce defaulted to false for replicatedMesh run

Initialising the measurement fields

Initialising dsmcVolFields field
Initialising dsmcVolFields field
Initialising dsmcVolFields field
Initialising dsmcVolFields field
Initialising dsmcVolFields field
Initialising dsmcVolFields field
Initialising dsmcVolFields field
Initialising dsmcVolFields field
Initialising dsmcVolFields field
Initialising dsmcVolFields field

Constructing constant properties for
	N2
	O2
	NO
	N
	O

Constructing constant properties for
	N2
	O2
	NO
	N
	O

Constructing constant properties for
	N2
	O2
	NO
	N
	O
Selecting collisionPartnerSelectionModel noTimeCounter
Collision profile: collisionReduceOnlyOnOutput defaulted to true for replicatedMesh run
Collision profile: collisionOutputGlobalReduce defaulted to false for replicatedMesh run

Initialising the measurement fields

Initialising dsmcVolFields field

Constructing constant properties for

Constructing constant properties for
	N2
	O2
	NO
	N
	O
	N2
	O2
	NO
	N
	O
Initialising dsmcVolFields field
Initialising dsmcVolFields field
Initialising dsmcVolFields field

Constructing constant properties for
	N2
	O2
	NO
	N
	O
Initialising dsmcVolFields field
Initialising dsmcVolFields field
Selecting collisionPartnerSelectionModel noTimeCounter
Collision profile: collisionReduceOnlyOnOutput defaulted to true for replicatedMesh run
Collision profile: collisionOutputGlobalReduce defaulted to false for replicatedMesh run

Initialising the measurement fields

Initialising dsmcVolFields field
Selecting collisionPartnerSelectionModel noTimeCounter
Collision profile: collisionReduceOnlyOnOutput defaulted to true for replicatedMesh run
Collision profile: collisionOutputGlobalReduce defaulted to false for replicatedMesh run

Initialising the measurement fields

Initialising dsmcVolFields field
Initialising dsmcVolFields field
Initialising dsmcVolFields field
Initialising dsmcVolFields field
Initialising dsmcVolFields field
Initialising dsmcVolFields field
Initialising dsmcVolFields field
Initialising dsmcVolFields field
Initialising dsmcVolFields field
Initialising dsmcVolFields field
Initialising dsmcVolFields field
Selecting collisionPartnerSelectionModel noTimeCounter
Selecting collisionPartnerSelectionModel noTimeCounter
Collision profile: collisionReduceOnlyOnOutput defaulted to true for replicatedMesh run
Collision profile: collisionOutputGlobalReduce defaulted to false for replicatedMesh run

Initialising the measurement fields

Collision profile: collisionReduceOnlyOnOutput defaulted to true for replicatedMesh run
Collision profile: collisionOutputGlobalReduce defaulted to false for replicatedMesh run

Initialising the measurement fields

Initialising dsmcVolFields field
Initialising dsmcVolFields field
Initialising dsmcVolFields field
Initialising dsmcVolFields field
Initialising dsmcVolFields field
Initialising dsmcVolFields field
Initialising dsmcVolFields field
Initialising dsmcVolFields field
Selecting collisionPartnerSelectionModel noTimeCounter
Collision profile: collisionReduceOnlyOnOutput defaulted to true for replicatedMesh run
Collision profile: collisionOutputGlobalReduce defaulted to false for replicatedMesh run

Initialising the measurement fields

Initialising dsmcVolFields field
Initialising dsmcVolFields field
Initialising dsmcVolFields field
Initialising dsmcVolFields field
Initialising dsmcVolFields field
Initialising dsmcVolFields field
Initialising dsmcVolFields field
Initialising dsmcVolFields field
Initialising dsmcVolFields field
Initialising dsmcVolFields field
Replicated mesh: METIS decomposition complete, 60000 cells -> 8 ranks
Replicated mesh: rank 0 owns 7384 / 60000 cells
Local mesh: 7384 owned + 356 halo = 7740 / 60000 cells
Replicated mesh: no-Alltoall async migration enabled
Replicated mesh: flatTransfer=1 found=1
Replicated mesh: flat POD transfer enabled
Replicated mesh: writeMode=gathered
Phase C auto DLB: enabled (ParMETIS AdaptiveRepart), imbalanceThreshold=1.5, dlbSteps=50, sarSteps=10, triggerMode=legacyWindow, minGapSteps=50, checkCollective=allgather, particleGate=0, particleGateThreshold=1.5, skipPostDiag=0, adaptiveAlpha=0
Replicated mesh: initialized with 8 MPI ranks, migrate interval 10

Starting time loop

Replicated mesh: initial particle distribution

Replicated mesh: rank 0 kept 257843 parcels, deleted 1051233 non-owned parcels
Time = 6.64005e-07

    Collision global reduction skipped (rank 0 local diagnostics)
    Collisions                      = 4065
    Collision candidates           = 5197
    Collision acceptance rate      = 0.7821820281

    Number of DSMC particles        = 1330292
    Number of stuck particles       = 0
    Number of free particles        = 1330292
    Average linear kinetic energy   = 1.893490918e-19
    Average rotational energy       = 1.32544901e-21
    Average vibrational energy      = 1.170700267e-25
    Average electronic energy       = 0
    Total energy                    = 0.001521917832

Stage 1.0  ExecutionTime = 7.04 s  ClockTime = 6 s  Iteration 10 (0.23 s)

Time = 1.32801e-06

    Collision global reduction skipped (rank 0 local diagnostics)
    Collisions                      = 4200
    Collision candidates           = 5692
    Collision acceptance rate      = 0.7378777231

    Number of DSMC particles        = 1353961
    Number of stuck particles       = 0
    Number of free particles        = 1353961
    Average linear kinetic energy   = 1.865893483e-19
    Average rotational energy       = 1.549542323e-21
    Average vibrational energy      = 1.150234903e-25
    Average electronic energy       = 0
    Total energy                    = 0.001528397258

Stage 1.0  ExecutionTime = 8.64 s  ClockTime = 8 s  Iteration 20 (0.16 s)

Time = 1.992015e-06

    Collision global reduction skipped (rank 0 local diagnostics)
    Collisions                      = 4107
    Collision candidates           = 5865
    Collision acceptance rate      = 0.7002557545

    Number of DSMC particles        = 1377439
    Number of stuck particles       = 0
    Number of free particles        = 1377439
    Average linear kinetic energy   = 1.841288279e-19
    Average rotational energy       = 1.86361264e-21
    Average vibrational energy      = 2.261259047e-25
    Average electronic energy       = 0
    Total energy                    = 0.001537161317

Stage 1.0  ExecutionTime = 10.21 s  ClockTime = 9 s  Iteration 30 (0.16 s)

Time = 2.65602e-06

    Collision global reduction skipped (rank 0 local diagnostics)
    Collisions                      = 4095
    Collision candidates           = 5992
    Collision acceptance rate      = 0.683411215

    Number of DSMC particles        = 1400951
    Number of stuck particles       = 0
    Number of free particles        = 1400951
    Average linear kinetic energy   = 1.819176311e-19
    Average rotational energy       = 2.242924929e-21
    Average vibrational energy      = 3.334962893e-25
    Average electronic energy       = 0
    Total energy                    = 0.001548002294

Stage 1.0  ExecutionTime = 11.79 s  ClockTime = 11 s  Iteration 40 (0.16 s)

Time = 3.320025e-06

    Collision global reduction skipped (rank 0 local diagnostics)
    Collisions                      = 4211
    Collision candidates           = 6099
    Collision acceptance rate      = 0.6904410559

    Number of DSMC particles        = 1424437
    Number of stuck particles       = 0
    Number of free particles        = 1424437
    Average linear kinetic energy   = 1.798646612e-19
    Average rotational energy       = 2.674953519e-21
    Average vibrational energy      = 4.481374238e-25
    Average electronic energy       = 0
    Total energy                    = 0.001560100917

Stage 1.0  ExecutionTime = 13.38 s  ClockTime = 13 s  Iteration 50 (0.16 s)

Time = 3.98403e-06

    Collision global reduction skipped (rank 0 local diagnostics)
    Collisions                      = 4168
    Collision candidates           = 6216
    Collision acceptance rate      = 0.6705276705

    Number of DSMC particles        = 1447764
    Number of stuck particles       = 0
    Number of free particles        = 1447764
    Average linear kinetic energy   = 1.779703178e-19
    Average rotational energy       = 3.161506332e-21
    Average vibrational energy      = 4.515499591e-25
    Average electronic energy       = 0
    Total energy                    = 0.001573420728

Stage 1.0  ExecutionTime = 15.02 s  ClockTime = 15 s  Iteration 60 (0.17 s)

Time = 4.648035e-06

    Collision global reduction skipped (rank 0 local diagnostics)
    Collisions                      = 4160
    Collision candidates           = 6224
    Collision acceptance rate      = 0.6683804627

    Number of DSMC particles        = 1471226
    Number of stuck particles       = 0
    Number of free particles        = 1471226
    Average linear kinetic energy   = 1.76229896e-19
    Average rotational energy       = 3.64315021e-21
    Average vibrational energy      = 7.935500368e-25
    Average electronic energy       = 0
    Total energy                    = 0.001587810418

Stage 1.0  ExecutionTime = 16.78 s  ClockTime = 17 s  Iteration 70 (0.19 s)

Time = 5.31204e-06

    Collision global reduction skipped (rank 0 local diagnostics)
    Collisions                      = 4122
    Collision candidates           = 6286
    Collision acceptance rate      = 0.6557429208

    Number of DSMC particles        = 1494388
    Number of stuck particles       = 0
    Number of free particles        = 1494388
    Average linear kinetic energy   = 1.746072828e-19
    Average rotational energy       = 4.143934333e-21
    Average vibrational energy      = 7.501062207e-25
    Average electronic energy       = 0
    Total energy                    = 0.001602748769

Stage 1.0  ExecutionTime = 18.59 s  ClockTime = 19 s  Iteration 80 (0.19 s)

Time = 5.976045e-06

    Collision global reduction skipped (rank 0 local diagnostics)
    Collisions                      = 4186
    Collision candidates           = 6357
    Collision acceptance rate      = 0.6584867076

    Number of DSMC particles        = 1517624
    Number of stuck particles       = 0
    Number of free particles        = 1517624
    Average linear kinetic energy   = 1.730854548e-19
    Average rotational energy       = 4.632876132e-21
    Average vibrational energy      = 1.005431363e-24
    Average electronic energy       = 0
    Total energy                    = 0.001618266781

Stage 1.0  ExecutionTime = 20.49 s  ClockTime = 21 s  Iteration 90 (0.21 s)

Time = 6.64005e-06

    Collision global reduction skipped (rank 0 local diagnostics)
    Collisions                      = 4101
    Collision candidates           = 6304
    Collision acceptance rate      = 0.6505393401


Phase C auto DLB triggered (threshold) at step 100: sar=-0.003222437982 loadImbalance=1.604970414 threshold=1.5 particleMaxMin=1
Phase C ParMETIS weights: particles=1540670 activeCells=60000 maxCellParticles=312
Phase C ParMETIS: alpha=1 ncon=1 ubvec=[1.049999952] moveRatio=0.912047513 (moveT=14.36232878s, collT=1.385018344s)
Phase C ParMETIS: AdaptiveRepart (60000 cells, 1 constraints, ubvec=1.049999952)
Replicated mesh: rank 0 owns 5671 / 60000 cells
Local mesh: 5671 owned + 450 halo = 6121 / 60000 cells
Phase C ParMETIS AdaptiveRepart: 59999 / 60000 cells changed (0.9999833333)
Phase C auto DLB complete: rebalance #1

    Number of DSMC particles        = 1540670
    Number of stuck particles       = 0
    Number of free particles        = 1540670
    Average linear kinetic energy   = 1.716489221e-19
    Average rotational energy       = 5.143822008e-21
    Average vibrational energy      = 1.222302752e-24
    Average electronic energy       = 0
    Total energy                    = 0.001634286962

Stage 1.0  ExecutionTime = 22.61 s  ClockTime = 23 s  Iteration 100 (0.36 s)

Time = 7.304055e-06

    Collision global reduction skipped (rank 0 local diagnostics)
    Collisions                      = 30188
    Collision candidates           = 52454
    Collision acceptance rate      = 0.5755137835

    Number of DSMC particles        = 1563832
    Number of stuck particles       = 0
    Number of free particles        = 1563832
    Average linear kinetic energy   = 1.703423855e-19
    Average rotational energy       = 5.547485365e-21
    Average vibrational energy      = 1.691601544e-24
    Average electronic energy       = 0
    Total energy                    = 0.001650389124

Stage 1.0  ExecutionTime = 24.25 s  ClockTime = 25 s  Iteration 110 (0.54 s)

Time = 7.96806e-06

    Collision global reduction skipped (rank 0 local diagnostics)
    Collisions                      = 33135
    Collision candidates           = 59619
    Collision acceptance rate      = 0.5557791979

    Number of DSMC particles        = 1586452
    Number of stuck particles       = 0
    Number of free particles        = 1586452
    Average linear kinetic energy   = 1.690214147e-19
    Average rotational energy       = 6.041971125e-21
    Average vibrational energy      = 2.599729908e-24
    Average electronic energy       = 0
    Total energy                    = 0.001666402698

Stage 1.0  ExecutionTime = 26.11 s  ClockTime = 27 s  Iteration 120 (0.6 s)

Time = 8.632065e-06

    Collision global reduction skipped (rank 0 local diagnostics)
    Collisions                      = 35536
    Collision candidates           = 65585
    Collision acceptance rate      = 0.5418312114

    Number of DSMC particles        = 1608972
    Number of stuck particles       = 0
    Number of free particles        = 1608972
    Average linear kinetic energy   = 1.677634533e-19
    Average rotational energy       = 6.550191875e-21
    Average vibrational energy      = 3.047084936e-24
    Average electronic energy       = 0
    Total energy                    = 0.001682824062

Stage 1.0  ExecutionTime = 28.09 s  ClockTime = 29 s  Iteration 130 (0.59 s)

Time = 9.29607e-06

    Collision global reduction skipped (rank 0 local diagnostics)
    Collisions                      = 37938
    Collision candidates           = 70307
    Collision acceptance rate      = 0.5396048758

    Number of DSMC particles        = 1631378
    Number of stuck particles       = 0
    Number of free particles        = 1631378
    Average linear kinetic energy   = 1.665741361e-19
    Average rotational energy       = 7.055027434e-21
    Average vibrational energy      = 3.654167918e-24
    Average electronic energy       = 0
    Total energy                    = 0.001699564554

Stage 1.0  ExecutionTime = 30.15 s  ClockTime = 31 s  Iteration 140 (0.61 s)

Time = 9.960075e-06

    Collision global reduction skipped (rank 0 local diagnostics)
    Collisions                      = 39825
    Collision candidates           = 74590
    Collision acceptance rate      = 0.5339187559


Phase C auto DLB triggered (SAR+threshold) at step 150: sar=0.0430593125 loadImbalance=2.097324271 threshold=1.5 particleMaxMin=1
Phase C ParMETIS weights: particles=1653748 activeCells=60000 maxCellParticles=327
Phase C ParMETIS: alpha=1 ncon=1 ubvec=[1.049999952] moveRatio=0.858827136 (moveT=19.60256746s, collT=3.222244005s)
Phase C ParMETIS: AdaptiveRepart (60000 cells, 1 constraints, ubvec=1.049999952)
Replicated mesh: rank 0 owns 10260 / 60000 cells
Local mesh: 10260 owned + 568 halo = 10828 / 60000 cells
Phase C ParMETIS AdaptiveRepart: 48517 / 60000 cells changed (0.8086166667)
Phase C auto DLB complete: rebalance #2

    Number of DSMC particles        = 1653748
    Number of stuck particles       = 0
    Number of free particles        = 1653748
    Average linear kinetic energy   = 1.654705326e-19
    Average rotational energy       = 7.535463806e-21
    Average vibrational energy      = 4.065423285e-24
    Average electronic energy       = 0
    Total energy                    = 0.001716690262

Stage 1.0  ExecutionTime = 32.57 s  ClockTime = 31 s  Iteration 150 (0.87 s)

Time = 1.062408e-05

    Collision global reduction skipped (rank 0 local diagnostics)
    Collisions                      = 33586
    Collision candidates           = 61068
    Collision acceptance rate      = 0.5499770747

    Number of DSMC particles        = 1675662
    Number of stuck particles       = 0
    Number of free particles        = 1675662
    Average linear kinetic energy   = 1.64527116e-19
    Average rotational energy       = 7.877484803e-21
    Average vibrational energy      = 4.541911714e-24
    Average electronic energy       = 0
    Total energy                    = 0.001733396693

Stage 1.0  ExecutionTime = 34.44 s  ClockTime = 33 s  Iteration 160 (0.4 s)

Time = 1.1288085e-05

    Collision global reduction skipped (rank 0 local diagnostics)
    Collisions                      = 35899
    Collision candidates           = 67626
    Collision acceptance rate      = 0.5308461243

    Number of DSMC particles        = 1697359
    Number of stuck particles       = 0
    Number of free particles        = 1697359
    Average linear kinetic energy   = 1.635027814e-19
    Average rotational energy       = 8.341503392e-21
    Average vibrational energy      = 5.245083785e-24
    Average electronic energy       = 0
    Total energy                    = 0.001750142077

Stage 1.0  ExecutionTime = 36.5 s  ClockTime = 36 s  Iteration 170 (0.35 s)

Time = 1.195209e-05

    Collision global reduction skipped (rank 0 local diagnostics)
    Collisions                      = 37719
    Collision candidates           = 72232
    Collision acceptance rate      = 0.5221923801

    Number of DSMC particles        = 1718843
    Number of stuck particles       = 0
    Number of free particles        = 1718843
    Average linear kinetic energy   = 1.625158007e-19
    Average rotational energy       = 8.794151357e-21
    Average vibrational energy      = 6.971433351e-24
    Average electronic energy       = 0
    Total energy                    = 0.001766801368

Stage 1.0  ExecutionTime = 38.71 s  ClockTime = 38 s  Iteration 180 (0.43 s)

Time = 1.2616095e-05

    Collision global reduction skipped (rank 0 local diagnostics)
    Collisions                      = 39265
    Collision candidates           = 75900
    Collision acceptance rate      = 0.5173254282

    Number of DSMC particles        = 1740294
    Number of stuck particles       = 0
    Number of free particles        = 1740294
    Average linear kinetic energy   = 1.615489353e-19
    Average rotational energy       = 9.255060879e-21
    Average vibrational energy      = 7.422024898e-24
    Average electronic energy       = 0
    Total energy                    = 0.001783572518

Stage 1.0  ExecutionTime = 40.98 s  ClockTime = 40 s  Iteration 190 (0.37 s)

Time = 1.32801e-05

    Collision global reduction skipped (rank 0 local diagnostics)
    Collisions                      = 40840
    Collision candidates           = 79715
    Collision acceptance rate      = 0.5123251584


Phase C auto DLB triggered (SAR+threshold) at step 200: sar=0.00652216025 loadImbalance=1.726065271 threshold=1.5 particleMaxMin=1
Phase C ParMETIS weights: particles=1761372 activeCells=60000 maxCellParticles=359
Phase C ParMETIS: alpha=1 ncon=1 ubvec=[1.049999952] moveRatio=0.8474237668 (moveT=27.56994432s, collT=4.963889872s)
Phase C ParMETIS: AdaptiveRepart (60000 cells, 1 constraints, ubvec=1.049999952)
Replicated mesh: rank 0 owns 11147 / 60000 cells
Local mesh: 11147 owned + 590 halo = 11737 / 60000 cells
Phase C ParMETIS AdaptiveRepart: 38609 / 60000 cells changed (0.6434833333)
Phase C auto DLB complete: rebalance #3

    Number of DSMC particles        = 1761372
    Number of stuck particles       = 0
    Number of free particles        = 1761372
    Average linear kinetic energy   = 1.606059012e-19
    Average rotational energy       = 9.681832664e-21
    Average vibrational energy      = 8.27917966e-24
    Average electronic energy       = 0
    Total energy                    = 0.001799727774

Stage 1.0  ExecutionTime = 43.49 s  ClockTime = 43 s  Iteration 200 (0.49 s)

Time = 1.3944105e-05

    Collision global reduction skipped (rank 0 local diagnostics)
    Collisions                      = 17920
    Collision candidates           = 31191
    Collision acceptance rate      = 0.5745247026

    Number of DSMC particles        = 1782291
    Number of stuck particles       = 0
    Number of free particles        = 1782291
    Average linear kinetic energy   = 1.597516378e-19
    Average rotational energy       = 9.95025808e-21
    Average vibrational energy      = 9.325984218e-24
    Average electronic energy       = 0
    Total energy                    = 0.0018148487

Stage 1.0  ExecutionTime = 45.81 s  ClockTime = 46 s  Iteration 210 (0.22 s)

Time = 1.460811e-05

    Collision global reduction skipped (rank 0 local diagnostics)
    Collisions                      = 20724
    Collision candidates           = 36404
    Collision acceptance rate      = 0.5692781013

    Number of DSMC particles        = 1802727
    Number of stuck particles       = 0
    Number of free particles        = 1802727
    Average linear kinetic energy   = 1.587758588e-19
    Average rotational energy       = 1.037785883e-20
    Average vibrational energy      = 1.04714228e-23
    Average electronic energy       = 0
    Total energy                    = 0.001829741106

Stage 1.0  ExecutionTime = 48.28 s  ClockTime = 48 s  Iteration 220 (0.25 s)

Time = 1.5272115e-05

    Collision global reduction skipped (rank 0 local diagnostics)
    Collisions                      = 23637
    Collision candidates           = 42096
    Collision acceptance rate      = 0.5615022805

    Number of DSMC particles        = 1822958
    Number of stuck particles       = 0
    Number of free particles        = 1822958
    Average linear kinetic energy   = 1.578888195e-19
    Average rotational energy       = 1.076235802e-20
    Average vibrational energy      = 1.082439391e-23
    Average electronic energy       = 0
    Total energy                    = 0.001844782474

Stage 1.0  ExecutionTime = 50.94 s  ClockTime = 51 s  Iteration 230 (0.27 s)

Time = 1.593612e-05

    Collision global reduction skipped (rank 0 local diagnostics)
    Collisions                      = 26986
    Collision candidates           = 48202
    Collision acceptance rate      = 0.5598522883

    Number of DSMC particles        = 1843086
    Number of stuck particles       = 0
    Number of free particles        = 1843086
    Average linear kinetic energy   = 1.570504348e-19
    Average rotational energy       = 1.114459581e-20
    Average vibrational energy      = 1.187905122e-23
    Average electronic energy       = 0
    Total energy                    = 0.001860118802

Stage 1.0  ExecutionTime = 53.84 s  ClockTime = 54 s  Iteration 240 (0.3 s)

Time = 1.6600125e-05

    Collision global reduction skipped (rank 0 local diagnostics)
    Collisions                      = 29817
    Collision candidates           = 53862
    Collision acceptance rate      = 0.5535813746


Phase C auto DLB triggered (SAR+threshold) at step 250: sar=0.0265507578 loadImbalance=2.311892478 threshold=1.5 particleMaxMin=1
Phase C ParMETIS weights: particles=1863088 activeCells=60000 maxCellParticles=339
Phase C ParMETIS: alpha=1 ncon=1 ubvec=[1.049999952] moveRatio=0.851296413 (moveT=38.45998917s, collT=6.718151582s)
Phase C ParMETIS: AdaptiveRepart (60000 cells, 1 constraints, ubvec=1.049999952)
Replicated mesh: rank 0 owns 6130 / 60000 cells
Local mesh: 6130 owned + 640 halo = 6770 / 60000 cells
Phase C ParMETIS AdaptiveRepart: 53586 / 60000 cells changed (0.8931)
Phase C auto DLB complete: rebalance #4

    Number of DSMC particles        = 1863088
    Number of stuck particles       = 0
    Number of free particles        = 1863088
    Average linear kinetic energy   = 1.562379615e-19
    Average rotational energy       = 1.153729104e-20
    Average vibrational energy      = 1.244464907e-23
    Average electronic energy       = 0
    Total energy                    = 0.001875619471

Stage 1.0  ExecutionTime = 57.01 s  ClockTime = 58 s  Iteration 250 (0.47 s)

Time = 1.726413e-05

    Collision global reduction skipped (rank 0 local diagnostics)
    Collisions                      = 34970
    Collision candidates           = 63449
    Collision acceptance rate      = 0.5511513184

    Number of DSMC particles        = 1883097
    Number of stuck particles       = 0
    Number of free particles        = 1883097
    Average linear kinetic energy   = 1.555887202e-19
    Average rotational energy       = 1.184518194e-20
    Average vibrational energy      = 1.271737503e-23
    Average electronic energy       = 0
    Total energy                    = 0.001891909361

Stage 1.0  ExecutionTime = 59.2 s  ClockTime = 60 s  Iteration 260 (0.55 s)

Time = 1.7928135e-05

    Collision global reduction skipped (rank 0 local diagnostics)
    Collisions                      = 35918
    Collision candidates           = 66405
    Collision acceptance rate      = 0.540893005

    Number of DSMC particles        = 1902263
    Number of stuck particles       = 0
    Number of free particles        = 1902263
    Average linear kinetic energy   = 1.548355005e-19
    Average rotational energy       = 1.226791611e-20
    Average vibrational energy      = 1.43058604e-23
    Average electronic energy       = 0
    Total energy                    = 0.00190741116

Stage 1.0  ExecutionTime = 61.58 s  ClockTime = 63 s  Iteration 270 (0.63 s)

Time = 1.859214e-05

    Collision global reduction skipped (rank 0 local diagnostics)
    Collisions                      = 37063
    Collision candidates           = 68644
    Collision acceptance rate      = 0.5399306567

    Number of DSMC particles        = 1921089
    Number of stuck particles       = 0
    Number of free particles        = 1921089
    Average linear kinetic energy   = 1.54094056e-19
    Average rotational energy       = 1.265722741e-20
    Average vibrational energy      = 1.483805865e-23
    Average electronic energy       = 0
    Total energy                    = 0.00192223537

Stage 1.0  ExecutionTime = 64.11 s  ClockTime = 63 s  Iteration 280 (0.62 s)

Time = 1.9256145e-05

    Collision global reduction skipped (rank 0 local diagnostics)
    Collisions                      = 38087
    Collision candidates           = 70976
    Collision acceptance rate      = 0.5366180117

    Number of DSMC particles        = 1940126
    Number of stuck particles       = 0
    Number of free particles        = 1940126
    Average linear kinetic energy   = 1.533775682e-19
    Average rotational energy       = 1.302727851e-20
    Average vibrational energy      = 1.572695194e-23
    Average electronic energy       = 0
    Total energy                    = 0.001937261291

Stage 1.0  ExecutionTime = 66.72 s  ClockTime = 66 s  Iteration 290 (0.6 s)

Time = 1.992015e-05

    Collision global reduction skipped (rank 0 local diagnostics)
    Collisions                      = 39396
    Collision candidates           = 73239
    Collision acceptance rate      = 0.5379101298


Phase C auto DLB triggered (SAR+threshold) at step 300: sar=0.0117733434 loadImbalance=2.041564715 threshold=1.5 particleMaxMin=1
Phase C ParMETIS weights: particles=1958921 activeCells=60000 maxCellParticles=403
Phase C ParMETIS: alpha=1 ncon=1 ubvec=[1.049999952] moveRatio=0.8376310793 (moveT=45.99229342s, collT=8.915284102s)
Phase C ParMETIS: AdaptiveRepart (60000 cells, 1 constraints, ubvec=1.049999952)
Replicated mesh: rank 0 owns 8650 / 60000 cells
Local mesh: 8650 owned + 690 halo = 9340 / 60000 cells
Phase C ParMETIS AdaptiveRepart: 58521 / 60000 cells changed (0.97535)
Phase C auto DLB complete: rebalance #5

    Number of DSMC particles        = 1958921
    Number of stuck particles       = 0
    Number of free particles        = 1958921
    Average linear kinetic energy   = 1.526846748e-19
    Average rotational energy       = 1.338477251e-20
    Average vibrational energy      = 1.689505191e-23
    Average electronic energy       = 0
    Total energy                    = 0.001952100143

Stage 1.0  ExecutionTime = 69.77 s  ClockTime = 69 s  Iteration 300 (1.02 s)

End stage 1


DSMC solver profile summary
    solver profile steps          = 300
    move+collide wall [s]         = 68.91241458
    move only [s]                 = 45.99229342
    buildCellOccupancy [s]        = 4.622833415
    collision phase [s]           = 10.60012566
    post fields/output [s]        = 0.281043256
    total profiled [s]            = 61.49629574
    full evolve wall [s]          = 69.1902746
    move+collide cpu [s]          = 63.6
    move only cpu [s]             = 42.4
    buildCellOccupancy cpu [s]    = 4.26
    collision phase cpu [s]       = 9.83
    post fields/output cpu [s]    = 0.29
    total profiled cpu [s]        = 56.78
    full evolve cpu [s]           = 63.85
    collision localLoop max [s] = 10.57771125
    collision reduce max [s]    = 0
    collision sigmaBC max [s]   = 0.020471273
    collision total max [s]     = 10.59875293
    collision accounted max [s] = 10.59818252
    collision residual max [s]  = 0.000677536
    collision subphase max sum [s] = 10.59818252
    collision cumulative global collisions = 40196870
    collision cumulative global candidates  = 73110906
    collision cumulative acceptance        = 0.5498067552
    OpenMP enabled                = 0
    OpenMP max threads            = 1
    OpenMP move                   = 0 (static, chunk 64)
    OpenMP collision              = dynamic, chunk 8


Replicated mesh profiling summary:
    migration calls             = 36
    migration wall time [s]     = 2.545268191
    local particles (final)     = 246265
    migration wall max [s]      = 3.852494265
    migration pack max [s]      = 0.592795534
    migration local prep max [s]= 0.286056706
    migration size exchange max [s] = 0
    migration request post max [s] = 0.010867253
    migration wait max [s]      = 2.608784734
    migration deserialize max [s] = 0.336757378
    migration post max [s]      = 0.025471299
    migration candidate gather max [s] = 0.221017066
    migration accounted max [s] = 3.852494265
    migration residual max [s]  = 8.881784197e-16
    updateParticleCounts max [s]= 0.028386332
    migration subphase max sum [s] = 4.08174997
    particles per rank          = min 237775 max 249712 max/min 1.050202923
    rank wall time (evolve, 300 steps): min 43.82 max 57.41 max/min 1.31013236
    Phase C auto DLB checks      = 300
    Phase C auto DLB rebalances = 5
    Phase C auto DLB triggered checks = 5
    Phase C auto DLB wall max [s]= 20.25654738
    Phase C auto DLB check max [s]= 19.39734315
    Phase C ParMETIS max [s]     = 0.174367132
    Phase C migration max [s]    = 0.739651917
    Phase C cellOwner write max [s] = 0
    Phase C post-diagnostic max [s] = 0.000457774
    Phase C auto DLB accounted max [s] = 20.31181998
    Phase C auto DLB residual max [s] = -0.055272596

Total Iterations = 300
End main

