/*---------------------------------------------------------------------------*\
| =========                 |                                                 |
| \\      /  F ield         | OpenFOAM: The Open Source CFD Toolbox           |
|  \\    /   O peration     | Version:  v1706                                 |
|   \\  /    A nd           | Web:      www.OpenFOAM.com                      |
|    \\/     M anipulation  |                                                 |
\*---------------------------------------------------------------------------*/
Build  : v1706
Arch   : "LSB;label=32;scalar=64"
Exec   : dsmcFoam+
Date   : Jun 13 2026
Time   : 04:00:46
Host   : "SuperXCX-ROG"
PID    : 1305052
/*---------------------------------------------------------------------------*\
| =========                 |                                                 |
| \\      /  F ield         | OpenFOAM: The Open Source CFD Toolbox           |
|  \\    /   O peration     | Version:  v1706                                 |
|   \\  /    A nd           | Web:      www.OpenFOAM.com                      |
|    \\/     M anipulation  |                                                 |
\*---------------------------------------------------------------------------*/
Build  : v1706
Arch   : "LSB;label=32;scalar=64"
Exec   : dsmcFoam+
Date   : Jun 13 2026
Time   : 04:00:46
Host   : "SuperXCX-ROG"
PID    : 1305053
/*---------------------------------------------------------------------------*\
| =========                 |                                                 |
| \\      /  F ield         | OpenFOAM: The Open Source CFD Toolbox           |
|  \\    /   O peration     | Version:  v1706                                 |
|   \\  /    A nd           | Web:      www.OpenFOAM.com                      |
|    \\/     M anipulation  |                                                 |
\*---------------------------------------------------------------------------*/
Build  : v1706
Arch   : "LSB;label=32;scalar=64"
Exec   : dsmcFoam+
Date   : Jun 13 2026
Time   : 04:00:46
Host   : "SuperXCX-ROG"
PID    : 1305049
/*---------------------------------------------------------------------------*\
| =========                 |                                                 |
| \\      /  F ield         | OpenFOAM: The Open Source CFD Toolbox           |
|  \\    /   O peration     | Version:  v1706                                 |
|   \\  /    A nd           | Web:      www.OpenFOAM.com                      |
|    \\/     M anipulation  |                                                 |
\*---------------------------------------------------------------------------*/
Build  : v1706
Arch   : "LSB;label=32;scalar=64"
Exec   : dsmcFoam+
Date   : Jun 13 2026
Time   : 04:00:46
Host   : "SuperXCX-ROG"
PID    : 1305050
Case   : /home/superxcx/code/OpenFoam/OF-1706/hyStrath_dlb/run/hyStrath/dsmcFoam+/xcx_test/zb-cylinder-react/mpi8
nProcs : 1
sigFpe : Enabling floating point exception trapping (FOAM_SIGFPE).
Case   : /home/superxcx/code/OpenFoam/OF-1706/hyStrath_dlb/run/hyStrath/dsmcFoam+/xcx_test/zb-cylinder-react/mpi8
nProcs : 1
sigFpe : Enabling floating point exception trapping (FOAM_SIGFPE).
fileModificationChecking : Monitoring run-time modified files using timeStampMaster (fileModificationSkew 10)
allowSystemOperations : Allowing user-supplied system call operations

fileModificationChecking : Monitoring run-time modified files using timeStampMaster (fileModificationSkew 10)
allowSystemOperations : Allowing user-supplied system call operations

// * * * * * * * * * * * * * * * * * * * * * * * * * * * * * * * * * * * * * //
Create time

// * * * * * * * * * * * * * * * * * * * * * * * * * * * * * * * * * * * * * //
Create time

Case   : /home/superxcx/code/OpenFoam/OF-1706/hyStrath_dlb/run/hyStrath/dsmcFoam+/xcx_test/zb-cylinder-react/mpi8
nProcs : 1
sigFpe : Enabling floating point exception trapping (FOAM_SIGFPE).
fileModificationChecking : Monitoring run-time modified files using timeStampMaster (fileModificationSkew 10)
allowSystemOperations : Allowing user-supplied system call operations

Case   : /home/superxcx/code/OpenFoam/OF-1706/hyStrath_dlb/run/hyStrath/dsmcFoam+/xcx_test/zb-cylinder-react/mpi8
nProcs : 1
sigFpe : Enabling floating point exception trapping (FOAM_SIGFPE).
// * * * * * * * * * * * * * * * * * * * * * * * * * * * * * * * * * * * * * //
Create time

fileModificationChecking : Monitoring run-time modified files using timeStampMaster (fileModificationSkew 10)
allowSystemOperations : Allowing user-supplied system call operations

// * * * * * * * * * * * * * * * * * * * * * * * * * * * * * * * * * * * * * //
Create time

Create mesh for time = 0

Create mesh for time = 0

Create mesh for time = 0

Create mesh for time = 0

Selecting dynamicFvMesh dynamicRefineFvMesh
Selecting dynamicFvMesh dynamicRefineFvMesh
Selecting dynamicFvMesh dynamicRefineFvMesh
Selecting dynamicFvMesh dynamicRefineFvMesh
/*---------------------------------------------------------------------------*\
| =========                 |                                                 |
| \\      /  F ield         | OpenFOAM: The Open Source CFD Toolbox           |
|  \\    /   O peration     | Version:  v1706                                 |
|   \\  /    A nd           | Web:      www.OpenFOAM.com                      |
|    \\/     M anipulation  |                                                 |
\*---------------------------------------------------------------------------*/
Build  : v1706
Arch   : "LSB;label=32;scalar=64"
Exec   : dsmcFoam+
Date   : Jun 13 2026
Time   : 04:00:46
Host   : "SuperXCX-ROG"
PID    : 1305051
/*---------------------------------------------------------------------------*\
| =========                 |                                                 |
| \\      /  F ield         | OpenFOAM: The Open Source CFD Toolbox           |
|  \\    /   O peration     | Version:  v1706                                 |
|   \\  /    A nd           | Web:      www.OpenFOAM.com                      |
|    \\/     M anipulation  |                                                 |
\*---------------------------------------------------------------------------*/
Build  : v1706
Arch   : "LSB;label=32;scalar=64"
Exec   : dsmcFoam+
Date   : Jun 13 2026
Time   : 04:00:46
Host   : "SuperXCX-ROG"
PID    : 1305056
/*---------------------------------------------------------------------------*\
| =========                 |                                                 |
| \\      /  F ield         | OpenFOAM: The Open Source CFD Toolbox           |
|  \\    /   O peration     | Version:  v1706                                 |
|   \\  /    A nd           | Web:      www.OpenFOAM.com                      |
|    \\/     M anipulation  |                                                 |
\*---------------------------------------------------------------------------*/
Build  : v1706
Arch   : "LSB;label=32;scalar=64"
Exec   : dsmcFoam+
Date   : Jun 13 2026
Time   : 04:00:46
Host   : "SuperXCX-ROG"
PID    : 1305055
Case   : /home/superxcx/code/OpenFoam/OF-1706/hyStrath_dlb/run/hyStrath/dsmcFoam+/xcx_test/zb-cylinder-react/mpi8
nProcs : 1
sigFpe : Enabling floating point exception trapping (FOAM_SIGFPE).
fileModificationChecking : Monitoring run-time modified files using timeStampMaster (fileModificationSkew 10)
allowSystemOperations : Allowing user-supplied system call operations

// * * * * * * * * * * * * * * * * * * * * * * * * * * * * * * * * * * * * * //
Create time

Case   : /home/superxcx/code/OpenFoam/OF-1706/hyStrath_dlb/run/hyStrath/dsmcFoam+/xcx_test/zb-cylinder-react/mpi8
nProcs : 1
sigFpe : Enabling floating point exception trapping (FOAM_SIGFPE).
/*---------------------------------------------------------------------------*\
| =========                 |                                                 |
| \\      /  F ield         | OpenFOAM: The Open Source CFD Toolbox           |
|  \\    /   O peration     | Version:  v1706                                 |
|   \\  /    A nd           | Web:      www.OpenFOAM.com                      |
|    \\/     M anipulation  |                                                 |
\*---------------------------------------------------------------------------*/
Build  : v1706
Arch   : "LSB;label=32;scalar=64"
Exec   : dsmcFoam+
Date   : Jun 13 2026
Time   : 04:00:46
Host   : "SuperXCX-ROG"
PID    : 1305054
fileModificationChecking : Monitoring run-time modified files using timeStampMaster (fileModificationSkew 10)
allowSystemOperations : Allowing user-supplied system call operations

// * * * * * * * * * * * * * * * * * * * * * * * * * * * * * * * * * * * * * //
Create time

Create mesh for time = 0

Selecting dynamicFvMesh dynamicRefineFvMesh
Case   : /home/superxcx/code/OpenFoam/OF-1706/hyStrath_dlb/run/hyStrath/dsmcFoam+/xcx_test/zb-cylinder-react/mpi8
nProcs : 1
sigFpe : Enabling floating point exception trapping (FOAM_SIGFPE).
fileModificationChecking : Monitoring run-time modified files using timeStampMaster (fileModificationSkew 10)
allowSystemOperations : Allowing user-supplied system call operations

// * * * * * * * * * * * * * * * * * * * * * * * * * * * * * * * * * * * * * //
Create time

Create mesh for time = 0

Case   : /home/superxcx/code/OpenFoam/OF-1706/hyStrath_dlb/run/hyStrath/dsmcFoam+/xcx_test/zb-cylinder-react/mpi8
nProcs : 1
sigFpe : Enabling floating point exception trapping (FOAM_SIGFPE).
fileModificationChecking : Monitoring run-time modified files using timeStampMaster (fileModificationSkew 10)
allowSystemOperations : Allowing user-supplied system call operations

// * * * * * * * * * * * * * * * * * * * * * * * * * * * * * * * * * * * * * //
Create time

Create mesh for time = 0

Selecting dynamicFvMesh dynamicRefineFvMesh
Create mesh for time = 0

Selecting dynamicFvMesh dynamicRefineFvMesh
Selecting dynamicFvMesh dynamicRefineFvMesh

Constructing dsmcCloud 

Constructing dsmcCloud 

Constructing dsmcCloud 

Constructing dsmcCloud 

Constructing dsmcCloud 

Constructing dsmcCloud 

Constructing dsmcCloud 

Constructing dsmcCloud 
Selecting the coordinate system model:	dsmcCartesian

Selecting the time-step model:	dsmcConstantTimeStepModel

Constant time-step model:
- time-step [sec]	6.64005e-08

Selecting the porous measurement model:	dsmcNoPorousMediumMeasurements


Creating dsmcControllers

Creating fields: 

Selecting field: dsmcVolFields

TimeData Statistics: 
 measurement option: write
 nSamples: 1, time interval: 6.64005e-08
 nAverages: 15060, time interval: 0.00099999153
 total no. of sampling steps: 0
 total no. of averaging Steps: 0


Selecting the coordinate system model:	dsmcCartesian

Selecting the time-step model:	dsmcConstantTimeStepModel

Constant time-step model:
- time-step [sec]	6.64005e-08

Selecting the porous measurement model:	dsmcNoPorousMediumMeasurements


Creating dsmcControllers

Creating fields: 

Selecting field: dsmcVolFields

TimeData Statistics: 
 measurement option: write
 nSamples: 1, time interval: 6.64005e-08
 nAverages: 15060, time interval: 0.00099999153
 total no. of sampling steps: 0
 total no. of averaging Steps: 0


Selecting field: dsmcVolFields

TimeData Statistics: 
 measurement option: write
 nSamples: 1, time interval: 6.64005e-08
 nAverages: 15060, time interval: 0.00099999153
 total no. of sampling steps: 0
 total no. of averaging Steps: 0


Selecting field: dsmcVolFields

TimeData Statistics: 
 measurement option: write
 nSamples: 1, time interval: 6.64005e-08
 nAverages: 15060, time interval: 0.00099999153
 total no. of sampling steps: 0
 total no. of averaging Steps: 0


Selecting field: dsmcVolFields

TimeData Statistics: 
 measurement option: write
 nSamples: 1, time interval: 6.64005e-08
 nAverages: 15060, time interval: 0.00099999153
 total no. of sampling steps: 0
 total no. of averaging Steps: 0


Selecting field: dsmcVolFields

TimeData Statistics: 
 measurement option: write
 nSamples: 1, time interval: 6.64005e-08
 nAverages: 15060, time interval: 0.00099999153
 total no. of sampling steps: 0
 total no. of averaging Steps: 0


Selecting field: dsmcVolFields

TimeData Statistics: 
 measurement option: write
 nSamples: 1, time interval: 6.64005e-08
 nAverages: 15060, time interval: 0.00099999153
 total no. of sampling steps: 0
 total no. of averaging Steps: 0


Selecting field: dsmcVolFields

TimeData Statistics: 
 measurement option: write
 nSamples: 1, time interval: 6.64005e-08
 nAverages: 15060, time interval: 0.00099999153
 total no. of sampling steps: 0
 total no. of averaging Steps: 0


Selecting field: dsmcVolFields

TimeData Statistics: 
 measurement option: write
 nSamples: 1, time interval: 6.64005e-08
 nAverages: 15060, time interval: 0.00099999153
 total no. of sampling steps: 0
 total no. of averaging Steps: 0


Selecting field: dsmcVolFields

TimeData Statistics: 
 measurement option: write
 nSamples: 1, time interval: 6.64005e-08
 nAverages: 15060, time interval: 0.00099999153
 total no. of sampling steps: 0
 total no. of averaging Steps: 0


Selecting field: dsmcVolFields

TimeData Statistics: 
 measurement option: write
 nSamples: 1, time interval: 6.64005e-08
 nAverages: 15060, time interval: 0.00099999153
 total no. of sampling steps: 0
 total no. of averaging Steps: 0


Selecting field: dsmcVolFields

TimeData Statistics: 
 measurement option: write
 nSamples: 1, time interval: 6.64005e-08
 nAverages: 15060, time interval: 0.00099999153
 total no. of sampling steps: 0
 total no. of averaging Steps: 0


Creating the boundary models: 

Selecting dsmcPatchBoundaryModel dsmcDeletionPatch
Selecting dsmcPatchBoundaryModel dsmcDeletionPatch
Selecting dsmcPatchBoundaryModel dsmcDiffuseWallPatch
Selecting dsmcGeneralBoundaryModel dsmcFreeStreamInflowPatch
Selecting the coordinate system model:	dsmcCartesian

Selecting the time-step model:	dsmcConstantTimeStepModel

Constant time-step model:
- time-step [sec]	6.64005e-08

Selecting the porous measurement model:	dsmcNoPorousMediumMeasurements

Selecting BinaryCollisionModel LarsenBorgnakkeVariableHardSphere

Creating dsmcReactions

Selecting the reaction model dissociationQK
Selecting the reaction model dissociationExchangeQK
Selecting the reaction model dissociationQK
Selecting the reaction model dissociationQK
Selecting the reaction model dissociationQK
Selecting the reaction model dissociationQK
Selecting the reaction model dissociationQK
Selecting the reaction model dissociationExchangeQK
Selecting the reaction model dissociationQK
Selecting the reaction model dissociationExchangeQK
Selecting the reaction model dissociationExchangeQK
Selecting the reaction model dissociationQK
Number of reactions created: 12

Creating dsmcControllers

Creating the boundary models: 

Selecting dsmcPatchBoundaryModel dsmcDeletionPatch
Creating fields: 

Selecting field: dsmcVolFields

TimeData Statistics: 
 measurement option: write
Selecting dsmcPatchBoundaryModel dsmcDeletionPatch
Selecting dsmcPatchBoundaryModel dsmcDiffuseWallPatch
 nSamples: 1, time interval: 6.64005e-08
 nAverages: 15060, time interval: 0.00099999153
 total no. of sampling steps: 0
 total no. of averaging Steps: 0


Selecting dsmcGeneralBoundaryModel dsmcFreeStreamInflowPatch
Selecting the coordinate system model:	dsmcCartesian

Selecting the time-step model:	dsmcConstantTimeStepModel

Constant time-step model:
- time-step [sec]	6.64005e-08

Selecting the porous measurement model:	dsmcNoPorousMediumMeasurements


Creating dsmcControllers

Creating fields: 

Selecting field: dsmcVolFields

TimeData Statistics: 
 measurement option: write
 nSamples: 1, time interval: 6.64005e-08
 nAverages: 15060, time interval: 0.00099999153
 total no. of sampling steps: 0
 total no. of averaging Steps: 0


Selecting BinaryCollisionModel LarsenBorgnakkeVariableHardSphere

Creating dsmcReactions

Selecting the reaction model dissociationQK
Selecting the reaction model dissociationExchangeQK
Selecting the reaction model dissociationQK
Selecting the reaction model dissociationQK
Selecting the reaction model dissociationQK
Selecting the reaction model dissociationQK
Selecting the reaction model dissociationQK
Selecting the reaction model dissociationExchangeQK
Selecting the reaction model dissociationQK
Selecting the reaction model dissociationExchangeQK
Selecting the reaction model dissociationExchangeQK
Selecting the reaction model dissociationQK
Number of reactions created: 12
Selecting the coordinate system model:	dsmcCartesian

Selecting the time-step model:	dsmcConstantTimeStepModel

Selecting the coordinate system model:	dsmcCartesian

Selecting the time-step model:	dsmcConstantTimeStepModel

Constant time-step model:
- time-step [sec]	6.64005e-08

Selecting the porous measurement model:	dsmcNoPorousMediumMeasurements

Constant time-step model:
- time-step [sec]	6.64005e-08

Selecting the porous measurement model:	dsmcNoPorousMediumMeasurements

Selecting the coordinate system model:	dsmcCartesian

Selecting the time-step model:	dsmcConstantTimeStepModel

Selecting the coordinate system model:	dsmcCartesian

Selecting the time-step model:	dsmcConstantTimeStepModel

Constant time-step model:
- time-step [sec]	6.64005e-08

Selecting the porous measurement model:	dsmcNoPorousMediumMeasurements

Constant time-step model:
- time-step [sec]	6.64005e-08

Selecting the porous measurement model:	dsmcNoPorousMediumMeasurements


Creating dsmcControllers

Creating fields: 

Selecting field: dsmcVolFields

TimeData Statistics: 
 measurement option: write
 nSamples: 1, time interval: 6.64005e-08
 nAverages: 15060, time interval: 0.00099999153
 total no. of sampling steps: 0
 total no. of averaging Steps: 0



Creating dsmcControllers

Creating fields: 

Selecting field: dsmcVolFields

TimeData Statistics: 
 measurement option: write
 nSamples: 1, time interval: 6.64005e-08
 nAverages: 15060, time interval: 0.00099999153
 total no. of sampling steps: 0
 total no. of averaging Steps: 0



Creating dsmcControllers

Creating fields: 

Selecting field: dsmcVolFields

TimeData Statistics: 
 measurement option: write
 nSamples: 1, time interval: 6.64005e-08
 nAverages: 15060, time interval: 0.00099999153
 total no. of sampling steps: 0
 total no. of averaging Steps: 0



Creating dsmcControllers

Creating fields: 

Selecting field: dsmcVolFields

TimeData Statistics: 
 measurement option: write
 nSamples: 1, time interval: 6.64005e-08
 nAverages: 15060, time interval: 0.00099999153
 total no. of sampling steps: 0
 total no. of averaging Steps: 0


Selecting field: dsmcVolFields

TimeData Statistics: 
 measurement option: write
 nSamples: 1, time interval: 6.64005e-08
 nAverages: 15060, time interval: 0.00099999153
 total no. of sampling steps: 0
 total no. of averaging Steps: 0


Selecting field: dsmcVolFields

TimeData Statistics: 
 measurement option: write
 nSamples: 1, time interval: 6.64005e-08
 nAverages: 15060, time interval: 0.00099999153
 total no. of sampling steps: 0
 total no. of averaging Steps: 0


Selecting field: dsmcVolFields

TimeData Statistics: 
 measurement option: write
 nSamples: 1, time interval: 6.64005e-08
 nAverages: 15060, time interval: 0.00099999153
 total no. of sampling steps: 0
 total no. of averaging Steps: 0


Selecting field: dsmcVolFields

TimeData Statistics: 
 measurement option: write
 nSamples: 1, time interval: 6.64005e-08
 nAverages: 15060, time interval: 0.00099999153
 total no. of sampling steps: 0
 total no. of averaging Steps: 0


Selecting field: dsmcVolFields

TimeData Statistics: 
 measurement option: write
 nSamples: 1, time interval: 6.64005e-08
 nAverages: 15060, time interval: 0.00099999153
 total no. of sampling steps: 0
 total no. of averaging Steps: 0


Selecting field: dsmcVolFields

TimeData Statistics: 
 measurement option: write
 nSamples: 1, time interval: 6.64005e-08
 nAverages: 15060, time interval: 0.00099999153
 total no. of sampling steps: 0
 total no. of averaging Steps: 0


Selecting field: dsmcVolFields

TimeData Statistics: 
 measurement option: write
 nSamples: 1, time interval: 6.64005e-08
 nAverages: 15060, time interval: 0.00099999153
 total no. of sampling steps: 0
 total no. of averaging Steps: 0


Selecting field: dsmcVolFields

TimeData Statistics: 
 measurement option: write
 nSamples: 1, time interval: 6.64005e-08
 nAverages: 15060, time interval: 0.00099999153
 total no. of sampling steps: 0
 total no. of averaging Steps: 0


Selecting field: dsmcVolFields

TimeData Statistics: 
 measurement option: write
 nSamples: 1, time interval: 6.64005e-08
 nAverages: 15060, time interval: 0.00099999153
 total no. of sampling steps: 0
 total no. of averaging Steps: 0


Selecting field: dsmcVolFields

TimeData Statistics: 
 measurement option: write
 nSamples: 1, time interval: 6.64005e-08
 nAverages: 15060, time interval: 0.00099999153
 total no. of sampling steps: 0
 total no. of averaging Steps: 0


Selecting field: dsmcVolFields

TimeData Statistics: 
 measurement option: write
 nSamples: 1, time interval: 6.64005e-08
 nAverages: 15060, time interval: 0.00099999153
 total no. of sampling steps: 0
 total no. of averaging Steps: 0


Selecting field: dsmcVolFields

TimeData Statistics: 
 measurement option: write
 nSamples: 1, time interval: 6.64005e-08
 nAverages: 15060, time interval: 0.00099999153
 total no. of sampling steps: 0
 total no. of averaging Steps: 0


Selecting field: dsmcVolFields

TimeData Statistics: 
 measurement option: write
 nSamples: 1, time interval: 6.64005e-08
 nAverages: 15060, time interval: 0.00099999153
 total no. of sampling steps: 0
 total no. of averaging Steps: 0


Selecting field: dsmcVolFields

TimeData Statistics: 
 measurement option: write
 nSamples: 1, time interval: 6.64005e-08
 nAverages: 15060, time interval: 0.00099999153
 total no. of sampling steps: 0
 total no. of averaging Steps: 0


Selecting field: dsmcVolFields

TimeData Statistics: 
 measurement option: write
 nSamples: 1, time interval: 6.64005e-08
 nAverages: 15060, time interval: 0.00099999153
 total no. of sampling steps: 0
 total no. of averaging Steps: 0


Selecting field: dsmcVolFields

TimeData Statistics: 
 measurement option: write
 nSamples: 1, time interval: 6.64005e-08
 nAverages: 15060, time interval: 0.00099999153
 total no. of sampling steps: 0
 total no. of averaging Steps: 0


Selecting field: dsmcVolFields

TimeData Statistics: 
 measurement option: write
 nSamples: 1, time interval: 6.64005e-08
 nAverages: 15060, time interval: 0.00099999153
 total no. of sampling steps: 0
 total no. of averaging Steps: 0


Selecting field: dsmcVolFields

TimeData Statistics: 
 measurement option: write
 nSamples: 1, time interval: 6.64005e-08
 nAverages: 15060, time interval: 0.00099999153
 total no. of sampling steps: 0
 total no. of averaging Steps: 0


Selecting field: dsmcVolFields

TimeData Statistics: 
 measurement option: write
 nSamples: 1, time interval: 6.64005e-08
 nAverages: 15060, time interval: 0.00099999153
 total no. of sampling steps: 0
 total no. of averaging Steps: 0


Selecting field: dsmcVolFields

TimeData Statistics: 
 measurement option: write
 nSamples: 1, time interval: 6.64005e-08
 nAverages: 15060, time interval: 0.00099999153
 total no. of sampling steps: 0
 total no. of averaging Steps: 0


Selecting field: dsmcVolFields

TimeData Statistics: 
 measurement option: write
 nSamples: 1, time interval: 6.64005e-08
 nAverages: 15060, time interval: 0.00099999153
 total no. of sampling steps: 0
 total no. of averaging Steps: 0


Selecting field: dsmcVolFields

TimeData Statistics: 
 measurement option: write
 nSamples: 1, time interval: 6.64005e-08
 nAverages: 15060, time interval: 0.00099999153
 total no. of sampling steps: 0
 total no. of averaging Steps: 0


Selecting field: dsmcVolFields

TimeData Statistics: 
 measurement option: write
 nSamples: 1, time interval: 6.64005e-08
 nAverages: 15060, time interval: 0.00099999153
 total no. of sampling steps: 0
 total no. of averaging Steps: 0


Selecting field: dsmcVolFields

TimeData Statistics: 
 measurement option: write
 nSamples: 1, time interval: 6.64005e-08
 nAverages: 15060, time interval: 0.00099999153
 total no. of sampling steps: 0
 total no. of averaging Steps: 0


Selecting field: dsmcVolFields

TimeData Statistics: 
 measurement option: write
 nSamples: 1, time interval: 6.64005e-08
 nAverages: 15060, time interval: 0.00099999153
 total no. of sampling steps: 0
 total no. of averaging Steps: 0


Selecting field: dsmcVolFields

TimeData Statistics: 
 measurement option: write
 nSamples: 1, time interval: 6.64005e-08
 nAverages: 15060, time interval: 0.00099999153
 total no. of sampling steps: 0
 total no. of averaging Steps: 0


Selecting field: dsmcVolFields

TimeData Statistics: 
 measurement option: write
 nSamples: 1, time interval: 6.64005e-08
 nAverages: 15060, time interval: 0.00099999153
 total no. of sampling steps: 0
 total no. of averaging Steps: 0


Creating the boundary models: 

Selecting dsmcPatchBoundaryModel dsmcDeletionPatch
Selecting dsmcPatchBoundaryModel dsmcDeletionPatch
Selecting dsmcPatchBoundaryModel dsmcDiffuseWallPatch
Selecting dsmcGeneralBoundaryModel dsmcFreeStreamInflowPatch
Selecting field: dsmcVolFields

TimeData Statistics: 
 measurement option: write
 nSamples: 1, time interval: 6.64005e-08
 nAverages: 15060, time interval: 0.00099999153
 total no. of sampling steps: 0
 total no. of averaging Steps: 0


Selecting field: dsmcVolFields

TimeData Statistics: 
 measurement option: write
 nSamples: 1, time interval: 6.64005e-08
 nAverages: 15060, time interval: 0.00099999153
 total no. of sampling steps: 0
 total no. of averaging Steps: 0


Selecting field: dsmcVolFields

TimeData Statistics: 
 measurement option: write
 nSamples: 1, time interval: 6.64005e-08
 nAverages: 15060, time interval: 0.00099999153
 total no. of sampling steps: 0
 total no. of averaging Steps: 0


Selecting BinaryCollisionModel LarsenBorgnakkeVariableHardSphere

Creating dsmcReactions

Selecting the reaction model dissociationQK
Selecting the reaction model dissociationExchangeQK
Selecting the reaction model dissociationQK
Selecting the reaction model dissociationQK
Selecting the reaction model dissociationQK
Selecting the reaction model dissociationQK
Selecting the reaction model dissociationQK
Selecting the reaction model dissociationExchangeQK
Selecting the reaction model dissociationQK
Selecting the reaction model dissociationExchangeQK
Selecting the reaction model dissociationExchangeQK
Selecting the reaction model dissociationQK
Number of reactions created: 12
Creating the boundary models: 

Selecting dsmcPatchBoundaryModel dsmcDeletionPatch
Selecting dsmcPatchBoundaryModel dsmcDeletionPatch
Selecting dsmcPatchBoundaryModel dsmcDiffuseWallPatch
Selecting dsmcGeneralBoundaryModel dsmcFreeStreamInflowPatch
Creating the boundary models: 

Selecting dsmcPatchBoundaryModel dsmcDeletionPatch
Selecting dsmcPatchBoundaryModel dsmcDeletionPatch
Selecting dsmcPatchBoundaryModel dsmcDiffuseWallPatch
Selecting dsmcGeneralBoundaryModel dsmcFreeStreamInflowPatch
Selecting BinaryCollisionModel LarsenBorgnakkeVariableHardSphere
Creating the boundary models: 

Selecting dsmcPatchBoundaryModel dsmcDeletionPatch
Selecting dsmcPatchBoundaryModel dsmcDeletionPatch
Selecting dsmcPatchBoundaryModel dsmcDiffuseWallPatch
Selecting dsmcGeneralBoundaryModel dsmcFreeStreamInflowPatch

Creating dsmcReactions

Selecting the reaction model dissociationQK
Selecting the reaction model dissociationExchangeQK
Selecting the reaction model dissociationQK
Selecting the reaction model dissociationQK
Selecting the reaction model dissociationQK
Selecting the reaction model dissociationQK
Selecting the reaction model dissociationQK
Selecting the reaction model dissociationExchangeQK
Selecting the reaction model dissociationQK
Selecting the reaction model dissociationExchangeQK
Selecting the reaction model dissociationExchangeQK
Selecting the reaction model dissociationQK
Number of reactions created: 12
Selecting BinaryCollisionModel LarsenBorgnakkeVariableHardSphere

Creating dsmcReactions

Selecting the reaction model dissociationQK
Selecting the reaction model dissociationExchangeQK
Selecting the reaction model dissociationQK
Selecting the reaction model dissociationQK
Selecting the reaction model dissociationQK
Selecting the reaction model dissociationQK
Selecting the reaction model dissociationQK
Selecting the reaction model dissociationExchangeQK
Selecting the reaction model dissociationQK
Selecting the reaction model dissociationExchangeQK
Selecting the reaction model dissociationExchangeQK
Selecting the reaction model dissociationQK
Number of reactions created: 12
Creating the boundary models: 

Selecting dsmcPatchBoundaryModel dsmcDeletionPatch
Selecting dsmcPatchBoundaryModel dsmcDeletionPatch
Selecting dsmcPatchBoundaryModel dsmcDiffuseWallPatch
Selecting dsmcGeneralBoundaryModel dsmcFreeStreamInflowPatch
Creating the boundary models: 

Selecting dsmcPatchBoundaryModel dsmcDeletionPatch
Selecting dsmcPatchBoundaryModel dsmcDeletionPatch
Selecting dsmcPatchBoundaryModel dsmcDiffuseWallPatch
Selecting dsmcGeneralBoundaryModel dsmcFreeStreamInflowPatch
Selecting BinaryCollisionModel LarsenBorgnakkeVariableHardSphere

Creating dsmcReactions

Selecting the reaction model dissociationQK
Selecting the reaction model dissociationExchangeQK
Selecting the reaction model dissociationQK
Selecting the reaction model dissociationQK
Selecting the reaction model dissociationQK
Selecting the reaction model dissociationQK
Selecting the reaction model dissociationQK
Selecting the reaction model dissociationExchangeQK
Selecting the reaction model dissociationQK
Selecting the reaction model dissociationExchangeQK
Selecting the reaction model dissociationExchangeQK
Selecting the reaction model dissociationQK
Number of reactions created: 12
Selecting BinaryCollisionModel LarsenBorgnakkeVariableHardSphere

Creating dsmcReactions

Selecting the reaction model dissociationQK
Selecting the reaction model dissociationExchangeQK
Selecting the reaction model dissociationQK
Selecting the reaction model dissociationQK
Selecting the reaction model dissociationQK
Selecting the reaction model dissociationQK
Selecting the reaction model dissociationQK
Selecting the reaction model dissociationExchangeQK
Selecting the reaction model dissociationQK
Selecting the reaction model dissociationExchangeQK
Selecting the reaction model dissociationExchangeQK
Selecting the reaction model dissociationQK
Number of reactions created: 12
Selecting BinaryCollisionModel LarsenBorgnakkeVariableHardSphere

Creating dsmcReactions

Selecting the reaction model dissociationQK
Selecting the reaction model dissociationExchangeQK
Selecting the reaction model dissociationQK
Selecting the reaction model dissociationQK
Selecting the reaction model dissociationQK
Selecting the reaction model dissociationQK
Selecting the reaction model dissociationQK
Selecting the reaction model dissociationExchangeQK
Selecting the reaction model dissociationQK
Selecting the reaction model dissociationExchangeQK
Selecting the reaction model dissociationExchangeQK
Selecting the reaction model dissociationQK
Number of reactions created: 12

Constructing constant properties for
	N2
	O2
	NO
	N
	O
Selecting collisionPartnerSelectionModel noTimeCounter
Collision profile: collisionReduceOnlyOnOutput defaulted to true for replicatedMesh run
Collision profile: collisionOutputGlobalReduce defaulted to false for replicatedMesh run

Initialising the measurement fields

Initialising dsmcVolFields field
Initialising dsmcVolFields field
Initialising dsmcVolFields field
Initialising dsmcVolFields field
Initialising dsmcVolFields field
Initialising dsmcVolFields field

Constructing constant properties for
	N2
	O2
	NO
	N
	O
Selecting collisionPartnerSelectionModel noTimeCounter
Collision profile: collisionReduceOnlyOnOutput defaulted to true for replicatedMesh run
Collision profile: collisionOutputGlobalReduce defaulted to false for replicatedMesh run

Initialising the measurement fields

Initialising dsmcVolFields field
Initialising dsmcVolFields field
Initialising dsmcVolFields field
Initialising dsmcVolFields field
Initialising dsmcVolFields field
Initialising dsmcVolFields field

Constructing constant properties for
	N2
	O2
	NO
	N
	O

Constructing constant properties for
	N2
	O2
	NO
	N
	O
Selecting collisionPartnerSelectionModel noTimeCounter
Collision profile: collisionReduceOnlyOnOutput defaulted to true for replicatedMesh run
Collision profile: collisionOutputGlobalReduce defaulted to false for replicatedMesh run

Initialising the measurement fields

Initialising dsmcVolFields field
Initialising dsmcVolFields field
Initialising dsmcVolFields field
Initialising dsmcVolFields field
Initialising dsmcVolFields field
Initialising dsmcVolFields field

Constructing constant properties for
	N2
	O2
	NO
	N
	O
Selecting collisionPartnerSelectionModel noTimeCounter
Collision profile: collisionReduceOnlyOnOutput defaulted to true for replicatedMesh run
Collision profile: collisionOutputGlobalReduce defaulted to false for replicatedMesh run

Initialising the measurement fields

Initialising dsmcVolFields field
Initialising dsmcVolFields field
Initialising dsmcVolFields field
Initialising dsmcVolFields field
Initialising dsmcVolFields field
Initialising dsmcVolFields field
Selecting collisionPartnerSelectionModel noTimeCounter
Collision profile: collisionReduceOnlyOnOutput defaulted to true for replicatedMesh run
Collision profile: collisionOutputGlobalReduce defaulted to false for replicatedMesh run

Initialising the measurement fields

Initialising dsmcVolFields field
Initialising dsmcVolFields field
Initialising dsmcVolFields field
Initialising dsmcVolFields field
Initialising dsmcVolFields field
Initialising dsmcVolFields field

Constructing constant properties for
	N2
	O2
	NO
	N
	O
Selecting collisionPartnerSelectionModel noTimeCounter
Collision profile: collisionReduceOnlyOnOutput defaulted to true for replicatedMesh run
Collision profile: collisionOutputGlobalReduce defaulted to false for replicatedMesh run

Initialising the measurement fields

Initialising dsmcVolFields field
Initialising dsmcVolFields field
Initialising dsmcVolFields field
Initialising dsmcVolFields field
Initialising dsmcVolFields field
Initialising dsmcVolFields field

Constructing constant properties for
	N2

Constructing constant properties for
	N2
	O2
	NO
	N
	O
	O2
	NO
	N
	O
Selecting collisionPartnerSelectionModel noTimeCounter
Collision profile: collisionReduceOnlyOnOutput defaulted to true for replicatedMesh run
Collision profile: collisionOutputGlobalReduce defaulted to false for replicatedMesh run

Initialising the measurement fields

Initialising dsmcVolFields field
Selecting collisionPartnerSelectionModel noTimeCounter
Collision profile: collisionReduceOnlyOnOutput defaulted to true for replicatedMesh run
Collision profile: collisionOutputGlobalReduce defaulted to false for replicatedMesh run

Initialising the measurement fields

Initialising dsmcVolFields field
Initialising dsmcVolFields field
Initialising dsmcVolFields field
Initialising dsmcVolFields field
Initialising dsmcVolFields field
Initialising dsmcVolFields field
Initialising dsmcVolFields field
Initialising dsmcVolFields field
Initialising dsmcVolFields field
Initialising dsmcVolFields field
Initialising dsmcVolFields field
Replicated mesh: METIS decomposition complete, 60000 cells -> 8 ranks
Replicated mesh: rank 0 owns 7384 / 60000 cells
Local mesh: 7384 owned + 356 halo = 7740 / 60000 cells
Replicated mesh: no-Alltoall async migration enabled
Replicated mesh: flatTransfer=1 found=1
Replicated mesh: flat POD transfer enabled
Replicated mesh: writeMode=gathered
Phase C auto DLB: enabled (ParMETIS AdaptiveRepart), imbalanceThreshold=1.5, dlbSteps=50, sarSteps=10, triggerMode=legacyWindow, minGapSteps=50, checkCollective=allgather, particleGate=0, particleGateThreshold=1.5, skipPostDiag=0, adaptiveAlpha=0
Replicated mesh: initialized with 8 MPI ranks, migrate interval 10

Starting time loop

Replicated mesh: initial particle distribution

Replicated mesh: rank 0 kept 257867 parcels, deleted 1051233 non-owned parcels
Time = 6.64005e-07

    Collision global reduction skipped (rank 0 local diagnostics)
    Collisions                      = 3993
    Collision candidates           = 5135
    Collision acceptance rate      = 0.7776046738

    Number of DSMC particles        = 1330275
    Number of stuck particles       = 0
    Number of free particles        = 1330275
    Average linear kinetic energy   = 1.893584294e-19
    Average rotational energy       = 1.323671764e-21
    Average vibrational energy      = 9.365721824e-26
    Average electronic energy       = 0
    Total energy                    = 0.00152195854

Stage 1.0  ExecutionTime = 5.46 s  ClockTime = 6 s  Iteration 10 (0.2 s)

Time = 1.32801e-06

    Collision global reduction skipped (rank 0 local diagnostics)
    Collisions                      = 4134
    Collision candidates           = 5643
    Collision acceptance rate      = 0.7325890484

    Number of DSMC particles        = 1353937
    Number of stuck particles       = 0
    Number of free particles        = 1353937
    Average linear kinetic energy   = 1.865993246e-19
    Average rotational energy       = 1.551331659e-21
    Average vibrational energy      = 1.61035741e-25
    Average electronic energy       = 0
    Total energy                    = 0.001528466119

Stage 1.0  ExecutionTime = 6.87 s  ClockTime = 8 s  Iteration 20 (0.2 s)

Time = 1.992015e-06

    Collision global reduction skipped (rank 0 local diagnostics)
    Collisions                      = 4106
    Collision candidates           = 5845
    Collision acceptance rate      = 0.7024807528

    Number of DSMC particles        = 1377492
    Number of stuck particles       = 0
    Number of free particles        = 1377492
    Average linear kinetic energy   = 1.841407423e-19
    Average rotational energy       = 1.861904713e-21
    Average vibrational energy      = 1.356703226e-25
    Average electronic energy       = 0
    Total energy                    = 0.00153730407

Stage 1.0  ExecutionTime = 8.31 s  ClockTime = 9 s  Iteration 30 (0.2 s)

Time = 2.65602e-06

    Collision global reduction skipped (rank 0 local diagnostics)
    Collisions                      = 4077
    Collision candidates           = 5987
    Collision acceptance rate      = 0.6809754468

    Number of DSMC particles        = 1401052
    Number of stuck particles       = 0
    Number of free particles        = 1401052
    Average linear kinetic energy   = 1.819266882e-19
    Average rotational energy       = 2.234789502e-21
    Average vibrational energy      = 3.439474548e-25
    Average electronic energy       = 0
    Total energy                    = 0.001548121731

Stage 1.0  ExecutionTime = 9.86 s  ClockTime = 11 s  Iteration 40 (0.16 s)

Time = 3.320025e-06

    Collision global reduction skipped (rank 0 local diagnostics)
    Collisions                      = 4204
    Collision candidates           = 6163
    Collision acceptance rate      = 0.6821353237

    Number of DSMC particles        = 1424466
    Number of stuck particles       = 0
    Number of free particles        = 1424466
    Average linear kinetic energy   = 1.798801739e-19
    Average rotational energy       = 2.67632985e-21
    Average vibrational energy      = 5.242815188e-25
    Average electronic energy       = 0
    Total energy                    = 0.001560277677

Stage 1.0  ExecutionTime = 11.46 s  ClockTime = 13 s  Iteration 50 (0.18 s)

Time = 3.98403e-06

    Collision global reduction skipped (rank 0 local diagnostics)
    Collisions                      = 4164
    Collision candidates           = 6192
    Collision acceptance rate      = 0.6724806202

    Number of DSMC particles        = 1447782
    Number of stuck particles       = 0
    Number of free particles        = 1447782
    Average linear kinetic energy   = 1.780031228e-19
    Average rotational energy       = 3.143755625e-21
    Average vibrational energy      = 5.158381566e-25
    Average electronic energy       = 0
    Total energy                    = 0.00157357162

Stage 1.0  ExecutionTime = 13.11 s  ClockTime = 14 s  Iteration 60 (0.17 s)

Time = 4.648035e-06

    Collision global reduction skipped (rank 0 local diagnostics)
    Collisions                      = 4251
    Collision candidates           = 6300
    Collision acceptance rate      = 0.6747619048

    Number of DSMC particles        = 1471239
    Number of stuck particles       = 0
    Number of free particles        = 1471239
    Average linear kinetic energy   = 1.762439674e-19
    Average rotational energy       = 3.618597414e-21
    Average vibrational energy      = 4.864428784e-25
    Average electronic energy       = 0
    Total energy                    = 0.001587729214

Stage 1.0  ExecutionTime = 14.87 s  ClockTime = 14 s  Iteration 70 (0.18 s)

Time = 5.31204e-06

    Collision global reduction skipped (rank 0 local diagnostics)
    Collisions                      = 4163
    Collision candidates           = 6279
    Collision acceptance rate      = 0.663003663

    Number of DSMC particles        = 1494404
    Number of stuck particles       = 0
    Number of free particles        = 1494404
    Average linear kinetic energy   = 1.746272181e-19
    Average rotational energy       = 4.119869511e-21
    Average vibrational energy      = 1.165511603e-24
    Average electronic energy       = 0
    Total energy                    = 0.001602732627

Stage 1.0  ExecutionTime = 16.76 s  ClockTime = 16 s  Iteration 80 (0.19 s)

Time = 5.976045e-06

    Collision global reduction skipped (rank 0 local diagnostics)
    Collisions                      = 4139
    Collision candidates           = 6334
    Collision acceptance rate      = 0.6534575308

    Number of DSMC particles        = 1517834
    Number of stuck particles       = 0
    Number of free particles        = 1517834
    Average linear kinetic energy   = 1.731129229e-19
    Average rotational energy       = 4.628932039e-21
    Average vibrational energy      = 1.363108915e-24
    Average electronic energy       = 0
    Total energy                    = 0.001618708198

Stage 1.0  ExecutionTime = 18.69 s  ClockTime = 18 s  Iteration 90 (0.2 s)

Time = 6.64005e-06

    Collision global reduction skipped (rank 0 local diagnostics)
    Collisions                      = 4138
    Collision candidates           = 6390
    Collision acceptance rate      = 0.6475743349


Phase C auto DLB triggered (threshold) at step 100: sar=-0.006270275107 loadImbalance=1.549858583 threshold=1.5 particleMaxMin=1
Phase C ParMETIS weights: particles=1540703 activeCells=60000 maxCellParticles=306
Phase C ParMETIS: alpha=1 ncon=1 ubvec=[1.049999952] moveRatio=0.9145457599 (moveT=13.86679857s, collT=1.295699773s)
Phase C ParMETIS: AdaptiveRepart (60000 cells, 1 constraints, ubvec=1.049999952)
Replicated mesh: rank 0 owns 5182 / 60000 cells
Local mesh: 5182 owned + 414 halo = 5596 / 60000 cells
Phase C ParMETIS AdaptiveRepart: 46958 / 60000 cells changed (0.7826333333)
Phase C auto DLB complete: rebalance #1

    Number of DSMC particles        = 1540703
    Number of stuck particles       = 0
    Number of free particles        = 1540703
    Average linear kinetic energy   = 1.716611566e-19
    Average rotational energy       = 5.146655056e-21
    Average vibrational energy      = 1.706771136e-24
    Average electronic energy       = 0
    Total energy                    = 0.001634465733

Stage 1.0  ExecutionTime = 20.84 s  ClockTime = 20 s  Iteration 100 (0.35 s)

Time = 7.304055e-06

    Collision global reduction skipped (rank 0 local diagnostics)
    Collisions                      = 35305
    Collision candidates           = 62593
    Collision acceptance rate      = 0.5640407074

    Number of DSMC particles        = 1563768
    Number of stuck particles       = 0
    Number of free particles        = 1563768
    Average linear kinetic energy   = 1.703825485e-19
    Average rotational energy       = 5.502090255e-21
    Average vibrational energy      = 1.820106168e-24
    Average electronic energy       = 0
    Total energy                    = 0.001650273696

Stage 1.0  ExecutionTime = 22.49 s  ClockTime = 22 s  Iteration 110 (0.53 s)

Time = 7.96806e-06

    Collision global reduction skipped (rank 0 local diagnostics)
    Collisions                      = 38866
    Collision candidates           = 70834
    Collision acceptance rate      = 0.5486913064

    Number of DSMC particles        = 1586404
    Number of stuck particles       = 0
    Number of free particles        = 1586404
    Average linear kinetic energy   = 1.690236602e-19
    Average rotational energy       = 6.010683345e-21
    Average vibrational energy      = 2.186363072e-24
    Average electronic energy       = 0
    Total energy                    = 0.001666071907

Stage 1.0  ExecutionTime = 24.25 s  ClockTime = 24 s  Iteration 120 (0.48 s)

Time = 8.632065e-06

    Collision global reduction skipped (rank 0 local diagnostics)
    Collisions                      = 41199
    Collision candidates           = 77283
    Collision acceptance rate      = 0.5330926594

    Number of DSMC particles        = 1609164
    Number of stuck particles       = 0
    Number of free particles        = 1609164
    Average linear kinetic energy   = 1.677461132e-19
    Average rotational energy       = 6.517385429e-21
    Average vibrational energy      = 2.870506951e-24
    Average electronic energy       = 0
    Total energy                    = 0.001682539006

Stage 1.0  ExecutionTime = 26.05 s  ClockTime = 26 s  Iteration 130 (0.41 s)

Time = 9.29607e-06

    Collision global reduction skipped (rank 0 local diagnostics)
    Collisions                      = 43554
    Collision candidates           = 82478
    Collision acceptance rate      = 0.5280680909

    Number of DSMC particles        = 1631371
    Number of stuck particles       = 0
    Number of free particles        = 1631371
    Average linear kinetic energy   = 1.665595191e-19
    Average rotational energy       = 7.008882226e-21
    Average vibrational energy      = 3.499680751e-24
    Average electronic energy       = 0
    Total energy                    = 0.001698960994

Stage 1.0  ExecutionTime = 28.04 s  ClockTime = 28 s  Iteration 140 (0.49 s)

Time = 9.960075e-06

    Collision global reduction skipped (rank 0 local diagnostics)
    Collisions                      = 45206
    Collision candidates           = 86385
    Collision acceptance rate      = 0.5233084448


Phase C auto DLB triggered (SAR+threshold) at step 150: sar=0.01114473995 loadImbalance=1.860824558 threshold=1.5 particleMaxMin=1
Phase C ParMETIS weights: particles=1653516 activeCells=60000 maxCellParticles=322
Phase C ParMETIS: alpha=1 ncon=1 ubvec=[1.049999952] moveRatio=0.8530994214 (moveT=19.02538526s, collT=3.276101277s)
Phase C ParMETIS: AdaptiveRepart (60000 cells, 1 constraints, ubvec=1.049999952)
Replicated mesh: rank 0 owns 5100 / 60000 cells
Local mesh: 5100 owned + 394 halo = 5494 / 60000 cells
Phase C ParMETIS AdaptiveRepart: 27527 / 60000 cells changed (0.4587833333)
Phase C auto DLB complete: rebalance #2

    Number of DSMC particles        = 1653516
    Number of stuck particles       = 0
    Number of free particles        = 1653516
    Average linear kinetic energy   = 1.654277399e-19
    Average rotational energy       = 7.500965486e-21
    Average vibrational energy      = 4.036544008e-24
    Average electronic energy       = 0
    Total energy                    = 0.001715682335

Stage 1.0  ExecutionTime = 30.24 s  ClockTime = 30 s  Iteration 150 (0.65 s)

Time = 1.062408e-05

    Collision global reduction skipped (rank 0 local diagnostics)
    Collisions                      = 74065
    Collision candidates           = 135351
    Collision acceptance rate      = 0.5472068917

    Number of DSMC particles        = 1675713
    Number of stuck particles       = 0
    Number of free particles        = 1675713
    Average linear kinetic energy   = 1.644387028e-19
    Average rotational energy       = 7.886805055e-21
    Average vibrational energy      = 4.336238913e-24
    Average electronic energy       = 0
    Total energy                    = 0.00173265216

Stage 1.0  ExecutionTime = 32.37 s  ClockTime = 33 s  Iteration 160 (0.58 s)

Time = 1.1288085e-05

    Collision global reduction skipped (rank 0 local diagnostics)
    Collisions                      = 77709
    Collision candidates           = 146964
    Collision acceptance rate      = 0.5287621458

    Number of DSMC particles        = 1697314
    Number of stuck particles       = 0
    Number of free particles        = 1697314
    Average linear kinetic energy   = 1.634438559e-19
    Average rotational energy       = 8.335973761e-21
    Average vibrational energy      = 5.189323779e-24
    Average electronic energy       = 0
    Total energy                    = 0.001749438706

Stage 1.0  ExecutionTime = 34.58 s  ClockTime = 35 s  Iteration 170 (0.54 s)

Time = 1.195209e-05

    Collision global reduction skipped (rank 0 local diagnostics)
    Collisions                      = 81321
    Collision candidates           = 155940
    Collision acceptance rate      = 0.5214890342

    Number of DSMC particles        = 1718717
    Number of stuck particles       = 0
    Number of free particles        = 1718717
    Average linear kinetic energy   = 1.624558126e-19
    Average rotational energy       = 8.809772562e-21
    Average vibrational energy      = 6.853834835e-24
    Average electronic energy       = 0
    Total energy                    = 0.001766213116

Stage 1.0  ExecutionTime = 36.82 s  ClockTime = 38 s  Iteration 180 (0.44 s)

Time = 1.2616095e-05

    Collision global reduction skipped (rank 0 local diagnostics)
    Collisions                      = 84826
    Collision candidates           = 163998
    Collision acceptance rate      = 0.5172380151

    Number of DSMC particles        = 1740388
    Number of stuck particles       = 0
    Number of free particles        = 1740388
    Average linear kinetic energy   = 1.61520468e-19
    Average rotational energy       = 9.268699953e-21
    Average vibrational energy      = 7.510283248e-24
    Average electronic energy       = 0
    Total energy                    = 0.001783514936

Stage 1.0  ExecutionTime = 39.09 s  ClockTime = 40 s  Iteration 190 (0.34 s)

Time = 1.32801e-05

    Collision global reduction skipped (rank 0 local diagnostics)
    Collisions                      = 88589
    Collision candidates           = 172536
    Collision acceptance rate      = 0.513452265


Phase C auto DLB triggered (threshold) at step 200: sar=-0.0283769994 loadImbalance=1.792750057 threshold=1.5 particleMaxMin=1
Phase C ParMETIS weights: particles=1761355 activeCells=60000 maxCellParticles=357
Phase C ParMETIS: alpha=1 ncon=1 ubvec=[1.049999952] moveRatio=0.7938518921 (moveT=25.24248641s, collT=6.554989492s)
Phase C ParMETIS: AdaptiveRepart (60000 cells, 1 constraints, ubvec=1.049999952)
Replicated mesh: rank 0 owns 12258 / 60000 cells
Local mesh: 12258 owned + 815 halo = 13073 / 60000 cells
Phase C ParMETIS AdaptiveRepart: 47646 / 60000 cells changed (0.7941)
Phase C auto DLB complete: rebalance #3

    Number of DSMC particles        = 1761355
    Number of stuck particles       = 0
    Number of free particles        = 1761355
    Average linear kinetic energy   = 1.605760993e-19
    Average rotational energy       = 9.719212825e-21
    Average vibrational energy      = 8.206282505e-24
    Average electronic energy       = 0
    Total energy                    = 0.001799789722

Stage 1.0  ExecutionTime = 41.59 s  ClockTime = 43 s  Iteration 200 (0.49 s)

Time = 1.3944105e-05

    Collision global reduction skipped (rank 0 local diagnostics)
    Collisions                      = 13999
    Collision candidates           = 27064
    Collision acceptance rate      = 0.5172553946

    Number of DSMC particles        = 1782146
    Number of stuck particles       = 0
    Number of free particles        = 1782146
    Average linear kinetic energy   = 1.597862445e-19
    Average rotational energy       = 1.002103961e-20
    Average vibrational energy      = 9.603160267e-24
    Average electronic energy       = 0
    Total energy                    = 0.001815830918

Stage 1.0  ExecutionTime = 43.75 s  ClockTime = 45 s  Iteration 210 (0.35 s)

Time = 1.460811e-05

    Collision global reduction skipped (rank 0 local diagnostics)
    Collisions                      = 14785
    Collision candidates           = 29351
    Collision acceptance rate      = 0.5037307076

    Number of DSMC particles        = 1802759
    Number of stuck particles       = 0
    Number of free particles        = 1802759
    Average linear kinetic energy   = 1.589244656e-19
    Average rotational energy       = 1.041092099e-20
    Average vibrational energy      = 1.04613038e-23
    Average electronic energy       = 0
    Total energy                    = 0.001831738509

Stage 1.0  ExecutionTime = 45.96 s  ClockTime = 45 s  Iteration 220 (0.24 s)

Time = 1.5272115e-05

    Collision global reduction skipped (rank 0 local diagnostics)
    Collisions                      = 14801
    Collision candidates           = 29965
    Collision acceptance rate      = 0.4939429334

    Number of DSMC particles        = 1822824
    Number of stuck particles       = 0
    Number of free particles        = 1822824
    Average linear kinetic energy   = 1.581028012e-19
    Average rotational energy       = 1.081392741e-20
    Average vibrational energy      = 1.078884845e-23
    Average electronic energy       = 0
    Total energy                    = 0.001847550799

Stage 1.0  ExecutionTime = 48.28 s  ClockTime = 48 s  Iteration 230 (0.23 s)

Time = 1.593612e-05

    Collision global reduction skipped (rank 0 local diagnostics)
    Collisions                      = 14856
    Collision candidates           = 30981
    Collision acceptance rate      = 0.4795197056

    Number of DSMC particles        = 1843171
    Number of stuck particles       = 0
    Number of free particles        = 1843171
    Average linear kinetic energy   = 1.573006529e-19
    Average rotational energy       = 1.123062366e-20
    Average vibrational energy      = 1.223182113e-23
    Average electronic energy       = 0
    Total energy                    = 0.001863927042

Stage 1.0  ExecutionTime = 50.65 s  ClockTime = 50 s  Iteration 240 (0.26 s)

Time = 1.6600125e-05

    Collision global reduction skipped (rank 0 local diagnostics)
    Collisions                      = 15314
    Collision candidates           = 32200
    Collision acceptance rate      = 0.4755900621


Phase C auto DLB triggered (threshold) at step 250: sar=-0.01487339575 loadImbalance=1.761961859 threshold=1.5 particleMaxMin=1
Phase C ParMETIS weights: particles=1863421 activeCells=60000 maxCellParticles=353
Phase C ParMETIS: alpha=1 ncon=1 ubvec=[1.049999952] moveRatio=0.824127264 (moveT=35.23545384s, collT=7.519415925s)
Phase C ParMETIS: AdaptiveRepart (60000 cells, 1 constraints, ubvec=1.049999952)
Replicated mesh: rank 0 owns 10223 / 60000 cells
Local mesh: 10223 owned + 938 halo = 11161 / 60000 cells
Phase C ParMETIS AdaptiveRepart: 46321 / 60000 cells changed (0.7720166667)
Phase C auto DLB complete: rebalance #4

    Number of DSMC particles        = 1863421
    Number of stuck particles       = 0
    Number of free particles        = 1863421
    Average linear kinetic energy   = 1.565429291e-19
    Average rotational energy       = 1.162981858e-20
    Average vibrational energy      = 1.277518815e-23
    Average electronic energy       = 0
    Total energy                    = 0.001880402611

Stage 1.0  ExecutionTime = 53.33 s  ClockTime = 53 s  Iteration 250 (0.44 s)

Time = 1.726413e-05

    Collision global reduction skipped (rank 0 local diagnostics)
    Collisions                      = 26823
    Collision candidates           = 52077
    Collision acceptance rate      = 0.5150642318

    Number of DSMC particles        = 1882754
    Number of stuck particles       = 0
    Number of free particles        = 1882754
    Average linear kinetic energy   = 1.558152676e-19
    Average rotational energy       = 1.196279677e-20
    Average vibrational energy      = 1.304067078e-23
    Average electronic energy       = 0
    Total energy                    = 0.001895456245

Stage 1.0  ExecutionTime = 55.86 s  ClockTime = 56 s  Iteration 260 (0.26 s)

Time = 1.7928135e-05

    Collision global reduction skipped (rank 0 local diagnostics)
    Collisions                      = 26933
    Collision candidates           = 53548
    Collision acceptance rate      = 0.5029692986

    Number of DSMC particles        = 1902091
    Number of stuck particles       = 0
    Number of free particles        = 1902091
    Average linear kinetic energy   = 1.550806517e-19
    Average rotational energy       = 1.23405142e-20
    Average vibrational energy      = 1.414019193e-23
    Average electronic energy       = 0
    Total energy                    = 0.001910863132

Stage 1.0  ExecutionTime = 58.57 s  ClockTime = 59 s  Iteration 270 (0.27 s)

Time = 1.859214e-05

    Collision global reduction skipped (rank 0 local diagnostics)
    Collisions                      = 28012
    Collision candidates           = 54938
    Collision acceptance rate      = 0.5098838691

    Number of DSMC particles        = 1921373
    Number of stuck particles       = 0
    Number of free particles        = 1921373
    Average linear kinetic energy   = 1.543797887e-19
    Average rotational energy       = 1.271360391e-20
    Average vibrational energy      = 1.507510768e-23
    Average electronic energy       = 0
    Total energy                    = 0.001926466188

Stage 1.0  ExecutionTime = 61.46 s  ClockTime = 62 s  Iteration 280 (0.27 s)

Time = 1.9256145e-05

    Collision global reduction skipped (rank 0 local diagnostics)
    Collisions                      = 28171
    Collision candidates           = 56334
    Collision acceptance rate      = 0.5000710051

    Number of DSMC particles        = 1939623
    Number of stuck particles       = 0
    Number of free particles        = 1939623
    Average linear kinetic energy   = 1.536936364e-19
    Average rotational energy       = 1.306201824e-20
    Average vibrational energy      = 1.613672854e-23
    Average electronic energy       = 0
    Total energy                    = 0.001940846414

Stage 1.0  ExecutionTime = 64.42 s  ClockTime = 65 s  Iteration 290 (0.31 s)

Time = 1.992015e-05

    Collision global reduction skipped (rank 0 local diagnostics)
    Collisions                      = 29532
    Collision candidates           = 58122
    Collision acceptance rate      = 0.5081036441


Phase C auto DLB triggered (threshold) at step 300: sar=-0.0428192378 loadImbalance=1.94357917 threshold=1.5 particleMaxMin=1
Phase C ParMETIS weights: particles=1958437 activeCells=60000 maxCellParticles=384
Phase C ParMETIS: alpha=1 ncon=1 ubvec=[1.049999952] moveRatio=0.8326824166 (moveT=46.41212793s, collT=9.325962611s)
Phase C ParMETIS: AdaptiveRepart (60000 cells, 1 constraints, ubvec=1.049999952)
Replicated mesh: rank 0 owns 3297 / 60000 cells
Local mesh: 3297 owned + 394 halo = 3691 / 60000 cells
Phase C ParMETIS AdaptiveRepart: 55851 / 60000 cells changed (0.93085)
Phase C auto DLB complete: rebalance #5

    Number of DSMC particles        = 1958437
    Number of stuck particles       = 0
    Number of free particles        = 1958437
    Average linear kinetic energy   = 1.529914508e-19
    Average rotational energy       = 1.343024013e-20
    Average vibrational energy      = 1.707855189e-23
    Average electronic energy       = 0
    Total energy                    = 0.001955759067

Stage 1.0  ExecutionTime = 67.5 s  ClockTime = 68 s  Iteration 300 (0.49 s)

End stage 1


DSMC solver profile summary
    solver profile steps          = 300
    move+collide wall [s]         = 67.62100362
    move only [s]                 = 46.41212793
    buildCellOccupancy [s]        = 5.091872721
    collision phase [s]           = 9.325962611
    post fields/output [s]        = 0.282065301
    total profiled [s]            = 61.11202856
    full evolve wall [s]          = 67.89459903
    move+collide cpu [s]          = 62.43
    move only cpu [s]             = 42.77
    buildCellOccupancy cpu [s]    = 4.68
    collision phase cpu [s]       = 8.64
    post fields/output cpu [s]    = 0.34
    total profiled cpu [s]        = 56.43
    full evolve cpu [s]           = 62.69
    collision localLoop max [s] = 9.304156668
    collision reduce max [s]    = 0
    collision sigmaBC max [s]   = 0.019731226
    collision total max [s]     = 9.322124889
    collision accounted max [s] = 9.321547025
    collision residual max [s]  = 0.000600597
    collision subphase max sum [s] = 9.323887894
    collision cumulative global collisions = 40998611
    collision cumulative global candidates  = 74493988
    collision cumulative acceptance        = 0.5503613392
    OpenMP enabled                = 0
    OpenMP max threads            = 1
    OpenMP move                   = 0 (static, chunk 64)
    OpenMP collision              = dynamic, chunk 8


Replicated mesh profiling summary:
    migration calls             = 36
    migration wall time [s]     = 2.690204547
    local particles (final)     = 225489
    migration wall max [s]      = 3.862409834
    migration pack max [s]      = 0.626526947
    migration local prep max [s]= 0.291838459
    migration size exchange max [s] = 0
    migration request post max [s] = 0.009785403
    migration wait max [s]      = 2.725965622
    migration deserialize max [s] = 0.334131632
    migration post max [s]      = 0.006927077
    migration candidate gather max [s] = 0.356181555
    migration accounted max [s] = 3.862409834
    migration residual max [s]  = 2.220446049e-15
    updateParticleCounts max [s]= 0.036226024
    migration subphase max sum [s] = 4.351356695
    particles per rank          = min 225489 max 257043 max/min 1.139935873
    rank wall time (evolve, 300 steps): min 44.38 max 58.48 max/min 1.31771068
    Phase C auto DLB checks      = 300
    Phase C auto DLB rebalances = 5
    Phase C auto DLB triggered checks = 5
    Phase C auto DLB wall max [s]= 18.5836826
    Phase C auto DLB check max [s]= 17.76251481
    Phase C ParMETIS max [s]     = 0.184259868
    Phase C migration max [s]    = 0.695562628
    Phase C cellOwner write max [s] = 0
    Phase C post-diagnostic max [s] = 0.000420025
    Phase C auto DLB accounted max [s] = 18.64275733
    Phase C auto DLB residual max [s] = -0.059074727

Total Iterations = 300
End main

