/*---------------------------------------------------------------------------*\
| =========                 |                                                 |
| \\      /  F ield         | OpenFOAM: The Open Source CFD Toolbox           |
|  \\    /   O peration     | Version:  v1706                                 |
|   \\  /    A nd           | Web:      www.OpenFOAM.com                      |
|    \\/     M anipulation  |                                                 |
\*---------------------------------------------------------------------------*/
Build  : v1706
Arch   : "LSB;label=32;scalar=64"
Exec   : dsmcFoam+ -parallel
Date   : Jun 05 2026
Time   : 07:40:15
Host   : "SuperXCX-ROG"
PID    : 525611
Case   : /home/superxcx/code/OpenFoam/OF-1706/hyStrath_dlb/run/hyStrath/dsmcFoam+/xcx_test/pal-phd-3.3.1-cylinder-react/timecompare/ourmesh/mpi8origin
nProcs : 8
Slaves : 
7
(
"SuperXCX-ROG.525612"
"SuperXCX-ROG.525613"
"SuperXCX-ROG.525614"
"SuperXCX-ROG.525615"
"SuperXCX-ROG.525616"
"SuperXCX-ROG.525617"
"SuperXCX-ROG.525618"
)

Pstream initialized with:
    floatTransfer      : 0
    nProcsSimpleSum    : 0
    commsType          : nonBlocking
    polling iterations : 0
sigFpe : Enabling floating point exception trapping (FOAM_SIGFPE).
fileModificationChecking : Monitoring run-time modified files using timeStampMaster (fileModificationSkew 10)
allowSystemOperations : Allowing user-supplied system call operations

// * * * * * * * * * * * * * * * * * * * * * * * * * * * * * * * * * * * * * //
Create time

Create mesh for time = 0

Selecting dynamicFvMesh staticFvMesh

Constructing dsmcCloud 
Selecting the coordinate system model:	dsmcCartesian

Selecting the time-step model:	dsmcConstantTimeStepModel

Constant time-step model:
- time-step [sec]	1e-07

Selecting the porous measurement model:	dsmcNoPorousMediumMeasurements


Creating dsmcControllers

Creating fields: 

Selecting field: dsmcVolFields

TimeData Statistics: 
 measurement option: write
 nSamples: 1, time interval: 1e-07
 nAverages: 10000, time interval: 0.001
 total no. of sampling steps: 0
 total no. of averaging Steps: 0


Creating the boundary models: 

Selecting dsmcPatchBoundaryModel dsmcDeletionPatch
Selecting dsmcPatchBoundaryModel dsmcDeletionPatch
Selecting dsmcPatchBoundaryModel dsmcDiffuseWallPatch
Selecting dsmcGeneralBoundaryModel dsmcFreeStreamInflowPatch
Selecting BinaryCollisionModel LarsenBorgnakkeVariableHardSphere

Creating dsmcReactions

There are no chemical reactions defined.

Constructing constant properties for
	N2
	O2
	NO
	N
	O
Selecting collisionPartnerSelectionModel noTimeCounter

Initialising the measurement fields

Initialising dsmcVolFields field

Starting time loop

Time = 1e-06

    Collisions                      = 2830

    Number of DSMC particles        = 2065861
    Number of stuck particles       = 0
    Number of free particles        = 2065861
    Average linear kinetic energy   = 1.111299828e-18
    Average rotational energy       = 2.630892713e-21
    Average vibrational energy      = 9.610197784e-24
    Average electronic energy       = 0
    Total energy                    = 1.150622943

Stage 1.0  ExecutionTime = 3.15 s  ClockTime = 3 s  Iteration 10 (0.22 s)

Time = 2e-06

    Collisions                      = 4418

    Number of DSMC particles        = 2073970
    Number of stuck particles       = 0
    Number of free particles        = 2073970
    Average linear kinetic energy   = 1.10706745e-18
    Average rotational energy       = 2.684667187e-21
    Average vibrational energy      = 1.937742345e-23
    Average electronic energy       = 0
    Total energy                    = 1.150816393

Stage 1.0  ExecutionTime = 5.2 s  ClockTime = 5 s  Iteration 20 (0.23 s)

Time = 3e-06

    Collisions                      = 4815

    Number of DSMC particles        = 2082053
    Number of stuck particles       = 0
    Number of free particles        = 2082053
    Average linear kinetic energy   = 1.102962313e-18
    Average rotational energy       = 2.75307521e-21
    Average vibrational energy      = 3.057247592e-23
    Average electronic energy       = 0
    Total energy                    = 1.151110847

Stage 1.0  ExecutionTime = 7.39 s  ClockTime = 7 s  Iteration 30 (0.26 s)

Time = 4e-06

    Collisions                      = 5349

    Number of DSMC particles        = 2090227
    Number of stuck particles       = 0
    Number of free particles        = 2090227
    Average linear kinetic energy   = 1.098923125e-18
    Average rotational energy       = 2.834083127e-21
    Average vibrational energy      = 4.416080323e-23
    Average electronic energy       = 0
    Total energy                    = 1.151507485

Stage 1.0  ExecutionTime = 9.7 s  ClockTime = 10 s  Iteration 40 (0.25 s)

Time = 5e-06

    Collisions                      = 6036

    Number of DSMC particles        = 2098421
    Number of stuck particles       = 0
    Number of free particles        = 2098421
    Average linear kinetic energy   = 1.095009111e-18
    Average rotational energy       = 2.957797898e-21
    Average vibrational energy      = 5.905300191e-23
    Average electronic energy       = 0
    Total energy                    = 1.152060369

Stage 1.0  ExecutionTime = 11.97 s  ClockTime = 12 s  Iteration 50 (0.25 s)

Time = 6e-06

    Collisions                      = 6559

    Number of DSMC particles        = 2106507
    Number of stuck particles       = 0
    Number of free particles        = 2106507
    Average linear kinetic energy   = 1.091211852e-18
    Average rotational energy       = 3.092787705e-21
    Average vibrational energy      = 7.600363528e-23
    Average electronic energy       = 0
    Total energy                    = 1.152660242

Stage 1.0  ExecutionTime = 14.29 s  ClockTime = 14 s  Iteration 60 (0.24 s)

Time = 7e-06

    Collisions                      = 7133

    Number of DSMC particles        = 2114800
    Number of stuck particles       = 0
    Number of free particles        = 2114800
    Average linear kinetic energy   = 1.087562343e-18
    Average rotational energy       = 3.254591443e-21
    Average vibrational energy      = 9.841413955e-23
    Average electronic energy       = 0
    Total energy                    = 1.15353389

Stage 1.0  ExecutionTime = 16.67 s  ClockTime = 16 s  Iteration 70 (0.26 s)

Time = 8e-06

    Collisions                      = 7973

    Number of DSMC particles        = 2122850
    Number of stuck particles       = 0
    Number of free particles        = 2122850
    Average linear kinetic energy   = 1.083962317e-18
    Average rotational energy       = 3.465399998e-21
    Average vibrational energy      = 1.207767008e-22
    Average electronic energy       = 0
    Total energy                    = 1.15435116

Stage 1.0  ExecutionTime = 19.14 s  ClockTime = 19 s  Iteration 80 (0.26 s)

Time = 9e-06

    Collisions                      = 8488

    Number of DSMC particles        = 2130913
    Number of stuck particles       = 0
    Number of free particles        = 2130913
    Average linear kinetic energy   = 1.080546203e-18
    Average rotational energy       = 3.673650958e-21
    Average vibrational energy      = 1.484672198e-22
    Average electronic energy       = 0
    Total energy                    = 1.155347276

Stage 1.0  ExecutionTime = 21.65 s  ClockTime = 21 s  Iteration 90 (0.29 s)

Time = 1e-05

    Collisions                      = 9172

    Number of DSMC particles        = 2138997
    Number of stuck particles       = 0
    Number of free particles        = 2138997
    Average linear kinetic energy   = 1.077152258e-18
    Average rotational energy       = 3.932402069e-21
    Average vibrational energy      = 1.827058211e-22
    Average electronic energy       = 0
    Total energy                    = 1.156413826

Stage 1.0  ExecutionTime = 24.22 s  ClockTime = 24 s  Iteration 100 (0.28 s)

Time = 1.1e-05

    Collisions                      = 9949

    Number of DSMC particles        = 2147087
    Number of stuck particles       = 0
    Number of free particles        = 2147087
    Average linear kinetic energy   = 1.073825123e-18
    Average rotational energy       = 4.220900229e-21
    Average vibrational energy      = 2.219276073e-22
    Average electronic energy       = 0
    Total energy                    = 1.15756755

Stage 1.0  ExecutionTime = 26.83 s  ClockTime = 27 s  Iteration 110 (0.29 s)

Time = 1.2e-05

    Collisions                      = 10476

    Number of DSMC particles        = 2155191
    Number of stuck particles       = 0
    Number of free particles        = 2155191
    Average linear kinetic energy   = 1.070543986e-18
    Average rotational energy       = 4.514889748e-21
    Average vibrational energy      = 2.598743158e-22
    Average electronic energy       = 0
    Total energy                    = 1.158758646

Stage 1.0  ExecutionTime = 29.49 s  ClockTime = 29 s  Iteration 120 (0.29 s)

Time = 1.3e-05

    Collisions                      = 11453

    Number of DSMC particles        = 2163304
    Number of stuck particles       = 0
    Number of free particles        = 2163304
    Average linear kinetic energy   = 1.067370032e-18
    Average rotational energy       = 4.834602211e-21
    Average vibrational energy      = 3.00004798e-22
    Average electronic energy       = 0
    Total energy                    = 1.160076788

Stage 1.0  ExecutionTime = 32.18 s  ClockTime = 32 s  Iteration 130 (0.3 s)

Time = 1.4e-05

    Collisions                      = 12052

    Number of DSMC particles        = 2171388
    Number of stuck particles       = 0
    Number of free particles        = 2171388
    Average linear kinetic energy   = 1.064276522e-18
    Average rotational energy       = 5.160075801e-21
    Average vibrational energy      = 3.448858598e-22
    Average electronic energy       = 0
    Total energy                    = 1.161455338

Stage 1.0  ExecutionTime = 35.01 s  ClockTime = 35 s  Iteration 140 (0.31 s)

Time = 1.5e-05

    Collisions                      = 12644

    Number of DSMC particles        = 2179475
    Number of stuck particles       = 0
    Number of free particles        = 2179475
    Average linear kinetic energy   = 1.061231026e-18
    Average rotational energy       = 5.517904765e-21
    Average vibrational energy      = 3.944749489e-22
    Average electronic energy       = 0
    Total energy                    = 1.162906187

Stage 1.0  ExecutionTime = 37.9 s  ClockTime = 38 s  Iteration 150 (0.31 s)

Time = 1.6e-05

    Collisions                      = 13317

    Number of DSMC particles        = 2187624
    Number of stuck particles       = 0
    Number of free particles        = 2187624
    Average linear kinetic energy   = 1.058258703e-18
    Average rotational energy       = 5.887131435e-21
    Average vibrational energy      = 4.504407735e-22
    Average electronic energy       = 0
    Total energy                    = 1.164468181

Stage 1.0  ExecutionTime = 40.83 s  ClockTime = 40 s  Iteration 160 (0.31 s)

Time = 1.7e-05

    Collisions                      = 14108

    Number of DSMC particles        = 2195877
    Number of stuck particles       = 0
    Number of free particles        = 2195877
    Average linear kinetic energy   = 1.055370714e-18
    Average rotational energy       = 6.276716967e-21
    Average vibrational energy      = 5.031635994e-22
    Average electronic energy       = 0
    Total energy                    = 1.166176031

Stage 1.0  ExecutionTime = 43.85 s  ClockTime = 43 s  Iteration 170 (0.32 s)

Time = 1.8e-05

    Collisions                      = 14874

    Number of DSMC particles        = 2204008
    Number of stuck particles       = 0
    Number of free particles        = 2204008
    Average linear kinetic energy   = 1.052560574e-18
    Average rotational energy       = 6.680158441e-21
    Average vibrational energy      = 5.608076458e-22
    Average electronic energy       = 0
    Total energy                    = 1.167905536

Stage 1.0  ExecutionTime = 46.86 s  ClockTime = 46 s  Iteration 180 (0.34 s)

Time = 1.9e-05

    Collisions                      = 15630

    Number of DSMC particles        = 2212146
    Number of stuck particles       = 0
    Number of free particles        = 2212146
    Average linear kinetic energy   = 1.049797419e-18
    Average rotational energy       = 7.105636872e-21
    Average vibrational energy      = 6.293062199e-22
    Average electronic energy       = 0
    Total energy                    = 1.169707992

Stage 1.0  ExecutionTime = 49.98 s  ClockTime = 50 s  Iteration 190 (0.34 s)

Time = 2e-05

    Collisions                      = 16203

    Number of DSMC particles        = 2220287
    Number of stuck particles       = 0
    Number of free particles        = 2220287
    Average linear kinetic energy   = 1.047077017e-18
    Average rotational energy       = 7.551999993e-21
    Average vibrational energy      = 7.038963846e-22
    Average electronic energy       = 0
    Total energy                    = 1.171570974

Stage 1.0  ExecutionTime = 53.16 s  ClockTime = 53 s  Iteration 200 (0.35 s)

Time = 2.1e-05

    Collisions                      = 17124

    Number of DSMC particles        = 2228375
    Number of stuck particles       = 0
    Number of free particles        = 2228375
    Average linear kinetic energy   = 1.044379543e-18
    Average rotational energy       = 8.018398919e-21
    Average vibrational energy      = 7.79692124e-22
    Average electronic energy       = 0
    Total energy                    = 1.173437355

Stage 1.0  ExecutionTime = 56.41 s  ClockTime = 56 s  Iteration 210 (0.37 s)

Time = 2.2e-05

    Collisions                      = 17656

    Number of DSMC particles        = 2236424
    Number of stuck particles       = 0
    Number of free particles        = 2236424
    Average linear kinetic energy   = 1.041668456e-18
    Average rotational energy       = 8.506188553e-21
    Average vibrational energy      = 8.565688419e-22
    Average electronic energy       = 0
    Total energy                    = 1.175275716

Stage 1.0  ExecutionTime = 59.69 s  ClockTime = 59 s  Iteration 220 (0.34 s)

Time = 2.3e-05

    Collisions                      = 18672

    Number of DSMC particles        = 2244498
    Number of stuck particles       = 0
    Number of free particles        = 2244498
    Average linear kinetic energy   = 1.039025833e-18
    Average rotational energy       = 9.001634795e-21
    Average vibrational energy      = 9.402359195e-22
    Average electronic energy       = 0
    Total energy                    = 1.177202957

Stage 1.0  ExecutionTime = 63.01 s  ClockTime = 63 s  Iteration 230 (0.36 s)

Time = 2.4e-05

    Collisions                      = 19164

    Number of DSMC particles        = 2252632
    Number of stuck particles       = 0
    Number of free particles        = 2252632
    Average linear kinetic energy   = 1.036504149e-18
    Average rotational energy       = 9.468145036e-21
    Average vibrational energy      = 1.024665665e-21
    Average electronic energy       = 0
    Total energy                    = 1.179249428

Stage 1.0  ExecutionTime = 66.48 s  ClockTime = 66 s  Iteration 240 (0.39 s)

Time = 2.5e-05

    Collisions                      = 19896

    Number of DSMC particles        = 2260685
    Number of stuck particles       = 0
    Number of free particles        = 2260685
    Average linear kinetic energy   = 1.03393776e-18
    Average rotational energy       = 9.954688723e-21
    Average vibrational energy      = 1.108688019e-21
    Average electronic energy       = 0
    Total energy                    = 1.181209197

Stage 1.0  ExecutionTime = 69.99 s  ClockTime = 70 s  Iteration 250 (0.41 s)

Time = 2.6e-05

    Collisions                      = 20660

    Number of DSMC particles        = 2268809
    Number of stuck particles       = 0
    Number of free particles        = 2268809
    Average linear kinetic energy   = 1.031435898e-18
    Average rotational energy       = 1.046717906e-20
    Average vibrational energy      = 1.195611412e-21
    Average electronic energy       = 0
    Total energy                    = 1.183295846

Stage 1.0  ExecutionTime = 73.59 s  ClockTime = 73 s  Iteration 260 (0.41 s)

Time = 2.7e-05

    Collisions                      = 21311

    Number of DSMC particles        = 2276914
    Number of stuck particles       = 0
    Number of free particles        = 2276914
    Average linear kinetic energy   = 1.028989828e-18
    Average rotational energy       = 1.096839922e-20
    Average vibrational energy      = 1.290444793e-21
    Average electronic energy       = 0
    Total energy                    = 1.185416839

Stage 1.0  ExecutionTime = 77.23 s  ClockTime = 77 s  Iteration 270 (0.41 s)

Time = 2.8e-05

    Collisions                      = 21802

    Number of DSMC particles        = 2285103
    Number of stuck particles       = 0
    Number of free particles        = 2285103
    Average linear kinetic energy   = 1.026546796e-18
    Average rotational energy       = 1.152970467e-20
    Average vibrational energy      = 1.387082167e-21
    Average electronic energy       = 0
    Total energy                    = 1.187640675

Stage 1.0  ExecutionTime = 80.91 s  ClockTime = 81 s  Iteration 280 (0.41 s)

Time = 2.9e-05

    Collisions                      = 22596

    Number of DSMC particles        = 2293204
    Number of stuck particles       = 0
    Number of free particles        = 2293204
    Average linear kinetic energy   = 1.024137155e-18
    Average rotational energy       = 1.208055831e-20
    Average vibrational energy      = 1.48936976e-21
    Average electronic energy       = 0
    Total energy                    = 1.189837016

Stage 1.0  ExecutionTime = 84.73 s  ClockTime = 85 s  Iteration 290 (0.43 s)

Time = 3e-05

    Collisions                      = 23238

    Number of DSMC particles        = 2301397
    Number of stuck particles       = 0
    Number of free particles        = 2301397
    Average linear kinetic energy   = 1.021868958e-18
    Average rotational energy       = 1.259218264e-20
    Average vibrational energy      = 1.596990044e-21
    Average electronic energy       = 0
    Total energy                    = 1.192190537

Stage 1.0  ExecutionTime = 88.55 s  ClockTime = 88 s  Iteration 300 (0.44 s)

Time = 3.1e-05

    Collisions                      = 23742

    Number of DSMC particles        = 2309500
    Number of stuck particles       = 0
    Number of free particles        = 2309500
    Average linear kinetic energy   = 1.01955154e-18
    Average rotational energy       = 1.313705061e-20
    Average vibrational energy      = 1.703105091e-21
    Average electronic energy       = 0
    Total energy                    = 1.19446381

Stage 1.0  ExecutionTime = 92.41 s  ClockTime = 92 s  Iteration 310 (0.43 s)

Time = 3.2e-05

    Collisions                      = 24424

    Number of DSMC particles        = 2317621
    Number of stuck particles       = 0
    Number of free particles        = 2317621
    Average linear kinetic energy   = 1.017287597e-18
    Average rotational energy       = 1.370269198e-20
    Average vibrational energy      = 1.819206723e-21
    Average electronic energy       = 0
    Total energy                    = 1.196830488

Stage 1.0  ExecutionTime = 96.39 s  ClockTime = 96 s  Iteration 320 (0.46 s)

Time = 3.3e-05

    Collisions                      = 25176

    Number of DSMC particles        = 2325821
    Number of stuck particles       = 0
    Number of free particles        = 2325821
    Average linear kinetic energy   = 1.015056576e-18
    Average rotational energy       = 1.425184982e-20
    Average vibrational energy      = 1.933067226e-21
    Average electronic energy       = 0
    Total energy                    = 1.199241561

Stage 1.0  ExecutionTime = 100.44 s  ClockTime = 100 s  Iteration 330 (0.46 s)

Time = 3.4e-05

    Collisions                      = 25744

    Number of DSMC particles        = 2333998
    Number of stuck particles       = 0
    Number of free particles        = 2333998
    Average linear kinetic energy   = 1.012850464e-18
    Average rotational energy       = 1.48271821e-20
    Average vibrational energy      = 2.063096462e-21
    Average electronic energy       = 0
    Total energy                    = 1.201706417

Stage 1.0  ExecutionTime = 104.53 s  ClockTime = 104 s  Iteration 340 (0.45 s)

Time = 3.5e-05

    Collisions                      = 26279

    Number of DSMC particles        = 2342109
    Number of stuck particles       = 0
    Number of free particles        = 2342109
    Average linear kinetic energy   = 1.010687811e-18
    Average rotational energy       = 1.537219917e-20
    Average vibrational energy      = 2.180962323e-21
    Average electronic energy       = 0
    Total energy                    = 1.204126218

Stage 1.0  ExecutionTime = 108.76 s  ClockTime = 109 s  Iteration 350 (0.46 s)

Time = 3.6e-05

    Collisions                      = 27021

    Number of DSMC particles        = 2350190
    Number of stuck particles       = 0
    Number of free particles        = 2350190
    Average linear kinetic energy   = 1.008484126e-18
    Average rotational energy       = 1.595911649e-20
    Average vibrational energy      = 2.317719301e-21
    Average electronic energy       = 0
    Total energy                    = 1.206541672

Stage 1.0  ExecutionTime = 112.94 s  ClockTime = 113 s  Iteration 360 (0.47 s)

Time = 3.7e-05

    Collisions                      = 27931

    Number of DSMC particles        = 2358220
    Number of stuck particles       = 0
    Number of free particles        = 2358220
    Average linear kinetic energy   = 1.006377834e-18
    Average rotational energy       = 1.649906573e-20
    Average vibrational energy      = 2.454327775e-21
    Average electronic energy       = 0
    Total energy                    = 1.208978304

Stage 1.0  ExecutionTime = 117.25 s  ClockTime = 117 s  Iteration 370 (0.49 s)

Time = 3.8e-05

    Collisions                      = 28640

    Number of DSMC particles        = 2366424
    Number of stuck particles       = 0
    Number of free particles        = 2366424
    Average linear kinetic energy   = 1.004239752e-18
    Average rotational energy       = 1.707819897e-20
    Average vibrational energy      = 2.579280273e-21
    Average electronic energy       = 0
    Total energy                    = 1.21148749

Stage 1.0  ExecutionTime = 121.56 s  ClockTime = 121 s  Iteration 380 (0.46 s)

Time = 3.9e-05

    Collisions                      = 29119

    Number of DSMC particles        = 2374529
    Number of stuck particles       = 0
    Number of free particles        = 2374529
    Average linear kinetic energy   = 1.00217064e-18
    Average rotational energy       = 1.766336443e-20
    Average vibrational energy      = 2.714071939e-21
    Average electronic energy       = 0
    Total energy                    = 1.21403503

Stage 1.0  ExecutionTime = 126 s  ClockTime = 126 s  Iteration 390 (0.49 s)

Time = 4e-05

    Collisions                      = 29968

    Number of DSMC particles        = 2382599
    Number of stuck particles       = 0
    Number of free particles        = 2382599
    Average linear kinetic energy   = 1.000157278e-18
    Average rotational energy       = 1.820778822e-20
    Average vibrational energy      = 2.845048824e-21
    Average electronic energy       = 0
    Total energy                    = 1.2165671

Stage 1.0  ExecutionTime = 130.44 s  ClockTime = 130 s  Iteration 400 (0.5 s)

Time = 4.1e-05

    Collisions                      = 30051

    Number of DSMC particles        = 2390554
    Number of stuck particles       = 0
    Number of free particles        = 2390554
    Average linear kinetic energy   = 9.981087939e-19
    Average rotational energy       = 1.87877961e-20
    Average vibrational energy      = 2.979705071e-21
    Average electronic energy       = 0
    Total energy                    = 1.219034678

Stage 1.0  ExecutionTime = 134.91 s  ClockTime = 135 s  Iteration 410 (0.51 s)

Time = 4.2e-05

    Collisions                      = 30828

    Number of DSMC particles        = 2398503
    Number of stuck particles       = 0
    Number of free particles        = 2398503
    Average linear kinetic energy   = 9.961085927e-19
    Average rotational energy       = 1.936928568e-20
    Average vibrational energy      = 3.12712059e-21
    Average electronic energy       = 0
    Total energy                    = 1.221563573

Stage 1.0  ExecutionTime = 139.47 s  ClockTime = 139 s  Iteration 420 (0.52 s)

Time = 4.3e-05

    Collisions                      = 31574

    Number of DSMC particles        = 2406599
    Number of stuck particles       = 0
    Number of free particles        = 2406599
    Average linear kinetic energy   = 9.941350092e-19
    Average rotational energy       = 1.994798172e-20
    Average vibrational energy      = 3.265011688e-21
    Average electronic energy       = 0
    Total energy                    = 1.224174343

Stage 1.0  ExecutionTime = 144.07 s  ClockTime = 144 s  Iteration 430 (0.5 s)

Time = 4.4e-05

    Collisions                      = 32104

    Number of DSMC particles        = 2414843
    Number of stuck particles       = 0
    Number of free particles        = 2414843
    Average linear kinetic energy   = 9.922181035e-19
    Average rotational energy       = 2.052884664e-20
    Average vibrational energy      = 3.416907914e-21
    Average electronic energy       = 0
    Total energy                    = 1.22693809

Stage 1.0  ExecutionTime = 148.66 s  ClockTime = 148 s  Iteration 440 (0.53 s)

Time = 4.5e-05

    Collisions                      = 32455

    Number of DSMC particles        = 2422991
    Number of stuck particles       = 0
    Number of free particles        = 2422991
    Average linear kinetic energy   = 9.902870514e-19
    Average rotational energy       = 2.110648832e-20
    Average vibrational energy      = 3.571092239e-21
    Average electronic energy       = 0
    Total energy                    = 1.229625084

Stage 1.0  ExecutionTime = 153.27 s  ClockTime = 153 s  Iteration 450 (0.51 s)

Time = 4.6e-05

    Collisions                      = 33303

    Number of DSMC particles        = 2431299
    Number of stuck particles       = 0
    Number of free particles        = 2431299
    Average linear kinetic energy   = 9.88375374e-19
    Average rotational energy       = 2.168830399e-20
    Average vibrational energy      = 3.725675205e-21
    Average electronic energy       = 0
    Total energy                    = 1.23241252

Stage 1.0  ExecutionTime = 157.97 s  ClockTime = 158 s  Iteration 460 (0.52 s)

Time = 4.7e-05

    Collisions                      = 33521

    Number of DSMC particles        = 2439310
    Number of stuck particles       = 0
    Number of free particles        = 2439310
    Average linear kinetic energy   = 9.86473074e-19
    Average rotational energy       = 2.226625372e-20
    Average vibrational energy      = 3.883589169e-21
    Average electronic energy       = 0
    Total energy                    = 1.235050604

Stage 1.0  ExecutionTime = 162.66 s  ClockTime = 162 s  Iteration 470 (0.5 s)

Time = 4.8e-05

    Collisions                      = 34394

    Number of DSMC particles        = 2447515
    Number of stuck particles       = 0
    Number of free particles        = 2447515
    Average linear kinetic energy   = 9.846046162e-19
    Average rotational energy       = 2.284908782e-20
    Average vibrational energy      = 4.042190021e-21
    Average electronic energy       = 0
    Total energy                    = 1.237825686

Stage 1.0  ExecutionTime = 167.42 s  ClockTime = 167 s  Iteration 480 (0.53 s)

Time = 4.9e-05

    Collisions                      = 35072

    Number of DSMC particles        = 2455628
    Number of stuck particles       = 0
    Number of free particles        = 2455628
    Average linear kinetic energy   = 9.828255884e-19
    Average rotational energy       = 2.338147439e-20
    Average vibrational energy      = 4.198786702e-21
    Average electronic energy       = 0
    Total energy                    = 1.240590448

Stage 1.0  ExecutionTime = 172.24 s  ClockTime = 172 s  Iteration 490 (0.55 s)

Time = 5e-05

    Collisions                      = 35616

    Number of DSMC particles        = 2463565
    Number of stuck particles       = 0
    Number of free particles        = 2463565
    Average linear kinetic energy   = 9.810018171e-19
    Average rotational energy       = 2.394656028e-20
    Average vibrational energy      = 4.3605566e-21
    Average electronic energy       = 0
    Total energy                    = 1.243249082

Stage 1.0  ExecutionTime = 177.07 s  ClockTime = 177 s  Iteration 500 (0.55 s)

End stage 1


DSMC solver profile summary
    solver profile steps          = 500
    move+collide wall [s]         = 157.46
    move only [s]                 = 132.82
    buildCellOccupancy [s]        = 14.26
    collision phase [s]           = 19.46
    post fields/output [s]        = 31.64
    total profiled [s]            = 198.18
    full evolve wall [s]          = 174.26
    OpenMP enabled                = 0
    OpenMP max threads            = 1
    OpenMP move                   = 0 (static, chunk 1)
    OpenMP collision              = dynamic, chunk 1

Total Iterations = 500
End main

real 177.89
user 1298.69
sys 119.89
