/*---------------------------------------------------------------------------*\
| =========                 |                                                 |
| \\      /  F ield         | OpenFOAM: The Open Source CFD Toolbox           |
|  \\    /   O peration     | Version:  v1706                                 |
|   \\  /    A nd           | Web:      www.OpenFOAM.com                      |
|    \\/     M anipulation  |                                                 |
\*---------------------------------------------------------------------------*/
Build  : v1706
Arch   : "LSB;label=32;scalar=64"
Exec   : dsmcFoam+ -case /home/superxcx/code/OpenFoam/OF-1706/hyStrath_dlb/run/hyStrath/dsmcFoam+/xcx_test/pal-phd-3.3.1-cylinder-react/timecompare/ourmesh/mpi4replicatedmesh_processor_write_smoke_20260610
Date   : Jun 10 2026
Time   : 08:38:54
Host   : "SuperXCX-ROG"
PID    : 2256660
/*---------------------------------------------------------------------------*\
| =========                 |                                                 |
| \\      /  F ield         | OpenFOAM: The Open Source CFD Toolbox           |
|  \\    /   O peration     | Version:  v1706                                 |
|   \\  /    A nd           | Web:      www.OpenFOAM.com                      |
|    \\/     M anipulation  |                                                 |
\*---------------------------------------------------------------------------*/
Build  : v1706
Arch   : "LSB;label=32;scalar=64"
Exec   : dsmcFoam+ -case /home/superxcx/code/OpenFoam/OF-1706/hyStrath_dlb/run/hyStrath/dsmcFoam+/xcx_test/pal-phd-3.3.1-cylinder-react/timecompare/ourmesh/mpi4replicatedmesh_processor_write_smoke_20260610
Date   : Jun 10 2026
Time   : 08:38:54
Host   : "SuperXCX-ROG"
PID    : 2256661
Case   : /home/superxcx/code/OpenFoam/OF-1706/hyStrath_dlb/run/hyStrath/dsmcFoam+/xcx_test/pal-phd-3.3.1-cylinder-react/timecompare/ourmesh/mpi4replicatedmesh_processor_write_smoke_20260610
nProcs : 1
sigFpe : Enabling floating point exception trapping (FOAM_SIGFPE).
fileModificationChecking : Monitoring run-time modified files using timeStampMaster (fileModificationSkew 10)
allowSystemOperations : Allowing user-supplied system call operations

/*---------------------------------------------------------------------------*\
| =========                 |                                                 |
| \\      /  F ield         | OpenFOAM: The Open Source CFD Toolbox           |
|  \\    /   O peration     | Version:  v1706                                 |
|   \\  /    A nd           | Web:      www.OpenFOAM.com                      |
|    \\/     M anipulation  |                                                 |
\*---------------------------------------------------------------------------*/
Build  : v1706
Arch   : "LSB;label=32;scalar=64"
Exec   : dsmcFoam+ -case /home/superxcx/code/OpenFoam/OF-1706/hyStrath_dlb/run/hyStrath/dsmcFoam+/xcx_test/pal-phd-3.3.1-cylinder-react/timecompare/ourmesh/mpi4replicatedmesh_processor_write_smoke_20260610
Date   : Jun 10 2026
Time   : 08:38:54
Host   : "SuperXCX-ROG"
PID    : 2256662
Case   : /home/superxcx/code/OpenFoam/OF-1706/hyStrath_dlb/run/hyStrath/dsmcFoam+/xcx_test/pal-phd-3.3.1-cylinder-react/timecompare/ourmesh/mpi4replicatedmesh_processor_write_smoke_20260610
nProcs : 1
sigFpe : Enabling floating point exception trapping (FOAM_SIGFPE).
fileModificationChecking : Monitoring run-time modified files using timeStampMaster (fileModificationSkew 10)
allowSystemOperations : Allowing user-supplied system call operations

/*---------------------------------------------------------------------------*\
| =========                 |                                                 |
| \\      /  F ield         | OpenFOAM: The Open Source CFD Toolbox           |
|  \\    /   O peration     | Version:  v1706                                 |
|   \\  /    A nd           | Web:      www.OpenFOAM.com                      |
|    \\/     M anipulation  |                                                 |
\*---------------------------------------------------------------------------*/
Build  : v1706
Arch   : "LSB;label=32;scalar=64"
Exec   : dsmcFoam+ -case /home/superxcx/code/OpenFoam/OF-1706/hyStrath_dlb/run/hyStrath/dsmcFoam+/xcx_test/pal-phd-3.3.1-cylinder-react/timecompare/ourmesh/mpi4replicatedmesh_processor_write_smoke_20260610
Date   : Jun 10 2026
Time   : 08:38:54
Host   : "SuperXCX-ROG"
PID    : 2256663
Case   : /home/superxcx/code/OpenFoam/OF-1706/hyStrath_dlb/run/hyStrath/dsmcFoam+/xcx_test/pal-phd-3.3.1-cylinder-react/timecompare/ourmesh/mpi4replicatedmesh_processor_write_smoke_20260610
nProcs : 1
sigFpe : Enabling floating point exception trapping (FOAM_SIGFPE).
Case   : /home/superxcx/code/OpenFoam/OF-1706/hyStrath_dlb/run/hyStrath/dsmcFoam+/xcx_test/pal-phd-3.3.1-cylinder-react/timecompare/ourmesh/mpi4replicatedmesh_processor_write_smoke_20260610
nProcs : 1
sigFpe : Enabling floating point exception trapping (FOAM_SIGFPE).
fileModificationChecking : Monitoring run-time modified files using timeStampMaster (fileModificationSkew 10)
allowSystemOperations : Allowing user-supplied system call operations

// * * * * * * * * * * * * * * * * * * * * * * * * * * * * * * * * * * * * * //
Create time

// * * * * * * * * * * * * * * * * * * * * * * * * * * * * * * * * * * * * * //
Create time

// * * * * * * * * * * * * * * * * * * * * * * * * * * * * * * * * * * * * * //
Create time

fileModificationChecking : Monitoring run-time modified files using timeStampMaster (fileModificationSkew 10)
allowSystemOperations : Allowing user-supplied system call operations

// * * * * * * * * * * * * * * * * * * * * * * * * * * * * * * * * * * * * * //
Create time

Create mesh for time = 0

Create mesh for time = 0

Create mesh for time = 0

Create mesh for time = 0

Selecting dynamicFvMesh staticFvMesh
Selecting dynamicFvMesh staticFvMesh
Selecting dynamicFvMesh staticFvMesh
Selecting dynamicFvMesh staticFvMesh

Constructing dsmcCloud 

Constructing dsmcCloud 

Constructing dsmcCloud 

Constructing dsmcCloud 
Selecting the coordinate system model:	dsmcCartesian

Selecting the time-step model:	dsmcConstantTimeStepModel

Constant time-step model:
- time-step [sec]	1e-07

Selecting the porous measurement model:	dsmcNoPorousMediumMeasurements


Creating dsmcControllers

Creating fields: 

Selecting field: dsmcVolFields

TimeData Statistics: 
 measurement option: write
 nSamples: 1, time interval: 1e-07
 nAverages: 1, time interval: 1e-07
 total no. of sampling steps: 0
 total no. of averaging Steps: 0


Selecting the coordinate system model:	dsmcCartesian

Selecting the time-step model:	dsmcConstantTimeStepModel

Constant time-step model:
- time-step [sec]	1e-07

Selecting the porous measurement model:	dsmcNoPorousMediumMeasurements


Creating dsmcControllers

Creating fields: 

Selecting field: dsmcVolFields

TimeData Statistics: 
 measurement option: write
 nSamples: 1, time interval: 1e-07
 nAverages: 1, time interval: 1e-07
 total no. of sampling steps: 0
 total no. of averaging Steps: 0


Selecting the coordinate system model:	dsmcCartesian

Selecting the time-step model:	dsmcConstantTimeStepModel

Constant time-step model:
- time-step [sec]	1e-07

Selecting the porous measurement model:	dsmcNoPorousMediumMeasurements

Selecting the coordinate system model:	dsmcCartesian

Selecting the time-step model:	dsmcConstantTimeStepModel

Constant time-step model:
- time-step [sec]	1e-07

Selecting the porous measurement model:	dsmcNoPorousMediumMeasurements


Creating dsmcControllers

Creating fields: 

Selecting field: dsmcVolFields

TimeData Statistics: 
 measurement option: write
 nSamples: 1, time interval: 1e-07
 nAverages: 1, time interval: 1e-07
 total no. of sampling steps: 0
 total no. of averaging Steps: 0



Creating dsmcControllers

Creating fields: 

Selecting field: dsmcVolFields

TimeData Statistics: 
 measurement option: write
 nSamples: 1, time interval: 1e-07
 nAverages: 1, time interval: 1e-07
 total no. of sampling steps: 0
 total no. of averaging Steps: 0


Creating the boundary models: 

Selecting dsmcPatchBoundaryModel dsmcDeletionPatch
Selecting dsmcPatchBoundaryModel dsmcDeletionPatch
Selecting dsmcPatchBoundaryModel dsmcDiffuseWallPatch
Selecting dsmcGeneralBoundaryModel dsmcFreeStreamInflowPatch
Selecting BinaryCollisionModel LarsenBorgnakkeVariableHardSphere

Creating dsmcReactions

There are no chemical reactions defined.
Creating the boundary models: 

Selecting dsmcPatchBoundaryModel dsmcDeletionPatch
Selecting dsmcPatchBoundaryModel dsmcDeletionPatch
Selecting dsmcPatchBoundaryModel dsmcDiffuseWallPatch
Selecting dsmcGeneralBoundaryModel dsmcFreeStreamInflowPatch
Selecting BinaryCollisionModel LarsenBorgnakkeVariableHardSphere

Creating dsmcReactions

There are no chemical reactions defined.
Creating the boundary models: 

Selecting dsmcPatchBoundaryModel dsmcDeletionPatch
Selecting dsmcPatchBoundaryModel dsmcDeletionPatch
Selecting dsmcPatchBoundaryModel dsmcDiffuseWallPatch
Selecting dsmcGeneralBoundaryModel dsmcFreeStreamInflowPatch
Creating the boundary models: 

Selecting dsmcPatchBoundaryModel dsmcDeletionPatch
Selecting dsmcPatchBoundaryModel dsmcDeletionPatch
Selecting dsmcPatchBoundaryModel dsmcDiffuseWallPatch
Selecting dsmcGeneralBoundaryModel dsmcFreeStreamInflowPatch
Selecting BinaryCollisionModel LarsenBorgnakkeVariableHardSphere

Creating dsmcReactions

There are no chemical reactions defined.
Selecting BinaryCollisionModel LarsenBorgnakkeVariableHardSphere

Creating dsmcReactions

There are no chemical reactions defined.

Constructing constant properties for
	N2
	O2
	NO
	N
	O

Constructing constant properties for
	N2
	O2
	NO
	N
	O

Constructing constant properties for
	N2
	O2
	NO
	N
	O
Selecting collisionPartnerSelectionModel noTimeCounter

Initialising the measurement fields

Initialising dsmcVolFields field

Constructing constant properties for
	N2
	O2
	NO
	N
	O
Selecting collisionPartnerSelectionModel noTimeCounter

Initialising the measurement fields

Initialising dsmcVolFields field
Selecting collisionPartnerSelectionModel noTimeCounter

Initialising the measurement fields

Initialising dsmcVolFields field
Selecting collisionPartnerSelectionModel noTimeCounter

Initialising the measurement fields

Initialising dsmcVolFields field
Replicated mesh: METIS decomposition complete, 104151 cells -> 4 ranks
Replicated mesh: rank 0 owns 26039 / 104151 cells
Local mesh: 26039 owned + 166 halo = 26205 / 104151 cells
Replicated mesh: no-Alltoall async migration enabled
Replicated mesh: flatTransfer=1 found=1
Replicated mesh: flat POD transfer enabled
Replicated mesh: writeMode=processor
Replicated mesh: initialized with 4 MPI ranks, migrate interval 1

Starting time loop

Time = 1e-07

Replicated mesh: initial particle distribution

Replicated mesh: rank 0 kept 637598 parcels, deleted 1420258 non-owned parcels
    Collisions                      = 2548
    Collision candidates           = 2560
    Collision acceptance rate      = 0.9953125

    Number of DSMC particles        = 2058615
    Number of stuck particles       = 0
    Number of free particles        = 2058615
    Average linear kinetic energy   = 1.115162822e-18
    Average rotational energy       = 2.587380257e-21
    Average vibrational energy      = 8.829429162e-25
    Average electronic energy       = 0
    Total energy                    = 1.150509576
Replicated mesh: processor output begin at time 1e-07 (read mesh instance "constant", processor mesh instance constant)
Replicated mesh: constructing processor mesh/addressing

Using externally supplied distribution of cells

Calculating original mesh data

Distributing cells to processors

Distributing faces to processors

Distributing points to processors

Constructing processor meshes

Processor 0
    Number of cells = 26039
    Number of faces shared with processor 1 = 200
    Number of processor patches = 1
    Number of processor faces = 200
    Number of boundary faces = 52560

Number of processor faces = 100
Max number of cells = 26039 (0.004800722029% above average 26037.75)
Max number of processor patches = 1 (300% above average 0.25)
Max number of faces between processors = 200 (300% above average 50)

Replicated mesh: rank 0 wrote processor0 mesh/addressing
Replicated mesh: processor mesh/addressing barrier complete
Replicated mesh: rank 0 loaded processor0 mesh from instance constant
Replicated mesh: rank 0 loaded cellProcAddressing with 26039 cells
Replicated mesh: rank 0 writing processor0 lagrangian cloud
Replicated mesh: rank 0 wrote processor0 cloud at output time 1e-07 with 637593 parcels
Replicated mesh processor output timing:
    processor write [s]    = 1.83


Stage 1.0  ExecutionTime = 8.44 s  ClockTime = 9 s  Iteration 1 (8.44 s)

    Maximum imbalance = 23.88775949%

Time = 2e-07

    Collisions                      = 2622
    Collision candidates           = 2634
    Collision acceptance rate      = 0.9954441913

    Number of DSMC particles        = 2059408
    Number of stuck particles       = 0
    Number of free particles        = 2059408
    Average linear kinetic energy   = 1.1147189e-18
    Average rotational energy       = 2.59171432e-21
    Average vibrational energy      = 1.607008947e-24
    Average electronic energy       = 0
    Total energy                    = 1.150500864
Replicated mesh: processor output begin at time 2e-07 (read mesh instance "constant", processor mesh instance constant)
Replicated mesh: constructing processor mesh/addressing

Using externally supplied distribution of cells

Calculating original mesh data

Distributing cells to processors

Distributing faces to processors

Distributing points to processors

Constructing processor meshes

Processor 0
    Number of cells = 26039
    Number of faces shared with processor 1 = 200
    Number of processor patches = 1
    Number of processor faces = 200
    Number of boundary faces = 52560

Number of processor faces = 100
Max number of cells = 26039 (0.004800722029% above average 26037.75)
Max number of processor patches = 1 (300% above average 0.25)
Max number of faces between processors = 200 (300% above average 50)

Replicated mesh: rank 0 wrote processor0 mesh/addressing
Replicated mesh: processor mesh/addressing barrier complete
Replicated mesh: rank 0 loaded processor0 mesh from instance constant
Replicated mesh: rank 0 loaded cellProcAddressing with 26039 cells
Replicated mesh: rank 0 writing processor0 lagrangian cloud
Replicated mesh: rank 0 wrote processor0 cloud at output time 2e-07 with 637660 parcels
Replicated mesh processor output timing:
    processor write [s]    = 1.78


Stage 1.0  ExecutionTime = 10.79 s  ClockTime = 12 s  Iteration 2 (2.35 s)

    Maximum imbalance = 23.85306845%

End stage 1


DSMC solver profile summary
    solver profile steps          = 2
    move+collide wall [s]         = 0.603373085
    move only [s]                 = 0.289762997
    buildCellOccupancy [s]        = 0.046147498
    collision phase [s]           = 0.056109504
    post fields/output [s]        = 0.896852541
    total profiled [s]            = 1.28887254
    full evolve wall [s]          = 1.50024375
    move+collide cpu [s]          = 0.58
    move only cpu [s]             = 0.28
    buildCellOccupancy cpu [s]    = 0.05
    collision phase cpu [s]       = 0.07
    post fields/output cpu [s]    = 0.85
    total profiled cpu [s]        = 1.25
    full evolve cpu [s]           = 1.42
    OpenMP enabled                = 0
    OpenMP max threads            = 1
    OpenMP move                   = 0 (static, chunk 64)
    OpenMP collision              = dynamic, chunk 8


Replicated mesh profiling summary:
    migration calls             = 3
    migration wall time [s]     = 0.024260989
    local particles (final)     = 637660
    particles per rank          = min 413704 max 637660 max/min 1.541343569
    rank wall time (evolve, 2 steps): min 0.56 max 0.58 max/min 1.035714286

Total Iterations = 2
End main

