/*---------------------------------------------------------------------------*\
| =========                 |                                                 |
| \\      /  F ield         | OpenFOAM: The Open Source CFD Toolbox           |
|  \\    /   O peration     | Version:  v1706                                 |
|   \\  /    A nd           | Web:      www.OpenFOAM.com                      |
|    \\/     M anipulation  |                                                 |
\*---------------------------------------------------------------------------*/
Build  : v1706
Arch   : "LSB;label=32;scalar=64"
Exec   : dsmcFoam+
Date   : Jun 13 2026
Time   : 00:27:19
Host   : "SuperXCX-ROG"
PID    : 1213562
/*---------------------------------------------------------------------------*\
| =========                 |                                                 |
| \\      /  F ield         | OpenFOAM: The Open Source CFD Toolbox           |
|  \\    /   O peration     | Version:  v1706                                 |
|   \\  /    A nd           | Web:      www.OpenFOAM.com                      |
|    \\/     M anipulation  |                                                 |
\*---------------------------------------------------------------------------*/
Build  : v1706
Arch   : "LSB;label=32;scalar=64"
Exec   : dsmcFoam+
Date   : Jun 13 2026
Time   : 00:27:19
Host   : "SuperXCX-ROG"
PID    : 1213566
/*---------------------------------------------------------------------------*\
| =========                 |                                                 |
| \\      /  F ield         | OpenFOAM: The Open Source CFD Toolbox           |
|  \\    /   O peration     | Version:  v1706                                 |
|   \\  /    A nd           | Web:      www.OpenFOAM.com                      |
|    \\/     M anipulation  |                                                 |
\*---------------------------------------------------------------------------*/
Build  : v1706
Arch   : "LSB;label=32;scalar=64"
Exec   : dsmcFoam+
Date   : Jun 13 2026
Time   : 00:27:19
Host   : "SuperXCX-ROG"
PID    : 1213567
/*---------------------------------------------------------------------------*\
| =========                 |                                                 |
| \\      /  F ield         | OpenFOAM: The Open Source CFD Toolbox           |
|  \\    /   O peration     | Version:  v1706                                 |
|   \\  /    A nd           | Web:      www.OpenFOAM.com                      |
|    \\/     M anipulation  |                                                 |
\*---------------------------------------------------------------------------*/
Build  : v1706
Arch   : "LSB;label=32;scalar=64"
Exec   : dsmcFoam+
Date   : Jun 13 2026
Time   : 00:27:19
Host   : "SuperXCX-ROG"
PID    : 1213568
/*---------------------------------------------------------------------------*\
| =========                 |                                                 |
| \\      /  F ield         | OpenFOAM: The Open Source CFD Toolbox           |
|  \\    /   O peration     | Version:  v1706                                 |
|   \\  /    A nd           | Web:      www.OpenFOAM.com                      |
|    \\/     M anipulation  |                                                 |
\*---------------------------------------------------------------------------*/
Build  : v1706
Arch   : "LSB;label=32;scalar=64"
Exec   : dsmcFoam+
Date   : Jun 13 2026
Time   : 00:27:19
Host   : "SuperXCX-ROG"
PID    : 1213561
/*---------------------------------------------------------------------------*\
| =========                 |                                                 |
| \\      /  F ield         | OpenFOAM: The Open Source CFD Toolbox           |
|  \\    /   O peration     | Version:  v1706                                 |
|   \\  /    A nd           | Web:      www.OpenFOAM.com                      |
|    \\/     M anipulation  |                                                 |
\*---------------------------------------------------------------------------*/
Build  : v1706
Arch   : "LSB;label=32;scalar=64"
Exec   : dsmcFoam+
Date   : Jun 13 2026
Time   : 00:27:19
Host   : "SuperXCX-ROG"
PID    : 1213563
/*---------------------------------------------------------------------------*\
| =========                 |                                                 |
| \\      /  F ield         | OpenFOAM: The Open Source CFD Toolbox           |
|  \\    /   O peration     | Version:  v1706                                 |
|   \\  /    A nd           | Web:      www.OpenFOAM.com                      |
|    \\/     M anipulation  |                                                 |
\*---------------------------------------------------------------------------*/
Build  : v1706
Arch   : "LSB;label=32;scalar=64"
Exec   : dsmcFoam+
Date   : Jun 13 2026
Time   : 00:27:19
Host   : "SuperXCX-ROG"
PID    : 1213564
/*---------------------------------------------------------------------------*\
| =========                 |                                                 |
| \\      /  F ield         | OpenFOAM: The Open Source CFD Toolbox           |
|  \\    /   O peration     | Version:  v1706                                 |
|   \\  /    A nd           | Web:      www.OpenFOAM.com                      |
|    \\/     M anipulation  |                                                 |
\*---------------------------------------------------------------------------*/
Build  : v1706
Arch   : "LSB;label=32;scalar=64"
Exec   : dsmcFoam+
Date   : Jun 13 2026
Time   : 00:27:19
Host   : "SuperXCX-ROG"
PID    : 1213565
Case   : /home/superxcx/code/OpenFoam/OF-1706/hyStrath_dlb/run/hyStrath/dsmcFoam+/xcx_test/pal-phd-3.3.1-cylinder-react/timecompare/ourmesh/mpi8replicatedmesh
nProcs : 1
sigFpe : Enabling floating point exception trapping (FOAM_SIGFPE).
Case   : /home/superxcx/code/OpenFoam/OF-1706/hyStrath_dlb/run/hyStrath/dsmcFoam+/xcx_test/pal-phd-3.3.1-cylinder-react/timecompare/ourmesh/mpi8replicatedmesh
nProcs : 1
sigFpe : Enabling floating point exception trapping (FOAM_SIGFPE).
Case   : /home/superxcx/code/OpenFoam/OF-1706/hyStrath_dlb/run/hyStrath/dsmcFoam+/xcx_test/pal-phd-3.3.1-cylinder-react/timecompare/ourmesh/mpi8replicatedmesh
nProcs : 1
sigFpe : Enabling floating point exception trapping (FOAM_SIGFPE).
Case   : /home/superxcx/code/OpenFoam/OF-1706/hyStrath_dlb/run/hyStrath/dsmcFoam+/xcx_test/pal-phd-3.3.1-cylinder-react/timecompare/ourmesh/mpi8replicatedmesh
nProcs : 1
sigFpe : Enabling floating point exception trapping (FOAM_SIGFPE).
Case   : /home/superxcx/code/OpenFoam/OF-1706/hyStrath_dlb/run/hyStrath/dsmcFoam+/xcx_test/pal-phd-3.3.1-cylinder-react/timecompare/ourmesh/mpi8replicatedmesh
nProcs : 1
sigFpe : Enabling floating point exception trapping (FOAM_SIGFPE).
Case   : /home/superxcx/code/OpenFoam/OF-1706/hyStrath_dlb/run/hyStrath/dsmcFoam+/xcx_test/pal-phd-3.3.1-cylinder-react/timecompare/ourmesh/mpi8replicatedmesh
nProcs : 1
sigFpe : Enabling floating point exception trapping (FOAM_SIGFPE).
Case   : /home/superxcx/code/OpenFoam/OF-1706/hyStrath_dlb/run/hyStrath/dsmcFoam+/xcx_test/pal-phd-3.3.1-cylinder-react/timecompare/ourmesh/mpi8replicatedmesh
nProcs : 1
fileModificationChecking : Monitoring run-time modified files using timeStampMaster (fileModificationSkew 10)
allowSystemOperations : Allowing user-supplied system call operations

fileModificationChecking : Monitoring run-time modified files using timeStampMaster (fileModificationSkew 10)
allowSystemOperations : Allowing user-supplied system call operations

fileModificationChecking : Monitoring run-time modified files using timeStampMaster (fileModificationSkew 10)
allowSystemOperations : Allowing user-supplied system call operations

Case   : /home/superxcx/code/OpenFoam/OF-1706/hyStrath_dlb/run/hyStrath/dsmcFoam+/xcx_test/pal-phd-3.3.1-cylinder-react/timecompare/ourmesh/mpi8replicatedmesh
nProcs : 1
fileModificationChecking : Monitoring run-time modified files using timeStampMaster (fileModificationSkew 10)
allowSystemOperations : Allowing user-supplied system call operations

fileModificationChecking : Monitoring run-time modified files using timeStampMaster (fileModificationSkew 10)
allowSystemOperations : Allowing user-supplied system call operations

fileModificationChecking : Monitoring run-time modified files using timeStampMaster (fileModificationSkew 10)
allowSystemOperations : Allowing user-supplied system call operations

sigFpe : Enabling floating point exception trapping (FOAM_SIGFPE).
sigFpe : Enabling floating point exception trapping (FOAM_SIGFPE).
// * * * * * * * * * * * * * * * * * * * * * * * * * * * * * * * * * * * * * //
Create time

// * * * * * * * * * * * * * * * * * * * * * * * * * * * * * * * * * * * * * //
Create time

// * * * * * * * * * * * * * * * * * * * * * * * * * * * * * * * * * * * * * //
Create time

// * * * * * * * * * * * * * * * * * * * * * * * * * * * * * * * * * * * * * //
Create time

// * * * * * * * * * * * * * * * * * * * * * * * * * * * * * * * * * * * * * //
Create time

// * * * * * * * * * * * * * * * * * * * * * * * * * * * * * * * * * * * * * //
Create time

fileModificationChecking : Monitoring run-time modified files using timeStampMaster (fileModificationSkew 10)
allowSystemOperations : Allowing user-supplied system call operations

// * * * * * * * * * * * * * * * * * * * * * * * * * * * * * * * * * * * * * //
Create time

fileModificationChecking : Monitoring run-time modified files using timeStampMaster (fileModificationSkew 10)
allowSystemOperations : Allowing user-supplied system call operations

// * * * * * * * * * * * * * * * * * * * * * * * * * * * * * * * * * * * * * //
Create time

Create mesh for time = 0

Create mesh for time = 0

Create mesh for time = 0

Create mesh for time = 0

Create mesh for time = 0

Create mesh for time = 0

Create mesh for time = 0

Create mesh for time = 0

Selecting dynamicFvMesh staticFvMesh
Selecting dynamicFvMesh staticFvMesh
Selecting dynamicFvMesh staticFvMesh
Selecting dynamicFvMesh staticFvMesh
Selecting dynamicFvMesh staticFvMesh
Selecting dynamicFvMesh staticFvMesh
Selecting dynamicFvMesh staticFvMesh
Selecting dynamicFvMesh staticFvMesh

Constructing dsmcCloud 

Constructing dsmcCloud 

Constructing dsmcCloud 

Constructing dsmcCloud 

Constructing dsmcCloud 

Constructing dsmcCloud 

Constructing dsmcCloud 

Constructing dsmcCloud 
Selecting the coordinate system model:	dsmcCartesian

Selecting the time-step model:	dsmcConstantTimeStepModel

Constant time-step model:
- time-step [sec]	1e-07

Selecting the porous measurement model:	dsmcNoPorousMediumMeasurements


Creating dsmcControllers

Creating fields: 

Selecting field: dsmcVolFields

TimeData Statistics: 
 measurement option: write
 nSamples: 1, time interval: 1e-07
 nAverages: 10000, time interval: 0.001
 total no. of sampling steps: 0
 total no. of averaging Steps: 0


Selecting the coordinate system model:	dsmcCartesian

Selecting the time-step model:	dsmcConstantTimeStepModel

Constant time-step model:
- time-step [sec]	1e-07

Selecting the porous measurement model:	dsmcNoPorousMediumMeasurements

Selecting the coordinate system model:	dsmcCartesian

Selecting the time-step model:	dsmcConstantTimeStepModel

Constant time-step model:
- time-step [sec]	1e-07

Selecting the porous measurement model:	dsmcNoPorousMediumMeasurements


Creating dsmcControllers

Creating fields: 

Selecting field: dsmcVolFields

TimeData Statistics: 
 measurement option: write
 nSamples: 1, time interval: 1e-07
 nAverages: 10000, time interval: 0.001
 total no. of sampling steps: 0
 total no. of averaging Steps: 0



Creating dsmcControllers

Creating fields: 

Selecting field: dsmcVolFields

TimeData Statistics: 
 measurement option: write
 nSamples: 1, time interval: 1e-07
 nAverages: 10000, time interval: 0.001
 total no. of sampling steps: 0
 total no. of averaging Steps: 0


Selecting the coordinate system model:	dsmcCartesian

Selecting the time-step model:	dsmcConstantTimeStepModel

Constant time-step model:
- time-step [sec]	1e-07

Selecting the porous measurement model:	dsmcNoPorousMediumMeasurements

Selecting the coordinate system model:	dsmcCartesian

Selecting the time-step model:	dsmcConstantTimeStepModel

Constant time-step model:
- time-step [sec]	1e-07

Selecting the porous measurement model:	dsmcNoPorousMediumMeasurements


Creating dsmcControllers

Selecting the coordinate system model:	dsmcCartesian

Selecting the time-step model:	dsmcConstantTimeStepModel

Creating fields: 

Selecting field: dsmcVolFields

TimeData Statistics: 
 measurement option: write
 nSamples: 1, time interval: 1e-07
 nAverages: 10000, time interval: 0.001
 total no. of sampling steps: 0
 total no. of averaging Steps: 0


Constant time-step model:
- time-step [sec]	1e-07

Selecting the porous measurement model:	dsmcNoPorousMediumMeasurements


Creating dsmcControllers

Creating fields: 

Selecting field: dsmcVolFields

TimeData Statistics: 
 measurement option: write
 nSamples: 1, time interval: 1e-07
 nAverages: 10000, time interval: 0.001
 total no. of sampling steps: 0
 total no. of averaging Steps: 0



Creating dsmcControllers

Creating fields: 

Selecting field: dsmcVolFields

TimeData Statistics: 
 measurement option: write
 nSamples: 1, time interval: 1e-07
 nAverages: 10000, time interval: 0.001
 total no. of sampling steps: 0
 total no. of averaging Steps: 0


Selecting the coordinate system model:	dsmcCartesian

Selecting the time-step model:	dsmcConstantTimeStepModel

Selecting the coordinate system model:	dsmcCartesian

Selecting the time-step model:	dsmcConstantTimeStepModel

Constant time-step model:
- time-step [sec]	1e-07

Selecting the porous measurement model:	dsmcNoPorousMediumMeasurements

Constant time-step model:
- time-step [sec]	1e-07

Selecting the porous measurement model:	dsmcNoPorousMediumMeasurements


Creating dsmcControllers


Creating dsmcControllers

Creating fields: 

Selecting field: dsmcVolFields
Creating fields: 

Selecting field: dsmcVolFields

TimeData Statistics: 
 measurement option: write

TimeData Statistics: 
 measurement option: write
 nSamples: 1, time interval: 1e-07
 nAverages: 10000, time interval: 0.001
 nSamples: 1, time interval: 1e-07
 nAverages: 10000, time interval: 0.001
 total no. of sampling steps: 0
 total no. of averaging Steps: 0


 total no. of sampling steps: 0
 total no. of averaging Steps: 0


Creating the boundary models: 

Selecting dsmcPatchBoundaryModel dsmcDeletionPatch
Selecting dsmcPatchBoundaryModel dsmcDeletionPatch
Selecting dsmcPatchBoundaryModel dsmcDiffuseWallPatch
Selecting dsmcGeneralBoundaryModel dsmcFreeStreamInflowPatch
Selecting BinaryCollisionModel LarsenBorgnakkeVariableHardSphere

Creating dsmcReactions

There are no chemical reactions defined.
Creating the boundary models: 

Selecting dsmcPatchBoundaryModel dsmcDeletionPatch
Selecting dsmcPatchBoundaryModel dsmcDeletionPatch
Selecting dsmcPatchBoundaryModel dsmcDiffuseWallPatch
Selecting dsmcGeneralBoundaryModel dsmcFreeStreamInflowPatch
Creating the boundary models: 

Selecting dsmcPatchBoundaryModel dsmcDeletionPatch
Selecting dsmcPatchBoundaryModel dsmcDeletionPatch
Selecting dsmcPatchBoundaryModel dsmcDiffuseWallPatch
Selecting dsmcGeneralBoundaryModel dsmcFreeStreamInflowPatch
Selecting BinaryCollisionModel LarsenBorgnakkeVariableHardSphere

Creating dsmcReactions

There are no chemical reactions defined.
Selecting BinaryCollisionModel LarsenBorgnakkeVariableHardSphere

Creating dsmcReactions

There are no chemical reactions defined.
Creating the boundary models: 

Selecting dsmcPatchBoundaryModel dsmcDeletionPatch
Selecting dsmcPatchBoundaryModel dsmcDeletionPatch
Selecting dsmcPatchBoundaryModel dsmcDiffuseWallPatch
Selecting dsmcGeneralBoundaryModel dsmcFreeStreamInflowPatch
Creating the boundary models: 

Selecting dsmcPatchBoundaryModel dsmcDeletionPatch
Selecting dsmcPatchBoundaryModel dsmcDeletionPatch
Selecting dsmcPatchBoundaryModel dsmcDiffuseWallPatch
Selecting dsmcGeneralBoundaryModel dsmcFreeStreamInflowPatch
Creating the boundary models: 

Selecting dsmcPatchBoundaryModel dsmcDeletionPatch
Selecting dsmcPatchBoundaryModel dsmcDeletionPatch
Selecting dsmcPatchBoundaryModel dsmcDiffuseWallPatch
Selecting dsmcGeneralBoundaryModel dsmcFreeStreamInflowPatch
Selecting BinaryCollisionModel LarsenBorgnakkeVariableHardSphere

Creating dsmcReactions

There are no chemical reactions defined.
Selecting BinaryCollisionModel LarsenBorgnakkeVariableHardSphere

Creating dsmcReactions

There are no chemical reactions defined.
Creating the boundary models: 

Selecting dsmcPatchBoundaryModel dsmcDeletionPatch
Selecting dsmcPatchBoundaryModel dsmcDeletionPatch
Selecting dsmcPatchBoundaryModel dsmcDiffuseWallPatch
Selecting dsmcGeneralBoundaryModel dsmcFreeStreamInflowPatch
Creating the boundary models: 

Selecting dsmcPatchBoundaryModel dsmcDeletionPatch
Selecting dsmcPatchBoundaryModel dsmcDeletionPatch
Selecting dsmcPatchBoundaryModel dsmcDiffuseWallPatch
Selecting dsmcGeneralBoundaryModel dsmcFreeStreamInflowPatch
Selecting BinaryCollisionModel LarsenBorgnakkeVariableHardSphere

Creating dsmcReactions

There are no chemical reactions defined.
Selecting BinaryCollisionModel LarsenBorgnakkeVariableHardSphere

Creating dsmcReactions

There are no chemical reactions defined.
Selecting BinaryCollisionModel LarsenBorgnakkeVariableHardSphere

Creating dsmcReactions

There are no chemical reactions defined.

Constructing constant properties for
	N2
	O2
	NO
	N
	O

Constructing constant properties for
	N2
	O2
	NO
	N
	O

Constructing constant properties for
	N2
	O2
	NO
	N
	O

Constructing constant properties for
	N2
	O2
	NO
	N
	O

Constructing constant properties for
	N2
	O2
	NO
	N
	O

Constructing constant properties for
	N2
	O2
	NO
	N
	O

Constructing constant properties for
	N2
	O2
	NO
	N
	O
Selecting collisionPartnerSelectionModel noTimeCounter
Collision profile: collisionReduceOnlyOnOutput defaulted to true for replicatedMesh run
Collision profile: collisionOutputGlobalReduce defaulted to false for replicatedMesh run

Initialising the measurement fields

Initialising dsmcVolFields field
Selecting collisionPartnerSelectionModel noTimeCounter
Collision profile: collisionReduceOnlyOnOutput defaulted to true for replicatedMesh run
Collision profile: collisionOutputGlobalReduce defaulted to false for replicatedMesh run

Initialising the measurement fields

Initialising dsmcVolFields field

Constructing constant properties for
	N2
	O2
	NO
	N
	O
Selecting collisionPartnerSelectionModel noTimeCounter
Collision profile: collisionReduceOnlyOnOutput defaulted to true for replicatedMesh run
Collision profile: collisionOutputGlobalReduce defaulted to false for replicatedMesh run

Initialising the measurement fields

Initialising dsmcVolFields field
Selecting collisionPartnerSelectionModel noTimeCounter
Collision profile: collisionReduceOnlyOnOutput defaulted to true for replicatedMesh run
Collision profile: collisionOutputGlobalReduce defaulted to false for replicatedMesh run

Initialising the measurement fields

Initialising dsmcVolFields field
Selecting collisionPartnerSelectionModel noTimeCounter
Collision profile: collisionReduceOnlyOnOutput defaulted to true for replicatedMesh run
Collision profile: collisionOutputGlobalReduce defaulted to false for replicatedMesh run

Initialising the measurement fields

Initialising dsmcVolFields field
Selecting collisionPartnerSelectionModel noTimeCounter
Collision profile: collisionReduceOnlyOnOutput defaulted to true for replicatedMesh run
Collision profile: collisionOutputGlobalReduce defaulted to false for replicatedMesh run

Initialising the measurement fields

Initialising dsmcVolFields field
Selecting collisionPartnerSelectionModel noTimeCounter
Collision profile: collisionReduceOnlyOnOutput defaulted to true for replicatedMesh run
Collision profile: collisionOutputGlobalReduce defaulted to false for replicatedMesh run

Initialising the measurement fields

Initialising dsmcVolFields field
Selecting collisionPartnerSelectionModel noTimeCounter
Collision profile: collisionReduceOnlyOnOutput defaulted to true for replicatedMesh run
Collision profile: collisionOutputGlobalReduce defaulted to false for replicatedMesh run

Initialising the measurement fields

Initialising dsmcVolFields field
Replicated mesh: METIS decomposition complete, 104151 cells -> 8 ranks
Replicated mesh: rank 0 owns 13019 / 104151 cells
Local mesh: 13019 owned + 310 halo = 13329 / 104151 cells
Replicated mesh: no-Alltoall async migration enabled
Replicated mesh: flatTransfer=1 found=1
Replicated mesh: flat POD transfer enabled
Replicated mesh: writeMode=gathered
Phase C auto DLB: enabled (ParMETIS AdaptiveRepart), imbalanceThreshold=1.5, dlbSteps=50, sarSteps=10, triggerMode=legacyWindow, minGapSteps=50, checkCollective=allgather, particleGate=0, particleGateThreshold=1.5, skipPostDiag=0, adaptiveAlpha=1 alpha0=0.8 alphaRange=[0.5,2] alphaGain=0.04 alphaMaxStep=0.08
Replicated mesh: initialized with 8 MPI ranks, migrate interval 10

Starting time loop

Replicated mesh: initial particle distribution

Replicated mesh: rank 0 kept 251349 parcels, deleted 1806661 non-owned parcels
Time = 1e-06

    Collision global reduction skipped (rank 0 local diagnostics)
    Collisions                      = 341
    Collision candidates           = 352
    Collision acceptance rate      = 0.96875

    Number of DSMC particles        = 2065849
    Number of stuck particles       = 0
    Number of free particles        = 2065849
    Average linear kinetic energy   = 1.111298629e-18
    Average rotational energy       = 2.628110194e-21
    Average vibrational energy      = 8.038930995e-24
    Average electronic energy       = 0
    Total energy                    = 1.150610523

Stage 1.0  ExecutionTime = 9.79 s  ClockTime = 9 s  Iteration 10 (0.25 s)

Time = 2e-06

    Collision global reduction skipped (rank 0 local diagnostics)
    Collisions                      = 477
    Collision candidates           = 548
    Collision acceptance rate      = 0.8704379562

    Number of DSMC particles        = 2073957
    Number of stuck particles       = 0
    Number of free particles        = 2073957
    Average linear kinetic energy   = 1.107069567e-18
    Average rotational energy       = 2.687085024e-21
    Average vibrational energy      = 1.743742516e-23
    Average electronic energy       = 0
    Total energy                    = 1.150811871

Stage 1.0  ExecutionTime = 10.83 s  ClockTime = 10 s  Iteration 20 (0.27 s)

Time = 3e-06

    Collision global reduction skipped (rank 0 local diagnostics)
    Collisions                      = 592
    Collision candidates           = 744
    Collision acceptance rate      = 0.7956989247

    Number of DSMC particles        = 2082072
    Number of stuck particles       = 0
    Number of free particles        = 2082072
    Average linear kinetic energy   = 1.102981239e-18
    Average rotational energy       = 2.749048763e-21
    Average vibrational energy      = 2.74356503e-23
    Average electronic energy       = 0
    Total energy                    = 1.151133598

Stage 1.0  ExecutionTime = 11.88 s  ClockTime = 11 s  Iteration 30 (0.27 s)

Time = 4e-06

    Collision global reduction skipped (rank 0 local diagnostics)
    Collisions                      = 708
    Collision candidates           = 932
    Collision acceptance rate      = 0.7596566524

    Number of DSMC particles        = 2090238
    Number of stuck particles       = 0
    Number of free particles        = 2090238
    Average linear kinetic energy   = 1.098931692e-18
    Average rotational energy       = 2.830863184e-21
    Average vibrational energy      = 4.010109635e-23
    Average electronic energy       = 0
    Total energy                    = 1.15151489

Stage 1.0  ExecutionTime = 12.86 s  ClockTime = 12 s  Iteration 40 (0.21 s)

Time = 5e-06

    Collision global reduction skipped (rank 0 local diagnostics)
    Collisions                      = 726
    Collision candidates           = 997
    Collision acceptance rate      = 0.7281845537


Phase C auto DLB triggered (threshold) at step 50: sar=-0.1339791837 loadImbalance=1.683007338 threshold=1.5 particleMaxMin=1
Phase C ParMETIS weights: particles=2098399 activeCells=103915 maxCellParticles=56
Phase C ParMETIS: alpha=0.8 ncon=1 ubvec=[1.049999952] moveRatio=0.9669761609 (moveT=3.768094686s, collT=0.128686681s)
Phase C ParMETIS: AdaptiveRepart (104151 cells, 1 constraints, ubvec=1.049999952)
Replicated mesh: rank 0 owns 9036 / 104151 cells
Local mesh: 9036 owned + 266 halo = 9302 / 104151 cells
Phase C ParMETIS AdaptiveRepart: 91396 / 104151 cells changed (0.8775335811)
Phase C auto DLB complete: rebalance #1

    Number of DSMC particles        = 2098399
    Number of stuck particles       = 0
    Number of free particles        = 2098399
    Average linear kinetic energy   = 1.095003768e-18
    Average rotational energy       = 2.945207635e-21
    Average vibrational energy      = 5.219754962e-23
    Average electronic energy       = 0
    Total energy                    = 1.152022282

Stage 1.0  ExecutionTime = 14.17 s  ClockTime = 14 s  Iteration 50 (0.57 s)

Time = 6e-06

    Collision global reduction skipped (rank 0 local diagnostics)
    Collisions                      = 342
    Collision candidates           = 348
    Collision acceptance rate      = 0.9827586207

    Number of DSMC particles        = 2106535
    Number of stuck particles       = 0
    Number of free particles        = 2106535
    Average linear kinetic energy   = 1.091028521e-18
    Average rotational energy       = 3.017597412e-21
    Average vibrational energy      = 6.441313749e-23
    Average electronic energy       = 0
    Total energy                    = 1.152391064

Stage 1.0  ExecutionTime = 15.07 s  ClockTime = 15 s  Iteration 60 (0.15 s)

Time = 7e-06

    Collision global reduction skipped (rank 0 local diagnostics)
    Collisions                      = 572
    Collision candidates           = 609
    Collision acceptance rate      = 0.9392446634

    Number of DSMC particles        = 2114795
    Number of stuck particles       = 0
    Number of free particles        = 2114795
    Average linear kinetic energy   = 1.087320234e-18
    Average rotational energy       = 3.172714267e-21
    Average vibrational energy      = 8.357659971e-23
    Average electronic energy       = 0
    Total energy                    = 1.153172891

Stage 1.0  ExecutionTime = 16.03 s  ClockTime = 16 s  Iteration 70 (0.27 s)

Time = 8e-06

    Collision global reduction skipped (rank 0 local diagnostics)
    Collisions                      = 533
    Collision candidates           = 620
    Collision acceptance rate      = 0.8596774194

    Number of DSMC particles        = 2122807
    Number of stuck particles       = 0
    Number of free particles        = 2122807
    Average linear kinetic energy   = 1.083701972e-18
    Average rotational energy       = 3.365760803e-21
    Average vibrational energy      = 1.082060317e-22
    Average electronic energy       = 0
    Total energy                    = 1.153932346

Stage 1.0  ExecutionTime = 17.03 s  ClockTime = 17 s  Iteration 80 (0.23 s)

Time = 9e-06

    Collision global reduction skipped (rank 0 local diagnostics)
    Collisions                      = 592
    Collision candidates           = 708
    Collision acceptance rate      = 0.8361581921

    Number of DSMC particles        = 2130986
    Number of stuck particles       = 0
    Number of free particles        = 2130986
    Average linear kinetic energy   = 1.080253692e-18
    Average rotational energy       = 3.587810703e-21
    Average vibrational energy      = 1.387768525e-22
    Average electronic energy       = 0
    Total energy                    = 1.1549734

Stage 1.0  ExecutionTime = 18.03 s  ClockTime = 18 s  Iteration 90 (0.21 s)

Time = 1e-05

    Collision global reduction skipped (rank 0 local diagnostics)
    Collisions                      = 541
    Collision candidates           = 660
    Collision acceptance rate      = 0.8196969697

    Number of DSMC particles        = 2139025
    Number of stuck particles       = 0
    Number of free particles        = 2139025
    Average linear kinetic energy   = 1.076878944e-18
    Average rotational energy       = 3.819674368e-21
    Average vibrational energy      = 1.679483778e-22
    Average electronic energy       = 0
    Total energy                    = 1.156000304

Stage 1.0  ExecutionTime = 19.03 s  ClockTime = 19 s  Iteration 100 (0.17 s)

Time = 1.1e-05

    Collision global reduction skipped (rank 0 local diagnostics)
    Collisions                      = 609
    Collision candidates           = 731
    Collision acceptance rate      = 0.8331053352


Phase C auto DLB triggered (SAR) at step 110: sar=0.001404480533 loadImbalance=1.357011839 threshold=1.5 particleMaxMin=1
Phase C ParMETIS weights: particles=2147075 activeCells=104078 maxCellParticles=60
Phase C ParMETIS: alpha=0.8 ncon=1 ubvec=[1.049999952] moveRatio=0.9685640724 (moveT=8.414020151s, collT=0.27308728s)
Phase C ParMETIS: AdaptiveRepart (104151 cells, 1 constraints, ubvec=1.049999952)
Replicated mesh: rank 0 owns 8993 / 104151 cells
Local mesh: 8993 owned + 260 halo = 9253 / 104151 cells
Phase C ParMETIS AdaptiveRepart: 72 / 104151 cells changed (0.0006913039721)
Phase C auto DLB complete: rebalance #2

Phase C adaptive alpha: bottleneck=rank7 workImbalance=1.265899092 moveDelta=5.211523617 collDelta=0.243458449 direction=-0.7391362039 step=-0.007861425806 alpha: 0.8 -> 0.7921385742
    Number of DSMC particles        = 2147075
    Number of stuck particles       = 0
    Number of free particles        = 2147075
    Average linear kinetic energy   = 1.073558396e-18
    Average rotational energy       = 4.092361951e-21
    Average vibrational energy      = 2.009486392e-22
    Average electronic energy       = 0
    Total energy                    = 1.157114226

Stage 1.0  ExecutionTime = 20.17 s  ClockTime = 20 s  Iteration 110 (0.3 s)

Time = 1.2e-05

    Collision global reduction skipped (rank 0 local diagnostics)
    Collisions                      = 588
    Collision candidates           = 742
    Collision acceptance rate      = 0.7924528302

    Number of DSMC particles        = 2155228
    Number of stuck particles       = 0
    Number of free particles        = 2155228
    Average linear kinetic energy   = 1.070260966e-18
    Average rotational energy       = 4.395416414e-21
    Average vibrational energy      = 2.406833096e-22
    Average electronic energy       = 0
    Total energy                    = 1.158324126

Stage 1.0  ExecutionTime = 21.25 s  ClockTime = 21 s  Iteration 120 (0.22 s)

Time = 1.3e-05

    Collision global reduction skipped (rank 0 local diagnostics)
    Collisions                      = 622
    Collision candidates           = 765
    Collision acceptance rate      = 0.8130718954

    Number of DSMC particles        = 2163346
    Number of stuck particles       = 0
    Number of free particles        = 2163346
    Average linear kinetic energy   = 1.067061992e-18
    Average rotational energy       = 4.724779404e-21
    Average vibrational energy      = 2.798276356e-22
    Average electronic energy       = 0
    Total energy                    = 1.159625494

Stage 1.0  ExecutionTime = 22.37 s  ClockTime = 22 s  Iteration 130 (0.27 s)

Time = 1.4e-05

    Collision global reduction skipped (rank 0 local diagnostics)
    Collisions                      = 606
    Collision candidates           = 777
    Collision acceptance rate      = 0.7799227799

    Number of DSMC particles        = 2171395
    Number of stuck particles       = 0
    Number of free particles        = 2171395
    Average linear kinetic energy   = 1.063959179e-18
    Average rotational energy       = 5.080857219e-21
    Average vibrational energy      = 3.257481217e-22
    Average electronic energy       = 0
    Total energy                    = 1.161007759

Stage 1.0  ExecutionTime = 23.49 s  ClockTime = 24 s  Iteration 140 (0.26 s)

Time = 1.5e-05

    Collision global reduction skipped (rank 0 local diagnostics)
    Collisions                      = 598
    Collision candidates           = 761
    Collision acceptance rate      = 0.7858081472

    Number of DSMC particles        = 2179435
    Number of stuck particles       = 0
    Number of free particles        = 2179435
    Average linear kinetic energy   = 1.060877292e-18
    Average rotational energy       = 5.438401487e-21
    Average vibrational energy      = 3.827177371e-22
    Average electronic energy       = 0
    Total energy                    = 1.162399926

Stage 1.0  ExecutionTime = 24.66 s  ClockTime = 25 s  Iteration 150 (0.31 s)

Time = 1.6e-05

    Collision global reduction skipped (rank 0 local diagnostics)
    Collisions                      = 593
    Collision candidates           = 817
    Collision acceptance rate      = 0.7258261934


Phase C auto DLB triggered (SAR) at step 160: sar=0.00199966385 loadImbalance=1.437129799 threshold=1.5 particleMaxMin=1
Phase C ParMETIS weights: particles=2187626 activeCells=104104 maxCellParticles=74
Phase C ParMETIS: alpha=0.7921385742 ncon=1 ubvec=[1.049999952] moveRatio=0.9685976294 (moveT=12.68286462s, collT=0.411184173s)
Phase C ParMETIS: AdaptiveRepart (104151 cells, 1 constraints, ubvec=1.049999952)
Replicated mesh: rank 0 owns 9624 / 104151 cells
Local mesh: 9624 owned + 327 halo = 9951 / 104151 cells
Phase C ParMETIS AdaptiveRepart: 54303 / 104151 cells changed (0.5213872166)
Phase C auto DLB complete: rebalance #3

Phase C adaptive alpha: bottleneck=rank7 workImbalance=1.313711197 moveDelta=4.897499539 collDelta=0.356395685 direction=-0.4866247491 step=-0.006106385306 alpha: 0.7921385742 -> 0.7860321889
    Number of DSMC particles        = 2187626
    Number of stuck particles       = 0
    Number of free particles        = 2187626
    Average linear kinetic energy   = 1.057909412e-18
    Average rotational energy       = 5.809597486e-21
    Average vibrational energy      = 4.337141208e-22
    Average electronic energy       = 0
    Total energy                    = 1.163984083

Stage 1.0  ExecutionTime = 26.09 s  ClockTime = 27 s  Iteration 160 (0.52 s)

Time = 1.7e-05

    Collision global reduction skipped (rank 0 local diagnostics)
    Collisions                      = 508
    Collision candidates           = 609
    Collision acceptance rate      = 0.8341543514

    Number of DSMC particles        = 2195929
    Number of stuck particles       = 0
    Number of free particles        = 2195929
    Average linear kinetic energy   = 1.055023368e-18
    Average rotational energy       = 6.07622837e-21
    Average vibrational energy      = 4.756430916e-22
    Average electronic energy       = 0
    Total energy                    = 1.165571927

Stage 1.0  ExecutionTime = 27.26 s  ClockTime = 28 s  Iteration 170 (0.19 s)

Time = 1.8e-05

    Collision global reduction skipped (rank 0 local diagnostics)
    Collisions                      = 635
    Collision candidates           = 771
    Collision acceptance rate      = 0.8236057069

    Number of DSMC particles        = 2204058
    Number of stuck particles       = 0
    Number of free particles        = 2204058
    Average linear kinetic energy   = 1.052150742e-18
    Average rotational energy       = 6.43902899e-21
    Average vibrational energy      = 5.249639461e-22
    Average electronic energy       = 0
    Total energy                    = 1.167175153

Stage 1.0  ExecutionTime = 28.5 s  ClockTime = 29 s  Iteration 180 (0.23 s)

Time = 1.9e-05

    Collision global reduction skipped (rank 0 local diagnostics)
    Collisions                      = 669
    Collision candidates           = 826
    Collision acceptance rate      = 0.8099273608

    Number of DSMC particles        = 2212202
    Number of stuck particles       = 0
    Number of free particles        = 2212202
    Average linear kinetic energy   = 1.049292368e-18
    Average rotational energy       = 6.849874282e-21
    Average vibrational energy      = 5.912135298e-22
    Average electronic energy       = 0
    Total energy                    = 1.168853932

Stage 1.0  ExecutionTime = 29.74 s  ClockTime = 30 s  Iteration 190 (0.24 s)

Time = 2e-05

    Collision global reduction skipped (rank 0 local diagnostics)
    Collisions                      = 659
    Collision candidates           = 827
    Collision acceptance rate      = 0.7968561064

    Number of DSMC particles        = 2220277
    Number of stuck particles       = 0
    Number of free particles        = 2220277
    Average linear kinetic energy   = 1.046456558e-18
    Average rotational energy       = 7.307438191e-21
    Average vibrational energy      = 6.590290657e-22
    Average electronic energy       = 0
    Total energy                    = 1.170555596

Stage 1.0  ExecutionTime = 31.03 s  ClockTime = 32 s  Iteration 200 (0.26 s)

Time = 2.1e-05

    Collision global reduction skipped (rank 0 local diagnostics)
    Collisions                      = 624
    Collision candidates           = 801
    Collision acceptance rate      = 0.7790262172

    Number of DSMC particles        = 2228402
    Number of stuck particles       = 0
    Number of free particles        = 2228402
    Average linear kinetic energy   = 1.043661404e-18
    Average rotational energy       = 7.771408903e-21
    Average vibrational energy      = 7.359421518e-22
    Average electronic energy       = 0
    Total energy                    = 1.172327479

Stage 1.0  ExecutionTime = 32.42 s  ClockTime = 33 s  Iteration 210 (0.27 s)

Time = 2.2e-05

    Collision global reduction skipped (rank 0 local diagnostics)
    Collisions                      = 633
    Collision candidates           = 826
    Collision acceptance rate      = 0.7663438257


Phase C auto DLB triggered (SAR) at step 220: sar=0.002051812367 loadImbalance=1.604594849 threshold=1.5 particleMaxMin=1
Phase C ParMETIS weights: particles=2236460 activeCells=104100 maxCellParticles=74
Phase C ParMETIS: alpha=0.7860321889 ncon=1 ubvec=[1.049999952] moveRatio=0.9700805063 (moveT=18.86638747s, collT=0.581882387s)
Phase C ParMETIS: AdaptiveRepart (104151 cells, 1 constraints, ubvec=1.049999952)
Replicated mesh: rank 0 owns 9628 / 104151 cells
Local mesh: 9628 owned + 327 halo = 9955 / 104151 cells
Phase C ParMETIS AdaptiveRepart: 32 / 104151 cells changed (0.0003072462098)
Phase C auto DLB complete: rebalance #4

Phase C adaptive alpha: bottleneck=rank4 workImbalance=1.405647589 moveDelta=6.784548366 collDelta=0.208435206 direction=1 step=0.01622590358 alpha: 0.7860321889 -> 0.8022580925
    Number of DSMC particles        = 2236460
    Number of stuck particles       = 0
    Number of free particles        = 2236460
    Average linear kinetic energy   = 1.040979182e-18
    Average rotational energy       = 8.266407308e-21
    Average vibrational energy      = 8.119683916e-22
    Average electronic energy       = 0
    Total energy                    = 1.174205863

Stage 1.0  ExecutionTime = 33.86 s  ClockTime = 35 s  Iteration 220 (0.31 s)

Time = 2.3e-05

    Collision global reduction skipped (rank 0 local diagnostics)
    Collisions                      = 705
    Collision candidates           = 923
    Collision acceptance rate      = 0.7638136511

    Number of DSMC particles        = 2244554
    Number of stuck particles       = 0
    Number of free particles        = 2244554
    Average linear kinetic energy   = 1.038363742e-18
    Average rotational energy       = 8.76417915e-21
    Average vibrational energy      = 8.867124752e-22
    Average electronic energy       = 0
    Total energy                    = 1.176162719

Stage 1.0  ExecutionTime = 35.17 s  ClockTime = 36 s  Iteration 230 (0.14 s)

Time = 2.4e-05

    Collision global reduction skipped (rank 0 local diagnostics)
    Collisions                      = 681
    Collision candidates           = 924
    Collision acceptance rate      = 0.737012987

    Number of DSMC particles        = 2252663
    Number of stuck particles       = 0
    Number of free particles        = 2252663
    Average linear kinetic energy   = 1.035794025e-18
    Average rotational energy       = 9.275918821e-21
    Average vibrational energy      = 9.721400716e-22
    Average electronic energy       = 0
    Total energy                    = 1.178190149

Stage 1.0  ExecutionTime = 36.56 s  ClockTime = 38 s  Iteration 240 (0.29 s)

Time = 2.5e-05

    Collision global reduction skipped (rank 0 local diagnostics)
    Collisions                      = 680
    Collision candidates           = 930
    Collision acceptance rate      = 0.7311827957

    Number of DSMC particles        = 2260646
    Number of stuck particles       = 0
    Number of free particles        = 2260646
    Average linear kinetic energy   = 1.033258831e-18
    Average rotational energy       = 9.784506985e-21
    Average vibrational energy      = 1.058356776e-21
    Average electronic energy       = 0
    Total energy                    = 1.18017216

Stage 1.0  ExecutionTime = 38 s  ClockTime = 39 s  Iteration 250 (0.27 s)

Time = 2.6e-05

    Collision global reduction skipped (rank 0 local diagnostics)
    Collisions                      = 680
    Collision candidates           = 910
    Collision acceptance rate      = 0.7472527473

    Number of DSMC particles        = 2268826
    Number of stuck particles       = 0
    Number of free particles        = 2268826
    Average linear kinetic energy   = 1.030757872e-18
    Average rotational energy       = 1.029405254e-20
    Average vibrational energy      = 1.145161615e-21
    Average electronic energy       = 0
    Total energy                    = 1.182281923

Stage 1.0  ExecutionTime = 39.49 s  ClockTime = 38 s  Iteration 260 (0.33 s)

Time = 2.7e-05

    Collision global reduction skipped (rank 0 local diagnostics)
    Collisions                      = 665
    Collision candidates           = 928
    Collision acceptance rate      = 0.7165948276


Phase C auto DLB triggered (threshold) at step 270: sar=-0.0148444882 loadImbalance=1.59778853 threshold=1.5 particleMaxMin=1
Phase C ParMETIS weights: particles=2276915 activeCells=104105 maxCellParticles=85
Phase C ParMETIS: alpha=0.8022580925 ncon=1 ubvec=[1.049999952] moveRatio=0.9704655703 (moveT=24.42108912s, collT=0.743213322s)
Phase C ParMETIS: AdaptiveRepart (104151 cells, 1 constraints, ubvec=1.049999952)
Replicated mesh: rank 0 owns 9654 / 104151 cells
Local mesh: 9654 owned + 328 halo = 9982 / 104151 cells
Phase C ParMETIS AdaptiveRepart: 93433 / 104151 cells changed (0.8970917226)
Phase C auto DLB complete: rebalance #5

Phase C adaptive alpha: bottleneck=rank4 workImbalance=1.493539255 moveDelta=6.221537151 collDelta=0.173805629 direction=-1 step=-0.01974157021 alpha: 0.8022580925 -> 0.7825165223
    Number of DSMC particles        = 2276915
    Number of stuck particles       = 0
    Number of free particles        = 2276915
    Average linear kinetic energy   = 1.028287821e-18
    Average rotational energy       = 1.085154551e-20
    Average vibrational energy      = 1.248592064e-21
    Average electronic energy       = 0
    Total energy                    = 1.184437474

Stage 1.0  ExecutionTime = 41.26 s  ClockTime = 40 s  Iteration 270 (0.57 s)

Time = 2.8e-05

    Collision global reduction skipped (rank 0 local diagnostics)
    Collisions                      = 660
    Collision candidates           = 917
    Collision acceptance rate      = 0.719738277

    Number of DSMC particles        = 2285088
    Number of stuck particles       = 0
    Number of free particles        = 2285088
    Average linear kinetic energy   = 1.026144229e-18
    Average rotational energy       = 1.106231574e-20
    Average vibrational energy      = 1.305544819e-21
    Average electronic energy       = 0
    Total energy                    = 1.186545757

Stage 1.0  ExecutionTime = 42.61 s  ClockTime = 42 s  Iteration 280 (0.14 s)

Time = 2.9e-05

    Collision global reduction skipped (rank 0 local diagnostics)
    Collisions                      = 650
    Collision candidates           = 923
    Collision acceptance rate      = 0.7042253521

    Number of DSMC particles        = 2293305
    Number of stuck particles       = 0
    Number of free particles        = 2293305
    Average linear kinetic energy   = 1.023814545e-18
    Average rotational energy       = 1.151159322e-20
    Average vibrational energy      = 1.394985322e-21
    Average electronic energy       = 0
    Total energy                    = 1.188758868

Stage 1.0  ExecutionTime = 43.98 s  ClockTime = 43 s  Iteration 290 (0.15 s)

Time = 3e-05

    Collision global reduction skipped (rank 0 local diagnostics)
    Collisions                      = 652
    Collision candidates           = 916
    Collision acceptance rate      = 0.711790393

    Number of DSMC particles        = 2301517
    Number of stuck particles       = 0
    Number of free particles        = 2301517
    Average linear kinetic energy   = 1.021422367e-18
    Average rotational energy       = 1.202544875e-20
    Average vibrational energy      = 1.49951782e-21
    Average electronic energy       = 0
    Total energy                    = 1.190974441

Stage 1.0  ExecutionTime = 45.38 s  ClockTime = 45 s  Iteration 300 (0.15 s)

Time = 3.1e-05

    Collision global reduction skipped (rank 0 local diagnostics)
    Collisions                      = 688
    Collision candidates           = 957
    Collision acceptance rate      = 0.7189132706

    Number of DSMC particles        = 2309534
    Number of stuck particles       = 0
    Number of free particles        = 2309534
    Average linear kinetic energy   = 1.019029562e-18
    Average rotational energy       = 1.258659736e-20
    Average vibrational energy      = 1.600285166e-21
    Average electronic energy       = 0
    Total energy                    = 1.193124254

Stage 1.0  ExecutionTime = 46.79 s  ClockTime = 46 s  Iteration 310 (0.15 s)

Time = 3.2e-05

    Collision global reduction skipped (rank 0 local diagnostics)
    Collisions                      = 697
    Collision candidates           = 954
    Collision acceptance rate      = 0.7306079665

    Number of DSMC particles        = 2317676
    Number of stuck particles       = 0
    Number of free particles        = 2317676
    Average linear kinetic energy   = 1.016665177e-18
    Average rotational energy       = 1.315401848e-20
    Average vibrational energy      = 1.713993491e-21
    Average electronic energy       = 0
    Total energy                    = 1.195379858

Stage 1.0  ExecutionTime = 48.24 s  ClockTime = 48 s  Iteration 320 (0.14 s)

Time = 3.3e-05

    Collision global reduction skipped (rank 0 local diagnostics)
    Collisions                      = 697
    Collision candidates           = 971
    Collision acceptance rate      = 0.7178166838

    Number of DSMC particles        = 2325808
    Number of stuck particles       = 0
    Number of free particles        = 2325808
    Average linear kinetic energy   = 1.014354465e-18
    Average rotational energy       = 1.374099588e-20
    Average vibrational energy      = 1.832361633e-21
    Average electronic energy       = 0
    Total energy                    = 1.197707185

Stage 1.0  ExecutionTime = 49.69 s  ClockTime = 50 s  Iteration 330 (0.16 s)

Time = 3.4e-05

    Collision global reduction skipped (rank 0 local diagnostics)
    Collisions                      = 656
    Collision candidates           = 911
    Collision acceptance rate      = 0.7200878156

    Number of DSMC particles        = 2333961
    Number of stuck particles       = 0
    Number of free particles        = 2333961
    Average linear kinetic energy   = 1.012023498e-18
    Average rotational energy       = 1.432573525e-20
    Average vibrational energy      = 1.956910221e-21
    Average electronic energy       = 0
    Total energy                    = 1.200013217

Stage 1.0  ExecutionTime = 51.14 s  ClockTime = 51 s  Iteration 340 (0.16 s)

Time = 3.5e-05

    Collision global reduction skipped (rank 0 local diagnostics)
    Collisions                      = 643
    Collision candidates           = 897
    Collision acceptance rate      = 0.7168338907

    Number of DSMC particles        = 2342143
    Number of stuck particles       = 0
    Number of free particles        = 2342143
    Average linear kinetic energy   = 1.009800344e-18
    Average rotational energy       = 1.48776943e-20
    Average vibrational energy      = 2.077402677e-21
    Average electronic energy       = 0
    Total energy                    = 1.202404034

Stage 1.0  ExecutionTime = 52.63 s  ClockTime = 53 s  Iteration 350 (0.16 s)

Time = 3.6e-05

    Collision global reduction skipped (rank 0 local diagnostics)
    Collisions                      = 671
    Collision candidates           = 961
    Collision acceptance rate      = 0.6982310094

    Number of DSMC particles        = 2350207
    Number of stuck particles       = 0
    Number of free particles        = 2350207
    Average linear kinetic energy   = 1.00758867e-18
    Average rotational energy       = 1.544362702e-20
    Average vibrational energy      = 2.19702028e-21
    Average electronic energy       = 0
    Total energy                    = 1.204750559

Stage 1.0  ExecutionTime = 54.15 s  ClockTime = 54 s  Iteration 360 (0.17 s)

Time = 3.7e-05

    Collision global reduction skipped (rank 0 local diagnostics)
    Collisions                      = 660
    Collision candidates           = 946
    Collision acceptance rate      = 0.6976744186


Phase C auto DLB triggered (threshold) at step 370: sar=-0.001744533944 loadImbalance=1.551546613 threshold=1.5 particleMaxMin=1
Phase C ParMETIS weights: particles=2358297 activeCells=104103 maxCellParticles=85
Phase C ParMETIS: alpha=0.7825165223 ncon=1 ubvec=[1.049999952] moveRatio=0.9725315291 (moveT=36.73537884s, collT=1.03756501s)
Phase C ParMETIS: AdaptiveRepart (104151 cells, 1 constraints, ubvec=1.049999952)
Replicated mesh: rank 0 owns 9652 / 104151 cells
Local mesh: 9652 owned + 327 halo = 9979 / 104151 cells
Phase C ParMETIS AdaptiveRepart: 243 / 104151 cells changed (0.002333150906)
Phase C auto DLB complete: rebalance #6

Phase C adaptive alpha: bottleneck=rank0 workImbalance=1.36993516 moveDelta=12.31428972 collDelta=0.294351688 direction=-1 step=-0.01479740639 alpha: 0.7825165223 -> 0.7677191159
    Number of DSMC particles        = 2358297
    Number of stuck particles       = 0
    Number of free particles        = 2358297
    Average linear kinetic energy   = 1.005423674e-18
    Average rotational energy       = 1.601990225e-20
    Average vibrational energy      = 2.330400384e-21
    Average electronic energy       = 0
    Total energy                    = 1.207181549

Stage 1.0  ExecutionTime = 55.75 s  ClockTime = 56 s  Iteration 370 (0.25 s)

Time = 3.8e-05

    Collision global reduction skipped (rank 0 local diagnostics)
    Collisions                      = 672
    Collision candidates           = 962
    Collision acceptance rate      = 0.6985446985

    Number of DSMC particles        = 2366500
    Number of stuck particles       = 0
    Number of free particles        = 2366500
    Average linear kinetic energy   = 1.003262294e-18
    Average rotational energy       = 1.660262829e-20
    Average vibrational energy      = 2.462813015e-21
    Average electronic energy       = 0
    Total energy                    = 1.209669293

Stage 1.0  ExecutionTime = 57.22 s  ClockTime = 58 s  Iteration 380 (0.15 s)

Time = 3.9e-05

    Collision global reduction skipped (rank 0 local diagnostics)
    Collisions                      = 655
    Collision candidates           = 962
    Collision acceptance rate      = 0.6808731809

    Number of DSMC particles        = 2374617
    Number of stuck particles       = 0
    Number of free particles        = 2374617
    Average linear kinetic energy   = 1.001145426e-18
    Average rotational energy       = 1.722542904e-20
    Average vibrational energy      = 2.604732574e-21
    Average electronic energy       = 0
    Total energy                    = 1.212212993

Stage 1.0  ExecutionTime = 58.76 s  ClockTime = 59 s  Iteration 390 (0.16 s)

Time = 4e-05

    Collision global reduction skipped (rank 0 local diagnostics)
    Collisions                      = 724
    Collision candidates           = 1015
    Collision acceptance rate      = 0.7133004926

    Number of DSMC particles        = 2382710
    Number of stuck particles       = 0
    Number of free particles        = 2382710
    Average linear kinetic energy   = 9.991076172e-19
    Average rotational energy       = 1.78306645e-20
    Average vibrational energy      = 2.736794107e-21
    Average electronic energy       = 0
    Total energy                    = 1.214795

Stage 1.0  ExecutionTime = 60.33 s  ClockTime = 61 s  Iteration 400 (0.16 s)

Time = 4.1e-05

    Collision global reduction skipped (rank 0 local diagnostics)
    Collisions                      = 678
    Collision candidates           = 974
    Collision acceptance rate      = 0.6960985626

    Number of DSMC particles        = 2390592
    Number of stuck particles       = 0
    Number of free particles        = 2390592
    Average linear kinetic energy   = 9.970425758e-19
    Average rotational energy       = 1.841943564e-20
    Average vibrational energy      = 2.882551554e-21
    Average electronic energy       = 0
    Total energy                    = 1.217223183

Stage 1.0  ExecutionTime = 61.92 s  ClockTime = 63 s  Iteration 410 (0.18 s)

Time = 4.2e-05

    Collision global reduction skipped (rank 0 local diagnostics)
    Collisions                      = 652
    Collision candidates           = 1009
    Collision acceptance rate      = 0.6461843409

    Number of DSMC particles        = 2398543
    Number of stuck particles       = 0
    Number of free particles        = 2398543
    Average linear kinetic energy   = 9.95054415e-19
    Average rotational energy       = 1.90025835e-20
    Average vibrational energy      = 3.032781901e-21
    Average electronic energy       = 0
    Total energy                    = 1.219766787

Stage 1.0  ExecutionTime = 63.57 s  ClockTime = 65 s  Iteration 420 (0.21 s)

Time = 4.3e-05

    Collision global reduction skipped (rank 0 local diagnostics)
    Collisions                      = 717
    Collision candidates           = 1015
    Collision acceptance rate      = 0.7064039409

    Number of DSMC particles        = 2406772
    Number of stuck particles       = 0
    Number of free particles        = 2406772
    Average linear kinetic energy   = 9.931024075e-19
    Average rotational energy       = 1.961107621e-20
    Average vibrational energy      = 3.174414308e-21
    Average electronic energy       = 0
    Total energy                    = 1.222505274

Stage 1.0  ExecutionTime = 65.21 s  ClockTime = 66 s  Iteration 430 (0.18 s)

Time = 4.4e-05

    Collision global reduction skipped (rank 0 local diagnostics)
    Collisions                      = 667
    Collision candidates           = 979
    Collision acceptance rate      = 0.6813074566

    Number of DSMC particles        = 2414953
    Number of stuck particles       = 0
    Number of free particles        = 2414953
    Average linear kinetic energy   = 9.911531005e-19
    Average rotational energy       = 2.021650244e-20
    Average vibrational energy      = 3.323476153e-21
    Average electronic energy       = 0
    Total energy                    = 1.225218048

Stage 1.0  ExecutionTime = 66.88 s  ClockTime = 68 s  Iteration 440 (0.21 s)

Time = 4.5e-05

    Collision global reduction skipped (rank 0 local diagnostics)
    Collisions                      = 689
    Collision candidates           = 997
    Collision acceptance rate      = 0.6910732197

    Number of DSMC particles        = 2423195
    Number of stuck particles       = 0
    Number of free particles        = 2423195
    Average linear kinetic energy   = 9.892648066e-19
    Average rotational energy       = 2.078410189e-20
    Average vibrational energy      = 3.464318522e-21
    Average electronic energy       = 0
    Total energy                    = 1.227970092

Stage 1.0  ExecutionTime = 68.56 s  ClockTime = 68 s  Iteration 450 (0.19 s)

Time = 4.6e-05

    Collision global reduction skipped (rank 0 local diagnostics)
    Collisions                      = 647
    Collision candidates           = 955
    Collision acceptance rate      = 0.677486911

    Number of DSMC particles        = 2431338
    Number of stuck particles       = 0
    Number of free particles        = 2431338
    Average linear kinetic energy   = 9.873615624e-19
    Average rotational energy       = 2.13513419e-20
    Average vibrational energy      = 3.628581592e-21
    Average electronic energy       = 0
    Total energy                    = 1.230672162

Stage 1.0  ExecutionTime = 70.31 s  ClockTime = 69 s  Iteration 460 (0.25 s)

Time = 4.7e-05

    Collision global reduction skipped (rank 0 local diagnostics)
    Collisions                      = 665
    Collision candidates           = 967
    Collision acceptance rate      = 0.6876938987

    Number of DSMC particles        = 2439547
    Number of stuck particles       = 0
    Number of free particles        = 2439547
    Average linear kinetic energy   = 9.854807514e-19
    Average rotational energy       = 2.197030312e-20
    Average vibrational energy      = 3.788203582e-21
    Average electronic energy       = 0
    Total energy                    = 1.233482849

Stage 1.0  ExecutionTime = 72.1 s  ClockTime = 71 s  Iteration 470 (0.21 s)

Time = 4.8e-05

    Collision global reduction skipped (rank 0 local diagnostics)
    Collisions                      = 665
    Collision candidates           = 981
    Collision acceptance rate      = 0.6778797146

    Number of DSMC particles        = 2447513
    Number of stuck particles       = 0
    Number of free particles        = 2447513
    Average linear kinetic energy   = 9.83606432e-19
    Average rotational energy       = 2.257050378e-20
    Average vibrational energy      = 3.943637748e-21
    Average electronic energy       = 0
    Total energy                    = 1.236141618

Stage 1.0  ExecutionTime = 73.85 s  ClockTime = 73 s  Iteration 480 (0.25 s)

Time = 4.9e-05

    Collision global reduction skipped (rank 0 local diagnostics)
    Collisions                      = 689
    Collision candidates           = 991
    Collision acceptance rate      = 0.6952573158


Phase C auto DLB triggered (SAR) at step 490: sar=0.002249378939 loadImbalance=1.487753508 threshold=1.5 particleMaxMin=1
Phase C ParMETIS weights: particles=2455617 activeCells=104113 maxCellParticles=92
Phase C ParMETIS: alpha=0.7677191159 ncon=1 ubvec=[1.049999952] moveRatio=0.9739284397 (moveT=52.96957609s, collT=1.417968138s)
Phase C ParMETIS: AdaptiveRepart (104151 cells, 1 constraints, ubvec=1.049999952)
Replicated mesh: rank 0 owns 9644 / 104151 cells
Local mesh: 9644 owned + 327 halo = 9971 / 104151 cells
Phase C ParMETIS AdaptiveRepart: 25 / 104151 cells changed (0.0002400361014)
Phase C auto DLB complete: rebalance #7

Phase C adaptive alpha: bottleneck=rank4 workImbalance=1.329206046 moveDelta=17.09967188 collDelta=0.445672986 direction=-1 step=-0.01316824183 alpha: 0.7677191159 -> 0.754550874
    Number of DSMC particles        = 2455617
    Number of stuck particles       = 0
    Number of free particles        = 2455617
    Average linear kinetic energy   = 9.817615267e-19
    Average rotational energy       = 2.319414837e-20
    Average vibrational energy      = 4.103454544e-21
    Average electronic energy       = 0
    Total energy                    = 1.238931376

Stage 1.0  ExecutionTime = 75.77 s  ClockTime = 75 s  Iteration 490 (0.35 s)

Time = 5e-05

    Collision global reduction skipped (rank 0 local diagnostics)
    Collisions                      = 681
    Collision candidates           = 995
    Collision acceptance rate      = 0.6844221106

    Number of DSMC particles        = 2463767
    Number of stuck particles       = 0
    Number of free particles        = 2463767
    Average linear kinetic energy   = 9.7993698e-19
    Average rotational energy       = 2.377051438e-20
    Average vibrational energy      = 4.261295034e-21
    Average electronic energy       = 0
    Total energy                    = 1.24170012

Stage 1.0  ExecutionTime = 77.62 s  ClockTime = 77 s  Iteration 500 (0.25 s)

End stage 1


DSMC solver profile summary
    solver profile steps          = 500
    move+collide wall [s]         = 72.3988907
    move only [s]                 = 57.58577547
    buildCellOccupancy [s]        = 9.096421846
    collision phase [s]           = 3.871498427
    post fields/output [s]        = 1.361621449
    total profiled [s]            = 71.91531719
    full evolve wall [s]          = 73.76475971
    move+collide cpu [s]          = 66.81
    move only cpu [s]             = 53.08
    buildCellOccupancy cpu [s]    = 8.53
    collision phase cpu [s]       = 3.56
    post fields/output cpu [s]    = 1.34
    total profiled cpu [s]        = 66.51
    full evolve cpu [s]           = 68.05
    collision localLoop max [s] = 3.707995075
    collision reduce max [s]    = 0
    collision sigmaBC max [s]   = 0.165362483
    collision total max [s]     = 3.869104169
    collision accounted max [s] = 3.868023247
    collision residual max [s]  = 0.001177523
    collision subphase max sum [s] = 3.873357558
    collision cumulative global collisions = 9503318
    collision cumulative global candidates  = 16785320
    collision cumulative acceptance        = 0.5661684138
    OpenMP enabled                = 0
    OpenMP max threads            = 1
    OpenMP move                   = 0 (static, chunk 64)
    OpenMP collision              = dynamic, chunk 8


Replicated mesh profiling summary:
    migration calls             = 58
    migration wall time [s]     = 2.323340107
    local particles (final)     = 308639
    migration wall max [s]      = 3.153045241
    migration pack max [s]      = 0.895314518
    migration local prep max [s]= 0.105222946
    migration size exchange max [s] = 0
    migration request post max [s] = 0.016265965
    migration wait max [s]      = 1.995661064
    migration deserialize max [s] = 0.17225174
    migration post max [s]      = 0.01297651
    migration candidate gather max [s] = 0.24683254
    migration accounted max [s] = 3.153045241
    migration residual max [s]  = 8.881784197e-16
    updateParticleCounts max [s]= 0.052347385
    migration subphase max sum [s] = 3.444525283
    particles per rank          = min 280357 max 319485 max/min 1.139564912
    rank wall time (evolve, 500 steps): min 52.82 max 63.88 max/min 1.209390382
    Phase C auto DLB checks      = 500
    Phase C auto DLB rebalances = 7
    Phase C auto DLB triggered checks = 7
    Phase C auto DLB wall max [s]= 14.19554355
    Phase C auto DLB check max [s]= 13.16454418
    Phase C ParMETIS max [s]     = 0.391758379
    Phase C migration max [s]    = 0.81956522
    Phase C cellOwner write max [s] = 0
    Phase C post-diagnostic max [s] = 0.001157178
    Phase C auto DLB accounted max [s] = 14.37702496
    Phase C auto DLB residual max [s] = -0.181481415
    Phase C adaptive alpha final = 0.754550874
    Phase C adaptive alpha last imbalance = 1.329206046
    Phase C adaptive alpha last step = -0.01316824183

Total Iterations = 500
End main

