/*---------------------------------------------------------------------------*\
| =========                 |                                                 |
| \\      /  F ield         | OpenFOAM: The Open Source CFD Toolbox           |
|  \\    /   O peration     | Version:  v1706                                 |
|   \\  /    A nd           | Web:      www.OpenFOAM.com                      |
|    \\/     M anipulation  |                                                 |
\*---------------------------------------------------------------------------*/
Build  : v1706
Arch   : "LSB;label=32;scalar=64"
Exec   : dsmcFoam+
Date   : Jun 08 2026
Time   : 10:58:16
Host   : "SuperXCX-ROG"
PID    : 880085
/*---------------------------------------------------------------------------*\
| =========                 |                                                 |
| \\      /  F ield         | OpenFOAM: The Open Source CFD Toolbox           |
|  \\    /   O peration     | Version:  v1706                                 |
|   \\  /    A nd           | Web:      www.OpenFOAM.com                      |
|    \\/     M anipulation  |                                                 |
\*---------------------------------------------------------------------------*/
Build  : v1706
Arch   : "LSB;label=32;scalar=64"
Exec   : dsmcFoam+
Date   : Jun 08 2026
Time   : 10:58:16
Host   : "SuperXCX-ROG"
PID    : 880086
Case   : /home/superxcx/code/OpenFoam/OF-1706/hyStrath_dlb/run/hyStrath/dsmcFoam+/xcx_test/pal-phd-3.3.1-cylinder-react/timecompare/ourmesh/mix-mpi4omp2
nProcs : 1
sigFpe : Enabling floating point exception trapping (FOAM_SIGFPE).
Case   : /home/superxcx/code/OpenFoam/OF-1706/hyStrath_dlb/run/hyStrath/dsmcFoam+/xcx_test/pal-phd-3.3.1-cylinder-react/timecompare/ourmesh/mix-mpi4omp2
nProcs : 1
sigFpe : Enabling floating point exception trapping (FOAM_SIGFPE).
fileModificationChecking : Monitoring run-time modified files using timeStampMaster (fileModificationSkew 10)
allowSystemOperations : Allowing user-supplied system call operations

// * * * * * * * * * * * * * * * * * * * * * * * * * * * * * * * * * * * * * //
Create time

fileModificationChecking : Monitoring run-time modified files using timeStampMaster (fileModificationSkew 10)
allowSystemOperations : Allowing user-supplied system call operations

// * * * * * * * * * * * * * * * * * * * * * * * * * * * * * * * * * * * * * //
Create time

/*---------------------------------------------------------------------------*\
| =========                 |                                                 |
| \\      /  F ield         | OpenFOAM: The Open Source CFD Toolbox           |
|  \\    /   O peration     | Version:  v1706                                 |
|   \\  /    A nd           | Web:      www.OpenFOAM.com                      |
|    \\/     M anipulation  |                                                 |
\*---------------------------------------------------------------------------*/
Build  : v1706
Arch   : "LSB;label=32;scalar=64"
Exec   : dsmcFoam+
Date   : Jun 08 2026
Time   : 10:58:16
Host   : "SuperXCX-ROG"
PID    : 880087
Create mesh for time = 0

Create mesh for time = 0

Case   : /home/superxcx/code/OpenFoam/OF-1706/hyStrath_dlb/run/hyStrath/dsmcFoam+/xcx_test/pal-phd-3.3.1-cylinder-react/timecompare/ourmesh/mix-mpi4omp2
nProcs : 1
sigFpe : Enabling floating point exception trapping (FOAM_SIGFPE).
fileModificationChecking : Monitoring run-time modified files using timeStampMaster (fileModificationSkew 10)
allowSystemOperations : Allowing user-supplied system call operations

// * * * * * * * * * * * * * * * * * * * * * * * * * * * * * * * * * * * * * //
Create time

Selecting dynamicFvMesh staticFvMesh
Selecting dynamicFvMesh staticFvMesh
Create mesh for time = 0

/*---------------------------------------------------------------------------*\
| =========                 |                                                 |
| \\      /  F ield         | OpenFOAM: The Open Source CFD Toolbox           |
|  \\    /   O peration     | Version:  v1706                                 |
|   \\  /    A nd           | Web:      www.OpenFOAM.com                      |
|    \\/     M anipulation  |                                                 |
\*---------------------------------------------------------------------------*/
Build  : v1706
Arch   : "LSB;label=32;scalar=64"
Exec   : dsmcFoam+
Date   : Jun 08 2026
Time   : 10:58:16
Host   : "SuperXCX-ROG"
PID    : 880084
Selecting dynamicFvMesh staticFvMesh
Case   : /home/superxcx/code/OpenFoam/OF-1706/hyStrath_dlb/run/hyStrath/dsmcFoam+/xcx_test/pal-phd-3.3.1-cylinder-react/timecompare/ourmesh/mix-mpi4omp2
nProcs : 1
sigFpe : Enabling floating point exception trapping (FOAM_SIGFPE).
fileModificationChecking : Monitoring run-time modified files using timeStampMaster (fileModificationSkew 10)
allowSystemOperations : Allowing user-supplied system call operations

// * * * * * * * * * * * * * * * * * * * * * * * * * * * * * * * * * * * * * //
Create time

Create mesh for time = 0

Selecting dynamicFvMesh staticFvMesh

Constructing dsmcCloud 

Constructing dsmcCloud 

Constructing dsmcCloud 

Constructing dsmcCloud 
Selecting the coordinate system model:	dsmcCartesian

Selecting the time-step model:	dsmcConstantTimeStepModel

Constant time-step model:
- time-step [sec]	1e-07

Selecting the porous measurement model:	dsmcNoPorousMediumMeasurements


Creating dsmcControllers

Creating fields: 

Selecting field: dsmcVolFields

TimeData Statistics: 
 measurement option: write
 nSamples: 1, time interval: 1e-07
 nAverages: 10000, time interval: 0.001
 total no. of sampling steps: 0
 total no. of averaging Steps: 0


Selecting the coordinate system model:	dsmcCartesian

Selecting the time-step model:	dsmcConstantTimeStepModel

Constant time-step model:
- time-step [sec]	1e-07

Selecting the porous measurement model:	dsmcNoPorousMediumMeasurements

Selecting the coordinate system model:	dsmcCartesian

Selecting the time-step model:	dsmcConstantTimeStepModel

Constant time-step model:
- time-step [sec]	1e-07

Selecting the porous measurement model:	dsmcNoPorousMediumMeasurements

Selecting the coordinate system model:	dsmcCartesian

Selecting the time-step model:	dsmcConstantTimeStepModel


Creating dsmcControllers

Constant time-step model:
- time-step [sec]	1e-07

Selecting the porous measurement model:	dsmcNoPorousMediumMeasurements

Creating fields: 

Selecting field: dsmcVolFields

TimeData Statistics: 
 measurement option: write
 nSamples: 1, time interval: 1e-07
 nAverages: 10000, time interval: 0.001
 total no. of sampling steps: 0
 total no. of averaging Steps: 0



Creating dsmcControllers

Creating fields: 

Selecting field: dsmcVolFields

TimeData Statistics: 
 measurement option: write
 nSamples: 1, time interval: 1e-07
 nAverages: 10000, time interval: 0.001
 total no. of sampling steps: 0
 total no. of averaging Steps: 0



Creating dsmcControllers

Creating fields: 

Selecting field: dsmcVolFields

TimeData Statistics: 
 measurement option: write
 nSamples: 1, time interval: 1e-07
 nAverages: 10000, time interval: 0.001
 total no. of sampling steps: 0
 total no. of averaging Steps: 0


Creating the boundary models: 

Selecting dsmcPatchBoundaryModel dsmcDeletionPatch
Selecting dsmcPatchBoundaryModel dsmcDeletionPatch
Selecting dsmcPatchBoundaryModel dsmcDiffuseWallPatch
Selecting dsmcGeneralBoundaryModel dsmcFreeStreamInflowPatch
Selecting BinaryCollisionModel LarsenBorgnakkeVariableHardSphere

Creating dsmcReactions

There are no chemical reactions defined.
Creating the boundary models: 

Selecting dsmcPatchBoundaryModel dsmcDeletionPatch
Selecting dsmcPatchBoundaryModel dsmcDeletionPatch
Selecting dsmcPatchBoundaryModel dsmcDiffuseWallPatch
Selecting dsmcGeneralBoundaryModel dsmcFreeStreamInflowPatch
Creating the boundary models: 

Selecting dsmcPatchBoundaryModel dsmcDeletionPatch
Selecting dsmcPatchBoundaryModel dsmcDeletionPatch
Selecting dsmcPatchBoundaryModel dsmcDiffuseWallPatch
Selecting dsmcGeneralBoundaryModel dsmcFreeStreamInflowPatch
Creating the boundary models: 

Selecting dsmcPatchBoundaryModel dsmcDeletionPatch
Selecting dsmcPatchBoundaryModel dsmcDeletionPatch
Selecting dsmcPatchBoundaryModel dsmcDiffuseWallPatch
Selecting dsmcGeneralBoundaryModel dsmcFreeStreamInflowPatch
Selecting BinaryCollisionModel LarsenBorgnakkeVariableHardSphere

Creating dsmcReactions

There are no chemical reactions defined.
Selecting BinaryCollisionModel LarsenBorgnakkeVariableHardSphere

Creating dsmcReactions

There are no chemical reactions defined.
Selecting BinaryCollisionModel LarsenBorgnakkeVariableHardSphere

Creating dsmcReactions

There are no chemical reactions defined.

Constructing constant properties for
	N2
	O2
	NO
	N
	O

Constructing constant properties for
	N2
	O2
	NO
	N
	O

Constructing constant properties for
	N2
	O2
	NO
	N
	O

Constructing constant properties for
	N2
	O2
	NO
	N
	O
Selecting collisionPartnerSelectionModel noTimeCounter

Initialising the measurement fields

Initialising dsmcVolFields field
Selecting collisionPartnerSelectionModel noTimeCounter

Initialising the measurement fields

Initialising dsmcVolFields field
Selecting collisionPartnerSelectionModel noTimeCounter

Initialising the measurement fields

Initialising dsmcVolFields field
Selecting collisionPartnerSelectionModel noTimeCounter

Initialising the measurement fields

Initialising dsmcVolFields field
Replicated mesh: METIS decomposition complete, 104151 cells -> 4 ranks
Replicated mesh: rank 0 owns 26039 / 104151 cells
Local mesh: 26039 owned + 166 halo = 26205 / 104151 cells
Replicated mesh: no-Alltoall async migration enabled
Replicated mesh: flatTransfer=1 found=1
Replicated mesh: flat POD transfer enabled
Phase C auto DLB: enabled (ParMETIS AdaptiveRepart), imbalanceThreshold=1.5, dlbSteps=50, sarSteps=10, triggerMode=legacyWindow, minGapSteps=50, checkCollective=allgather, skipFixedKPostDiag=0
Replicated mesh: initialized with 4 MPI ranks, migrate interval 10

Starting time loop

Replicated mesh: initial particle distribution

Replicated mesh: rank 0 kept 637602 parcels, deleted 1420258 non-owned parcels
Replicated mesh migration[2]: rank 0 sent 14 parcels, received 774 (global 1661) wall 0.010273777s [pack 9.953e-06s MPI 0.00104703s deser 0.000515399s]
Time = 1e-06

    Collisions                      = 2856
    Collision candidates           = 2967
    Collision acceptance rate      = 0.9625884732

    Number of DSMC particles        = 2065844
    Number of stuck particles       = 0
    Number of free particles        = 2065844
    Average linear kinetic energy   = 1.111311575e-18
    Average rotational energy       = 2.627826746e-21
    Average vibrational energy      = 7.686630886e-24
    Average electronic energy       = 0
    Total energy                    = 1.150620454

Stage 1.0  ExecutionTime = 8.66 s  ClockTime = 6 s  Iteration 10 (0.31 s)

Replicated mesh migration[3]: rank 0 sent 15 parcels, received 7411 (global 15828) wall 0.011949543s [pack 4.428e-06s MPI 0.003687692s deser 0.000436865s]
Time = 2e-06

    Collisions                      = 4293
    Collision candidates           = 4904
    Collision acceptance rate      = 0.8754078303

    Number of DSMC particles        = 2073988
    Number of stuck particles       = 0
    Number of free particles        = 2073988
    Average linear kinetic energy   = 1.107079895e-18
    Average rotational energy       = 2.685372047e-21
    Average vibrational energy      = 1.755265649e-23
    Average electronic energy       = 0
    Total energy                    = 1.150838125

Stage 1.0  ExecutionTime = 11.56 s  ClockTime = 8 s  Iteration 20 (0.33 s)

Replicated mesh migration[4]: rank 0 sent 15 parcels, received 7363 (global 15794) wall 0.012339347s [pack 4.707e-06s MPI 0.003842505s deser 0.000638502s]
Time = 3e-06

    Collisions                      = 4930
    Collision candidates           = 6138
    Collision acceptance rate      = 0.8031932225

    Number of DSMC particles        = 2082070
    Number of stuck particles       = 0
    Number of free particles        = 2082070
    Average linear kinetic energy   = 1.102993805e-18
    Average rotational energy       = 2.75178438e-21
    Average vibrational energy      = 2.667599987e-23
    Average electronic energy       = 0
    Total energy                    = 1.15114763

Stage 1.0  ExecutionTime = 14.55 s  ClockTime = 9 s  Iteration 30 (0.34 s)

Replicated mesh migration[5]: rank 0 sent 12 parcels, received 7380 (global 15762) wall 0.011825457s [pack 4.873e-06s MPI 0.002035597s deser 0.000572042s]
Time = 4e-06

    Collisions                      = 5189
    Collision candidates           = 7004
    Collision acceptance rate      = 0.7408623644

    Number of DSMC particles        = 2090230
    Number of stuck particles       = 0
    Number of free particles        = 2090230
    Average linear kinetic energy   = 1.098939443e-18
    Average rotational energy       = 2.832418512e-21
    Average vibrational energy      = 3.953054929e-23
    Average electronic energy       = 0
    Total energy                    = 1.151519614

Stage 1.0  ExecutionTime = 17.52 s  ClockTime = 11 s  Iteration 40 (0.34 s)

Replicated mesh migration[6]: rank 0 sent 23 parcels, received 7352 (global 15822) wall 0.011675526s [pack 5.069e-06s MPI 0.003071848s deser 0.000604785s]
Time = 5e-06

    Collisions                      = 6012
    Collision candidates           = 8430
    Collision acceptance rate      = 0.7131672598

    Number of DSMC particles        = 2098392
    Number of stuck particles       = 0
    Number of free particles        = 2098392
    Average linear kinetic energy   = 1.094994641e-18
    Average rotational energy       = 2.93888831e-21
    Average vibrational energy      = 5.444828921e-23
    Average electronic energy       = 0
    Total energy                    = 1.152004594

Stage 1.0  ExecutionTime = 20.6 s  ClockTime = 13 s  Iteration 50 (0.33 s)

Replicated mesh migration[7]: rank 0 sent 24 parcels, received 7430 (global 15853) wall 0.011344184s [pack 6.331e-06s MPI 0.00368386s deser 0.000462293s]
Time = 6e-06

    Collisions                      = 6546
    Collision candidates           = 9602
    Collision acceptance rate      = 0.6817329723

    Number of DSMC particles        = 2106529
    Number of stuck particles       = 0
    Number of free particles        = 2106529
    Average linear kinetic energy   = 1.091196548e-18
    Average rotational energy       = 3.088485188e-21
    Average vibrational energy      = 7.108215862e-23
    Average electronic energy       = 0
    Total energy                    = 1.152646446

Stage 1.0  ExecutionTime = 23.7 s  ClockTime = 14 s  Iteration 60 (0.35 s)

Replicated mesh migration[8]: rank 0 sent 28 parcels, received 7416 (global 15894) wall 0.011195634s [pack 6e-06s MPI 0.001990041s deser 0.000735847s]
Time = 7e-06

    Collisions                      = 7294
    Collision candidates           = 10915
    Collision acceptance rate      = 0.6682546954

    Number of DSMC particles        = 2114809
    Number of stuck particles       = 0
    Number of free particles        = 2114809
    Average linear kinetic energy   = 1.08753333e-18
    Average rotational energy       = 3.256196725e-21
    Average vibrational energy      = 9.506350432e-23
    Average electronic energy       = 0
    Total energy                    = 1.153506274

Stage 1.0  ExecutionTime = 26.94 s  ClockTime = 16 s  Iteration 70 (0.34 s)

Replicated mesh migration[9]: rank 0 sent 29 parcels, received 7321 (global 15745) wall 0.011307577s [pack 2.7396e-05s MPI 0.002636448s deser 0.000452434s]
Time = 8e-06

    Collisions                      = 7853
    Collision candidates           = 12118
    Collision acceptance rate      = 0.6480442317

    Number of DSMC particles        = 2122807
    Number of stuck particles       = 0
    Number of free particles        = 2122807
    Average linear kinetic energy   = 1.083930763e-18
    Average rotational energy       = 3.433801752e-21
    Average vibrational energy      = 1.17536315e-22
    Average electronic energy       = 0
    Total energy                    = 1.154257308

Stage 1.0  ExecutionTime = 30.22 s  ClockTime = 18 s  Iteration 80 (0.34 s)

Replicated mesh migration[10]: rank 0 sent 25 parcels, received 7466 (global 15963) wall 0.011386524s [pack 6.942e-06s MPI 0.002149036s deser 0.000811164s]
Time = 9e-06

    Collisions                      = 8467
    Collision candidates           = 13433
    Collision acceptance rate      = 0.6303134073


Phase C auto DLB triggered (SAR) at step 90: sar=0.001424020381 loadImbalance=1.142940817 threshold=1.5
Phase C ParMETIS: alpha=0.8 ncon=2 ubvec=[1.049999952,1.5] moveRatio=0.9638404672 (moveT=8.481793785s, collT=0.318203801s)
Phase C ParMETIS: AdaptiveRepart (104151 cells, 2 constraints, ubvec=1.049999952)
Replicated mesh: rank 0 owns 28351 / 104151 cells
Local mesh: 28351 owned + 327 halo = 28678 / 104151 cells
Phase C ParMETIS AdaptiveRepart: 101195 / 104151 cells changed (0.9716181314)
Replicated mesh migration[11]: rank 0 sent 528986 parcels, received 433127 (global 2023648) wall 0.198919557s [pack 0.045378736s MPI 0.090231936s deser 0.0135966s]
Phase C auto DLB complete: rebalance #1

    Number of DSMC particles        = 2130926
    Number of stuck particles       = 0
    Number of free particles        = 2130926
    Average linear kinetic energy   = 1.080476432e-18
    Average rotational energy       = 3.653035421e-21
    Average vibrational energy      = 1.493127253e-22
    Average electronic energy       = 0
    Total energy                    = 1.155258921

Stage 1.0  ExecutionTime = 34.1 s  ClockTime = 20 s  Iteration 90 (0.88 s)

Replicated mesh migration[12]: rank 0 sent 801 parcels, received 283 (global 2813) wall 0.009661714s [pack 0.000311595s MPI 0.002110042s deser 0.001384541s]
Time = 1e-05

    Collisions                      = 6716
    Collision candidates           = 9779
    Collision acceptance rate      = 0.6867777891

    Number of DSMC particles        = 2139028
    Number of stuck particles       = 0
    Number of free particles        = 2139028
    Average linear kinetic energy   = 1.076939309e-18
    Average rotational energy       = 3.720123226e-21
    Average vibrational energy      = 1.585192266e-22
    Average electronic energy       = 0
    Total energy                    = 1.155949931

Stage 1.0  ExecutionTime = 37.48 s  ClockTime = 21 s  Iteration 100 (0.37 s)

Replicated mesh migration[13]: rank 0 sent 7207 parcels, received 2966 (global 26576) wall 0.014415805s [pack 0.000997966s MPI 0.001414401s deser 0.00184889s]
Time = 1.1e-05

    Collisions                      = 8813
    Collision candidates           = 13138
    Collision acceptance rate      = 0.670802253

    Number of DSMC particles        = 2147043
    Number of stuck particles       = 0
    Number of free particles        = 2147043
    Average linear kinetic energy   = 1.073349348e-18
    Average rotational energy       = 3.967545648e-21
    Average vibrational energy      = 1.863459166e-22
    Average electronic energy       = 0
    Total energy                    = 1.156722894

Stage 1.0  ExecutionTime = 41.03 s  ClockTime = 23 s  Iteration 110 (0.4 s)

Replicated mesh migration[14]: rank 0 sent 7233 parcels, received 2932 (global 26438) wall 0.013909343s [pack 0.001178565s MPI 0.001169196s deser 0.001805446s]
Time = 1.2e-05

    Collisions                      = 9814
    Collision candidates           = 15203
    Collision acceptance rate      = 0.6455304874

    Number of DSMC particles        = 2155252
    Number of stuck particles       = 0
    Number of free particles        = 2155252
    Average linear kinetic energy   = 1.069962594e-18
    Average rotational energy       = 4.265770228e-21
    Average vibrational energy      = 2.249353469e-22
    Average electronic energy       = 0
    Total energy                    = 1.157858811

Stage 1.0  ExecutionTime = 44.56 s  ClockTime = 25 s  Iteration 120 (0.43 s)

Replicated mesh migration[15]: rank 0 sent 7122 parcels, received 3026 (global 26626) wall 0.014720243s [pack 0.001110491s MPI 0.001233197s deser 0.001907047s]
Time = 1.3e-05

    Collisions                      = 10531
    Collision candidates           = 16624
    Collision acceptance rate      = 0.6334817132

    Number of DSMC particles        = 2163333
    Number of stuck particles       = 0
    Number of free particles        = 2163333
    Average linear kinetic energy   = 1.06675479e-18
    Average rotational energy       = 4.583420301e-21
    Average vibrational energy      = 2.636226812e-22
    Average electronic energy       = 0
    Total energy                    = 1.159115804

Stage 1.0  ExecutionTime = 48.28 s  ClockTime = 27 s  Iteration 130 (0.45 s)

Replicated mesh migration[16]: rank 0 sent 7240 parcels, received 2920 (global 26449) wall 0.014231746s [pack 0.001901801s MPI 0.003400545s deser 0.001660465s]
Time = 1.4e-05

    Collisions                      = 11249
    Collision candidates           = 18183
    Collision acceptance rate      = 0.6186547874

    Number of DSMC particles        = 2171402
    Number of stuck particles       = 0
    Number of free particles        = 2171402
    Average linear kinetic energy   = 1.063648228e-18
    Average rotational energy       = 4.942179551e-21
    Average vibrational energy      = 3.111115593e-22
    Average electronic energy       = 0
    Total energy                    = 1.160507449

Stage 1.0  ExecutionTime = 51.93 s  ClockTime = 29 s  Iteration 140 (0.46 s)

Replicated mesh migration[17]: rank 0 sent 7101 parcels, received 2935 (global 26478) wall 0.015452265s [pack 0.00154962s MPI 0.001775955s deser 0.002228404s]
Time = 1.5e-05

    Collisions                      = 12099
    Collision candidates           = 19850
    Collision acceptance rate      = 0.6095214106

    Number of DSMC particles        = 2179456
    Number of stuck particles       = 0
    Number of free particles        = 2179456
    Average linear kinetic energy   = 1.060614607e-18
    Average rotational energy       = 5.316069278e-21
    Average vibrational energy      = 3.664375266e-22
    Average electronic energy       = 0
    Total energy                    = 1.161973822

Stage 1.0  ExecutionTime = 55.68 s  ClockTime = 31 s  Iteration 150 (0.45 s)

Replicated mesh migration[18]: rank 0 sent 7232 parcels, received 2930 (global 26588) wall 0.014621559s [pack 0.001294444s MPI 0.001688728s deser 0.002528302s]
Time = 1.6e-05

    Collisions                      = 12987
    Collision candidates           = 21667
    Collision acceptance rate      = 0.5993907786

    Number of DSMC particles        = 2187583
    Number of stuck particles       = 0
    Number of free particles        = 2187583
    Average linear kinetic energy   = 1.057613147e-18
    Average rotational energy       = 5.694069286e-21
    Average vibrational energy      = 4.207231156e-22
    Average electronic energy       = 0
    Total energy                    = 1.163496578

Stage 1.0  ExecutionTime = 59.44 s  ClockTime = 33 s  Iteration 160 (0.46 s)

Replicated mesh migration[19]: rank 0 sent 7209 parcels, received 3015 (global 26934) wall 0.017577543s [pack 0.001727526s MPI 0.002384814s deser 0.00243522s]
Time = 1.7e-05

    Collisions                      = 13884
    Collision candidates           = 23144
    Collision acceptance rate      = 0.5998963014

    Number of DSMC particles        = 2195911
    Number of stuck particles       = 0
    Number of free particles        = 2195911
    Average linear kinetic energy   = 1.054696793e-18
    Average rotational energy       = 6.093692697e-21
    Average vibrational energy      = 4.772867737e-22
    Average electronic energy       = 0
    Total energy                    = 1.165224788

Stage 1.0  ExecutionTime = 63.31 s  ClockTime = 35 s  Iteration 170 (0.48 s)

Replicated mesh migration[20]: rank 0 sent 7227 parcels, received 3018 (global 26621) wall 0.015936582s [pack 0.001341301s MPI 0.001299875s deser 0.002337492s]
Time = 1.8e-05

    Collisions                      = 14604
    Collision candidates           = 24648
    Collision acceptance rate      = 0.5925024343

    Number of DSMC particles        = 2204018
    Number of stuck particles       = 0
    Number of free particles        = 2204018
    Average linear kinetic energy   = 1.051844836e-18
    Average rotational energy       = 6.520024063e-21
    Average vibrational energy      = 5.4045106e-22
    Average electronic energy       = 0
    Total energy                    = 1.166923184

Stage 1.0  ExecutionTime = 67.16 s  ClockTime = 37 s  Iteration 180 (0.41 s)

Replicated mesh migration[21]: rank 0 sent 7285 parcels, received 2933 (global 26890) wall 0.014653947s [pack 0.001287141s MPI 0.00295712s deser 0.002037227s]
Time = 1.9e-05

    Collisions                      = 15183
    Collision candidates           = 26132
    Collision acceptance rate      = 0.5810117863

    Number of DSMC particles        = 2212239
    Number of stuck particles       = 0
    Number of free particles        = 2212239
    Average linear kinetic energy   = 1.049047891e-18
    Average rotational energy       = 6.958107203e-21
    Average vibrational energy      = 6.069839021e-22
    Average electronic energy       = 0
    Total energy                    = 1.168740223

Stage 1.0  ExecutionTime = 71.06 s  ClockTime = 38 s  Iteration 190 (0.44 s)

Replicated mesh migration[22]: rank 0 sent 7225 parcels, received 3011 (global 26837) wall 0.01799857s [pack 0.001488905s MPI 0.002217732s deser 0.002696522s]
dsmcVolFields final profiling [mixture]
    calls                 = 199
    sample accumulation   = 8.606773705 s
    shared cache build    = 7.740218586 s
      cache allocate      = 0.009243524 s
      cache reset         = 0 s
      parcel accumulate   = 7.718186858 s
    field combine         = 0.866122793 s
    cell reduction        = 0.059283978 s
    boundary accumulation = 0.028243055 s
    output compute        = 0 s
    field writes          = 0 s
    output reset          = 0 s
    output-time block     = 0 s
      detail sample cells = 169277
      detail sample parcels = 3673625
      base accum (sampled)= 0 s
      vib accum (sampled) = 0 s
      electronic (sampled)= 0 s
      class accum (sampled)= 0 s

Time = 2e-05

    Collisions                      = 16058
    Collision candidates           = 27742
    Collision acceptance rate      = 0.5788335376

    Number of DSMC particles        = 2220249
    Number of stuck particles       = 0
    Number of free particles        = 2220249
    Average linear kinetic energy   = 1.04630504e-18
    Average rotational energy       = 7.421480832e-21
    Average vibrational energy      = 6.772445783e-22
    Average electronic energy       = 0
    Total energy                    = 1.170519453

Stage 1.0  ExecutionTime = 74.99 s  ClockTime = 40 s  Iteration 200 (0.45 s)

End stage 1


DSMC solver profile summary
    solver profile steps          = 200
    move+collide wall [s]         = 28.44949555
    move only [s]                 = 24.29623551
    buildCellOccupancy [s]        = 2.281908954
    collision phase [s]           = 1.50537525
    post fields/output [s]        = 9.54272776
    total profiled [s]            = 37.62624747
    full evolve wall [s]          = 35.48294636
    move+collide cpu [s]          = 54.67
    move only cpu [s]             = 47.04
    buildCellOccupancy cpu [s]    = 4.21
    collision phase cpu [s]       = 2.96
    post fields/output cpu [s]    = 18.48
    total profiled cpu [s]        = 72.69
    full evolve cpu [s]           = 68.41
    profile detail                = basic-stage timers only
    OpenMP enabled                = 1
    OpenMP max threads            = 2
    OpenMP move                   = 1 (static, chunk 64)
    OpenMP collision              = dynamic, chunk 8


Replicated mesh profiling summary:
    migration calls             = 22
    migration wall time [s]     = 0.465396443
    local particles (final)     = 566153
    particles per rank          = min 462742 max 705790 max/min 1.525234364
    rank wall time (evolve, 200 steps): min 49.36 max 54.13 max/min 1.096636953
    Phase C auto DLB checks      = 200
    Phase C auto DLB rebalances = 1
    Phase C auto DLB triggered checks = 1
    Phase C auto DLB wall max [s]= 0.341256573
    Phase C auto DLB check max [s]= 0.006350992
    Phase C ParMETIS max [s]     = 0.181382206
    Phase C migration max [s]    = 0.25453025
    Phase C cellOwner write max [s] = 0
    Phase C post-diagnostic max [s] = 6.8438e-05
    Phase C auto DLB accounted max [s] = 0.442331886
    Phase C auto DLB residual max [s] = -0.101075313

Total Iterations = 200
End main

real 40.19
user 284.80
sys 16.25
