/*---------------------------------------------------------------------------*\
| =========                 |                                                 |
| \\      /  F ield         | OpenFOAM: The Open Source CFD Toolbox           |
|  \\    /   O peration     | Version:  v1706                                 |
|   \\  /    A nd           | Web:      www.OpenFOAM.com                      |
|    \\/     M anipulation  |                                                 |
\*---------------------------------------------------------------------------*/
Build  : v1706
Arch   : "LSB;label=32;scalar=64"
Exec   : dsmcFoam+
Date   : Jun 08 2026
Time   : 13:06:06
Host   : "SuperXCX-ROG"
PID    : 991598
/*---------------------------------------------------------------------------*\
| =========                 |                                                 |
| \\      /  F ield         | OpenFOAM: The Open Source CFD Toolbox           |
|  \\    /   O peration     | Version:  v1706                                 |
|   \\  /    A nd           | Web:      www.OpenFOAM.com                      |
|    \\/     M anipulation  |                                                 |
\*---------------------------------------------------------------------------*/
Build  : v1706
Arch   : "LSB;label=32;scalar=64"
Exec   : dsmcFoam+
Date   : Jun 08 2026
Time   : 13:06:06
Host   : "SuperXCX-ROG"
PID    : 991599
Case   : /home/superxcx/code/OpenFoam/OF-1706/hyStrath_dlb/run/hyStrath/dsmcFoam+/xcx_test/zb-cylinder-react/mpi4omp2
nProcs : 1
sigFpe : Enabling floating point exception trapping (FOAM_SIGFPE).
fileModificationChecking : Monitoring run-time modified files using timeStampMaster (fileModificationSkew 10)
allowSystemOperations : Allowing user-supplied system call operations

// * * * * * * * * * * * * * * * * * * * * * * * * * * * * * * * * * * * * * //
Create time

Case   : /home/superxcx/code/OpenFoam/OF-1706/hyStrath_dlb/run/hyStrath/dsmcFoam+/xcx_test/zb-cylinder-react/mpi4omp2
nProcs : 1
sigFpe : Enabling floating point exception trapping (FOAM_SIGFPE).
fileModificationChecking : Monitoring run-time modified files using timeStampMaster (fileModificationSkew 10)
allowSystemOperations : Allowing user-supplied system call operations

// * * * * * * * * * * * * * * * * * * * * * * * * * * * * * * * * * * * * * //
Create time

/*---------------------------------------------------------------------------*\
| =========                 |                                                 |
| \\      /  F ield         | OpenFOAM: The Open Source CFD Toolbox           |
|  \\    /   O peration     | Version:  v1706                                 |
|   \\  /    A nd           | Web:      www.OpenFOAM.com                      |
|    \\/     M anipulation  |                                                 |
\*---------------------------------------------------------------------------*/
Build  : v1706
Arch   : "LSB;label=32;scalar=64"
Exec   : dsmcFoam+
Date   : Jun 08 2026
Time   : 13:06:06
Host   : "SuperXCX-ROG"
PID    : 991597
Create mesh for time = 0

Selecting dynamicFvMesh dynamicRefineFvMesh
Create mesh for time = 0

Selecting dynamicFvMesh dynamicRefineFvMesh
/*---------------------------------------------------------------------------*\
| =========                 |                                                 |
| \\      /  F ield         | OpenFOAM: The Open Source CFD Toolbox           |
|  \\    /   O peration     | Version:  v1706                                 |
|   \\  /    A nd           | Web:      www.OpenFOAM.com                      |
|    \\/     M anipulation  |                                                 |
\*---------------------------------------------------------------------------*/
Build  : v1706
Arch   : "LSB;label=32;scalar=64"
Exec   : dsmcFoam+
Date   : Jun 08 2026
Time   : 13:06:06
Host   : "SuperXCX-ROG"
PID    : 991600
Case   : /home/superxcx/code/OpenFoam/OF-1706/hyStrath_dlb/run/hyStrath/dsmcFoam+/xcx_test/zb-cylinder-react/mpi4omp2
nProcs : 1
sigFpe : Enabling floating point exception trapping (FOAM_SIGFPE).
Case   : /home/superxcx/code/OpenFoam/OF-1706/hyStrath_dlb/run/hyStrath/dsmcFoam+/xcx_test/zb-cylinder-react/mpi4omp2
nProcs : 1
sigFpe : Enabling floating point exception trapping (FOAM_SIGFPE).
fileModificationChecking : Monitoring run-time modified files using timeStampMaster (fileModificationSkew 10)
allowSystemOperations : Allowing user-supplied system call operations

fileModificationChecking : Monitoring run-time modified files using timeStampMaster (fileModificationSkew 10)
allowSystemOperations : Allowing user-supplied system call operations

// * * * * * * * * * * * * * * * * * * * * * * * * * * * * * * * * * * * * * //
Create time

// * * * * * * * * * * * * * * * * * * * * * * * * * * * * * * * * * * * * * //
Create time

Create mesh for time = 0

Create mesh for time = 0

Selecting dynamicFvMesh dynamicRefineFvMesh
Selecting dynamicFvMesh dynamicRefineFvMesh

Constructing dsmcCloud 

Constructing dsmcCloud 

Constructing dsmcCloud 

Constructing dsmcCloud 
Selecting the coordinate system model:	dsmcCartesian

Selecting the time-step model:	dsmcConstantTimeStepModel

Constant time-step model:
- time-step [sec]	6.640048894e-08

Selecting the porous measurement model:	dsmcNoPorousMediumMeasurements


Creating dsmcControllers

Creating fields: 

Selecting field: dsmcVolFields

TimeData Statistics: 
 measurement option: write
 nSamples: 1, time interval: 6.640048894e-08
 nAverages: 15060, time interval: 0.0009999913634
 total no. of sampling steps: 0
 total no. of averaging Steps: 0


Selecting the coordinate system model:	dsmcCartesian

Selecting the time-step model:	dsmcConstantTimeStepModel

Constant time-step model:
- time-step [sec]	6.640048894e-08

Selecting the porous measurement model:	dsmcNoPorousMediumMeasurements


Creating dsmcControllers

Creating fields: 

Selecting field: dsmcVolFields

TimeData Statistics: 
 measurement option: write
 nSamples: 1, time interval: 6.640048894e-08
 nAverages: 15060, time interval: 0.0009999913634
 total no. of sampling steps: 0
 total no. of averaging Steps: 0


Selecting the coordinate system model:	dsmcCartesian

Selecting the time-step model:	dsmcConstantTimeStepModel

Constant time-step model:
- time-step [sec]	6.640048894e-08

Selecting the porous measurement model:	dsmcNoPorousMediumMeasurements


Creating dsmcControllers

Selecting the coordinate system model:	dsmcCartesian

Selecting the time-step model:	dsmcConstantTimeStepModel

Creating fields: 

Selecting field: dsmcVolFields

TimeData Statistics: 
 measurement option: write
 nSamples: 1, time interval: 6.640048894e-08
 nAverages: 15060, time interval: 0.0009999913634
 total no. of sampling steps: 0
 total no. of averaging Steps: 0


Constant time-step model:
- time-step [sec]	6.640048894e-08

Selecting the porous measurement model:	dsmcNoPorousMediumMeasurements


Creating dsmcControllers

Creating fields: 

Selecting field: dsmcVolFields

TimeData Statistics: 
 measurement option: write
 nSamples: 1, time interval: 6.640048894e-08
 nAverages: 15060, time interval: 0.0009999913634
 total no. of sampling steps: 0
 total no. of averaging Steps: 0


Selecting field: dsmcVolFields

TimeData Statistics: 
 measurement option: write
 nSamples: 1, time interval: 6.640048894e-08
 nAverages: 15060, time interval: 0.0009999913634
 total no. of sampling steps: 0
 total no. of averaging Steps: 0


Selecting field: dsmcVolFields

TimeData Statistics: 
 measurement option: write
 nSamples: 1, time interval: 6.640048894e-08
 nAverages: 15060, time interval: 0.0009999913634
 total no. of sampling steps: 0
 total no. of averaging Steps: 0


Selecting field: dsmcVolFields

TimeData Statistics: 
 measurement option: write
 nSamples: 1, time interval: 6.640048894e-08
 nAverages: 15060, time interval: 0.0009999913634
 total no. of sampling steps: 0
 total no. of averaging Steps: 0


Selecting field: dsmcVolFields

TimeData Statistics: 
 measurement option: write
 nSamples: 1, time interval: 6.640048894e-08
 nAverages: 15060, time interval: 0.0009999913634
 total no. of sampling steps: 0
 total no. of averaging Steps: 0


Selecting field: dsmcVolFields

TimeData Statistics: 
 measurement option: write
 nSamples: 1, time interval: 6.640048894e-08
 nAverages: 15060, time interval: 0.0009999913634
 total no. of sampling steps: 0
 total no. of averaging Steps: 0


Selecting field: dsmcVolFields

TimeData Statistics: 
 measurement option: write
 nSamples: 1, time interval: 6.640048894e-08
 nAverages: 15060, time interval: 0.0009999913634
 total no. of sampling steps: 0
 total no. of averaging Steps: 0


Selecting field: dsmcVolFields

TimeData Statistics: 
 measurement option: write
 nSamples: 1, time interval: 6.640048894e-08
 nAverages: 15060, time interval: 0.0009999913634
 total no. of sampling steps: 0
 total no. of averaging Steps: 0


Selecting field: dsmcVolFields

TimeData Statistics: 
 measurement option: write
 nSamples: 1, time interval: 6.640048894e-08
 nAverages: 15060, time interval: 0.0009999913634
 total no. of sampling steps: 0
 total no. of averaging Steps: 0


Selecting field: dsmcVolFields

TimeData Statistics: 
 measurement option: write
 nSamples: 1, time interval: 6.640048894e-08
 nAverages: 15060, time interval: 0.0009999913634
 total no. of sampling steps: 0
 total no. of averaging Steps: 0


Selecting field: dsmcVolFields

TimeData Statistics: 
 measurement option: write
 nSamples: 1, time interval: 6.640048894e-08
 nAverages: 15060, time interval: 0.0009999913634
 total no. of sampling steps: 0
 total no. of averaging Steps: 0


Selecting field: dsmcVolFields

TimeData Statistics: 
 measurement option: write
 nSamples: 1, time interval: 6.640048894e-08
 nAverages: 15060, time interval: 0.0009999913634
 total no. of sampling steps: 0
 total no. of averaging Steps: 0


Selecting field: dsmcVolFields

TimeData Statistics: 
 measurement option: write
 nSamples: 1, time interval: 6.640048894e-08
 nAverages: 15060, time interval: 0.0009999913634
 total no. of sampling steps: 0
 total no. of averaging Steps: 0


Selecting field: dsmcVolFields

TimeData Statistics: 
 measurement option: write
 nSamples: 1, time interval: 6.640048894e-08
 nAverages: 15060, time interval: 0.0009999913634
 total no. of sampling steps: 0
 total no. of averaging Steps: 0


Selecting field: dsmcVolFields

TimeData Statistics: 
 measurement option: write
 nSamples: 1, time interval: 6.640048894e-08
 nAverages: 15060, time interval: 0.0009999913634
 total no. of sampling steps: 0
 total no. of averaging Steps: 0


Selecting field: dsmcVolFields

TimeData Statistics: 
 measurement option: write
 nSamples: 1, time interval: 6.640048894e-08
 nAverages: 15060, time interval: 0.0009999913634
 total no. of sampling steps: 0
 total no. of averaging Steps: 0


Selecting field: dsmcVolFields

TimeData Statistics: 
 measurement option: write
 nSamples: 1, time interval: 6.640048894e-08
 nAverages: 15060, time interval: 0.0009999913634
 total no. of sampling steps: 0
 total no. of averaging Steps: 0


Selecting field: dsmcVolFields

TimeData Statistics: 
 measurement option: write
 nSamples: 1, time interval: 6.640048894e-08
 nAverages: 15060, time interval: 0.0009999913634
 total no. of sampling steps: 0
 total no. of averaging Steps: 0


Selecting field: dsmcVolFields

TimeData Statistics: 
 measurement option: write
 nSamples: 1, time interval: 6.640048894e-08
 nAverages: 15060, time interval: 0.0009999913634
 total no. of sampling steps: 0
 total no. of averaging Steps: 0


Selecting field: dsmcVolFields

TimeData Statistics: 
 measurement option: write
 nSamples: 1, time interval: 6.640048894e-08
 nAverages: 15060, time interval: 0.0009999913634
 total no. of sampling steps: 0
 total no. of averaging Steps: 0


Selecting field: dsmcVolFields

TimeData Statistics: 
 measurement option: write
 nSamples: 1, time interval: 6.640048894e-08
 nAverages: 15060, time interval: 0.0009999913634
 total no. of sampling steps: 0
 total no. of averaging Steps: 0


Creating the boundary models: 

Selecting dsmcPatchBoundaryModel dsmcDeletionPatch
Selecting dsmcPatchBoundaryModel dsmcDeletionPatch
Selecting dsmcPatchBoundaryModel dsmcDiffuseWallPatch
Selecting dsmcGeneralBoundaryModel dsmcFreeStreamInflowPatch
Creating the boundary models: 

Selecting dsmcPatchBoundaryModel dsmcDeletionPatch
Selecting dsmcPatchBoundaryModel dsmcDeletionPatch
Selecting dsmcPatchBoundaryModel dsmcDiffuseWallPatch
Selecting dsmcGeneralBoundaryModel dsmcFreeStreamInflowPatch
Selecting BinaryCollisionModel LarsenBorgnakkeVariableHardSphere

Creating dsmcReactions

Selecting the reaction model dissociationQK
Selecting the reaction model dissociationExchangeQK
Selecting the reaction model dissociationQK
Selecting the reaction model dissociationQK
Selecting the reaction model dissociationQK
Selecting the reaction model dissociationQK
Selecting the reaction model dissociationQK
Selecting the reaction model dissociationExchangeQK
Selecting the reaction model dissociationQK
Selecting the reaction model dissociationExchangeQK
Selecting the reaction model dissociationExchangeQK
Selecting the reaction model dissociationQK
Number of reactions created: 12
Selecting BinaryCollisionModel LarsenBorgnakkeVariableHardSphere

Creating dsmcReactions

Selecting the reaction model dissociationQK
Selecting the reaction model dissociationExchangeQK
Selecting the reaction model dissociationQK
Selecting the reaction model dissociationQK
Selecting the reaction model dissociationQK
Selecting the reaction model dissociationQK
Selecting the reaction model dissociationQK
Selecting the reaction model dissociationExchangeQK
Selecting the reaction model dissociationQK
Selecting the reaction model dissociationExchangeQK
Selecting the reaction model dissociationExchangeQK
Selecting the reaction model dissociationQK
Number of reactions created: 12
Creating the boundary models: 

Selecting dsmcPatchBoundaryModel dsmcDeletionPatch
Selecting dsmcPatchBoundaryModel dsmcDeletionPatch
Selecting dsmcPatchBoundaryModel dsmcDiffuseWallPatch
Selecting dsmcGeneralBoundaryModel dsmcFreeStreamInflowPatch
Selecting BinaryCollisionModel LarsenBorgnakkeVariableHardSphere

Creating dsmcReactions

Selecting the reaction model dissociationQK
Selecting the reaction model dissociationExchangeQK
Selecting the reaction model dissociationQK
Selecting the reaction model dissociationQK
Selecting the reaction model dissociationQK
Selecting the reaction model dissociationQK
Selecting the reaction model dissociationQK
Selecting the reaction model dissociationExchangeQK
Selecting the reaction model dissociationQK
Selecting the reaction model dissociationExchangeQK
Selecting the reaction model dissociationExchangeQK
Selecting the reaction model dissociationQK
Number of reactions created: 12
Creating the boundary models: 

Selecting dsmcPatchBoundaryModel dsmcDeletionPatch
Selecting dsmcPatchBoundaryModel dsmcDeletionPatch
Selecting dsmcPatchBoundaryModel dsmcDiffuseWallPatch
Selecting dsmcGeneralBoundaryModel dsmcFreeStreamInflowPatch
Selecting BinaryCollisionModel LarsenBorgnakkeVariableHardSphere

Creating dsmcReactions

Selecting the reaction model dissociationQK
Selecting the reaction model dissociationExchangeQK
Selecting the reaction model dissociationQK
Selecting the reaction model dissociationQK
Selecting the reaction model dissociationQK
Selecting the reaction model dissociationQK
Selecting the reaction model dissociationQK
Selecting the reaction model dissociationExchangeQK
Selecting the reaction model dissociationQK
Selecting the reaction model dissociationExchangeQK
Selecting the reaction model dissociationExchangeQK
Selecting the reaction model dissociationQK
Number of reactions created: 12

Constructing constant properties for
	N2
	O2
	NO
	N
	O

Constructing constant properties for
	N2
	O2
	NO
	N
	O

Constructing constant properties for
	N2
	O2
	NO
	N
	O

Constructing constant properties for
	N2
	O2
	NO
	N
	O
Selecting collisionPartnerSelectionModel noTimeCounter

Initialising the measurement fields

Initialising dsmcVolFields field
Initialising dsmcVolFields field
Initialising dsmcVolFields field
Initialising dsmcVolFields field
Initialising dsmcVolFields field
Initialising dsmcVolFields field
Selecting collisionPartnerSelectionModel noTimeCounter

Initialising the measurement fields

Initialising dsmcVolFields field
Initialising dsmcVolFields field
Initialising dsmcVolFields field
Initialising dsmcVolFields field
Initialising dsmcVolFields field
Initialising dsmcVolFields field
Selecting collisionPartnerSelectionModel noTimeCounter

Initialising the measurement fields

Initialising dsmcVolFields field
Initialising dsmcVolFields field
Initialising dsmcVolFields field
Initialising dsmcVolFields field
Initialising dsmcVolFields field
Selecting collisionPartnerSelectionModel noTimeCounter

Initialising the measurement fields

Initialising dsmcVolFields field
Initialising dsmcVolFields field
Initialising dsmcVolFields field
Initialising dsmcVolFields field
Initialising dsmcVolFields field
Initialising dsmcVolFields field
Initialising dsmcVolFields field
Replicated mesh: METIS decomposition complete, 60000 cells -> 4 ranks
Replicated mesh: rank 0 owns 15022 / 60000 cells
Local mesh: 15022 owned + 492 halo = 15514 / 60000 cells
Replicated mesh: no-Alltoall async migration enabled
Replicated mesh: flatTransfer=1 found=1
Replicated mesh: flat POD transfer enabled
Phase C auto DLB: enabled (ParMETIS AdaptiveRepart), imbalanceThreshold=1.5, dlbSteps=50, sarSteps=10, triggerMode=legacyWindow, minGapSteps=50, checkCollective=allgather, skipFixedKPostDiag=0
Replicated mesh: initialized with 4 MPI ranks, migrate interval 10

Starting time loop

Replicated mesh: initial particle distribution

Replicated mesh: rank 0 kept 201681 parcels, deleted 1105064 non-owned parcels
Time = 6.640048894e-07

    Collisions                      = 25723
    Collision candidates           = 34272
    Collision acceptance rate      = 0.7505543884

    Number of DSMC particles        = 1330299
    Number of stuck particles       = 0
    Number of free particles        = 1330299
    Average linear kinetic energy   = 1.89360976e-19
    Average rotational energy       = 1.327064702e-21
    Average vibrational energy      = 8.181366708e-26
    Average electronic energy       = 0
    Total energy                    = 0.001522033312

Stage 1.0  ExecutionTime = 7.34 s  ClockTime = 6 s  Iteration 10 (0.37 s)

Time = 1.328009779e-06

    Collisions                      = 35847
    Collision candidates           = 54409
    Collision acceptance rate      = 0.6588432061

    Number of DSMC particles        = 1353903
    Number of stuck particles       = 0
    Number of free particles        = 1353903
    Average linear kinetic energy   = 1.865998713e-19
    Average rotational energy       = 1.557913481e-21
    Average vibrational energy      = 1.033930078e-25
    Average electronic energy       = 0
    Total energy                    = 0.001528485176

Stage 1.0  ExecutionTime = 10.95 s  ClockTime = 8 s  Iteration 20 (0.42 s)

Time = 1.992014668e-06

    Collisions                      = 45793
    Collision candidates           = 74539
    Collision acceptance rate      = 0.6143495351

    Number of DSMC particles        = 1377469
    Number of stuck particles       = 0
    Number of free particles        = 1377469
    Average linear kinetic energy   = 1.841378667e-19
    Average rotational energy       = 1.876305781e-21
    Average vibrational energy      = 1.130604899e-25
    Average electronic energy       = 0
    Total energy                    = 0.001537373472

Stage 1.0  ExecutionTime = 14.64 s  ClockTime = 10 s  Iteration 30 (0.43 s)

Time = 2.656019558e-06

    Collisions                      = 56312
    Collision candidates           = 95664
    Collision acceptance rate      = 0.5886435859

    Number of DSMC particles        = 1401024
    Number of stuck particles       = 0
    Number of free particles        = 1401024
    Average linear kinetic energy   = 1.819276565e-19
    Average rotational energy       = 2.275346729e-21
    Average vibrational energy      = 1.888432743e-25
    Average electronic energy       = 0
    Total energy                    = 0.001548438558

Stage 1.0  ExecutionTime = 18.52 s  ClockTime = 12 s  Iteration 40 (0.45 s)

Time = 3.320024447e-06

    Collisions                      = 65850
    Collision candidates           = 116166
    Collision acceptance rate      = 0.5668612158

    Number of DSMC particles        = 1424460
    Number of stuck particles       = 0
    Number of free particles        = 1424460
    Average linear kinetic energy   = 1.79885116e-19
    Average rotational energy       = 2.711874175e-21
    Average vibrational energy      = 5.245357307e-25
    Average electronic energy       = 0
    Total energy                    = 0.001560617135

Stage 1.0  ExecutionTime = 22.51 s  ClockTime = 13 s  Iteration 50 (0.44 s)

Time = 3.984029336e-06

    Collisions                      = 75875
    Collision candidates           = 136287
    Collision acceptance rate      = 0.5567295487

    Number of DSMC particles        = 1447589
    Number of stuck particles       = 0
    Number of free particles        = 1447589
    Average linear kinetic energy   = 1.779959137e-19
    Average rotational energy       = 3.183774469e-21
    Average vibrational energy      = 6.774068209e-25
    Average electronic energy       = 0
    Total energy                    = 0.001573648225

Stage 1.0  ExecutionTime = 26.55 s  ClockTime = 15 s  Iteration 60 (0.45 s)

Time = 4.648034226e-06

    Collisions                      = 85148
    Collision candidates           = 155309
    Collision acceptance rate      = 0.5482489746

    Number of DSMC particles        = 1471256
    Number of stuck particles       = 0
    Number of free particles        = 1471256
    Average linear kinetic energy   = 1.762485622e-19
    Average rotational energy       = 3.68418288e-21
    Average vibrational energy      = 1.100874442e-24
    Average electronic energy       = 0
    Total energy                    = 0.001588372502

Stage 1.0  ExecutionTime = 30.76 s  ClockTime = 17 s  Iteration 70 (0.45 s)

Time = 5.312039115e-06

    Collisions                      = 94138
    Collision candidates           = 173794
    Collision acceptance rate      = 0.5416642692

    Number of DSMC particles        = 1494364
    Number of stuck particles       = 0
    Number of free particles        = 1494364
    Average linear kinetic energy   = 1.746361405e-19
    Average rotational energy       = 4.180396609e-21
    Average vibrational energy      = 1.396260295e-24
    Average electronic energy       = 0
    Total energy                    = 0.001603314494

Stage 1.0  ExecutionTime = 35 s  ClockTime = 19 s  Iteration 80 (0.46 s)

Time = 5.976044005e-06

    Collisions                      = 103064
    Collision candidates           = 192220
    Collision acceptance rate      = 0.5361772968

    Number of DSMC particles        = 1517616
    Number of stuck particles       = 0
    Number of free particles        = 1517616
    Average linear kinetic energy   = 1.730926229e-19
    Average rotational energy       = 4.69518537e-21
    Average vibrational energy      = 1.538822642e-24
    Average electronic energy       = 0
    Total energy                    = 0.001618895747

Stage 1.0  ExecutionTime = 39.39 s  ClockTime = 22 s  Iteration 90 (0.48 s)

Time = 6.640048894e-06

    Collisions                      = 110156
    Collision candidates           = 208643
    Collision acceptance rate      = 0.5279640343

    Number of DSMC particles        = 1540823
    Number of stuck particles       = 0
    Number of free particles        = 1540823
    Average linear kinetic energy   = 1.716535496e-19
    Average rotational energy       = 5.214697544e-21
    Average vibrational energy      = 2.091185791e-24
    Average electronic energy       = 0
    Total energy                    = 0.001635155312

Stage 1.0  ExecutionTime = 43.95 s  ClockTime = 24 s  Iteration 100 (0.56 s)

Time = 7.304053783e-06

    Collisions                      = 119407
    Collision candidates           = 226343
    Collision acceptance rate      = 0.527548897


Phase C auto DLB triggered (SAR) at step 110: sar=0.002356883139 loadImbalance=1.07737883 threshold=1.5
Phase C ParMETIS: alpha=0.8 ncon=2 ubvec=[1.049999952,1.5] moveRatio=0.6154067685 (moveT=10.33664389s, collT=6.459797778s)
Phase C ParMETIS: AdaptiveRepart (60000 cells, 2 constraints, ubvec=1.049999952)
Replicated mesh: rank 0 owns 15925 / 60000 cells
Local mesh: 15925 owned + 607 halo = 16532 / 60000 cells
Phase C ParMETIS AdaptiveRepart: 59834 / 60000 cells changed (0.9972333333)
Phase C auto DLB complete: rebalance #1

    Number of DSMC particles        = 1563839
    Number of stuck particles       = 0
    Number of free particles        = 1563839
    Average linear kinetic energy   = 1.702916323e-19
    Average rotational energy       = 5.73153409e-21
    Average vibrational energy      = 2.44776307e-24
    Average electronic energy       = 0
    Total energy                    = 0.001651654323

Stage 1.0  ExecutionTime = 49.07 s  ClockTime = 27 s  Iteration 110 (1.08 s)

Time = 7.968058673e-06

    Collisions                      = 118282
    Collision candidates           = 202647
    Collision acceptance rate      = 0.58368493

    Number of DSMC particles        = 1586447
    Number of stuck particles       = 0
    Number of free particles        = 1586447
    Average linear kinetic energy   = 1.690350687e-19
    Average rotational energy       = 6.100815156e-21
    Average vibrational energy      = 2.657959703e-24
    Average electronic energy       = 0
    Total energy                    = 0.001667088086

Stage 1.0  ExecutionTime = 53.58 s  ClockTime = 29 s  Iteration 120 (0.49 s)

Time = 8.632063562e-06

    Collisions                      = 126295
    Collision candidates           = 225098
    Collision acceptance rate      = 0.5610667354

    Number of DSMC particles        = 1609150
    Number of stuck particles       = 0
    Number of free particles        = 1609150
    Average linear kinetic energy   = 1.677538783e-19
    Average rotational energy       = 6.608382114e-21
    Average vibrational energy      = 3.141968667e-24
    Average electronic energy       = 0
    Total energy                    = 0.001683480524

Stage 1.0  ExecutionTime = 58.39 s  ClockTime = 32 s  Iteration 130 (0.51 s)

Time = 9.296068452e-06

    Collisions                      = 134445
    Collision candidates           = 243310
    Collision acceptance rate      = 0.5525666845

    Number of DSMC particles        = 1631434
    Number of stuck particles       = 0
    Number of free particles        = 1631434
    Average linear kinetic energy   = 1.665610055e-19
    Average rotational energy       = 7.092793901e-21
    Average vibrational energy      = 3.765734524e-24
    Average electronic energy       = 0
    Total energy                    = 0.001699865137

Stage 1.0  ExecutionTime = 63.37 s  ClockTime = 34 s  Iteration 140 (0.55 s)

Time = 9.960073341e-06

    Collisions                      = 142063
    Collision candidates           = 260649
    Collision acceptance rate      = 0.545035661

    Number of DSMC particles        = 1653717
    Number of stuck particles       = 0
    Number of free particles        = 1653717
    Average linear kinetic energy   = 1.654116611e-19
    Average rotational energy       = 7.575655842e-21
    Average vibrational energy      = 4.794847889e-24
    Average electronic energy       = 0
    Total energy                    = 0.001716479977

Stage 1.0  ExecutionTime = 68.59 s  ClockTime = 37 s  Iteration 150 (0.57 s)

Time = 1.062407823e-05

    Collisions                      = 148605
    Collision candidates           = 276052
    Collision acceptance rate      = 0.53832249

    Number of DSMC particles        = 1675822
    Number of stuck particles       = 0
    Number of free particles        = 1675822
    Average linear kinetic energy   = 1.643155465e-19
    Average rotational energy       = 8.058693655e-21
    Average vibrational energy      = 5.242405383e-24
    Average electronic energy       = 0
    Total energy                    = 0.001733263976

Stage 1.0  ExecutionTime = 74 s  ClockTime = 40 s  Iteration 160 (0.61 s)

Time = 1.128808312e-05

    Collisions                      = 155258
    Collision candidates           = 290254
    Collision acceptance rate      = 0.5349039117

    Number of DSMC particles        = 1697517
    Number of stuck particles       = 0
    Number of free particles        = 1697517
    Average linear kinetic energy   = 1.632891989e-19
    Average rotational energy       = 8.515949189e-21
    Average vibrational energy      = 5.926438724e-24
    Average electronic energy       = 0
    Total energy                    = 0.001749913319

Stage 1.0  ExecutionTime = 79.63 s  ClockTime = 43 s  Iteration 170 (0.61 s)

Dissociation reaction O2 + N2 --> O + O + N2 is active, nReactions this time step = 1
Dissociation reaction O2 + N2 --> O + O + N2 is active, nReactions this time step = 0
Dissociation reaction O2 + N2 --> O + O + N2 is active, nReactions this time step = 0
Dissociation reaction O2 + N2 --> O + O + N2 is active, nReactions this time step = 0
Dissociation reaction O2 + N2 --> O + O + N2 is active, nReactions this time step = 0
Dissociation reaction O2 + N2 --> O + O + N2 is active, nReactions this time step = 0
Dissociation reaction O2 + N2 --> O + O + N2 is active, nReactions this time step = 0
Time = 1.195208801e-05

    Collisions                      = 161251
    Collision candidates           = 303909
    Collision acceptance rate      = 0.5305897489

Dissociation reaction O2 + N2 --> O + O + N2 is active, nReactions this time step = 0
    Number of DSMC particles        = 1719308
    Number of stuck particles       = 0
    Number of free particles        = 1719308
    Average linear kinetic energy   = 1.623264528e-19
    Average rotational energy       = 8.941412386e-21
    Average vibrational energy      = 7.018259465e-24
    Average electronic energy       = 0
    Total energy                    = 0.001766845664

Stage 1.0  ExecutionTime = 85.53 s  ClockTime = 45 s  Iteration 180 (0.66 s)

Dissociation reaction O2 + N2 --> O + O + N2 is active, nReactions this time step = 0
Dissociation reaction O2 + N2 --> O + O + N2 is active, nReactions this time step = 1
Dissociation reaction O2 + N2 --> O + O + N2 is active, nReactions this time step = 0
Dissociation reaction O2 + N2 --> O + O + N2 is active, nReactions this time step = 0
Dissociation reaction O2 + N2 --> O + O + N2 is active, nReactions this time step = 0
Dissociation reaction O2 + N2 --> O + O + N2 is active, nReactions this time step = 0
Dissociation reaction O2 + N2 --> O + O + N2 is active, nReactions this time step = 0
Dissociation reaction O2 + N2 --> O + O + N2 is active, nReactions this time step = 0
Dissociation reaction O2 + N2 --> O + O + N2 is active, nReactions this time step = 0
Time = 1.26160929e-05

    Collisions                      = 167951
    Collision candidates           = 317794
    Collision acceptance rate      = 0.528490154

Dissociation reaction O2 + N2 --> O + O + N2 is active, nReactions this time step = 0
    Number of DSMC particles        = 1740569
    Number of stuck particles       = 0
    Number of free particles        = 1740569
    Average linear kinetic energy   = 1.614047689e-19
    Average rotational energy       = 9.382279888e-21
    Average vibrational energy      = 8.031732946e-24
    Average electronic energy       = 0
    Total energy                    = 0.001783683735

Stage 1.0  ExecutionTime = 91.63 s  ClockTime = 48 s  Iteration 190 (0.68 s)

Dissociation reaction O2 + N2 --> O + O + N2 is active, nReactions this time step = 0
Dissociation reaction O2 + N2 --> O + O + N2 is active, nReactions this time step = 0
Dissociation reaction O2 + N2 --> O + O + N2 is active, nReactions this time step = 0
Dissociation reaction O2 + N2 --> O + O + N2 is active, nReactions this time step = 0
Dissociation reaction O2 + N2 --> O + O + N2 is active, nReactions this time step = 0
Dissociation reaction O2 + N2 --> O + O + N2 is active, nReactions this time step = 0
Dissociation reaction O2 + N2 --> O + O + N2 is active, nReactions this time step = 0
Dissociation reaction O2 + N2 --> O + O + N2 is active, nReactions this time step = 0
Dissociation reaction O2 + N2 --> O + O + N2 is active, nReactions this time step = 0
Time = 1.328009779e-05

    Collisions                      = 174022
    Collision candidates           = 331549
    Collision acceptance rate      = 0.5248756594

Dissociation reaction O2 + N2 --> O + O + N2 is active, nReactions this time step = 0
    Number of DSMC particles        = 1761375
    Number of stuck particles       = 0
    Number of free particles        = 1761375
    Average linear kinetic energy   = 1.604860689e-19
    Average rotational energy       = 9.817842646e-21
    Average vibrational energy      = 8.581393773e-24
    Average electronic energy       = 0
    Total energy                    = 0.001799905004

Stage 1.0  ExecutionTime = 97.87 s  ClockTime = 51 s  Iteration 200 (0.68 s)

Dissociation reaction O2 + N2 --> O + O + N2 is active, nReactions this time step = 0
Dissociation reaction O2 + N2 --> O + O + N2 is active, nReactions this time step = 0
Dissociation reaction O2 + N2 --> O + O + N2 is active, nReactions this time step = 0
Dissociation reaction O2 + N2 --> O + O + N2 is active, nReactions this time step = 0
Dissociation reaction O2 + N2 --> O + O + N2 is active, nReactions this time step = 0
Dissociation reaction O2 + N2 --> O + O + N2 is active, nReactions this time step = 0
Dissociation reaction O2 + N2 --> O + O + N2 is active, nReactions this time step = 0
Dissociation reaction O2 + N2 --> O + O + N2 is active, nReactions this time step = 0
Dissociation reaction O2 + N2 --> O + O + N2 is active, nReactions this time step = 0
Time = 1.394410268e-05

    Collisions                      = 180954
    Collision candidates           = 345265
    Collision acceptance rate      = 0.5241017769

Dissociation reaction O2 + N2 --> O + O + N2 is active, nReactions this time step = 0
    Number of DSMC particles        = 1782076
    Number of stuck particles       = 0
    Number of free particles        = 1782076
    Average linear kinetic energy   = 1.596087272e-19
    Average rotational energy       = 1.02277331e-20
    Average vibrational energy      = 8.910026738e-24
    Average electronic energy       = 0
    Total energy                    = 0.001816064149

Stage 1.0  ExecutionTime = 104.28 s  ClockTime = 54 s  Iteration 210 (0.68 s)

Dissociation reaction O2 + N2 --> O + O + N2 is active, nReactions this time step = 0
Dissociation reaction O2 + N2 --> O + O + N2 is active, nReactions this time step = 0
Dissociation reaction O2 + N2 --> O + O + N2 is active, nReactions this time step = 0
Dissociation reaction O2 + N2 --> O + O + N2 is active, nReactions this time step = 0
Dissociation reaction O2 + N2 --> O + O + N2 is active, nReactions this time step = 0
Dissociation reaction O2 + N2 --> O + O + N2 is active, nReactions this time step = 0
Dissociation reaction O2 + N2 --> O + O + N2 is active, nReactions this time step = 0
Dissociation reaction O2 + N2 --> O + O + N2 is active, nReactions this time step = 0
Dissociation reaction O2 + N2 --> O + O + N2 is active, nReactions this time step = 0
Time = 1.460810757e-05

    Collisions                      = 186635
    Collision candidates           = 357896
    Collision acceptance rate      = 0.5214783065

Dissociation reaction O2 + N2 --> O + O + N2 is active, nReactions this time step = 0
    Number of DSMC particles        = 1802524
    Number of stuck particles       = 0
    Number of free particles        = 1802524
    Average linear kinetic energy   = 1.587499893e-19
    Average rotational energy       = 1.066385769e-20
    Average vibrational energy      = 9.792710912e-24
    Average electronic energy       = 0
    Total energy                    = 0.00183234106

Stage 1.0  ExecutionTime = 110.78 s  ClockTime = 58 s  Iteration 220 (0.71 s)

Dissociation reaction O2 + N2 --> O + O + N2 is active, nReactions this time step = 0
Dissociation reaction O2 + N2 --> O + O + N2 is active, nReactions this time step = 0
Dissociation reaction O2 + N2 --> O + O + N2 is active, nReactions this time step = 1
Dissociation reaction O2 + N2 --> O + O + N2 is active, nReactions this time step = 0
Dissociation reaction O2 + N2 --> O + O + N2 is active, nReactions this time step = 0
Dissociation reaction O2 + N2 --> O + O + N2 is active, nReactions this time step = 0
Dissociation reaction O2 + N2 --> O + O + N2 is active, nReactions this time step = 0
Dissociation reaction O2 + N2 --> O + O + N2 is active, nReactions this time step = 0
Dissociation reaction O2 + N2 --> O + O + N2 is active, nReactions this time step = 0
Time = 1.527211246e-05

    Collisions                      = 192538
    Collision candidates           = 369705
    Collision acceptance rate      = 0.520788196


Phase C auto DLB triggered (SAR) at step 230: sar=0.0002828068712 loadImbalance=1.031277046 threshold=1.5
Phase C ParMETIS: alpha=0.8 ncon=2 ubvec=[1.049999952,1.5] moveRatio=0.5992855385 (moveT=26.68093622s, collT=17.84030533s)
Phase C ParMETIS: AdaptiveRepart (60000 cells, 2 constraints, ubvec=1.049999952)
Replicated mesh: rank 0 owns 14460 / 60000 cells
Local mesh: 14460 owned + 572 halo = 15032 / 60000 cells
Phase C ParMETIS AdaptiveRepart: 59269 / 60000 cells changed (0.9878166667)
Phase C auto DLB complete: rebalance #2

Dissociation reaction O2 + N2 --> O + O + N2 is active, nReactions this time step = 0
    Number of DSMC particles        = 1822894
    Number of stuck particles       = 0
    Number of free particles        = 1822894
    Average linear kinetic energy   = 1.579251854e-19
    Average rotational energy       = 1.106018622e-20
    Average vibrational energy      = 1.065703377e-23
    Average electronic energy       = 0
    Total energy                    = 0.00184837108

Stage 1.0  ExecutionTime = 118.35 s  ClockTime = 62 s  Iteration 230 (1.36 s)

Dissociation reaction O2 + N2 --> O + O + N2 is active, nReactions this time step = 0
Dissociation reaction O2 + N2 --> O + O + N2 is active, nReactions this time step = 0
Dissociation reaction O2 + N2 --> O + O + N2 is active, nReactions this time step = 0
Dissociation reaction O2 + N2 --> O + O + N2 is active, nReactions this time step = 0
Dissociation reaction O2 + N2 --> O + O + N2 is active, nReactions this time step = 0
Dissociation reaction O2 + N2 --> O + O + N2 is active, nReactions this time step = 0
Dissociation reaction O2 + N2 --> O + O + N2 is active, nReactions this time step = 0
Dissociation reaction O2 + N2 --> O + O + N2 is active, nReactions this time step = 0
Dissociation reaction O2 + N2 --> O + O + N2 is active, nReactions this time step = 0
Time = 1.593611735e-05

    Collisions                      = 184524
    Collision candidates           = 321002
    Collision acceptance rate      = 0.57483754

Dissociation reaction O2 + N2 --> O + O + N2 is active, nReactions this time step = 0
    Number of DSMC particles        = 1843019
    Number of stuck particles       = 0
    Number of free particles        = 1843019
    Average linear kinetic energy   = 1.572421688e-19
    Average rotational energy       = 1.128779404e-20
    Average vibrational energy      = 1.189986673e-23
    Average electronic energy       = 0
    Total energy                    = 0.001863755131

Stage 1.0  ExecutionTime = 123.94 s  ClockTime = 65 s  Iteration 240 (0.6 s)

Dissociation reaction O2 + N2 --> O + O + N2 is active, nReactions this time step = 0
Dissociation reaction O2 + N2 --> O + O + N2 is active, nReactions this time step = 0
Dissociation reaction O2 + N2 --> O + O + N2 is active, nReactions this time step = 0
Dissociation reaction O2 + N2 --> O + O + N2 is active, nReactions this time step = 0
Dissociation reaction O2 + N2 --> O + O + N2 is active, nReactions this time step = 0
Dissociation reaction O2 + N2 --> O + O + N2 is active, nReactions this time step = 0
Dissociation reaction O2 + N2 --> O + O + N2 is active, nReactions this time step = 0
Dissociation reaction O2 + N2 --> O + O + N2 is active, nReactions this time step = 0
Dissociation reaction O2 + N2 --> O + O + N2 is active, nReactions this time step = 0
Time = 1.660012224e-05

    Collisions                      = 191441
    Collision candidates           = 343140
    Collision acceptance rate      = 0.5579093082

Dissociation reaction O2 + N2 --> O + O + N2 is active, nReactions this time step = 0
    Number of DSMC particles        = 1862891
    Number of stuck particles       = 0
    Number of free particles        = 1862891
    Average linear kinetic energy   = 1.563883038e-19
    Average rotational energy       = 1.169034789e-20
    Average vibrational energy      = 1.307650623e-23
    Average electronic energy       = 0
    Total energy                    = 0.001878819406

Stage 1.0  ExecutionTime = 129.84 s  ClockTime = 68 s  Iteration 250 (0.65 s)

Dissociation reaction O2 + N2 --> O + O + N2 is active, nReactions this time step = 1
Dissociation reaction O2 + N2 --> O + O + N2 is active, nReactions this time step = 0
Dissociation reaction O2 + N2 --> O + O + N2 is active, nReactions this time step = 0
Dissociation reaction O2 + N2 --> O + O + N2 is active, nReactions this time step = 0
Dissociation reaction O2 + N2 --> O + O + N2 is active, nReactions this time step = 0
Dissociation reaction O2 + N2 --> O + O + N2 is active, nReactions this time step = 0
Dissociation reaction O2 + N2 --> O + O + N2 is active, nReactions this time step = 0
Dissociation reaction O2 + N2 --> O + O + N2 is active, nReactions this time step = 0
Dissociation reaction O2 + N2 --> O + O + N2 is active, nReactions this time step = 0
Time = 1.726412712e-05

    Collisions                      = 197149
    Collision candidates           = 359349
    Collision acceptance rate      = 0.5486282138

Dissociation reaction O2 + N2 --> O + O + N2 is active, nReactions this time step = 0
    Number of DSMC particles        = 1882902
    Number of stuck particles       = 0
    Number of free particles        = 1882902
    Average linear kinetic energy   = 1.556063303e-19
    Average rotational energy       = 1.205074506e-20
    Average vibrational energy      = 1.388025093e-23
    Average electronic energy       = 0
    Total energy                    = 0.001894247866

Stage 1.0  ExecutionTime = 135.95 s  ClockTime = 71 s  Iteration 260 (0.65 s)

Dissociation reaction O2 + N2 --> O + O + N2 is active, nReactions this time step = 0
Dissociation reaction O2 + N2 --> O + O + N2 is active, nReactions this time step = 0
Dissociation reaction O2 + N2 --> O + O + N2 is active, nReactions this time step = 0
Dissociation reaction O2 + N2 --> O + O + N2 is active, nReactions this time step = 0
Dissociation reaction O2 + N2 --> O + O + N2 is active, nReactions this time step = 0
Dissociation reaction O2 + N2 --> O + O + N2 is active, nReactions this time step = 0
Dissociation reaction O2 + N2 --> O + O + N2 is active, nReactions this time step = 0
Dissociation reaction O2 + N2 --> O + O + N2 is active, nReactions this time step = 0
Dissociation reaction O2 + N2 --> O + O + N2 is active, nReactions this time step = 0
Time = 1.792813201e-05

    Collisions                      = 203532
    Collision candidates           = 374822
    Collision acceptance rate      = 0.5430097486

Dissociation reaction O2 + N2 --> O + O + N2 is active, nReactions this time step = 0
    Number of DSMC particles        = 1902232
    Number of stuck particles       = 0
    Number of free particles        = 1902232
    Average linear kinetic energy   = 1.548260099e-19
    Average rotational energy       = 1.241226279e-20
    Average vibrational energy      = 1.51061632e-23
    Average electronic energy       = 0
    Total energy                    = 0.001908928376

Stage 1.0  ExecutionTime = 142.34 s  ClockTime = 74 s  Iteration 270 (0.71 s)

Dissociation reaction O2 + N2 --> O + O + N2 is active, nReactions this time step = 0
Dissociation reaction O2 + N2 --> O + O + N2 is active, nReactions this time step = 0
Dissociation reaction O2 + N2 --> O + O + N2 is active, nReactions this time step = 0
Dissociation reaction O2 + N2 --> O + O + N2 is active, nReactions this time step = 0
Dissociation reaction O2 + N2 --> O + O + N2 is active, nReactions this time step = 0
Dissociation reaction O2 + N2 --> O + O + N2 is active, nReactions this time step = 0
Dissociation reaction O2 + N2 --> O + O + N2 is active, nReactions this time step = 0
Dissociation reaction O2 + N2 --> O + O + N2 is active, nReactions this time step = 0
Dissociation reaction O2 + O2 --> O + O + O2 is active, nReactions this time step = 1
Dissociation reaction O2 + N2 --> O + O + N2 is active, nReactions this time step = 0
Dissociation reaction O2 + O2 --> O + O + O2 is active, nReactions this time step = 0
Time = 1.85921369e-05

    Collisions                      = 208423
    Collision candidates           = 388499
    Collision acceptance rate      = 0.5364827194

Dissociation reaction O2 + N2 --> O + O + N2 is active, nReactions this time step = 0
Dissociation reaction O2 + O2 --> O + O + O2 is active, nReactions this time step = 0
    Number of DSMC particles        = 1921643
    Number of stuck particles       = 0
    Number of free particles        = 1921643
    Average linear kinetic energy   = 1.540609142e-19
    Average rotational energy       = 1.276642972e-20
    Average vibrational energy      = 1.607998796e-23
    Average electronic energy       = 0
    Total energy                    = 0.001923680985

Stage 1.0  ExecutionTime = 149.05 s  ClockTime = 76 s  Iteration 280 (0.71 s)

Dissociation reaction O2 + N2 --> O + O + N2 is active, nReactions this time step = 0
Dissociation reaction O2 + O2 --> O + O + O2 is active, nReactions this time step = 0
Dissociation reaction O2 + N2 --> O + O + N2 is active, nReactions this time step = 0
Dissociation reaction O2 + O2 --> O + O + O2 is active, nReactions this time step = 0
Dissociation reaction O2 + N2 --> O + O + N2 is active, nReactions this time step = 0
Dissociation reaction O2 + O2 --> O + O + O2 is active, nReactions this time step = 0
Dissociation reaction O2 + N2 --> O + O + N2 is active, nReactions this time step = 0
Dissociation reaction O2 + O2 --> O + O + O2 is active, nReactions this time step = 0
Dissociation reaction O2 + N2 --> O + O + N2 is active, nReactions this time step = 0
Dissociation reaction O2 + O2 --> O + O + O2 is active, nReactions this time step = 0
Dissociation reaction O2 + N2 --> O + O + N2 is active, nReactions this time step = 0
Dissociation reaction O2 + O2 --> O + O + O2 is active, nReactions this time step = 0
Dissociation reaction O2 + N2 --> O + O + N2 is active, nReactions this time step = 0
Dissociation reaction O2 + O2 --> O + O + O2 is active, nReactions this time step = 0
Dissociation reaction O2 + N2 --> O + O + N2 is active, nReactions this time step = 0
Dissociation reaction O2 + O2 --> O + O + O2 is active, nReactions this time step = 0
Dissociation reaction O2 + N2 --> O + O + N2 is active, nReactions this time step = 0
Dissociation reaction O2 + O2 --> O + O + O2 is active, nReactions this time step = 0
Time = 1.925614179e-05

    Collisions                      = 213968
    Collision candidates           = 401111
    Collision acceptance rate      = 0.5334383749

Dissociation reaction O2 + N2 --> O + O + N2 is active, nReactions this time step = 0
Dissociation reaction O2 + O2 --> O + O + O2 is active, nReactions this time step = 0
    Number of DSMC particles        = 1940964
    Number of stuck particles       = 0
    Number of free particles        = 1940964
    Average linear kinetic energy   = 1.533428971e-19
    Average rotational energy       = 1.309790686e-20
    Average vibrational energy      = 1.648121222e-23
    Average electronic energy       = 0
    Total energy                    = 0.001938525588

Stage 1.0  ExecutionTime = 155.78 s  ClockTime = 80 s  Iteration 290 (0.75 s)

Dissociation reaction O2 + N2 --> O + O + N2 is active, nReactions this time step = 0
Dissociation reaction O2 + O2 --> O + O + O2 is active, nReactions this time step = 0
Dissociation reaction O2 + N2 --> O + O + N2 is active, nReactions this time step = 0
Dissociation reaction O2 + O2 --> O + O + O2 is active, nReactions this time step = 0
Dissociation reaction O2 + N2 --> O + O + N2 is active, nReactions this time step = 0
Dissociation reaction O2 + O2 --> O + O + O2 is active, nReactions this time step = 0
Dissociation reaction O2 + N2 --> O + O + N2 is active, nReactions this time step = 0
Dissociation reaction O2 + O2 --> O + O + O2 is active, nReactions this time step = 0
Dissociation reaction O2 + N2 --> O + O + N2 is active, nReactions this time step = 0
Dissociation reaction O2 + O2 --> O + O + O2 is active, nReactions this time step = 0
Dissociation reaction O2 + N2 --> O + O + N2 is active, nReactions this time step = 0
Dissociation reaction O2 + O2 --> O + O + O2 is active, nReactions this time step = 0
Dissociation reaction O2 + N2 --> O + O + N2 is active, nReactions this time step = 0
Dissociation reaction O2 + O2 --> O + O + O2 is active, nReactions this time step = 0
Dissociation reaction O2 + N2 --> O + O + N2 is active, nReactions this time step = 0
Dissociation reaction O2 + O2 --> O + O + O2 is active, nReactions this time step = 0
Dissociation reaction O2 + N2 --> O + O + N2 is active, nReactions this time step = 0
Dissociation reaction O2 + O2 --> O + O + O2 is active, nReactions this time step = 0
Time = 1.992014668e-05

    Collisions                      = 219624
    Collision candidates           = 412494
    Collision acceptance rate      = 0.5324295626

Dissociation reaction O2 + N2 --> O + O + N2 is active, nReactions this time step = 0
Dissociation reaction O2 + O2 --> O + O + O2 is active, nReactions this time step = 0
    Number of DSMC particles        = 1959669
    Number of stuck particles       = 0
    Number of free particles        = 1959669
    Average linear kinetic energy   = 1.526351254e-19
    Average rotational energy       = 1.342270739e-20
    Average vibrational energy      = 1.785522136e-23
    Average electronic energy       = 0
    Total energy                    = 0.001952720265

Stage 1.0  ExecutionTime = 162.55 s  ClockTime = 83 s  Iteration 300 (0.76 s)

End stage 1


DSMC solver profile summary
    solver profile steps          = 300
    move+collide wall [s]         = 70.63147743
    move only [s]                 = 40.08826542
    buildCellOccupancy [s]        = 7.162368006
    collision phase [s]           = 26.48233093
    post fields/output [s]        = 11.67984341
    total profiled [s]            = 85.41280776
    full evolve wall [s]          = 81.26013632
    move+collide cpu [s]          = 135.87
    move only cpu [s]             = 77.18
    buildCellOccupancy cpu [s]    = 13
    collision phase cpu [s]       = 51.39
    post fields/output cpu [s]    = 22.56
    total profiled cpu [s]        = 164.13
    full evolve cpu [s]           = 156.32
    OpenMP enabled                = 1
    OpenMP max threads            = 2
    OpenMP move                   = 1 (static, chunk 64)
    OpenMP collision              = dynamic, chunk 8


Replicated mesh profiling summary:
    migration calls             = 33
    migration wall time [s]     = 2.278614359
    local particles (final)     = 533761
    particles per rank          = min 412044 max 582658 max/min 1.41406743
    rank wall time (evolve, 300 steps): min 132.23 max 134.45 max/min 1.016788928
    Phase C auto DLB checks      = 300
    Phase C auto DLB rebalances = 2
    Phase C auto DLB triggered checks = 2
    Phase C auto DLB wall max [s]= 0.742497714
    Phase C auto DLB check max [s]= 0.086184025
    Phase C ParMETIS max [s]     = 0.193478325
    Phase C migration max [s]    = 0.496432288
    Phase C cellOwner write max [s] = 0
    Phase C post-diagnostic max [s] = 0.000187749
    Phase C auto DLB accounted max [s] = 0.776282387
    Phase C auto DLB residual max [s] = -0.033784673

Total Iterations = 300
End main

real 83.55
user 618.74
sys 32.82
